[worker] START  hpo_pubmed_pair_0.5  gpu=1
======================================================================
GCN + LN-PCC -- NoisyGL Benchmark (Unified)
Start          : 2026-04-20 16:54:24
Variants       : ['lnpcc']
Datasets       : ['pubmed']
Noise          : [[0.5, 'pair']]
Runs           : 10  (seeds 3000..3009)
Device         : cuda:1
======================================================================

[HPO] Optimizing lnpcc on pubmed_pair_0.5 (max_trials=200, max_k_same=60)

[Optuna] Scenario: pubmed_pair_0.5  (max_trials=200, startup=20)
  [Trial   1] pubmed_pair_0.5 | acc=0.3940  (57.6s)  knn=d  k= 14  dexp=7.40  p_grd=0.421  unc_rem=0.161  unc_rel=0.537  drop=0.52  h=128  L=3  lr=0.1  wd=0.05
  [Trial   2] pubmed_pair_0.5 | acc=0.4260  (54.4s)  knn=d  k= 17  dexp=0.88  p_grd=0.193  unc_rem=0.850  unc_rel=0.092  drop=0.89  h=128  L=3  lr=1e-05  wd=0.1
  [Trial   3] pubmed_pair_0.5 | acc=0.1820  (62.0s)  knn=s  k= 60  dexp=4.63  p_grd=0.375  unc_rem=0.959  unc_rel=0.839  drop=0.11  h=16  L=4  lr=1e-05  wd=0.1
  [Trial   4] pubmed_pair_0.5 | acc=0.3570  (55.1s)  knn=s  k= 20  dexp=3.86  p_grd=0.215  unc_rem=0.881  unc_rel=0.612  drop=0.58  h=32  L=3  lr=0.005  wd=0.001
  [Trial   5] pubmed_pair_0.5 | acc=0.4440  (40.5s)  knn=u  k=-    dexp=8.18  p_grd=0.344  unc_rem=0.346  unc_rel=0.828  drop=0.50  h=64  L=4  lr=0.001  wd=0.001
  [Trial   6] pubmed_pair_0.5 | acc=0.5450  (53.0s)  knn=s  k= 60  dexp=9.63  p_grd=0.431  unc_rem=0.779  unc_rel=0.683  drop=0.44  h=32  L=1  lr=0.1  wd=0.01
  [Trial   7] pubmed_pair_0.5 | acc=0.4140  (52.8s)  knn=d  k= 22  dexp=8.98  p_grd=0.186  unc_rem=0.562  unc_rel=0.930  drop=0.36  h=32  L=3  lr=0.0001  wd=0.005
  [Trial   8] pubmed_pair_0.5 | acc=0.4240  (55.1s)  knn=d  k= 15  dexp=2.27  p_grd=0.167  unc_rem=0.876  unc_rel=0.021  drop=0.20  h=128  L=3  lr=0.1  wd=0.005
  [Trial   9] pubmed_pair_0.5 | acc=0.4670  (50.4s)  knn=p  k= 21  dexp=7.05  p_grd=0.405  unc_rem=0.819  unc_rel=0.209  drop=0.56  h=32  L=2  lr=0.01  wd=1e-05
  [Trial  10] pubmed_pair_0.5 | acc=0.3690  (56.1s)  knn=d  k= 23  dexp=5.37  p_grd=0.494  unc_rem=0.196  unc_rel=0.286  drop=0.68  h=64  L=3  lr=0.05  wd=0.005
  [Trial  11] pubmed_pair_0.5 | acc=0.2500  (52.5s)  knn=s  k= 10  dexp=6.60  p_grd=0.444  unc_rem=0.958  unc_rel=0.876  drop=0.66  h=16  L=4  lr=0.05  wd=1e-05
  [Trial  12] pubmed_pair_0.5 | acc=0.2750  (38.0s)  knn=u  k=-    dexp=8.76  p_grd=0.091  unc_rem=0.305  unc_rel=0.438  drop=0.14  h=64  L=3  lr=0.001  wd=0.0001
  [Trial  13] pubmed_pair_0.5 | acc=0.3990  (53.0s)  knn=p  k=  9  dexp=7.90  p_grd=0.228  unc_rem=0.196  unc_rel=0.065  drop=0.88  h=16  L=4  lr=0.1  wd=0.005
  [Trial  14] pubmed_pair_0.5 | acc=0.5160  (56.6s)  knn=s  k= 20  dexp=4.82  p_grd=0.311  unc_rem=0.084  unc_rel=0.251  drop=0.17  h=32  L=2  lr=0.0005  wd=0.005
  [Trial  15] pubmed_pair_0.5 | acc=0.3820  (51.5s)  knn=d  k=  5  dexp=1.73  p_grd=0.294  unc_rem=0.145  unc_rel=0.870  drop=0.67  h=32  L=1  lr=0.0001  wd=0.001
  [Trial  16] pubmed_pair_0.5 | acc=0.4120  (54.0s)  knn=p  k= 15  dexp=1.15  p_grd=0.289  unc_rem=0.335  unc_rel=0.495  drop=0.39  h=64  L=4  lr=1e-05  wd=0.0005
  [Trial  17] pubmed_pair_0.5 | acc=0.4880  (62.2s)  knn=p  k= 10  dexp=8.27  p_grd=0.189  unc_rem=0.042  unc_rel=0.304  drop=0.53  h=32  L=4  lr=0.005  wd=0.005
  [Trial  18] pubmed_pair_0.5 | acc=0.4010  (53.0s)  knn=d  k=  3  dexp=2.21  p_grd=0.206  unc_rem=0.616  unc_rel=0.167  drop=0.40  h=64  L=3  lr=0.005  wd=0.01
  [Trial  19] pubmed_pair_0.5 | acc=0.5070  (51.7s)  knn=p  k= 13  dexp=3.83  p_grd=0.476  unc_rem=0.774  unc_rel=0.043  drop=0.57  h=128  L=1  lr=0.001  wd=5e-05
  [Trial  20] pubmed_pair_0.5 | acc=0.5210  (39.2s)  knn=u  k=-    dexp=6.93  p_grd=0.170  unc_rem=0.841  unc_rel=0.089  drop=0.61  h=16  L=2  lr=0.01  wd=5e-05
  [Trial  21] pubmed_pair_0.5 | acc=0.4210  (44.3s)  knn=u  k=-    dexp=6.27  p_grd=0.160  unc_rem=0.801  unc_rel=0.098  drop=0.63  h=64  L=2  lr=0.01  wd=5e-05
  [Trial  22] pubmed_pair_0.5 | acc=0.5590  (57.5s)  knn=s  k= 45  dexp=3.62  p_grd=0.282  unc_rem=0.333  unc_rel=0.314  drop=0.12  h=32  L=2  lr=0.0005  wd=0.005
  [Trial  23] pubmed_pair_0.5 | acc=0.4530  (56.3s)  knn=s  k= 45  dexp=9.60  p_grd=0.451  unc_rem=0.759  unc_rel=0.553  drop=0.34  h=32  L=1  lr=0.0001  wd=0.005
  [Trial  24] pubmed_pair_0.5 | acc=0.2820  (57.5s)  knn=s  k= 40  dexp=5.51  p_grd=0.204  unc_rem=0.817  unc_rel=0.213  drop=0.71  h=16  L=4  lr=0.01  wd=0.0001
  [Trial  25] pubmed_pair_0.5 | acc=0.5350  (50.9s)  knn=s  k= 55  dexp=8.44  p_grd=0.437  unc_rem=0.806  unc_rel=0.827  drop=0.51  h=128  L=1  lr=0.05  wd=0.01
  [Trial  26] pubmed_pair_0.5 | acc=0.4260  (58.5s)  knn=s  k= 55  dexp=9.36  p_grd=0.413  unc_rem=0.683  unc_rel=0.791  drop=0.43  h=128  L=1  lr=0.05  wd=5e-05
  [Trial  27] pubmed_pair_0.5 | acc=0.5450  (54.0s)  knn=d  k= 24  dexp=5.33  p_grd=0.391  unc_rem=0.888  unc_rel=0.810  drop=0.48  h=64  L=1  lr=0.1  wd=0.01
  [Trial  28] pubmed_pair_0.5 | acc=0.3500  (53.8s)  knn=d  k= 24  dexp=4.29  p_grd=0.251  unc_rem=0.836  unc_rel=0.830  drop=0.40  h=64  L=4  lr=0.1  wd=0.01
  [Trial  29] pubmed_pair_0.5 | acc=0.4650  (53.7s)  knn=d  k= 24  dexp=7.22  p_grd=0.354  unc_rem=0.944  unc_rel=0.823  drop=0.48  h=16  L=1  lr=0.1  wd=5e-05
  [Trial  30] pubmed_pair_0.5 | acc=0.4650  (57.8s)  knn=p  k= 24  dexp=9.27  p_grd=0.485  unc_rem=0.483  unc_rel=0.602  drop=0.30  h=32  L=3  lr=0.1  wd=0.01
  [Trial  31] pubmed_pair_0.5 | acc=0.2770  (51.6s)  knn=s  k= 45  dexp=2.31  p_grd=0.240  unc_rem=0.460  unc_rel=0.463  drop=0.13  h=32  L=3  lr=0.0005  wd=0.0005
  [Trial  32] pubmed_pair_0.5 | acc=0.5130  (53.7s)  knn=d  k= 24  dexp=7.62  p_grd=0.442  unc_rem=0.644  unc_rel=0.784  drop=0.48  h=64  L=1  lr=0.01  wd=0.01
  [Trial  33] pubmed_pair_0.5 | acc=0.4470  (55.8s)  knn=s  k= 25  dexp=7.48  p_grd=0.429  unc_rem=0.887  unc_rel=0.920  drop=0.41  h=128  L=2  lr=0.05  wd=0.01
  [Trial  34] pubmed_pair_0.5 | acc=0.3380  (43.6s)  knn=u  k=-    dexp=7.45  p_grd=0.281  unc_rem=0.723  unc_rel=0.522  drop=0.38  h=32  L=1  lr=0.1  wd=0.01
  [Trial  35] pubmed_pair_0.5 | acc=0.3280  (61.2s)  knn=s  k= 25  dexp=8.10  p_grd=0.439  unc_rem=0.795  unc_rel=0.647  drop=0.35  h=16  L=4  lr=0.1  wd=0.0001
  [Trial  36] pubmed_pair_0.5 | acc=0.4200  (56.4s)  knn=p  k= 25  dexp=9.95  p_grd=0.369  unc_rem=0.914  unc_rel=0.720  drop=0.53  h=128  L=3  lr=1e-05  wd=0.01
  [Trial  37] pubmed_pair_0.5 | acc=0.4580  (41.0s)  knn=u  k=-    dexp=4.24  p_grd=0.380  unc_rem=0.903  unc_rel=0.767  drop=0.48  h=64  L=1  lr=0.1  wd=1e-05
  [Trial  38] pubmed_pair_0.5 | acc=0.4290  (57.9s)  knn=s  k= 25  dexp=7.65  p_grd=0.409  unc_rem=0.627  unc_rel=0.801  drop=0.69  h=32  L=3  lr=0.0005  wd=0.01
  [Trial  39] pubmed_pair_0.5 | acc=0.5350  (41.4s)  knn=u  k=-    dexp=9.77  p_grd=0.437  unc_rem=0.882  unc_rel=0.825  drop=0.84  h=64  L=1  lr=0.05  wd=0.01
  [Trial  40] pubmed_pair_0.5 | acc=0.3770  (58.8s)  knn=s  k= 25  dexp=8.20  p_grd=0.406  unc_rem=0.851  unc_rel=0.966  drop=0.74  h=128  L=1  lr=0.0005  wd=0.1
  [Trial  41] pubmed_pair_0.5 | acc=0.4600  (60.3s)  knn=s  k= 25  dexp=3.31  p_grd=0.446  unc_rem=0.447  unc_rel=0.198  drop=0.13  h=32  L=2  lr=0.0001  wd=5e-05
  [Trial  42] pubmed_pair_0.5 | acc=0.4350  (45.5s)  knn=u  k=-    dexp=9.90  p_grd=0.459  unc_rem=0.908  unc_rel=0.806  drop=0.89  h=64  L=1  lr=0.0005  wd=0.05
  [Trial  43] pubmed_pair_0.5 | acc=0.5350  (61.8s)  knn=d  k= 25  dexp=9.87  p_grd=0.470  unc_rem=0.975  unc_rel=0.690  drop=0.86  h=128  L=1  lr=0.05  wd=0.01
  [Trial  44] pubmed_pair_0.5 | acc=0.4830  (61.7s)  knn=s  k= 25  dexp=9.37  p_grd=0.368  unc_rem=0.942  unc_rel=0.824  drop=0.72  h=64  L=3  lr=0.05  wd=0.01
  [Trial  45] pubmed_pair_0.5 | acc=0.4390  (62.1s)  knn=p  k= 25  dexp=7.81  p_grd=0.403  unc_rem=0.738  unc_rel=0.743  drop=0.86  h=64  L=1  lr=0.001  wd=0.01
  [Trial  46] pubmed_pair_0.5 | acc=0.5350  (39.7s)  knn=u  k=-    dexp=8.62  p_grd=0.487  unc_rem=0.969  unc_rel=0.792  drop=0.77  h=64  L=1  lr=0.05  wd=0.01
  [Trial  47] pubmed_pair_0.5 | acc=0.4340  (51.7s)  knn=d  k= 25  dexp=3.25  p_grd=0.449  unc_rem=0.769  unc_rel=0.691  drop=0.26  h=128  L=1  lr=0.0001  wd=0.01
  [Trial  48] pubmed_pair_0.5 | acc=0.4240  (54.2s)  knn=s  k= 25  dexp=1.58  p_grd=0.315  unc_rem=0.518  unc_rel=0.337  drop=0.20  h=16  L=2  lr=1e-05  wd=0.005
  [Trial  49] pubmed_pair_0.5 | acc=0.4540  (54.3s)  knn=s  k= 25  dexp=4.09  p_grd=0.357  unc_rem=0.953  unc_rel=0.809  drop=0.47  h=64  L=1  lr=0.0005  wd=0.01
  [Trial  50] pubmed_pair_0.5 | acc=0.5680  (42.2s)  knn=u  k=-    dexp=2.86  p_grd=0.184  unc_rem=0.312  unc_rel=0.523  drop=0.19  h=32  L=2  lr=0.0005  wd=1e-05
  [Trial  51] pubmed_pair_0.5 | acc=0.4530  (50.8s)  knn=d  k= 25  dexp=3.02  p_grd=0.175  unc_rem=0.301  unc_rel=0.454  drop=0.28  h=32  L=2  lr=0.01  wd=1e-05
  [Trial  52] pubmed_pair_0.5 | acc=0.5450  (54.0s)  knn=s  k= 25  dexp=9.92  p_grd=0.323  unc_rem=0.888  unc_rel=0.696  drop=0.79  h=32  L=1  lr=0.1  wd=0.01
  [Trial  53] pubmed_pair_0.5 | acc=0.2710  (39.1s)  knn=u  k=-    dexp=2.06  p_grd=0.273  unc_rem=0.170  unc_rel=0.835  drop=0.15  h=32  L=2  lr=0.0005  wd=0.05
  [Trial  54] pubmed_pair_0.5 | acc=0.4450  (54.2s)  knn=s  k= 25  dexp=7.60  p_grd=0.397  unc_rem=0.735  unc_rel=0.824  drop=0.82  h=32  L=1  lr=0.1  wd=0.0005
  [Trial  55] pubmed_pair_0.5 | acc=0.4890  (57.6s)  knn=s  k= 25  dexp=8.38  p_grd=0.337  unc_rem=0.966  unc_rel=0.576  drop=0.76  h=32  L=2  lr=0.1  wd=0.01
  [Trial  56] pubmed_pair_0.5 | acc=0.4800  (36.8s)  knn=u  k=-    dexp=0.92  p_grd=0.122  unc_rem=0.400  unc_rel=0.712  drop=0.26  h=32  L=2  lr=0.0001  wd=1e-05
  [Trial  57] pubmed_pair_0.5 | acc=0.4570  (58.3s)  knn=s  k= 25  dexp=8.96  p_grd=0.368  unc_rem=0.702  unc_rel=0.756  drop=0.35  h=64  L=1  lr=0.1  wd=0.1
  [Trial  58] pubmed_pair_0.5 | acc=0.4320  (39.6s)  knn=u  k=-    dexp=0.26  p_grd=0.159  unc_rem=0.280  unc_rel=0.303  drop=0.46  h=32  L=2  lr=0.0005  wd=5e-05
  [Trial  59] pubmed_pair_0.5 | acc=0.5450  (61.8s)  knn=d  k= 25  dexp=3.60  p_grd=0.418  unc_rem=0.657  unc_rel=0.745  drop=0.43  h=16  L=1  lr=0.1  wd=0.01
  [Trial  60] pubmed_pair_0.5 | acc=0.3840  (54.8s)  knn=s  k= 60  dexp=9.97  p_grd=0.185  unc_rem=0.744  unc_rel=0.879  drop=0.65  h=32  L=1  lr=0.1  wd=0.01
  [Trial  61] pubmed_pair_0.5 | acc=0.4510  (42.8s)  knn=u  k=-    dexp=2.49  p_grd=0.115  unc_rem=0.217  unc_rel=0.378  drop=0.10  h=32  L=2  lr=0.0005  wd=1e-05
  [Trial  62] pubmed_pair_0.5 | acc=0.5450  (52.1s)  knn=s  k= 25  dexp=8.01  p_grd=0.454  unc_rem=0.746  unc_rel=0.972  drop=0.40  h=32  L=1  lr=0.1  wd=0.01
  [Trial  63] pubmed_pair_0.5 | acc=0.4350  (54.3s)  knn=d  k= 21  dexp=3.99  p_grd=0.478  unc_rem=0.683  unc_rel=0.732  drop=0.44  h=16  L=2  lr=1e-05  wd=0.01
  [Trial  64] pubmed_pair_0.5 | acc=0.4110  (123.1s)  knn=d  k= 19  dexp=2.28  p_grd=0.444  unc_rem=0.656  unc_rel=0.576  drop=0.50  h=16  L=1  lr=0.1  wd=0.005
  [Trial  65] pubmed_pair_0.5 | acc=0.4890  (71.2s)  knn=u  k=-    dexp=6.60  p_grd=0.410  unc_rem=0.426  unc_rel=0.963  drop=0.45  h=32  L=1  lr=0.1  wd=0.001
  [Trial  66] pubmed_pair_0.5 | acc=0.4340  (60.0s)  knn=s  k= 40  dexp=8.41  p_grd=0.453  unc_rem=0.691  unc_rel=0.943  drop=0.39  h=32  L=1  lr=0.0001  wd=0.01
  [Trial  67] pubmed_pair_0.5 | acc=0.5450  (60.0s)  knn=d  k= 19  dexp=5.69  p_grd=0.355  unc_rem=0.965  unc_rel=0.707  drop=0.54  h=64  L=1  lr=0.1  wd=0.01
  [Trial  68] pubmed_pair_0.5 | acc=0.5210  (75.0s)  knn=s  k= 60  dexp=2.13  p_grd=0.229  unc_rem=0.451  unc_rel=0.309  drop=0.13  h=128  L=2  lr=0.0005  wd=0.005
  [Trial  69] pubmed_pair_0.5 | acc=0.2070  (65.4s)  knn=p  k= 20  dexp=1.14  p_grd=0.365  unc_rem=0.286  unc_rel=0.247  drop=0.23  h=32  L=1  lr=0.0005  wd=0.005
  [Trial  70] pubmed_pair_0.5 | acc=0.5000  (44.9s)  knn=u  k=-    dexp=4.68  p_grd=0.235  unc_rem=0.399  unc_rel=0.834  drop=0.18  h=32  L=3  lr=0.001  wd=1e-05
  [Trial  71] pubmed_pair_0.5 | acc=0.5450  (55.9s)  knn=s  k= 50  dexp=9.69  p_grd=0.398  unc_rem=0.985  unc_rel=0.718  drop=0.41  h=32  L=1  lr=0.1  wd=0.01
  [Trial  72] pubmed_pair_0.5 | acc=0.5130  (57.6s)  knn=d  k= 17  dexp=4.85  p_grd=0.439  unc_rem=0.930  unc_rel=0.840  drop=0.70  h=64  L=1  lr=0.005  wd=0.0001
  [Trial  73] pubmed_pair_0.5 | acc=0.5450  (53.2s)  knn=d  k= 20  dexp=4.61  p_grd=0.350  unc_rem=0.824  unc_rel=0.780  drop=0.40  h=64  L=1  lr=0.1  wd=0.01
  [Trial  74] pubmed_pair_0.5 | acc=0.5070  (52.7s)  knn=d  k= 19  dexp=1.71  p_grd=0.328  unc_rem=0.486  unc_rel=0.769  drop=0.53  h=16  L=1  lr=0.005  wd=0.01
  [Trial  75] pubmed_pair_0.5 | acc=0.5200  (57.9s)  knn=p  k= 19  dexp=4.02  p_grd=0.352  unc_rem=0.560  unc_rel=0.252  drop=0.29  h=32  L=2  lr=0.0005  wd=0.0005
  [Trial  76] pubmed_pair_0.5 | acc=0.5450  (55.4s)  knn=p  k= 20  dexp=4.83  p_grd=0.465  unc_rem=0.587  unc_rel=0.768  drop=0.55  h=16  L=1  lr=0.1  wd=0.01
  [Trial  77] pubmed_pair_0.5 | acc=0.4390  (52.0s)  knn=s  k= 20  dexp=8.76  p_grd=0.313  unc_rem=0.912  unc_rel=0.420  drop=0.81  h=32  L=1  lr=0.005  wd=0.001
  [Trial  78] pubmed_pair_0.5 | acc=0.4460  (62.8s)  knn=d  k= 15  dexp=1.80  p_grd=0.162  unc_rem=0.200  unc_rel=0.702  drop=0.14  h=32  L=1  lr=0.0005  wd=1e-05
  [Trial  79] pubmed_pair_0.5 | acc=0.4360  (52.9s)  knn=d  k= 21  dexp=4.16  p_grd=0.453  unc_rem=0.475  unc_rel=0.494  drop=0.30  h=16  L=1  lr=0.0005  wd=0.01
  [Trial  80] pubmed_pair_0.5 | acc=0.4220  (56.0s)  knn=s  k= 25  dexp=9.68  p_grd=0.255  unc_rem=0.650  unc_rel=0.581  drop=0.83  h=64  L=1  lr=0.1  wd=1e-05
  [Trial  81] pubmed_pair_0.5 | acc=0.3100  (53.2s)  knn=d  k= 25  dexp=5.72  p_grd=0.494  unc_rem=0.768  unc_rel=0.730  drop=0.54  h=64  L=4  lr=0.1  wd=0.001
  [Trial  82] pubmed_pair_0.5 | acc=0.4780  (55.2s)  knn=s  k= 25  dexp=9.71  p_grd=0.313  unc_rem=0.722  unc_rel=0.510  drop=0.37  h=32  L=1  lr=0.1  wd=0.05
  [Trial  83] pubmed_pair_0.5 | acc=0.4680  (50.4s)  knn=s  k= 25  dexp=7.62  p_grd=0.479  unc_rem=0.491  unc_rel=0.989  drop=0.62  h=32  L=2  lr=0.1  wd=0.01
  [Trial  84] pubmed_pair_0.5 | acc=0.4390  (50.6s)  knn=s  k= 25  dexp=9.50  p_grd=0.390  unc_rem=0.894  unc_rel=0.490  drop=0.42  h=16  L=1  lr=0.001  wd=0.01
  [Trial  85] pubmed_pair_0.5 | acc=0.3810  (56.6s)  knn=s  k= 25  dexp=3.59  p_grd=0.333  unc_rem=0.507  unc_rel=0.672  drop=0.15  h=32  L=2  lr=0.0005  wd=0.005
  [Trial  86] pubmed_pair_0.5 | acc=0.5030  (54.7s)  knn=s  k= 25  dexp=9.05  p_grd=0.422  unc_rem=0.732  unc_rel=0.835  drop=0.29  h=32  L=2  lr=0.1  wd=0.001
  [Trial  87] pubmed_pair_0.5 | acc=0.5450  (52.4s)  knn=s  k= 25  dexp=9.79  p_grd=0.485  unc_rem=0.758  unc_rel=0.611  drop=0.36  h=32  L=1  lr=0.1  wd=0.01
  [Trial  88] pubmed_pair_0.5 | acc=0.5450  (70.3s)  knn=p  k= 25  dexp=9.02  p_grd=0.353  unc_rem=0.983  unc_rel=0.765  drop=0.50  h=32  L=1  lr=0.1  wd=0.01
  [Trial  89] pubmed_pair_0.5 | acc=0.3240  (51.7s)  knn=d  k=  2  dexp=8.05  p_grd=0.367  unc_rem=0.928  unc_rel=0.682  drop=0.49  h=64  L=1  lr=1e-05  wd=0.05
  [Trial  90] pubmed_pair_0.5 | acc=0.4040  (52.3s)  knn=s  k= 25  dexp=9.68  p_grd=0.392  unc_rem=0.907  unc_rel=0.917  drop=0.40  h=32  L=3  lr=0.1  wd=0.01
  [Trial  91] pubmed_pair_0.5 | acc=0.4900  (52.5s)  knn=d  k= 25  dexp=4.41  p_grd=0.393  unc_rem=0.360  unc_rel=0.354  drop=0.27  h=32  L=2  lr=0.005  wd=0.005
  [Trial  92] pubmed_pair_0.5 | acc=0.4450  (51.0s)  knn=d  k= 25  dexp=3.09  p_grd=0.272  unc_rem=0.852  unc_rel=0.680  drop=0.55  h=64  L=1  lr=0.1  wd=0.0005
  [Trial  93] pubmed_pair_0.5 | acc=0.5450  (50.1s)  knn=d  k= 25  dexp=3.94  p_grd=0.471  unc_rem=0.905  unc_rel=0.694  drop=0.23  h=64  L=1  lr=0.1  wd=0.01
  [Trial  94] pubmed_pair_0.5 | acc=0.5450  (38.4s)  knn=u  k=-    dexp=9.19  p_grd=0.421  unc_rem=0.761  unc_rel=0.666  drop=0.89  h=32  L=1  lr=0.1  wd=0.01
  [Trial  95] pubmed_pair_0.5 | acc=0.4980  (53.0s)  knn=s  k= 25  dexp=9.77  p_grd=0.371  unc_rem=0.992  unc_rel=0.767  drop=0.33  h=32  L=1  lr=0.0005  wd=5e-05
  [Trial  96] pubmed_pair_0.5 | acc=0.3210  (53.7s)  knn=d  k= 25  dexp=3.73  p_grd=0.405  unc_rem=0.598  unc_rel=0.792  drop=0.44  h=32  L=1  lr=1e-05  wd=0.1
  [Trial  97] pubmed_pair_0.5 | acc=0.4700  (48.4s)  knn=d  k= 25  dexp=5.43  p_grd=0.288  unc_rem=0.903  unc_rel=0.565  drop=0.40  h=16  L=3  lr=0.1  wd=0.01
  [Trial  98] pubmed_pair_0.5 | acc=0.5130  (61.0s)  knn=d  k= 25  dexp=9.68  p_grd=0.368  unc_rem=0.737  unc_rel=0.799  drop=0.49  h=32  L=1  lr=0.005  wd=0.0001
  [Trial  99] pubmed_pair_0.5 | acc=0.3380  (56.8s)  knn=s  k= 50  dexp=2.20  p_grd=0.392  unc_rem=0.143  unc_rel=0.382  drop=0.15  h=32  L=3  lr=0.05  wd=0.005
  [Trial 100] pubmed_pair_0.5 | acc=0.5350  (48.7s)  knn=d  k=  8  dexp=6.75  p_grd=0.231  unc_rem=0.919  unc_rel=0.375  drop=0.55  h=64  L=1  lr=0.05  wd=0.01
  [Trial 101] pubmed_pair_0.5 | acc=0.5450  (50.5s)  knn=d  k= 18  dexp=5.58  p_grd=0.344  unc_rem=0.915  unc_rel=0.806  drop=0.68  h=64  L=1  lr=0.1  wd=0.01
  [Trial 102] pubmed_pair_0.5 | acc=0.3760  (68.7s)  knn=p  k= 19  dexp=4.78  p_grd=0.462  unc_rem=0.778  unc_rel=0.746  drop=0.67  h=16  L=4  lr=0.1  wd=0.01
  [Trial 103] pubmed_pair_0.5 | acc=0.5450  (73.0s)  knn=p  k= 20  dexp=3.01  p_grd=0.377  unc_rem=0.492  unc_rel=0.933  drop=0.51  h=128  L=1  lr=0.1  wd=0.01
  [Trial 104] pubmed_pair_0.5 | acc=0.5350  (63.0s)  knn=p  k= 20  dexp=6.37  p_grd=0.364  unc_rem=0.474  unc_rel=0.856  drop=0.67  h=16  L=1  lr=0.05  wd=0.01
  [Trial 105] pubmed_pair_0.5 | acc=0.5450  (64.4s)  knn=s  k= 20  dexp=8.46  p_grd=0.361  unc_rem=0.838  unc_rel=0.550  drop=0.84  h=16  L=1  lr=0.1  wd=0.01
  [Trial 106] pubmed_pair_0.5 | acc=0.4650  (64.6s)  knn=p  k= 16  dexp=3.29  p_grd=0.418  unc_rem=0.415  unc_rel=0.763  drop=0.65  h=16  L=1  lr=0.1  wd=5e-05
  [Trial 107] pubmed_pair_0.5 | acc=0.2450  (46.8s)  knn=u  k=-    dexp=1.96  p_grd=0.137  unc_rem=0.500  unc_rel=0.640  drop=0.33  h=16  L=4  lr=0.0005  wd=1e-05
  [Trial 108] pubmed_pair_0.5 | acc=0.4420  (64.2s)  knn=p  k= 25  dexp=5.74  p_grd=0.453  unc_rem=0.589  unc_rel=0.671  drop=0.34  h=16  L=1  lr=0.0001  wd=1e-05
  [Trial 109] pubmed_pair_0.5 | acc=0.3310  (54.6s)  knn=p  k= 25  dexp=6.89  p_grd=0.497  unc_rem=0.819  unc_rel=0.971  drop=0.66  h=16  L=1  lr=1e-05  wd=0.0005
  [Trial 110] pubmed_pair_0.5 | acc=0.5450  (51.3s)  knn=p  k= 20  dexp=4.48  p_grd=0.480  unc_rem=0.437  unc_rel=0.455  drop=0.56  h=16  L=1  lr=0.1  wd=0.01
  [Trial 111] pubmed_pair_0.5 | acc=0.5450  (49.1s)  knn=p  k= 25  dexp=4.77  p_grd=0.457  unc_rem=0.833  unc_rel=0.908  drop=0.28  h=16  L=1  lr=0.1  wd=0.01
  [Trial 112] pubmed_pair_0.5 | acc=0.5450  (51.3s)  knn=s  k= 25  dexp=8.28  p_grd=0.492  unc_rem=0.703  unc_rel=0.634  drop=0.43  h=32  L=1  lr=0.1  wd=0.01
  [Trial 113] pubmed_pair_0.5 | acc=0.4360  (52.2s)  knn=s  k= 25  dexp=9.94  p_grd=0.316  unc_rem=0.876  unc_rel=0.908  drop=0.89  h=32  L=1  lr=0.0005  wd=0.01
  [Trial 114] pubmed_pair_0.5 | acc=0.3360  (86.5s)  knn=d  k= 25  dexp=3.09  p_grd=0.256  unc_rem=0.835  unc_rel=0.877  drop=0.37  h=64  L=1  lr=0.0001  wd=0.01
  [Trial 115] pubmed_pair_0.5 | acc=0.5450  (47.7s)  knn=d  k= 20  dexp=8.63  p_grd=0.394  unc_rem=0.934  unc_rel=0.921  drop=0.37  h=128  L=1  lr=0.1  wd=0.01
  [Trial 116] pubmed_pair_0.5 | acc=0.2700  (53.1s)  knn=s  k= 25  dexp=10.00  p_grd=0.405  unc_rem=0.928  unc_rel=0.402  drop=0.27  h=32  L=4  lr=0.1  wd=0.005
  [Trial 117] pubmed_pair_0.5 | acc=0.5060  (50.9s)  knn=d  k= 25  dexp=4.52  p_grd=0.325  unc_rem=0.850  unc_rel=0.572  drop=0.59  h=64  L=3  lr=0.01  wd=5e-05
  [Trial 118] pubmed_pair_0.5 | acc=0.4410  (56.5s)  knn=s  k= 25  dexp=4.87  p_grd=0.212  unc_rem=0.282  unc_rel=0.478  drop=0.41  h=64  L=2  lr=0.0005  wd=1e-05
  [Trial 119] pubmed_pair_0.5 | acc=0.3830  (50.5s)  knn=s  k= 25  dexp=2.68  p_grd=0.196  unc_rem=0.433  unc_rel=0.234  drop=0.45  h=32  L=2  lr=0.0001  wd=0.005
  [Trial 120] pubmed_pair_0.5 | acc=0.4990  (48.3s)  knn=s  k= 25  dexp=6.12  p_grd=0.326  unc_rem=1.000  unc_rel=0.667  drop=0.36  h=32  L=1  lr=0.005  wd=0.01
  [Trial 121] pubmed_pair_0.5 | acc=0.4430  (50.3s)  knn=d  k= 20  dexp=7.44  p_grd=0.403  unc_rem=0.974  unc_rel=0.804  drop=0.41  h=64  L=1  lr=0.0005  wd=0.005
  [Trial 122] pubmed_pair_0.5 | acc=0.4760  (49.2s)  knn=p  k= 25  dexp=7.78  p_grd=0.295  unc_rem=0.990  unc_rel=0.658  drop=0.54  h=32  L=1  lr=0.1  wd=1e-05
  [Trial 123] pubmed_pair_0.5 | acc=0.4970  (59.2s)  knn=s  k= 25  dexp=4.06  p_grd=0.256  unc_rem=0.548  unc_rel=0.324  drop=0.12  h=32  L=2  lr=0.005  wd=0.001
  [Trial 124] pubmed_pair_0.5 | acc=0.4360  (34.1s)  knn=u  k=-    dexp=8.26  p_grd=0.435  unc_rem=0.952  unc_rel=0.566  drop=0.49  h=32  L=1  lr=0.0005  wd=0.01
  [Trial 125] pubmed_pair_0.5 | acc=0.5130  (58.5s)  knn=s  k= 25  dexp=9.58  p_grd=0.314  unc_rem=0.912  unc_rel=0.552  drop=0.45  h=32  L=1  lr=0.01  wd=0.01
  [Trial 126] pubmed_pair_0.5 | acc=0.5450  (49.8s)  knn=p  k= 25  dexp=9.15  p_grd=0.401  unc_rem=0.885  unc_rel=0.668  drop=0.53  h=64  L=1  lr=0.1  wd=0.01
  [Trial 127] pubmed_pair_0.5 | acc=0.3820  (41.7s)  knn=u  k=-    dexp=1.69  p_grd=0.270  unc_rem=0.218  unc_rel=0.482  drop=0.22  h=64  L=2  lr=0.0005  wd=0.005
  [Trial 128] pubmed_pair_0.5 | acc=0.2870  (52.8s)  knn=s  k= 20  dexp=3.05  p_grd=0.239  unc_rem=0.330  unc_rel=0.180  drop=0.28  h=32  L=2  lr=0.0005  wd=0.01
  [Trial 129] pubmed_pair_0.5 | acc=0.3750  (49.3s)  knn=p  k= 25  dexp=9.89  p_grd=0.258  unc_rem=0.949  unc_rel=0.666  drop=0.62  h=32  L=4  lr=0.1  wd=0.01
  [Trial 130] pubmed_pair_0.5 | acc=0.5450  (56.5s)  knn=d  k= 25  dexp=4.46  p_grd=0.372  unc_rem=0.570  unc_rel=0.852  drop=0.36  h=32  L=1  lr=0.1  wd=0.01
  [Trial 131] pubmed_pair_0.5 | acc=0.4150  (51.9s)  knn=d  k= 25  dexp=0.35  p_grd=0.347  unc_rem=0.899  unc_rel=0.656  drop=0.43  h=16  L=1  lr=0.1  wd=0.01
  [Trial 132] pubmed_pair_0.5 | acc=0.4340  (49.4s)  knn=d  k= 25  dexp=4.51  p_grd=0.482  unc_rem=0.850  unc_rel=0.715  drop=0.24  h=64  L=1  lr=0.001  wd=0.05
  [Trial 133] pubmed_pair_0.5 | acc=0.5450  (43.4s)  knn=d  k= 21  dexp=2.70  p_grd=0.402  unc_rem=0.743  unc_rel=0.798  drop=0.36  h=64  L=1  lr=0.1  wd=0.01
  [Trial 134] pubmed_pair_0.5 | acc=0.4280  (39.6s)  knn=u  k=-    dexp=4.89  p_grd=0.281  unc_rem=0.334  unc_rel=0.617  drop=0.53  h=32  L=2  lr=1e-05  wd=1e-05
  [Trial 135] pubmed_pair_0.5 | acc=0.4960  (45.5s)  knn=u  k=-    dexp=9.71  p_grd=0.477  unc_rem=0.618  unc_rel=0.667  drop=0.39  h=32  L=2  lr=0.01  wd=0.01
  [Trial 136] pubmed_pair_0.5 | acc=0.5450  (49.0s)  knn=s  k= 25  dexp=8.63  p_grd=0.321  unc_rem=0.947  unc_rel=0.653  drop=0.82  h=32  L=1  lr=0.1  wd=0.01
  [Trial 137] pubmed_pair_0.5 | acc=0.3260  (53.7s)  knn=d  k= 25  dexp=5.50  p_grd=0.375  unc_rem=0.982  unc_rel=0.634  drop=0.26  h=64  L=1  lr=1e-05  wd=0.01
  [Trial 138] pubmed_pair_0.5 | acc=0.4200  (54.6s)  knn=d  k= 25  dexp=4.94  p_grd=0.445  unc_rem=0.670  unc_rel=0.773  drop=0.24  h=64  L=1  lr=0.1  wd=0.0001
  [Trial 139] pubmed_pair_0.5 | acc=0.5450  (50.2s)  knn=p  k= 25  dexp=9.69  p_grd=0.426  unc_rem=0.960  unc_rel=0.988  drop=0.35  h=32  L=1  lr=0.1  wd=0.01
  [Trial 140] pubmed_pair_0.5 | acc=0.5080  (49.5s)  knn=s  k= 20  dexp=9.03  p_grd=0.478  unc_rem=0.641  unc_rel=0.415  drop=0.30  h=32  L=1  lr=0.001  wd=0.0005
  [Trial 141] pubmed_pair_0.5 | acc=0.4390  (57.7s)  knn=p  k= 25  dexp=9.12  p_grd=0.379  unc_rem=0.971  unc_rel=0.456  drop=0.68  h=32  L=1  lr=0.001  wd=0.01
  [Trial 142] pubmed_pair_0.5 | acc=0.5450  (37.3s)  knn=u  k=-    dexp=8.86  p_grd=0.420  unc_rem=0.839  unc_rel=0.718  drop=0.89  h=32  L=1  lr=0.1  wd=0.01
  [Trial 143] pubmed_pair_0.5 | acc=0.4350  (40.3s)  knn=u  k=-    dexp=8.60  p_grd=0.302  unc_rem=0.629  unc_rel=0.650  drop=0.85  h=32  L=1  lr=0.0005  wd=0.0005
  [Trial 144] pubmed_pair_0.5 | acc=0.5350  (52.1s)  knn=d  k= 25  dexp=3.06  p_grd=0.491  unc_rem=0.910  unc_rel=0.881  drop=0.48  h=16  L=1  lr=0.05  wd=0.01
  [Trial 145] pubmed_pair_0.5 | acc=0.5520  (48.9s)  knn=d  k= 25  dexp=3.42  p_grd=0.456  unc_rem=0.821  unc_rel=0.449  drop=0.27  h=64  L=2  lr=0.005  wd=0.01
  [Trial 146] pubmed_pair_0.5 | acc=0.2970  (51.1s)  knn=d  k= 21  dexp=3.01  p_grd=0.450  unc_rem=0.845  unc_rel=0.473  drop=0.33  h=128  L=3  lr=0.005  wd=0.01
  [Trial 147] pubmed_pair_0.5 | acc=0.4010  (55.9s)  knn=d  k= 25  dexp=3.78  p_grd=0.396  unc_rem=0.887  unc_rel=0.312  drop=0.55  h=64  L=2  lr=0.005  wd=0.05
  [Trial 148] pubmed_pair_0.5 | acc=0.4610  (56.5s)  knn=d  k= 25  dexp=3.86  p_grd=0.498  unc_rem=0.958  unc_rel=0.699  drop=0.47  h=64  L=2  lr=0.0005  wd=1e-05
  [Trial 149] pubmed_pair_0.5 | acc=0.4990  (56.1s)  knn=p  k= 13  dexp=6.70  p_grd=0.321  unc_rem=0.754  unc_rel=0.573  drop=0.22  h=64  L=2  lr=0.005  wd=0.01
  [Trial 150] pubmed_pair_0.5 | acc=0.4730  (51.0s)  knn=p  k= 25  dexp=3.45  p_grd=0.443  unc_rem=0.963  unc_rel=0.737  drop=0.19  h=64  L=3  lr=0.1  wd=0.01
  [Trial 151] pubmed_pair_0.5 | acc=0.5450  (47.4s)  knn=s  k= 25  dexp=9.20  p_grd=0.391  unc_rem=0.994  unc_rel=0.939  drop=0.46  h=16  L=1  lr=0.1  wd=0.005
  [Trial 152] pubmed_pair_0.5 | acc=0.5310  (43.5s)  knn=u  k=-    dexp=5.36  p_grd=0.324  unc_rem=0.486  unc_rel=0.532  drop=0.13  h=32  L=2  lr=0.0005  wd=1e-05
  [Trial 153] pubmed_pair_0.5 | acc=0.4420  (48.5s)  knn=d  k= 21  dexp=4.91  p_grd=0.359  unc_rem=0.888  unc_rel=0.532  drop=0.38  h=16  L=2  lr=0.005  wd=0.001
  [Trial 154] pubmed_pair_0.5 | acc=0.4200  (48.3s)  knn=s  k= 25  dexp=8.43  p_grd=0.482  unc_rem=0.738  unc_rel=0.952  drop=0.42  h=32  L=1  lr=0.1  wd=0.0001
  [Trial 155] pubmed_pair_0.5 | acc=0.5450  (47.0s)  knn=d  k= 25  dexp=7.05  p_grd=0.388  unc_rem=0.584  unc_rel=0.705  drop=0.52  h=16  L=1  lr=0.1  wd=0.01
  [Trial 156] pubmed_pair_0.5 | acc=0.5350  (41.3s)  knn=p  k= 21  dexp=9.32  p_grd=0.181  unc_rem=0.896  unc_rel=0.660  drop=0.36  h=32  L=1  lr=0.05  wd=0.01
  [Trial 157] pubmed_pair_0.5 | acc=0.5450  (46.1s)  knn=d  k= 25  dexp=8.19  p_grd=0.438  unc_rem=0.982  unc_rel=0.678  drop=0.52  h=32  L=1  lr=0.1  wd=0.005
  [Trial 158] pubmed_pair_0.5 | acc=0.5480  (45.2s)  knn=d  k= 16  dexp=4.41  p_grd=0.371  unc_rem=0.751  unc_rel=0.396  drop=0.24  h=64  L=2  lr=0.005  wd=0.01
  [Trial 159] pubmed_pair_0.5 | acc=0.5180  (48.7s)  knn=s  k= 50  dexp=2.59  p_grd=0.413  unc_rem=0.458  unc_rel=0.547  drop=0.30  h=64  L=2  lr=0.005  wd=0.01
  [Trial 160] pubmed_pair_0.5 | acc=0.5540  (59.8s)  knn=d  k= 16  dexp=2.45  p_grd=0.488  unc_rem=0.958  unc_rel=0.277  drop=0.13  h=64  L=2  lr=0.005  wd=0.01
  [Trial 161] pubmed_pair_0.5 | acc=0.5540  (66.0s)  knn=d  k= 15  dexp=2.02  p_grd=0.389  unc_rem=0.972  unc_rel=0.325  drop=0.13  h=64  L=2  lr=0.005  wd=0.01
  [Trial 162] pubmed_pair_0.5 | acc=0.4900  (53.1s)  knn=d  k= 13  dexp=1.10  p_grd=0.465  unc_rem=0.927  unc_rel=0.258  drop=0.13  h=64  L=2  lr=0.005  wd=0.01
  [Trial 163] pubmed_pair_0.5 | acc=0.5230  (49.3s)  knn=d  k= 14  dexp=5.99  p_grd=0.378  unc_rem=0.804  unc_rel=0.327  drop=0.20  h=64  L=2  lr=0.005  wd=0.01
  [Trial 164] pubmed_pair_0.5 | acc=0.3260  (50.1s)  knn=s  k= 45  dexp=8.24  p_grd=0.450  unc_rem=0.899  unc_rel=0.711  drop=0.12  h=32  L=1  lr=1e-05  wd=0.01
  [Trial 165] pubmed_pair_0.5 | acc=0.4510  (49.9s)  knn=d  k= 13  dexp=3.80  p_grd=0.483  unc_rem=0.943  unc_rel=0.525  drop=0.30  h=64  L=2  lr=0.005  wd=5e-05
  [Trial 166] pubmed_pair_0.5 | acc=0.4860  (56.6s)  knn=d  k= 17  dexp=4.33  p_grd=0.442  unc_rem=0.812  unc_rel=0.036  drop=0.26  h=16  L=2  lr=0.05  wd=0.01
  [Trial 167] pubmed_pair_0.5 | acc=0.3930  (49.1s)  knn=p  k= 15  dexp=0.56  p_grd=0.359  unc_rem=0.717  unc_rel=0.441  drop=0.16  h=64  L=2  lr=0.0001  wd=0.01
  [Trial 168] pubmed_pair_0.5 | acc=0.5150  (49.7s)  knn=d  k= 17  dexp=3.39  p_grd=0.362  unc_rem=0.656  unc_rel=0.257  drop=0.29  h=64  L=2  lr=0.1  wd=0.01
  [Trial 169] pubmed_pair_0.5 | acc=0.4070  (41.4s)  knn=u  k=-    dexp=2.42  p_grd=0.424  unc_rem=0.979  unc_rel=0.329  drop=0.25  h=64  L=2  lr=0.005  wd=0.1
  [Trial 170] pubmed_pair_0.5 | acc=0.5040  (46.3s)  knn=d  k= 15  dexp=6.14  p_grd=0.320  unc_rem=0.919  unc_rel=0.672  drop=0.34  h=64  L=1  lr=0.1  wd=0.05
  [Trial 171] pubmed_pair_0.5 | acc=0.3270  (51.8s)  knn=s  k= 60  dexp=3.93  p_grd=0.105  unc_rem=0.288  unc_rel=0.282  drop=0.20  h=32  L=1  lr=0.0005  wd=0.005
  [Trial 172] pubmed_pair_0.5 | acc=0.3490  (52.0s)  knn=d  k= 16  dexp=1.11  p_grd=0.267  unc_rem=0.954  unc_rel=0.278  drop=0.31  h=64  L=2  lr=0.05  wd=0.0005
  [Trial 173] pubmed_pair_0.5 | acc=0.4570  (53.2s)  knn=d  k= 17  dexp=2.44  p_grd=0.457  unc_rem=0.622  unc_rel=0.420  drop=0.29  h=64  L=2  lr=0.05  wd=1e-05
  [Trial 174] pubmed_pair_0.5 | acc=0.5270  (51.8s)  knn=s  k= 40  dexp=9.30  p_grd=0.323  unc_rem=0.820  unc_rel=0.738  drop=0.16  h=32  L=1  lr=0.1  wd=0.01
  [Trial 175] pubmed_pair_0.5 | acc=0.4140  (76.6s)  knn=s  k= 55  dexp=1.99  p_grd=0.377  unc_rem=0.990  unc_rel=0.326  drop=0.25  h=64  L=4  lr=0.005  wd=0.01
  [Trial 176] pubmed_pair_0.5 | acc=0.4240  (53.9s)  knn=d  k= 16  dexp=4.38  p_grd=0.341  unc_rem=0.812  unc_rel=0.723  drop=0.48  h=64  L=1  lr=0.05  wd=1e-05
  [Trial 177] pubmed_pair_0.5 | acc=0.4140  (57.8s)  knn=d  k= 21  dexp=3.92  p_grd=0.421  unc_rem=0.783  unc_rel=0.309  drop=0.22  h=32  L=4  lr=0.0005  wd=0.01
  [Trial 178] pubmed_pair_0.5 | acc=0.5450  (56.5s)  knn=d  k= 18  dexp=4.01  p_grd=0.439  unc_rem=0.746  unc_rel=0.382  drop=0.34  h=128  L=2  lr=0.001  wd=0.01
  [Trial 179] pubmed_pair_0.5 | acc=0.3520  (52.7s)  knn=d  k= 21  dexp=4.54  p_grd=0.384  unc_rem=0.764  unc_rel=0.904  drop=0.27  h=16  L=4  lr=0.1  wd=1e-05
  [Trial 180] pubmed_pair_0.5 | acc=0.2370  (55.8s)  knn=s  k= 40  dexp=0.49  p_grd=0.367  unc_rem=0.984  unc_rel=0.547  drop=0.19  h=64  L=2  lr=0.005  wd=0.005
  [Trial 181] pubmed_pair_0.5 | acc=0.4510  (38.9s)  knn=u  k=-    dexp=5.90  p_grd=0.474  unc_rem=0.426  unc_rel=0.765  drop=0.40  h=16  L=2  lr=0.1  wd=0.01
  [Trial 182] pubmed_pair_0.5 | acc=0.4100  (58.4s)  knn=s  k= 55  dexp=0.05  p_grd=0.201  unc_rem=0.321  unc_rel=0.154  drop=0.10  h=32  L=2  lr=0.001  wd=0.005
  [Trial 183] pubmed_pair_0.5 | acc=0.3660  (57.8s)  knn=s  k= 35  dexp=2.71  p_grd=0.304  unc_rem=0.372  unc_rel=0.366  drop=0.18  h=32  L=2  lr=0.1  wd=0.005
  [Trial 184] pubmed_pair_0.5 | acc=0.2950  (58.0s)  knn=d  k= 21  dexp=3.63  p_grd=0.347  unc_rem=0.687  unc_rel=0.327  drop=0.17  h=64  L=2  lr=1e-05  wd=0.005
  [Trial 185] pubmed_pair_0.5 | acc=0.3320  (57.3s)  knn=d  k= 17  dexp=0.28  p_grd=0.353  unc_rem=0.766  unc_rel=0.673  drop=0.40  h=64  L=2  lr=0.005  wd=0.01
  [Trial 186] pubmed_pair_0.5 | acc=0.5450  (48.1s)  knn=s  k= 20  dexp=8.42  p_grd=0.493  unc_rem=0.975  unc_rel=0.383  drop=0.37  h=64  L=1  lr=0.1  wd=0.01
  [Trial 187] pubmed_pair_0.5 | acc=0.4150  (49.9s)  knn=u  k=-    dexp=3.71  p_grd=0.228  unc_rem=0.184  unc_rel=0.568  drop=0.31  h=32  L=2  lr=0.0005  wd=0.001
  [Trial 188] pubmed_pair_0.5 | acc=0.4050  (39.6s)  knn=u  k=-    dexp=6.00  p_grd=0.376  unc_rem=0.747  unc_rel=0.509  drop=0.83  h=128  L=1  lr=0.0001  wd=0.01
  [Trial 189] pubmed_pair_0.5 | acc=0.4730  (55.1s)  knn=d  k= 16  dexp=2.10  p_grd=0.476  unc_rem=0.714  unc_rel=0.330  drop=0.11  h=128  L=2  lr=0.005  wd=0.001
  [Trial 190] pubmed_pair_0.5 | acc=0.5450  (48.5s)  knn=d  k= 21  dexp=5.73  p_grd=0.457  unc_rem=0.807  unc_rel=0.721  drop=0.11  h=64  L=1  lr=0.1  wd=0.01
  [Trial 191] pubmed_pair_0.5 | acc=0.4200  (36.0s)  knn=u  k=-    dexp=5.38  p_grd=0.446  unc_rem=0.580  unc_rel=0.687  drop=0.64  h=16  L=1  lr=0.1  wd=0.0001
  [Trial 192] pubmed_pair_0.5 | acc=0.5450  (45.0s)  knn=d  k= 17  dexp=6.16  p_grd=0.330  unc_rem=0.940  unc_rel=0.782  drop=0.60  h=64  L=1  lr=0.1  wd=0.01
  [Trial 193] pubmed_pair_0.5 | acc=0.4130  (51.5s)  knn=d  k= 21  dexp=6.82  p_grd=0.302  unc_rem=0.995  unc_rel=0.713  drop=0.59  h=64  L=4  lr=0.01  wd=0.01
  [Trial 194] pubmed_pair_0.5 | acc=0.5150  (34.8s)  knn=u  k=-    dexp=8.65  p_grd=0.409  unc_rem=0.738  unc_rel=0.427  drop=0.68  h=32  L=3  lr=0.1  wd=1e-05
  [Trial 195] pubmed_pair_0.5 | acc=0.5450  (49.1s)  knn=s  k= 35  dexp=7.99  p_grd=0.449  unc_rem=0.621  unc_rel=0.954  drop=0.50  h=16  L=1  lr=0.1  wd=0.01
  [Trial 196] pubmed_pair_0.5 | acc=0.5030  (58.6s)  knn=d  k= 17  dexp=1.58  p_grd=0.381  unc_rem=0.752  unc_rel=0.405  drop=0.34  h=64  L=4  lr=0.005  wd=0.0001
  [Trial 197] pubmed_pair_0.5 | acc=0.5450  (50.6s)  knn=d  k=  5  dexp=9.98  p_grd=0.399  unc_rem=0.639  unc_rel=0.420  drop=0.44  h=32  L=1  lr=0.1  wd=0.01
  [Trial 198] pubmed_pair_0.5 | acc=0.2780  (47.5s)  knn=d  k= 12  dexp=2.75  p_grd=0.419  unc_rem=0.405  unc_rel=0.706  drop=0.47  h=16  L=3  lr=0.1  wd=0.001
  [Trial 199] pubmed_pair_0.5 | acc=0.3950  (49.7s)  knn=d  k= 21  dexp=1.84  p_grd=0.450  unc_rem=0.837  unc_rel=0.131  drop=0.15  h=32  L=3  lr=0.005  wd=0.01
  [Trial 200] pubmed_pair_0.5 | acc=0.5350  (57.5s)  knn=s  k= 50  dexp=6.04  p_grd=0.456  unc_rem=0.433  unc_rel=0.357  drop=0.10  h=16  L=2  lr=0.0005  wd=0.005

[Optuna] Optimization done. 200/200 trials completed.

[Retest] (pubmed_pair_0.5) Testing top-5 configs × 10 seeds...

  [Retest] (pubmed_pair_0.5) Config 1/5: (Trial #49, Orig Acc: 0.5680)
           Params: {'knn_mode': 'u', 'dexp': 2.859988263261287, 'p_grd': 0.18385880772364654, 'unc_rem': 0.3122987468969126, 'unc_rel': 0.523173167397984, 'dropout': 0.18957122226745504, 'n_hidden': 32, 'n_layer': 2, 'lr': 0.0005, 'weight_decay': 1e-05}
    [Retest] pubmed | Config 1 | Run 1/10 | seed=3000 | Acc: 0.5680 | Mean: 0.5680 | Time: 37.3s
    [Retest] pubmed | Config 1 | Run 2/10 | seed=3001 | Acc: 0.3630 | Mean: 0.4655 | Time: 37.5s
    [Retest] pubmed | Config 1 | Run 3/10 | seed=3002 | Acc: 0.4920 | Mean: 0.4743 | Time: 37.7s
    [Retest] pubmed | Config 1 | Run 4/10 | seed=3003 | Acc: 0.5670 | Mean: 0.4975 | Time: 33.8s
    [Retest] pubmed | Config 1 | Run 5/10 | seed=3004 | Acc: 0.3190 | Mean: 0.4618 | Time: 34.0s
    [Retest] pubmed | Config 1 | Run 6/10 | seed=3005 | Acc: 0.5910 | Mean: 0.4833 | Time: 36.9s
    [Retest] pubmed | Config 1 | Run 7/10 | seed=3006 | Acc: 0.3300 | Mean: 0.4614 | Time: 34.8s
    [Retest] pubmed | Config 1 | Run 8/10 | seed=3007 | Acc: 0.5910 | Mean: 0.4776 | Time: 45.6s
    [Retest] pubmed | Config 1 | Run 9/10 | seed=3008 | Acc: 0.4710 | Mean: 0.4769 | Time: 37.2s
    [Retest] pubmed | Config 1 | Run 10/10 | seed=3009 | Acc: 0.2990 | Mean: 0.4591 | Time: 36.5s
  [Retest] Config 1: mean=0.4591 ± 0.1143

  [Retest] (pubmed_pair_0.5) Config 2/5: (Trial #21, Orig Acc: 0.5590)
           Params: {'knn_mode': 's', 'k': 45, 'dexp': 3.6229077591550003, 'p_grd': 0.28238947137615905, 'unc_rem': 0.3330911034679101, 'unc_rel': 0.31380979296669426, 'dropout': 0.11594950753246608, 'n_hidden': 32, 'n_layer': 2, 'lr': 0.0005, 'weight_decay': 0.005}
    [Retest] pubmed | Config 2 | Run 1/10 | seed=3000 | Acc: 0.5590 | Mean: 0.5590 | Time: 50.6s
    [Retest] pubmed | Config 2 | Run 2/10 | seed=3001 | Acc: 0.3650 | Mean: 0.4620 | Time: 50.2s
    [Retest] pubmed | Config 2 | Run 3/10 | seed=3002 | Acc: 0.5060 | Mean: 0.4767 | Time: 51.8s
    [Retest] pubmed | Config 2 | Run 4/10 | seed=3003 | Acc: 0.4100 | Mean: 0.4600 | Time: 52.0s
    [Retest] pubmed | Config 2 | Run 5/10 | seed=3004 | Acc: 0.3420 | Mean: 0.4364 | Time: 54.6s
    [Retest] pubmed | Config 2 | Run 6/10 | seed=3005 | Acc: 0.5630 | Mean: 0.4575 | Time: 51.0s
    [Retest] pubmed | Config 2 | Run 7/10 | seed=3006 | Acc: 0.2520 | Mean: 0.4281 | Time: 57.3s
    [Retest] pubmed | Config 2 | Run 8/10 | seed=3007 | Acc: 0.5080 | Mean: 0.4381 | Time: 49.8s
    [Retest] pubmed | Config 2 | Run 9/10 | seed=3008 | Acc: 0.4760 | Mean: 0.4423 | Time: 60.9s
    [Retest] pubmed | Config 2 | Run 10/10 | seed=3009 | Acc: 0.3630 | Mean: 0.4344 | Time: 51.5s
  [Retest] Config 2: mean=0.4344 ± 0.0983

  [Retest] (pubmed_pair_0.5) Config 3/5: (Trial #159, Orig Acc: 0.5540)
           Params: {'knn_mode': 'd', 'k': 16, 'dexp': 2.449006209403852, 'p_grd': 0.48788366777753045, 'unc_rem': 0.9580312570860414, 'unc_rel': 0.27730868552425153, 'dropout': 0.12985567158230082, 'n_hidden': 64, 'n_layer': 2, 'lr': 0.005, 'weight_decay': 0.01}
    [Retest] pubmed | Config 3 | Run 1/10 | seed=3000 | Acc: 0.5540 | Mean: 0.5540 | Time: 47.2s
    [Retest] pubmed | Config 3 | Run 2/10 | seed=3001 | Acc: 0.4760 | Mean: 0.5150 | Time: 47.1s
    [Retest] pubmed | Config 3 | Run 3/10 | seed=3002 | Acc: 0.4950 | Mean: 0.5083 | Time: 50.9s
    [Retest] pubmed | Config 3 | Run 4/10 | seed=3003 | Acc: 0.4040 | Mean: 0.4822 | Time: 55.1s
    [Retest] pubmed | Config 3 | Run 5/10 | seed=3004 | Acc: 0.4500 | Mean: 0.4758 | Time: 48.2s
    [Retest] pubmed | Config 3 | Run 6/10 | seed=3005 | Acc: 0.4480 | Mean: 0.4712 | Time: 50.8s
    [Retest] pubmed | Config 3 | Run 7/10 | seed=3006 | Acc: 0.4380 | Mean: 0.4664 | Time: 45.8s
    [Retest] pubmed | Config 3 | Run 8/10 | seed=3007 | Acc: 0.3930 | Mean: 0.4573 | Time: 55.0s
    [Retest] pubmed | Config 3 | Run 9/10 | seed=3008 | Acc: 0.4190 | Mean: 0.4530 | Time: 49.7s
    [Retest] pubmed | Config 3 | Run 10/10 | seed=3009 | Acc: 0.2910 | Mean: 0.4368 | Time: 45.4s
  [Retest] Config 3: mean=0.4368 ± 0.0660

  [Retest] (pubmed_pair_0.5) Config 4/5: (Trial #160, Orig Acc: 0.5540)
           Params: {'knn_mode': 'd', 'k': 15, 'dexp': 2.0187247468505105, 'p_grd': 0.3890515980876049, 'unc_rem': 0.9721290594559107, 'unc_rel': 0.32521859844304635, 'dropout': 0.13463855556605556, 'n_hidden': 64, 'n_layer': 2, 'lr': 0.005, 'weight_decay': 0.01}
    [Retest] pubmed | Config 4 | Run 1/10 | seed=3000 | Acc: 0.5540 | Mean: 0.5540 | Time: 52.7s
    [Retest] pubmed | Config 4 | Run 2/10 | seed=3001 | Acc: 0.4240 | Mean: 0.4890 | Time: 48.3s
    [Retest] pubmed | Config 4 | Run 3/10 | seed=3002 | Acc: 0.4950 | Mean: 0.4910 | Time: 49.7s
    [Retest] pubmed | Config 4 | Run 4/10 | seed=3003 | Acc: 0.4110 | Mean: 0.4710 | Time: 52.6s
    [Retest] pubmed | Config 4 | Run 5/10 | seed=3004 | Acc: 0.4480 | Mean: 0.4664 | Time: 46.1s
    [Retest] pubmed | Config 4 | Run 6/10 | seed=3005 | Acc: 0.4500 | Mean: 0.4637 | Time: 54.1s
    [Retest] pubmed | Config 4 | Run 7/10 | seed=3006 | Acc: 0.3900 | Mean: 0.4531 | Time: 55.1s
    [Retest] pubmed | Config 4 | Run 8/10 | seed=3007 | Acc: 0.4010 | Mean: 0.4466 | Time: 54.8s
    [Retest] pubmed | Config 4 | Run 9/10 | seed=3008 | Acc: 0.4170 | Mean: 0.4433 | Time: 48.4s
    [Retest] pubmed | Config 4 | Run 10/10 | seed=3009 | Acc: 0.2880 | Mean: 0.4278 | Time: 60.4s
  [Retest] Config 4: mean=0.4278 ± 0.0659

  [Retest] (pubmed_pair_0.5) Config 5/5: (Trial #144, Orig Acc: 0.5520)
           Params: {'knn_mode': 'd', 'k': 25, 'dexp': 3.417089125894495, 'p_grd': 0.4564975745913073, 'unc_rem': 0.8213325974421017, 'unc_rel': 0.4487325477474247, 'dropout': 0.27307093565546364, 'n_hidden': 64, 'n_layer': 2, 'lr': 0.005, 'weight_decay': 0.01}
    [Retest] pubmed | Config 5 | Run 1/10 | seed=3000 | Acc: 0.5520 | Mean: 0.5520 | Time: 48.7s
    [Retest] pubmed | Config 5 | Run 2/10 | seed=3001 | Acc: 0.4720 | Mean: 0.5120 | Time: 51.8s
    [Retest] pubmed | Config 5 | Run 3/10 | seed=3002 | Acc: 0.4950 | Mean: 0.5063 | Time: 57.1s
    [Retest] pubmed | Config 5 | Run 4/10 | seed=3003 | Acc: 0.4040 | Mean: 0.4808 | Time: 109.9s
    [Retest] pubmed | Config 5 | Run 5/10 | seed=3004 | Acc: 0.4480 | Mean: 0.4742 | Time: 55.8s
    [Retest] pubmed | Config 5 | Run 6/10 | seed=3005 | Acc: 0.4510 | Mean: 0.4703 | Time: 58.5s
    [Retest] pubmed | Config 5 | Run 7/10 | seed=3006 | Acc: 0.3930 | Mean: 0.4593 | Time: 51.0s
    [Retest] pubmed | Config 5 | Run 8/10 | seed=3007 | Acc: 0.3960 | Mean: 0.4514 | Time: 54.4s
    [Retest] pubmed | Config 5 | Run 9/10 | seed=3008 | Acc: 0.4220 | Mean: 0.4481 | Time: 53.1s
    [Retest] pubmed | Config 5 | Run 10/10 | seed=3009 | Acc: 0.2850 | Mean: 0.4318 | Time: 65.4s
  [Retest] Config 5: mean=0.4318 ± 0.0677

[Optuna] Success: Best config saved to log/hpo_db.json:
         {'knn_mode': 'u', 'dexp': 2.859988263261287, 'p_grd': 0.18385880772364654, 'unc_rem': 0.3122987468969126, 'unc_rel': 0.523173167397984, 'dropout': 0.18957122226745504, 'n_hidden': 32, 'n_layer': 2, 'lr': 0.0005, 'weight_decay': 1e-05}
[Optuna] Success: Best retest mean accuracy: 0.4591
[Optuna] Success: Done marker: ./log/nni_done\lnpcc_pubmed_pair_0.5.done
  [HPO] Done marker saved: ./log/nni_done\lnpcc_pubmed_pair_0.5.done
[total_exp] --hpo_only: skipping benchmark runs.
[worker] OK DONE  hpo_pubmed_pair_0.5  gpu=1  219.4 min  rc=0
