[worker] START  lnpcc_amazoncom_uniform_0.4  gpu=0
======================================================================
GCN + LN-PCC -- NoisyGL Benchmark (Unified)
Start          : 2026-04-21 12:47:14
Variants       : ['lnpcc']
Datasets       : ['amazoncom']
Noise          : [[0.4, 'uniform']]
Runs           : 10  (seeds 3000..3009)
Device         : cuda:0
======================================================================
[HPO] Loaded 160 optimized scenarios from log/hpo_db.json
----Data statistics------'
                Name: amazoncom
                #Nodes 13752
                #Edges 245861
                #Classes 10
                #Ave_degree 35.76
----Split statistics------'
                #Train samples 200 (20 nodes per class)
                #Val samples 500 (specified)
                #Test samples 1000 (specified)

============================================================
  lnpcc | amazoncom | uniform 0.4
============================================================
  [HPO] Applying optimized params for amazoncom_uniform_0.4
    [12:48:34] amazoncom | uniform 0.4 | lnpcc | run  1/10 | seed=3000 | acc=0.7530 | mean=0.7530 | time=66.57s
  [HPO] Applying optimized params for amazoncom_uniform_0.4
    [12:50:12] amazoncom | uniform 0.4 | lnpcc | run  2/10 | seed=3001 | acc=0.7200 | mean=0.7365 | time=89.70s
  [HPO] Applying optimized params for amazoncom_uniform_0.4
    [12:51:36] amazoncom | uniform 0.4 | lnpcc | run  3/10 | seed=3002 | acc=0.7200 | mean=0.7310 | time=81.45s
  [HPO] Applying optimized params for amazoncom_uniform_0.4
    [12:53:06] amazoncom | uniform 0.4 | lnpcc | run  4/10 | seed=3003 | acc=0.7400 | mean=0.7332 | time=78.52s
  [HPO] Applying optimized params for amazoncom_uniform_0.4
    [12:54:22] amazoncom | uniform 0.4 | lnpcc | run  5/10 | seed=3004 | acc=0.6080 | mean=0.7082 | time=66.27s
  [HPO] Applying optimized params for amazoncom_uniform_0.4
    [12:55:48] amazoncom | uniform 0.4 | lnpcc | run  6/10 | seed=3005 | acc=0.7440 | mean=0.7142 | time=74.15s
  [HPO] Applying optimized params for amazoncom_uniform_0.4
    [12:57:14] amazoncom | uniform 0.4 | lnpcc | run  7/10 | seed=3006 | acc=0.7480 | mean=0.7190 | time=77.17s
  [HPO] Applying optimized params for amazoncom_uniform_0.4
    [12:58:49] amazoncom | uniform 0.4 | lnpcc | run  8/10 | seed=3007 | acc=0.6900 | mean=0.7154 | time=84.98s
  [HPO] Applying optimized params for amazoncom_uniform_0.4
    [13:00:07] amazoncom | uniform 0.4 | lnpcc | run  9/10 | seed=3008 | acc=0.4470 | mean=0.6856 | time=70.15s
  [HPO] Applying optimized params for amazoncom_uniform_0.4
    [13:01:36] amazoncom | uniform 0.4 | lnpcc | run 10/10 | seed=3009 | acc=0.7280 | mean=0.6898 | time=76.40s
  -> mean=0.6898 +/- 0.0904

[OK] Partial CSV: ./log\partial\partial_lnpcc_amazoncom_uniform_0.4.csv
End: 2026-04-21 13:01:36
[worker] OK DONE  lnpcc_amazoncom_uniform_0.4  gpu=0  14.4 min  rc=0
