[worker] START  lnpcc_amazoncom_random_0.4  gpu=0
======================================================================
GCN + LN-PCC -- NoisyGL Benchmark (Unified)
Start          : 2026-04-21 14:14:26
Variants       : ['lnpcc']
Datasets       : ['amazoncom']
Noise          : [[0.4, 'random']]
Runs           : 10  (seeds 3000..3009)
Device         : cuda:0
======================================================================
[HPO] Loaded 160 optimized scenarios from log/hpo_db.json
----Data statistics------'
                Name: amazoncom
                #Nodes 13752
                #Edges 245861
                #Classes 10
                #Ave_degree 35.76
----Split statistics------'
                #Train samples 200 (20 nodes per class)
                #Val samples 500 (specified)
                #Test samples 1000 (specified)

============================================================
  lnpcc | amazoncom | random 0.4
============================================================
  [HPO] Applying optimized params for amazoncom_random_0.4
    [14:15:55] amazoncom | random 0.4 | lnpcc | run  1/10 | seed=3000 | acc=0.7720 | mean=0.7720 | time=83.23s
  [HPO] Applying optimized params for amazoncom_random_0.4
    [14:17:29] amazoncom | random 0.4 | lnpcc | run  2/10 | seed=3001 | acc=0.7420 | mean=0.7570 | time=87.18s
  [HPO] Applying optimized params for amazoncom_random_0.4
    [14:19:05] amazoncom | random 0.4 | lnpcc | run  3/10 | seed=3002 | acc=0.6880 | mean=0.7340 | time=92.67s
  [HPO] Applying optimized params for amazoncom_random_0.4
    [14:20:39] amazoncom | random 0.4 | lnpcc | run  4/10 | seed=3003 | acc=0.7030 | mean=0.7262 | time=91.76s
  [HPO] Applying optimized params for amazoncom_random_0.4
    [14:22:09] amazoncom | random 0.4 | lnpcc | run  5/10 | seed=3004 | acc=0.6410 | mean=0.7092 | time=78.78s
  [HPO] Applying optimized params for amazoncom_random_0.4
    [14:23:25] amazoncom | random 0.4 | lnpcc | run  6/10 | seed=3005 | acc=0.6660 | mean=0.7020 | time=70.46s
  [HPO] Applying optimized params for amazoncom_random_0.4
    [14:24:34] amazoncom | random 0.4 | lnpcc | run  7/10 | seed=3006 | acc=0.7040 | mean=0.7023 | time=64.34s
  [HPO] Applying optimized params for amazoncom_random_0.4
    [14:25:58] amazoncom | random 0.4 | lnpcc | run  8/10 | seed=3007 | acc=0.7150 | mean=0.7039 | time=80.13s
  [HPO] Applying optimized params for amazoncom_random_0.4
    [14:27:12] amazoncom | random 0.4 | lnpcc | run  9/10 | seed=3008 | acc=0.6750 | mean=0.7007 | time=69.19s
  [HPO] Applying optimized params for amazoncom_random_0.4
    [14:28:20] amazoncom | random 0.4 | lnpcc | run 10/10 | seed=3009 | acc=0.6870 | mean=0.6993 | time=60.69s
  -> mean=0.6993 +/- 0.0357

[OK] Partial CSV: ./log\partial\partial_lnpcc_amazoncom_random_0.4.csv
End: 2026-04-21 14:28:20

[worker] OK DONE  lnpcc_amazoncom_random_0.4  gpu=0  14.1 min  rc=0
