[worker] START  lnpcc_amazoncom_uniform_0.3  gpu=1
======================================================================
GCN + LN-PCC -- NoisyGL Benchmark (Unified)
Start          : 2026-04-21 12:46:54
Variants       : ['lnpcc']
Datasets       : ['amazoncom']
Noise          : [[0.3, 'uniform']]
Runs           : 10  (seeds 3000..3009)
Device         : cuda:1
======================================================================
[HPO] Loaded 160 optimized scenarios from log/hpo_db.json
----Data statistics------'
                Name: amazoncom
                #Nodes 13752
                #Edges 245861
                #Classes 10
                #Ave_degree 35.76
----Split statistics------'
                #Train samples 200 (20 nodes per class)
                #Val samples 500 (specified)
                #Test samples 1000 (specified)

============================================================
  lnpcc | amazoncom | uniform 0.3
============================================================
  [HPO] Applying optimized params for amazoncom_uniform_0.3
    [12:48:14] amazoncom | uniform 0.3 | lnpcc | run  1/10 | seed=3000 | acc=0.7830 | mean=0.7830 | time=79.31s
  [HPO] Applying optimized params for amazoncom_uniform_0.3
    [12:49:30] amazoncom | uniform 0.3 | lnpcc | run  2/10 | seed=3001 | acc=0.7440 | mean=0.7635 | time=74.41s
  [HPO] Applying optimized params for amazoncom_uniform_0.3
    [12:50:47] amazoncom | uniform 0.3 | lnpcc | run  3/10 | seed=3002 | acc=0.7580 | mean=0.7617 | time=75.11s
  [HPO] Applying optimized params for amazoncom_uniform_0.3
    [12:51:56] amazoncom | uniform 0.3 | lnpcc | run  4/10 | seed=3003 | acc=0.7250 | mean=0.7525 | time=67.21s
  [HPO] Applying optimized params for amazoncom_uniform_0.3
    [12:53:09] amazoncom | uniform 0.3 | lnpcc | run  5/10 | seed=3004 | acc=0.6990 | mean=0.7418 | time=68.99s
  [HPO] Applying optimized params for amazoncom_uniform_0.3
    [12:54:18] amazoncom | uniform 0.3 | lnpcc | run  6/10 | seed=3005 | acc=0.7240 | mean=0.7388 | time=68.34s
  [HPO] Applying optimized params for amazoncom_uniform_0.3
    [12:55:27] amazoncom | uniform 0.3 | lnpcc | run  7/10 | seed=3006 | acc=0.7460 | mean=0.7399 | time=68.28s
  [HPO] Applying optimized params for amazoncom_uniform_0.3
    [12:56:37] amazoncom | uniform 0.3 | lnpcc | run  8/10 | seed=3007 | acc=0.7970 | mean=0.7470 | time=67.20s
  [HPO] Applying optimized params for amazoncom_uniform_0.3
    [12:57:52] amazoncom | uniform 0.3 | lnpcc | run  9/10 | seed=3008 | acc=0.6920 | mean=0.7409 | time=73.73s
  [HPO] Applying optimized params for amazoncom_uniform_0.3
    [12:59:13] amazoncom | uniform 0.3 | lnpcc | run 10/10 | seed=3009 | acc=0.7520 | mean=0.7420 | time=77.87s
  -> mean=0.7420 +/- 0.0317

[OK] Partial CSV: ./log\partial\partial_lnpcc_amazoncom_uniform_0.3.csv
End: 2026-04-21 12:59:13
[worker] OK DONE  lnpcc_amazoncom_uniform_0.3  gpu=1  12.3 min  rc=0
