[worker] START  lnpcc_cora_uniform_0.4  gpu=0
======================================================================
GCN + LN-PCC -- NoisyGL Benchmark (Unified)
Start          : 2026-04-21 16:08:52
Variants       : ['lnpcc']
Datasets       : ['cora']
Noise          : [[0.4, 'uniform']]
Runs           : 10  (seeds 3000..3009)
Device         : cuda:0
======================================================================
[HPO] Loaded 160 optimized scenarios from log/hpo_db.json
----Data statistics------'
                Name: cora
                #Nodes 2708
                #Edges 5278
                #Classes 7
                #Ave_degree 3.90
----Split statistics------'
                #Train samples 140 (default)
                #Val samples 500 (default)
                #Test samples 1000 (default)

============================================================
  lnpcc | cora | uniform 0.4
============================================================
  [HPO] Applying optimized params for cora_uniform_0.4
    [16:09:27] cora | uniform 0.4 | lnpcc | run  1/10 | seed=3000 | acc=0.7230 | mean=0.7230 | time=31.79s
  [HPO] Applying optimized params for cora_uniform_0.4
    [16:10:11] cora | uniform 0.4 | lnpcc | run  2/10 | seed=3001 | acc=0.6320 | mean=0.6775 | time=41.03s
  [HPO] Applying optimized params for cora_uniform_0.4
    [16:10:36] cora | uniform 0.4 | lnpcc | run  3/10 | seed=3002 | acc=0.5270 | mean=0.6273 | time=22.49s
  [HPO] Applying optimized params for cora_uniform_0.4
    [16:10:56] cora | uniform 0.4 | lnpcc | run  4/10 | seed=3003 | acc=0.5880 | mean=0.6175 | time=17.62s
  [HPO] Applying optimized params for cora_uniform_0.4
    [16:11:32] cora | uniform 0.4 | lnpcc | run  5/10 | seed=3004 | acc=0.6840 | mean=0.6308 | time=32.87s
  [HPO] Applying optimized params for cora_uniform_0.4
    [16:11:53] cora | uniform 0.4 | lnpcc | run  6/10 | seed=3005 | acc=0.6850 | mean=0.6398 | time=19.25s
  [HPO] Applying optimized params for cora_uniform_0.4
    [16:12:15] cora | uniform 0.4 | lnpcc | run  7/10 | seed=3006 | acc=0.6790 | mean=0.6454 | time=19.48s
  [HPO] Applying optimized params for cora_uniform_0.4
    [16:12:35] cora | uniform 0.4 | lnpcc | run  8/10 | seed=3007 | acc=0.5510 | mean=0.6336 | time=16.77s
  [HPO] Applying optimized params for cora_uniform_0.4
    [16:12:55] cora | uniform 0.4 | lnpcc | run  9/10 | seed=3008 | acc=0.6110 | mean=0.6311 | time=17.74s
  [HPO] Applying optimized params for cora_uniform_0.4
    [16:13:22] cora | uniform 0.4 | lnpcc | run 10/10 | seed=3009 | acc=0.6570 | mean=0.6337 | time=25.94s
  -> mean=0.6337 +/- 0.0605

[OK] Partial CSV: ./log\partial\partial_lnpcc_cora_uniform_0.4.csv
End: 2026-04-21 16:13:22

[worker] OK DONE  lnpcc_cora_uniform_0.4  gpu=0  4.7 min  rc=0
