[worker] START  lnpcc_roman-empire_random_0.3  gpu=1
======================================================================
GCN + LN-PCC -- NoisyGL Benchmark (Unified)
Start          : 2026-04-21 11:40:23
Variants       : ['lnpcc']
Datasets       : ['roman-empire']
Noise          : [[0.3, 'random']]
Runs           : 10  (seeds 3000..3009)
Device         : cuda:1
======================================================================
[HPO] Loaded 160 optimized scenarios from log/hpo_db.json
----Data statistics------'
                Name: roman-empire
                #Nodes 22662
                #Edges 32927
                #Classes 18
                #Ave_degree 2.91
----Split statistics------'
                #Train samples 1133 (5.0 % of nodes)
                #Val samples 3399 (15.0 % of nodes)
                #Test samples 18130 (remaining)

============================================================
  lnpcc | roman-empire | random 0.3
============================================================
  [HPO] Applying optimized params for roman-empire_random_0.3
    [11:47:57] roman-empire | random 0.3 | lnpcc | run  1/10 | seed=3000 | acc=0.3541 | mean=0.3541 | time=452.04s
  [HPO] Applying optimized params for roman-empire_random_0.3
    [11:54:46] roman-empire | random 0.3 | lnpcc | run  2/10 | seed=3001 | acc=0.3220 | mean=0.3380 | time=406.07s
  [HPO] Applying optimized params for roman-empire_random_0.3
    [12:01:41] roman-empire | random 0.3 | lnpcc | run  3/10 | seed=3002 | acc=0.3399 | mean=0.3386 | time=413.79s
  [HPO] Applying optimized params for roman-empire_random_0.3
    [12:09:34] roman-empire | random 0.3 | lnpcc | run  4/10 | seed=3003 | acc=0.3343 | mean=0.3376 | time=471.22s
  [HPO] Applying optimized params for roman-empire_random_0.3
    [12:17:24] roman-empire | random 0.3 | lnpcc | run  5/10 | seed=3004 | acc=0.3520 | mean=0.3404 | time=468.52s
  [HPO] Applying optimized params for roman-empire_random_0.3
    [12:25:13] roman-empire | random 0.3 | lnpcc | run  6/10 | seed=3005 | acc=0.3457 | mean=0.3413 | time=467.72s
  [HPO] Applying optimized params for roman-empire_random_0.3
    [12:32:53] roman-empire | random 0.3 | lnpcc | run  7/10 | seed=3006 | acc=0.3452 | mean=0.3419 | time=458.82s
  [HPO] Applying optimized params for roman-empire_random_0.3
    [12:39:57] roman-empire | random 0.3 | lnpcc | run  8/10 | seed=3007 | acc=0.3446 | mean=0.3422 | time=423.86s
  [HPO] Applying optimized params for roman-empire_random_0.3
    [12:48:10] roman-empire | random 0.3 | lnpcc | run  9/10 | seed=3008 | acc=0.3351 | mean=0.3414 | time=490.83s
  [HPO] Applying optimized params for roman-empire_random_0.3
    [12:56:20] roman-empire | random 0.3 | lnpcc | run 10/10 | seed=3009 | acc=0.3430 | mean=0.3416 | time=489.89s
  -> mean=0.3416 +/- 0.0089

[OK] Partial CSV: ./log\partial\partial_lnpcc_roman-empire_random_0.3.csv
End: 2026-04-21 12:56:20
[worker] OK DONE  lnpcc_roman-empire_random_0.3  gpu=1  76.0 min  rc=0
