[worker] START  lnpcc_pubmed_pair_0.2  gpu=1
======================================================================
GCN + LN-PCC -- NoisyGL Benchmark (Unified)
Start          : 2026-04-21 15:57:44
Variants       : ['lnpcc']
Datasets       : ['pubmed']
Noise          : [[0.2, 'pair']]
Runs           : 10  (seeds 3000..3009)
Device         : cuda:1
======================================================================
[HPO] Loaded 160 optimized scenarios from log/hpo_db.json
----Data statistics------'
                Name: pubmed
                #Nodes 19717
                #Edges 44324
                #Classes 3
                #Ave_degree 4.50
----Split statistics------'
                #Train samples 60 (default)
                #Val samples 500 (default)
                #Test samples 1000 (default)

============================================================
  lnpcc | pubmed | pair 0.2
============================================================
  [HPO] Applying optimized params for pubmed_pair_0.2
    [15:58:41] pubmed | pair 0.2 | lnpcc | run  1/10 | seed=3000 | acc=0.7120 | mean=0.7120 | time=35.84s
  [HPO] Applying optimized params for pubmed_pair_0.2
    [15:59:25] pubmed | pair 0.2 | lnpcc | run  2/10 | seed=3001 | acc=0.7230 | mean=0.7175 | time=33.54s
  [HPO] Applying optimized params for pubmed_pair_0.2
    [16:00:18] pubmed | pair 0.2 | lnpcc | run  3/10 | seed=3002 | acc=0.7180 | mean=0.7177 | time=42.26s
  [HPO] Applying optimized params for pubmed_pair_0.2
    [16:01:04] pubmed | pair 0.2 | lnpcc | run  4/10 | seed=3003 | acc=0.7180 | mean=0.7177 | time=37.97s
  [HPO] Applying optimized params for pubmed_pair_0.2
    [16:01:51] pubmed | pair 0.2 | lnpcc | run  5/10 | seed=3004 | acc=0.6800 | mean=0.7102 | time=36.80s
  [HPO] Applying optimized params for pubmed_pair_0.2
    [16:02:30] pubmed | pair 0.2 | lnpcc | run  6/10 | seed=3005 | acc=0.7050 | mean=0.7093 | time=35.43s
  [HPO] Applying optimized params for pubmed_pair_0.2
    [16:03:08] pubmed | pair 0.2 | lnpcc | run  7/10 | seed=3006 | acc=0.7070 | mean=0.7090 | time=34.39s
  [HPO] Applying optimized params for pubmed_pair_0.2
    [16:03:45] pubmed | pair 0.2 | lnpcc | run  8/10 | seed=3007 | acc=0.7020 | mean=0.7081 | time=28.21s
  [HPO] Applying optimized params for pubmed_pair_0.2
    [16:04:17] pubmed | pair 0.2 | lnpcc | run  9/10 | seed=3008 | acc=0.7260 | mean=0.7101 | time=30.73s
  [HPO] Applying optimized params for pubmed_pair_0.2
    [16:04:49] pubmed | pair 0.2 | lnpcc | run 10/10 | seed=3009 | acc=0.7650 | mean=0.7156 | time=27.75s
  -> mean=0.7156 +/- 0.0207

[OK] Partial CSV: ./log\partial\partial_lnpcc_pubmed_pair_0.2.csv
End: 2026-04-21 16:04:49

[worker] OK DONE  lnpcc_pubmed_pair_0.2  gpu=1  7.3 min  rc=0
