[worker] START  lnpcc_blogcatalog_pair_0.2  gpu=1
======================================================================
GCN + LN-PCC -- NoisyGL Benchmark (Unified)
Start          : 2026-04-21 15:34:34
Variants       : ['lnpcc']
Datasets       : ['blogcatalog']
Noise          : [[0.2, 'pair']]
Runs           : 10  (seeds 3000..3009)
Device         : cuda:1
======================================================================
[HPO] Loaded 160 optimized scenarios from log/hpo_db.json
----Data statistics------'
                Name: blogcatalog
                #Nodes 5196
                #Edges 171743
                #Classes 6
                #Ave_degree 66.11
----Split statistics------'
                #Train samples 259 (5.0 % of nodes)
                #Val samples 779 (15.0 % of nodes)
                #Test samples 4158 (remaining)

============================================================
  lnpcc | blogcatalog | pair 0.2
============================================================
  [HPO] Applying optimized params for blogcatalog_pair_0.2
    [15:35:14] blogcatalog | pair 0.2 | lnpcc | run  1/10 | seed=3000 | acc=0.7492 | mean=0.7492 | time=37.57s
  [HPO] Applying optimized params for blogcatalog_pair_0.2
    [15:35:54] blogcatalog | pair 0.2 | lnpcc | run  2/10 | seed=3001 | acc=0.7003 | mean=0.7247 | time=36.67s
  [HPO] Applying optimized params for blogcatalog_pair_0.2
    [15:36:24] blogcatalog | pair 0.2 | lnpcc | run  3/10 | seed=3002 | acc=0.7008 | mean=0.7168 | time=29.60s
  [HPO] Applying optimized params for blogcatalog_pair_0.2
    [15:36:59] blogcatalog | pair 0.2 | lnpcc | run  4/10 | seed=3003 | acc=0.6938 | mean=0.7110 | time=33.84s
  [HPO] Applying optimized params for blogcatalog_pair_0.2
    [15:37:32] blogcatalog | pair 0.2 | lnpcc | run  5/10 | seed=3004 | acc=0.6967 | mean=0.7082 | time=32.34s
  [HPO] Applying optimized params for blogcatalog_pair_0.2
    [15:38:15] blogcatalog | pair 0.2 | lnpcc | run  6/10 | seed=3005 | acc=0.7035 | mean=0.7074 | time=41.71s
  [HPO] Applying optimized params for blogcatalog_pair_0.2
    [15:38:50] blogcatalog | pair 0.2 | lnpcc | run  7/10 | seed=3006 | acc=0.7056 | mean=0.7071 | time=28.95s
  [HPO] Applying optimized params for blogcatalog_pair_0.2
    [15:39:36] blogcatalog | pair 0.2 | lnpcc | run  8/10 | seed=3007 | acc=0.7302 | mean=0.7100 | time=42.34s
  [HPO] Applying optimized params for blogcatalog_pair_0.2
    [15:40:31] blogcatalog | pair 0.2 | lnpcc | run  9/10 | seed=3008 | acc=0.7119 | mean=0.7102 | time=41.44s
  [HPO] Applying optimized params for blogcatalog_pair_0.2
    [15:41:31] blogcatalog | pair 0.2 | lnpcc | run 10/10 | seed=3009 | acc=0.6924 | mean=0.7084 | time=47.62s
  -> mean=0.7084 +/- 0.0170

[OK] Partial CSV: ./log\partial\partial_lnpcc_blogcatalog_pair_0.2.csv
End: 2026-04-21 15:41:31

[worker] OK DONE  lnpcc_blogcatalog_pair_0.2  gpu=1  7.3 min  rc=0
