[worker] START  hpo_roman-empire_uniform_0.1  gpu=1
======================================================================
GCN + LN-PCC -- NoisyGL Benchmark (Unified)
Start          : 2026-04-17 16:58:40
Variants       : ['lnpcc']
Datasets       : ['roman-empire']
Noise          : [[0.1, 'uniform']]
Runs           : 10  (seeds 3000..3009)
Device         : cuda:1
======================================================================

[HPO] Optimizing lnpcc on roman-empire_uniform_0.1 (max_trials=200, max_k_same=60)

[Optuna] Scenario: roman-empire_uniform_0.1  (max_trials=200, startup=20)
  [Trial   1] roman-empire_uniform_0.1 | acc=0.1529  (441.3s)  knn=d  k= 14  dexp=7.40  p_grd=0.421  unc_rem=0.161  unc_rel=0.537  drop=0.52  h=128  L=3  lr=0.1  wd=0.05
  [Trial   2] roman-empire_uniform_0.1 | acc=0.1377  (340.9s)  knn=d  k= 17  dexp=0.88  p_grd=0.193  unc_rem=0.850  unc_rel=0.092  drop=0.89  h=128  L=3  lr=1e-05  wd=0.1
  [Trial   3] roman-empire_uniform_0.1 | acc=0.0987  (185.4s)  knn=s  k= 60  dexp=4.63  p_grd=0.375  unc_rem=0.959  unc_rel=0.839  drop=0.11  h=16  L=4  lr=1e-05  wd=0.1
  [Trial   4] roman-empire_uniform_0.1 | acc=0.2621  (114.9s)  knn=s  k= 20  dexp=3.86  p_grd=0.215  unc_rem=0.881  unc_rel=0.612  drop=0.58  h=32  L=3  lr=0.005  wd=0.001
  [Trial   5] roman-empire_uniform_0.1 | acc=0.2365  (179.1s)  knn=u  k=-    dexp=8.18  p_grd=0.344  unc_rem=0.346  unc_rel=0.828  drop=0.50  h=64  L=4  lr=0.001  wd=0.001
  [Trial   6] roman-empire_uniform_0.1 | acc=0.2757  (233.1s)  knn=s  k= 60  dexp=9.63  p_grd=0.431  unc_rem=0.779  unc_rel=0.683  drop=0.44  h=32  L=1  lr=0.1  wd=0.01
  [Trial   7] roman-empire_uniform_0.1 | acc=0.1490  (336.2s)  knn=d  k= 22  dexp=8.98  p_grd=0.186  unc_rem=0.562  unc_rel=0.930  drop=0.36  h=32  L=3  lr=0.0001  wd=0.005
  [Trial   8] roman-empire_uniform_0.1 | acc=0.2767  (755.7s)  knn=d  k= 15  dexp=2.27  p_grd=0.167  unc_rem=0.876  unc_rel=0.021  drop=0.20  h=128  L=3  lr=0.1  wd=0.005
  [Trial   9] roman-empire_uniform_0.1 | acc=0.3572  (499.1s)  knn=p  k= 21  dexp=7.05  p_grd=0.405  unc_rem=0.819  unc_rel=0.209  drop=0.56  h=32  L=2  lr=0.01  wd=1e-05
  [Trial  10] roman-empire_uniform_0.1 | acc=0.2818  (716.3s)  knn=d  k= 23  dexp=5.37  p_grd=0.494  unc_rem=0.196  unc_rel=0.286  drop=0.68  h=64  L=3  lr=0.05  wd=0.005
  [Trial  11] roman-empire_uniform_0.1 | acc=0.2030  (260.7s)  knn=s  k= 10  dexp=6.60  p_grd=0.444  unc_rem=0.958  unc_rel=0.876  drop=0.66  h=16  L=4  lr=0.05  wd=1e-05
  [Trial  12] roman-empire_uniform_0.1 | acc=0.2587  (120.7s)  knn=u  k=-    dexp=8.76  p_grd=0.091  unc_rem=0.305  unc_rel=0.438  drop=0.14  h=64  L=3  lr=0.001  wd=0.0001
  [Trial  13] roman-empire_uniform_0.1 | acc=0.1393  (263.4s)  knn=p  k=  9  dexp=7.90  p_grd=0.228  unc_rem=0.196  unc_rel=0.065  drop=0.88  h=16  L=4  lr=0.1  wd=0.005
  [Trial  14] roman-empire_uniform_0.1 | acc=0.1922  (207.3s)  knn=s  k= 20  dexp=4.82  p_grd=0.311  unc_rem=0.084  unc_rel=0.251  drop=0.17  h=32  L=2  lr=0.0005  wd=0.005
  [Trial  15] roman-empire_uniform_0.1 | acc=0.2019  (367.2s)  knn=d  k=  5  dexp=1.73  p_grd=0.294  unc_rem=0.145  unc_rel=0.870  drop=0.67  h=32  L=1  lr=0.0001  wd=0.001
  [Trial  16] roman-empire_uniform_0.1 | acc=0.0670  (410.7s)  knn=p  k= 15  dexp=1.15  p_grd=0.289  unc_rem=0.335  unc_rel=0.495  drop=0.39  h=64  L=4  lr=1e-05  wd=0.0005
  [Trial  17] roman-empire_uniform_0.1 | acc=0.1759  (234.0s)  knn=p  k= 10  dexp=8.27  p_grd=0.189  unc_rem=0.042  unc_rel=0.304  drop=0.53  h=32  L=4  lr=0.005  wd=0.005
  [Trial  18] roman-empire_uniform_0.1 | acc=0.2287  (201.5s)  knn=d  k=  3  dexp=2.21  p_grd=0.206  unc_rem=0.616  unc_rel=0.167  drop=0.40  h=64  L=3  lr=0.005  wd=0.01
  [Trial  19] roman-empire_uniform_0.1 | acc=0.2895  (525.8s)  knn=p  k= 13  dexp=3.83  p_grd=0.476  unc_rem=0.774  unc_rel=0.043  drop=0.57  h=128  L=1  lr=0.001  wd=5e-05
  [Trial  20] roman-empire_uniform_0.1 | acc=0.3412  (184.1s)  knn=u  k=-    dexp=6.93  p_grd=0.170  unc_rem=0.841  unc_rel=0.089  drop=0.61  h=16  L=2  lr=0.01  wd=5e-05
  [Trial  21] roman-empire_uniform_0.1 | acc=0.3407  (152.8s)  knn=u  k=-    dexp=6.27  p_grd=0.160  unc_rem=0.801  unc_rel=0.098  drop=0.63  h=64  L=2  lr=0.01  wd=5e-05
  [Trial  22] roman-empire_uniform_0.1 | acc=0.3619  (450.4s)  knn=p  k= 23  dexp=8.50  p_grd=0.268  unc_rem=0.954  unc_rel=0.078  drop=0.64  h=32  L=2  lr=0.01  wd=1e-05
  [Trial  23] roman-empire_uniform_0.1 | acc=0.3442  (454.3s)  knn=d  k= 24  dexp=8.28  p_grd=0.346  unc_rem=0.639  unc_rel=0.069  drop=0.62  h=32  L=2  lr=0.01  wd=0.005
  [Trial  24] roman-empire_uniform_0.1 | acc=0.2270  (450.8s)  knn=p  k= 24  dexp=8.14  p_grd=0.254  unc_rem=0.868  unc_rel=0.153  drop=0.73  h=32  L=2  lr=0.0005  wd=1e-05
  [Trial  25] roman-empire_uniform_0.1 | acc=0.3576  (733.0s)  knn=p  k= 24  dexp=6.83  p_grd=0.461  unc_rem=0.989  unc_rel=0.211  drop=0.53  h=64  L=2  lr=0.01  wd=1e-05
  [Trial  26] roman-empire_uniform_0.1 | acc=0.3539  (693.3s)  knn=p  k= 24  dexp=7.68  p_grd=0.499  unc_rem=0.999  unc_rel=0.218  drop=0.22  h=32  L=2  lr=0.005  wd=1e-05
  [Trial  27] roman-empire_uniform_0.1 | acc=0.3534  (527.9s)  knn=p  k= 20  dexp=5.81  p_grd=0.379  unc_rem=0.689  unc_rel=0.193  drop=0.37  h=128  L=2  lr=0.01  wd=1e-05
  [Trial  28] roman-empire_uniform_0.1 | acc=0.2110  (615.5s)  knn=p  k= 24  dexp=2.76  p_grd=0.389  unc_rem=0.928  unc_rel=0.226  drop=0.56  h=64  L=3  lr=0.1  wd=1e-05
  [Trial  29] roman-empire_uniform_0.1 | acc=0.3355  (522.5s)  knn=p  k= 20  dexp=9.10  p_grd=0.420  unc_rem=0.885  unc_rel=0.473  drop=0.69  h=128  L=1  lr=0.01  wd=1e-05
  [Trial  30] roman-empire_uniform_0.1 | acc=0.2743  (502.2s)  knn=p  k= 24  dexp=9.67  p_grd=0.409  unc_rem=0.702  unc_rel=0.110  drop=0.59  h=64  L=3  lr=0.005  wd=1e-05
  [Trial  31] roman-empire_uniform_0.1 | acc=0.1762  (262.6s)  knn=s  k= 35  dexp=6.78  p_grd=0.476  unc_rem=0.924  unc_rel=0.211  drop=0.63  h=64  L=2  lr=0.01  wd=0.05
  [Trial  32] roman-empire_uniform_0.1 | acc=0.3508  (511.8s)  knn=p  k= 23  dexp=6.57  p_grd=0.396  unc_rem=0.943  unc_rel=0.408  drop=0.16  h=16  L=2  lr=0.005  wd=1e-05
  [Trial  33] roman-empire_uniform_0.1 | acc=0.3510  (585.4s)  knn=p  k= 23  dexp=8.51  p_grd=0.499  unc_rem=0.940  unc_rel=0.531  drop=0.10  h=32  L=2  lr=0.01  wd=0.0001
  [Trial  34] roman-empire_uniform_0.1 | acc=0.2286  (649.7s)  knn=p  k= 20  dexp=8.19  p_grd=0.480  unc_rem=0.567  unc_rel=0.274  drop=0.36  h=32  L=4  lr=0.05  wd=1e-05
  [Trial  35] roman-empire_uniform_0.1 | acc=0.1333  (549.5s)  knn=p  k= 23  dexp=7.41  p_grd=0.466  unc_rem=0.990  unc_rel=0.323  drop=0.65  h=16  L=2  lr=0.0001  wd=0.01
  [Trial  36] roman-empire_uniform_0.1 | acc=0.3528  (656.6s)  knn=d  k= 24  dexp=7.02  p_grd=0.477  unc_rem=0.938  unc_rel=0.231  drop=0.38  h=32  L=2  lr=0.005  wd=5e-05
  [Trial  37] roman-empire_uniform_0.1 | acc=0.0194  (493.3s)  knn=p  k= 19  dexp=7.24  p_grd=0.335  unc_rem=0.979  unc_rel=0.034  drop=0.59  h=64  L=2  lr=1e-05  wd=0.005
  [Trial  38] roman-empire_uniform_0.1 | acc=0.3108  (214.0s)  knn=u  k=-    dexp=2.78  p_grd=0.494  unc_rem=0.955  unc_rel=0.316  drop=0.29  h=32  L=2  lr=0.001  wd=1e-05
  [Trial  39] roman-empire_uniform_0.1 | acc=0.2641  (635.2s)  knn=p  k= 18  dexp=7.14  p_grd=0.475  unc_rem=0.780  unc_rel=0.328  drop=0.31  h=32  L=3  lr=0.005  wd=0.005
  [Trial  40] roman-empire_uniform_0.1 | acc=0.2350  (440.0s)  knn=p  k= 24  dexp=8.38  p_grd=0.264  unc_rem=0.998  unc_rel=0.051  drop=0.73  h=128  L=4  lr=0.01  wd=0.001
  [Trial  41] roman-empire_uniform_0.1 | acc=0.2536  (380.8s)  knn=p  k= 19  dexp=6.34  p_grd=0.227  unc_rem=0.893  unc_rel=0.325  drop=0.76  h=32  L=3  lr=0.01  wd=0.0005
  [Trial  42] roman-empire_uniform_0.1 | acc=0.3488  (456.7s)  knn=p  k= 21  dexp=5.52  p_grd=0.398  unc_rem=0.674  unc_rel=0.041  drop=0.22  h=128  L=2  lr=0.001  wd=1e-05
  [Trial  43] roman-empire_uniform_0.1 | acc=0.3482  (127.2s)  knn=s  k= 20  dexp=6.93  p_grd=0.271  unc_rem=0.776  unc_rel=0.084  drop=0.59  h=32  L=1  lr=0.01  wd=1e-05
  [Trial  44] roman-empire_uniform_0.1 | acc=0.3581  (500.2s)  knn=p  k= 20  dexp=7.06  p_grd=0.496  unc_rem=0.860  unc_rel=0.278  drop=0.52  h=64  L=2  lr=0.01  wd=1e-05
  [Trial  45] roman-empire_uniform_0.1 | acc=0.2584  (516.9s)  knn=p  k= 24  dexp=7.30  p_grd=0.401  unc_rem=0.903  unc_rel=0.041  drop=0.14  h=32  L=1  lr=0.0005  wd=1e-05
  [Trial  46] roman-empire_uniform_0.1 | acc=0.2746  (560.4s)  knn=p  k= 19  dexp=6.44  p_grd=0.498  unc_rem=0.907  unc_rel=0.336  drop=0.43  h=64  L=3  lr=0.01  wd=1e-05
  [Trial  47] roman-empire_uniform_0.1 | acc=0.3486  (556.2s)  knn=p  k= 23  dexp=8.93  p_grd=0.479  unc_rem=0.812  unc_rel=0.016  drop=0.30  h=32  L=2  lr=0.005  wd=1e-05
  [Trial  48] roman-empire_uniform_0.1 | acc=0.3614  (451.3s)  knn=p  k= 24  dexp=9.53  p_grd=0.368  unc_rem=0.912  unc_rel=0.202  drop=0.54  h=64  L=2  lr=0.01  wd=1e-05
  [Trial  49] roman-empire_uniform_0.1 | acc=0.3546  (397.8s)  knn=p  k= 18  dexp=8.02  p_grd=0.345  unc_rem=0.912  unc_rel=0.144  drop=0.65  h=64  L=2  lr=0.01  wd=1e-05
  [Trial  50] roman-empire_uniform_0.1 | acc=0.1485  (452.8s)  knn=p  k= 20  dexp=8.16  p_grd=0.259  unc_rem=0.820  unc_rel=0.012  drop=0.41  h=32  L=2  lr=0.01  wd=0.1
  [Trial  51] roman-empire_uniform_0.1 | acc=0.3481  (491.8s)  knn=d  k= 24  dexp=9.75  p_grd=0.388  unc_rem=0.967  unc_rel=0.375  drop=0.46  h=64  L=2  lr=0.1  wd=1e-05
  [Trial  52] roman-empire_uniform_0.1 | acc=0.3589  (852.1s)  knn=p  k= 16  dexp=9.25  p_grd=0.376  unc_rem=0.826  unc_rel=0.159  drop=0.60  h=16  L=2  lr=0.01  wd=1e-05
  [Trial  53] roman-empire_uniform_0.1 | acc=0.3452  (405.1s)  knn=p  k= 16  dexp=9.28  p_grd=0.326  unc_rem=0.857  unc_rel=0.278  drop=0.53  h=16  L=1  lr=0.01  wd=0.0001
  [Trial  54] roman-empire_uniform_0.1 | acc=0.3543  (447.5s)  knn=p  k= 15  dexp=7.98  p_grd=0.424  unc_rem=0.802  unc_rel=0.232  drop=0.65  h=16  L=2  lr=0.1  wd=1e-05
  [Trial  55] roman-empire_uniform_0.1 | acc=0.1424  (491.1s)  knn=p  k= 15  dexp=8.85  p_grd=0.416  unc_rem=0.891  unc_rel=0.280  drop=0.35  h=128  L=4  lr=0.0001  wd=0.0005
  [Trial  56] roman-empire_uniform_0.1 | acc=0.3623  (443.0s)  knn=p  k= 20  dexp=5.06  p_grd=0.359  unc_rem=0.962  unc_rel=0.300  drop=0.29  h=64  L=2  lr=0.01  wd=0.0005
  [Trial  57] roman-empire_uniform_0.1 | acc=0.3433  (512.3s)  knn=p  k= 17  dexp=6.38  p_grd=0.394  unc_rem=0.862  unc_rel=0.247  drop=0.15  h=64  L=1  lr=0.01  wd=0.0005
  [Trial  58] roman-empire_uniform_0.1 | acc=0.3544  (238.1s)  knn=p  k=  1  dexp=5.90  p_grd=0.302  unc_rem=0.872  unc_rel=0.539  drop=0.27  h=64  L=2  lr=0.1  wd=0.0005
  [Trial  59] roman-empire_uniform_0.1 | acc=0.2153  (561.0s)  knn=p  k= 20  dexp=9.18  p_grd=0.451  unc_rem=0.704  unc_rel=0.203  drop=0.60  h=16  L=4  lr=0.01  wd=1e-05
  [Trial  60] roman-empire_uniform_0.1 | acc=0.3560  (523.9s)  knn=d  k= 21  dexp=4.52  p_grd=0.392  unc_rem=0.981  unc_rel=0.429  drop=0.23  h=64  L=2  lr=0.01  wd=0.0001
  [Trial  61] roman-empire_uniform_0.1 | acc=0.3332  (241.3s)  knn=s  k= 15  dexp=8.26  p_grd=0.496  unc_rem=0.692  unc_rel=0.382  drop=0.45  h=64  L=2  lr=0.001  wd=1e-05
  [Trial  62] roman-empire_uniform_0.1 | acc=0.1665  (547.3s)  knn=p  k= 21  dexp=5.26  p_grd=0.498  unc_rem=0.583  unc_rel=0.192  drop=0.40  h=64  L=2  lr=0.1  wd=0.05
  [Trial  63] roman-empire_uniform_0.1 | acc=0.2397  (357.6s)  knn=p  k= 21  dexp=9.62  p_grd=0.289  unc_rem=0.896  unc_rel=0.188  drop=0.39  h=64  L=4  lr=0.001  wd=1e-05
  [Trial  64] roman-empire_uniform_0.1 | acc=0.1423  (606.4s)  knn=p  k= 24  dexp=6.08  p_grd=0.410  unc_rem=0.852  unc_rel=0.531  drop=0.58  h=32  L=2  lr=0.0001  wd=1e-05
  [Trial  65] roman-empire_uniform_0.1 | acc=0.1677  (582.0s)  knn=p  k= 20  dexp=7.71  p_grd=0.449  unc_rem=0.928  unc_rel=0.144  drop=0.56  h=32  L=4  lr=0.01  wd=0.05
  [Trial  66] roman-empire_uniform_0.1 | acc=0.1967  (209.6s)  knn=u  k=-    dexp=4.64  p_grd=0.331  unc_rem=0.843  unc_rel=0.260  drop=0.41  h=64  L=2  lr=0.0001  wd=0.0005
  [Trial  67] roman-empire_uniform_0.1 | acc=0.3838  (631.0s)  knn=p  k= 24  dexp=6.01  p_grd=0.454  unc_rem=0.866  unc_rel=0.263  drop=0.62  h=32  L=2  lr=0.01  wd=0.001
  [Trial  68] roman-empire_uniform_0.1 | acc=0.3879  (471.1s)  knn=p  k= 24  dexp=5.82  p_grd=0.432  unc_rem=0.867  unc_rel=0.630  drop=0.68  h=128  L=2  lr=0.01  wd=0.001
  [Trial  69] roman-empire_uniform_0.1 | acc=0.3851  (604.3s)  knn=p  k= 24  dexp=5.66  p_grd=0.485  unc_rem=0.752  unc_rel=0.473  drop=0.69  h=32  L=2  lr=0.01  wd=0.001
  [Trial  70] roman-empire_uniform_0.1 | acc=0.3426  (540.3s)  knn=p  k= 24  dexp=6.89  p_grd=0.395  unc_rem=0.838  unc_rel=0.466  drop=0.72  h=128  L=2  lr=0.001  wd=0.001
  [Trial  71] roman-empire_uniform_0.1 | acc=0.3806  (664.5s)  knn=p  k= 24  dexp=5.19  p_grd=0.476  unc_rem=0.712  unc_rel=0.858  drop=0.57  h=128  L=2  lr=0.01  wd=0.001
  [Trial  72] roman-empire_uniform_0.1 | acc=0.3869  (637.9s)  knn=p  k= 24  dexp=2.69  p_grd=0.455  unc_rem=0.747  unc_rel=0.589  drop=0.85  h=32  L=2  lr=0.05  wd=0.001
  [Trial  73] roman-empire_uniform_0.1 | acc=0.3854  (580.5s)  knn=p  k= 24  dexp=3.79  p_grd=0.405  unc_rem=0.524  unc_rel=0.895  drop=0.42  h=128  L=2  lr=0.01  wd=0.001
  [Trial  74] roman-empire_uniform_0.1 | acc=0.3815  (570.1s)  knn=p  k= 24  dexp=3.88  p_grd=0.403  unc_rem=0.214  unc_rel=0.973  drop=0.31  h=128  L=2  lr=0.01  wd=0.001
  [Trial  75] roman-empire_uniform_0.1 | acc=0.3697  (610.3s)  knn=d  k= 24  dexp=4.04  p_grd=0.402  unc_rem=0.201  unc_rel=0.854  drop=0.17  h=128  L=2  lr=0.01  wd=0.001
  [Trial  76] roman-empire_uniform_0.1 | acc=0.3723  (555.2s)  knn=p  k= 24  dexp=3.54  p_grd=0.339  unc_rem=0.399  unc_rel=0.743  drop=0.28  h=128  L=2  lr=0.01  wd=0.001
  [Trial  77] roman-empire_uniform_0.1 | acc=0.3869  (644.4s)  knn=p  k= 24  dexp=4.47  p_grd=0.477  unc_rem=0.847  unc_rel=0.859  drop=0.68  h=128  L=2  lr=0.01  wd=0.001
  [Trial  78] roman-empire_uniform_0.1 | acc=0.4122  (602.5s)  knn=p  k= 24  dexp=2.90  p_grd=0.477  unc_rem=0.801  unc_rel=0.343  drop=0.74  h=32  L=2  lr=0.1  wd=0.001
  [Trial  79] roman-empire_uniform_0.1 | acc=0.3863  (618.4s)  knn=p  k= 24  dexp=2.47  p_grd=0.456  unc_rem=0.732  unc_rel=0.226  drop=0.66  h=32  L=2  lr=0.01  wd=0.001
  [Trial  80] roman-empire_uniform_0.1 | acc=0.3783  (732.0s)  knn=p  k= 24  dexp=1.26  p_grd=0.473  unc_rem=0.707  unc_rel=0.725  drop=0.75  h=32  L=2  lr=0.05  wd=0.001
  [Trial  81] roman-empire_uniform_0.1 | acc=0.3761  (577.7s)  knn=p  k= 24  dexp=1.24  p_grd=0.343  unc_rem=0.755  unc_rel=0.125  drop=0.57  h=32  L=2  lr=0.1  wd=0.001
  [Trial  82] roman-empire_uniform_0.1 | acc=0.3819  (590.4s)  knn=d  k= 24  dexp=3.40  p_grd=0.358  unc_rem=0.883  unc_rel=0.502  drop=0.60  h=32  L=2  lr=0.01  wd=0.001
  [Trial  83] roman-empire_uniform_0.1 | acc=0.2982  (591.1s)  knn=d  k= 25  dexp=3.87  p_grd=0.462  unc_rem=0.817  unc_rel=0.385  drop=0.60  h=32  L=2  lr=0.01  wd=0.01
  [Trial  84] roman-empire_uniform_0.1 | acc=0.1990  (551.4s)  knn=p  k= 24  dexp=1.95  p_grd=0.457  unc_rem=0.883  unc_rel=0.414  drop=0.70  h=32  L=4  lr=0.01  wd=0.001
  [Trial  85] roman-empire_uniform_0.1 | acc=0.2736  (203.2s)  knn=u  k=-    dexp=7.33  p_grd=0.382  unc_rem=0.790  unc_rel=0.679  drop=0.71  h=128  L=3  lr=0.01  wd=0.001
  [Trial  86] roman-empire_uniform_0.1 | acc=0.3871  (238.2s)  knn=s  k= 40  dexp=5.37  p_grd=0.487  unc_rem=0.750  unc_rel=0.254  drop=0.77  h=32  L=2  lr=0.1  wd=0.001
  [Trial  87] roman-empire_uniform_0.1 | acc=0.3718  (518.9s)  knn=p  k= 25  dexp=7.22  p_grd=0.438  unc_rem=0.482  unc_rel=0.324  drop=0.83  h=32  L=2  lr=0.01  wd=0.001
  [Trial  88] roman-empire_uniform_0.1 | acc=0.3956  (164.4s)  knn=s  k= 25  dexp=2.96  p_grd=0.396  unc_rem=0.781  unc_rel=0.455  drop=0.69  h=128  L=2  lr=0.1  wd=0.001
  [Trial  89] roman-empire_uniform_0.1 | acc=0.3926  (166.2s)  knn=s  k= 25  dexp=5.35  p_grd=0.275  unc_rem=0.519  unc_rel=0.411  drop=0.53  h=128  L=2  lr=0.1  wd=0.001
  [Trial  90] roman-empire_uniform_0.1 | acc=0.3848  (148.4s)  knn=s  k= 25  dexp=1.78  p_grd=0.460  unc_rem=0.782  unc_rel=0.697  drop=0.61  h=128  L=2  lr=0.1  wd=0.001
  [Trial  91] roman-empire_uniform_0.1 | acc=0.2667  (238.8s)  knn=s  k= 25  dexp=4.66  p_grd=0.481  unc_rem=0.649  unc_rel=0.357  drop=0.71  h=32  L=3  lr=0.1  wd=0.005
  [Trial  92] roman-empire_uniform_0.1 | acc=0.0359  (625.1s)  knn=p  k= 25  dexp=2.38  p_grd=0.423  unc_rem=0.844  unc_rel=0.278  drop=0.90  h=32  L=2  lr=1e-05  wd=0.1
  [Trial  93] roman-empire_uniform_0.1 | acc=0.3897  (100.0s)  knn=s  k= 25  dexp=4.82  p_grd=0.162  unc_rem=0.373  unc_rel=0.364  drop=0.53  h=128  L=2  lr=0.1  wd=0.001
  [Trial  94] roman-empire_uniform_0.1 | acc=0.3386  (146.0s)  knn=s  k= 25  dexp=5.43  p_grd=0.273  unc_rem=0.315  unc_rel=0.295  drop=0.53  h=128  L=2  lr=0.1  wd=5e-05
  [Trial  95] roman-empire_uniform_0.1 | acc=0.1652  (232.1s)  knn=s  k= 25  dexp=5.21  p_grd=0.477  unc_rem=0.739  unc_rel=0.012  drop=0.68  h=32  L=2  lr=0.1  wd=0.1
  [Trial  96] roman-empire_uniform_0.1 | acc=0.3847  (96.2s)  knn=s  k= 25  dexp=7.03  p_grd=0.150  unc_rem=0.452  unc_rel=0.463  drop=0.27  h=128  L=2  lr=0.1  wd=0.001
  [Trial  97] roman-empire_uniform_0.1 | acc=0.1409  (235.6s)  knn=s  k= 25  dexp=4.34  p_grd=0.484  unc_rem=0.500  unc_rel=0.204  drop=0.79  h=32  L=2  lr=0.0001  wd=0.001
  [Trial  98] roman-empire_uniform_0.1 | acc=0.4056  (177.9s)  knn=s  k= 25  dexp=5.29  p_grd=0.342  unc_rem=0.374  unc_rel=0.406  drop=0.58  h=128  L=2  lr=0.05  wd=0.001
  [Trial  99] roman-empire_uniform_0.1 | acc=0.3062  (146.1s)  knn=s  k= 25  dexp=5.73  p_grd=0.304  unc_rem=0.513  unc_rel=0.108  drop=0.68  h=128  L=2  lr=0.0005  wd=0.001
  [Trial 100] roman-empire_uniform_0.1 | acc=0.3820  (183.6s)  knn=s  k= 25  dexp=4.21  p_grd=0.480  unc_rem=0.735  unc_rel=0.310  drop=0.70  h=16  L=2  lr=0.1  wd=0.001
  [Trial 101] roman-empire_uniform_0.1 | acc=0.3253  (144.1s)  knn=s  k= 25  dexp=5.14  p_grd=0.254  unc_rem=0.416  unc_rel=0.652  drop=0.51  h=128  L=1  lr=0.005  wd=0.001
  [Trial 102] roman-empire_uniform_0.1 | acc=0.3244  (198.5s)  knn=p  k= 25  dexp=5.63  p_grd=0.063  unc_rem=0.199  unc_rel=0.311  drop=0.56  h=128  L=2  lr=0.1  wd=0.001
  [Trial 103] roman-empire_uniform_0.1 | acc=0.2322  (82.6s)  knn=s  k= 25  dexp=4.28  p_grd=0.139  unc_rem=0.444  unc_rel=0.104  drop=0.60  h=128  L=4  lr=0.1  wd=0.001
  [Trial 104] roman-empire_uniform_0.1 | acc=0.3747  (200.2s)  knn=u  k=-    dexp=3.14  p_grd=0.450  unc_rem=0.691  unc_rel=0.317  drop=0.82  h=128  L=2  lr=0.005  wd=0.001
  [Trial 105] roman-empire_uniform_0.1 | acc=0.2068  (212.0s)  knn=s  k= 25  dexp=7.65  p_grd=0.493  unc_rem=0.878  unc_rel=0.324  drop=0.66  h=32  L=4  lr=0.1  wd=0.001
  [Trial 106] roman-empire_uniform_0.1 | acc=0.3620  (196.1s)  knn=s  k= 25  dexp=6.52  p_grd=0.301  unc_rem=0.657  unc_rel=0.542  drop=0.44  h=128  L=2  lr=0.05  wd=0.005
  [Trial 107] roman-empire_uniform_0.1 | acc=0.3933  (120.4s)  knn=s  k= 50  dexp=2.32  p_grd=0.261  unc_rem=0.477  unc_rel=0.459  drop=0.56  h=128  L=2  lr=0.05  wd=0.001
  [Trial 108] roman-empire_uniform_0.1 | acc=0.0725  (599.9s)  knn=d  k= 25  dexp=5.41  p_grd=0.468  unc_rem=0.880  unc_rel=0.900  drop=0.74  h=128  L=2  lr=1e-05  wd=0.001
  [Trial 109] roman-empire_uniform_0.1 | acc=0.3793  (100.5s)  knn=s  k= 25  dexp=1.54  p_grd=0.322  unc_rem=0.640  unc_rel=0.336  drop=0.67  h=128  L=2  lr=0.05  wd=0.0005
  [Trial 110] roman-empire_uniform_0.1 | acc=0.3918  (209.9s)  knn=u  k=-    dexp=4.23  p_grd=0.389  unc_rem=0.300  unc_rel=0.544  drop=0.49  h=128  L=2  lr=0.05  wd=0.001
  [Trial 111] roman-empire_uniform_0.1 | acc=0.3301  (82.1s)  knn=s  k= 25  dexp=2.78  p_grd=0.150  unc_rem=0.698  unc_rel=0.410  drop=0.48  h=128  L=2  lr=0.001  wd=0.0001
  [Trial 112] roman-empire_uniform_0.1 | acc=0.3951  (206.5s)  knn=u  k=-    dexp=4.86  p_grd=0.371  unc_rem=0.387  unc_rel=0.690  drop=0.52  h=128  L=2  lr=0.05  wd=0.001
  [Trial 113] roman-empire_uniform_0.1 | acc=0.3643  (173.8s)  knn=u  k=-    dexp=5.58  p_grd=0.260  unc_rem=0.387  unc_rel=0.623  drop=0.69  h=16  L=2  lr=0.05  wd=0.001
  [Trial 114] roman-empire_uniform_0.1 | acc=0.3485  (202.8s)  knn=u  k=-    dexp=3.88  p_grd=0.398  unc_rem=0.253  unc_rel=0.429  drop=0.54  h=128  L=2  lr=0.05  wd=1e-05
  [Trial 115] roman-empire_uniform_0.1 | acc=0.3802  (171.5s)  knn=u  k=-    dexp=5.96  p_grd=0.230  unc_rem=0.237  unc_rel=0.396  drop=0.38  h=128  L=2  lr=0.05  wd=0.001
  [Trial 116] roman-empire_uniform_0.1 | acc=0.3831  (108.8s)  knn=s  k= 45  dexp=2.44  p_grd=0.276  unc_rem=0.500  unc_rel=0.387  drop=0.40  h=128  L=2  lr=0.05  wd=0.001
  [Trial 117] roman-empire_uniform_0.1 | acc=0.2339  (592.1s)  knn=p  k= 25  dexp=5.69  p_grd=0.422  unc_rem=0.869  unc_rel=0.544  drop=0.78  h=128  L=4  lr=0.01  wd=0.001
  [Trial 118] roman-empire_uniform_0.1 | acc=0.3942  (148.3s)  knn=s  k= 55  dexp=5.79  p_grd=0.260  unc_rem=0.723  unc_rel=0.352  drop=0.80  h=32  L=2  lr=0.1  wd=0.001
  [Trial 119] roman-empire_uniform_0.1 | acc=0.2933  (158.5s)  knn=s  k= 55  dexp=8.18  p_grd=0.237  unc_rem=0.602  unc_rel=0.318  drop=0.79  h=32  L=2  lr=0.1  wd=0.01
  [Trial 120] roman-empire_uniform_0.1 | acc=0.3795  (143.7s)  knn=u  k=-    dexp=1.27  p_grd=0.474  unc_rem=0.544  unc_rel=0.710  drop=0.35  h=16  L=2  lr=0.05  wd=0.001
  [Trial 121] roman-empire_uniform_0.1 | acc=0.0715  (206.7s)  knn=u  k=-    dexp=4.33  p_grd=0.394  unc_rem=0.309  unc_rel=0.747  drop=0.74  h=128  L=2  lr=1e-05  wd=0.001
  [Trial 122] roman-empire_uniform_0.1 | acc=0.2671  (199.5s)  knn=u  k=-    dexp=5.73  p_grd=0.379  unc_rem=0.347  unc_rel=0.697  drop=0.41  h=128  L=3  lr=0.1  wd=0.0005
  [Trial 123] roman-empire_uniform_0.1 | acc=0.3495  (177.9s)  knn=s  k= 25  dexp=5.06  p_grd=0.346  unc_rem=0.745  unc_rel=0.482  drop=0.90  h=32  L=2  lr=0.1  wd=0.001
  [Trial 124] roman-empire_uniform_0.1 | acc=0.3979  (192.6s)  knn=u  k=-    dexp=5.88  p_grd=0.471  unc_rem=0.299  unc_rel=0.884  drop=0.56  h=128  L=2  lr=0.05  wd=0.001
  [Trial 125] roman-empire_uniform_0.1 | acc=0.3999  (198.9s)  knn=u  k=-    dexp=7.73  p_grd=0.455  unc_rem=0.388  unc_rel=0.726  drop=0.71  h=128  L=2  lr=0.05  wd=0.001
  [Trial 126] roman-empire_uniform_0.1 | acc=0.3947  (538.9s)  knn=d  k= 25  dexp=2.92  p_grd=0.360  unc_rem=0.182  unc_rel=0.515  drop=0.56  h=128  L=2  lr=0.05  wd=0.001
  [Trial 127] roman-empire_uniform_0.1 | acc=0.3926  (374.3s)  knn=d  k=  9  dexp=2.60  p_grd=0.392  unc_rem=0.301  unc_rel=0.648  drop=0.56  h=128  L=2  lr=0.05  wd=0.001
  [Trial 128] roman-empire_uniform_0.1 | acc=0.4072  (375.0s)  knn=d  k=  8  dexp=6.74  p_grd=0.447  unc_rem=0.317  unc_rel=0.626  drop=0.58  h=128  L=2  lr=0.05  wd=0.001
  [Trial 129] roman-empire_uniform_0.1 | acc=0.3595  (447.8s)  knn=d  k=  7  dexp=7.71  p_grd=0.475  unc_rem=0.317  unc_rel=0.543  drop=0.59  h=128  L=2  lr=0.05  wd=0.0001
  [Trial 130] roman-empire_uniform_0.1 | acc=0.3897  (195.5s)  knn=u  k=-    dexp=7.81  p_grd=0.469  unc_rem=0.376  unc_rel=0.871  drop=0.43  h=128  L=2  lr=0.05  wd=0.001
  [Trial 131] roman-empire_uniform_0.1 | acc=0.3778  (317.9s)  knn=d  k=  9  dexp=2.14  p_grd=0.300  unc_rem=0.169  unc_rel=0.599  drop=0.46  h=128  L=2  lr=0.05  wd=0.001
  [Trial 132] roman-empire_uniform_0.1 | acc=0.2869  (221.6s)  knn=s  k= 10  dexp=7.47  p_grd=0.350  unc_rem=0.429  unc_rel=0.260  drop=0.70  h=128  L=3  lr=0.05  wd=0.001
  [Trial 133] roman-empire_uniform_0.1 | acc=0.3047  (459.5s)  knn=d  k=  6  dexp=1.74  p_grd=0.490  unc_rem=0.298  unc_rel=0.731  drop=0.81  h=128  L=2  lr=0.05  wd=0.01
  [Trial 134] roman-empire_uniform_0.1 | acc=0.1746  (213.7s)  knn=u  k=-    dexp=7.63  p_grd=0.328  unc_rem=0.451  unc_rel=0.556  drop=0.66  h=128  L=2  lr=0.05  wd=0.05
  [Trial 135] roman-empire_uniform_0.1 | acc=0.4062  (496.0s)  knn=d  k= 10  dexp=6.86  p_grd=0.448  unc_rem=0.129  unc_rel=0.286  drop=0.57  h=32  L=2  lr=0.05  wd=0.001
  [Trial 136] roman-empire_uniform_0.1 | acc=0.4068  (393.1s)  knn=d  k= 11  dexp=5.61  p_grd=0.360  unc_rem=0.366  unc_rel=0.379  drop=0.68  h=32  L=2  lr=0.05  wd=0.001
  [Trial 137] roman-empire_uniform_0.1 | acc=0.3992  (367.3s)  knn=d  k= 11  dexp=8.17  p_grd=0.340  unc_rem=0.278  unc_rel=0.248  drop=0.54  h=32  L=2  lr=0.05  wd=0.001
  [Trial 138] roman-empire_uniform_0.1 | acc=0.4030  (505.8s)  knn=d  k= 12  dexp=5.15  p_grd=0.467  unc_rem=0.242  unc_rel=0.425  drop=0.55  h=32  L=2  lr=0.05  wd=0.001
  [Trial 139] roman-empire_uniform_0.1 | acc=0.2954  (340.2s)  knn=d  k= 11  dexp=5.70  p_grd=0.333  unc_rem=0.194  unc_rel=0.325  drop=0.67  h=32  L=2  lr=0.001  wd=0.001
  [Trial 140] roman-empire_uniform_0.1 | acc=0.4008  (358.0s)  knn=d  k= 11  dexp=9.96  p_grd=0.277  unc_rem=0.372  unc_rel=0.208  drop=0.55  h=32  L=2  lr=0.05  wd=0.001
  [Trial 141] roman-empire_uniform_0.1 | acc=0.3953  (400.0s)  knn=d  k= 12  dexp=9.78  p_grd=0.305  unc_rem=0.687  unc_rel=0.223  drop=0.58  h=32  L=2  lr=0.05  wd=0.001
  [Trial 142] roman-empire_uniform_0.1 | acc=0.3740  (281.1s)  knn=d  k= 12  dexp=9.45  p_grd=0.187  unc_rem=0.805  unc_rel=0.360  drop=0.82  h=32  L=2  lr=0.05  wd=0.001
  [Trial 143] roman-empire_uniform_0.1 | acc=0.3895  (434.4s)  knn=d  k= 12  dexp=8.81  p_grd=0.332  unc_rem=0.434  unc_rel=0.289  drop=0.25  h=32  L=2  lr=0.05  wd=0.001
  [Trial 144] roman-empire_uniform_0.1 | acc=0.4037  (527.7s)  knn=d  k= 12  dexp=6.40  p_grd=0.480  unc_rem=0.171  unc_rel=0.522  drop=0.54  h=32  L=2  lr=0.05  wd=0.001
  [Trial 145] roman-empire_uniform_0.1 | acc=0.2784  (385.8s)  knn=d  k= 12  dexp=8.13  p_grd=0.447  unc_rem=0.223  unc_rel=0.225  drop=0.61  h=32  L=3  lr=0.05  wd=0.001
  [Trial 146] roman-empire_uniform_0.1 | acc=0.3500  (394.9s)  knn=d  k= 11  dexp=4.29  p_grd=0.314  unc_rem=0.246  unc_rel=0.299  drop=0.70  h=32  L=2  lr=0.05  wd=5e-05
  [Trial 147] roman-empire_uniform_0.1 | acc=0.3902  (500.2s)  knn=d  k= 12  dexp=3.85  p_grd=0.463  unc_rem=0.371  unc_rel=0.578  drop=0.43  h=32  L=2  lr=0.05  wd=0.001
  [Trial 148] roman-empire_uniform_0.1 | acc=0.3888  (364.8s)  knn=d  k=  8  dexp=6.70  p_grd=0.402  unc_rem=0.124  unc_rel=0.252  drop=0.56  h=16  L=2  lr=0.05  wd=0.001
  [Trial 149] roman-empire_uniform_0.1 | acc=0.3957  (360.6s)  knn=d  k= 12  dexp=9.04  p_grd=0.350  unc_rem=0.729  unc_rel=0.046  drop=0.67  h=32  L=2  lr=0.05  wd=0.0005
  [Trial 150] roman-empire_uniform_0.1 | acc=0.3602  (386.8s)  knn=d  k= 13  dexp=9.69  p_grd=0.318  unc_rem=0.835  unc_rel=0.120  drop=0.53  h=32  L=2  lr=0.05  wd=5e-05
  [Trial 151] roman-empire_uniform_0.1 | acc=0.4089  (224.6s)  knn=u  k=-    dexp=6.67  p_grd=0.462  unc_rem=0.361  unc_rel=0.612  drop=0.83  h=128  L=2  lr=0.05  wd=0.001
  [Trial 152] roman-empire_uniform_0.1 | acc=0.2622  (235.7s)  knn=u  k=-    dexp=9.35  p_grd=0.424  unc_rem=0.577  unc_rel=0.668  drop=0.79  h=64  L=2  lr=0.0005  wd=0.001
  [Trial 153] roman-empire_uniform_0.1 | acc=0.4109  (228.1s)  knn=u  k=-    dexp=6.89  p_grd=0.425  unc_rem=0.466  unc_rel=0.435  drop=0.81  h=128  L=2  lr=0.05  wd=0.001
  [Trial 154] roman-empire_uniform_0.1 | acc=0.1912  (312.0s)  knn=d  k=  9  dexp=8.99  p_grd=0.278  unc_rem=0.617  unc_rel=0.108  drop=0.56  h=128  L=2  lr=0.0001  wd=0.001
  [Trial 155] roman-empire_uniform_0.1 | acc=0.3970  (214.2s)  knn=u  k=-    dexp=8.66  p_grd=0.499  unc_rem=0.179  unc_rel=0.773  drop=0.90  h=128  L=2  lr=0.05  wd=0.001
  [Trial 156] roman-empire_uniform_0.1 | acc=0.3484  (170.8s)  knn=s  k= 10  dexp=2.27  p_grd=0.422  unc_rem=0.857  unc_rel=0.149  drop=0.52  h=128  L=2  lr=0.1  wd=0.0001
  [Trial 157] roman-empire_uniform_0.1 | acc=0.4157  (513.0s)  knn=p  k= 13  dexp=6.73  p_grd=0.438  unc_rem=0.356  unc_rel=0.544  drop=0.89  h=128  L=2  lr=0.05  wd=0.001
  [Trial 158] roman-empire_uniform_0.1 | acc=0.3793  (223.8s)  knn=s  k=  5  dexp=6.84  p_grd=0.387  unc_rem=0.658  unc_rel=0.137  drop=0.59  h=32  L=2  lr=0.05  wd=0.0005
  [Trial 159] roman-empire_uniform_0.1 | acc=0.4098  (447.8s)  knn=p  k= 14  dexp=7.84  p_grd=0.441  unc_rem=0.178  unc_rel=0.750  drop=0.79  h=128  L=2  lr=0.05  wd=0.001
  [Trial 160] roman-empire_uniform_0.1 | acc=0.1644  (482.0s)  knn=p  k= 14  dexp=7.19  p_grd=0.405  unc_rem=0.300  unc_rel=0.711  drop=0.85  h=128  L=2  lr=0.1  wd=0.1
  [Trial 161] roman-empire_uniform_0.1 | acc=0.3066  (457.0s)  knn=d  k= 14  dexp=7.60  p_grd=0.467  unc_rem=0.080  unc_rel=0.490  drop=0.61  h=32  L=2  lr=0.05  wd=0.01
  [Trial 162] roman-empire_uniform_0.1 | acc=0.4128  (467.4s)  knn=p  k= 13  dexp=7.89  p_grd=0.446  unc_rem=0.034  unc_rel=0.705  drop=0.78  h=128  L=2  lr=0.05  wd=0.001
  [Trial 163] roman-empire_uniform_0.1 | acc=0.4074  (509.4s)  knn=p  k= 14  dexp=9.47  p_grd=0.475  unc_rem=0.037  unc_rel=0.631  drop=0.67  h=128  L=2  lr=0.05  wd=0.001
  [Trial 164] roman-empire_uniform_0.1 | acc=0.3479  (472.0s)  knn=p  k= 14  dexp=9.00  p_grd=0.399  unc_rem=0.154  unc_rel=0.525  drop=0.63  h=128  L=2  lr=0.001  wd=0.001
  [Trial 165] roman-empire_uniform_0.1 | acc=0.2112  (414.5s)  knn=p  k= 14  dexp=8.81  p_grd=0.344  unc_rem=0.329  unc_rel=0.830  drop=0.68  h=128  L=4  lr=0.05  wd=0.001
  [Trial 166] roman-empire_uniform_0.1 | acc=0.4013  (326.8s)  knn=p  k= 10  dexp=6.69  p_grd=0.268  unc_rem=0.091  unc_rel=0.458  drop=0.85  h=128  L=2  lr=0.05  wd=0.0005
  [Trial 167] roman-empire_uniform_0.1 | acc=0.4028  (203.6s)  knn=u  k=-    dexp=8.42  p_grd=0.468  unc_rem=0.413  unc_rel=0.200  drop=0.71  h=128  L=2  lr=0.05  wd=0.001
  [Trial 168] roman-empire_uniform_0.1 | acc=0.3769  (315.8s)  knn=p  k=  9  dexp=5.16  p_grd=0.255  unc_rem=0.121  unc_rel=0.241  drop=0.65  h=128  L=2  lr=0.05  wd=0.0005
  [Trial 169] roman-empire_uniform_0.1 | acc=0.4029  (497.2s)  knn=p  k= 15  dexp=7.83  p_grd=0.464  unc_rem=0.051  unc_rel=0.640  drop=0.56  h=64  L=2  lr=0.05  wd=0.001
  [Trial 170] roman-empire_uniform_0.1 | acc=0.3927  (426.3s)  knn=p  k= 15  dexp=6.76  p_grd=0.483  unc_rem=0.030  unc_rel=0.881  drop=0.25  h=64  L=2  lr=0.05  wd=0.001
  [Trial 171] roman-empire_uniform_0.1 | acc=0.4099  (377.4s)  knn=p  k= 15  dexp=8.34  p_grd=0.351  unc_rem=0.073  unc_rel=0.990  drop=0.78  h=128  L=2  lr=0.05  wd=0.001
  [Trial 172] roman-empire_uniform_0.1 | acc=0.3361  (458.3s)  knn=p  k= 15  dexp=7.81  p_grd=0.445  unc_rem=0.154  unc_rel=0.822  drop=0.69  h=16  L=2  lr=0.05  wd=0.005
  [Trial 173] roman-empire_uniform_0.1 | acc=0.4104  (491.1s)  knn=p  k= 15  dexp=5.05  p_grd=0.433  unc_rem=0.385  unc_rel=0.425  drop=0.85  h=128  L=2  lr=0.05  wd=0.001
  [Trial 174] roman-empire_uniform_0.1 | acc=0.4053  (499.8s)  knn=p  k= 16  dexp=4.08  p_grd=0.429  unc_rem=0.410  unc_rel=0.650  drop=0.90  h=128  L=2  lr=0.05  wd=0.001
  [Trial 175] roman-empire_uniform_0.1 | acc=0.2949  (469.5s)  knn=p  k= 17  dexp=8.73  p_grd=0.397  unc_rem=0.128  unc_rel=0.825  drop=0.89  h=128  L=2  lr=0.0005  wd=0.001
  [Trial 176] roman-empire_uniform_0.1 | acc=0.4071  (490.3s)  knn=p  k= 15  dexp=6.22  p_grd=0.444  unc_rem=0.053  unc_rel=0.683  drop=0.68  h=128  L=2  lr=0.05  wd=0.001
  [Trial 177] roman-empire_uniform_0.1 | acc=0.4131  (463.8s)  knn=p  k= 16  dexp=3.51  p_grd=0.489  unc_rem=0.083  unc_rel=0.619  drop=0.76  h=128  L=2  lr=0.05  wd=0.001
  [Trial 178] roman-empire_uniform_0.1 | acc=0.3355  (495.4s)  knn=p  k= 16  dexp=4.14  p_grd=0.442  unc_rem=0.108  unc_rel=0.215  drop=0.75  h=128  L=1  lr=0.05  wd=0.001
  [Trial 179] roman-empire_uniform_0.1 | acc=0.3741  (473.3s)  knn=p  k= 16  dexp=6.46  p_grd=0.438  unc_rem=0.523  unc_rel=0.672  drop=0.89  h=128  L=2  lr=0.05  wd=1e-05
  [Trial 180] roman-empire_uniform_0.1 | acc=0.4001  (451.8s)  knn=p  k= 16  dexp=2.61  p_grd=0.374  unc_rem=0.086  unc_rel=0.522  drop=0.83  h=128  L=2  lr=0.05  wd=0.001
  [Trial 181] roman-empire_uniform_0.1 | acc=0.3908  (454.8s)  knn=p  k= 15  dexp=1.69  p_grd=0.376  unc_rem=0.973  unc_rel=0.406  drop=0.79  h=64  L=2  lr=0.1  wd=0.001
  [Trial 182] roman-empire_uniform_0.1 | acc=0.3622  (495.3s)  knn=p  k= 15  dexp=6.37  p_grd=0.494  unc_rem=0.014  unc_rel=0.873  drop=0.76  h=128  L=2  lr=0.05  wd=1e-05
  [Trial 183] roman-empire_uniform_0.1 | acc=0.4099  (447.5s)  knn=p  k= 15  dexp=7.87  p_grd=0.379  unc_rem=0.124  unc_rel=0.713  drop=0.60  h=128  L=2  lr=0.05  wd=0.001
  [Trial 184] roman-empire_uniform_0.1 | acc=0.4079  (475.5s)  knn=p  k= 14  dexp=7.87  p_grd=0.416  unc_rem=0.019  unc_rel=0.592  drop=0.79  h=128  L=2  lr=0.05  wd=0.001
  [Trial 185] roman-empire_uniform_0.1 | acc=0.3649  (335.2s)  knn=p  k= 16  dexp=6.93  p_grd=0.290  unc_rem=0.195  unc_rel=0.897  drop=0.76  h=64  L=2  lr=0.05  wd=0.0001
  [Trial 186] roman-empire_uniform_0.1 | acc=0.1746  (514.9s)  knn=p  k= 15  dexp=9.02  p_grd=0.477  unc_rem=0.042  unc_rel=0.309  drop=0.63  h=128  L=2  lr=0.05  wd=0.1
  [Trial 187] roman-empire_uniform_0.1 | acc=0.1902  (474.2s)  knn=p  k= 14  dexp=3.26  p_grd=0.402  unc_rem=0.356  unc_rel=0.824  drop=0.82  h=128  L=1  lr=0.05  wd=0.05
  [Trial 188] roman-empire_uniform_0.1 | acc=0.1835  (339.5s)  knn=p  k= 17  dexp=6.91  p_grd=0.242  unc_rem=0.172  unc_rel=0.971  drop=0.77  h=128  L=2  lr=0.0001  wd=0.005
  [Trial 189] roman-empire_uniform_0.1 | acc=0.3632  (230.6s)  knn=s  k=  5  dexp=8.09  p_grd=0.421  unc_rem=0.011  unc_rel=0.635  drop=0.66  h=128  L=2  lr=0.05  wd=0.005
  [Trial 190] roman-empire_uniform_0.1 | acc=0.3290  (524.2s)  knn=d  k= 14  dexp=1.52  p_grd=0.473  unc_rem=0.930  unc_rel=0.334  drop=0.82  h=32  L=2  lr=0.1  wd=0.005
  [Trial 191] roman-empire_uniform_0.1 | acc=0.3119  (375.3s)  knn=p  k= 13  dexp=9.39  p_grd=0.432  unc_rem=0.151  unc_rel=0.674  drop=0.73  h=128  L=2  lr=0.05  wd=0.01
  [Trial 192] roman-empire_uniform_0.1 | acc=0.1762  (193.0s)  knn=u  k=-    dexp=7.82  p_grd=0.478  unc_rem=0.492  unc_rel=0.524  drop=0.89  h=128  L=4  lr=0.05  wd=0.01
  [Trial 193] roman-empire_uniform_0.1 | acc=0.4012  (349.5s)  knn=p  k= 13  dexp=9.57  p_grd=0.254  unc_rem=0.027  unc_rel=0.554  drop=0.84  h=128  L=2  lr=0.05  wd=0.001
  [Trial 194] roman-empire_uniform_0.1 | acc=0.3993  (411.8s)  knn=p  k= 13  dexp=6.99  p_grd=0.330  unc_rem=0.068  unc_rel=0.926  drop=0.56  h=128  L=2  lr=0.05  wd=0.001
  [Trial 195] roman-empire_uniform_0.1 | acc=0.2363  (569.1s)  knn=p  k= 17  dexp=4.83  p_grd=0.469  unc_rem=0.154  unc_rel=0.691  drop=0.77  h=128  L=4  lr=0.005  wd=0.001
  [Trial 196] roman-empire_uniform_0.1 | acc=0.2031  (405.2s)  knn=p  k= 13  dexp=8.61  p_grd=0.474  unc_rem=0.115  unc_rel=0.701  drop=0.67  h=128  L=2  lr=0.0001  wd=0.0001
  [Trial 197] roman-empire_uniform_0.1 | acc=0.4051  (393.8s)  knn=p  k= 13  dexp=5.99  p_grd=0.328  unc_rem=0.569  unc_rel=0.354  drop=0.68  h=128  L=2  lr=0.05  wd=0.001
  [Trial 198] roman-empire_uniform_0.1 | acc=0.3396  (559.8s)  knn=p  k= 17  dexp=6.17  p_grd=0.496  unc_rem=0.027  unc_rel=0.705  drop=0.72  h=128  L=1  lr=0.05  wd=0.001
  [Trial 199] roman-empire_uniform_0.1 | acc=0.4018  (198.6s)  knn=u  k=-    dexp=5.20  p_grd=0.433  unc_rem=0.628  unc_rel=0.401  drop=0.87  h=128  L=2  lr=0.05  wd=0.0005
  [Trial 200] roman-empire_uniform_0.1 | acc=0.3946  (428.7s)  knn=p  k= 13  dexp=3.45  p_grd=0.331  unc_rem=0.598  unc_rel=0.341  drop=0.62  h=128  L=2  lr=0.05  wd=0.001

[Optuna] Optimization done. 200/200 trials completed.

[Retest] (roman-empire_uniform_0.1) Testing top-5 configs × 10 seeds...

  [Retest] (roman-empire_uniform_0.1) Config 1/5: (Trial #156, Orig Acc: 0.4157)
           Params: {'knn_mode': 'p', 'k': 13, 'dexp': 6.725589185190579, 'p_grd': 0.4382147847913552, 'unc_rem': 0.3557144696504085, 'unc_rel': 0.5437840300611694, 'dropout': 0.8898031007385827, 'n_hidden': 128, 'n_layer': 2, 'lr': 0.05, 'weight_decay': 0.001}
    [Retest] roman-empire | Config 1 | Run 1/10 | seed=3000 | Acc: 0.4081 | Mean: 0.4081 | Time: 499.2s
    [Retest] roman-empire | Config 1 | Run 2/10 | seed=3001 | Acc: 0.3801 | Mean: 0.3941 | Time: 533.8s
    [Retest] roman-empire | Config 1 | Run 3/10 | seed=3002 | Acc: 0.3865 | Mean: 0.3915 | Time: 518.4s
    [Retest] roman-empire | Config 1 | Run 4/10 | seed=3003 | Acc: 0.3903 | Mean: 0.3912 | Time: 546.4s
    [Retest] roman-empire | Config 1 | Run 5/10 | seed=3004 | Acc: 0.3885 | Mean: 0.3907 | Time: 532.2s
    [Retest] roman-empire | Config 1 | Run 6/10 | seed=3005 | Acc: 0.3900 | Mean: 0.3906 | Time: 417.4s
    [Retest] roman-empire | Config 1 | Run 7/10 | seed=3006 | Acc: 0.4039 | Mean: 0.3925 | Time: 503.6s
    [Retest] roman-empire | Config 1 | Run 8/10 | seed=3007 | Acc: 0.3996 | Mean: 0.3934 | Time: 547.2s
    [Retest] roman-empire | Config 1 | Run 9/10 | seed=3008 | Acc: 0.3884 | Mean: 0.3928 | Time: 502.5s
    [Retest] roman-empire | Config 1 | Run 10/10 | seed=3009 | Acc: 0.3917 | Mean: 0.3927 | Time: 512.7s
  [Retest] Config 1: mean=0.3927 ± 0.0081

  [Retest] (roman-empire_uniform_0.1) Config 2/5: (Trial #176, Orig Acc: 0.4131)
           Params: {'knn_mode': 'p', 'k': 16, 'dexp': 3.513683978206515, 'p_grd': 0.4888684564737784, 'unc_rem': 0.08343926699429838, 'unc_rel': 0.6194431349887232, 'dropout': 0.7602604755573281, 'n_hidden': 128, 'n_layer': 2, 'lr': 0.05, 'weight_decay': 0.001}
    [Retest] roman-empire | Config 2 | Run 1/10 | seed=3000 | Acc: 0.4087 | Mean: 0.4087 | Time: 464.1s
    [Retest] roman-empire | Config 2 | Run 2/10 | seed=3001 | Acc: 0.3953 | Mean: 0.4020 | Time: 595.9s
    [Retest] roman-empire | Config 2 | Run 3/10 | seed=3002 | Acc: 0.3958 | Mean: 0.3999 | Time: 528.2s
    [Retest] roman-empire | Config 2 | Run 4/10 | seed=3003 | Acc: 0.3923 | Mean: 0.3980 | Time: 642.4s
    [Retest] roman-empire | Config 2 | Run 5/10 | seed=3004 | Acc: 0.3979 | Mean: 0.3980 | Time: 525.6s
    [Retest] roman-empire | Config 2 | Run 6/10 | seed=3005 | Acc: 0.3931 | Mean: 0.3972 | Time: 481.9s
    [Retest] roman-empire | Config 2 | Run 7/10 | seed=3006 | Acc: 0.4067 | Mean: 0.3985 | Time: 571.0s
    [Retest] roman-empire | Config 2 | Run 8/10 | seed=3007 | Acc: 0.3926 | Mean: 0.3978 | Time: 560.8s
    [Retest] roman-empire | Config 2 | Run 9/10 | seed=3008 | Acc: 0.3914 | Mean: 0.3971 | Time: 538.4s
    [Retest] roman-empire | Config 2 | Run 10/10 | seed=3009 | Acc: 0.3903 | Mean: 0.3964 | Time: 570.2s
  [Retest] Config 2: mean=0.3964 ± 0.0060

  [Retest] (roman-empire_uniform_0.1) Config 3/5: (Trial #161, Orig Acc: 0.4128)
           Params: {'knn_mode': 'p', 'k': 13, 'dexp': 7.888342504274333, 'p_grd': 0.4456957740872394, 'unc_rem': 0.03400486752043755, 'unc_rel': 0.7048866980371332, 'dropout': 0.779767953670929, 'n_hidden': 128, 'n_layer': 2, 'lr': 0.05, 'weight_decay': 0.001}
    [Retest] roman-empire | Config 3 | Run 1/10 | seed=3000 | Acc: 0.4136 | Mean: 0.4136 | Time: 475.6s
    [Retest] roman-empire | Config 3 | Run 2/10 | seed=3001 | Acc: 0.3992 | Mean: 0.4064 | Time: 543.4s
    [Retest] roman-empire | Config 3 | Run 3/10 | seed=3002 | Acc: 0.3918 | Mean: 0.4015 | Time: 547.1s
    [Retest] roman-empire | Config 3 | Run 4/10 | seed=3003 | Acc: 0.3926 | Mean: 0.3993 | Time: 550.8s
    [Retest] roman-empire | Config 3 | Run 5/10 | seed=3004 | Acc: 0.3954 | Mean: 0.3985 | Time: 503.2s
    [Retest] roman-empire | Config 3 | Run 6/10 | seed=3005 | Acc: 0.3933 | Mean: 0.3976 | Time: 426.3s
    [Retest] roman-empire | Config 3 | Run 7/10 | seed=3006 | Acc: 0.4008 | Mean: 0.3981 | Time: 503.3s
    [Retest] roman-empire | Config 3 | Run 8/10 | seed=3007 | Acc: 0.3976 | Mean: 0.3980 | Time: 503.4s
    [Retest] roman-empire | Config 3 | Run 9/10 | seed=3008 | Acc: 0.3974 | Mean: 0.3980 | Time: 465.2s
    [Retest] roman-empire | Config 3 | Run 10/10 | seed=3009 | Acc: 0.4006 | Mean: 0.3982 | Time: 470.6s
  [Retest] Config 3: mean=0.3982 ± 0.0060

  [Retest] (roman-empire_uniform_0.1) Config 4/5: (Trial #77, Orig Acc: 0.4122)
           Params: {'knn_mode': 'p', 'k': 24, 'dexp': 2.896252110863228, 'p_grd': 0.47714337963972675, 'unc_rem': 0.8010801115851837, 'unc_rel': 0.342747173636588, 'dropout': 0.737456211466561, 'n_hidden': 32, 'n_layer': 2, 'lr': 0.1, 'weight_decay': 0.001}
    [Retest] roman-empire | Config 4 | Run 1/10 | seed=3000 | Acc: 0.4013 | Mean: 0.4013 | Time: 608.5s
    [Retest] roman-empire | Config 4 | Run 2/10 | seed=3001 | Acc: 0.3820 | Mean: 0.3917 | Time: 819.7s
    [Retest] roman-empire | Config 4 | Run 3/10 | seed=3002 | Acc: 0.3869 | Mean: 0.3901 | Time: 642.4s
    [Retest] roman-empire | Config 4 | Run 4/10 | seed=3003 | Acc: 0.3851 | Mean: 0.3888 | Time: 631.6s
    [Retest] roman-empire | Config 4 | Run 5/10 | seed=3004 | Acc: 0.3852 | Mean: 0.3881 | Time: 700.5s
    [Retest] roman-empire | Config 4 | Run 6/10 | seed=3005 | Acc: 0.3795 | Mean: 0.3867 | Time: 428.0s
    [Retest] roman-empire | Config 4 | Run 7/10 | seed=3006 | Acc: 0.3940 | Mean: 0.3877 | Time: 703.1s
    [Retest] roman-empire | Config 4 | Run 8/10 | seed=3007 | Acc: 0.3903 | Mean: 0.3880 | Time: 637.3s
    [Retest] roman-empire | Config 4 | Run 9/10 | seed=3008 | Acc: 0.3826 | Mean: 0.3874 | Time: 625.7s
    [Retest] roman-empire | Config 4 | Run 10/10 | seed=3009 | Acc: 0.3812 | Mean: 0.3868 | Time: 633.3s
  [Retest] Config 4: mean=0.3868 ± 0.0064

  [Retest] (roman-empire_uniform_0.1) Config 5/5: (Trial #152, Orig Acc: 0.4109)
           Params: {'knn_mode': 'u', 'dexp': 6.890330859860651, 'p_grd': 0.4253022941774529, 'unc_rem': 0.4662080426109718, 'unc_rel': 0.435122543933328, 'dropout': 0.8098852558734323, 'n_hidden': 128, 'n_layer': 2, 'lr': 0.05, 'weight_decay': 0.001}
    [Retest] roman-empire | Config 5 | Run 1/10 | seed=3000 | Acc: 0.4105 | Mean: 0.4105 | Time: 208.0s
    [Retest] roman-empire | Config 5 | Run 2/10 | seed=3001 | Acc: 0.3853 | Mean: 0.3979 | Time: 212.7s
    [Retest] roman-empire | Config 5 | Run 3/10 | seed=3002 | Acc: 0.3882 | Mean: 0.3946 | Time: 214.5s
    [Retest] roman-empire | Config 5 | Run 4/10 | seed=3003 | Acc: 0.3956 | Mean: 0.3949 | Time: 211.5s
    [Retest] roman-empire | Config 5 | Run 5/10 | seed=3004 | Acc: 0.3910 | Mean: 0.3941 | Time: 208.5s
    [Retest] roman-empire | Config 5 | Run 6/10 | seed=3005 | Acc: 0.3782 | Mean: 0.3915 | Time: 217.5s
    [Retest] roman-empire | Config 5 | Run 7/10 | seed=3006 | Acc: 0.4027 | Mean: 0.3931 | Time: 253.8s
    [Retest] roman-empire | Config 5 | Run 8/10 | seed=3007 | Acc: 0.3938 | Mean: 0.3932 | Time: 236.1s
    [Retest] roman-empire | Config 5 | Run 9/10 | seed=3008 | Acc: 0.3961 | Mean: 0.3935 | Time: 213.7s
    [Retest] roman-empire | Config 5 | Run 10/10 | seed=3009 | Acc: 0.3979 | Mean: 0.3939 | Time: 222.0s
  [Retest] Config 5: mean=0.3939 ± 0.0086

[Optuna] Success: Best config saved to log/hpo_db.json:
         {'knn_mode': 'p', 'k': 13, 'dexp': 7.888342504274333, 'p_grd': 0.4456957740872394, 'unc_rem': 0.03400486752043755, 'unc_rel': 0.7048866980371332, 'dropout': 0.779767953670929, 'n_hidden': 128, 'n_layer': 2, 'lr': 0.05, 'weight_decay': 0.001}
[Optuna] Success: Best retest mean accuracy: 0.3982
[Optuna] Success: Done marker: ./log/nni_done\lnpcc_roman-empire_uniform_0.1.done
  [HPO] Done marker saved: ./log/nni_done\lnpcc_roman-empire_uniform_0.1.done
[total_exp] --hpo_only: skipping benchmark runs.
[worker] OK DONE  hpo_roman-empire_uniform_0.1  gpu=1  1698.4 min  rc=0
