[worker] START  lnpcc_amazon-ratings_pair_0.3  gpu=0
======================================================================
GCN + LN-PCC -- NoisyGL Benchmark (Unified)
Start          : 2026-04-21 11:24:02
Variants       : ['lnpcc']
Datasets       : ['amazon-ratings']
Noise          : [[0.3, 'pair']]
Runs           : 10  (seeds 3000..3009)
Device         : cuda:0
======================================================================
[HPO] Loaded 160 optimized scenarios from log/hpo_db.json
----Data statistics------'
                Name: amazon-ratings
                #Nodes 24492
                #Edges 93050
                #Classes 5
                #Ave_degree 7.60
----Split statistics------'
                #Train samples 1224 (5.0 % of nodes)
                #Val samples 3673 (15.0 % of nodes)
                #Test samples 19595 (remaining)

============================================================
  lnpcc | amazon-ratings | pair 0.3
============================================================
  [HPO] Applying optimized params for amazon-ratings_pair_0.3
    [11:25:34] amazon-ratings | pair 0.3 | lnpcc | run  1/10 | seed=3000 | acc=0.4029 | mean=0.4029 | time=86.60s
  [HPO] Applying optimized params for amazon-ratings_pair_0.3
    [11:27:14] amazon-ratings | pair 0.3 | lnpcc | run  2/10 | seed=3001 | acc=0.3935 | mean=0.3982 | time=95.32s
  [HPO] Applying optimized params for amazon-ratings_pair_0.3
    [11:28:34] amazon-ratings | pair 0.3 | lnpcc | run  3/10 | seed=3002 | acc=0.3937 | mean=0.3967 | time=69.99s
  [HPO] Applying optimized params for amazon-ratings_pair_0.3
    [11:30:02] amazon-ratings | pair 0.3 | lnpcc | run  4/10 | seed=3003 | acc=0.3832 | mean=0.3933 | time=81.79s
  [HPO] Applying optimized params for amazon-ratings_pair_0.3
    [11:31:28] amazon-ratings | pair 0.3 | lnpcc | run  5/10 | seed=3004 | acc=0.3875 | mean=0.3921 | time=77.11s
  [HPO] Applying optimized params for amazon-ratings_pair_0.3
    [11:33:17] amazon-ratings | pair 0.3 | lnpcc | run  6/10 | seed=3005 | acc=0.3957 | mean=0.3927 | time=105.79s
  [HPO] Applying optimized params for amazon-ratings_pair_0.3
    [11:34:53] amazon-ratings | pair 0.3 | lnpcc | run  7/10 | seed=3006 | acc=0.3925 | mean=0.3927 | time=91.87s
  [HPO] Applying optimized params for amazon-ratings_pair_0.3
    [11:36:30] amazon-ratings | pair 0.3 | lnpcc | run  8/10 | seed=3007 | acc=0.3857 | mean=0.3918 | time=86.94s
  [HPO] Applying optimized params for amazon-ratings_pair_0.3
    [11:37:53] amazon-ratings | pair 0.3 | lnpcc | run  9/10 | seed=3008 | acc=0.3988 | mean=0.3926 | time=70.79s
  [HPO] Applying optimized params for amazon-ratings_pair_0.3
    [11:39:49] amazon-ratings | pair 0.3 | lnpcc | run 10/10 | seed=3009 | acc=0.3818 | mean=0.3915 | time=103.20s
  -> mean=0.3915 +/- 0.0065

[OK] Partial CSV: ./log\partial\partial_lnpcc_amazon-ratings_pair_0.3.csv
End: 2026-04-21 11:39:49
[worker] OK DONE  lnpcc_amazon-ratings_pair_0.3  gpu=0  15.9 min  rc=0
