[worker] START  hpo_dblp_pair_0.4  gpu=0
======================================================================
GCN + LN-PCC -- NoisyGL Benchmark (Unified)
Start          : 2026-04-20 12:50:17
Variants       : ['lnpcc']
Datasets       : ['dblp']
Noise          : [[0.4, 'pair']]
Runs           : 10  (seeds 3000..3009)
Device         : cuda:0
======================================================================

[HPO] Optimizing lnpcc on dblp_pair_0.4 (max_trials=200, max_k_same=60)

[Optuna] Scenario: dblp_pair_0.4  (max_trials=200, startup=20)
  [Trial   1] dblp_pair_0.4 | acc=0.4477  (304.4s)  knn=d  k= 14  dexp=7.40  p_grd=0.421  unc_rem=0.161  unc_rel=0.537  drop=0.52  h=128  L=3  lr=0.1  wd=0.05
  [Trial   2] dblp_pair_0.4 | acc=0.3509  (184.9s)  knn=d  k= 17  dexp=0.88  p_grd=0.193  unc_rem=0.850  unc_rel=0.092  drop=0.89  h=128  L=3  lr=1e-05  wd=0.1
  [Trial   3] dblp_pair_0.4 | acc=0.2205  (141.4s)  knn=s  k= 60  dexp=4.63  p_grd=0.375  unc_rem=0.959  unc_rel=0.839  drop=0.11  h=16  L=4  lr=1e-05  wd=0.1
  [Trial   4] dblp_pair_0.4 | acc=0.6158  (66.9s)  knn=s  k= 20  dexp=3.86  p_grd=0.215  unc_rem=0.881  unc_rel=0.612  drop=0.58  h=32  L=3  lr=0.005  wd=0.001
  [Trial   5] dblp_pair_0.4 | acc=0.4935  (50.6s)  knn=u  k=-    dexp=8.18  p_grd=0.344  unc_rem=0.346  unc_rel=0.828  drop=0.50  h=64  L=4  lr=0.001  wd=0.001
  [Trial   6] dblp_pair_0.4 | acc=0.4933  (84.1s)  knn=s  k= 60  dexp=9.63  p_grd=0.431  unc_rem=0.779  unc_rel=0.683  drop=0.44  h=32  L=1  lr=0.1  wd=0.01
  [Trial   7] dblp_pair_0.4 | acc=0.5269  (85.6s)  knn=d  k= 22  dexp=8.98  p_grd=0.186  unc_rem=0.562  unc_rel=0.930  drop=0.36  h=32  L=3  lr=0.0001  wd=0.005
  [Trial   8] dblp_pair_0.4 | acc=0.5586  (77.1s)  knn=d  k= 15  dexp=2.27  p_grd=0.167  unc_rem=0.876  unc_rel=0.021  drop=0.20  h=128  L=3  lr=0.1  wd=0.005
  [Trial   9] dblp_pair_0.4 | acc=0.5084  (98.2s)  knn=p  k= 21  dexp=7.05  p_grd=0.405  unc_rem=0.819  unc_rel=0.209  drop=0.56  h=32  L=2  lr=0.01  wd=1e-05
  [Trial  10] dblp_pair_0.4 | acc=0.6365  (89.1s)  knn=d  k= 23  dexp=5.37  p_grd=0.494  unc_rem=0.196  unc_rel=0.286  drop=0.68  h=64  L=3  lr=0.05  wd=0.005
  [Trial  11] dblp_pair_0.4 | acc=0.5577  (66.0s)  knn=s  k= 10  dexp=6.60  p_grd=0.444  unc_rem=0.958  unc_rel=0.876  drop=0.66  h=16  L=4  lr=0.05  wd=1e-05
  [Trial  12] dblp_pair_0.4 | acc=0.6615  (40.4s)  knn=u  k=-    dexp=8.76  p_grd=0.091  unc_rem=0.305  unc_rel=0.438  drop=0.14  h=64  L=3  lr=0.001  wd=0.0001
  [Trial  13] dblp_pair_0.4 | acc=0.6734  (62.8s)  knn=p  k=  9  dexp=7.90  p_grd=0.228  unc_rem=0.196  unc_rel=0.065  drop=0.88  h=16  L=4  lr=0.1  wd=0.005
  [Trial  14] dblp_pair_0.4 | acc=0.4985  (62.9s)  knn=s  k= 20  dexp=4.82  p_grd=0.311  unc_rem=0.084  unc_rel=0.251  drop=0.17  h=32  L=2  lr=0.0005  wd=0.005
  [Trial  15] dblp_pair_0.4 | acc=0.4430  (63.6s)  knn=d  k=  5  dexp=1.73  p_grd=0.294  unc_rem=0.145  unc_rel=0.870  drop=0.67  h=32  L=1  lr=0.0001  wd=0.001
  [Trial  16] dblp_pair_0.4 | acc=0.1219  (63.1s)  knn=p  k= 15  dexp=1.15  p_grd=0.289  unc_rem=0.335  unc_rel=0.495  drop=0.39  h=64  L=4  lr=1e-05  wd=0.0005
  [Trial  17] dblp_pair_0.4 | acc=0.5982  (66.2s)  knn=p  k= 10  dexp=8.27  p_grd=0.189  unc_rem=0.042  unc_rel=0.304  drop=0.53  h=32  L=4  lr=0.005  wd=0.005
  [Trial  18] dblp_pair_0.4 | acc=0.6647  (58.5s)  knn=d  k=  3  dexp=2.21  p_grd=0.206  unc_rem=0.616  unc_rel=0.167  drop=0.40  h=64  L=3  lr=0.005  wd=0.01
  [Trial  19] dblp_pair_0.4 | acc=0.4264  (64.1s)  knn=p  k= 13  dexp=3.83  p_grd=0.476  unc_rem=0.774  unc_rel=0.043  drop=0.57  h=128  L=1  lr=0.001  wd=5e-05
  [Trial  20] dblp_pair_0.4 | acc=0.6001  (39.3s)  knn=u  k=-    dexp=6.93  p_grd=0.170  unc_rem=0.841  unc_rel=0.089  drop=0.61  h=16  L=2  lr=0.01  wd=5e-05
  [Trial  21] dblp_pair_0.4 | acc=0.6852  (71.6s)  knn=p  k=  1  dexp=8.14  p_grd=0.329  unc_rem=0.079  unc_rel=0.034  drop=0.87  h=16  L=4  lr=0.1  wd=0.005
  [Trial  22] dblp_pair_0.4 | acc=0.6233  (71.5s)  knn=p  k=  2  dexp=6.46  p_grd=0.312  unc_rem=0.101  unc_rel=0.021  drop=0.76  h=16  L=4  lr=0.001  wd=1e-05
  [Trial  23] dblp_pair_0.4 | acc=0.6663  (75.3s)  knn=p  k=  1  dexp=7.08  p_grd=0.176  unc_rem=0.272  unc_rel=0.031  drop=0.83  h=16  L=3  lr=0.1  wd=0.005
  [Trial  24] dblp_pair_0.4 | acc=0.6321  (75.1s)  knn=p  k=  1  dexp=6.70  p_grd=0.229  unc_rem=0.540  unc_rel=0.104  drop=0.66  h=16  L=3  lr=0.1  wd=0.005
  [Trial  25] dblp_pair_0.4 | acc=0.4477  (71.2s)  knn=p  k=  6  dexp=6.24  p_grd=0.158  unc_rem=0.250  unc_rel=0.140  drop=0.79  h=128  L=3  lr=0.01  wd=0.05
  [Trial  26] dblp_pair_0.4 | acc=0.6484  (72.5s)  knn=d  k=  2  dexp=7.56  p_grd=0.207  unc_rem=0.169  unc_rel=0.191  drop=0.86  h=16  L=4  lr=0.01  wd=0.005
  [Trial  27] dblp_pair_0.4 | acc=0.4278  (167.1s)  knn=p  k=  7  dexp=7.46  p_grd=0.379  unc_rem=0.059  unc_rel=0.058  drop=0.84  h=32  L=1  lr=0.0001  wd=0.005
  [Trial  28] dblp_pair_0.4 | acc=0.6658  (72.5s)  knn=p  k=  1  dexp=9.31  p_grd=0.270  unc_rem=0.278  unc_rel=0.052  drop=0.68  h=64  L=4  lr=0.1  wd=5e-05
  [Trial  29] dblp_pair_0.4 | acc=0.4715  (65.4s)  knn=p  k=  7  dexp=7.60  p_grd=0.101  unc_rem=0.221  unc_rel=0.104  drop=0.78  h=16  L=3  lr=0.05  wd=5e-05
  [Trial  30] dblp_pair_0.4 | acc=0.4777  (76.9s)  knn=s  k= 45  dexp=8.50  p_grd=0.262  unc_rem=0.244  unc_rel=0.021  drop=0.74  h=128  L=2  lr=0.001  wd=0.005
  [Trial  31] dblp_pair_0.4 | acc=0.6574  (73.8s)  knn=s  k= 30  dexp=4.11  p_grd=0.277  unc_rem=0.037  unc_rel=0.118  drop=0.58  h=16  L=4  lr=0.1  wd=0.005
  [Trial  32] dblp_pair_0.4 | acc=0.5525  (74.4s)  knn=p  k=  1  dexp=9.25  p_grd=0.221  unc_rem=0.324  unc_rel=0.090  drop=0.56  h=64  L=4  lr=0.1  wd=5e-05
  [Trial  33] dblp_pair_0.4 | acc=0.6639  (73.0s)  knn=p  k=  1  dexp=7.10  p_grd=0.220  unc_rem=0.262  unc_rel=0.525  drop=0.88  h=16  L=2  lr=0.1  wd=0.005
  [Trial  34] dblp_pair_0.4 | acc=0.4477  (69.7s)  knn=p  k=  1  dexp=8.11  p_grd=0.247  unc_rem=0.393  unc_rel=0.218  drop=0.86  h=32  L=4  lr=0.1  wd=0.1
  [Trial  35] dblp_pair_0.4 | acc=0.4477  (75.7s)  knn=d  k=  1  dexp=7.03  p_grd=0.412  unc_rem=0.152  unc_rel=0.032  drop=0.78  h=16  L=2  lr=0.1  wd=0.1
  [Trial  36] dblp_pair_0.4 | acc=0.6773  (75.6s)  knn=p  k=  6  dexp=8.40  p_grd=0.314  unc_rem=0.042  unc_rel=0.198  drop=0.90  h=16  L=4  lr=0.1  wd=0.005
  [Trial  37] dblp_pair_0.4 | acc=0.6873  (75.6s)  knn=p  k=  7  dexp=9.47  p_grd=0.320  unc_rem=0.090  unc_rel=0.069  drop=0.88  h=16  L=4  lr=0.1  wd=0.001
  [Trial  38] dblp_pair_0.4 | acc=0.6181  (76.4s)  knn=p  k=  9  dexp=9.30  p_grd=0.435  unc_rem=0.288  unc_rel=0.089  drop=0.87  h=16  L=4  lr=0.005  wd=0.001
  [Trial  39] dblp_pair_0.4 | acc=0.6698  (75.9s)  knn=p  k=  8  dexp=8.85  p_grd=0.296  unc_rem=0.124  unc_rel=0.358  drop=0.85  h=128  L=4  lr=0.1  wd=0.005
  [Trial  40] dblp_pair_0.4 | acc=0.4526  (34.9s)  knn=u  k=-    dexp=9.75  p_grd=0.235  unc_rem=0.245  unc_rel=0.127  drop=0.89  h=16  L=1  lr=0.1  wd=0.1
  [Trial  41] dblp_pair_0.4 | acc=0.6746  (72.1s)  knn=p  k=  8  dexp=9.26  p_grd=0.277  unc_rem=0.163  unc_rel=0.193  drop=0.84  h=16  L=4  lr=0.1  wd=0.001
  [Trial  42] dblp_pair_0.4 | acc=0.6711  (73.4s)  knn=p  k=  8  dexp=9.06  p_grd=0.291  unc_rem=0.188  unc_rel=0.191  drop=0.71  h=16  L=4  lr=0.1  wd=0.001
  [Trial  43] dblp_pair_0.4 | acc=0.6709  (71.4s)  knn=p  k=  9  dexp=9.02  p_grd=0.228  unc_rem=0.023  unc_rel=0.166  drop=0.80  h=16  L=4  lr=0.05  wd=0.005
  [Trial  44] dblp_pair_0.4 | acc=0.5761  (76.9s)  knn=s  k= 15  dexp=8.46  p_grd=0.397  unc_rem=0.241  unc_rel=0.151  drop=0.84  h=16  L=4  lr=0.1  wd=0.005
  [Trial  45] dblp_pair_0.4 | acc=0.3076  (42.4s)  knn=u  k=-    dexp=7.36  p_grd=0.215  unc_rem=0.046  unc_rel=0.234  drop=0.83  h=32  L=4  lr=1e-05  wd=0.001
  [Trial  46] dblp_pair_0.4 | acc=0.5105  (72.9s)  knn=s  k= 15  dexp=7.90  p_grd=0.231  unc_rem=0.019  unc_rel=0.082  drop=0.74  h=16  L=4  lr=0.0001  wd=0.1
  [Trial  47] dblp_pair_0.4 | acc=0.6222  (76.5s)  knn=p  k=  7  dexp=6.53  p_grd=0.339  unc_rem=0.135  unc_rel=0.606  drop=0.88  h=16  L=4  lr=0.01  wd=1e-05
  [Trial  48] dblp_pair_0.4 | acc=0.6005  (69.5s)  knn=s  k= 15  dexp=8.43  p_grd=0.315  unc_rem=0.017  unc_rel=0.160  drop=0.78  h=16  L=3  lr=0.001  wd=0.001
  [Trial  49] dblp_pair_0.4 | acc=0.2277  (140.6s)  knn=p  k=  8  dexp=9.10  p_grd=0.153  unc_rem=0.216  unc_rel=0.041  drop=0.84  h=16  L=4  lr=1e-05  wd=0.0001
  [Trial  50] dblp_pair_0.4 | acc=0.5637  (66.0s)  knn=p  k=  7  dexp=8.64  p_grd=0.108  unc_rem=0.457  unc_rel=0.145  drop=0.88  h=16  L=1  lr=0.01  wd=0.001
  [Trial  51] dblp_pair_0.4 | acc=0.3645  (74.7s)  knn=p  k= 10  dexp=9.99  p_grd=0.343  unc_rem=0.185  unc_rel=0.076  drop=0.87  h=16  L=1  lr=1e-05  wd=0.01
  [Trial  52] dblp_pair_0.4 | acc=0.6481  (73.3s)  knn=p  k=  7  dexp=9.15  p_grd=0.279  unc_rem=0.200  unc_rel=0.489  drop=0.70  h=16  L=4  lr=0.1  wd=0.001
  [Trial  53] dblp_pair_0.4 | acc=0.4690  (69.6s)  knn=p  k=  7  dexp=9.52  p_grd=0.240  unc_rem=0.087  unc_rel=0.045  drop=0.84  h=64  L=1  lr=0.1  wd=0.001
  [Trial  54] dblp_pair_0.4 | acc=0.6605  (71.8s)  knn=p  k= 10  dexp=6.25  p_grd=0.240  unc_rem=0.011  unc_rel=0.310  drop=0.80  h=16  L=4  lr=0.1  wd=0.01
  [Trial  55] dblp_pair_0.4 | acc=0.5333  (77.1s)  knn=p  k=  6  dexp=7.47  p_grd=0.311  unc_rem=0.051  unc_rel=0.078  drop=0.41  h=32  L=2  lr=0.1  wd=0.001
  [Trial  56] dblp_pair_0.4 | acc=0.5775  (87.0s)  knn=p  k= 11  dexp=7.40  p_grd=0.314  unc_rem=0.227  unc_rel=0.032  drop=0.71  h=16  L=4  lr=0.1  wd=0.001
  [Trial  57] dblp_pair_0.4 | acc=0.4035  (89.8s)  knn=p  k=  6  dexp=9.68  p_grd=0.290  unc_rem=0.060  unc_rel=0.073  drop=0.87  h=128  L=4  lr=1e-05  wd=0.001
  [Trial  58] dblp_pair_0.4 | acc=0.6729  (77.0s)  knn=p  k=  6  dexp=9.62  p_grd=0.299  unc_rem=0.204  unc_rel=0.146  drop=0.87  h=16  L=4  lr=0.1  wd=1e-05
  [Trial  59] dblp_pair_0.4 | acc=0.4485  (87.5s)  knn=p  k=  5  dexp=8.55  p_grd=0.280  unc_rem=0.108  unc_rel=0.179  drop=0.83  h=16  L=4  lr=0.0005  wd=0.05
  [Trial  60] dblp_pair_0.4 | acc=0.5578  (73.8s)  knn=p  k=  5  dexp=7.85  p_grd=0.375  unc_rem=0.062  unc_rel=0.242  drop=0.89  h=16  L=3  lr=0.1  wd=0.0001
  [Trial  61] dblp_pair_0.4 | acc=0.6779  (36.5s)  knn=u  k=-    dexp=7.39  p_grd=0.292  unc_rem=0.015  unc_rel=0.159  drop=0.74  h=16  L=4  lr=0.1  wd=0.005
  [Trial  62] dblp_pair_0.4 | acc=0.6239  (40.2s)  knn=u  k=-    dexp=7.02  p_grd=0.276  unc_rem=0.385  unc_rel=0.108  drop=0.89  h=64  L=4  lr=0.1  wd=0.005
  [Trial  63] dblp_pair_0.4 | acc=0.6504  (35.3s)  knn=u  k=-    dexp=5.27  p_grd=0.155  unc_rem=0.203  unc_rel=0.128  drop=0.78  h=16  L=4  lr=0.1  wd=0.0005
  [Trial  64] dblp_pair_0.4 | acc=0.6518  (37.4s)  knn=u  k=-    dexp=7.44  p_grd=0.119  unc_rem=0.062  unc_rel=0.083  drop=0.63  h=16  L=2  lr=0.0005  wd=0.005
  [Trial  65] dblp_pair_0.4 | acc=0.6680  (82.8s)  knn=p  k=  5  dexp=7.92  p_grd=0.366  unc_rem=0.331  unc_rel=0.163  drop=0.90  h=16  L=4  lr=0.1  wd=1e-05
  [Trial  66] dblp_pair_0.4 | acc=0.2212  (39.8s)  knn=u  k=-    dexp=5.62  p_grd=0.389  unc_rem=0.108  unc_rel=0.335  drop=0.72  h=16  L=4  lr=1e-05  wd=0.005
  [Trial  67] dblp_pair_0.4 | acc=0.4250  (72.8s)  knn=p  k= 11  dexp=9.81  p_grd=0.294  unc_rem=0.067  unc_rel=0.195  drop=0.79  h=16  L=2  lr=0.0001  wd=0.001
  [Trial  68] dblp_pair_0.4 | acc=0.6502  (34.9s)  knn=u  k=-    dexp=9.95  p_grd=0.061  unc_rem=0.082  unc_rel=0.170  drop=0.88  h=16  L=4  lr=0.1  wd=0.005
  [Trial  69] dblp_pair_0.4 | acc=0.4479  (79.4s)  knn=p  k=  5  dexp=8.15  p_grd=0.390  unc_rem=0.123  unc_rel=0.091  drop=0.73  h=16  L=4  lr=0.0001  wd=0.005
  [Trial  70] dblp_pair_0.4 | acc=0.4479  (66.5s)  knn=p  k=  5  dexp=5.16  p_grd=0.096  unc_rem=0.429  unc_rel=0.171  drop=0.84  h=16  L=4  lr=0.0001  wd=0.005
  [Trial  71] dblp_pair_0.4 | acc=0.5734  (72.1s)  knn=s  k= 10  dexp=9.42  p_grd=0.163  unc_rem=0.170  unc_rel=0.323  drop=0.79  h=16  L=2  lr=0.1  wd=1e-05
  [Trial  72] dblp_pair_0.4 | acc=0.4773  (70.2s)  knn=p  k=  9  dexp=8.09  p_grd=0.201  unc_rem=0.424  unc_rel=0.071  drop=0.87  h=16  L=2  lr=0.005  wd=1e-05
  [Trial  73] dblp_pair_0.4 | acc=0.6922  (70.6s)  knn=d  k=  6  dexp=7.70  p_grd=0.263  unc_rem=0.146  unc_rel=0.226  drop=0.89  h=16  L=4  lr=0.1  wd=0.0001
  [Trial  74] dblp_pair_0.4 | acc=0.6670  (71.6s)  knn=d  k=  5  dexp=7.37  p_grd=0.211  unc_rem=0.562  unc_rel=0.356  drop=0.81  h=16  L=4  lr=0.1  wd=5e-05
  [Trial  75] dblp_pair_0.4 | acc=0.5054  (77.2s)  knn=d  k=  5  dexp=8.50  p_grd=0.237  unc_rem=0.222  unc_rel=0.570  drop=0.81  h=128  L=2  lr=0.1  wd=0.05
  [Trial  76] dblp_pair_0.4 | acc=0.5595  (72.6s)  knn=d  k=  5  dexp=6.60  p_grd=0.278  unc_rem=0.224  unc_rel=0.333  drop=0.86  h=16  L=4  lr=0.0005  wd=0.0001
  [Trial  77] dblp_pair_0.4 | acc=0.6769  (76.1s)  knn=p  k=  5  dexp=3.26  p_grd=0.344  unc_rem=0.324  unc_rel=0.055  drop=0.86  h=16  L=4  lr=0.1  wd=0.005
  [Trial  78] dblp_pair_0.4 | acc=0.5095  (69.5s)  knn=p  k=  4  dexp=2.06  p_grd=0.260  unc_rem=0.360  unc_rel=0.035  drop=0.73  h=16  L=1  lr=0.01  wd=0.005
  [Trial  79] dblp_pair_0.4 | acc=0.6142  (74.7s)  knn=p  k=  4  dexp=1.23  p_grd=0.281  unc_rem=0.176  unc_rel=0.049  drop=0.83  h=16  L=4  lr=0.1  wd=5e-05
  [Trial  80] dblp_pair_0.4 | acc=0.6703  (82.3s)  knn=p  k= 10  dexp=3.41  p_grd=0.289  unc_rem=0.309  unc_rel=0.187  drop=0.70  h=16  L=4  lr=0.1  wd=0.005
  [Trial  81] dblp_pair_0.4 | acc=0.4846  (77.3s)  knn=p  k=  3  dexp=4.03  p_grd=0.492  unc_rem=0.633  unc_rel=0.082  drop=0.87  h=16  L=1  lr=0.1  wd=0.005
  [Trial  82] dblp_pair_0.4 | acc=0.5480  (76.0s)  knn=d  k=  7  dexp=7.31  p_grd=0.318  unc_rem=0.041  unc_rel=0.142  drop=0.79  h=16  L=4  lr=0.1  wd=0.0001
  [Trial  83] dblp_pair_0.4 | acc=0.5448  (45.2s)  knn=u  k=-    dexp=6.51  p_grd=0.325  unc_rem=0.209  unc_rel=0.224  drop=0.51  h=16  L=4  lr=0.1  wd=0.005
  [Trial  84] dblp_pair_0.4 | acc=0.4745  (72.1s)  knn=d  k=  7  dexp=7.97  p_grd=0.237  unc_rem=0.199  unc_rel=0.428  drop=0.86  h=16  L=1  lr=0.1  wd=0.0001
  [Trial  85] dblp_pair_0.4 | acc=0.6763  (74.4s)  knn=p  k=  4  dexp=8.27  p_grd=0.311  unc_rem=0.233  unc_rel=0.093  drop=0.87  h=16  L=4  lr=0.1  wd=0.005
  [Trial  86] dblp_pair_0.4 | acc=0.6930  (75.2s)  knn=d  k=  2  dexp=9.90  p_grd=0.334  unc_rem=0.157  unc_rel=0.304  drop=0.87  h=16  L=4  lr=0.1  wd=0.005
  [Trial  87] dblp_pair_0.4 | acc=0.4867  (72.9s)  knn=p  k=  1  dexp=9.70  p_grd=0.381  unc_rem=0.078  unc_rel=0.054  drop=0.86  h=16  L=1  lr=0.1  wd=0.005
  [Trial  88] dblp_pair_0.4 | acc=0.4477  (73.7s)  knn=d  k=  1  dexp=4.38  p_grd=0.239  unc_rem=0.260  unc_rel=0.090  drop=0.82  h=128  L=4  lr=0.1  wd=0.05
  [Trial  89] dblp_pair_0.4 | acc=0.4477  (75.2s)  knn=d  k=  2  dexp=8.11  p_grd=0.378  unc_rem=0.427  unc_rel=0.089  drop=0.89  h=16  L=3  lr=0.1  wd=0.05
  [Trial  90] dblp_pair_0.4 | acc=0.5636  (81.6s)  knn=d  k=  3  dexp=9.21  p_grd=0.370  unc_rem=0.180  unc_rel=0.460  drop=0.80  h=64  L=3  lr=0.1  wd=5e-05
  [Trial  91] dblp_pair_0.4 | acc=0.6007  (84.3s)  knn=d  k=  3  dexp=9.88  p_grd=0.479  unc_rem=0.091  unc_rel=0.021  drop=0.87  h=64  L=4  lr=0.1  wd=0.005
  [Trial  92] dblp_pair_0.4 | acc=0.4477  (80.1s)  knn=d  k=  4  dexp=9.02  p_grd=0.407  unc_rem=0.211  unc_rel=0.562  drop=0.81  h=16  L=4  lr=0.1  wd=0.05
  [Trial  93] dblp_pair_0.4 | acc=0.5678  (81.0s)  knn=p  k=  8  dexp=6.61  p_grd=0.325  unc_rem=0.062  unc_rel=0.107  drop=0.90  h=32  L=4  lr=0.05  wd=5e-05
  [Trial  94] dblp_pair_0.4 | acc=0.5448  (41.4s)  knn=u  k=-    dexp=8.61  p_grd=0.268  unc_rem=0.215  unc_rel=0.309  drop=0.78  h=128  L=4  lr=0.0005  wd=5e-05
  [Trial  95] dblp_pair_0.4 | acc=0.6466  (41.5s)  knn=u  k=-    dexp=7.44  p_grd=0.304  unc_rem=0.137  unc_rel=0.408  drop=0.83  h=16  L=4  lr=0.1  wd=5e-05
  [Trial  96] dblp_pair_0.4 | acc=0.6457  (86.0s)  knn=d  k=  1  dexp=9.79  p_grd=0.277  unc_rem=0.116  unc_rel=0.383  drop=0.68  h=16  L=4  lr=0.1  wd=0.005
  [Trial  97] dblp_pair_0.4 | acc=0.6885  (76.0s)  knn=p  k=  6  dexp=8.19  p_grd=0.230  unc_rem=0.023  unc_rel=0.028  drop=0.89  h=16  L=4  lr=0.1  wd=0.005
  [Trial  98] dblp_pair_0.4 | acc=0.6822  (78.7s)  knn=p  k=  5  dexp=9.29  p_grd=0.323  unc_rem=0.132  unc_rel=0.204  drop=0.90  h=16  L=4  lr=0.1  wd=0.005
  [Trial  99] dblp_pair_0.4 | acc=0.4918  (83.6s)  knn=p  k=  4  dexp=9.03  p_grd=0.278  unc_rem=0.063  unc_rel=0.103  drop=0.75  h=64  L=4  lr=0.0005  wd=0.005
  [Trial 100] dblp_pair_0.4 | acc=0.5546  (78.0s)  knn=p  k=  4  dexp=8.54  p_grd=0.440  unc_rem=0.072  unc_rel=0.019  drop=0.80  h=128  L=4  lr=0.1  wd=0.0001
  [Trial 101] dblp_pair_0.4 | acc=0.6771  (75.0s)  knn=p  k=  4  dexp=9.47  p_grd=0.343  unc_rem=0.087  unc_rel=0.171  drop=0.83  h=16  L=4  lr=0.1  wd=0.005
  [Trial 102] dblp_pair_0.4 | acc=0.6388  (45.9s)  knn=u  k=-    dexp=9.97  p_grd=0.334  unc_rem=0.191  unc_rel=0.123  drop=0.72  h=16  L=4  lr=0.01  wd=0.005
  [Trial 103] dblp_pair_0.4 | acc=0.1816  (86.6s)  knn=p  k=  4  dexp=7.85  p_grd=0.301  unc_rem=0.148  unc_rel=0.220  drop=0.87  h=16  L=4  lr=1e-05  wd=0.005
  [Trial 104] dblp_pair_0.4 | acc=0.5854  (76.2s)  knn=p  k=  4  dexp=3.24  p_grd=0.353  unc_rem=0.301  unc_rel=0.062  drop=0.85  h=128  L=4  lr=0.1  wd=0.0005
  [Trial 105] dblp_pair_0.4 | acc=0.4486  (71.2s)  knn=d  k=  4  dexp=9.38  p_grd=0.336  unc_rem=0.275  unc_rel=0.476  drop=0.89  h=16  L=4  lr=0.0001  wd=0.005
  [Trial 106] dblp_pair_0.4 | acc=0.6161  (47.2s)  knn=u  k=-    dexp=8.50  p_grd=0.366  unc_rem=0.052  unc_rel=0.311  drop=0.81  h=16  L=4  lr=0.1  wd=0.005
  [Trial 107] dblp_pair_0.4 | acc=0.5753  (76.9s)  knn=p  k=  1  dexp=8.96  p_grd=0.316  unc_rem=0.327  unc_rel=0.057  drop=0.78  h=16  L=2  lr=0.1  wd=0.0005
  [Trial 108] dblp_pair_0.4 | acc=0.6858  (79.8s)  knn=d  k=  5  dexp=9.50  p_grd=0.338  unc_rem=0.228  unc_rel=0.120  drop=0.86  h=32  L=4  lr=0.1  wd=5e-05
  [Trial 109] dblp_pair_0.4 | acc=0.5900  (90.6s)  knn=d  k=  6  dexp=9.93  p_grd=0.403  unc_rem=0.443  unc_rel=0.098  drop=0.81  h=32  L=4  lr=0.1  wd=5e-05
  [Trial 110] dblp_pair_0.4 | acc=0.5976  (81.8s)  knn=d  k=  6  dexp=8.47  p_grd=0.317  unc_rem=0.044  unc_rel=0.175  drop=0.80  h=32  L=4  lr=0.1  wd=5e-05
  [Trial 111] dblp_pair_0.4 | acc=0.6308  (75.4s)  knn=p  k=  6  dexp=4.84  p_grd=0.255  unc_rem=0.011  unc_rel=0.015  drop=0.77  h=64  L=4  lr=0.1  wd=0.005
  [Trial 112] dblp_pair_0.4 | acc=0.6254  (75.9s)  knn=s  k= 15  dexp=0.84  p_grd=0.424  unc_rem=0.295  unc_rel=0.186  drop=0.82  h=16  L=3  lr=0.1  wd=0.005
  [Trial 113] dblp_pair_0.4 | acc=0.6493  (78.6s)  knn=p  k=  4  dexp=9.55  p_grd=0.344  unc_rem=0.101  unc_rel=0.073  drop=0.83  h=32  L=3  lr=0.1  wd=0.005
  [Trial 114] dblp_pair_0.4 | acc=0.5533  (120.5s)  knn=p  k= 23  dexp=8.92  p_grd=0.376  unc_rem=0.273  unc_rel=0.228  drop=0.81  h=16  L=4  lr=0.1  wd=0.005
  [Trial 115] dblp_pair_0.4 | acc=0.6677  (78.3s)  knn=p  k=  5  dexp=8.15  p_grd=0.251  unc_rem=0.036  unc_rel=0.055  drop=0.87  h=16  L=4  lr=0.005  wd=0.0005
  [Trial 116] dblp_pair_0.4 | acc=0.4241  (83.6s)  knn=d  k=  6  dexp=6.84  p_grd=0.417  unc_rem=0.078  unc_rel=0.360  drop=0.88  h=128  L=4  lr=1e-05  wd=0.005
  [Trial 117] dblp_pair_0.4 | acc=0.6238  (77.4s)  knn=d  k=  1  dexp=9.94  p_grd=0.390  unc_rem=0.088  unc_rel=0.519  drop=0.82  h=16  L=2  lr=0.1  wd=0.005
  [Trial 118] dblp_pair_0.4 | acc=0.6080  (74.7s)  knn=p  k=  6  dexp=8.38  p_grd=0.343  unc_rem=0.239  unc_rel=0.030  drop=0.87  h=16  L=3  lr=0.01  wd=0.005
  [Trial 119] dblp_pair_0.4 | acc=0.6908  (69.3s)  knn=p  k=  4  dexp=6.94  p_grd=0.235  unc_rem=0.127  unc_rel=0.060  drop=0.89  h=16  L=4  lr=0.1  wd=0.0001
  [Trial 120] dblp_pair_0.4 | acc=0.6537  (72.4s)  knn=d  k=  7  dexp=7.14  p_grd=0.104  unc_rem=0.211  unc_rel=0.481  drop=0.88  h=32  L=4  lr=0.1  wd=0.0001
  [Trial 121] dblp_pair_0.4 | acc=0.1218  (77.4s)  knn=p  k=  3  dexp=3.50  p_grd=0.304  unc_rem=0.375  unc_rel=0.117  drop=0.87  h=64  L=4  lr=1e-05  wd=0.1
  [Trial 122] dblp_pair_0.4 | acc=0.4814  (73.8s)  knn=d  k=  4  dexp=9.13  p_grd=0.328  unc_rem=0.355  unc_rel=0.220  drop=0.78  h=32  L=1  lr=0.005  wd=0.05
  [Trial 123] dblp_pair_0.4 | acc=0.6410  (79.7s)  knn=p  k=  4  dexp=9.18  p_grd=0.283  unc_rem=0.244  unc_rel=0.302  drop=0.89  h=32  L=4  lr=0.01  wd=0.01
  [Trial 124] dblp_pair_0.4 | acc=0.6893  (78.3s)  knn=p  k=  7  dexp=1.46  p_grd=0.415  unc_rem=0.279  unc_rel=0.217  drop=0.85  h=16  L=4  lr=0.05  wd=0.001
  [Trial 125] dblp_pair_0.4 | acc=0.6270  (97.7s)  knn=p  k=  8  dexp=0.79  p_grd=0.486  unc_rem=0.110  unc_rel=0.129  drop=0.85  h=16  L=2  lr=0.05  wd=0.001
  [Trial 126] dblp_pair_0.4 | acc=0.6007  (74.6s)  knn=p  k=  8  dexp=0.69  p_grd=0.350  unc_rem=0.679  unc_rel=0.114  drop=0.82  h=16  L=4  lr=0.05  wd=0.001
  [Trial 127] dblp_pair_0.4 | acc=0.4487  (74.6s)  knn=d  k=  7  dexp=6.90  p_grd=0.309  unc_rem=0.043  unc_rel=0.025  drop=0.81  h=16  L=4  lr=0.0001  wd=0.001
  [Trial 128] dblp_pair_0.4 | acc=0.6357  (80.1s)  knn=p  k=  7  dexp=3.34  p_grd=0.496  unc_rem=0.339  unc_rel=0.328  drop=0.71  h=16  L=4  lr=0.05  wd=0.001
  [Trial 129] dblp_pair_0.4 | acc=0.6435  (45.4s)  knn=u  k=-    dexp=1.97  p_grd=0.388  unc_rem=0.181  unc_rel=0.187  drop=0.84  h=64  L=4  lr=0.05  wd=0.001
  [Trial 130] dblp_pair_0.4 | acc=0.5637  (78.3s)  knn=p  k=  6  dexp=9.21  p_grd=0.244  unc_rem=0.023  unc_rel=0.313  drop=0.81  h=64  L=2  lr=0.05  wd=0.01
  [Trial 131] dblp_pair_0.4 | acc=0.5933  (72.2s)  knn=s  k= 60  dexp=7.93  p_grd=0.252  unc_rem=0.211  unc_rel=0.121  drop=0.82  h=32  L=4  lr=0.1  wd=0.0001
  [Trial 132] dblp_pair_0.4 | acc=0.6707  (75.4s)  knn=p  k=  3  dexp=0.80  p_grd=0.390  unc_rem=0.321  unc_rel=0.111  drop=0.58  h=32  L=4  lr=0.01  wd=0.001
  [Trial 133] dblp_pair_0.4 | acc=0.6377  (74.4s)  knn=p  k=  4  dexp=6.41  p_grd=0.109  unc_rem=0.064  unc_rel=0.208  drop=0.81  h=16  L=4  lr=0.1  wd=0.0001
  [Trial 134] dblp_pair_0.4 | acc=0.4821  (67.3s)  knn=d  k=  1  dexp=7.99  p_grd=0.327  unc_rem=0.386  unc_rel=0.092  drop=0.78  h=128  L=4  lr=0.01  wd=5e-05
  [Trial 135] dblp_pair_0.4 | acc=0.6543  (84.7s)  knn=s  k=  5  dexp=0.31  p_grd=0.305  unc_rem=0.303  unc_rel=0.228  drop=0.78  h=128  L=4  lr=0.05  wd=0.001
  [Trial 136] dblp_pair_0.4 | acc=0.6275  (81.5s)  knn=p  k=  6  dexp=0.49  p_grd=0.311  unc_rem=0.331  unc_rel=0.300  drop=0.82  h=16  L=4  lr=0.005  wd=0.001
  [Trial 137] dblp_pair_0.4 | acc=0.5059  (73.1s)  knn=d  k=  4  dexp=9.33  p_grd=0.131  unc_rem=0.405  unc_rel=0.046  drop=0.88  h=32  L=1  lr=0.1  wd=5e-05
  [Trial 138] dblp_pair_0.4 | acc=0.6842  (82.0s)  knn=p  k=  8  dexp=7.53  p_grd=0.346  unc_rem=0.086  unc_rel=0.075  drop=0.88  h=16  L=4  lr=0.1  wd=0.005
  [Trial 139] dblp_pair_0.4 | acc=0.5793  (76.1s)  knn=p  k=  9  dexp=7.02  p_grd=0.214  unc_rem=0.032  unc_rel=0.352  drop=0.86  h=32  L=4  lr=0.1  wd=0.005
  [Trial 140] dblp_pair_0.4 | acc=0.5857  (72.7s)  knn=d  k= 10  dexp=9.76  p_grd=0.243  unc_rem=0.286  unc_rel=0.041  drop=0.77  h=32  L=4  lr=0.0005  wd=0.001
  [Trial 141] dblp_pair_0.4 | acc=0.4477  (78.9s)  knn=d  k=  9  dexp=9.50  p_grd=0.384  unc_rem=0.273  unc_rel=0.246  drop=0.82  h=16  L=4  lr=0.05  wd=0.1
  [Trial 142] dblp_pair_0.4 | acc=0.6417  (80.3s)  knn=p  k=  7  dexp=2.58  p_grd=0.380  unc_rem=0.061  unc_rel=0.134  drop=0.86  h=16  L=4  lr=0.05  wd=0.0001
  [Trial 143] dblp_pair_0.4 | acc=0.4817  (75.3s)  knn=d  k=  5  dexp=9.99  p_grd=0.366  unc_rem=0.226  unc_rel=0.218  drop=0.89  h=128  L=1  lr=0.1  wd=0.005
  [Trial 144] dblp_pair_0.4 | acc=0.6918  (90.9s)  knn=p  k=  1  dexp=4.92  p_grd=0.361  unc_rem=0.044  unc_rel=0.475  drop=0.87  h=16  L=4  lr=0.1  wd=0.005
  [Trial 145] dblp_pair_0.4 | acc=0.4882  (79.6s)  knn=p  k=  1  dexp=4.51  p_grd=0.470  unc_rem=0.031  unc_rel=0.586  drop=0.86  h=32  L=1  lr=0.1  wd=0.001
  [Trial 146] dblp_pair_0.4 | acc=0.6620  (76.7s)  knn=p  k=  1  dexp=5.06  p_grd=0.424  unc_rem=0.090  unc_rel=0.434  drop=0.72  h=16  L=4  lr=0.1  wd=0.005
  [Trial 147] dblp_pair_0.4 | acc=0.5268  (78.5s)  knn=p  k=  1  dexp=7.85  p_grd=0.298  unc_rem=0.411  unc_rel=0.326  drop=0.90  h=64  L=4  lr=0.1  wd=0.0001
  [Trial 148] dblp_pair_0.4 | acc=0.4558  (80.2s)  knn=p  k=  7  dexp=3.39  p_grd=0.339  unc_rem=0.175  unc_rel=0.586  drop=0.63  h=64  L=4  lr=0.0005  wd=0.005
  [Trial 149] dblp_pair_0.4 | acc=0.6441  (71.9s)  knn=p  k=  4  dexp=9.08  p_grd=0.096  unc_rem=0.147  unc_rel=0.087  drop=0.86  h=16  L=2  lr=0.01  wd=0.005
  [Trial 150] dblp_pair_0.4 | acc=0.6392  (90.3s)  knn=p  k=  1  dexp=2.19  p_grd=0.409  unc_rem=0.318  unc_rel=0.029  drop=0.82  h=16  L=4  lr=0.001  wd=0.05
  [Trial 151] dblp_pair_0.4 | acc=0.4681  (75.0s)  knn=p  k=  7  dexp=4.76  p_grd=0.201  unc_rem=0.035  unc_rel=0.031  drop=0.80  h=16  L=1  lr=0.0001  wd=0.0001
  [Trial 152] dblp_pair_0.4 | acc=0.4477  (44.3s)  knn=u  k=-    dexp=6.93  p_grd=0.416  unc_rem=0.072  unc_rel=0.029  drop=0.69  h=16  L=4  lr=0.1  wd=0.1
  [Trial 153] dblp_pair_0.4 | acc=0.6711  (81.4s)  knn=p  k=  5  dexp=2.54  p_grd=0.455  unc_rem=0.485  unc_rel=0.163  drop=0.88  h=16  L=4  lr=0.1  wd=1e-05
  [Trial 154] dblp_pair_0.4 | acc=0.5908  (76.5s)  knn=s  k= 20  dexp=8.72  p_grd=0.245  unc_rem=0.038  unc_rel=0.242  drop=0.77  h=16  L=4  lr=0.001  wd=0.005
  [Trial 155] dblp_pair_0.4 | acc=0.6214  (85.5s)  knn=p  k=  4  dexp=8.92  p_grd=0.274  unc_rem=0.021  unc_rel=0.056  drop=0.81  h=16  L=4  lr=0.1  wd=0.005
  [Trial 156] dblp_pair_0.4 | acc=0.6852  (88.6s)  knn=p  k=  4  dexp=7.76  p_grd=0.270  unc_rem=0.188  unc_rel=0.024  drop=0.85  h=16  L=4  lr=0.1  wd=5e-05
  [Trial 157] dblp_pair_0.4 | acc=0.6453  (88.8s)  knn=p  k=  4  dexp=8.48  p_grd=0.217  unc_rem=0.450  unc_rel=0.073  drop=0.81  h=16  L=4  lr=0.1  wd=5e-05
  [Trial 158] dblp_pair_0.4 | acc=0.5597  (94.5s)  knn=d  k=  8  dexp=8.67  p_grd=0.182  unc_rem=0.546  unc_rel=0.068  drop=0.86  h=16  L=4  lr=0.001  wd=0.0001
  [Trial 159] dblp_pair_0.4 | acc=0.4900  (97.2s)  knn=d  k=  3  dexp=7.59  p_grd=0.325  unc_rem=0.282  unc_rel=0.403  drop=0.89  h=64  L=4  lr=0.1  wd=0.0005
  [Trial 160] dblp_pair_0.4 | acc=0.4477  (95.2s)  knn=d  k=  1  dexp=7.94  p_grd=0.403  unc_rem=0.227  unc_rel=0.034  drop=0.65  h=32  L=4  lr=0.05  wd=0.05
  [Trial 161] dblp_pair_0.4 | acc=0.2167  (91.4s)  knn=p  k=  7  dexp=0.98  p_grd=0.445  unc_rem=0.123  unc_rel=0.192  drop=0.86  h=16  L=4  lr=1e-05  wd=0.001
  [Trial 162] dblp_pair_0.4 | acc=0.4763  (75.0s)  knn=p  k=  4  dexp=5.29  p_grd=0.368  unc_rem=0.056  unc_rel=0.298  drop=0.81  h=16  L=2  lr=0.01  wd=5e-05
  [Trial 163] dblp_pair_0.4 | acc=0.5302  (80.0s)  knn=p  k=  4  dexp=9.42  p_grd=0.357  unc_rem=0.073  unc_rel=0.084  drop=0.72  h=16  L=4  lr=0.1  wd=5e-05
  [Trial 164] dblp_pair_0.4 | acc=0.6120  (83.8s)  knn=d  k=  5  dexp=1.66  p_grd=0.364  unc_rem=0.214  unc_rel=0.503  drop=0.79  h=16  L=2  lr=0.1  wd=0.005
  [Trial 165] dblp_pair_0.4 | acc=0.5960  (71.2s)  knn=d  k=  4  dexp=7.02  p_grd=0.222  unc_rem=0.069  unc_rel=0.048  drop=0.87  h=16  L=3  lr=0.1  wd=5e-05
  [Trial 166] dblp_pair_0.4 | acc=0.4478  (85.3s)  knn=d  k=  7  dexp=9.18  p_grd=0.352  unc_rem=0.419  unc_rel=0.228  drop=0.88  h=32  L=4  lr=0.0001  wd=0.01
  [Trial 167] dblp_pair_0.4 | acc=0.5071  (82.8s)  knn=d  k=  3  dexp=9.48  p_grd=0.321  unc_rem=0.358  unc_rel=0.441  drop=0.69  h=64  L=4  lr=0.005  wd=0.005
  [Trial 168] dblp_pair_0.4 | acc=0.6713  (85.9s)  knn=d  k=  7  dexp=8.44  p_grd=0.424  unc_rem=0.271  unc_rel=0.055  drop=0.84  h=16  L=4  lr=0.1  wd=0.005
  [Trial 169] dblp_pair_0.4 | acc=0.4515  (81.6s)  knn=p  k=  1  dexp=8.22  p_grd=0.266  unc_rem=0.034  unc_rel=0.127  drop=0.86  h=16  L=4  lr=0.0001  wd=0.0001
  [Trial 170] dblp_pair_0.4 | acc=0.6764  (72.6s)  knn=p  k=  5  dexp=5.78  p_grd=0.423  unc_rem=0.105  unc_rel=0.188  drop=0.88  h=16  L=4  lr=0.1  wd=0.005
  [Trial 171] dblp_pair_0.4 | acc=0.5470  (74.3s)  knn=p  k= 11  dexp=5.61  p_grd=0.359  unc_rem=0.176  unc_rel=0.185  drop=0.89  h=16  L=2  lr=0.1  wd=0.005
  [Trial 172] dblp_pair_0.4 | acc=0.6158  (101.6s)  knn=p  k=  5  dexp=8.62  p_grd=0.239  unc_rem=0.281  unc_rel=0.041  drop=0.78  h=16  L=4  lr=0.1  wd=0.0001
  [Trial 173] dblp_pair_0.4 | acc=0.4477  (83.1s)  knn=p  k=  5  dexp=4.90  p_grd=0.461  unc_rem=0.125  unc_rel=0.080  drop=0.90  h=16  L=4  lr=0.1  wd=0.005
  [Trial 174] dblp_pair_0.4 | acc=0.2724  (89.9s)  knn=p  k=  6  dexp=8.65  p_grd=0.467  unc_rem=0.125  unc_rel=0.251  drop=0.65  h=32  L=4  lr=1e-05  wd=0.005
  [Trial 175] dblp_pair_0.4 | acc=0.1935  (71.6s)  knn=p  k=  4  dexp=2.17  p_grd=0.375  unc_rem=0.046  unc_rel=0.665  drop=0.80  h=16  L=4  lr=1e-05  wd=0.005
  [Trial 176] dblp_pair_0.4 | acc=0.5709  (76.3s)  knn=p  k=  8  dexp=3.91  p_grd=0.345  unc_rem=0.616  unc_rel=0.277  drop=0.84  h=32  L=4  lr=0.1  wd=0.005
  [Trial 177] dblp_pair_0.4 | acc=0.4477  (92.0s)  knn=d  k=  3  dexp=1.33  p_grd=0.466  unc_rem=0.179  unc_rel=0.190  drop=0.90  h=16  L=4  lr=0.05  wd=0.05
  [Trial 178] dblp_pair_0.4 | acc=0.5489  (91.8s)  knn=p  k=  6  dexp=0.86  p_grd=0.496  unc_rem=0.452  unc_rel=0.240  drop=0.73  h=128  L=4  lr=0.0005  wd=0.001
  [Trial 179] dblp_pair_0.4 | acc=0.6445  (78.1s)  knn=p  k=  3  dexp=7.86  p_grd=0.377  unc_rem=0.153  unc_rel=0.051  drop=0.82  h=16  L=4  lr=0.01  wd=0.005
  [Trial 180] dblp_pair_0.4 | acc=0.5433  (72.7s)  knn=p  k=  7  dexp=2.96  p_grd=0.282  unc_rem=0.140  unc_rel=0.403  drop=0.88  h=16  L=3  lr=0.1  wd=0.001
  [Trial 181] dblp_pair_0.4 | acc=0.4477  (78.9s)  knn=p  k=  1  dexp=8.97  p_grd=0.432  unc_rem=0.110  unc_rel=0.130  drop=0.83  h=16  L=4  lr=0.1  wd=0.05
  [Trial 182] dblp_pair_0.4 | acc=0.5704  (87.7s)  knn=p  k= 10  dexp=8.55  p_grd=0.487  unc_rem=0.014  unc_rel=0.465  drop=0.82  h=32  L=4  lr=0.1  wd=1e-05
  [Trial 183] dblp_pair_0.4 | acc=0.4672  (106.8s)  knn=p  k=  8  dexp=4.97  p_grd=0.296  unc_rem=0.101  unc_rel=0.412  drop=0.88  h=16  L=1  lr=0.005  wd=0.005
  [Trial 184] dblp_pair_0.4 | acc=0.4997  (82.9s)  knn=p  k=  8  dexp=5.80  p_grd=0.222  unc_rem=0.192  unc_rel=0.142  drop=0.72  h=16  L=1  lr=0.1  wd=0.05
  [Trial 185] dblp_pair_0.4 | acc=0.2113  (111.8s)  knn=d  k=  6  dexp=9.53  p_grd=0.337  unc_rem=0.098  unc_rel=0.099  drop=0.66  h=32  L=2  lr=0.0001  wd=5e-05
  [Trial 186] dblp_pair_0.4 | acc=0.6069  (50.4s)  knn=u  k=-    dexp=6.95  p_grd=0.253  unc_rem=0.142  unc_rel=0.178  drop=0.73  h=32  L=2  lr=0.1  wd=0.005
  [Trial 187] dblp_pair_0.4 | acc=0.5196  (84.2s)  knn=p  k=  5  dexp=1.17  p_grd=0.392  unc_rem=0.236  unc_rel=0.410  drop=0.80  h=16  L=1  lr=0.05  wd=0.05
  [Trial 188] dblp_pair_0.4 | acc=0.5862  (78.4s)  knn=p  k=  4  dexp=5.51  p_grd=0.266  unc_rem=0.056  unc_rel=0.094  drop=0.84  h=16  L=4  lr=0.0005  wd=0.005
  [Trial 189] dblp_pair_0.4 | acc=0.4477  (74.6s)  knn=p  k=  8  dexp=5.54  p_grd=0.161  unc_rem=0.026  unc_rel=0.244  drop=0.64  h=128  L=4  lr=0.1  wd=0.1
  [Trial 190] dblp_pair_0.4 | acc=0.5630  (42.3s)  knn=u  k=-    dexp=6.77  p_grd=0.390  unc_rem=0.098  unc_rel=0.065  drop=0.90  h=16  L=4  lr=0.001  wd=0.0001
  [Trial 191] dblp_pair_0.4 | acc=0.5185  (77.8s)  knn=p  k=  4  dexp=7.46  p_grd=0.278  unc_rem=0.093  unc_rel=0.070  drop=0.74  h=16  L=4  lr=0.05  wd=0.001
  [Trial 192] dblp_pair_0.4 | acc=0.6474  (76.8s)  knn=d  k= 11  dexp=10.00  p_grd=0.392  unc_rem=0.343  unc_rel=0.620  drop=0.89  h=16  L=4  lr=0.1  wd=0.005
  [Trial 193] dblp_pair_0.4 | acc=0.6776  (37.9s)  knn=u  k=-    dexp=9.41  p_grd=0.203  unc_rem=0.096  unc_rel=0.347  drop=0.78  h=16  L=4  lr=0.1  wd=0.001
  [Trial 194] dblp_pair_0.4 | acc=0.6222  (45.9s)  knn=u  k=-    dexp=8.74  p_grd=0.155  unc_rem=0.231  unc_rel=0.233  drop=0.79  h=16  L=4  lr=0.1  wd=0.001
  [Trial 195] dblp_pair_0.4 | acc=0.5172  (44.1s)  knn=u  k=-    dexp=7.08  p_grd=0.378  unc_rem=0.078  unc_rel=0.252  drop=0.87  h=128  L=4  lr=0.1  wd=1e-05
  [Trial 196] dblp_pair_0.4 | acc=0.6189  (40.4s)  knn=u  k=-    dexp=8.53  p_grd=0.283  unc_rem=0.126  unc_rel=0.346  drop=0.66  h=16  L=4  lr=0.0005  wd=0.001
  [Trial 197] dblp_pair_0.4 | acc=0.4482  (70.4s)  knn=p  k=  7  dexp=0.37  p_grd=0.330  unc_rem=0.316  unc_rel=0.045  drop=0.83  h=16  L=4  lr=0.01  wd=0.1
  [Trial 198] dblp_pair_0.4 | acc=0.6938  (65.5s)  knn=d  k=  1  dexp=8.31  p_grd=0.225  unc_rem=0.147  unc_rel=0.221  drop=0.79  h=16  L=4  lr=0.1  wd=0.01
  [Trial 199] dblp_pair_0.4 | acc=0.4477  (32.3s)  knn=u  k=-    dexp=9.25  p_grd=0.083  unc_rem=0.168  unc_rel=0.453  drop=0.84  h=128  L=4  lr=0.1  wd=0.05
  [Trial 200] dblp_pair_0.4 | acc=0.6566  (31.1s)  knn=u  k=-    dexp=9.25  p_grd=0.065  unc_rem=0.032  unc_rel=0.524  drop=0.56  h=16  L=2  lr=0.1  wd=0.001

[Optuna] Optimization done. 200/200 trials completed.

[Retest] (dblp_pair_0.4) Testing top-5 configs × 10 seeds...

  [Retest] (dblp_pair_0.4) Config 1/5: (Trial #197, Orig Acc: 0.6938)
           Params: {'knn_mode': 'd', 'k': 1, 'dexp': 8.31335713921889, 'p_grd': 0.22458099644664684, 'unc_rem': 0.14680534715817853, 'unc_rel': 0.22136049013179648, 'dropout': 0.7936653744335391, 'n_hidden': 16, 'n_layer': 4, 'lr': 0.1, 'weight_decay': 0.01}
    [Retest] dblp | Config 1 | Run 1/10 | seed=3000 | Acc: 0.6938 | Mean: 0.6938 | Time: 73.5s
    [Retest] dblp | Config 1 | Run 2/10 | seed=3001 | Acc: 0.6638 | Mean: 0.6788 | Time: 73.2s
    [Retest] dblp | Config 1 | Run 3/10 | seed=3002 | Acc: 0.6191 | Mean: 0.6589 | Time: 72.2s
    [Retest] dblp | Config 1 | Run 4/10 | seed=3003 | Acc: 0.6636 | Mean: 0.6600 | Time: 74.3s
    [Retest] dblp | Config 1 | Run 5/10 | seed=3004 | Acc: 0.4464 | Mean: 0.6173 | Time: 70.6s
    [Retest] dblp | Config 1 | Run 6/10 | seed=3005 | Acc: 0.6311 | Mean: 0.6196 | Time: 72.8s
    [Retest] dblp | Config 1 | Run 7/10 | seed=3006 | Acc: 0.4448 | Mean: 0.5946 | Time: 77.2s
    [Retest] dblp | Config 1 | Run 8/10 | seed=3007 | Acc: 0.6682 | Mean: 0.6038 | Time: 76.0s
    [Retest] dblp | Config 1 | Run 9/10 | seed=3008 | Acc: 0.6515 | Mean: 0.6091 | Time: 69.2s
    [Retest] dblp | Config 1 | Run 10/10 | seed=3009 | Acc: 0.4497 | Mean: 0.5932 | Time: 79.7s
  [Retest] Config 1: mean=0.5932 ± 0.0976

  [Retest] (dblp_pair_0.4) Config 2/5: (Trial #85, Orig Acc: 0.6930)
           Params: {'knn_mode': 'd', 'k': 2, 'dexp': 9.89560960530287, 'p_grd': 0.3342419135171927, 'unc_rem': 0.15653434266364954, 'unc_rel': 0.30434892626877896, 'dropout': 0.8692493606185193, 'n_hidden': 16, 'n_layer': 4, 'lr': 0.1, 'weight_decay': 0.005}
    [Retest] dblp | Config 2 | Run 1/10 | seed=3000 | Acc: 0.6863 | Mean: 0.6863 | Time: 77.8s
    [Retest] dblp | Config 2 | Run 2/10 | seed=3001 | Acc: 0.6637 | Mean: 0.6750 | Time: 77.2s
    [Retest] dblp | Config 2 | Run 3/10 | seed=3002 | Acc: 0.6029 | Mean: 0.6510 | Time: 73.6s
    [Retest] dblp | Config 2 | Run 4/10 | seed=3003 | Acc: 0.6412 | Mean: 0.6485 | Time: 75.2s
    [Retest] dblp | Config 2 | Run 5/10 | seed=3004 | Acc: 0.4464 | Mean: 0.6081 | Time: 71.8s
    [Retest] dblp | Config 2 | Run 6/10 | seed=3005 | Acc: 0.6847 | Mean: 0.6209 | Time: 69.6s
    [Retest] dblp | Config 2 | Run 7/10 | seed=3006 | Acc: 0.5271 | Mean: 0.6075 | Time: 79.8s
    [Retest] dblp | Config 2 | Run 8/10 | seed=3007 | Acc: 0.6646 | Mean: 0.6146 | Time: 75.3s
    [Retest] dblp | Config 2 | Run 9/10 | seed=3008 | Acc: 0.6049 | Mean: 0.6135 | Time: 90.0s
    [Retest] dblp | Config 2 | Run 10/10 | seed=3009 | Acc: 0.4497 | Mean: 0.5972 | Time: 80.1s
  [Retest] Config 2: mean=0.5972 ± 0.0872

  [Retest] (dblp_pair_0.4) Config 3/5: (Trial #72, Orig Acc: 0.6922)
           Params: {'knn_mode': 'd', 'k': 6, 'dexp': 7.700388781658344, 'p_grd': 0.26339472102734063, 'unc_rem': 0.14640938918564272, 'unc_rel': 0.22608812677928, 'dropout': 0.8858371544618773, 'n_hidden': 16, 'n_layer': 4, 'lr': 0.1, 'weight_decay': 0.0001}
    [Retest] dblp | Config 3 | Run 1/10 | seed=3000 | Acc: 0.6922 | Mean: 0.6922 | Time: 75.6s
    [Retest] dblp | Config 3 | Run 2/10 | seed=3001 | Acc: 0.6479 | Mean: 0.6701 | Time: 74.6s
    [Retest] dblp | Config 3 | Run 3/10 | seed=3002 | Acc: 0.4460 | Mean: 0.5954 | Time: 72.2s
    [Retest] dblp | Config 3 | Run 4/10 | seed=3003 | Acc: 0.4553 | Mean: 0.5604 | Time: 76.7s
    [Retest] dblp | Config 3 | Run 5/10 | seed=3004 | Acc: 0.6754 | Mean: 0.5834 | Time: 70.4s
    [Retest] dblp | Config 3 | Run 6/10 | seed=3005 | Acc: 0.4417 | Mean: 0.5598 | Time: 73.7s
    [Retest] dblp | Config 3 | Run 7/10 | seed=3006 | Acc: 0.6704 | Mean: 0.5756 | Time: 75.1s
    [Retest] dblp | Config 3 | Run 8/10 | seed=3007 | Acc: 0.6849 | Mean: 0.5892 | Time: 77.2s
    [Retest] dblp | Config 3 | Run 9/10 | seed=3008 | Acc: 0.5301 | Mean: 0.5827 | Time: 72.7s
    [Retest] dblp | Config 3 | Run 10/10 | seed=3009 | Acc: 0.4685 | Mean: 0.5713 | Time: 74.4s
  [Retest] Config 3: mean=0.5713 ± 0.1059

  [Retest] (dblp_pair_0.4) Config 4/5: (Trial #143, Orig Acc: 0.6918)
           Params: {'knn_mode': 'p', 'k': 1, 'dexp': 4.9191063765558605, 'p_grd': 0.36082981906818407, 'unc_rem': 0.04414550281114043, 'unc_rel': 0.4748684538823833, 'dropout': 0.8696945440604277, 'n_hidden': 16, 'n_layer': 4, 'lr': 0.1, 'weight_decay': 0.005}
    [Retest] dblp | Config 4 | Run 1/10 | seed=3000 | Acc: 0.7039 | Mean: 0.7039 | Time: 76.1s
    [Retest] dblp | Config 4 | Run 2/10 | seed=3001 | Acc: 0.6687 | Mean: 0.6863 | Time: 80.6s
    [Retest] dblp | Config 4 | Run 3/10 | seed=3002 | Acc: 0.5686 | Mean: 0.6471 | Time: 76.8s
    [Retest] dblp | Config 4 | Run 4/10 | seed=3003 | Acc: 0.4471 | Mean: 0.5971 | Time: 82.5s
    [Retest] dblp | Config 4 | Run 5/10 | seed=3004 | Acc: 0.4464 | Mean: 0.5669 | Time: 85.7s
    [Retest] dblp | Config 4 | Run 6/10 | seed=3005 | Acc: 0.6810 | Mean: 0.5860 | Time: 75.3s
    [Retest] dblp | Config 4 | Run 7/10 | seed=3006 | Acc: 0.6276 | Mean: 0.5919 | Time: 74.6s
    [Retest] dblp | Config 4 | Run 8/10 | seed=3007 | Acc: 0.5173 | Mean: 0.5826 | Time: 85.8s
    [Retest] dblp | Config 4 | Run 9/10 | seed=3008 | Acc: 0.5951 | Mean: 0.5840 | Time: 83.9s
    [Retest] dblp | Config 4 | Run 10/10 | seed=3009 | Acc: 0.6699 | Mean: 0.5926 | Time: 84.6s
  [Retest] Config 4: mean=0.5926 ± 0.0906

  [Retest] (dblp_pair_0.4) Config 5/5: (Trial #118, Orig Acc: 0.6908)
           Params: {'knn_mode': 'p', 'k': 4, 'dexp': 6.939694036531995, 'p_grd': 0.2354725201814954, 'unc_rem': 0.12699917760442353, 'unc_rel': 0.0597699935326261, 'dropout': 0.8936266912800943, 'n_hidden': 16, 'n_layer': 4, 'lr': 0.1, 'weight_decay': 0.0001}
    [Retest] dblp | Config 5 | Run 1/10 | seed=3000 | Acc: 0.6908 | Mean: 0.6908 | Time: 91.8s
    [Retest] dblp | Config 5 | Run 2/10 | seed=3001 | Acc: 0.6536 | Mean: 0.6722 | Time: 87.8s
    [Retest] dblp | Config 5 | Run 3/10 | seed=3002 | Acc: 0.4446 | Mean: 0.5964 | Time: 78.5s
    [Retest] dblp | Config 5 | Run 4/10 | seed=3003 | Acc: 0.4675 | Mean: 0.5641 | Time: 71.4s
    [Retest] dblp | Config 5 | Run 5/10 | seed=3004 | Acc: 0.6738 | Mean: 0.5861 | Time: 70.8s
    [Retest] dblp | Config 5 | Run 6/10 | seed=3005 | Acc: 0.4530 | Mean: 0.5639 | Time: 68.9s
    [Retest] dblp | Config 5 | Run 7/10 | seed=3006 | Acc: 0.6285 | Mean: 0.5731 | Time: 66.5s
    [Retest] dblp | Config 5 | Run 8/10 | seed=3007 | Acc: 0.6362 | Mean: 0.5810 | Time: 73.5s
    [Retest] dblp | Config 5 | Run 9/10 | seed=3008 | Acc: 0.5806 | Mean: 0.5810 | Time: 74.1s
    [Retest] dblp | Config 5 | Run 10/10 | seed=3009 | Acc: 0.6248 | Mean: 0.5854 | Time: 68.1s
  [Retest] Config 5: mean=0.5854 ± 0.0899

[Optuna] Success: Best config saved to log/hpo_db.json:
         {'knn_mode': 'd', 'k': 2, 'dexp': 9.89560960530287, 'p_grd': 0.3342419135171927, 'unc_rem': 0.15653434266364954, 'unc_rel': 0.30434892626877896, 'dropout': 0.8692493606185193, 'n_hidden': 16, 'n_layer': 4, 'lr': 0.1, 'weight_decay': 0.005}
[Optuna] Success: Best retest mean accuracy: 0.5972
[Optuna] Success: Done marker: ./log/nni_done\lnpcc_dblp_pair_0.4.done
  [HPO] Done marker saved: ./log/nni_done\lnpcc_dblp_pair_0.4.done
[total_exp] --hpo_only: skipping benchmark runs.
[worker] OK DONE  hpo_dblp_pair_0.4  gpu=0  317.6 min  rc=0
