[worker] START  hpo_cora_random_0.1  gpu=1
======================================================================
GCN + LN-PCC -- NoisyGL Benchmark (Unified)
Start          : 2026-04-20 23:39:22
Variants       : ['lnpcc']
Datasets       : ['cora']
Noise          : [[0.1, 'random']]
Runs           : 10  (seeds 3000..3009)
Device         : cuda:1
======================================================================

[HPO] Optimizing lnpcc on cora_random_0.1 (max_trials=200, max_k_same=60)

[Optuna] Scenario: cora_random_0.1  (max_trials=200, startup=20)
  [Trial   1] cora_random_0.1 | acc=0.4710  (45.5s)  knn=d  k= 14  dexp=7.40  p_grd=0.421  unc_rem=0.161  unc_rel=0.537  drop=0.52  h=128  L=3  lr=0.1  wd=0.05
  [Trial   2] cora_random_0.1 | acc=0.1780  (34.6s)  knn=d  k= 17  dexp=0.88  p_grd=0.193  unc_rem=0.850  unc_rel=0.092  drop=0.89  h=128  L=3  lr=1e-05  wd=0.1
  [Trial   3] cora_random_0.1 | acc=0.1220  (28.1s)  knn=s  k= 60  dexp=4.63  p_grd=0.375  unc_rem=0.959  unc_rel=0.839  drop=0.11  h=16  L=4  lr=1e-05  wd=0.1
  [Trial   4] cora_random_0.1 | acc=0.7790  (27.5s)  knn=s  k= 20  dexp=3.86  p_grd=0.215  unc_rem=0.881  unc_rel=0.612  drop=0.58  h=32  L=3  lr=0.005  wd=0.001
  [Trial   5] cora_random_0.1 | acc=0.7270  (23.5s)  knn=u  k=-    dexp=8.18  p_grd=0.344  unc_rem=0.346  unc_rel=0.828  drop=0.50  h=64  L=4  lr=0.001  wd=0.001
  [Trial   6] cora_random_0.1 | acc=0.7390  (24.3s)  knn=s  k= 60  dexp=9.63  p_grd=0.431  unc_rem=0.779  unc_rel=0.683  drop=0.44  h=32  L=1  lr=0.1  wd=0.01
  [Trial   7] cora_random_0.1 | acc=0.4430  (26.5s)  knn=d  k= 22  dexp=8.98  p_grd=0.186  unc_rem=0.562  unc_rel=0.930  drop=0.36  h=32  L=3  lr=0.0001  wd=0.005
  [Trial   8] cora_random_0.1 | acc=0.7870  (32.0s)  knn=d  k= 15  dexp=2.27  p_grd=0.167  unc_rem=0.876  unc_rel=0.021  drop=0.20  h=128  L=3  lr=0.1  wd=0.005
  [Trial   9] cora_random_0.1 | acc=0.7600  (28.3s)  knn=p  k= 21  dexp=7.05  p_grd=0.405  unc_rem=0.819  unc_rel=0.209  drop=0.56  h=32  L=2  lr=0.01  wd=1e-05
  [Trial  10] cora_random_0.1 | acc=0.7800  (34.7s)  knn=d  k= 23  dexp=5.37  p_grd=0.494  unc_rem=0.196  unc_rel=0.286  drop=0.68  h=64  L=3  lr=0.05  wd=0.005
  [Trial  11] cora_random_0.1 | acc=0.6830  (34.9s)  knn=s  k= 10  dexp=6.60  p_grd=0.444  unc_rem=0.958  unc_rel=0.876  drop=0.66  h=16  L=4  lr=0.05  wd=1e-05
  [Trial  12] cora_random_0.1 | acc=0.7620  (25.3s)  knn=u  k=-    dexp=8.76  p_grd=0.091  unc_rem=0.305  unc_rel=0.438  drop=0.14  h=64  L=3  lr=0.001  wd=0.0001
  [Trial  13] cora_random_0.1 | acc=0.2060  (31.6s)  knn=p  k=  9  dexp=7.90  p_grd=0.228  unc_rem=0.196  unc_rel=0.065  drop=0.88  h=16  L=4  lr=0.1  wd=0.005
  [Trial  14] cora_random_0.1 | acc=0.7480  (30.0s)  knn=s  k= 20  dexp=4.82  p_grd=0.311  unc_rem=0.084  unc_rel=0.251  drop=0.17  h=32  L=2  lr=0.0005  wd=0.005
  [Trial  15] cora_random_0.1 | acc=0.4360  (27.7s)  knn=d  k=  5  dexp=1.73  p_grd=0.294  unc_rem=0.145  unc_rel=0.870  drop=0.67  h=32  L=1  lr=0.0001  wd=0.001
  [Trial  16] cora_random_0.1 | acc=0.2110  (34.6s)  knn=p  k= 15  dexp=1.15  p_grd=0.289  unc_rem=0.335  unc_rel=0.495  drop=0.39  h=64  L=4  lr=1e-05  wd=0.0005
  [Trial  17] cora_random_0.1 | acc=0.7310  (30.4s)  knn=p  k= 10  dexp=8.27  p_grd=0.189  unc_rem=0.042  unc_rel=0.304  drop=0.53  h=32  L=4  lr=0.005  wd=0.005
  [Trial  18] cora_random_0.1 | acc=0.7820  (25.6s)  knn=d  k=  3  dexp=2.21  p_grd=0.206  unc_rem=0.616  unc_rel=0.167  drop=0.40  h=64  L=3  lr=0.005  wd=0.01
  [Trial  19] cora_random_0.1 | acc=0.6400  (31.6s)  knn=p  k= 13  dexp=3.83  p_grd=0.476  unc_rem=0.774  unc_rel=0.043  drop=0.57  h=128  L=1  lr=0.001  wd=5e-05
  [Trial  20] cora_random_0.1 | acc=0.7830  (23.8s)  knn=u  k=-    dexp=6.93  p_grd=0.170  unc_rem=0.841  unc_rel=0.089  drop=0.61  h=16  L=2  lr=0.01  wd=5e-05
  [Trial  21] cora_random_0.1 | acc=0.7700  (26.2s)  knn=u  k=-    dexp=6.27  p_grd=0.160  unc_rem=0.801  unc_rel=0.098  drop=0.63  h=64  L=2  lr=0.01  wd=5e-05
  [Trial  22] cora_random_0.1 | acc=0.8020  (27.0s)  knn=d  k=  3  dexp=1.17  p_grd=0.254  unc_rem=0.629  unc_rel=0.178  drop=0.24  h=64  L=3  lr=0.005  wd=0.01
  [Trial  23] cora_random_0.1 | acc=0.8120  (34.6s)  knn=d  k=  1  dexp=4.04  p_grd=0.133  unc_rem=0.681  unc_rel=0.035  drop=0.31  h=128  L=2  lr=0.1  wd=0.005
  [Trial  24] cora_random_0.1 | acc=0.7850  (29.7s)  knn=d  k=  1  dexp=3.85  p_grd=0.179  unc_rem=0.887  unc_rel=0.237  drop=0.16  h=128  L=3  lr=0.1  wd=0.005
  [Trial  25] cora_random_0.1 | acc=0.6880  (30.1s)  knn=d  k=  1  dexp=3.41  p_grd=0.123  unc_rem=0.620  unc_rel=0.142  drop=0.36  h=128  L=2  lr=0.01  wd=0.05
  [Trial  26] cora_random_0.1 | acc=0.7570  (26.4s)  knn=d  k=  5  dexp=4.42  p_grd=0.153  unc_rem=0.805  unc_rel=0.072  drop=0.21  h=16  L=2  lr=0.005  wd=0.005
  [Trial  27] cora_random_0.1 | acc=0.7720  (41.1s)  knn=d  k=  1  dexp=5.50  p_grd=0.095  unc_rem=0.516  unc_rel=0.125  drop=0.51  h=32  L=3  lr=0.1  wd=1e-05
  [Trial  28] cora_random_0.1 | acc=0.7650  (28.0s)  knn=p  k=  5  dexp=0.56  p_grd=0.227  unc_rem=0.663  unc_rel=0.127  drop=0.28  h=128  L=4  lr=0.001  wd=0.005
  [Trial  29] cora_random_0.1 | acc=0.7580  (26.8s)  knn=s  k= 40  dexp=2.37  p_grd=0.296  unc_rem=0.615  unc_rel=0.142  drop=0.20  h=64  L=3  lr=0.0005  wd=5e-05
  [Trial  30] cora_random_0.1 | acc=0.7790  (34.5s)  knn=s  k= 40  dexp=4.04  p_grd=0.032  unc_rem=0.728  unc_rel=0.381  drop=0.28  h=128  L=2  lr=0.1  wd=0.01
  [Trial  31] cora_random_0.1 | acc=0.4340  (28.0s)  knn=d  k=  6  dexp=0.73  p_grd=0.149  unc_rem=0.769  unc_rel=0.064  drop=0.19  h=64  L=1  lr=0.0001  wd=0.001
  [Trial  32] cora_random_0.1 | acc=0.7320  (25.5s)  knn=d  k=  1  dexp=1.36  p_grd=0.204  unc_rem=0.943  unc_rel=0.457  drop=0.13  h=128  L=3  lr=0.1  wd=0.005
  [Trial  33] cora_random_0.1 | acc=0.7740  (30.6s)  knn=p  k=  1  dexp=6.75  p_grd=0.233  unc_rem=0.564  unc_rel=0.118  drop=0.31  h=128  L=2  lr=0.1  wd=0.005
  [Trial  34] cora_random_0.1 | acc=0.7760  (43.1s)  knn=d  k=  1  dexp=3.53  p_grd=0.101  unc_rem=0.537  unc_rel=0.044  drop=0.15  h=64  L=2  lr=0.1  wd=0.0005
  [Trial  35] cora_random_0.1 | acc=0.2370  (25.0s)  knn=u  k=-    dexp=3.91  p_grd=0.111  unc_rem=0.834  unc_rel=0.116  drop=0.32  h=128  L=3  lr=1e-05  wd=0.005
  [Trial  36] cora_random_0.1 | acc=0.7540  (30.4s)  knn=d  k=  4  dexp=2.90  p_grd=0.190  unc_rem=0.814  unc_rel=0.119  drop=0.29  h=128  L=4  lr=0.1  wd=0.001
  [Trial  37] cora_random_0.1 | acc=0.7960  (21.8s)  knn=u  k=-    dexp=1.43  p_grd=0.242  unc_rem=0.673  unc_rel=0.012  drop=0.31  h=128  L=2  lr=0.1  wd=0.005
  [Trial  38] cora_random_0.1 | acc=0.7570  (31.0s)  knn=u  k=-    dexp=1.47  p_grd=0.291  unc_rem=0.684  unc_rel=0.012  drop=0.24  h=128  L=2  lr=0.0001  wd=0.005
  [Trial  39] cora_random_0.1 | acc=0.7370  (31.4s)  knn=d  k= 15  dexp=0.59  p_grd=0.145  unc_rem=0.680  unc_rel=0.052  drop=0.55  h=128  L=2  lr=0.1  wd=0.005
  [Trial  40] cora_random_0.1 | acc=0.7470  (27.2s)  knn=s  k= 10  dexp=1.66  p_grd=0.271  unc_rem=0.884  unc_rel=0.388  drop=0.11  h=32  L=3  lr=0.005  wd=0.01
  [Trial  41] cora_random_0.1 | acc=0.7740  (39.6s)  knn=p  k= 16  dexp=0.11  p_grd=0.360  unc_rem=0.579  unc_rel=0.377  drop=0.22  h=64  L=3  lr=0.05  wd=0.01
  [Trial  42] cora_random_0.1 | acc=0.7660  (31.3s)  knn=d  k=  1  dexp=2.61  p_grd=0.277  unc_rem=0.952  unc_rel=0.042  drop=0.25  h=64  L=3  lr=0.1  wd=0.005
  [Trial  43] cora_random_0.1 | acc=0.7640  (25.3s)  knn=u  k=-    dexp=3.46  p_grd=0.285  unc_rem=0.927  unc_rel=0.071  drop=0.52  h=32  L=2  lr=0.1  wd=0.0001
  [Trial  44] cora_random_0.1 | acc=0.2610  (37.3s)  knn=d  k=  5  dexp=2.86  p_grd=0.183  unc_rem=0.780  unc_rel=0.069  drop=0.12  h=128  L=3  lr=1e-05  wd=0.0005
  [Trial  45] cora_random_0.1 | acc=0.2240  (26.2s)  knn=u  k=-    dexp=4.35  p_grd=0.346  unc_rem=0.614  unc_rel=0.210  drop=0.18  h=128  L=3  lr=0.1  wd=0.1
  [Trial  46] cora_random_0.1 | acc=0.6990  (23.9s)  knn=d  k=  1  dexp=3.57  p_grd=0.064  unc_rem=0.778  unc_rel=0.045  drop=0.19  h=128  L=3  lr=0.1  wd=1e-05
  [Trial  47] cora_random_0.1 | acc=0.7480  (26.8s)  knn=s  k= 50  dexp=5.64  p_grd=0.095  unc_rem=0.690  unc_rel=0.086  drop=0.11  h=32  L=3  lr=0.05  wd=0.005
  [Trial  48] cora_random_0.1 | acc=0.7250  (25.0s)  knn=d  k=  6  dexp=5.20  p_grd=0.130  unc_rem=0.548  unc_rel=0.244  drop=0.33  h=128  L=1  lr=0.1  wd=0.005
  [Trial  49] cora_random_0.1 | acc=0.7940  (26.2s)  knn=u  k=-    dexp=1.88  p_grd=0.243  unc_rem=0.628  unc_rel=0.077  drop=0.46  h=16  L=2  lr=0.1  wd=0.005
  [Trial  50] cora_random_0.1 | acc=0.5140  (26.8s)  knn=u  k=-    dexp=1.16  p_grd=0.224  unc_rem=0.774  unc_rel=0.026  drop=0.27  h=16  L=2  lr=0.001  wd=0.1
  [Trial  51] cora_random_0.1 | acc=0.7790  (27.1s)  knn=u  k=-    dexp=0.83  p_grd=0.422  unc_rem=0.911  unc_rel=0.087  drop=0.47  h=16  L=2  lr=0.1  wd=0.005
  [Trial  52] cora_random_0.1 | acc=0.7860  (27.9s)  knn=u  k=-    dexp=2.46  p_grd=0.286  unc_rem=0.638  unc_rel=0.087  drop=0.44  h=64  L=2  lr=0.0005  wd=1e-05
  [Trial  53] cora_random_0.1 | acc=0.6760  (52.8s)  knn=u  k=-    dexp=1.96  p_grd=0.312  unc_rem=0.526  unc_rel=0.071  drop=0.50  h=64  L=1  lr=0.005  wd=1e-05
  [Trial  54] cora_random_0.1 | acc=0.7980  (25.5s)  knn=u  k=-    dexp=2.93  p_grd=0.268  unc_rem=0.388  unc_rel=0.102  drop=0.51  h=64  L=2  lr=0.0005  wd=0.01
  [Trial  55] cora_random_0.1 | acc=0.7780  (30.1s)  knn=u  k=-    dexp=3.08  p_grd=0.142  unc_rem=0.515  unc_rel=0.219  drop=0.55  h=16  L=3  lr=0.1  wd=0.01
  [Trial  56] cora_random_0.1 | acc=0.7820  (23.8s)  knn=u  k=-    dexp=4.67  p_grd=0.228  unc_rem=0.381  unc_rel=0.420  drop=0.54  h=64  L=2  lr=0.05  wd=0.01
  [Trial  57] cora_random_0.1 | acc=0.7310  (28.0s)  knn=u  k=-    dexp=0.25  p_grd=0.244  unc_rem=0.538  unc_rel=0.218  drop=0.63  h=16  L=3  lr=0.01  wd=0.005
  [Trial  58] cora_random_0.1 | acc=0.7470  (50.9s)  knn=d  k= 16  dexp=2.54  p_grd=0.251  unc_rem=0.246  unc_rel=0.050  drop=0.72  h=64  L=4  lr=0.0005  wd=0.01
  [Trial  59] cora_random_0.1 | acc=0.7600  (25.7s)  knn=u  k=-    dexp=0.70  p_grd=0.156  unc_rem=0.868  unc_rel=0.049  drop=0.13  h=128  L=2  lr=0.1  wd=5e-05
  [Trial  60] cora_random_0.1 | acc=0.5840  (24.6s)  knn=u  k=-    dexp=0.12  p_grd=0.213  unc_rem=0.243  unc_rel=0.041  drop=0.53  h=64  L=2  lr=0.0005  wd=0.1
  [Trial  61] cora_random_0.1 | acc=0.7930  (26.5s)  knn=u  k=-    dexp=1.01  p_grd=0.158  unc_rem=0.781  unc_rel=0.035  drop=0.23  h=32  L=3  lr=0.1  wd=0.005
  [Trial  62] cora_random_0.1 | acc=0.7110  (27.4s)  knn=u  k=-    dexp=3.94  p_grd=0.096  unc_rem=0.794  unc_rel=0.126  drop=0.30  h=32  L=1  lr=0.1  wd=0.005
  [Trial  63] cora_random_0.1 | acc=0.7830  (22.5s)  knn=u  k=-    dexp=0.02  p_grd=0.228  unc_rem=0.535  unc_rel=0.044  drop=0.23  h=32  L=3  lr=0.001  wd=0.005
  [Trial  64] cora_random_0.1 | acc=0.7530  (37.6s)  knn=d  k= 10  dexp=0.23  p_grd=0.350  unc_rem=0.630  unc_rel=0.197  drop=0.36  h=32  L=2  lr=0.005  wd=0.01
  [Trial  65] cora_random_0.1 | acc=0.7650  (26.9s)  knn=u  k=-    dexp=4.08  p_grd=0.284  unc_rem=0.483  unc_rel=0.146  drop=0.74  h=128  L=2  lr=0.0005  wd=0.01
  [Trial  66] cora_random_0.1 | acc=0.7980  (33.9s)  knn=u  k=-    dexp=0.83  p_grd=0.104  unc_rem=0.898  unc_rel=0.127  drop=0.23  h=32  L=3  lr=0.1  wd=0.005
  [Trial  67] cora_random_0.1 | acc=0.7800  (28.9s)  knn=u  k=-    dexp=2.64  p_grd=0.053  unc_rem=0.841  unc_rel=0.093  drop=0.21  h=32  L=3  lr=0.1  wd=0.01
  [Trial  68] cora_random_0.1 | acc=0.7420  (36.3s)  knn=u  k=-    dexp=1.72  p_grd=0.311  unc_rem=0.530  unc_rel=0.030  drop=0.49  h=16  L=4  lr=0.1  wd=5e-05
  [Trial  69] cora_random_0.1 | acc=0.7190  (27.2s)  knn=u  k=-    dexp=0.66  p_grd=0.074  unc_rem=0.931  unc_rel=0.043  drop=0.30  h=16  L=4  lr=0.1  wd=0.005
  [Trial  70] cora_random_0.1 | acc=0.7880  (28.4s)  knn=u  k=-    dexp=0.85  p_grd=0.135  unc_rem=0.934  unc_rel=0.121  drop=0.40  h=32  L=3  lr=0.05  wd=0.005
  [Trial  71] cora_random_0.1 | acc=0.7660  (34.8s)  knn=u  k=-    dexp=2.35  p_grd=0.166  unc_rem=0.730  unc_rel=0.338  drop=0.60  h=16  L=2  lr=0.1  wd=0.005
  [Trial  72] cora_random_0.1 | acc=0.7410  (30.0s)  knn=u  k=-    dexp=1.43  p_grd=0.162  unc_rem=0.918  unc_rel=0.183  drop=0.52  h=32  L=3  lr=0.05  wd=0.001
  [Trial  73] cora_random_0.1 | acc=0.1530  (24.6s)  knn=u  k=-    dexp=0.87  p_grd=0.151  unc_rem=0.571  unc_rel=0.261  drop=0.23  h=32  L=4  lr=0.1  wd=0.05
  [Trial  74] cora_random_0.1 | acc=0.7870  (30.2s)  knn=p  k=  8  dexp=0.31  p_grd=0.134  unc_rem=0.680  unc_rel=0.231  drop=0.32  h=32  L=3  lr=0.05  wd=0.005
  [Trial  75] cora_random_0.1 | acc=0.7690  (30.5s)  knn=u  k=-    dexp=1.28  p_grd=0.201  unc_rem=0.885  unc_rel=0.074  drop=0.25  h=32  L=3  lr=0.005  wd=0.005
  [Trial  76] cora_random_0.1 | acc=0.7470  (25.3s)  knn=u  k=-    dexp=0.98  p_grd=0.139  unc_rem=0.850  unc_rel=0.233  drop=0.33  h=32  L=3  lr=0.1  wd=0.005
  [Trial  77] cora_random_0.1 | acc=0.1490  (32.3s)  knn=s  k= 30  dexp=1.05  p_grd=0.261  unc_rem=0.716  unc_rel=0.018  drop=0.50  h=16  L=2  lr=1e-05  wd=0.005
  [Trial  78] cora_random_0.1 | acc=0.7810  (32.4s)  knn=d  k=  8  dexp=0.36  p_grd=0.312  unc_rem=0.512  unc_rel=0.147  drop=0.15  h=64  L=3  lr=0.01  wd=0.01
  [Trial  79] cora_random_0.1 | acc=0.7630  (25.0s)  knn=u  k=-    dexp=1.44  p_grd=0.322  unc_rem=0.340  unc_rel=0.325  drop=0.32  h=16  L=2  lr=0.1  wd=0.005
  [Trial  80] cora_random_0.1 | acc=0.7890  (28.7s)  knn=s  k= 60  dexp=1.22  p_grd=0.247  unc_rem=0.739  unc_rel=0.088  drop=0.19  h=128  L=2  lr=0.1  wd=0.005
  [Trial  81] cora_random_0.1 | acc=0.5510  (28.9s)  knn=s  k= 60  dexp=1.10  p_grd=0.318  unc_rem=0.876  unc_rel=0.169  drop=0.21  h=128  L=2  lr=0.1  wd=0.1
  [Trial  82] cora_random_0.1 | acc=0.7690  (29.3s)  knn=s  k= 25  dexp=2.93  p_grd=0.304  unc_rem=0.492  unc_rel=0.293  drop=0.32  h=128  L=3  lr=0.1  wd=0.005
  [Trial  83] cora_random_0.1 | acc=0.7570  (35.7s)  knn=u  k=-    dexp=2.03  p_grd=0.471  unc_rem=0.205  unc_rel=0.172  drop=0.60  h=64  L=2  lr=0.0005  wd=0.01
  [Trial  84] cora_random_0.1 | acc=0.1710  (28.1s)  knn=u  k=-    dexp=0.75  p_grd=0.026  unc_rem=0.978  unc_rel=0.174  drop=0.43  h=32  L=4  lr=1e-05  wd=0.0001
  [Trial  85] cora_random_0.1 | acc=0.7830  (25.4s)  knn=u  k=-    dexp=4.01  p_grd=0.181  unc_rem=0.337  unc_rel=0.029  drop=0.38  h=64  L=2  lr=0.0005  wd=0.01
  [Trial  86] cora_random_0.1 | acc=0.7660  (31.7s)  knn=u  k=-    dexp=2.28  p_grd=0.256  unc_rem=0.611  unc_rel=0.093  drop=0.33  h=128  L=2  lr=0.1  wd=0.001
  [Trial  87] cora_random_0.1 | acc=0.7540  (30.5s)  knn=s  k= 60  dexp=2.85  p_grd=0.246  unc_rem=0.709  unc_rel=0.127  drop=0.11  h=128  L=2  lr=0.0005  wd=0.005
  [Trial  88] cora_random_0.1 | acc=0.6170  (37.9s)  knn=d  k= 24  dexp=5.73  p_grd=0.124  unc_rem=0.507  unc_rel=0.236  drop=0.55  h=128  L=2  lr=0.1  wd=0.0005
  [Trial  89] cora_random_0.1 | acc=0.7630  (51.3s)  knn=s  k= 50  dexp=1.23  p_grd=0.219  unc_rem=0.648  unc_rel=0.074  drop=0.31  h=128  L=2  lr=0.1  wd=0.005
  [Trial  90] cora_random_0.1 | acc=0.7830  (39.6s)  knn=u  k=-    dexp=1.31  p_grd=0.341  unc_rem=0.508  unc_rel=0.151  drop=0.20  h=64  L=3  lr=0.005  wd=0.01
  [Trial  91] cora_random_0.1 | acc=0.1930  (41.6s)  knn=u  k=-    dexp=2.19  p_grd=0.300  unc_rem=0.609  unc_rel=0.112  drop=0.36  h=16  L=1  lr=1e-05  wd=0.0001
  [Trial  92] cora_random_0.1 | acc=0.7820  (43.3s)  knn=d  k= 17  dexp=5.18  p_grd=0.140  unc_rem=0.628  unc_rel=0.032  drop=0.28  h=128  L=2  lr=0.1  wd=0.005
  [Trial  93] cora_random_0.1 | acc=0.5630  (24.3s)  knn=d  k= 18  dexp=2.37  p_grd=0.083  unc_rem=0.789  unc_rel=0.104  drop=0.22  h=128  L=1  lr=0.001  wd=0.01
  [Trial  94] cora_random_0.1 | acc=0.7590  (52.3s)  knn=s  k= 60  dexp=0.29  p_grd=0.242  unc_rem=0.942  unc_rel=0.181  drop=0.31  h=128  L=3  lr=0.001  wd=0.0001
  [Trial  95] cora_random_0.1 | acc=0.7730  (27.1s)  knn=s  k= 50  dexp=3.18  p_grd=0.146  unc_rem=0.494  unc_rel=0.011  drop=0.15  h=32  L=2  lr=0.1  wd=0.0001
  [Trial  96] cora_random_0.1 | acc=0.7780  (29.7s)  knn=d  k= 13  dexp=1.92  p_grd=0.085  unc_rem=0.923  unc_rel=0.118  drop=0.53  h=32  L=3  lr=0.05  wd=0.005
  [Trial  97] cora_random_0.1 | acc=0.4480  (39.1s)  knn=d  k= 24  dexp=1.29  p_grd=0.055  unc_rem=0.514  unc_rel=0.196  drop=0.17  h=32  L=3  lr=0.005  wd=0.0005
  [Trial  98] cora_random_0.1 | acc=0.7700  (27.6s)  knn=p  k=  4  dexp=5.04  p_grd=0.261  unc_rem=0.282  unc_rel=0.221  drop=0.64  h=64  L=2  lr=0.0005  wd=0.0001
  [Trial  99] cora_random_0.1 | acc=0.7010  (25.6s)  knn=u  k=-    dexp=1.39  p_grd=0.068  unc_rem=0.983  unc_rel=0.302  drop=0.38  h=64  L=1  lr=0.05  wd=0.005
  [Trial 100] cora_random_0.1 | acc=0.7810  (24.7s)  knn=u  k=-    dexp=1.64  p_grd=0.273  unc_rem=0.774  unc_rel=0.330  drop=0.16  h=64  L=2  lr=0.1  wd=0.005
  [Trial 101] cora_random_0.1 | acc=0.7210  (28.5s)  knn=u  k=-    dexp=4.19  p_grd=0.051  unc_rem=0.654  unc_rel=0.067  drop=0.34  h=128  L=2  lr=0.001  wd=0.005
  [Trial 102] cora_random_0.1 | acc=0.7850  (39.8s)  knn=d  k=  9  dexp=1.81  p_grd=0.258  unc_rem=0.787  unc_rel=0.207  drop=0.21  h=64  L=3  lr=0.005  wd=1e-05
  [Trial 103] cora_random_0.1 | acc=0.3080  (30.8s)  knn=p  k=  6  dexp=0.49  p_grd=0.188  unc_rem=0.640  unc_rel=0.184  drop=0.24  h=32  L=3  lr=0.05  wd=0.1
  [Trial 104] cora_random_0.1 | acc=0.7680  (37.9s)  knn=p  k= 12  dexp=2.19  p_grd=0.200  unc_rem=0.373  unc_rel=0.207  drop=0.38  h=64  L=3  lr=0.005  wd=0.05
  [Trial 105] cora_random_0.1 | acc=0.7920  (29.6s)  knn=d  k=  6  dexp=4.62  p_grd=0.138  unc_rem=0.996  unc_rel=0.069  drop=0.46  h=128  L=3  lr=0.001  wd=0.005
  [Trial 106] cora_random_0.1 | acc=0.7150  (28.4s)  knn=s  k= 60  dexp=0.93  p_grd=0.167  unc_rem=0.763  unc_rel=0.059  drop=0.28  h=32  L=3  lr=0.1  wd=0.0005
  [Trial 107] cora_random_0.1 | acc=0.7930  (29.7s)  knn=d  k=  4  dexp=5.49  p_grd=0.194  unc_rem=0.995  unc_rel=0.190  drop=0.46  h=64  L=3  lr=0.001  wd=0.005
  [Trial 108] cora_random_0.1 | acc=0.7950  (28.7s)  knn=d  k=  4  dexp=7.05  p_grd=0.171  unc_rem=0.850  unc_rel=0.256  drop=0.68  h=128  L=3  lr=0.001  wd=0.005
  [Trial 109] cora_random_0.1 | acc=0.7330  (32.6s)  knn=d  k=  5  dexp=7.77  p_grd=0.135  unc_rem=0.859  unc_rel=0.216  drop=0.44  h=128  L=3  lr=0.001  wd=0.01
  [Trial 110] cora_random_0.1 | acc=0.1240  (25.9s)  knn=p  k=  5  dexp=3.59  p_grd=0.186  unc_rem=0.844  unc_rel=0.223  drop=0.19  h=64  L=3  lr=1e-05  wd=0.01
  [Trial 111] cora_random_0.1 | acc=0.7650  (30.1s)  knn=d  k=  4  dexp=8.51  p_grd=0.277  unc_rem=0.793  unc_rel=0.384  drop=0.37  h=64  L=3  lr=0.001  wd=0.005
  [Trial 112] cora_random_0.1 | acc=0.3250  (26.0s)  knn=d  k=  4  dexp=4.22  p_grd=0.144  unc_rem=0.958  unc_rel=0.115  drop=0.65  h=32  L=3  lr=0.001  wd=0.1
  [Trial 113] cora_random_0.1 | acc=0.7730  (27.7s)  knn=d  k=  3  dexp=6.29  p_grd=0.121  unc_rem=0.914  unc_rel=0.189  drop=0.76  h=128  L=3  lr=0.005  wd=0.005
  [Trial 114] cora_random_0.1 | acc=0.7480  (26.0s)  knn=d  k=  1  dexp=4.25  p_grd=0.177  unc_rem=0.983  unc_rel=0.169  drop=0.37  h=128  L=3  lr=0.001  wd=0.005
  [Trial 115] cora_random_0.1 | acc=0.7830  (23.5s)  knn=u  k=-    dexp=0.13  p_grd=0.187  unc_rem=0.462  unc_rel=0.037  drop=0.13  h=128  L=4  lr=0.1  wd=0.005
  [Trial 116] cora_random_0.1 | acc=0.7610  (26.6s)  knn=d  k=  5  dexp=8.97  p_grd=0.209  unc_rem=0.849  unc_rel=0.322  drop=0.84  h=128  L=3  lr=0.001  wd=0.005
  [Trial 117] cora_random_0.1 | acc=0.7060  (27.4s)  knn=u  k=-    dexp=0.74  p_grd=0.115  unc_rem=0.834  unc_rel=0.085  drop=0.45  h=32  L=3  lr=0.01  wd=5e-05
  [Trial 118] cora_random_0.1 | acc=0.6640  (23.7s)  knn=u  k=-    dexp=1.02  p_grd=0.216  unc_rem=0.313  unc_rel=0.185  drop=0.64  h=64  L=1  lr=0.001  wd=0.01
  [Trial 119] cora_random_0.1 | acc=0.7850  (27.2s)  knn=s  k= 60  dexp=6.56  p_grd=0.129  unc_rem=0.908  unc_rel=0.099  drop=0.66  h=128  L=3  lr=0.001  wd=0.0005
  [Trial 120] cora_random_0.1 | acc=0.7660  (24.8s)  knn=u  k=-    dexp=6.24  p_grd=0.289  unc_rem=0.932  unc_rel=0.107  drop=0.41  h=64  L=3  lr=0.05  wd=0.0005
  [Trial 121] cora_random_0.1 | acc=0.5930  (79.2s)  knn=d  k=  4  dexp=4.52  p_grd=0.163  unc_rem=0.980  unc_rel=0.196  drop=0.56  h=64  L=3  lr=0.0001  wd=0.005
  [Trial 122] cora_random_0.1 | acc=0.7650  (24.7s)  knn=u  k=-    dexp=1.48  p_grd=0.248  unc_rem=0.925  unc_rel=0.312  drop=0.54  h=128  L=3  lr=0.05  wd=0.005
  [Trial 123] cora_random_0.1 | acc=0.7610  (26.9s)  knn=d  k=  1  dexp=4.97  p_grd=0.302  unc_rem=0.786  unc_rel=0.192  drop=0.46  h=64  L=3  lr=0.001  wd=0.0001
  [Trial 124] cora_random_0.1 | acc=0.7690  (26.4s)  knn=u  k=-    dexp=2.37  p_grd=0.115  unc_rem=0.964  unc_rel=0.064  drop=0.29  h=16  L=3  lr=0.05  wd=0.005
  [Trial 125] cora_random_0.1 | acc=0.7780  (27.0s)  knn=u  k=-    dexp=1.19  p_grd=0.048  unc_rem=0.917  unc_rel=0.102  drop=0.50  h=32  L=3  lr=0.05  wd=0.005
  [Trial 126] cora_random_0.1 | acc=0.7740  (27.1s)  knn=d  k=  6  dexp=1.75  p_grd=0.116  unc_rem=0.931  unc_rel=0.242  drop=0.23  h=32  L=3  lr=0.1  wd=0.005
  [Trial 127] cora_random_0.1 | acc=0.7590  (24.7s)  knn=d  k=  3  dexp=6.80  p_grd=0.123  unc_rem=0.972  unc_rel=0.387  drop=0.62  h=64  L=2  lr=0.001  wd=0.005
  [Trial 128] cora_random_0.1 | acc=0.3620  (27.6s)  knn=p  k=  6  dexp=5.49  p_grd=0.154  unc_rem=0.871  unc_rel=0.349  drop=0.77  h=128  L=3  lr=0.001  wd=0.1
  [Trial 129] cora_random_0.1 | acc=0.7860  (32.8s)  knn=d  k=  2  dexp=5.15  p_grd=0.235  unc_rem=0.847  unc_rel=0.316  drop=0.61  h=128  L=4  lr=0.1  wd=0.005
  [Trial 130] cora_random_0.1 | acc=0.7760  (30.0s)  knn=u  k=-    dexp=3.17  p_grd=0.217  unc_rem=0.298  unc_rel=0.067  drop=0.58  h=16  L=2  lr=0.05  wd=0.005
  [Trial 131] cora_random_0.1 | acc=0.7860  (28.5s)  knn=d  k=  1  dexp=1.61  p_grd=0.061  unc_rem=0.446  unc_rel=0.064  drop=0.32  h=128  L=3  lr=0.1  wd=0.005
  [Trial 132] cora_random_0.1 | acc=0.7530  (26.5s)  knn=s  k= 15  dexp=3.06  p_grd=0.363  unc_rem=0.674  unc_rel=0.186  drop=0.26  h=16  L=2  lr=0.1  wd=0.05
  [Trial 133] cora_random_0.1 | acc=0.7600  (25.1s)  knn=d  k=  8  dexp=6.26  p_grd=0.162  unc_rem=0.869  unc_rel=0.070  drop=0.55  h=64  L=3  lr=0.001  wd=0.005
  [Trial 134] cora_random_0.1 | acc=0.7490  (21.6s)  knn=s  k= 15  dexp=2.11  p_grd=0.199  unc_rem=0.769  unc_rel=0.145  drop=0.13  h=128  L=1  lr=0.1  wd=0.005
  [Trial 135] cora_random_0.1 | acc=0.7770  (27.5s)  knn=p  k=  9  dexp=0.66  p_grd=0.121  unc_rem=0.756  unc_rel=0.431  drop=0.26  h=128  L=3  lr=0.05  wd=0.005
  [Trial 136] cora_random_0.1 | acc=0.7860  (33.8s)  knn=p  k=  6  dexp=2.39  p_grd=0.194  unc_rem=0.437  unc_rel=0.034  drop=0.48  h=32  L=3  lr=0.05  wd=0.005
  [Trial 137] cora_random_0.1 | acc=0.4560  (31.6s)  knn=p  k=  8  dexp=0.99  p_grd=0.224  unc_rem=0.880  unc_rel=0.292  drop=0.57  h=32  L=3  lr=0.0001  wd=0.005
  [Trial 138] cora_random_0.1 | acc=0.7910  (21.1s)  knn=u  k=-    dexp=1.44  p_grd=0.271  unc_rem=0.576  unc_rel=0.118  drop=0.54  h=64  L=2  lr=0.01  wd=0.005
  [Trial 139] cora_random_0.1 | acc=0.6180  (25.1s)  knn=u  k=-    dexp=1.38  p_grd=0.126  unc_rem=0.652  unc_rel=0.265  drop=0.51  h=128  L=2  lr=0.01  wd=0.1
  [Trial 140] cora_random_0.1 | acc=0.7520  (22.9s)  knn=u  k=-    dexp=3.13  p_grd=0.209  unc_rem=0.584  unc_rel=0.065  drop=0.67  h=64  L=2  lr=0.01  wd=0.005
  [Trial 141] cora_random_0.1 | acc=0.7930  (23.6s)  knn=u  k=-    dexp=3.13  p_grd=0.180  unc_rem=0.837  unc_rel=0.019  drop=0.28  h=128  L=2  lr=0.1  wd=0.005
  [Trial 142] cora_random_0.1 | acc=0.8040  (29.7s)  knn=d  k=  1  dexp=0.55  p_grd=0.216  unc_rem=0.944  unc_rel=0.104  drop=0.35  h=16  L=3  lr=0.1  wd=0.01
  [Trial 143] cora_random_0.1 | acc=0.7940  (24.7s)  knn=u  k=-    dexp=5.32  p_grd=0.280  unc_rem=0.678  unc_rel=0.051  drop=0.42  h=128  L=2  lr=0.1  wd=0.005
  [Trial 144] cora_random_0.1 | acc=0.7810  (22.6s)  knn=u  k=-    dexp=6.04  p_grd=0.315  unc_rem=0.640  unc_rel=0.225  drop=0.31  h=128  L=2  lr=0.1  wd=0.005
  [Trial 145] cora_random_0.1 | acc=0.8180  (26.2s)  knn=d  k=  1  dexp=1.76  p_grd=0.234  unc_rem=0.958  unc_rel=0.303  drop=0.41  h=16  L=3  lr=0.1  wd=0.01
  [Trial 146] cora_random_0.1 | acc=0.7910  (25.8s)  knn=u  k=-    dexp=1.12  p_grd=0.185  unc_rem=0.360  unc_rel=0.123  drop=0.53  h=64  L=4  lr=0.01  wd=0.001
  [Trial 147] cora_random_0.1 | acc=0.7680  (26.5s)  knn=d  k=  1  dexp=0.17  p_grd=0.272  unc_rem=0.734  unc_rel=0.209  drop=0.33  h=16  L=3  lr=0.1  wd=0.001
  [Trial 148] cora_random_0.1 | acc=0.7890  (35.4s)  knn=d  k=  1  dexp=3.13  p_grd=0.228  unc_rem=0.961  unc_rel=0.106  drop=0.49  h=16  L=3  lr=0.1  wd=0.01
  [Trial 149] cora_random_0.1 | acc=0.1440  (36.9s)  knn=d  k=  1  dexp=0.07  p_grd=0.121  unc_rem=0.997  unc_rel=0.306  drop=0.39  h=16  L=3  lr=1e-05  wd=0.01
  [Trial 150] cora_random_0.1 | acc=0.7470  (27.1s)  knn=u  k=-    dexp=0.33  p_grd=0.375  unc_rem=0.443  unc_rel=0.180  drop=0.58  h=128  L=2  lr=0.01  wd=0.005
  [Trial 151] cora_random_0.1 | acc=0.8020  (29.3s)  knn=u  k=-    dexp=3.90  p_grd=0.195  unc_rem=0.902  unc_rel=0.065  drop=0.32  h=128  L=2  lr=0.1  wd=0.005
  [Trial 152] cora_random_0.1 | acc=0.7990  (26.0s)  knn=u  k=-    dexp=4.19  p_grd=0.141  unc_rem=0.934  unc_rel=0.174  drop=0.28  h=128  L=2  lr=0.1  wd=0.005
  [Trial 153] cora_random_0.1 | acc=0.7740  (21.6s)  knn=u  k=-    dexp=3.84  p_grd=0.091  unc_rem=0.988  unc_rel=0.397  drop=0.38  h=128  L=2  lr=0.005  wd=0.001
  [Trial 154] cora_random_0.1 | acc=0.7270  (24.2s)  knn=d  k=  1  dexp=1.11  p_grd=0.244  unc_rem=0.561  unc_rel=0.077  drop=0.46  h=16  L=1  lr=0.1  wd=0.005
  [Trial 155] cora_random_0.1 | acc=0.7690  (28.5s)  knn=u  k=-    dexp=4.40  p_grd=0.069  unc_rem=0.793  unc_rel=0.055  drop=0.16  h=128  L=2  lr=0.1  wd=0.005
  [Trial 156] cora_random_0.1 | acc=0.7200  (27.9s)  knn=d  k=  4  dexp=1.22  p_grd=0.321  unc_rem=0.926  unc_rel=0.139  drop=0.40  h=64  L=1  lr=0.005  wd=0.01
  [Trial 157] cora_random_0.1 | acc=0.7610  (35.5s)  knn=d  k=  1  dexp=3.26  p_grd=0.218  unc_rem=0.818  unc_rel=0.027  drop=0.13  h=64  L=3  lr=0.0005  wd=0.01
  [Trial 158] cora_random_0.1 | acc=0.1820  (27.1s)  knn=d  k=  4  dexp=3.73  p_grd=0.072  unc_rem=0.756  unc_rel=0.027  drop=0.43  h=32  L=2  lr=1e-05  wd=0.005
  [Trial 159] cora_random_0.1 | acc=0.7140  (28.2s)  knn=d  k=  4  dexp=1.63  p_grd=0.148  unc_rem=0.970  unc_rel=0.399  drop=0.15  h=16  L=3  lr=0.1  wd=0.0001
  [Trial 160] cora_random_0.1 | acc=0.6690  (25.6s)  knn=u  k=-    dexp=5.20  p_grd=0.336  unc_rem=0.863  unc_rel=0.104  drop=0.18  h=128  L=4  lr=0.1  wd=0.0005
  [Trial 161] cora_random_0.1 | acc=0.7450  (43.7s)  knn=d  k=  1  dexp=4.38  p_grd=0.377  unc_rem=0.440  unc_rel=0.421  drop=0.22  h=16  L=3  lr=0.005  wd=0.01
  [Trial 162] cora_random_0.1 | acc=0.7220  (32.2s)  knn=u  k=-    dexp=5.47  p_grd=0.191  unc_rem=0.975  unc_rel=0.275  drop=0.37  h=128  L=2  lr=0.0001  wd=0.005
  [Trial 163] cora_random_0.1 | acc=0.7210  (32.8s)  knn=d  k=  4  dexp=4.65  p_grd=0.186  unc_rem=0.961  unc_rel=0.313  drop=0.26  h=64  L=1  lr=0.01  wd=0.005
  [Trial 164] cora_random_0.1 | acc=0.8130  (30.8s)  knn=u  k=-    dexp=0.48  p_grd=0.238  unc_rem=0.748  unc_rel=0.027  drop=0.39  h=32  L=2  lr=0.1  wd=0.005
  [Trial 165] cora_random_0.1 | acc=0.7650  (29.4s)  knn=d  k=  4  dexp=0.31  p_grd=0.374  unc_rem=0.570  unc_rel=0.012  drop=0.21  h=32  L=2  lr=0.1  wd=0.005
  [Trial 166] cora_random_0.1 | acc=0.7740  (26.0s)  knn=d  k=  1  dexp=0.86  p_grd=0.233  unc_rem=0.994  unc_rel=0.577  drop=0.42  h=16  L=2  lr=0.1  wd=0.01
  [Trial 167] cora_random_0.1 | acc=0.5890  (27.6s)  knn=u  k=-    dexp=2.92  p_grd=0.310  unc_rem=0.584  unc_rel=0.090  drop=0.48  h=16  L=2  lr=0.1  wd=0.1
  [Trial 168] cora_random_0.1 | acc=0.7670  (27.0s)  knn=p  k=  5  dexp=2.19  p_grd=0.253  unc_rem=0.998  unc_rel=0.700  drop=0.45  h=16  L=3  lr=0.1  wd=0.01
  [Trial 169] cora_random_0.1 | acc=0.7270  (39.0s)  knn=u  k=-    dexp=0.29  p_grd=0.199  unc_rem=0.874  unc_rel=0.158  drop=0.25  h=32  L=2  lr=0.1  wd=0.0005
  [Trial 170] cora_random_0.1 | acc=0.7140  (21.5s)  knn=u  k=-    dexp=5.32  p_grd=0.178  unc_rem=0.669  unc_rel=0.032  drop=0.41  h=128  L=2  lr=0.1  wd=0.1
  [Trial 171] cora_random_0.1 | acc=0.7440  (30.6s)  knn=d  k=  1  dexp=2.96  p_grd=0.196  unc_rem=0.904  unc_rel=0.383  drop=0.39  h=16  L=3  lr=0.005  wd=0.0005
  [Trial 172] cora_random_0.1 | acc=0.7340  (26.5s)  knn=d  k=  5  dexp=0.85  p_grd=0.281  unc_rem=0.816  unc_rel=0.357  drop=0.49  h=16  L=3  lr=0.05  wd=0.05
  [Trial 173] cora_random_0.1 | acc=0.6520  (24.3s)  knn=u  k=-    dexp=0.14  p_grd=0.231  unc_rem=0.857  unc_rel=0.165  drop=0.38  h=32  L=2  lr=0.001  wd=0.005
  [Trial 174] cora_random_0.1 | acc=0.7280  (36.0s)  knn=d  k=  5  dexp=0.02  p_grd=0.321  unc_rem=0.776  unc_rel=0.073  drop=0.19  h=64  L=3  lr=0.005  wd=0.01
  [Trial 175] cora_random_0.1 | acc=0.7870  (24.2s)  knn=u  k=-    dexp=4.01  p_grd=0.223  unc_rem=1.000  unc_rel=0.011  drop=0.54  h=128  L=2  lr=0.1  wd=0.005
  [Trial 176] cora_random_0.1 | acc=0.7820  (23.1s)  knn=u  k=-    dexp=3.62  p_grd=0.060  unc_rem=0.822  unc_rel=0.015  drop=0.26  h=32  L=2  lr=0.01  wd=0.005
  [Trial 177] cora_random_0.1 | acc=0.7750  (27.2s)  knn=u  k=-    dexp=0.48  p_grd=0.435  unc_rem=0.715  unc_rel=0.057  drop=0.15  h=128  L=2  lr=0.1  wd=0.005
  [Trial 178] cora_random_0.1 | acc=0.6770  (27.9s)  knn=d  k=  1  dexp=0.36  p_grd=0.055  unc_rem=0.942  unc_rel=0.035  drop=0.34  h=16  L=3  lr=0.1  wd=0.05
  [Trial 179] cora_random_0.1 | acc=0.7640  (26.6s)  knn=p  k=  5  dexp=4.46  p_grd=0.329  unc_rem=0.937  unc_rel=0.090  drop=0.38  h=128  L=3  lr=0.1  wd=0.005
  [Trial 180] cora_random_0.1 | acc=0.7620  (26.1s)  knn=u  k=-    dexp=2.97  p_grd=0.296  unc_rem=0.686  unc_rel=0.058  drop=0.35  h=16  L=3  lr=0.1  wd=0.0005
  [Trial 181] cora_random_0.1 | acc=0.6050  (22.2s)  knn=u  k=-    dexp=3.85  p_grd=0.241  unc_rem=0.236  unc_rel=0.078  drop=0.73  h=64  L=1  lr=0.0005  wd=0.005
  [Trial 182] cora_random_0.1 | acc=0.7530  (23.8s)  knn=u  k=-    dexp=2.44  p_grd=0.161  unc_rem=0.397  unc_rel=0.293  drop=0.58  h=64  L=4  lr=0.01  wd=0.001
  [Trial 183] cora_random_0.1 | acc=0.7570  (25.1s)  knn=d  k=  1  dexp=5.24  p_grd=0.170  unc_rem=0.813  unc_rel=0.137  drop=0.48  h=128  L=3  lr=0.05  wd=5e-05
  [Trial 184] cora_random_0.1 | acc=0.7810  (57.5s)  knn=u  k=-    dexp=1.52  p_grd=0.269  unc_rem=0.829  unc_rel=0.141  drop=0.42  h=128  L=4  lr=0.0005  wd=0.005
  [Trial 185] cora_random_0.1 | acc=0.2000  (31.6s)  knn=u  k=-    dexp=2.05  p_grd=0.244  unc_rem=0.368  unc_rel=0.010  drop=0.47  h=64  L=4  lr=1e-05  wd=0.0001
  [Trial 186] cora_random_0.1 | acc=0.7770  (33.5s)  knn=u  k=-    dexp=1.29  p_grd=0.315  unc_rem=0.483  unc_rel=0.035  drop=0.53  h=16  L=4  lr=0.01  wd=0.001
  [Trial 187] cora_random_0.1 | acc=0.7850  (30.5s)  knn=u  k=-    dexp=0.97  p_grd=0.257  unc_rem=0.858  unc_rel=0.179  drop=0.53  h=32  L=2  lr=0.1  wd=0.005
  [Trial 188] cora_random_0.1 | acc=0.7190  (34.3s)  knn=d  k=  7  dexp=9.71  p_grd=0.047  unc_rem=0.916  unc_rel=0.137  drop=0.57  h=128  L=4  lr=0.001  wd=0.005
  [Trial 189] cora_random_0.1 | acc=0.6580  (25.1s)  knn=d  k=  4  dexp=3.76  p_grd=0.106  unc_rem=0.833  unc_rel=0.105  drop=0.63  h=128  L=1  lr=0.001  wd=0.001
  [Trial 190] cora_random_0.1 | acc=0.7770  (27.2s)  knn=d  k=  4  dexp=4.91  p_grd=0.039  unc_rem=0.709  unc_rel=0.368  drop=0.70  h=128  L=3  lr=0.001  wd=0.005
  [Trial 191] cora_random_0.1 | acc=0.7300  (24.9s)  knn=d  k=  1  dexp=0.15  p_grd=0.293  unc_rem=0.980  unc_rel=0.197  drop=0.18  h=16  L=3  lr=0.05  wd=0.01
  [Trial 192] cora_random_0.1 | acc=0.7410  (28.3s)  knn=u  k=-    dexp=3.31  p_grd=0.273  unc_rem=0.661  unc_rel=0.129  drop=0.17  h=32  L=3  lr=0.1  wd=0.001
  [Trial 193] cora_random_0.1 | acc=0.7990  (26.3s)  knn=d  k=  4  dexp=0.23  p_grd=0.238  unc_rem=0.700  unc_rel=0.109  drop=0.30  h=16  L=4  lr=0.1  wd=0.01
  [Trial 194] cora_random_0.1 | acc=0.7740  (31.4s)  knn=d  k=  7  dexp=0.98  p_grd=0.198  unc_rem=0.621  unc_rel=0.068  drop=0.31  h=16  L=4  lr=0.1  wd=0.01
  [Trial 195] cora_random_0.1 | acc=0.7120  (27.9s)  knn=d  k=  4  dexp=1.87  p_grd=0.225  unc_rem=0.300  unc_rel=0.364  drop=0.25  h=64  L=1  lr=0.005  wd=0.01
  [Trial 196] cora_random_0.1 | acc=0.7590  (24.9s)  knn=u  k=-    dexp=0.11  p_grd=0.189  unc_rem=0.173  unc_rel=0.055  drop=0.50  h=32  L=2  lr=0.1  wd=0.005
  [Trial 197] cora_random_0.1 | acc=0.6530  (24.2s)  knn=u  k=-    dexp=0.39  p_grd=0.347  unc_rem=0.274  unc_rel=0.138  drop=0.49  h=64  L=1  lr=0.01  wd=0.001
  [Trial 198] cora_random_0.1 | acc=0.7950  (29.7s)  knn=d  k=  4  dexp=0.98  p_grd=0.386  unc_rem=0.682  unc_rel=0.071  drop=0.29  h=16  L=2  lr=0.1  wd=0.01
  [Trial 199] cora_random_0.1 | acc=0.7580  (26.6s)  knn=u  k=-    dexp=2.48  p_grd=0.047  unc_rem=0.979  unc_rel=0.118  drop=0.34  h=64  L=2  lr=0.1  wd=1e-05
  [Trial 200] cora_random_0.1 | acc=0.7550  (35.7s)  knn=u  k=-    dexp=4.00  p_grd=0.037  unc_rem=0.716  unc_rel=0.132  drop=0.26  h=64  L=3  lr=0.1  wd=0.005

[Optuna] Optimization done. 200/200 trials completed.

[Retest] (cora_random_0.1) Testing top-5 configs × 10 seeds...

  [Retest] (cora_random_0.1) Config 1/5: (Trial #144, Orig Acc: 0.8180)
           Params: {'knn_mode': 'd', 'k': 1, 'dexp': 1.7550432315730573, 'p_grd': 0.23398687407437627, 'unc_rem': 0.9578483593309481, 'unc_rel': 0.30325759561229615, 'dropout': 0.4108206672497354, 'n_hidden': 16, 'n_layer': 3, 'lr': 0.1, 'weight_decay': 0.01}
    [Retest] cora | Config 1 | Run 1/10 | seed=3000 | Acc: 0.8180 | Mean: 0.8180 | Time: 28.3s
    [Retest] cora | Config 1 | Run 2/10 | seed=3001 | Acc: 0.7960 | Mean: 0.8070 | Time: 40.4s
    [Retest] cora | Config 1 | Run 3/10 | seed=3002 | Acc: 0.7980 | Mean: 0.8040 | Time: 25.4s
    [Retest] cora | Config 1 | Run 4/10 | seed=3003 | Acc: 0.7600 | Mean: 0.7930 | Time: 29.0s
    [Retest] cora | Config 1 | Run 5/10 | seed=3004 | Acc: 0.7880 | Mean: 0.7920 | Time: 47.1s
    [Retest] cora | Config 1 | Run 6/10 | seed=3005 | Acc: 0.8060 | Mean: 0.7943 | Time: 29.2s
    [Retest] cora | Config 1 | Run 7/10 | seed=3006 | Acc: 0.8000 | Mean: 0.7951 | Time: 27.4s
    [Retest] cora | Config 1 | Run 8/10 | seed=3007 | Acc: 0.7470 | Mean: 0.7891 | Time: 33.5s
    [Retest] cora | Config 1 | Run 9/10 | seed=3008 | Acc: 0.7680 | Mean: 0.7868 | Time: 32.1s
    [Retest] cora | Config 1 | Run 10/10 | seed=3009 | Acc: 0.7690 | Mean: 0.7850 | Time: 34.2s
  [Retest] Config 1: mean=0.7850 ± 0.0216

  [Retest] (cora_random_0.1) Config 2/5: (Trial #163, Orig Acc: 0.8130)
           Params: {'knn_mode': 'u', 'dexp': 0.48390432045924414, 'p_grd': 0.23844050123214533, 'unc_rem': 0.7482133697603147, 'unc_rel': 0.027104449109700137, 'dropout': 0.38813532091004166, 'n_hidden': 32, 'n_layer': 2, 'lr': 0.1, 'weight_decay': 0.005}
    [Retest] cora | Config 2 | Run 1/10 | seed=3000 | Acc: 0.8130 | Mean: 0.8130 | Time: 25.4s
    [Retest] cora | Config 2 | Run 2/10 | seed=3001 | Acc: 0.7700 | Mean: 0.7915 | Time: 29.0s
    [Retest] cora | Config 2 | Run 3/10 | seed=3002 | Acc: 0.7840 | Mean: 0.7890 | Time: 25.0s
    [Retest] cora | Config 2 | Run 4/10 | seed=3003 | Acc: 0.7890 | Mean: 0.7890 | Time: 24.9s
    [Retest] cora | Config 2 | Run 5/10 | seed=3004 | Acc: 0.7870 | Mean: 0.7886 | Time: 23.6s
    [Retest] cora | Config 2 | Run 6/10 | seed=3005 | Acc: 0.8110 | Mean: 0.7923 | Time: 28.3s
    [Retest] cora | Config 2 | Run 7/10 | seed=3006 | Acc: 0.7900 | Mean: 0.7920 | Time: 29.0s
    [Retest] cora | Config 2 | Run 8/10 | seed=3007 | Acc: 0.7730 | Mean: 0.7896 | Time: 28.7s
    [Retest] cora | Config 2 | Run 9/10 | seed=3008 | Acc: 0.7980 | Mean: 0.7906 | Time: 28.9s
    [Retest] cora | Config 2 | Run 10/10 | seed=3009 | Acc: 0.7890 | Mean: 0.7904 | Time: 23.9s
  [Retest] Config 2: mean=0.7904 ± 0.0133

  [Retest] (cora_random_0.1) Config 3/5: (Trial #22, Orig Acc: 0.8120)
           Params: {'knn_mode': 'd', 'k': 1, 'dexp': 4.044313721966509, 'p_grd': 0.1325138097197681, 'unc_rem': 0.681329841841379, 'unc_rel': 0.03544981832887836, 'dropout': 0.30544937258707294, 'n_hidden': 128, 'n_layer': 2, 'lr': 0.1, 'weight_decay': 0.005}
    [Retest] cora | Config 3 | Run 1/10 | seed=3000 | Acc: 0.7960 | Mean: 0.7960 | Time: 28.2s
    [Retest] cora | Config 3 | Run 2/10 | seed=3001 | Acc: 0.7670 | Mean: 0.7815 | Time: 27.3s
    [Retest] cora | Config 3 | Run 3/10 | seed=3002 | Acc: 0.7740 | Mean: 0.7790 | Time: 27.2s
    [Retest] cora | Config 3 | Run 4/10 | seed=3003 | Acc: 0.7300 | Mean: 0.7668 | Time: 35.9s
    [Retest] cora | Config 3 | Run 5/10 | seed=3004 | Acc: 0.7900 | Mean: 0.7714 | Time: 29.0s
    [Retest] cora | Config 3 | Run 6/10 | seed=3005 | Acc: 0.8090 | Mean: 0.7777 | Time: 30.5s
    [Retest] cora | Config 3 | Run 7/10 | seed=3006 | Acc: 0.7930 | Mean: 0.7799 | Time: 26.4s
    [Retest] cora | Config 3 | Run 8/10 | seed=3007 | Acc: 0.7760 | Mean: 0.7794 | Time: 26.4s
    [Retest] cora | Config 3 | Run 9/10 | seed=3008 | Acc: 0.8110 | Mean: 0.7829 | Time: 28.8s
    [Retest] cora | Config 3 | Run 10/10 | seed=3009 | Acc: 0.7870 | Mean: 0.7833 | Time: 25.3s
  [Retest] Config 3: mean=0.7833 ± 0.0223

  [Retest] (cora_random_0.1) Config 4/5: (Trial #141, Orig Acc: 0.8040)
           Params: {'knn_mode': 'd', 'k': 1, 'dexp': 0.5472812916235911, 'p_grd': 0.2156886946026912, 'unc_rem': 0.9440823018014122, 'unc_rel': 0.10414945456141374, 'dropout': 0.3514321158244633, 'n_hidden': 16, 'n_layer': 3, 'lr': 0.1, 'weight_decay': 0.01}
    [Retest] cora | Config 4 | Run 1/10 | seed=3000 | Acc: 0.7910 | Mean: 0.7910 | Time: 29.9s
    [Retest] cora | Config 4 | Run 2/10 | seed=3001 | Acc: 0.7740 | Mean: 0.7825 | Time: 28.0s
    [Retest] cora | Config 4 | Run 3/10 | seed=3002 | Acc: 0.7870 | Mean: 0.7840 | Time: 34.1s
    [Retest] cora | Config 4 | Run 4/10 | seed=3003 | Acc: 0.7570 | Mean: 0.7772 | Time: 36.3s
    [Retest] cora | Config 4 | Run 5/10 | seed=3004 | Acc: 0.7790 | Mean: 0.7776 | Time: 32.3s
    [Retest] cora | Config 4 | Run 6/10 | seed=3005 | Acc: 0.7800 | Mean: 0.7780 | Time: 37.9s
    [Retest] cora | Config 4 | Run 7/10 | seed=3006 | Acc: 0.7860 | Mean: 0.7791 | Time: 32.6s
    [Retest] cora | Config 4 | Run 8/10 | seed=3007 | Acc: 0.7540 | Mean: 0.7760 | Time: 36.9s
    [Retest] cora | Config 4 | Run 9/10 | seed=3008 | Acc: 0.7830 | Mean: 0.7768 | Time: 31.1s
    [Retest] cora | Config 4 | Run 10/10 | seed=3009 | Acc: 0.7590 | Mean: 0.7750 | Time: 31.7s
  [Retest] Config 4: mean=0.7750 ± 0.0128

  [Retest] (cora_random_0.1) Config 5/5: (Trial #21, Orig Acc: 0.8020)
           Params: {'knn_mode': 'd', 'k': 3, 'dexp': 1.1742295260194917, 'p_grd': 0.2536375000235039, 'unc_rem': 0.6291316152169004, 'unc_rel': 0.1777767149163043, 'dropout': 0.23889081330600484, 'n_hidden': 64, 'n_layer': 3, 'lr': 0.005, 'weight_decay': 0.01}
    [Retest] cora | Config 5 | Run 1/10 | seed=3000 | Acc: 0.8020 | Mean: 0.8020 | Time: 30.9s
    [Retest] cora | Config 5 | Run 2/10 | seed=3001 | Acc: 0.7410 | Mean: 0.7715 | Time: 28.6s
    [Retest] cora | Config 5 | Run 3/10 | seed=3002 | Acc: 0.7670 | Mean: 0.7700 | Time: 34.8s
    [Retest] cora | Config 5 | Run 4/10 | seed=3003 | Acc: 0.7590 | Mean: 0.7672 | Time: 28.3s
    [Retest] cora | Config 5 | Run 5/10 | seed=3004 | Acc: 0.7820 | Mean: 0.7702 | Time: 33.2s
    [Retest] cora | Config 5 | Run 6/10 | seed=3005 | Acc: 0.7810 | Mean: 0.7720 | Time: 41.0s
    [Retest] cora | Config 5 | Run 7/10 | seed=3006 | Acc: 0.7790 | Mean: 0.7730 | Time: 42.9s
    [Retest] cora | Config 5 | Run 8/10 | seed=3007 | Acc: 0.7550 | Mean: 0.7708 | Time: 32.5s
    [Retest] cora | Config 5 | Run 9/10 | seed=3008 | Acc: 0.7400 | Mean: 0.7673 | Time: 32.1s
    [Retest] cora | Config 5 | Run 10/10 | seed=3009 | Acc: 0.7930 | Mean: 0.7699 | Time: 31.7s
  [Retest] Config 5: mean=0.7699 ± 0.0200

[Optuna] Success: Best config saved to log/hpo_db.json:
         {'knn_mode': 'u', 'dexp': 0.48390432045924414, 'p_grd': 0.23844050123214533, 'unc_rem': 0.7482133697603147, 'unc_rel': 0.027104449109700137, 'dropout': 0.38813532091004166, 'n_hidden': 32, 'n_layer': 2, 'lr': 0.1, 'weight_decay': 0.005}
[Optuna] Success: Best retest mean accuracy: 0.7904
[Optuna] Success: Done marker: ./log/nni_done\lnpcc_cora_random_0.1.done
  [HPO] Done marker saved: ./log/nni_done\lnpcc_cora_random_0.1.done
[total_exp] --hpo_only: skipping benchmark runs.
[worker] OK DONE  hpo_cora_random_0.1  gpu=1  125.7 min  rc=0
