[worker] START  lnpcc_amazoncom_uniform_0.1  gpu=1
======================================================================
GCN + LN-PCC -- NoisyGL Benchmark (Unified)
Start          : 2026-04-21 12:33:45
Variants       : ['lnpcc']
Datasets       : ['amazoncom']
Noise          : [[0.1, 'uniform']]
Runs           : 10  (seeds 3000..3009)
Device         : cuda:1
======================================================================
[HPO] Loaded 160 optimized scenarios from log/hpo_db.json
----Data statistics------'
                Name: amazoncom
                #Nodes 13752
                #Edges 245861
                #Classes 10
                #Ave_degree 35.76
----Split statistics------'
                #Train samples 200 (20 nodes per class)
                #Val samples 500 (specified)
                #Test samples 1000 (specified)

============================================================
  lnpcc | amazoncom | uniform 0.1
============================================================
  [HPO] Applying optimized params for amazoncom_uniform_0.1
    [12:35:07] amazoncom | uniform 0.1 | lnpcc | run  1/10 | seed=3000 | acc=0.8230 | mean=0.8230 | time=81.02s
  [HPO] Applying optimized params for amazoncom_uniform_0.1
    [12:36:32] amazoncom | uniform 0.1 | lnpcc | run  2/10 | seed=3001 | acc=0.8160 | mean=0.8195 | time=82.81s
  [HPO] Applying optimized params for amazoncom_uniform_0.1
    [12:37:53] amazoncom | uniform 0.1 | lnpcc | run  3/10 | seed=3002 | acc=0.8210 | mean=0.8200 | time=79.61s
  [HPO] Applying optimized params for amazoncom_uniform_0.1
    [12:39:13] amazoncom | uniform 0.1 | lnpcc | run  4/10 | seed=3003 | acc=0.8230 | mean=0.8207 | time=78.78s
  [HPO] Applying optimized params for amazoncom_uniform_0.1
    [12:40:32] amazoncom | uniform 0.1 | lnpcc | run  5/10 | seed=3004 | acc=0.8140 | mean=0.8194 | time=77.89s
  [HPO] Applying optimized params for amazoncom_uniform_0.1
    [12:41:58] amazoncom | uniform 0.1 | lnpcc | run  6/10 | seed=3005 | acc=0.7920 | mean=0.8148 | time=85.81s
  [HPO] Applying optimized params for amazoncom_uniform_0.1
    [12:43:17] amazoncom | uniform 0.1 | lnpcc | run  7/10 | seed=3006 | acc=0.8150 | mean=0.8149 | time=78.00s
  [HPO] Applying optimized params for amazoncom_uniform_0.1
    [12:44:34] amazoncom | uniform 0.1 | lnpcc | run  8/10 | seed=3007 | acc=0.8160 | mean=0.8150 | time=76.00s
  [HPO] Applying optimized params for amazoncom_uniform_0.1
    [12:45:44] amazoncom | uniform 0.1 | lnpcc | run  9/10 | seed=3008 | acc=0.8010 | mean=0.8134 | time=68.50s
  [HPO] Applying optimized params for amazoncom_uniform_0.1
    [12:46:54] amazoncom | uniform 0.1 | lnpcc | run 10/10 | seed=3009 | acc=0.8170 | mean=0.8138 | time=69.34s
  -> mean=0.8138 +/- 0.0094

[OK] Partial CSV: ./log\partial\partial_lnpcc_amazoncom_uniform_0.1.csv
End: 2026-04-21 12:46:54
[worker] OK DONE  lnpcc_amazoncom_uniform_0.1  gpu=1  13.2 min  rc=0
