[worker] START  lnpcc_pubmed_uniform_0.5  gpu=1
======================================================================
GCN + LN-PCC -- NoisyGL Benchmark (Unified)
Start          : 2026-04-21 15:54:15
Variants       : ['lnpcc']
Datasets       : ['pubmed']
Noise          : [[0.5, 'uniform']]
Runs           : 10  (seeds 3000..3009)
Device         : cuda:1
======================================================================
[HPO] Loaded 160 optimized scenarios from log/hpo_db.json
----Data statistics------'
                Name: pubmed
                #Nodes 19717
                #Edges 44324
                #Classes 3
                #Ave_degree 4.50
----Split statistics------'
                #Train samples 60 (default)
                #Val samples 500 (default)
                #Test samples 1000 (default)

============================================================
  lnpcc | pubmed | uniform 0.5
============================================================
  [HPO] Applying optimized params for pubmed_uniform_0.5
    [15:55:06] pubmed | uniform 0.5 | lnpcc | run  1/10 | seed=3000 | acc=0.6500 | mean=0.6500 | time=40.95s
  [HPO] Applying optimized params for pubmed_uniform_0.5
    [15:55:58] pubmed | uniform 0.5 | lnpcc | run  2/10 | seed=3001 | acc=0.5060 | mean=0.5780 | time=49.97s
  [HPO] Applying optimized params for pubmed_uniform_0.5
    [15:56:33] pubmed | uniform 0.5 | lnpcc | run  3/10 | seed=3002 | acc=0.6080 | mean=0.5880 | time=31.54s
  [HPO] Applying optimized params for pubmed_uniform_0.5
    [15:57:11] pubmed | uniform 0.5 | lnpcc | run  4/10 | seed=3003 | acc=0.4250 | mean=0.5473 | time=32.47s
  [HPO] Applying optimized params for pubmed_uniform_0.5
    [15:58:05] pubmed | uniform 0.5 | lnpcc | run  5/10 | seed=3004 | acc=0.3310 | mean=0.5040 | time=43.96s
  [HPO] Applying optimized params for pubmed_uniform_0.5
    [15:58:40] pubmed | uniform 0.5 | lnpcc | run  6/10 | seed=3005 | acc=0.5130 | mean=0.5055 | time=26.86s
  [HPO] Applying optimized params for pubmed_uniform_0.5
    [15:59:21] pubmed | uniform 0.5 | lnpcc | run  7/10 | seed=3006 | acc=0.4300 | mean=0.4947 | time=29.57s
  [HPO] Applying optimized params for pubmed_uniform_0.5
    [15:59:57] pubmed | uniform 0.5 | lnpcc | run  8/10 | seed=3007 | acc=0.3370 | mean=0.4750 | time=30.75s
  [HPO] Applying optimized params for pubmed_uniform_0.5
    [16:00:29] pubmed | uniform 0.5 | lnpcc | run  9/10 | seed=3008 | acc=0.5860 | mean=0.4873 | time=29.19s
  [HPO] Applying optimized params for pubmed_uniform_0.5
    [16:01:07] pubmed | uniform 0.5 | lnpcc | run 10/10 | seed=3009 | acc=0.4140 | mean=0.4800 | time=31.44s
  -> mean=0.4800 +/- 0.1053

[OK] Partial CSV: ./log\partial\partial_lnpcc_pubmed_uniform_0.5.csv
End: 2026-04-21 16:01:07

[worker] OK DONE  lnpcc_pubmed_uniform_0.5  gpu=1  7.2 min  rc=0
