[worker] START  lnpcc_amazon-ratings_clean  gpu=0
======================================================================
GCN + LN-PCC -- NoisyGL Benchmark (Unified)
Start          : 2026-04-21 11:24:02
Variants       : ['lnpcc']
Datasets       : ['amazon-ratings']
Noise          : [[0.0, 'clean']]
Runs           : 10  (seeds 3000..3009)
Device         : cuda:0
======================================================================
[HPO] Loaded 160 optimized scenarios from log/hpo_db.json
----Data statistics------'
                Name: amazon-ratings
                #Nodes 24492
                #Edges 93050
                #Classes 5
                #Ave_degree 7.60
----Split statistics------'
                #Train samples 1224 (5.0 % of nodes)
                #Val samples 3673 (15.0 % of nodes)
                #Test samples 19595 (remaining)

============================================================
  lnpcc | amazon-ratings | clean 0.0
============================================================
  [HPO] Applying optimized params for amazon-ratings_clean_0.0
    [11:25:51] amazon-ratings | clean 0.0 | lnpcc | run  1/10 | seed=3000 | acc=0.4046 | mean=0.4046 | time=101.81s
  [HPO] Applying optimized params for amazon-ratings_clean_0.0
    [11:27:24] amazon-ratings | clean 0.0 | lnpcc | run  2/10 | seed=3001 | acc=0.3993 | mean=0.4020 | time=87.60s
  [HPO] Applying optimized params for amazon-ratings_clean_0.0
    [11:28:59] amazon-ratings | clean 0.0 | lnpcc | run  3/10 | seed=3002 | acc=0.4021 | mean=0.4020 | time=91.92s
  [HPO] Applying optimized params for amazon-ratings_clean_0.0
    [11:30:30] amazon-ratings | clean 0.0 | lnpcc | run  4/10 | seed=3003 | acc=0.4008 | mean=0.4017 | time=84.74s
  [HPO] Applying optimized params for amazon-ratings_clean_0.0
    [11:32:37] amazon-ratings | clean 0.0 | lnpcc | run  5/10 | seed=3004 | acc=0.4035 | mean=0.4021 | time=121.16s
  [HPO] Applying optimized params for amazon-ratings_clean_0.0
    [11:34:25] amazon-ratings | clean 0.0 | lnpcc | run  6/10 | seed=3005 | acc=0.4032 | mean=0.4023 | time=101.06s
  [HPO] Applying optimized params for amazon-ratings_clean_0.0
    [11:36:07] amazon-ratings | clean 0.0 | lnpcc | run  7/10 | seed=3006 | acc=0.4001 | mean=0.4019 | time=98.03s
  [HPO] Applying optimized params for amazon-ratings_clean_0.0
    [11:37:58] amazon-ratings | clean 0.0 | lnpcc | run  8/10 | seed=3007 | acc=0.4001 | mean=0.4017 | time=107.02s
  [HPO] Applying optimized params for amazon-ratings_clean_0.0
    [11:39:58] amazon-ratings | clean 0.0 | lnpcc | run  9/10 | seed=3008 | acc=0.4012 | mean=0.4017 | time=116.34s
  [HPO] Applying optimized params for amazon-ratings_clean_0.0
    [11:41:50] amazon-ratings | clean 0.0 | lnpcc | run 10/10 | seed=3009 | acc=0.4040 | mean=0.4019 | time=105.87s
  -> mean=0.4019 +/- 0.0018

[OK] Partial CSV: ./log\partial\partial_lnpcc_amazon-ratings_clean.csv
End: 2026-04-21 11:41:50
[worker] OK DONE  lnpcc_amazon-ratings_clean  gpu=0  17.9 min  rc=0
