[worker] START  lnpcc_amazonpho_pair_0.2  gpu=1
======================================================================
GCN + LN-PCC -- NoisyGL Benchmark (Unified)
Start          : 2026-04-21 14:23:49
Variants       : ['lnpcc']
Datasets       : ['amazonpho']
Noise          : [[0.2, 'pair']]
Runs           : 10  (seeds 3000..3009)
Device         : cuda:1
======================================================================
[HPO] Loaded 160 optimized scenarios from log/hpo_db.json
----Data statistics------'
                Name: amazonpho
                #Nodes 7650
                #Edges 119081
                #Classes 8
                #Ave_degree 31.13
----Split statistics------'
                #Train samples 160 (20 nodes per class)
                #Val samples 500 (specified)
                #Test samples 1000 (specified)

============================================================
  lnpcc | amazonpho | pair 0.2
============================================================
  [HPO] Applying optimized params for amazonpho_pair_0.2
    [14:24:16] amazonpho | pair 0.2 | lnpcc | run  1/10 | seed=3000 | acc=0.8990 | mean=0.8990 | time=25.53s
  [HPO] Applying optimized params for amazonpho_pair_0.2
    [14:24:43] amazonpho | pair 0.2 | lnpcc | run  2/10 | seed=3001 | acc=0.8460 | mean=0.8725 | time=23.71s
  [HPO] Applying optimized params for amazonpho_pair_0.2
    [14:25:11] amazonpho | pair 0.2 | lnpcc | run  3/10 | seed=3002 | acc=0.8490 | mean=0.8647 | time=26.42s
  [HPO] Applying optimized params for amazonpho_pair_0.2
    [14:25:35] amazonpho | pair 0.2 | lnpcc | run  4/10 | seed=3003 | acc=0.8260 | mean=0.8550 | time=22.23s
  [HPO] Applying optimized params for amazonpho_pair_0.2
    [14:26:00] amazonpho | pair 0.2 | lnpcc | run  5/10 | seed=3004 | acc=0.8390 | mean=0.8518 | time=22.57s
  [HPO] Applying optimized params for amazonpho_pair_0.2
    [14:26:32] amazonpho | pair 0.2 | lnpcc | run  6/10 | seed=3005 | acc=0.7770 | mean=0.8393 | time=31.28s
  [HPO] Applying optimized params for amazonpho_pair_0.2
    [14:26:58] amazonpho | pair 0.2 | lnpcc | run  7/10 | seed=3006 | acc=0.8050 | mean=0.8344 | time=25.24s
  [HPO] Applying optimized params for amazonpho_pair_0.2
    [14:27:24] amazonpho | pair 0.2 | lnpcc | run  8/10 | seed=3007 | acc=0.8830 | mean=0.8405 | time=24.85s
  [HPO] Applying optimized params for amazonpho_pair_0.2
    [14:27:48] amazonpho | pair 0.2 | lnpcc | run  9/10 | seed=3008 | acc=0.8620 | mean=0.8429 | time=23.13s
  [HPO] Applying optimized params for amazonpho_pair_0.2
    [14:28:15] amazonpho | pair 0.2 | lnpcc | run 10/10 | seed=3009 | acc=0.8210 | mean=0.8407 | time=25.76s
  -> mean=0.8407 +/- 0.0342

[OK] Partial CSV: ./log\partial\partial_lnpcc_amazonpho_pair_0.2.csv
End: 2026-04-21 14:28:15

[worker] OK DONE  lnpcc_amazonpho_pair_0.2  gpu=1  4.6 min  rc=0
