[worker] START  lnpcc_roman-empire_uniform_0.2  gpu=0
======================================================================
GCN + LN-PCC -- NoisyGL Benchmark (Unified)
Start          : 2026-04-21 11:37:19
Variants       : ['lnpcc']
Datasets       : ['roman-empire']
Noise          : [[0.2, 'uniform']]
Runs           : 10  (seeds 3000..3009)
Device         : cuda:0
======================================================================
[HPO] Loaded 160 optimized scenarios from log/hpo_db.json
----Data statistics------'
                Name: roman-empire
                #Nodes 22662
                #Edges 32927
                #Classes 18
                #Ave_degree 2.91
----Split statistics------'
                #Train samples 1133 (5.0 % of nodes)
                #Val samples 3399 (15.0 % of nodes)
                #Test samples 18130 (remaining)

============================================================
  lnpcc | roman-empire | uniform 0.2
============================================================
  [HPO] Applying optimized params for roman-empire_uniform_0.2
    [11:44:13] roman-empire | uniform 0.2 | lnpcc | run  1/10 | seed=3000 | acc=0.3862 | mean=0.3862 | time=413.20s
  [HPO] Applying optimized params for roman-empire_uniform_0.2
    [11:49:58] roman-empire | uniform 0.2 | lnpcc | run  2/10 | seed=3001 | acc=0.3773 | mean=0.3818 | time=343.46s
  [HPO] Applying optimized params for roman-empire_uniform_0.2
    [11:55:49] roman-empire | uniform 0.2 | lnpcc | run  3/10 | seed=3002 | acc=0.3851 | mean=0.3829 | time=349.68s
  [HPO] Applying optimized params for roman-empire_uniform_0.2
    [12:02:08] roman-empire | uniform 0.2 | lnpcc | run  4/10 | seed=3003 | acc=0.3767 | mean=0.3813 | time=376.98s
  [HPO] Applying optimized params for roman-empire_uniform_0.2
    [12:09:18] roman-empire | uniform 0.2 | lnpcc | run  5/10 | seed=3004 | acc=0.3937 | mean=0.3838 | time=428.71s
  [HPO] Applying optimized params for roman-empire_uniform_0.2
    [12:15:54] roman-empire | uniform 0.2 | lnpcc | run  6/10 | seed=3005 | acc=0.3926 | mean=0.3853 | time=391.06s
  [HPO] Applying optimized params for roman-empire_uniform_0.2
    [12:23:22] roman-empire | uniform 0.2 | lnpcc | run  7/10 | seed=3006 | acc=0.3939 | mean=0.3865 | time=445.86s
  [HPO] Applying optimized params for roman-empire_uniform_0.2
    [12:30:26] roman-empire | uniform 0.2 | lnpcc | run  8/10 | seed=3007 | acc=0.3878 | mean=0.3867 | time=421.82s
  [HPO] Applying optimized params for roman-empire_uniform_0.2
    [12:36:21] roman-empire | uniform 0.2 | lnpcc | run  9/10 | seed=3008 | acc=0.3792 | mean=0.3858 | time=353.94s
  [HPO] Applying optimized params for roman-empire_uniform_0.2
    [12:42:49] roman-empire | uniform 0.2 | lnpcc | run 10/10 | seed=3009 | acc=0.3806 | mean=0.3853 | time=386.55s
  -> mean=0.3853 +/- 0.0063

[OK] Partial CSV: ./log\partial\partial_lnpcc_roman-empire_uniform_0.2.csv
End: 2026-04-21 12:42:49
[worker] OK DONE  lnpcc_roman-empire_uniform_0.2  gpu=0  65.5 min  rc=0
