[worker] START  hpo_flickr_pair_0.3  gpu=0
======================================================================
GCN + LN-PCC -- NoisyGL Benchmark (Unified)
Start          : 2026-04-19 12:58:13
Variants       : ['lnpcc']
Datasets       : ['flickr']
Noise          : [[0.3, 'pair']]
Runs           : 10  (seeds 3000..3009)
Device         : cuda:0
======================================================================

[HPO] Optimizing lnpcc on flickr_pair_0.3 (max_trials=200, max_k_same=60)

[Optuna] Scenario: flickr_pair_0.3  (max_trials=200, startup=20)
  [Trial   1] flickr_pair_0.3 | acc=0.1378  (178.8s)  knn=d  k= 14  dexp=7.40  p_grd=0.421  unc_rem=0.161  unc_rel=0.537  drop=0.52  h=128  L=3  lr=0.1  wd=0.05
  [Trial   2] flickr_pair_0.3 | acc=0.1084  (146.5s)  knn=d  k= 17  dexp=0.88  p_grd=0.193  unc_rem=0.850  unc_rel=0.092  drop=0.89  h=128  L=3  lr=1e-05  wd=0.1
  [Trial   3] flickr_pair_0.3 | acc=0.1404  (118.1s)  knn=s  k= 60  dexp=4.63  p_grd=0.375  unc_rem=0.959  unc_rel=0.839  drop=0.11  h=16  L=4  lr=1e-05  wd=0.1
  [Trial   4] flickr_pair_0.3 | acc=0.2717  (94.1s)  knn=s  k= 20  dexp=3.86  p_grd=0.215  unc_rem=0.881  unc_rel=0.612  drop=0.58  h=32  L=3  lr=0.005  wd=0.001
  [Trial   5] flickr_pair_0.3 | acc=0.2559  (158.2s)  knn=u  k=-    dexp=8.18  p_grd=0.344  unc_rem=0.346  unc_rel=0.828  drop=0.50  h=64  L=4  lr=0.001  wd=0.001
  [Trial   6] flickr_pair_0.3 | acc=0.2815  (193.6s)  knn=s  k= 60  dexp=9.63  p_grd=0.431  unc_rem=0.779  unc_rel=0.683  drop=0.44  h=32  L=1  lr=0.1  wd=0.01
  [Trial   7] flickr_pair_0.3 | acc=0.1183  (151.8s)  knn=d  k= 22  dexp=8.98  p_grd=0.186  unc_rem=0.562  unc_rel=0.930  drop=0.36  h=32  L=3  lr=0.0001  wd=0.005
  [Trial   8] flickr_pair_0.3 | acc=0.1462  (268.4s)  knn=d  k= 15  dexp=2.27  p_grd=0.167  unc_rem=0.876  unc_rel=0.021  drop=0.20  h=128  L=3  lr=0.1  wd=0.005
  [Trial   9] flickr_pair_0.3 | acc=0.4894  (197.9s)  knn=p  k= 21  dexp=7.05  p_grd=0.405  unc_rem=0.819  unc_rel=0.209  drop=0.56  h=32  L=2  lr=0.01  wd=1e-05
  [Trial  10] flickr_pair_0.3 | acc=0.1490  (213.2s)  knn=d  k= 23  dexp=5.37  p_grd=0.494  unc_rem=0.196  unc_rel=0.286  drop=0.68  h=64  L=3  lr=0.05  wd=0.005
  [Trial  11] flickr_pair_0.3 | acc=0.2539  (139.1s)  knn=s  k= 10  dexp=6.60  p_grd=0.444  unc_rem=0.958  unc_rel=0.876  drop=0.66  h=16  L=4  lr=0.05  wd=1e-05
  [Trial  12] flickr_pair_0.3 | acc=0.3666  (64.7s)  knn=u  k=-    dexp=8.76  p_grd=0.091  unc_rem=0.305  unc_rel=0.438  drop=0.14  h=64  L=3  lr=0.001  wd=0.0001
  [Trial  13] flickr_pair_0.3 | acc=0.1658  (226.2s)  knn=p  k=  9  dexp=7.90  p_grd=0.228  unc_rem=0.196  unc_rel=0.065  drop=0.88  h=16  L=4  lr=0.1  wd=0.005
  [Trial  14] flickr_pair_0.3 | acc=0.2011  (90.8s)  knn=s  k= 20  dexp=4.82  p_grd=0.311  unc_rem=0.084  unc_rel=0.251  drop=0.17  h=32  L=2  lr=0.0005  wd=0.005
  [Trial  15] flickr_pair_0.3 | acc=0.3118  (199.1s)  knn=d  k=  5  dexp=1.73  p_grd=0.294  unc_rem=0.145  unc_rel=0.870  drop=0.67  h=32  L=1  lr=0.0001  wd=0.001
  [Trial  16] flickr_pair_0.3 | acc=0.1698  (212.5s)  knn=p  k= 15  dexp=1.15  p_grd=0.289  unc_rem=0.335  unc_rel=0.495  drop=0.39  h=64  L=4  lr=1e-05  wd=0.0005
  [Trial  17] flickr_pair_0.3 | acc=0.1628  (163.6s)  knn=p  k= 10  dexp=8.27  p_grd=0.189  unc_rem=0.042  unc_rel=0.304  drop=0.53  h=32  L=4  lr=0.005  wd=0.005
  [Trial  18] flickr_pair_0.3 | acc=0.1442  (103.2s)  knn=d  k=  3  dexp=2.21  p_grd=0.206  unc_rem=0.616  unc_rel=0.167  drop=0.40  h=64  L=3  lr=0.005  wd=0.01
  [Trial  19] flickr_pair_0.3 | acc=0.3763  (192.1s)  knn=p  k= 13  dexp=3.83  p_grd=0.476  unc_rem=0.774  unc_rel=0.043  drop=0.57  h=128  L=1  lr=0.001  wd=5e-05
  [Trial  20] flickr_pair_0.3 | acc=0.4752  (65.5s)  knn=u  k=-    dexp=6.93  p_grd=0.170  unc_rem=0.841  unc_rel=0.089  drop=0.61  h=16  L=2  lr=0.01  wd=5e-05
  [Trial  21] flickr_pair_0.3 | acc=0.4951  (56.0s)  knn=u  k=-    dexp=6.27  p_grd=0.160  unc_rem=0.801  unc_rel=0.098  drop=0.63  h=64  L=2  lr=0.01  wd=5e-05
  [Trial  22] flickr_pair_0.3 | acc=0.4821  (115.7s)  knn=p  k= 23  dexp=8.50  p_grd=0.268  unc_rem=0.954  unc_rel=0.078  drop=0.64  h=32  L=2  lr=0.01  wd=1e-05
  [Trial  23] flickr_pair_0.3 | acc=0.3758  (172.0s)  knn=d  k= 24  dexp=8.47  p_grd=0.317  unc_rem=0.952  unc_rel=0.110  drop=0.68  h=32  L=1  lr=0.005  wd=1e-05
  [Trial  24] flickr_pair_0.3 | acc=0.4870  (168.7s)  knn=p  k= 24  dexp=6.24  p_grd=0.449  unc_rem=0.884  unc_rel=0.288  drop=0.57  h=32  L=2  lr=0.01  wd=1e-05
  [Trial  25] flickr_pair_0.3 | acc=0.4719  (160.1s)  knn=p  k= 24  dexp=7.01  p_grd=0.448  unc_rem=0.570  unc_rel=0.266  drop=0.46  h=16  L=2  lr=0.01  wd=1e-05
  [Trial  26] flickr_pair_0.3 | acc=0.4918  (132.9s)  knn=p  k= 19  dexp=7.68  p_grd=0.499  unc_rem=0.999  unc_rel=0.218  drop=0.22  h=32  L=2  lr=0.005  wd=1e-05
  [Trial  27] flickr_pair_0.3 | acc=0.4831  (330.9s)  knn=p  k= 18  dexp=6.54  p_grd=0.400  unc_rem=0.696  unc_rel=0.197  drop=0.16  h=128  L=2  lr=0.005  wd=1e-05
  [Trial  28] flickr_pair_0.3 | acc=0.4070  (70.0s)  knn=u  k=-    dexp=5.95  p_grd=0.268  unc_rem=0.713  unc_rel=0.355  drop=0.78  h=64  L=3  lr=0.005  wd=5e-05
  [Trial  29] flickr_pair_0.3 | acc=0.3412  (169.2s)  knn=u  k=-    dexp=5.51  p_grd=0.140  unc_rem=0.788  unc_rel=0.195  drop=0.53  h=64  L=1  lr=0.0001  wd=0.0005
  [Trial  30] flickr_pair_0.3 | acc=0.2666  (100.9s)  knn=s  k= 40  dexp=7.85  p_grd=0.367  unc_rem=0.898  unc_rel=0.293  drop=0.15  h=32  L=4  lr=0.005  wd=0.0005
  [Trial  31] flickr_pair_0.3 | acc=0.2229  (140.8s)  knn=p  k= 17  dexp=8.81  p_grd=0.333  unc_rem=0.945  unc_rel=0.347  drop=0.27  h=32  L=2  lr=0.005  wd=0.005
  [Trial  32] flickr_pair_0.3 | acc=0.2641  (112.2s)  knn=u  k=-    dexp=6.57  p_grd=0.444  unc_rem=0.691  unc_rel=0.013  drop=0.38  h=32  L=3  lr=0.1  wd=1e-05
  [Trial  33] flickr_pair_0.3 | acc=0.1399  (252.6s)  knn=d  k= 20  dexp=5.35  p_grd=0.487  unc_rem=0.868  unc_rel=0.226  drop=0.57  h=32  L=2  lr=0.05  wd=0.05
  [Trial  34] flickr_pair_0.3 | acc=0.4149  (286.1s)  knn=p  k= 23  dexp=4.43  p_grd=0.423  unc_rem=0.812  unc_rel=0.405  drop=0.57  h=32  L=2  lr=0.1  wd=0.0001
  [Trial  35] flickr_pair_0.3 | acc=0.4112  (92.0s)  knn=p  k= 20  dexp=6.85  p_grd=0.057  unc_rem=0.570  unc_rel=0.373  drop=0.45  h=64  L=2  lr=0.01  wd=5e-05
  [Trial  36] flickr_pair_0.3 | acc=0.1138  (220.1s)  knn=p  k= 24  dexp=7.99  p_grd=0.468  unc_rem=0.823  unc_rel=0.076  drop=0.11  h=16  L=2  lr=0.0001  wd=0.05
  [Trial  37] flickr_pair_0.3 | acc=0.1089  (127.9s)  knn=s  k= 40  dexp=5.77  p_grd=0.438  unc_rem=0.837  unc_rel=0.277  drop=0.33  h=32  L=2  lr=1e-05  wd=1e-05
  [Trial  38] flickr_pair_0.3 | acc=0.2671  (270.6s)  knn=p  k= 18  dexp=8.51  p_grd=0.491  unc_rem=0.954  unc_rel=0.156  drop=0.40  h=16  L=3  lr=0.005  wd=0.0005
  [Trial  39] flickr_pair_0.3 | acc=0.1595  (154.2s)  knn=p  k= 18  dexp=8.79  p_grd=0.497  unc_rem=0.978  unc_rel=0.363  drop=0.19  h=32  L=4  lr=0.01  wd=0.1
  [Trial  40] flickr_pair_0.3 | acc=0.1553  (171.9s)  knn=p  k= 19  dexp=8.45  p_grd=0.422  unc_rem=0.620  unc_rel=0.248  drop=0.54  h=32  L=2  lr=0.0001  wd=0.01
  [Trial  41] flickr_pair_0.3 | acc=0.4879  (200.8s)  knn=d  k= 23  dexp=7.68  p_grd=0.486  unc_rem=0.643  unc_rel=0.504  drop=0.75  h=32  L=2  lr=0.01  wd=1e-05
  [Trial  42] flickr_pair_0.3 | acc=0.4785  (156.8s)  knn=s  k= 35  dexp=8.04  p_grd=0.473  unc_rem=0.879  unc_rel=0.434  drop=0.74  h=64  L=2  lr=0.01  wd=1e-05
  [Trial  43] flickr_pair_0.3 | acc=0.2595  (151.7s)  knn=d  k= 23  dexp=9.37  p_grd=0.486  unc_rem=0.570  unc_rel=0.790  drop=0.76  h=32  L=2  lr=0.0001  wd=1e-05
  [Trial  44] flickr_pair_0.3 | acc=0.2731  (68.4s)  knn=u  k=-    dexp=7.23  p_grd=0.413  unc_rem=0.685  unc_rel=0.307  drop=0.64  h=32  L=4  lr=0.01  wd=0.0001
  [Trial  45] flickr_pair_0.3 | acc=0.4894  (206.1s)  knn=p  k= 23  dexp=9.86  p_grd=0.487  unc_rem=0.972  unc_rel=0.189  drop=0.18  h=32  L=2  lr=0.005  wd=1e-05
  [Trial  46] flickr_pair_0.3 | acc=0.3758  (195.5s)  knn=d  k= 20  dexp=8.87  p_grd=0.437  unc_rem=0.985  unc_rel=0.402  drop=0.18  h=32  L=1  lr=0.005  wd=1e-05
  [Trial  47] flickr_pair_0.3 | acc=0.4963  (237.0s)  knn=d  k= 21  dexp=5.96  p_grd=0.439  unc_rem=0.796  unc_rel=0.676  drop=0.77  h=32  L=2  lr=0.01  wd=0.0001
  [Trial  48] flickr_pair_0.3 | acc=0.4833  (217.2s)  knn=d  k= 18  dexp=5.74  p_grd=0.362  unc_rem=0.927  unc_rel=0.664  drop=0.83  h=32  L=2  lr=0.01  wd=0.0001
  [Trial  49] flickr_pair_0.3 | acc=0.3501  (200.5s)  knn=p  k= 19  dexp=9.80  p_grd=0.487  unc_rem=0.914  unc_rel=0.422  drop=0.10  h=64  L=4  lr=0.005  wd=1e-05
  [Trial  50] flickr_pair_0.3 | acc=0.1384  (78.7s)  knn=u  k=-    dexp=7.95  p_grd=0.303  unc_rem=0.814  unc_rel=0.058  drop=0.66  h=64  L=2  lr=0.0005  wd=0.1
  [Trial  51] flickr_pair_0.3 | acc=0.2066  (93.0s)  knn=u  k=-    dexp=8.40  p_grd=0.059  unc_rem=0.822  unc_rel=0.309  drop=0.71  h=64  L=2  lr=0.05  wd=0.01
  [Trial  52] flickr_pair_0.3 | acc=0.4448  (234.3s)  knn=p  k= 22  dexp=9.01  p_grd=0.457  unc_rem=0.936  unc_rel=0.267  drop=0.23  h=32  L=2  lr=0.05  wd=1e-05
  [Trial  53] flickr_pair_0.3 | acc=0.3874  (121.9s)  knn=s  k= 35  dexp=8.11  p_grd=0.476  unc_rem=0.382  unc_rel=0.655  drop=0.89  h=32  L=1  lr=0.01  wd=0.0005
  [Trial  54] flickr_pair_0.3 | acc=0.1622  (238.7s)  knn=d  k= 22  dexp=6.85  p_grd=0.430  unc_rem=0.622  unc_rel=0.540  drop=0.78  h=128  L=3  lr=0.01  wd=0.005
  [Trial  55] flickr_pair_0.3 | acc=0.2891  (86.1s)  knn=u  k=-    dexp=3.19  p_grd=0.162  unc_rem=0.958  unc_rel=0.069  drop=0.89  h=64  L=4  lr=0.01  wd=5e-05
  [Trial  56] flickr_pair_0.3 | acc=0.1188  (230.4s)  knn=p  k= 22  dexp=8.35  p_grd=0.498  unc_rem=0.674  unc_rel=0.027  drop=0.23  h=32  L=2  lr=0.005  wd=0.1
  [Trial  57] flickr_pair_0.3 | acc=0.3824  (188.7s)  knn=p  k= 21  dexp=8.13  p_grd=0.415  unc_rem=0.986  unc_rel=0.182  drop=0.25  h=32  L=3  lr=0.005  wd=1e-05
  [Trial  58] flickr_pair_0.3 | acc=0.1541  (247.3s)  knn=d  k= 21  dexp=5.45  p_grd=0.445  unc_rem=0.701  unc_rel=0.531  drop=0.79  h=128  L=2  lr=1e-05  wd=1e-05
  [Trial  59] flickr_pair_0.3 | acc=0.3927  (206.6s)  knn=d  k= 23  dexp=8.44  p_grd=0.484  unc_rem=0.470  unc_rel=0.546  drop=0.54  h=32  L=3  lr=0.01  wd=1e-05
  [Trial  60] flickr_pair_0.3 | acc=0.4697  (272.6s)  knn=d  k= 20  dexp=6.63  p_grd=0.497  unc_rem=0.777  unc_rel=0.806  drop=0.78  h=16  L=2  lr=0.01  wd=1e-05
  [Trial  61] flickr_pair_0.3 | acc=0.1076  (184.5s)  knn=d  k= 15  dexp=7.81  p_grd=0.490  unc_rem=0.558  unc_rel=0.485  drop=0.54  h=32  L=2  lr=1e-05  wd=0.1
  [Trial  62] flickr_pair_0.3 | acc=0.3864  (241.1s)  knn=p  k= 23  dexp=6.35  p_grd=0.443  unc_rem=0.962  unc_rel=0.315  drop=0.81  h=32  L=1  lr=0.01  wd=1e-05
  [Trial  63] flickr_pair_0.3 | acc=0.3882  (195.7s)  knn=p  k= 23  dexp=7.45  p_grd=0.496  unc_rem=0.967  unc_rel=0.113  drop=0.16  h=32  L=2  lr=0.1  wd=0.0005
  [Trial  64] flickr_pair_0.3 | acc=0.4976  (379.5s)  knn=p  k= 23  dexp=3.86  p_grd=0.494  unc_rem=0.928  unc_rel=0.248  drop=0.53  h=32  L=2  lr=0.01  wd=1e-05
  [Trial  65] flickr_pair_0.3 | acc=0.2462  (338.5s)  knn=p  k= 23  dexp=3.07  p_grd=0.427  unc_rem=0.884  unc_rel=0.173  drop=0.43  h=128  L=2  lr=0.01  wd=0.005
  [Trial  66] flickr_pair_0.3 | acc=0.4862  (151.3s)  knn=s  k= 55  dexp=7.52  p_grd=0.264  unc_rem=0.683  unc_rel=0.069  drop=0.47  h=64  L=2  lr=0.01  wd=0.0005
  [Trial  67] flickr_pair_0.3 | acc=0.4839  (187.5s)  knn=p  k= 23  dexp=10.00  p_grd=0.499  unc_rem=0.923  unc_rel=0.058  drop=0.33  h=128  L=2  lr=0.005  wd=0.0001
  [Trial  68] flickr_pair_0.3 | acc=0.2448  (94.1s)  knn=u  k=-    dexp=4.78  p_grd=0.199  unc_rem=0.949  unc_rel=0.143  drop=0.53  h=64  L=2  lr=0.001  wd=0.005
  [Trial  69] flickr_pair_0.3 | acc=0.4740  (53.6s)  knn=u  k=-    dexp=6.32  p_grd=0.084  unc_rem=0.906  unc_rel=0.151  drop=0.53  h=64  L=2  lr=0.01  wd=0.001
  [Trial  70] flickr_pair_0.3 | acc=0.5034  (305.0s)  knn=p  k= 19  dexp=4.60  p_grd=0.477  unc_rem=0.419  unc_rel=0.967  drop=0.71  h=32  L=2  lr=0.01  wd=0.0001
  [Trial  71] flickr_pair_0.3 | acc=0.4801  (301.3s)  knn=p  k= 17  dexp=3.37  p_grd=0.474  unc_rem=0.199  unc_rel=0.892  drop=0.59  h=32  L=2  lr=0.01  wd=0.0005
  [Trial  72] flickr_pair_0.3 | acc=0.3849  (229.8s)  knn=p  k= 19  dexp=4.78  p_grd=0.409  unc_rem=0.421  unc_rel=0.941  drop=0.78  h=32  L=1  lr=0.01  wd=0.0001
  [Trial  73] flickr_pair_0.3 | acc=0.4818  (140.4s)  knn=d  k= 20  dexp=8.32  p_grd=0.217  unc_rem=0.850  unc_rel=0.096  drop=0.68  h=64  L=2  lr=0.001  wd=5e-05
  [Trial  74] flickr_pair_0.3 | acc=0.4837  (82.6s)  knn=u  k=-    dexp=9.42  p_grd=0.406  unc_rem=0.870  unc_rel=0.113  drop=0.27  h=32  L=2  lr=0.005  wd=1e-05
  [Trial  75] flickr_pair_0.3 | acc=0.1544  (230.9s)  knn=p  k= 20  dexp=5.75  p_grd=0.414  unc_rem=0.456  unc_rel=0.994  drop=0.70  h=128  L=2  lr=0.01  wd=0.05
  [Trial  76] flickr_pair_0.3 | acc=0.4823  (309.0s)  knn=d  k= 23  dexp=5.29  p_grd=0.460  unc_rem=0.369  unc_rel=0.255  drop=0.73  h=32  L=2  lr=0.01  wd=1e-05
  [Trial  77] flickr_pair_0.3 | acc=0.4583  (159.1s)  knn=s  k= 35  dexp=4.53  p_grd=0.463  unc_rem=0.339  unc_rel=0.893  drop=0.78  h=32  L=2  lr=0.05  wd=0.0001
  [Trial  78] flickr_pair_0.3 | acc=0.2719  (304.5s)  knn=p  k= 15  dexp=2.75  p_grd=0.439  unc_rem=0.959  unc_rel=0.276  drop=0.58  h=32  L=2  lr=0.0001  wd=1e-05
  [Trial  79] flickr_pair_0.3 | acc=0.3719  (283.9s)  knn=d  k= 20  dexp=9.43  p_grd=0.499  unc_rem=0.747  unc_rel=0.518  drop=0.69  h=32  L=1  lr=0.05  wd=0.0001
  [Trial  80] flickr_pair_0.3 | acc=0.1127  (172.5s)  knn=d  k=  3  dexp=8.38  p_grd=0.451  unc_rem=0.529  unc_rel=0.345  drop=0.70  h=64  L=2  lr=0.01  wd=0.05
  [Trial  81] flickr_pair_0.3 | acc=0.2902  (66.3s)  knn=u  k=-    dexp=6.18  p_grd=0.203  unc_rem=0.592  unc_rel=0.077  drop=0.90  h=64  L=2  lr=0.0001  wd=5e-05
  [Trial  82] flickr_pair_0.3 | acc=0.4847  (236.8s)  knn=p  k= 23  dexp=6.28  p_grd=0.497  unc_rem=0.777  unc_rel=0.510  drop=0.59  h=32  L=2  lr=0.01  wd=1e-05
  [Trial  83] flickr_pair_0.3 | acc=0.4834  (338.9s)  knn=p  k= 24  dexp=2.56  p_grd=0.486  unc_rem=0.892  unc_rel=0.040  drop=0.53  h=32  L=2  lr=0.01  wd=1e-05
  [Trial  84] flickr_pair_0.3 | acc=0.2584  (226.7s)  knn=d  k= 23  dexp=6.41  p_grd=0.415  unc_rem=0.735  unc_rel=0.758  drop=0.72  h=32  L=4  lr=0.01  wd=0.0005
  [Trial  85] flickr_pair_0.3 | acc=0.4648  (258.3s)  knn=p  k= 23  dexp=5.85  p_grd=0.340  unc_rem=0.941  unc_rel=0.299  drop=0.73  h=32  L=2  lr=0.001  wd=5e-05
  [Trial  86] flickr_pair_0.3 | acc=0.4828  (325.3s)  knn=p  k= 19  dexp=4.13  p_grd=0.385  unc_rem=0.415  unc_rel=0.989  drop=0.74  h=32  L=2  lr=0.005  wd=0.0001
  [Trial  87] flickr_pair_0.3 | acc=0.4945  (356.0s)  knn=p  k= 24  dexp=4.76  p_grd=0.479  unc_rem=0.812  unc_rel=0.225  drop=0.57  h=64  L=2  lr=0.005  wd=0.0005
  [Trial  88] flickr_pair_0.3 | acc=0.4537  (244.8s)  knn=p  k= 24  dexp=5.25  p_grd=0.390  unc_rem=0.789  unc_rel=0.417  drop=0.55  h=64  L=2  lr=0.05  wd=0.0005
  [Trial  89] flickr_pair_0.3 | acc=0.4981  (283.0s)  knn=p  k= 19  dexp=4.85  p_grd=0.478  unc_rem=0.589  unc_rel=0.020  drop=0.53  h=64  L=2  lr=0.005  wd=1e-05
  [Trial  90] flickr_pair_0.3 | acc=0.5021  (272.6s)  knn=p  k= 19  dexp=4.85  p_grd=0.459  unc_rem=0.804  unc_rel=0.262  drop=0.49  h=64  L=2  lr=0.005  wd=5e-05
  [Trial  91] flickr_pair_0.3 | acc=0.4976  (257.8s)  knn=p  k= 17  dexp=5.73  p_grd=0.482  unc_rem=0.354  unc_rel=0.172  drop=0.46  h=64  L=2  lr=0.005  wd=1e-05
  [Trial  92] flickr_pair_0.3 | acc=0.4630  (377.9s)  knn=p  k= 16  dexp=3.29  p_grd=0.487  unc_rem=0.535  unc_rel=0.142  drop=0.55  h=64  L=2  lr=0.0005  wd=1e-05
  [Trial  93] flickr_pair_0.3 | acc=0.4983  (247.9s)  knn=d  k= 16  dexp=6.07  p_grd=0.424  unc_rem=0.497  unc_rel=0.030  drop=0.47  h=64  L=2  lr=0.005  wd=1e-05
  [Trial  94] flickr_pair_0.3 | acc=0.3653  (354.1s)  knn=p  k= 15  dexp=3.16  p_grd=0.489  unc_rem=0.557  unc_rel=0.103  drop=0.88  h=64  L=3  lr=0.005  wd=0.0005
  [Trial  95] flickr_pair_0.3 | acc=0.4955  (281.7s)  knn=d  k= 13  dexp=4.55  p_grd=0.460  unc_rem=0.306  unc_rel=0.095  drop=0.32  h=64  L=2  lr=0.005  wd=1e-05
  [Trial  96] flickr_pair_0.3 | acc=0.3448  (256.7s)  knn=p  k= 11  dexp=5.99  p_grd=0.482  unc_rem=0.709  unc_rel=0.081  drop=0.59  h=64  L=4  lr=0.005  wd=1e-05
  [Trial  97] flickr_pair_0.3 | acc=0.4984  (225.0s)  knn=d  k= 11  dexp=5.61  p_grd=0.397  unc_rem=0.352  unc_rel=0.122  drop=0.25  h=64  L=2  lr=0.005  wd=1e-05
  [Trial  98] flickr_pair_0.3 | acc=0.1406  (174.4s)  knn=d  k=  9  dexp=5.87  p_grd=0.318  unc_rem=0.064  unc_rel=0.133  drop=0.32  h=64  L=2  lr=0.005  wd=0.1
  [Trial  99] flickr_pair_0.3 | acc=0.4738  (179.8s)  knn=d  k= 10  dexp=5.34  p_grd=0.434  unc_rem=0.461  unc_rel=0.206  drop=0.38  h=64  L=2  lr=0.005  wd=1e-05
  [Trial 100] flickr_pair_0.3 | acc=0.1996  (265.8s)  knn=p  k= 13  dexp=4.73  p_grd=0.406  unc_rem=0.323  unc_rel=0.105  drop=0.59  h=64  L=2  lr=0.005  wd=0.01
  [Trial 101] flickr_pair_0.3 | acc=0.4107  (211.7s)  knn=p  k= 13  dexp=6.34  p_grd=0.405  unc_rem=0.382  unc_rel=0.335  drop=0.41  h=64  L=3  lr=0.005  wd=5e-05
  [Trial 102] flickr_pair_0.3 | acc=0.4745  (263.0s)  knn=p  k= 14  dexp=3.70  p_grd=0.362  unc_rem=0.883  unc_rel=0.380  drop=0.32  h=64  L=2  lr=0.005  wd=0.001
  [Trial 103] flickr_pair_0.3 | acc=0.4864  (108.1s)  knn=u  k=-    dexp=1.49  p_grd=0.469  unc_rem=0.800  unc_rel=0.228  drop=0.45  h=32  L=2  lr=0.005  wd=0.0005
  [Trial 104] flickr_pair_0.3 | acc=0.3702  (267.4s)  knn=p  k= 15  dexp=2.83  p_grd=0.433  unc_rem=0.757  unc_rel=0.200  drop=0.45  h=64  L=1  lr=0.005  wd=0.0005
  [Trial 105] flickr_pair_0.3 | acc=0.4851  (81.3s)  knn=u  k=-    dexp=4.30  p_grd=0.155  unc_rem=0.612  unc_rel=0.082  drop=0.65  h=64  L=2  lr=0.01  wd=5e-05
  [Trial 106] flickr_pair_0.3 | acc=0.1147  (84.2s)  knn=u  k=-    dexp=4.31  p_grd=0.425  unc_rem=0.689  unc_rel=0.920  drop=0.68  h=32  L=2  lr=0.01  wd=0.01
  [Trial 107] flickr_pair_0.3 | acc=0.4788  (248.3s)  knn=p  k= 16  dexp=5.96  p_grd=0.485  unc_rem=0.614  unc_rel=0.293  drop=0.71  h=128  L=2  lr=0.005  wd=5e-05
  [Trial 108] flickr_pair_0.3 | acc=0.4900  (81.0s)  knn=u  k=-    dexp=6.81  p_grd=0.479  unc_rem=0.152  unc_rel=0.261  drop=0.39  h=128  L=2  lr=0.005  wd=1e-05
  [Trial 109] flickr_pair_0.3 | acc=0.1553  (231.7s)  knn=p  k= 12  dexp=3.74  p_grd=0.446  unc_rem=0.811  unc_rel=0.281  drop=0.80  h=64  L=2  lr=0.005  wd=0.05
  [Trial 110] flickr_pair_0.3 | acc=0.3628  (130.9s)  knn=s  k=  5  dexp=6.15  p_grd=0.482  unc_rem=0.529  unc_rel=0.061  drop=0.41  h=64  L=1  lr=0.005  wd=0.005
  [Trial 111] flickr_pair_0.3 | acc=0.3758  (217.0s)  knn=d  k= 17  dexp=5.09  p_grd=0.417  unc_rem=0.127  unc_rel=0.053  drop=0.21  h=64  L=1  lr=0.005  wd=1e-05
  [Trial 112] flickr_pair_0.3 | acc=0.3171  (91.7s)  knn=u  k=-    dexp=6.60  p_grd=0.119  unc_rem=0.957  unc_rel=0.161  drop=0.43  h=32  L=4  lr=0.01  wd=5e-05
  [Trial 113] flickr_pair_0.3 | acc=0.4983  (288.7s)  knn=p  k= 17  dexp=5.37  p_grd=0.493  unc_rem=0.938  unc_rel=0.204  drop=0.41  h=64  L=2  lr=0.005  wd=5e-05
  [Trial 114] flickr_pair_0.3 | acc=0.4984  (237.8s)  knn=p  k= 17  dexp=4.73  p_grd=0.482  unc_rem=0.713  unc_rel=0.053  drop=0.43  h=64  L=2  lr=0.005  wd=5e-05
  [Trial 115] flickr_pair_0.3 | acc=0.4988  (169.7s)  knn=p  k= 16  dexp=7.65  p_grd=0.394  unc_rem=0.901  unc_rel=0.321  drop=0.37  h=64  L=2  lr=0.005  wd=5e-05
  [Trial 116] flickr_pair_0.3 | acc=0.4965  (207.0s)  knn=p  k= 16  dexp=5.74  p_grd=0.452  unc_rem=0.930  unc_rel=0.346  drop=0.35  h=64  L=2  lr=0.005  wd=5e-05
  [Trial 117] flickr_pair_0.3 | acc=0.4940  (72.1s)  knn=u  k=-    dexp=6.08  p_grd=0.341  unc_rem=0.827  unc_rel=0.235  drop=0.29  h=64  L=2  lr=0.005  wd=5e-05
  [Trial 118] flickr_pair_0.3 | acc=0.4687  (206.0s)  knn=p  k= 17  dexp=7.19  p_grd=0.451  unc_rem=0.919  unc_rel=0.440  drop=0.34  h=16  L=2  lr=0.005  wd=5e-05
  [Trial 119] flickr_pair_0.3 | acc=0.4988  (310.5s)  knn=p  k= 17  dexp=4.72  p_grd=0.417  unc_rem=0.719  unc_rel=0.053  drop=0.42  h=64  L=2  lr=0.005  wd=5e-05
  [Trial 120] flickr_pair_0.3 | acc=0.4993  (219.8s)  knn=p  k= 16  dexp=5.82  p_grd=0.479  unc_rem=0.666  unc_rel=0.240  drop=0.40  h=64  L=2  lr=0.005  wd=5e-05
  [Trial 121] flickr_pair_0.3 | acc=0.4607  (174.6s)  knn=p  k= 16  dexp=7.39  p_grd=0.404  unc_rem=0.284  unc_rel=0.287  drop=0.46  h=64  L=2  lr=0.05  wd=1e-05
  [Trial 122] flickr_pair_0.3 | acc=0.4935  (200.8s)  knn=p  k= 16  dexp=6.40  p_grd=0.481  unc_rem=0.628  unc_rel=0.110  drop=0.29  h=64  L=2  lr=0.005  wd=5e-05
  [Trial 123] flickr_pair_0.3 | acc=0.4996  (149.9s)  knn=s  k= 10  dexp=3.51  p_grd=0.463  unc_rem=0.877  unc_rel=0.384  drop=0.33  h=64  L=2  lr=0.005  wd=5e-05
  [Trial 124] flickr_pair_0.3 | acc=0.4628  (127.8s)  knn=s  k=  5  dexp=3.03  p_grd=0.465  unc_rem=0.825  unc_rel=0.393  drop=0.14  h=64  L=2  lr=0.0005  wd=0.0001
  [Trial 125] flickr_pair_0.3 | acc=0.4747  (147.8s)  knn=s  k= 10  dexp=0.19  p_grd=0.490  unc_rem=0.906  unc_rel=0.576  drop=0.37  h=64  L=2  lr=0.005  wd=5e-05
  [Trial 126] flickr_pair_0.3 | acc=0.3397  (246.3s)  knn=d  k= 17  dexp=4.92  p_grd=0.435  unc_rem=0.701  unc_rel=0.116  drop=0.50  h=64  L=4  lr=0.005  wd=5e-05
  [Trial 127] flickr_pair_0.3 | acc=0.1937  (252.4s)  knn=p  k= 17  dexp=4.40  p_grd=0.413  unc_rem=0.315  unc_rel=0.078  drop=0.31  h=64  L=2  lr=1e-05  wd=0.0001
  [Trial 128] flickr_pair_0.3 | acc=0.1124  (130.0s)  knn=s  k= 10  dexp=4.44  p_grd=0.309  unc_rem=0.564  unc_rel=0.405  drop=0.33  h=64  L=2  lr=0.005  wd=0.1
  [Trial 129] flickr_pair_0.3 | acc=0.4837  (346.4s)  knn=p  k= 18  dexp=3.03  p_grd=0.408  unc_rem=0.595  unc_rel=0.031  drop=0.43  h=64  L=2  lr=0.001  wd=5e-05
  [Trial 130] flickr_pair_0.3 | acc=0.3885  (167.5s)  knn=d  k= 17  dexp=7.46  p_grd=0.375  unc_rem=0.609  unc_rel=0.014  drop=0.32  h=64  L=1  lr=0.05  wd=1e-05
  [Trial 131] flickr_pair_0.3 | acc=0.4635  (320.2s)  knn=p  k= 17  dexp=5.24  p_grd=0.484  unc_rem=0.370  unc_rel=0.980  drop=0.57  h=32  L=2  lr=0.01  wd=0.0001
  [Trial 132] flickr_pair_0.3 | acc=0.4141  (166.2s)  knn=p  k= 15  dexp=6.88  p_grd=0.304  unc_rem=0.992  unc_rel=0.515  drop=0.29  h=64  L=3  lr=0.005  wd=5e-05
  [Trial 133] flickr_pair_0.3 | acc=0.4272  (121.7s)  knn=s  k= 10  dexp=4.50  p_grd=0.362  unc_rem=0.943  unc_rel=0.484  drop=0.55  h=64  L=2  lr=0.1  wd=5e-05
  [Trial 134] flickr_pair_0.3 | acc=0.4846  (164.6s)  knn=p  k= 17  dexp=9.01  p_grd=0.454  unc_rem=0.873  unc_rel=0.337  drop=0.17  h=64  L=2  lr=0.001  wd=5e-05
  [Trial 135] flickr_pair_0.3 | acc=0.1269  (173.4s)  knn=s  k= 10  dexp=3.37  p_grd=0.389  unc_rem=0.950  unc_rel=0.236  drop=0.43  h=64  L=4  lr=0.005  wd=0.05
  [Trial 136] flickr_pair_0.3 | acc=0.3785  (130.1s)  knn=s  k= 10  dexp=3.94  p_grd=0.375  unc_rem=0.771  unc_rel=0.441  drop=0.34  h=64  L=1  lr=0.005  wd=5e-05
  [Trial 137] flickr_pair_0.3 | acc=0.3176  (192.4s)  knn=p  k= 17  dexp=7.12  p_grd=0.455  unc_rem=0.970  unc_rel=0.372  drop=0.63  h=64  L=2  lr=0.0001  wd=5e-05
  [Trial 138] flickr_pair_0.3 | acc=0.2135  (208.8s)  knn=p  k= 18  dexp=6.63  p_grd=0.410  unc_rem=0.950  unc_rel=0.391  drop=0.33  h=64  L=2  lr=0.005  wd=0.01
  [Trial 139] flickr_pair_0.3 | acc=0.5019  (143.4s)  knn=s  k= 15  dexp=4.43  p_grd=0.449  unc_rem=0.858  unc_rel=0.025  drop=0.47  h=64  L=2  lr=0.005  wd=1e-05
  [Trial 140] flickr_pair_0.3 | acc=0.5022  (123.1s)  knn=s  k= 50  dexp=5.88  p_grd=0.369  unc_rem=0.825  unc_rel=0.045  drop=0.61  h=64  L=2  lr=0.005  wd=1e-05
  [Trial 141] flickr_pair_0.3 | acc=0.5037  (112.1s)  knn=s  k= 15  dexp=3.82  p_grd=0.384  unc_rem=0.964  unc_rel=0.012  drop=0.49  h=64  L=2  lr=0.005  wd=1e-05
  [Trial 142] flickr_pair_0.3 | acc=0.4953  (190.1s)  knn=s  k= 50  dexp=7.03  p_grd=0.449  unc_rem=0.655  unc_rel=0.385  drop=0.43  h=32  L=2  lr=0.005  wd=5e-05
  [Trial 143] flickr_pair_0.3 | acc=0.4991  (191.0s)  knn=s  k= 45  dexp=4.43  p_grd=0.394  unc_rem=0.967  unc_rel=0.114  drop=0.62  h=64  L=2  lr=0.005  wd=1e-05
  [Trial 144] flickr_pair_0.3 | acc=0.4712  (147.6s)  knn=s  k= 45  dexp=3.24  p_grd=0.417  unc_rem=0.975  unc_rel=0.178  drop=0.38  h=16  L=2  lr=0.005  wd=1e-05
  [Trial 145] flickr_pair_0.3 | acc=0.5060  (119.0s)  knn=s  k= 50  dexp=7.12  p_grd=0.315  unc_rem=0.818  unc_rel=0.014  drop=0.57  h=64  L=2  lr=0.005  wd=1e-05
  [Trial 146] flickr_pair_0.3 | acc=0.5037  (140.7s)  knn=s  k= 25  dexp=4.98  p_grd=0.257  unc_rem=0.871  unc_rel=0.134  drop=0.64  h=64  L=2  lr=0.005  wd=1e-05
  [Trial 147] flickr_pair_0.3 | acc=0.4837  (108.4s)  knn=s  k= 25  dexp=6.82  p_grd=0.309  unc_rem=0.833  unc_rel=0.306  drop=0.56  h=64  L=2  lr=0.005  wd=1e-05
  [Trial 148] flickr_pair_0.3 | acc=0.4725  (133.2s)  knn=s  k= 25  dexp=0.56  p_grd=0.386  unc_rem=0.773  unc_rel=0.121  drop=0.59  h=64  L=2  lr=0.005  wd=0.0001
  [Trial 149] flickr_pair_0.3 | acc=0.4085  (117.6s)  knn=s  k= 25  dexp=3.86  p_grd=0.188  unc_rem=0.904  unc_rel=0.193  drop=0.85  h=64  L=2  lr=0.1  wd=1e-05
  [Trial 150] flickr_pair_0.3 | acc=0.5029  (126.6s)  knn=s  k= 25  dexp=4.54  p_grd=0.493  unc_rem=0.738  unc_rel=0.125  drop=0.36  h=64  L=2  lr=0.005  wd=1e-05
  [Trial 151] flickr_pair_0.3 | acc=0.4933  (148.1s)  knn=s  k= 25  dexp=4.82  p_grd=0.439  unc_rem=0.822  unc_rel=0.060  drop=0.40  h=64  L=2  lr=0.005  wd=1e-05
  [Trial 152] flickr_pair_0.3 | acc=0.3158  (113.5s)  knn=s  k= 25  dexp=4.48  p_grd=0.336  unc_rem=0.992  unc_rel=0.093  drop=0.65  h=64  L=2  lr=0.0001  wd=1e-05
  [Trial 153] flickr_pair_0.3 | acc=0.4818  (95.5s)  knn=u  k=-    dexp=7.05  p_grd=0.464  unc_rem=0.947  unc_rel=0.143  drop=0.53  h=64  L=2  lr=0.001  wd=1e-05
  [Trial 154] flickr_pair_0.3 | acc=0.3852  (406.1s)  knn=p  k= 25  dexp=3.13  p_grd=0.429  unc_rem=0.736  unc_rel=0.148  drop=0.47  h=64  L=1  lr=0.01  wd=5e-05
  [Trial 155] flickr_pair_0.3 | acc=0.1686  (133.7s)  knn=s  k= 25  dexp=4.94  p_grd=0.385  unc_rem=0.939  unc_rel=0.263  drop=0.54  h=64  L=4  lr=1e-05  wd=1e-05
  [Trial 156] flickr_pair_0.3 | acc=0.4519  (134.9s)  knn=s  k= 25  dexp=7.35  p_grd=0.275  unc_rem=0.694  unc_rel=0.136  drop=0.58  h=16  L=2  lr=0.001  wd=1e-05
  [Trial 157] flickr_pair_0.3 | acc=0.5017  (108.6s)  knn=s  k= 25  dexp=6.87  p_grd=0.292  unc_rem=0.669  unc_rel=0.021  drop=0.57  h=64  L=2  lr=0.005  wd=5e-05
  [Trial 158] flickr_pair_0.3 | acc=0.4908  (143.1s)  knn=s  k= 25  dexp=5.57  p_grd=0.360  unc_rem=0.860  unc_rel=0.011  drop=0.61  h=128  L=2  lr=0.005  wd=1e-05
  [Trial 159] flickr_pair_0.3 | acc=0.2189  (151.8s)  knn=s  k= 25  dexp=3.76  p_grd=0.442  unc_rem=0.896  unc_rel=0.251  drop=0.34  h=64  L=2  lr=1e-05  wd=5e-05
  [Trial 160] flickr_pair_0.3 | acc=0.4069  (128.5s)  knn=s  k= 25  dexp=6.61  p_grd=0.325  unc_rem=0.690  unc_rel=0.078  drop=0.44  h=64  L=3  lr=0.005  wd=5e-05
  [Trial 161] flickr_pair_0.3 | acc=0.5138  (272.3s)  knn=d  k= 25  dexp=3.00  p_grd=0.236  unc_rem=0.832  unc_rel=0.010  drop=0.65  h=64  L=2  lr=0.005  wd=1e-05
  [Trial 162] flickr_pair_0.3 | acc=0.3483  (181.2s)  knn=d  k= 25  dexp=2.26  p_grd=0.135  unc_rem=0.708  unc_rel=0.292  drop=0.57  h=32  L=1  lr=0.005  wd=1e-05
  [Trial 163] flickr_pair_0.3 | acc=0.4905  (243.9s)  knn=d  k= 25  dexp=2.49  p_grd=0.235  unc_rem=0.532  unc_rel=0.011  drop=0.87  h=64  L=2  lr=0.005  wd=0.0005
  [Trial 164] flickr_pair_0.3 | acc=0.4984  (124.5s)  knn=s  k= 25  dexp=8.46  p_grd=0.348  unc_rem=0.681  unc_rel=0.049  drop=0.67  h=64  L=2  lr=0.005  wd=5e-05
  [Trial 165] flickr_pair_0.3 | acc=0.1821  (220.0s)  knn=d  k= 25  dexp=4.98  p_grd=0.157  unc_rem=0.842  unc_rel=0.030  drop=0.60  h=64  L=2  lr=1e-05  wd=1e-05
  [Trial 166] flickr_pair_0.3 | acc=0.3948  (407.1s)  knn=p  k= 25  dexp=1.64  p_grd=0.486  unc_rem=0.707  unc_rel=0.058  drop=0.21  h=32  L=3  lr=0.005  wd=5e-05
  [Trial 167] flickr_pair_0.3 | acc=0.4196  (152.4s)  knn=s  k= 25  dexp=2.99  p_grd=0.338  unc_rem=0.919  unc_rel=0.057  drop=0.62  h=64  L=3  lr=0.005  wd=1e-05
  [Trial 168] flickr_pair_0.3 | acc=0.3339  (333.8s)  knn=p  k= 25  dexp=3.44  p_grd=0.461  unc_rem=0.317  unc_rel=0.726  drop=0.56  h=16  L=3  lr=0.01  wd=0.0001
  [Trial 169] flickr_pair_0.3 | acc=0.1790  (117.4s)  knn=s  k= 25  dexp=4.70  p_grd=0.262  unc_rem=0.734  unc_rel=0.110  drop=0.74  h=16  L=2  lr=0.005  wd=0.05
  [Trial 170] flickr_pair_0.3 | acc=0.4813  (218.0s)  knn=d  k= 25  dexp=2.50  p_grd=0.109  unc_rem=0.877  unc_rel=0.061  drop=0.63  h=64  L=2  lr=0.005  wd=1e-05
  [Trial 171] flickr_pair_0.3 | acc=0.4176  (141.6s)  knn=s  k= 55  dexp=0.95  p_grd=0.497  unc_rem=0.926  unc_rel=0.184  drop=0.42  h=64  L=2  lr=0.1  wd=1e-05
  [Trial 172] flickr_pair_0.3 | acc=0.4795  (106.1s)  knn=s  k= 40  dexp=5.90  p_grd=0.401  unc_rem=0.439  unc_rel=0.024  drop=0.74  h=64  L=2  lr=0.001  wd=0.0001
  [Trial 173] flickr_pair_0.3 | acc=0.4775  (116.8s)  knn=s  k= 50  dexp=9.63  p_grd=0.277  unc_rem=0.584  unc_rel=0.059  drop=0.63  h=64  L=2  lr=0.005  wd=5e-05
  [Trial 174] flickr_pair_0.3 | acc=0.4755  (141.9s)  knn=s  k= 45  dexp=8.79  p_grd=0.473  unc_rem=0.890  unc_rel=0.024  drop=0.68  h=64  L=2  lr=0.005  wd=0.0001
  [Trial 175] flickr_pair_0.3 | acc=0.4965  (173.8s)  knn=p  k= 14  dexp=5.23  p_grd=0.222  unc_rem=0.820  unc_rel=0.108  drop=0.56  h=64  L=2  lr=0.005  wd=0.0001
  [Trial 176] flickr_pair_0.3 | acc=0.3146  (205.3s)  knn=d  k= 13  dexp=3.78  p_grd=0.383  unc_rem=0.789  unc_rel=0.128  drop=0.42  h=128  L=2  lr=0.0001  wd=5e-05
  [Trial 177] flickr_pair_0.3 | acc=0.4770  (127.3s)  knn=s  k= 20  dexp=5.04  p_grd=0.425  unc_rem=0.867  unc_rel=0.197  drop=0.87  h=64  L=2  lr=0.005  wd=5e-05
  [Trial 178] flickr_pair_0.3 | acc=0.4083  (198.0s)  knn=p  k= 13  dexp=2.11  p_grd=0.358  unc_rem=0.832  unc_rel=0.208  drop=0.42  h=64  L=3  lr=0.005  wd=5e-05
  [Trial 179] flickr_pair_0.3 | acc=0.2333  (113.2s)  knn=s  k= 50  dexp=7.11  p_grd=0.281  unc_rem=0.734  unc_rel=0.095  drop=0.49  h=64  L=2  lr=0.0005  wd=0.005
  [Trial 180] flickr_pair_0.3 | acc=0.1020  (156.3s)  knn=s  k= 55  dexp=8.97  p_grd=0.340  unc_rem=0.848  unc_rel=0.122  drop=0.80  h=64  L=3  lr=0.005  wd=0.01
  [Trial 181] flickr_pair_0.3 | acc=0.1371  (136.8s)  knn=p  k= 13  dexp=7.82  p_grd=0.299  unc_rem=0.606  unc_rel=0.272  drop=0.36  h=64  L=2  lr=1e-05  wd=0.05
  [Trial 182] flickr_pair_0.3 | acc=0.4870  (115.5s)  knn=p  k= 14  dexp=7.84  p_grd=0.368  unc_rem=0.650  unc_rel=0.158  drop=0.70  h=64  L=2  lr=0.005  wd=5e-05
  [Trial 183] flickr_pair_0.3 | acc=0.3874  (197.7s)  knn=s  k= 15  dexp=6.81  p_grd=0.371  unc_rem=0.682  unc_rel=0.023  drop=0.60  h=64  L=2  lr=0.1  wd=1e-05
  [Trial 184] flickr_pair_0.3 | acc=0.3818  (133.2s)  knn=s  k= 20  dexp=6.05  p_grd=0.219  unc_rem=0.933  unc_rel=0.040  drop=0.54  h=64  L=1  lr=0.005  wd=1e-05
  [Trial 185] flickr_pair_0.3 | acc=0.1084  (131.4s)  knn=s  k= 15  dexp=7.84  p_grd=0.253  unc_rem=0.650  unc_rel=0.095  drop=0.53  h=64  L=2  lr=1e-05  wd=0.1
  [Trial 186] flickr_pair_0.3 | acc=0.5024  (180.4s)  knn=s  k= 20  dexp=3.07  p_grd=0.361  unc_rem=0.501  unc_rel=0.266  drop=0.78  h=64  L=2  lr=0.005  wd=1e-05
  [Trial 187] flickr_pair_0.3 | acc=0.2706  (104.8s)  knn=s  k= 20  dexp=6.72  p_grd=0.305  unc_rem=0.740  unc_rel=0.066  drop=0.54  h=16  L=4  lr=0.005  wd=5e-05
  [Trial 188] flickr_pair_0.3 | acc=0.2062  (124.9s)  knn=s  k= 20  dexp=2.50  p_grd=0.455  unc_rem=0.667  unc_rel=0.363  drop=0.23  h=64  L=2  lr=0.005  wd=0.01
  [Trial 189] flickr_pair_0.3 | acc=0.4922  (137.3s)  knn=s  k= 20  dexp=3.05  p_grd=0.382  unc_rem=0.400  unc_rel=0.035  drop=0.75  h=64  L=2  lr=0.005  wd=1e-05
  [Trial 190] flickr_pair_0.3 | acc=0.4884  (149.2s)  knn=s  k= 35  dexp=3.73  p_grd=0.451  unc_rem=0.577  unc_rel=0.553  drop=0.31  h=64  L=2  lr=0.01  wd=5e-05
  [Trial 191] flickr_pair_0.3 | acc=0.4955  (110.0s)  knn=d  k=  8  dexp=7.80  p_grd=0.439  unc_rem=0.477  unc_rel=0.300  drop=0.13  h=64  L=2  lr=0.01  wd=1e-05
  [Trial 192] flickr_pair_0.3 | acc=0.4831  (113.2s)  knn=s  k= 50  dexp=3.09  p_grd=0.280  unc_rem=0.818  unc_rel=0.191  drop=0.62  h=64  L=2  lr=0.005  wd=0.0005
  [Trial 193] flickr_pair_0.3 | acc=0.4834  (193.5s)  knn=s  k= 40  dexp=4.93  p_grd=0.387  unc_rem=0.817  unc_rel=0.107  drop=0.63  h=64  L=2  lr=0.005  wd=0.001
  [Trial 194] flickr_pair_0.3 | acc=0.4811  (169.6s)  knn=d  k= 17  dexp=5.75  p_grd=0.284  unc_rem=0.174  unc_rel=0.050  drop=0.22  h=64  L=2  lr=0.05  wd=1e-05
  [Trial 195] flickr_pair_0.3 | acc=0.4682  (258.1s)  knn=p  k= 17  dexp=2.66  p_grd=0.403  unc_rem=0.630  unc_rel=0.095  drop=0.42  h=16  L=2  lr=0.005  wd=5e-05
  [Trial 196] flickr_pair_0.3 | acc=0.2211  (181.2s)  knn=d  k= 14  dexp=6.71  p_grd=0.433  unc_rem=0.389  unc_rel=0.093  drop=0.21  h=64  L=2  lr=0.1  wd=0.005
  [Trial 197] flickr_pair_0.3 | acc=0.4936  (104.6s)  knn=s  k= 20  dexp=3.41  p_grd=0.400  unc_rem=0.913  unc_rel=0.171  drop=0.76  h=64  L=2  lr=0.005  wd=1e-05
  [Trial 198] flickr_pair_0.3 | acc=0.4608  (145.3s)  knn=s  k= 60  dexp=1.77  p_grd=0.302  unc_rem=0.512  unc_rel=0.431  drop=0.56  h=64  L=2  lr=0.005  wd=1e-05
  [Trial 199] flickr_pair_0.3 | acc=0.4951  (215.3s)  knn=d  k= 17  dexp=1.67  p_grd=0.456  unc_rem=0.722  unc_rel=0.196  drop=0.39  h=64  L=2  lr=0.005  wd=5e-05
  [Trial 200] flickr_pair_0.3 | acc=0.4691  (106.5s)  knn=u  k=-    dexp=5.66  p_grd=0.317  unc_rem=0.321  unc_rel=0.043  drop=0.17  h=16  L=2  lr=0.005  wd=1e-05

[Optuna] Optimization done. 200/200 trials completed.

[Retest] (flickr_pair_0.3) Testing top-5 configs × 10 seeds...

  [Retest] (flickr_pair_0.3) Config 1/5: (Trial #160, Orig Acc: 0.5138)
           Params: {'knn_mode': 'd', 'k': 25, 'dexp': 3.002764188337244, 'p_grd': 0.23634330550462215, 'unc_rem': 0.831705741180432, 'unc_rel': 0.01035712088199923, 'dropout': 0.6471130515001119, 'n_hidden': 64, 'n_layer': 2, 'lr': 0.005, 'weight_decay': 1e-05}
    [Retest] flickr | Config 1 | Run 1/10 | seed=3000 | Acc: 0.5138 | Mean: 0.5138 | Time: 200.6s
    [Retest] flickr | Config 1 | Run 2/10 | seed=3001 | Acc: 0.5149 | Mean: 0.5144 | Time: 186.0s
    [Retest] flickr | Config 1 | Run 3/10 | seed=3002 | Acc: 0.4867 | Mean: 0.5051 | Time: 191.4s
    [Retest] flickr | Config 1 | Run 4/10 | seed=3003 | Acc: 0.4912 | Mean: 0.5016 | Time: 273.3s
    [Retest] flickr | Config 1 | Run 5/10 | seed=3004 | Acc: 0.4748 | Mean: 0.4963 | Time: 281.7s
    [Retest] flickr | Config 1 | Run 6/10 | seed=3005 | Acc: 0.4887 | Mean: 0.4950 | Time: 247.1s
    [Retest] flickr | Config 1 | Run 7/10 | seed=3006 | Acc: 0.4593 | Mean: 0.4899 | Time: 236.1s
    [Retest] flickr | Config 1 | Run 8/10 | seed=3007 | Acc: 0.5007 | Mean: 0.4913 | Time: 334.6s
    [Retest] flickr | Config 1 | Run 9/10 | seed=3008 | Acc: 0.4607 | Mean: 0.4879 | Time: 197.9s
    [Retest] flickr | Config 1 | Run 10/10 | seed=3009 | Acc: 0.4841 | Mean: 0.4875 | Time: 213.2s
  [Retest] Config 1: mean=0.4875 ± 0.0182

  [Retest] (flickr_pair_0.3) Config 2/5: (Trial #144, Orig Acc: 0.5060)
           Params: {'knn_mode': 's', 'k': 50, 'dexp': 7.117369410430442, 'p_grd': 0.31450648375479745, 'unc_rem': 0.8182512413389469, 'unc_rel': 0.013727779946165822, 'dropout': 0.5746572726409722, 'n_hidden': 64, 'n_layer': 2, 'lr': 0.005, 'weight_decay': 1e-05}
    [Retest] flickr | Config 2 | Run 1/10 | seed=3000 | Acc: 0.5060 | Mean: 0.5060 | Time: 117.8s
    [Retest] flickr | Config 2 | Run 2/10 | seed=3001 | Acc: 0.5024 | Mean: 0.5042 | Time: 114.3s
    [Retest] flickr | Config 2 | Run 3/10 | seed=3002 | Acc: 0.4912 | Mean: 0.4999 | Time: 203.5s
    [Retest] flickr | Config 2 | Run 4/10 | seed=3003 | Acc: 0.4897 | Mean: 0.4973 | Time: 166.8s
    [Retest] flickr | Config 2 | Run 5/10 | seed=3004 | Acc: 0.4585 | Mean: 0.4896 | Time: 117.4s
    [Retest] flickr | Config 2 | Run 6/10 | seed=3005 | Acc: 0.4915 | Mean: 0.4899 | Time: 191.2s
    [Retest] flickr | Config 2 | Run 7/10 | seed=3006 | Acc: 0.4597 | Mean: 0.4856 | Time: 236.4s
    [Retest] flickr | Config 2 | Run 8/10 | seed=3007 | Acc: 0.4966 | Mean: 0.4869 | Time: 148.3s
    [Retest] flickr | Config 2 | Run 9/10 | seed=3008 | Acc: 0.4663 | Mean: 0.4846 | Time: 125.1s
    [Retest] flickr | Config 2 | Run 10/10 | seed=3009 | Acc: 0.4578 | Mean: 0.4820 | Time: 148.6s
  [Retest] Config 2: mean=0.4820 ± 0.0182

  [Retest] (flickr_pair_0.3) Config 3/5: (Trial #140, Orig Acc: 0.5037)
           Params: {'knn_mode': 's', 'k': 15, 'dexp': 3.8210025552760456, 'p_grd': 0.3837145136446686, 'unc_rem': 0.9643485644752839, 'unc_rel': 0.012026854399672, 'dropout': 0.4857655376146241, 'n_hidden': 64, 'n_layer': 2, 'lr': 0.005, 'weight_decay': 1e-05}
    [Retest] flickr | Config 3 | Run 1/10 | seed=3000 | Acc: 0.5037 | Mean: 0.5037 | Time: 166.6s
    [Retest] flickr | Config 3 | Run 2/10 | seed=3001 | Acc: 0.5103 | Mean: 0.5070 | Time: 115.8s
    [Retest] flickr | Config 3 | Run 3/10 | seed=3002 | Acc: 0.4828 | Mean: 0.4989 | Time: 123.6s
    [Retest] flickr | Config 3 | Run 4/10 | seed=3003 | Acc: 0.4806 | Mean: 0.4943 | Time: 148.4s
    [Retest] flickr | Config 3 | Run 5/10 | seed=3004 | Acc: 0.4630 | Mean: 0.4881 | Time: 143.8s
    [Retest] flickr | Config 3 | Run 6/10 | seed=3005 | Acc: 0.4826 | Mean: 0.4872 | Time: 104.2s
    [Retest] flickr | Config 3 | Run 7/10 | seed=3006 | Acc: 0.4684 | Mean: 0.4845 | Time: 116.7s
    [Retest] flickr | Config 3 | Run 8/10 | seed=3007 | Acc: 0.4991 | Mean: 0.4863 | Time: 187.4s
    [Retest] flickr | Config 3 | Run 9/10 | seed=3008 | Acc: 0.4707 | Mean: 0.4846 | Time: 142.4s
    [Retest] flickr | Config 3 | Run 10/10 | seed=3009 | Acc: 0.4734 | Mean: 0.4835 | Time: 139.8s
  [Retest] Config 3: mean=0.4835 ± 0.0152

  [Retest] (flickr_pair_0.3) Config 4/5: (Trial #145, Orig Acc: 0.5037)
           Params: {'knn_mode': 's', 'k': 25, 'dexp': 4.984231094364445, 'p_grd': 0.2566387836343028, 'unc_rem': 0.8711013131420333, 'unc_rel': 0.13416595823258076, 'dropout': 0.6396343498973351, 'n_hidden': 64, 'n_layer': 2, 'lr': 0.005, 'weight_decay': 1e-05}
    [Retest] flickr | Config 4 | Run 1/10 | seed=3000 | Acc: 0.5037 | Mean: 0.5037 | Time: 109.9s
    [Retest] flickr | Config 4 | Run 2/10 | seed=3001 | Acc: 0.5130 | Mean: 0.5083 | Time: 76.9s
    [Retest] flickr | Config 4 | Run 3/10 | seed=3002 | Acc: 0.4780 | Mean: 0.4982 | Time: 119.7s
    [Retest] flickr | Config 4 | Run 4/10 | seed=3003 | Acc: 0.4849 | Mean: 0.4949 | Time: 106.5s
    [Retest] flickr | Config 4 | Run 5/10 | seed=3004 | Acc: 0.4658 | Mean: 0.4891 | Time: 97.9s
    [Retest] flickr | Config 4 | Run 6/10 | seed=3005 | Acc: 0.4811 | Mean: 0.4877 | Time: 108.2s
    [Retest] flickr | Config 4 | Run 7/10 | seed=3006 | Acc: 0.4554 | Mean: 0.4831 | Time: 129.5s
    [Retest] flickr | Config 4 | Run 8/10 | seed=3007 | Acc: 0.4936 | Mean: 0.4844 | Time: 148.2s
    [Retest] flickr | Config 4 | Run 9/10 | seed=3008 | Acc: 0.4826 | Mean: 0.4842 | Time: 151.1s
    [Retest] flickr | Config 4 | Run 10/10 | seed=3009 | Acc: 0.4705 | Mean: 0.4829 | Time: 91.6s
  [Retest] Config 4: mean=0.4829 ± 0.0164

  [Retest] (flickr_pair_0.3) Config 5/5: (Trial #69, Orig Acc: 0.5034)
           Params: {'knn_mode': 'p', 'k': 19, 'dexp': 4.598051899400318, 'p_grd': 0.47740382605032, 'unc_rem': 0.4189464212582488, 'unc_rel': 0.9672353491526535, 'dropout': 0.7057367032216268, 'n_hidden': 32, 'n_layer': 2, 'lr': 0.01, 'weight_decay': 0.0001}
    [Retest] flickr | Config 5 | Run 1/10 | seed=3000 | Acc: 0.5034 | Mean: 0.5034 | Time: 386.3s
    [Retest] flickr | Config 5 | Run 2/10 | seed=3001 | Acc: 0.5116 | Mean: 0.5075 | Time: 174.2s
    [Retest] flickr | Config 5 | Run 3/10 | seed=3002 | Acc: 0.4719 | Mean: 0.4956 | Time: 235.6s
    [Retest] flickr | Config 5 | Run 4/10 | seed=3003 | Acc: 0.4943 | Mean: 0.4953 | Time: 254.4s
    [Retest] flickr | Config 5 | Run 5/10 | seed=3004 | Acc: 0.4542 | Mean: 0.4871 | Time: 297.6s
    [Retest] flickr | Config 5 | Run 6/10 | seed=3005 | Acc: 0.4771 | Mean: 0.4854 | Time: 313.5s
    [Retest] flickr | Config 5 | Run 7/10 | seed=3006 | Acc: 0.4696 | Mean: 0.4832 | Time: 350.2s
    [Retest] flickr | Config 5 | Run 8/10 | seed=3007 | Acc: 0.4786 | Mean: 0.4826 | Time: 257.2s
    [Retest] flickr | Config 5 | Run 9/10 | seed=3008 | Acc: 0.4590 | Mean: 0.4800 | Time: 139.6s
    [Retest] flickr | Config 5 | Run 10/10 | seed=3009 | Acc: 0.4752 | Mean: 0.4795 | Time: 252.5s
  [Retest] Config 5: mean=0.4795 ± 0.0175

[Optuna] Success: Best config saved to log/hpo_db.json:
         {'knn_mode': 'd', 'k': 25, 'dexp': 3.002764188337244, 'p_grd': 0.23634330550462215, 'unc_rem': 0.831705741180432, 'unc_rel': 0.01035712088199923, 'dropout': 0.6471130515001119, 'n_hidden': 64, 'n_layer': 2, 'lr': 0.005, 'weight_decay': 1e-05}
[Optuna] Success: Best retest mean accuracy: 0.4875
[Optuna] Success: Done marker: ./log/nni_done\lnpcc_flickr_pair_0.3.done
  [HPO] Done marker saved: ./log/nni_done\lnpcc_flickr_pair_0.3.done
[total_exp] --hpo_only: skipping benchmark runs.
[worker] OK DONE  hpo_flickr_pair_0.3  gpu=0  766.2 min  rc=0
