[worker] START  lnpcc_amazonpho_random_0.2  gpu=0
======================================================================
GCN + LN-PCC -- NoisyGL Benchmark (Unified)
Start          : 2026-04-21 14:28:21
Variants       : ['lnpcc']
Datasets       : ['amazonpho']
Noise          : [[0.2, 'random']]
Runs           : 10  (seeds 3000..3009)
Device         : cuda:0
======================================================================
[HPO] Loaded 160 optimized scenarios from log/hpo_db.json
----Data statistics------'
                Name: amazonpho
                #Nodes 7650
                #Edges 119081
                #Classes 8
                #Ave_degree 31.13
----Split statistics------'
                #Train samples 160 (20 nodes per class)
                #Val samples 500 (specified)
                #Test samples 1000 (specified)

============================================================
  lnpcc | amazonpho | random 0.2
============================================================
  [HPO] Applying optimized params for amazonpho_random_0.2
    [14:28:52] amazonpho | random 0.2 | lnpcc | run  1/10 | seed=3000 | acc=0.9160 | mean=0.9160 | time=26.82s
  [HPO] Applying optimized params for amazonpho_random_0.2
    [14:29:23] amazonpho | random 0.2 | lnpcc | run  2/10 | seed=3001 | acc=0.8950 | mean=0.9055 | time=26.09s
  [HPO] Applying optimized params for amazonpho_random_0.2
    [14:30:13] amazonpho | random 0.2 | lnpcc | run  3/10 | seed=3002 | acc=0.8790 | mean=0.8967 | time=36.90s
  [HPO] Applying optimized params for amazonpho_random_0.2
    [14:30:46] amazonpho | random 0.2 | lnpcc | run  4/10 | seed=3003 | acc=0.8520 | mean=0.8855 | time=28.74s
  [HPO] Applying optimized params for amazonpho_random_0.2
    [14:31:22] amazonpho | random 0.2 | lnpcc | run  5/10 | seed=3004 | acc=0.8770 | mean=0.8838 | time=27.32s
  [HPO] Applying optimized params for amazonpho_random_0.2
    [14:31:58] amazonpho | random 0.2 | lnpcc | run  6/10 | seed=3005 | acc=0.8550 | mean=0.8790 | time=31.46s
  [HPO] Applying optimized params for amazonpho_random_0.2
    [14:32:37] amazonpho | random 0.2 | lnpcc | run  7/10 | seed=3006 | acc=0.9010 | mean=0.8821 | time=34.05s
  [HPO] Applying optimized params for amazonpho_random_0.2
    [14:33:22] amazonpho | random 0.2 | lnpcc | run  8/10 | seed=3007 | acc=0.8760 | mean=0.8814 | time=33.27s
  [HPO] Applying optimized params for amazonpho_random_0.2
    [14:34:00] amazonpho | random 0.2 | lnpcc | run  9/10 | seed=3008 | acc=0.8710 | mean=0.8802 | time=31.16s
  [HPO] Applying optimized params for amazonpho_random_0.2
    [14:34:42] amazonpho | random 0.2 | lnpcc | run 10/10 | seed=3009 | acc=0.8270 | mean=0.8749 | time=36.63s
  -> mean=0.8749 +/- 0.0245

[OK] Partial CSV: ./log\partial\partial_lnpcc_amazonpho_random_0.2.csv
End: 2026-04-21 14:34:42

[worker] OK DONE  lnpcc_amazonpho_random_0.2  gpu=0  6.5 min  rc=0
