[worker] START  lnpcc_roman-empire_pair_0.4  gpu=0
 [Worker-103868] CRITICAL: Unable to allocate 375. MiB for an array with shape (22662, 2169) and data type int64
Traceback (most recent call last):
  File "C:\Users\fbrev\Documents\Acadêmico\Simulações\Python\NoisyGL\predictor\LNPCC_Predictor.py", line 490, in run_pcc_thread
    neib_list_knn, neib_qt_knn = build_knn_graph(feats_std, k_nn=k, n_jobs=n_jobs)
                                 ^^^^^^^^^^^^^^^^^^^^^^^^^^^^^^^^^^^^^^^^^^^^^^^^^
  File "C:\Users\fbrev\Documents\Acadêmico\Simulações\Python\GCN+LNPCC\lnpcc_graph.py", line 228, in build_knn_graph
    neib_list = np.full((n_nodes, max_deg), -1, dtype=np.int64)
                ^^^^^^^^^^^^^^^^^^^^^^^^^^^^^^^^^^^^^^^^^^^^^^^
  File "C:\Users\fbrev\anaconda3\envs\noisygl\Lib\site-packages\numpy\core\numeric.py", line 329, in full
    a = empty(shape, dtype, order)
        ^^^^^^^^^^^^^^^^^^^^^^^^^^
numpy.core._exceptions._ArrayMemoryError: Unable to allocate 375. MiB for an array with shape (22662, 2169) and data type int64

======================================================================
GCN + LN-PCC -- NoisyGL Benchmark (Unified)
Start          : 2026-04-21 14:02:24
Variants       : ['lnpcc']
Datasets       : ['roman-empire']
Noise          : [[0.4, 'pair']]
Runs           : 10  (seeds 3000..3009)
Device         : cuda:0
======================================================================
[HPO] Loaded 160 optimized scenarios from log/hpo_db.json
----Data statistics------'
                Name: roman-empire
                #Nodes 22662
                #Edges 32927
                #Classes 18
                #Ave_degree 2.91
----Split statistics------'
                #Train samples 1133 (5.0 % of nodes)
                #Val samples 3399 (15.0 % of nodes)
                #Test samples 18130 (remaining)

============================================================
  lnpcc | roman-empire | pair 0.4
============================================================
  [HPO] Applying optimized params for roman-empire_pair_0.4
  run  1/10 attempt 1 | seed=3000 | ERROR: Subprocess exception:
Unable to allocate 375. MiB for an array with shape (22662, 2169) and data type int64
Traceback (most recent call last):
  File "C:\Users\fbrev\Documents\Acadêmico\Simulações\Python\NoisyGL\predictor\LNPCC_Predictor.py", line 490, in run_pcc_thread
    neib_list_knn, neib_qt_knn = build_knn_graph(feats_std, k_nn=k, n_jobs=n_jobs)
                                 ^^^^^^^^^^^^^^^^^^^^^^^^^^^^^^^^^^^^^^^^^^^^^^^^^
  File "C:\Users\fbrev\Documents\Acadêmico\Simulações\Python\GCN+LNPCC\lnpcc_graph.py", line 228, in build_knn_graph
    neib_list = np.full((n_nodes, max_deg), -1, dtype=np.int64)
                ^^^^^^^^^^^^^^^^^^^^^^^^^^^^^^^^^^^^^^^^^^^^^^^
  File "C:\Users\fbrev\anaconda3\envs\noisygl\Lib\site-packages\numpy\core\numeric.py", line 329, in full
    a = empty(shape, dtype, order)
        ^^^^^^^^^^^^^^^^^^^^^^^^^^
numpy.core._exceptions._ArrayMemoryError: Unable to allocate 375. MiB for an array with shape (22662, 2169) and data type int64
 — retrying...
  [HPO] Applying optimized params for roman-empire_pair_0.4
    [14:11:28] roman-empire | pair 0.4 | lnpcc | run  1/10 | seed=3001 | acc=0.3076 | mean=0.3076 | time=516.39s
  [HPO] Applying optimized params for roman-empire_pair_0.4
    [14:19:45] roman-empire | pair 0.4 | lnpcc | run  2/10 | seed=3002 | acc=0.3183 | mean=0.3129 | time=495.13s
  [HPO] Applying optimized params for roman-empire_pair_0.4
    [14:28:27] roman-empire | pair 0.4 | lnpcc | run  3/10 | seed=3003 | acc=0.2932 | mean=0.3063 | time=520.41s
  [HPO] Applying optimized params for roman-empire_pair_0.4
    [14:36:38] roman-empire | pair 0.4 | lnpcc | run  4/10 | seed=3004 | acc=0.3308 | mean=0.3125 | time=485.22s
  [HPO] Applying optimized params for roman-empire_pair_0.4
    [14:46:15] roman-empire | pair 0.4 | lnpcc | run  5/10 | seed=3005 | acc=0.3141 | mean=0.3128 | time=575.38s
  [HPO] Applying optimized params for roman-empire_pair_0.4
    [14:55:16] roman-empire | pair 0.4 | lnpcc | run  6/10 | seed=3006 | acc=0.3157 | mean=0.3133 | time=538.21s
  [HPO] Applying optimized params for roman-empire_pair_0.4
    [15:05:48] roman-empire | pair 0.4 | lnpcc | run  7/10 | seed=3007 | acc=0.3083 | mean=0.3126 | time=631.21s
  [HPO] Applying optimized params for roman-empire_pair_0.4
    [15:17:49] roman-empire | pair 0.4 | lnpcc | run  8/10 | seed=3008 | acc=0.3096 | mean=0.3122 | time=720.51s
  [HPO] Applying optimized params for roman-empire_pair_0.4
    [15:27:05] roman-empire | pair 0.4 | lnpcc | run  9/10 | seed=3009 | acc=0.3355 | mean=0.3148 | time=550.94s
  [HPO] Applying optimized params for roman-empire_pair_0.4
    [15:37:17] roman-empire | pair 0.4 | lnpcc | run 10/10 | seed=3010 | acc=0.2966 | mean=0.3130 | time=607.77s
  -> mean=0.3130 +/- 0.0126

[OK] Partial CSV: ./log\partial\partial_lnpcc_roman-empire_pair_0.4.csv
End: 2026-04-21 15:37:17

[worker] OK DONE  lnpcc_roman-empire_pair_0.4  gpu=0  95.1 min  rc=0
