[worker] START  lnpcc_flickr_uniform_0.5  gpu=1
======================================================================
GCN + LN-PCC -- NoisyGL Benchmark (Unified)
Start          : 2026-04-21 14:35:07
Variants       : ['lnpcc']
Datasets       : ['flickr']
Noise          : [[0.5, 'uniform']]
Runs           : 10  (seeds 3000..3009)
Device         : cuda:1
======================================================================
[HPO] Loaded 160 optimized scenarios from log/hpo_db.json
----Data statistics------'
                Name: flickr
                #Nodes 7575
                #Edges 239738
                #Classes 9
                #Ave_degree 63.30
----Split statistics------'
                #Train samples 378 (5.0 % of nodes)
                #Val samples 1136 (15.0 % of nodes)
                #Test samples 6061 (remaining)

============================================================
  lnpcc | flickr | uniform 0.5
============================================================
  [HPO] Applying optimized params for flickr_uniform_0.5
    [14:38:06] flickr | uniform 0.5 | lnpcc | run  1/10 | seed=3000 | acc=0.4524 | mean=0.4524 | time=168.90s
  [HPO] Applying optimized params for flickr_uniform_0.5
    [14:41:05] flickr | uniform 0.5 | lnpcc | run  2/10 | seed=3001 | acc=0.3707 | mean=0.4116 | time=160.55s
 [Worker-102980] CRITICAL: bad allocation
Traceback (most recent call last):
  File "C:\Users\fbrev\Documents\Acadêmico\Simulações\Python\NoisyGL\predictor\LNPCC_Predictor.py", line 490, in run_pcc_thread
    neib_list_knn, neib_qt_knn = build_knn_graph(feats_std, k_nn=k, n_jobs=n_jobs)
                                 ^^^^^^^^^^^^^^^^^^^^^^^^^^^^^^^^^^^^^^^^^^^^^^^^^
  File "C:\Users\fbrev\Documents\Acadêmico\Simulações\Python\GCN+LNPCC\lnpcc_graph.py", line 211, in build_knn_graph
    indices = nbrs.kneighbors(data, return_distance=False)[:, 1:]  # (n_nodes, k_nn)
              ^^^^^^^^^^^^^^^^^^^^^^^^^^^^^^^^^^^^^^^^^^^^
  File "C:\Users\fbrev\anaconda3\envs\noisygl\Lib\site-packages\sklearn\neighbors\_base.py", line 862, in kneighbors
    results = ArgKmin.compute(
              ^^^^^^^^^^^^^^^^
  File "C:\Users\fbrev\anaconda3\envs\noisygl\Lib\site-packages\sklearn\metrics\_pairwise_distances_reduction\_dispatcher.py", line 289, in compute
    return ArgKmin32.compute(
           ^^^^^^^^^^^^^^^^^^
  File "sklearn/metrics/_pairwise_distances_reduction/_argkmin.pyx", line 550, in sklearn.metrics._pairwise_distances_reduction._argkmin.ArgKmin32.compute
  File "sklearn/metrics/_pairwise_distances_reduction/_argkmin.pyx", line 568, in sklearn.metrics._pairwise_distances_reduction._argkmin.ArgKmin32.compute
  File "sklearn/metrics/_pairwise_distances_reduction/_argkmin.pyx", line 839, in sklearn.metrics._pairwise_distances_reduction._argkmin.EuclideanArgKmin32.__init__
  File "sklearn/metrics/_pairwise_distances_reduction/_middle_term_computer.pyx", line 634, in sklearn.metrics._pairwise_distances_reduction._middle_term_computer.MiddleTermComputer32.get_for
  File "sklearn/metrics/_pairwise_distances_reduction/_middle_term_computer.pyx", line 803, in sklearn.metrics._pairwise_distances_reduction._middle_term_computer.DenseDenseMiddleTermComputer32.__init__
MemoryError: bad allocation

  [HPO] Applying optimized params for flickr_uniform_0.5
  run  3/10 attempt 3 | seed=3002 | ERROR: Subprocess exception:
bad allocation
Traceback (most recent call last):
  File "C:\Users\fbrev\Documents\Acadêmico\Simulações\Python\NoisyGL\predictor\LNPCC_Predictor.py", line 490, in run_pcc_thread
    neib_list_knn, neib_qt_knn = build_knn_graph(feats_std, k_nn=k, n_jobs=n_jobs)
                                 ^^^^^^^^^^^^^^^^^^^^^^^^^^^^^^^^^^^^^^^^^^^^^^^^^
  File "C:\Users\fbrev\Documents\Acadêmico\Simulações\Python\GCN+LNPCC\lnpcc_graph.py", line 211, in build_knn_graph
    indices = nbrs.kneighbors(data, return_distance=False)[:, 1:]  # (n_nodes, k_nn)
              ^^^^^^^^^^^^^^^^^^^^^^^^^^^^^^^^^^^^^^^^^^^^
  File "C:\Users\fbrev\anaconda3\envs\noisygl\Lib\site-packages\sklearn\neighbors\_base.py", line 862, in kneighbors
    results = ArgKmin.compute(
              ^^^^^^^^^^^^^^^^
  File "C:\Users\fbrev\anaconda3\envs\noisygl\Lib\site-packages\sklearn\metrics\_pairwise_distances_reduction\_dispatcher.py", line 289, in compute
    return ArgKmin32.compute(
           ^^^^^^^^^^^^^^^^^^
  File "sklearn/metrics/_pairwise_distances_reduction/_argkmin.pyx", line 550, in sklearn.metrics._pairwise_distances_reduction._argkmin.ArgKmin32.compute
  File "sklearn/metrics/_pairwise_distances_reduction/_argkmin.pyx", line 568, in sklearn.metrics._pairwise_distances_reduction._argkmin.ArgKmin32.compute
  File "sklearn/metrics/_pairwise_distances_reduction/_argkmin.pyx", line 839, in sklearn.metrics._pairwise_distances_reduction._argkmin.EuclideanArgKmin32.__init__
  File "sklearn/metrics/_pairwise_distances_reduction/_middle_term_computer.pyx", line 634, in sklearn.metrics._pairwise_distances_reduction._middle_term_computer.MiddleTermComputer32.get_for
  File "sklearn/metrics/_pairwise_distances_reduction/_middle_term_computer.pyx", line 803, in sklearn.metrics._pairwise_distances_reduction._middle_term_computer.DenseDenseMiddleTermComputer32.__init__
MemoryError: bad allocation
 — retrying...
  [HPO] Applying optimized params for flickr_uniform_0.5
    [14:44:23] flickr | uniform 0.5 | lnpcc | run  3/10 | seed=3003 | acc=0.4296 | mean=0.4176 | time=165.54s
  [HPO] Applying optimized params for flickr_uniform_0.5
    [14:46:46] flickr | uniform 0.5 | lnpcc | run  4/10 | seed=3004 | acc=0.4305 | mean=0.4208 | time=137.47s
  [HPO] Applying optimized params for flickr_uniform_0.5
    [14:51:10] flickr | uniform 0.5 | lnpcc | run  5/10 | seed=3005 | acc=0.4544 | mean=0.4275 | time=254.59s
  [HPO] Applying optimized params for flickr_uniform_0.5
    [14:53:54] flickr | uniform 0.5 | lnpcc | run  6/10 | seed=3006 | acc=0.4227 | mean=0.4267 | time=144.62s
  [HPO] Applying optimized params for flickr_uniform_0.5
    [14:58:30] flickr | uniform 0.5 | lnpcc | run  7/10 | seed=3007 | acc=0.4602 | mean=0.4315 | time=270.85s
  [HPO] Applying optimized params for flickr_uniform_0.5
    [15:03:06] flickr | uniform 0.5 | lnpcc | run  8/10 | seed=3008 | acc=0.4209 | mean=0.4302 | time=273.01s
  [HPO] Applying optimized params for flickr_uniform_0.5
    [15:10:33] flickr | uniform 0.5 | lnpcc | run  9/10 | seed=3009 | acc=0.4361 | mean=0.4308 | time=437.45s
  [HPO] Applying optimized params for flickr_uniform_0.5
    [15:13:26] flickr | uniform 0.5 | lnpcc | run 10/10 | seed=3010 | acc=0.4732 | mean=0.4351 | time=167.13s
  -> mean=0.4351 +/- 0.0270

[OK] Partial CSV: ./log\partial\partial_lnpcc_flickr_uniform_0.5.csv
End: 2026-04-21 15:13:26

[worker] OK DONE  lnpcc_flickr_uniform_0.5  gpu=1  38.6 min  rc=0
