[worker] START  lnpcc_cora_uniform_0.3  gpu=1
======================================================================
GCN + LN-PCC -- NoisyGL Benchmark (Unified)
Start          : 2026-04-21 16:08:28
Variants       : ['lnpcc']
Datasets       : ['cora']
Noise          : [[0.3, 'uniform']]
Runs           : 10  (seeds 3000..3009)
Device         : cuda:1
======================================================================
[HPO] Loaded 160 optimized scenarios from log/hpo_db.json
----Data statistics------'
                Name: cora
                #Nodes 2708
                #Edges 5278
                #Classes 7
                #Ave_degree 3.90
----Split statistics------'
                #Train samples 140 (default)
                #Val samples 500 (default)
                #Test samples 1000 (default)

============================================================
  lnpcc | cora | uniform 0.3
============================================================
  [HPO] Applying optimized params for cora_uniform_0.3
    [16:08:58] cora | uniform 0.3 | lnpcc | run  1/10 | seed=3000 | acc=0.7700 | mean=0.7700 | time=24.05s
  [HPO] Applying optimized params for cora_uniform_0.3
    [16:09:23] cora | uniform 0.3 | lnpcc | run  2/10 | seed=3001 | acc=0.6870 | mean=0.7285 | time=20.98s
  [HPO] Applying optimized params for cora_uniform_0.3
    [16:09:44] cora | uniform 0.3 | lnpcc | run  3/10 | seed=3002 | acc=0.7230 | mean=0.7267 | time=17.73s
  [HPO] Applying optimized params for cora_uniform_0.3
    [16:10:09] cora | uniform 0.3 | lnpcc | run  4/10 | seed=3003 | acc=0.7340 | mean=0.7285 | time=18.49s
  [HPO] Applying optimized params for cora_uniform_0.3
    [16:10:31] cora | uniform 0.3 | lnpcc | run  5/10 | seed=3004 | acc=0.7000 | mean=0.7228 | time=17.55s
  [HPO] Applying optimized params for cora_uniform_0.3
    [16:11:06] cora | uniform 0.3 | lnpcc | run  6/10 | seed=3005 | acc=0.7420 | mean=0.7260 | time=29.57s
  [HPO] Applying optimized params for cora_uniform_0.3
    [16:11:25] cora | uniform 0.3 | lnpcc | run  7/10 | seed=3006 | acc=0.7300 | mean=0.7266 | time=15.30s
  [HPO] Applying optimized params for cora_uniform_0.3
    [16:11:43] cora | uniform 0.3 | lnpcc | run  8/10 | seed=3007 | acc=0.6800 | mean=0.7208 | time=14.28s
  [HPO] Applying optimized params for cora_uniform_0.3
    [16:12:00] cora | uniform 0.3 | lnpcc | run  9/10 | seed=3008 | acc=0.6730 | mean=0.7154 | time=13.02s
  [HPO] Applying optimized params for cora_uniform_0.3
    [16:12:15] cora | uniform 0.3 | lnpcc | run 10/10 | seed=3009 | acc=0.7690 | mean=0.7208 | time=12.18s
  -> mean=0.7208 +/- 0.0331

[OK] Partial CSV: ./log\partial\partial_lnpcc_cora_uniform_0.3.csv
End: 2026-04-21 16:12:15

[worker] OK DONE  lnpcc_cora_uniform_0.3  gpu=1  4.0 min  rc=0
