[worker] START  lnpcc_pubmed_random_0.4  gpu=0
======================================================================
GCN + LN-PCC -- NoisyGL Benchmark (Unified)
Start          : 2026-04-21 16:01:48
Variants       : ['lnpcc']
Datasets       : ['pubmed']
Noise          : [[0.4, 'random']]
Runs           : 10  (seeds 3000..3009)
Device         : cuda:0
======================================================================
[HPO] Loaded 160 optimized scenarios from log/hpo_db.json
----Data statistics------'
                Name: pubmed
                #Nodes 19717
                #Edges 44324
                #Classes 3
                #Ave_degree 4.50
----Split statistics------'
                #Train samples 60 (default)
                #Val samples 500 (default)
                #Test samples 1000 (default)

============================================================
  lnpcc | pubmed | random 0.4
============================================================
  [HPO] Applying optimized params for pubmed_random_0.4
    [16:02:26] pubmed | random 0.4 | lnpcc | run  1/10 | seed=3000 | acc=0.6310 | mean=0.6310 | time=34.94s
  [HPO] Applying optimized params for pubmed_random_0.4
    [16:03:00] pubmed | random 0.4 | lnpcc | run  2/10 | seed=3001 | acc=0.4270 | mean=0.5290 | time=28.77s
  [HPO] Applying optimized params for pubmed_random_0.4
    [16:03:44] pubmed | random 0.4 | lnpcc | run  3/10 | seed=3002 | acc=0.5030 | mean=0.5203 | time=34.87s
  [HPO] Applying optimized params for pubmed_random_0.4
    [16:04:13] pubmed | random 0.4 | lnpcc | run  4/10 | seed=3003 | acc=0.5990 | mean=0.5400 | time=24.08s
  [HPO] Applying optimized params for pubmed_random_0.4
    [16:04:45] pubmed | random 0.4 | lnpcc | run  5/10 | seed=3004 | acc=0.6340 | mean=0.5588 | time=25.23s
  [HPO] Applying optimized params for pubmed_random_0.4
    [16:05:19] pubmed | random 0.4 | lnpcc | run  6/10 | seed=3005 | acc=0.6670 | mean=0.5768 | time=27.23s
  [HPO] Applying optimized params for pubmed_random_0.4
    [16:05:49] pubmed | random 0.4 | lnpcc | run  7/10 | seed=3006 | acc=0.6290 | mean=0.5843 | time=25.75s
  [HPO] Applying optimized params for pubmed_random_0.4
    [16:06:32] pubmed | random 0.4 | lnpcc | run  8/10 | seed=3007 | acc=0.5300 | mean=0.5775 | time=37.54s
  [HPO] Applying optimized params for pubmed_random_0.4
    [16:07:02] pubmed | random 0.4 | lnpcc | run  9/10 | seed=3008 | acc=0.6500 | mean=0.5856 | time=24.42s
  [HPO] Applying optimized params for pubmed_random_0.4
    [16:07:42] pubmed | random 0.4 | lnpcc | run 10/10 | seed=3009 | acc=0.6850 | mean=0.5955 | time=30.53s
  -> mean=0.5955 +/- 0.0782

[OK] Partial CSV: ./log\partial\partial_lnpcc_pubmed_random_0.4.csv
End: 2026-04-21 16:07:42

[worker] OK DONE  lnpcc_pubmed_random_0.4  gpu=0  6.2 min  rc=0
