[worker] START  lnpcc_roman-empire_uniform_0.1  gpu=1
======================================================================
GCN + LN-PCC -- NoisyGL Benchmark (Unified)
Start          : 2026-04-21 11:36:33
Variants       : ['lnpcc']
Datasets       : ['roman-empire']
Noise          : [[0.1, 'uniform']]
Runs           : 10  (seeds 3000..3009)
Device         : cuda:1
======================================================================
[HPO] Loaded 160 optimized scenarios from log/hpo_db.json
----Data statistics------'
                Name: roman-empire
                #Nodes 22662
                #Edges 32927
                #Classes 18
                #Ave_degree 2.91
----Split statistics------'
                #Train samples 1133 (5.0 % of nodes)
                #Val samples 3399 (15.0 % of nodes)
                #Test samples 18130 (remaining)

============================================================
  lnpcc | roman-empire | uniform 0.1
============================================================
  [HPO] Applying optimized params for roman-empire_uniform_0.1
    [11:45:18] roman-empire | uniform 0.1 | lnpcc | run  1/10 | seed=3000 | acc=0.4167 | mean=0.4167 | time=524.70s
  [HPO] Applying optimized params for roman-empire_uniform_0.1
    [11:53:09] roman-empire | uniform 0.1 | lnpcc | run  2/10 | seed=3001 | acc=0.3906 | mean=0.4036 | time=469.42s
  [HPO] Applying optimized params for roman-empire_uniform_0.1
    [12:02:10] roman-empire | uniform 0.1 | lnpcc | run  3/10 | seed=3002 | acc=0.4143 | mean=0.4072 | time=540.09s
  [HPO] Applying optimized params for roman-empire_uniform_0.1
    [12:08:51] roman-empire | uniform 0.1 | lnpcc | run  4/10 | seed=3003 | acc=0.3977 | mean=0.4048 | time=400.40s
  [HPO] Applying optimized params for roman-empire_uniform_0.1
    [12:16:46] roman-empire | uniform 0.1 | lnpcc | run  5/10 | seed=3004 | acc=0.4117 | mean=0.4062 | time=472.08s
  [HPO] Applying optimized params for roman-empire_uniform_0.1
    [12:24:21] roman-empire | uniform 0.1 | lnpcc | run  6/10 | seed=3005 | acc=0.4087 | mean=0.4066 | time=454.49s
  [HPO] Applying optimized params for roman-empire_uniform_0.1
    [12:32:08] roman-empire | uniform 0.1 | lnpcc | run  7/10 | seed=3006 | acc=0.4107 | mean=0.4072 | time=466.67s
  [HPO] Applying optimized params for roman-empire_uniform_0.1
    [12:38:52] roman-empire | uniform 0.1 | lnpcc | run  8/10 | seed=3007 | acc=0.4078 | mean=0.4073 | time=403.55s
  [HPO] Applying optimized params for roman-empire_uniform_0.1
    [12:47:42] roman-empire | uniform 0.1 | lnpcc | run  9/10 | seed=3008 | acc=0.4078 | mean=0.4073 | time=529.58s
  [HPO] Applying optimized params for roman-empire_uniform_0.1
    [12:55:30] roman-empire | uniform 0.1 | lnpcc | run 10/10 | seed=3009 | acc=0.4089 | mean=0.4075 | time=467.10s
  -> mean=0.4075 +/- 0.0074

[OK] Partial CSV: ./log\partial\partial_lnpcc_roman-empire_uniform_0.1.csv
End: 2026-04-21 12:55:30
[worker] OK DONE  lnpcc_roman-empire_uniform_0.1  gpu=1  79.0 min  rc=0
