[worker] START  lnpcc_flickr_pair_0.4  gpu=1
======================================================================
GCN + LN-PCC -- NoisyGL Benchmark (Unified)
Start          : 2026-04-21 14:51:34
Variants       : ['lnpcc']
Datasets       : ['flickr']
Noise          : [[0.4, 'pair']]
Runs           : 10  (seeds 3000..3009)
Device         : cuda:1
======================================================================
[HPO] Loaded 160 optimized scenarios from log/hpo_db.json
----Data statistics------'
                Name: flickr
                #Nodes 7575
                #Edges 239738
                #Classes 9
                #Ave_degree 63.30
----Split statistics------'
                #Train samples 378 (5.0 % of nodes)
                #Val samples 1136 (15.0 % of nodes)
                #Test samples 6061 (remaining)

============================================================
  lnpcc | flickr | pair 0.4
============================================================
  [HPO] Applying optimized params for flickr_pair_0.4
    [14:55:06] flickr | pair 0.4 | lnpcc | run  1/10 | seed=3000 | acc=0.4580 | mean=0.4580 | time=169.92s
  [HPO] Applying optimized params for flickr_pair_0.4
    [15:00:27] flickr | pair 0.4 | lnpcc | run  2/10 | seed=3001 | acc=0.4318 | mean=0.4449 | time=313.57s
  [HPO] Applying optimized params for flickr_pair_0.4
    [15:04:02] flickr | pair 0.4 | lnpcc | run  3/10 | seed=3002 | acc=0.3879 | mean=0.4259 | time=210.57s
  [HPO] Applying optimized params for flickr_pair_0.4
    [15:08:50] flickr | pair 0.4 | lnpcc | run  4/10 | seed=3003 | acc=0.4232 | mean=0.4252 | time=285.34s
  [HPO] Applying optimized params for flickr_pair_0.4
    [15:10:06] flickr | pair 0.4 | lnpcc | run  5/10 | seed=3004 | acc=0.3945 | mean=0.4191 | time=71.07s
  [HPO] Applying optimized params for flickr_pair_0.4
    [15:11:33] flickr | pair 0.4 | lnpcc | run  6/10 | seed=3005 | acc=0.3820 | mean=0.4129 | time=86.01s
  [HPO] Applying optimized params for flickr_pair_0.4
    [15:13:01] flickr | pair 0.4 | lnpcc | run  7/10 | seed=3006 | acc=0.3874 | mean=0.4092 | time=84.02s
  [HPO] Applying optimized params for flickr_pair_0.4
    [15:14:23] flickr | pair 0.4 | lnpcc | run  8/10 | seed=3007 | acc=0.3833 | mean=0.4060 | time=81.15s
  [HPO] Applying optimized params for flickr_pair_0.4
    [15:15:51] flickr | pair 0.4 | lnpcc | run  9/10 | seed=3008 | acc=0.3914 | mean=0.4044 | time=72.81s
  [HPO] Applying optimized params for flickr_pair_0.4
    [15:17:25] flickr | pair 0.4 | lnpcc | run 10/10 | seed=3009 | acc=0.3909 | mean=0.4030 | time=80.88s
  -> mean=0.4030 +/- 0.0243

[OK] Partial CSV: ./log\partial\partial_lnpcc_flickr_pair_0.4.csv
End: 2026-04-21 15:17:26

[worker] OK DONE  lnpcc_flickr_pair_0.4  gpu=1  26.4 min  rc=0
