[worker] START  lnpcc_flickr_uniform_0.3  gpu=1
======================================================================
GCN + LN-PCC -- NoisyGL Benchmark (Unified)
Start          : 2026-04-21 14:34:57
Variants       : ['lnpcc']
Datasets       : ['flickr']
Noise          : [[0.3, 'uniform']]
Runs           : 10  (seeds 3000..3009)
Device         : cuda:1
======================================================================
[HPO] Loaded 160 optimized scenarios from log/hpo_db.json
----Data statistics------'
                Name: flickr
                #Nodes 7575
                #Edges 239738
                #Classes 9
                #Ave_degree 63.30
----Split statistics------'
                #Train samples 378 (5.0 % of nodes)
                #Val samples 1136 (15.0 % of nodes)
                #Test samples 6061 (remaining)

============================================================
  lnpcc | flickr | uniform 0.3
============================================================
  [HPO] Applying optimized params for flickr_uniform_0.3
    [14:37:24] flickr | uniform 0.3 | lnpcc | run  1/10 | seed=3000 | acc=0.5370 | mean=0.5370 | time=135.03s
  [HPO] Applying optimized params for flickr_uniform_0.3
    [14:40:30] flickr | uniform 0.3 | lnpcc | run  2/10 | seed=3001 | acc=0.4854 | mean=0.5112 | time=180.73s
  [HPO] Applying optimized params for flickr_uniform_0.3
    [14:42:58] flickr | uniform 0.3 | lnpcc | run  3/10 | seed=3002 | acc=0.5257 | mean=0.5160 | time=141.02s
  [HPO] Applying optimized params for flickr_uniform_0.3
    [14:45:49] flickr | uniform 0.3 | lnpcc | run  4/10 | seed=3003 | acc=0.5153 | mean=0.5158 | time=159.42s
  [HPO] Applying optimized params for flickr_uniform_0.3
    [14:48:19] flickr | uniform 0.3 | lnpcc | run  5/10 | seed=3004 | acc=0.5098 | mean=0.5146 | time=140.15s
  [HPO] Applying optimized params for flickr_uniform_0.3
    [14:51:39] flickr | uniform 0.3 | lnpcc | run  6/10 | seed=3005 | acc=0.4780 | mean=0.5085 | time=196.73s
  [HPO] Applying optimized params for flickr_uniform_0.3
    [14:55:17] flickr | uniform 0.3 | lnpcc | run  7/10 | seed=3006 | acc=0.5417 | mean=0.5133 | time=210.96s
  [HPO] Applying optimized params for flickr_uniform_0.3
    [15:01:19] flickr | uniform 0.3 | lnpcc | run  8/10 | seed=3007 | acc=0.5215 | mean=0.5143 | time=356.25s
  [HPO] Applying optimized params for flickr_uniform_0.3
    [15:09:15] flickr | uniform 0.3 | lnpcc | run  9/10 | seed=3008 | acc=0.5227 | mean=0.5152 | time=472.58s
  [HPO] Applying optimized params for flickr_uniform_0.3
    [15:11:43] flickr | uniform 0.3 | lnpcc | run 10/10 | seed=3009 | acc=0.5344 | mean=0.5171 | time=143.77s
  -> mean=0.5171 +/- 0.0200

[OK] Partial CSV: ./log\partial\partial_lnpcc_flickr_uniform_0.3.csv
End: 2026-04-21 15:11:43

[worker] OK DONE  lnpcc_flickr_uniform_0.3  gpu=1  37.0 min  rc=0
