[worker] START  lnpcc_pubmed_random_0.5  gpu=1
======================================================================
GCN + LN-PCC -- NoisyGL Benchmark (Unified)
Start          : 2026-04-21 16:02:01
Variants       : ['lnpcc']
Datasets       : ['pubmed']
Noise          : [[0.5, 'random']]
Runs           : 10  (seeds 3000..3009)
Device         : cuda:1
======================================================================
[HPO] Loaded 160 optimized scenarios from log/hpo_db.json
----Data statistics------'
                Name: pubmed
                #Nodes 19717
                #Edges 44324
                #Classes 3
                #Ave_degree 4.50
----Split statistics------'
                #Train samples 60 (default)
                #Val samples 500 (default)
                #Test samples 1000 (default)

============================================================
  lnpcc | pubmed | random 0.5
============================================================
  [HPO] Applying optimized params for pubmed_random_0.5
    [16:02:41] pubmed | random 0.5 | lnpcc | run  1/10 | seed=3000 | acc=0.5450 | mean=0.5450 | time=37.38s
  [HPO] Applying optimized params for pubmed_random_0.5
    [16:03:23] pubmed | random 0.5 | lnpcc | run  2/10 | seed=3001 | acc=0.4050 | mean=0.4750 | time=37.57s
  [HPO] Applying optimized params for pubmed_random_0.5
    [16:03:59] pubmed | random 0.5 | lnpcc | run  3/10 | seed=3002 | acc=0.3700 | mean=0.4400 | time=33.39s
  [HPO] Applying optimized params for pubmed_random_0.5
    [16:04:32] pubmed | random 0.5 | lnpcc | run  4/10 | seed=3003 | acc=0.4120 | mean=0.4330 | time=28.89s
  [HPO] Applying optimized params for pubmed_random_0.5
    [16:05:05] pubmed | random 0.5 | lnpcc | run  5/10 | seed=3004 | acc=0.5220 | mean=0.4508 | time=30.59s
  [HPO] Applying optimized params for pubmed_random_0.5
    [16:05:40] pubmed | random 0.5 | lnpcc | run  6/10 | seed=3005 | acc=0.5130 | mean=0.4612 | time=31.35s
  [HPO] Applying optimized params for pubmed_random_0.5
    [16:06:15] pubmed | random 0.5 | lnpcc | run  7/10 | seed=3006 | acc=0.5250 | mean=0.4703 | time=31.82s
  [HPO] Applying optimized params for pubmed_random_0.5
    [16:06:52] pubmed | random 0.5 | lnpcc | run  8/10 | seed=3007 | acc=0.4060 | mean=0.4623 | time=33.14s
  [HPO] Applying optimized params for pubmed_random_0.5
    [16:07:31] pubmed | random 0.5 | lnpcc | run  9/10 | seed=3008 | acc=0.6270 | mean=0.4806 | time=34.96s
  [HPO] Applying optimized params for pubmed_random_0.5
    [16:08:12] pubmed | random 0.5 | lnpcc | run 10/10 | seed=3009 | acc=0.4370 | mean=0.4762 | time=36.96s
  -> mean=0.4762 +/- 0.0776

[OK] Partial CSV: ./log\partial\partial_lnpcc_pubmed_random_0.5.csv
End: 2026-04-21 16:08:12

[worker] OK DONE  lnpcc_pubmed_random_0.5  gpu=1  6.4 min  rc=0
