[worker] START  lnpcc_cora_uniform_0.2  gpu=0
======================================================================
GCN + LN-PCC -- NoisyGL Benchmark (Unified)
Start          : 2026-04-21 16:08:25
Variants       : ['lnpcc']
Datasets       : ['cora']
Noise          : [[0.2, 'uniform']]
Runs           : 10  (seeds 3000..3009)
Device         : cuda:0
======================================================================
[HPO] Loaded 160 optimized scenarios from log/hpo_db.json
----Data statistics------'
                Name: cora
                #Nodes 2708
                #Edges 5278
                #Classes 7
                #Ave_degree 3.90
----Split statistics------'
                #Train samples 140 (default)
                #Val samples 500 (default)
                #Test samples 1000 (default)

============================================================
  lnpcc | cora | uniform 0.2
============================================================
  [HPO] Applying optimized params for cora_uniform_0.2
    [16:08:53] cora | uniform 0.2 | lnpcc | run  1/10 | seed=3000 | acc=0.8060 | mean=0.8060 | time=25.04s
  [HPO] Applying optimized params for cora_uniform_0.2
    [16:09:21] cora | uniform 0.2 | lnpcc | run  2/10 | seed=3001 | acc=0.7780 | mean=0.7920 | time=23.14s
  [HPO] Applying optimized params for cora_uniform_0.2
    [16:09:47] cora | uniform 0.2 | lnpcc | run  3/10 | seed=3002 | acc=0.7800 | mean=0.7880 | time=21.73s
  [HPO] Applying optimized params for cora_uniform_0.2
    [16:10:16] cora | uniform 0.2 | lnpcc | run  4/10 | seed=3003 | acc=0.7780 | mean=0.7855 | time=24.55s
  [HPO] Applying optimized params for cora_uniform_0.2
    [16:10:42] cora | uniform 0.2 | lnpcc | run  5/10 | seed=3004 | acc=0.7910 | mean=0.7866 | time=21.10s
  [HPO] Applying optimized params for cora_uniform_0.2
    [16:11:07] cora | uniform 0.2 | lnpcc | run  6/10 | seed=3005 | acc=0.7680 | mean=0.7835 | time=20.01s
  [HPO] Applying optimized params for cora_uniform_0.2
    [16:11:29] cora | uniform 0.2 | lnpcc | run  7/10 | seed=3006 | acc=0.7940 | mean=0.7850 | time=18.10s
  [HPO] Applying optimized params for cora_uniform_0.2
    [16:11:58] cora | uniform 0.2 | lnpcc | run  8/10 | seed=3007 | acc=0.7540 | mean=0.7811 | time=24.51s
  [HPO] Applying optimized params for cora_uniform_0.2
    [16:12:22] cora | uniform 0.2 | lnpcc | run  9/10 | seed=3008 | acc=0.7960 | mean=0.7828 | time=20.21s
  [HPO] Applying optimized params for cora_uniform_0.2
    [16:12:53] cora | uniform 0.2 | lnpcc | run 10/10 | seed=3009 | acc=0.8090 | mean=0.7854 | time=27.64s
  -> mean=0.7854 +/- 0.0162

[OK] Partial CSV: ./log\partial\partial_lnpcc_cora_uniform_0.2.csv
End: 2026-04-21 16:12:53

[worker] OK DONE  lnpcc_cora_uniform_0.2  gpu=0  4.7 min  rc=0
