[worker] START  lnpcc_cora_random_0.1  gpu=1
======================================================================
GCN + LN-PCC -- NoisyGL Benchmark (Unified)
Start          : 2026-04-21 16:11:49
Variants       : ['lnpcc']
Datasets       : ['cora']
Noise          : [[0.1, 'random']]
Runs           : 10  (seeds 3000..3009)
Device         : cuda:1
======================================================================
[HPO] Loaded 160 optimized scenarios from log/hpo_db.json
----Data statistics------'
                Name: cora
                #Nodes 2708
                #Edges 5278
                #Classes 7
                #Ave_degree 3.90
----Split statistics------'
                #Train samples 140 (default)
                #Val samples 500 (default)
                #Test samples 1000 (default)

============================================================
  lnpcc | cora | random 0.1
============================================================
  [HPO] Applying optimized params for cora_random_0.1
    [16:12:10] cora | random 0.1 | lnpcc | run  1/10 | seed=3000 | acc=0.8130 | mean=0.8130 | time=18.85s
  [HPO] Applying optimized params for cora_random_0.1
    [16:12:28] cora | random 0.1 | lnpcc | run  2/10 | seed=3001 | acc=0.7700 | mean=0.7915 | time=15.53s
  [HPO] Applying optimized params for cora_random_0.1
    [16:12:51] cora | random 0.1 | lnpcc | run  3/10 | seed=3002 | acc=0.7840 | mean=0.7890 | time=22.36s
  [HPO] Applying optimized params for cora_random_0.1
    [16:13:04] cora | random 0.1 | lnpcc | run  4/10 | seed=3003 | acc=0.7890 | mean=0.7890 | time=11.45s
  [HPO] Applying optimized params for cora_random_0.1
    [16:13:24] cora | random 0.1 | lnpcc | run  5/10 | seed=3004 | acc=0.7870 | mean=0.7886 | time=17.85s
  [HPO] Applying optimized params for cora_random_0.1
    [16:13:40] cora | random 0.1 | lnpcc | run  6/10 | seed=3005 | acc=0.8110 | mean=0.7923 | time=15.06s
  [HPO] Applying optimized params for cora_random_0.1
    [16:14:02] cora | random 0.1 | lnpcc | run  7/10 | seed=3006 | acc=0.7900 | mean=0.7920 | time=21.66s
  [HPO] Applying optimized params for cora_random_0.1
    [16:14:14] cora | random 0.1 | lnpcc | run  8/10 | seed=3007 | acc=0.7730 | mean=0.7896 | time=11.40s
  [HPO] Applying optimized params for cora_random_0.1
    [16:14:25] cora | random 0.1 | lnpcc | run  9/10 | seed=3008 | acc=0.7980 | mean=0.7906 | time=8.88s
  [HPO] Applying optimized params for cora_random_0.1
    [16:14:35] cora | random 0.1 | lnpcc | run 10/10 | seed=3009 | acc=0.7890 | mean=0.7904 | time=8.34s
  -> mean=0.7904 +/- 0.0133

[OK] Partial CSV: ./log\partial\partial_lnpcc_cora_random_0.1.csv
End: 2026-04-21 16:14:35

[worker] OK DONE  lnpcc_cora_random_0.1  gpu=1  2.9 min  rc=0
