[worker] START  lnpcc_roman-empire_clean  gpu=0
 [Worker-101832] CRITICAL: Unable to allocate 51.8 MiB for an array with shape (22662, 2397) and data type bool
Traceback (most recent call last):
  File "C:\Users\fbrev\Documents\Acadêmico\Simulações\Python\NoisyGL\predictor\LNPCC_Predictor.py", line 492, in run_pcc_thread
    neib_list, neib_qt = build_augmented_graph(
                         ^^^^^^^^^^^^^^^^^^^^^^
  File "C:\Users\fbrev\Documents\Acadêmico\Simulações\Python\GCN+LNPCC\lnpcc_graph.py", line 339, in build_augmented_graph
    & (neib_list_knn >= 0)
       ^^^^^^^^^^^^^^^^^^
numpy.core._exceptions._ArrayMemoryError: Unable to allocate 51.8 MiB for an array with shape (22662, 2397) and data type bool

======================================================================
GCN + LN-PCC -- NoisyGL Benchmark (Unified)
Start          : 2026-04-21 14:02:24
Variants       : ['lnpcc']
Datasets       : ['roman-empire']
Noise          : [[0.0, 'clean']]
Runs           : 10  (seeds 3000..3009)
Device         : cuda:0
======================================================================
[HPO] Loaded 160 optimized scenarios from log/hpo_db.json
----Data statistics------'
                Name: roman-empire
                #Nodes 22662
                #Edges 32927
                #Classes 18
                #Ave_degree 2.91
----Split statistics------'
                #Train samples 1133 (5.0 % of nodes)
                #Val samples 3399 (15.0 % of nodes)
                #Test samples 18130 (remaining)

============================================================
  lnpcc | roman-empire | clean 0.0
============================================================
  [HPO] Applying optimized params for roman-empire_clean_0.0
  run  1/10 attempt 1 | seed=3000 | ERROR: Subprocess exception:
Unable to allocate 51.8 MiB for an array with shape (22662, 2397) and data type bool
Traceback (most recent call last):
  File "C:\Users\fbrev\Documents\Acadêmico\Simulações\Python\NoisyGL\predictor\LNPCC_Predictor.py", line 492, in run_pcc_thread
    neib_list, neib_qt = build_augmented_graph(
                         ^^^^^^^^^^^^^^^^^^^^^^
  File "C:\Users\fbrev\Documents\Acadêmico\Simulações\Python\GCN+LNPCC\lnpcc_graph.py", line 339, in build_augmented_graph
    & (neib_list_knn >= 0)
       ^^^^^^^^^^^^^^^^^^
numpy.core._exceptions._ArrayMemoryError: Unable to allocate 51.8 MiB for an array with shape (22662, 2397) and data type bool
 — retrying...
  [HPO] Applying optimized params for roman-empire_clean_0.0
    [14:11:07] roman-empire | clean 0.0 | lnpcc | run  1/10 | seed=3001 | acc=0.4283 | mean=0.4283 | time=495.19s
  [HPO] Applying optimized params for roman-empire_clean_0.0
    [14:20:46] roman-empire | clean 0.0 | lnpcc | run  2/10 | seed=3002 | acc=0.4248 | mean=0.4265 | time=576.66s
  [HPO] Applying optimized params for roman-empire_clean_0.0
    [14:29:47] roman-empire | clean 0.0 | lnpcc | run  3/10 | seed=3003 | acc=0.4233 | mean=0.4255 | time=539.22s
  [HPO] Applying optimized params for roman-empire_clean_0.0
    [14:40:24] roman-empire | clean 0.0 | lnpcc | run  4/10 | seed=3004 | acc=0.4278 | mean=0.4260 | time=634.63s
  [HPO] Applying optimized params for roman-empire_clean_0.0
    [14:51:38] roman-empire | clean 0.0 | lnpcc | run  5/10 | seed=3005 | acc=0.4294 | mean=0.4267 | time=672.81s
  [HPO] Applying optimized params for roman-empire_clean_0.0
    [15:01:19] roman-empire | clean 0.0 | lnpcc | run  6/10 | seed=3006 | acc=0.4260 | mean=0.4266 | time=575.53s
  [HPO] Applying optimized params for roman-empire_clean_0.0
    [15:16:54] roman-empire | clean 0.0 | lnpcc | run  7/10 | seed=3007 | acc=0.4287 | mean=0.4269 | time=933.78s
  [HPO] Applying optimized params for roman-empire_clean_0.0
    [15:27:11] roman-empire | clean 0.0 | lnpcc | run  8/10 | seed=3008 | acc=0.4215 | mean=0.4262 | time=613.33s
  [HPO] Applying optimized params for roman-empire_clean_0.0
    [15:37:21] roman-empire | clean 0.0 | lnpcc | run  9/10 | seed=3009 | acc=0.4266 | mean=0.4263 | time=608.44s
  [HPO] Applying optimized params for roman-empire_clean_0.0
    [15:46:58] roman-empire | clean 0.0 | lnpcc | run 10/10 | seed=3010 | acc=0.4262 | mean=0.4263 | time=574.73s
  -> mean=0.4263 +/- 0.0024

[OK] Partial CSV: ./log\partial\partial_lnpcc_roman-empire_clean.csv
End: 2026-04-21 15:46:58

[worker] OK DONE  lnpcc_roman-empire_clean  gpu=0  104.7 min  rc=0
