[worker] START  lnpcc_dblp_random_0.2  gpu=0
======================================================================
GCN + LN-PCC -- NoisyGL Benchmark (Unified)
Start          : 2026-04-21 15:51:08
Variants       : ['lnpcc']
Datasets       : ['dblp']
Noise          : [[0.2, 'random']]
Runs           : 10  (seeds 3000..3009)
Device         : cuda:0
======================================================================
[HPO] Loaded 160 optimized scenarios from log/hpo_db.json
----Data statistics------'
                Name: dblp
                #Nodes 17716
                #Edges 52867
                #Classes 4
                #Ave_degree 5.97
----Split statistics------'
                #Train samples 177 (1.0 % of nodes)
                #Val samples 2657 (15.0 % of nodes)
                #Test samples 14882 (remaining)

============================================================
  lnpcc | dblp | random 0.2
============================================================
  [HPO] Applying optimized params for dblp_random_0.2
    [15:52:05] dblp | random 0.2 | lnpcc | run  1/10 | seed=3000 | acc=0.7766 | mean=0.7766 | time=49.59s
  [HPO] Applying optimized params for dblp_random_0.2
    [15:52:49] dblp | random 0.2 | lnpcc | run  2/10 | seed=3001 | acc=0.7428 | mean=0.7597 | time=39.67s
  [HPO] Applying optimized params for dblp_random_0.2
    [15:53:35] dblp | random 0.2 | lnpcc | run  3/10 | seed=3002 | acc=0.7436 | mean=0.7544 | time=35.18s
  [HPO] Applying optimized params for dblp_random_0.2
    [15:54:25] dblp | random 0.2 | lnpcc | run  4/10 | seed=3003 | acc=0.7353 | mean=0.7496 | time=34.09s
  [HPO] Applying optimized params for dblp_random_0.2
    [15:55:21] dblp | random 0.2 | lnpcc | run  5/10 | seed=3004 | acc=0.7175 | mean=0.7432 | time=48.07s
  [HPO] Applying optimized params for dblp_random_0.2
    [15:55:55] dblp | random 0.2 | lnpcc | run  6/10 | seed=3005 | acc=0.7514 | mean=0.7445 | time=28.38s
  [HPO] Applying optimized params for dblp_random_0.2
    [15:56:33] dblp | random 0.2 | lnpcc | run  7/10 | seed=3006 | acc=0.7547 | mean=0.7460 | time=28.26s
  [HPO] Applying optimized params for dblp_random_0.2
    [15:57:12] dblp | random 0.2 | lnpcc | run  8/10 | seed=3007 | acc=0.7260 | mean=0.7435 | time=32.06s
  [HPO] Applying optimized params for dblp_random_0.2
    [15:58:04] dblp | random 0.2 | lnpcc | run  9/10 | seed=3008 | acc=0.7688 | mean=0.7463 | time=36.85s
  [HPO] Applying optimized params for dblp_random_0.2
    [15:58:41] dblp | random 0.2 | lnpcc | run 10/10 | seed=3009 | acc=0.7655 | mean=0.7482 | time=26.80s
  -> mean=0.7482 +/- 0.0180

[OK] Partial CSV: ./log\partial\partial_lnpcc_dblp_random_0.2.csv
End: 2026-04-21 15:58:41

[worker] OK DONE  lnpcc_dblp_random_0.2  gpu=0  7.9 min  rc=0
