[worker] START  lnpcc_dblp_uniform_0.1  gpu=1
======================================================================
GCN + LN-PCC -- NoisyGL Benchmark (Unified)
Start          : 2026-04-21 15:42:52
Variants       : ['lnpcc']
Datasets       : ['dblp']
Noise          : [[0.1, 'uniform']]
Runs           : 10  (seeds 3000..3009)
Device         : cuda:1
======================================================================
[HPO] Loaded 160 optimized scenarios from log/hpo_db.json
----Data statistics------'
                Name: dblp
                #Nodes 17716
                #Edges 52867
                #Classes 4
                #Ave_degree 5.97
----Split statistics------'
                #Train samples 177 (1.0 % of nodes)
                #Val samples 2657 (15.0 % of nodes)
                #Test samples 14882 (remaining)

============================================================
  lnpcc | dblp | uniform 0.1
============================================================
  [HPO] Applying optimized params for dblp_uniform_0.1
    [15:43:37] dblp | uniform 0.1 | lnpcc | run  1/10 | seed=3000 | acc=0.7830 | mean=0.7830 | time=38.43s
  [HPO] Applying optimized params for dblp_uniform_0.1
    [15:44:14] dblp | uniform 0.1 | lnpcc | run  2/10 | seed=3001 | acc=0.7526 | mean=0.7678 | time=30.33s
  [HPO] Applying optimized params for dblp_uniform_0.1
    [15:45:05] dblp | uniform 0.1 | lnpcc | run  3/10 | seed=3002 | acc=0.7660 | mean=0.7672 | time=43.01s
  [HPO] Applying optimized params for dblp_uniform_0.1
    [15:46:02] dblp | uniform 0.1 | lnpcc | run  4/10 | seed=3003 | acc=0.7759 | mean=0.7694 | time=33.56s
  [HPO] Applying optimized params for dblp_uniform_0.1
    [15:46:34] dblp | uniform 0.1 | lnpcc | run  5/10 | seed=3004 | acc=0.7570 | mean=0.7669 | time=27.19s
  [HPO] Applying optimized params for dblp_uniform_0.1
    [15:47:13] dblp | uniform 0.1 | lnpcc | run  6/10 | seed=3005 | acc=0.7699 | mean=0.7674 | time=26.39s
  [HPO] Applying optimized params for dblp_uniform_0.1
    [15:48:07] dblp | uniform 0.1 | lnpcc | run  7/10 | seed=3006 | acc=0.7375 | mean=0.7631 | time=34.53s
  [HPO] Applying optimized params for dblp_uniform_0.1
    [15:49:01] dblp | uniform 0.1 | lnpcc | run  8/10 | seed=3007 | acc=0.7477 | mean=0.7612 | time=44.05s
  [HPO] Applying optimized params for dblp_uniform_0.1
    [15:49:48] dblp | uniform 0.1 | lnpcc | run  9/10 | seed=3008 | acc=0.7634 | mean=0.7614 | time=38.09s
  [HPO] Applying optimized params for dblp_uniform_0.1
    [15:50:47] dblp | uniform 0.1 | lnpcc | run 10/10 | seed=3009 | acc=0.7721 | mean=0.7625 | time=46.01s
  -> mean=0.7625 +/- 0.0132

[OK] Partial CSV: ./log\partial\partial_lnpcc_dblp_uniform_0.1.csv
End: 2026-04-21 15:50:47

[worker] OK DONE  lnpcc_dblp_uniform_0.1  gpu=1  8.1 min  rc=0
