[worker] START  lnpcc_cora_clean  gpu=0
======================================================================
GCN + LN-PCC -- NoisyGL Benchmark (Unified)
Start          : 2026-04-21 16:08:20
Variants       : ['lnpcc']
Datasets       : ['cora']
Noise          : [[0.0, 'clean']]
Runs           : 10  (seeds 3000..3009)
Device         : cuda:0
======================================================================
[HPO] Loaded 160 optimized scenarios from log/hpo_db.json
----Data statistics------'
                Name: cora
                #Nodes 2708
                #Edges 5278
                #Classes 7
                #Ave_degree 3.90
----Split statistics------'
                #Train samples 140 (default)
                #Val samples 500 (default)
                #Test samples 1000 (default)

============================================================
  lnpcc | cora | clean 0.0
============================================================
  [HPO] Applying optimized params for cora_clean_0.0
    [16:08:42] cora | clean 0.0 | lnpcc | run  1/10 | seed=3000 | acc=0.8310 | mean=0.8310 | time=19.65s
  [HPO] Applying optimized params for cora_clean_0.0
    [16:09:00] cora | clean 0.0 | lnpcc | run  2/10 | seed=3001 | acc=0.8220 | mean=0.8265 | time=15.34s
  [HPO] Applying optimized params for cora_clean_0.0
    [16:09:23] cora | clean 0.0 | lnpcc | run  3/10 | seed=3002 | acc=0.8210 | mean=0.8247 | time=22.70s
  [HPO] Applying optimized params for cora_clean_0.0
    [16:09:43] cora | clean 0.0 | lnpcc | run  4/10 | seed=3003 | acc=0.8160 | mean=0.8225 | time=18.96s
  [HPO] Applying optimized params for cora_clean_0.0
    [16:10:00] cora | clean 0.0 | lnpcc | run  5/10 | seed=3004 | acc=0.8170 | mean=0.8214 | time=14.69s
  [HPO] Applying optimized params for cora_clean_0.0
    [16:10:19] cora | clean 0.0 | lnpcc | run  6/10 | seed=3005 | acc=0.8240 | mean=0.8218 | time=17.22s
  [HPO] Applying optimized params for cora_clean_0.0
    [16:10:44] cora | clean 0.0 | lnpcc | run  7/10 | seed=3006 | acc=0.8140 | mean=0.8207 | time=21.83s
  [HPO] Applying optimized params for cora_clean_0.0
    [16:10:59] cora | clean 0.0 | lnpcc | run  8/10 | seed=3007 | acc=0.8250 | mean=0.8213 | time=13.10s
  [HPO] Applying optimized params for cora_clean_0.0
    [16:11:17] cora | clean 0.0 | lnpcc | run  9/10 | seed=3008 | acc=0.8180 | mean=0.8209 | time=16.82s
  [HPO] Applying optimized params for cora_clean_0.0
    [16:11:41] cora | clean 0.0 | lnpcc | run 10/10 | seed=3009 | acc=0.8150 | mean=0.8203 | time=22.60s
  -> mean=0.8203 +/- 0.0051

[OK] Partial CSV: ./log\partial\partial_lnpcc_cora_clean.csv
End: 2026-04-21 16:11:41

[worker] OK DONE  lnpcc_cora_clean  gpu=0  3.6 min  rc=0
