[worker] START  lnpcc_dblp_random_0.3  gpu=1
======================================================================
GCN + LN-PCC -- NoisyGL Benchmark (Unified)
Start          : 2026-04-21 15:52:20
Variants       : ['lnpcc']
Datasets       : ['dblp']
Noise          : [[0.3, 'random']]
Runs           : 10  (seeds 3000..3009)
Device         : cuda:1
======================================================================
[HPO] Loaded 160 optimized scenarios from log/hpo_db.json
----Data statistics------'
                Name: dblp
                #Nodes 17716
                #Edges 52867
                #Classes 4
                #Ave_degree 5.97
----Split statistics------'
                #Train samples 177 (1.0 % of nodes)
                #Val samples 2657 (15.0 % of nodes)
                #Test samples 14882 (remaining)

============================================================
  lnpcc | dblp | random 0.3
============================================================
  [HPO] Applying optimized params for dblp_random_0.3
    [15:53:08] dblp | random 0.3 | lnpcc | run  1/10 | seed=3000 | acc=0.6982 | mean=0.6982 | time=31.47s
  [HPO] Applying optimized params for dblp_random_0.3
    [15:53:57] dblp | random 0.3 | lnpcc | run  2/10 | seed=3001 | acc=0.6980 | mean=0.6981 | time=44.19s
  [HPO] Applying optimized params for dblp_random_0.3
    [15:55:02] dblp | random 0.3 | lnpcc | run  3/10 | seed=3002 | acc=0.7127 | mean=0.7030 | time=55.04s
  [HPO] Applying optimized params for dblp_random_0.3
    [15:56:02] dblp | random 0.3 | lnpcc | run  4/10 | seed=3003 | acc=0.6738 | mean=0.6957 | time=55.99s
  [HPO] Applying optimized params for dblp_random_0.3
    [15:57:00] dblp | random 0.3 | lnpcc | run  5/10 | seed=3004 | acc=0.6374 | mean=0.6840 | time=55.16s
  [HPO] Applying optimized params for dblp_random_0.3
    [15:58:03] dblp | random 0.3 | lnpcc | run  6/10 | seed=3005 | acc=0.7224 | mean=0.6904 | time=51.87s
  [HPO] Applying optimized params for dblp_random_0.3
    [15:58:56] dblp | random 0.3 | lnpcc | run  7/10 | seed=3006 | acc=0.7093 | mean=0.6931 | time=49.34s
  [HPO] Applying optimized params for dblp_random_0.3
    [15:59:45] dblp | random 0.3 | lnpcc | run  8/10 | seed=3007 | acc=0.7141 | mean=0.6957 | time=45.14s
  [HPO] Applying optimized params for dblp_random_0.3
    [16:00:37] dblp | random 0.3 | lnpcc | run  9/10 | seed=3008 | acc=0.6963 | mean=0.6958 | time=47.56s
  [HPO] Applying optimized params for dblp_random_0.3
    [16:01:23] dblp | random 0.3 | lnpcc | run 10/10 | seed=3009 | acc=0.7270 | mean=0.6989 | time=41.66s
  -> mean=0.6989 +/- 0.0251

[OK] Partial CSV: ./log\partial\partial_lnpcc_dblp_random_0.3.csv
End: 2026-04-21 16:01:23

[worker] OK DONE  lnpcc_dblp_random_0.3  gpu=1  9.3 min  rc=0
