[worker] START  lnpcc_dblp_pair_0.1  gpu=0
======================================================================
GCN + LN-PCC -- NoisyGL Benchmark (Unified)
Start          : 2026-04-21 15:45:12
Variants       : ['lnpcc']
Datasets       : ['dblp']
Noise          : [[0.1, 'pair']]
Runs           : 10  (seeds 3000..3009)
Device         : cuda:0
======================================================================
[HPO] Loaded 160 optimized scenarios from log/hpo_db.json
----Data statistics------'
                Name: dblp
                #Nodes 17716
                #Edges 52867
                #Classes 4
                #Ave_degree 5.97
----Split statistics------'
                #Train samples 177 (1.0 % of nodes)
                #Val samples 2657 (15.0 % of nodes)
                #Test samples 14882 (remaining)

============================================================
  lnpcc | dblp | pair 0.1
============================================================
  [HPO] Applying optimized params for dblp_pair_0.1
    [15:46:02] dblp | pair 0.1 | lnpcc | run  1/10 | seed=3000 | acc=0.7782 | mean=0.7782 | time=35.85s
  [HPO] Applying optimized params for dblp_pair_0.1
    [15:46:51] dblp | pair 0.1 | lnpcc | run  2/10 | seed=3001 | acc=0.7684 | mean=0.7733 | time=32.70s
  [HPO] Applying optimized params for dblp_pair_0.1
    [15:47:43] dblp | pair 0.1 | lnpcc | run  3/10 | seed=3002 | acc=0.7440 | mean=0.7635 | time=39.08s
  [HPO] Applying optimized params for dblp_pair_0.1
    [15:48:34] dblp | pair 0.1 | lnpcc | run  4/10 | seed=3003 | acc=0.7424 | mean=0.7582 | time=35.23s
  [HPO] Applying optimized params for dblp_pair_0.1
    [15:49:31] dblp | pair 0.1 | lnpcc | run  5/10 | seed=3004 | acc=0.7807 | mean=0.7627 | time=40.47s
  [HPO] Applying optimized params for dblp_pair_0.1
    [15:50:32] dblp | pair 0.1 | lnpcc | run  6/10 | seed=3005 | acc=0.7665 | mean=0.7634 | time=52.37s
  [HPO] Applying optimized params for dblp_pair_0.1
    [15:51:28] dblp | pair 0.1 | lnpcc | run  7/10 | seed=3006 | acc=0.7791 | mean=0.7656 | time=43.18s
  [HPO] Applying optimized params for dblp_pair_0.1
    [15:52:12] dblp | pair 0.1 | lnpcc | run  8/10 | seed=3007 | acc=0.7763 | mean=0.7669 | time=38.09s
  [HPO] Applying optimized params for dblp_pair_0.1
    [15:52:45] dblp | pair 0.1 | lnpcc | run  9/10 | seed=3008 | acc=0.7625 | mean=0.7665 | time=25.05s
  [HPO] Applying optimized params for dblp_pair_0.1
    [15:53:21] dblp | pair 0.1 | lnpcc | run 10/10 | seed=3009 | acc=0.7803 | mean=0.7678 | time=30.97s
  -> mean=0.7678 +/- 0.0137

[OK] Partial CSV: ./log\partial\partial_lnpcc_dblp_pair_0.1.csv
End: 2026-04-21 15:53:21

[worker] OK DONE  lnpcc_dblp_pair_0.1  gpu=0  8.4 min  rc=0
