[worker] START  lnpcc_flickr_uniform_0.1  gpu=1
======================================================================
GCN + LN-PCC -- NoisyGL Benchmark (Unified)
Start          : 2026-04-21 14:32:24
Variants       : ['lnpcc']
Datasets       : ['flickr']
Noise          : [[0.1, 'uniform']]
Runs           : 10  (seeds 3000..3009)
Device         : cuda:1
======================================================================
[HPO] Loaded 160 optimized scenarios from log/hpo_db.json
----Data statistics------'
                Name: flickr
                #Nodes 7575
                #Edges 239738
                #Classes 9
                #Ave_degree 63.30
----Split statistics------'
                #Train samples 378 (5.0 % of nodes)
                #Val samples 1136 (15.0 % of nodes)
                #Test samples 6061 (remaining)

============================================================
  lnpcc | flickr | uniform 0.1
============================================================
  [HPO] Applying optimized params for flickr_uniform_0.1
    [14:33:42] flickr | uniform 0.1 | lnpcc | run  1/10 | seed=3000 | acc=0.5723 | mean=0.5723 | time=71.82s
  [HPO] Applying optimized params for flickr_uniform_0.1
    [14:35:03] flickr | uniform 0.1 | lnpcc | run  2/10 | seed=3001 | acc=0.5502 | mean=0.5613 | time=76.38s
  [HPO] Applying optimized params for flickr_uniform_0.1
    [14:36:17] flickr | uniform 0.1 | lnpcc | run  3/10 | seed=3002 | acc=0.5577 | mean=0.5601 | time=70.45s
  [HPO] Applying optimized params for flickr_uniform_0.1
    [14:37:44] flickr | uniform 0.1 | lnpcc | run  4/10 | seed=3003 | acc=0.5715 | mean=0.5629 | time=81.67s
  [HPO] Applying optimized params for flickr_uniform_0.1
    [14:39:24] flickr | uniform 0.1 | lnpcc | run  5/10 | seed=3004 | acc=0.5611 | mean=0.5626 | time=95.15s
  [HPO] Applying optimized params for flickr_uniform_0.1
    [14:41:14] flickr | uniform 0.1 | lnpcc | run  6/10 | seed=3005 | acc=0.5555 | mean=0.5614 | time=97.41s
  [HPO] Applying optimized params for flickr_uniform_0.1
    [14:42:54] flickr | uniform 0.1 | lnpcc | run  7/10 | seed=3006 | acc=0.5750 | mean=0.5633 | time=91.84s
  [HPO] Applying optimized params for flickr_uniform_0.1
    [14:44:52] flickr | uniform 0.1 | lnpcc | run  8/10 | seed=3007 | acc=0.5781 | mean=0.5652 | time=105.30s
  [HPO] Applying optimized params for flickr_uniform_0.1
    [14:46:13] flickr | uniform 0.1 | lnpcc | run  9/10 | seed=3008 | acc=0.5768 | mean=0.5665 | time=76.71s
  [HPO] Applying optimized params for flickr_uniform_0.1
    [14:48:31] flickr | uniform 0.1 | lnpcc | run 10/10 | seed=3009 | acc=0.5618 | mean=0.5660 | time=126.92s
  -> mean=0.5660 +/- 0.0094

[OK] Partial CSV: ./log\partial\partial_lnpcc_flickr_uniform_0.1.csv
End: 2026-04-21 14:48:31

[worker] OK DONE  lnpcc_flickr_uniform_0.1  gpu=1  16.4 min  rc=0
