[worker] START  lnpcc_cora_uniform_0.5  gpu=1
======================================================================
GCN + LN-PCC -- NoisyGL Benchmark (Unified)
Start          : 2026-04-21 16:10:04
Variants       : ['lnpcc']
Datasets       : ['cora']
Noise          : [[0.5, 'uniform']]
Runs           : 10  (seeds 3000..3009)
Device         : cuda:1
======================================================================
[HPO] Loaded 160 optimized scenarios from log/hpo_db.json
----Data statistics------'
                Name: cora
                #Nodes 2708
                #Edges 5278
                #Classes 7
                #Ave_degree 3.90
----Split statistics------'
                #Train samples 140 (default)
                #Val samples 500 (default)
                #Test samples 1000 (default)

============================================================
  lnpcc | cora | uniform 0.5
============================================================
  [HPO] Applying optimized params for cora_uniform_0.5
    [16:10:27] cora | uniform 0.5 | lnpcc | run  1/10 | seed=3000 | acc=0.6810 | mean=0.6810 | time=19.29s
  [HPO] Applying optimized params for cora_uniform_0.5
    [16:10:44] cora | uniform 0.5 | lnpcc | run  2/10 | seed=3001 | acc=0.5560 | mean=0.6185 | time=13.73s
  [HPO] Applying optimized params for cora_uniform_0.5
    [16:11:00] cora | uniform 0.5 | lnpcc | run  3/10 | seed=3002 | acc=0.3470 | mean=0.5280 | time=13.34s
  [HPO] Applying optimized params for cora_uniform_0.5
    [16:11:40] cora | uniform 0.5 | lnpcc | run  4/10 | seed=3003 | acc=0.5110 | mean=0.5238 | time=36.83s
  [HPO] Applying optimized params for cora_uniform_0.5
    [16:11:56] cora | uniform 0.5 | lnpcc | run  5/10 | seed=3004 | acc=0.6540 | mean=0.5498 | time=13.97s
  [HPO] Applying optimized params for cora_uniform_0.5
    [16:12:21] cora | uniform 0.5 | lnpcc | run  6/10 | seed=3005 | acc=0.5640 | mean=0.5522 | time=22.47s
  [HPO] Applying optimized params for cora_uniform_0.5
    [16:12:54] cora | uniform 0.5 | lnpcc | run  7/10 | seed=3006 | acc=0.6490 | mean=0.5660 | time=30.51s
  [HPO] Applying optimized params for cora_uniform_0.5
    [16:13:29] cora | uniform 0.5 | lnpcc | run  8/10 | seed=3007 | acc=0.5580 | mean=0.5650 | time=33.00s
  [HPO] Applying optimized params for cora_uniform_0.5
    [16:13:42] cora | uniform 0.5 | lnpcc | run  9/10 | seed=3008 | acc=0.6230 | mean=0.5714 | time=11.32s
  [HPO] Applying optimized params for cora_uniform_0.5
    [16:13:56] cora | uniform 0.5 | lnpcc | run 10/10 | seed=3009 | acc=0.6530 | mean=0.5796 | time=12.05s
  -> mean=0.5796 +/- 0.0938

[OK] Partial CSV: ./log\partial\partial_lnpcc_cora_uniform_0.5.csv
End: 2026-04-21 16:13:56

[worker] OK DONE  lnpcc_cora_uniform_0.5  gpu=1  4.1 min  rc=0
