[worker] START  hpo_roman-empire_uniform_0.5  gpu=1
======================================================================
GCN + LN-PCC -- NoisyGL Benchmark (Unified)
Start          : 2026-04-17 16:58:40
Variants       : ['lnpcc']
Datasets       : ['roman-empire']
Noise          : [[0.5, 'uniform']]
Runs           : 10  (seeds 3000..3009)
Device         : cuda:1
======================================================================

[HPO] Optimizing lnpcc on roman-empire_uniform_0.5 (max_trials=200, max_k_same=60)

[Optuna] Scenario: roman-empire_uniform_0.5  (max_trials=200, startup=20)
  [Trial   1] roman-empire_uniform_0.5 | acc=0.1596  (450.2s)  knn=d  k= 14  dexp=7.40  p_grd=0.421  unc_rem=0.161  unc_rel=0.537  drop=0.52  h=128  L=3  lr=0.1  wd=0.05
  [Trial   2] roman-empire_uniform_0.5 | acc=0.1355  (287.9s)  knn=d  k= 17  dexp=0.88  p_grd=0.193  unc_rem=0.850  unc_rel=0.092  drop=0.89  h=128  L=3  lr=1e-05  wd=0.1
  [Trial   3] roman-empire_uniform_0.5 | acc=0.0701  (210.4s)  knn=s  k= 60  dexp=4.63  p_grd=0.375  unc_rem=0.959  unc_rel=0.839  drop=0.11  h=16  L=4  lr=1e-05  wd=0.1
  [Trial   4] roman-empire_uniform_0.5 | acc=0.2250  (138.0s)  knn=s  k= 20  dexp=3.86  p_grd=0.215  unc_rem=0.881  unc_rel=0.612  drop=0.58  h=32  L=3  lr=0.005  wd=0.001
  [Trial   5] roman-empire_uniform_0.5 | acc=0.2002  (184.2s)  knn=u  k=-    dexp=8.18  p_grd=0.344  unc_rem=0.346  unc_rel=0.828  drop=0.50  h=64  L=4  lr=0.001  wd=0.001
  [Trial   6] roman-empire_uniform_0.5 | acc=0.2725  (206.1s)  knn=s  k= 60  dexp=9.63  p_grd=0.431  unc_rem=0.779  unc_rel=0.683  drop=0.44  h=32  L=1  lr=0.1  wd=0.01
  [Trial   7] roman-empire_uniform_0.5 | acc=0.1429  (373.5s)  knn=d  k= 22  dexp=8.98  p_grd=0.186  unc_rem=0.562  unc_rel=0.930  drop=0.36  h=32  L=3  lr=0.0001  wd=0.005
  [Trial   8] roman-empire_uniform_0.5 | acc=0.2393  (726.0s)  knn=d  k= 15  dexp=2.27  p_grd=0.167  unc_rem=0.876  unc_rel=0.021  drop=0.20  h=128  L=3  lr=0.1  wd=0.005
  [Trial   9] roman-empire_uniform_0.5 | acc=0.3015  (544.9s)  knn=p  k= 21  dexp=7.05  p_grd=0.405  unc_rem=0.819  unc_rel=0.209  drop=0.56  h=32  L=2  lr=0.01  wd=1e-05
  [Trial  10] roman-empire_uniform_0.5 | acc=0.2301  (571.3s)  knn=d  k= 23  dexp=5.37  p_grd=0.494  unc_rem=0.196  unc_rel=0.286  drop=0.68  h=64  L=3  lr=0.05  wd=0.005
  [Trial  11] roman-empire_uniform_0.5 | acc=0.1872  (209.4s)  knn=s  k= 10  dexp=6.60  p_grd=0.444  unc_rem=0.958  unc_rel=0.876  drop=0.66  h=16  L=4  lr=0.05  wd=1e-05
  [Trial  12] roman-empire_uniform_0.5 | acc=0.2207  (140.1s)  knn=u  k=-    dexp=8.76  p_grd=0.091  unc_rem=0.305  unc_rel=0.438  drop=0.14  h=64  L=3  lr=0.001  wd=0.0001
  [Trial  13] roman-empire_uniform_0.5 | acc=0.1872  (247.1s)  knn=p  k=  9  dexp=7.90  p_grd=0.228  unc_rem=0.196  unc_rel=0.065  drop=0.88  h=16  L=4  lr=0.1  wd=0.005
  [Trial  14] roman-empire_uniform_0.5 | acc=0.1766  (196.9s)  knn=s  k= 20  dexp=4.82  p_grd=0.311  unc_rem=0.084  unc_rel=0.251  drop=0.17  h=32  L=2  lr=0.0005  wd=0.005
  [Trial  15] roman-empire_uniform_0.5 | acc=0.2013  (314.7s)  knn=d  k=  5  dexp=1.73  p_grd=0.294  unc_rem=0.145  unc_rel=0.870  drop=0.67  h=32  L=1  lr=0.0001  wd=0.001
  [Trial  16] roman-empire_uniform_0.5 | acc=0.0336  (375.8s)  knn=p  k= 15  dexp=1.15  p_grd=0.289  unc_rem=0.335  unc_rel=0.495  drop=0.39  h=64  L=4  lr=1e-05  wd=0.0005
  [Trial  17] roman-empire_uniform_0.5 | acc=0.1713  (271.1s)  knn=p  k= 10  dexp=8.27  p_grd=0.189  unc_rem=0.042  unc_rel=0.304  drop=0.53  h=32  L=4  lr=0.005  wd=0.005
  [Trial  18] roman-empire_uniform_0.5 | acc=0.1867  (238.0s)  knn=d  k=  3  dexp=2.21  p_grd=0.206  unc_rem=0.616  unc_rel=0.167  drop=0.40  h=64  L=3  lr=0.005  wd=0.01
  [Trial  19] roman-empire_uniform_0.5 | acc=0.2692  (395.6s)  knn=p  k= 13  dexp=3.83  p_grd=0.476  unc_rem=0.774  unc_rel=0.043  drop=0.57  h=128  L=1  lr=0.001  wd=5e-05
  [Trial  20] roman-empire_uniform_0.5 | acc=0.2653  (181.6s)  knn=u  k=-    dexp=6.93  p_grd=0.170  unc_rem=0.841  unc_rel=0.089  drop=0.61  h=16  L=2  lr=0.01  wd=5e-05
  [Trial  21] roman-empire_uniform_0.5 | acc=0.3130  (427.0s)  knn=p  k= 24  dexp=8.52  p_grd=0.331  unc_rem=0.989  unc_rel=0.305  drop=0.67  h=32  L=2  lr=0.01  wd=1e-05
  [Trial  22] roman-empire_uniform_0.5 | acc=0.1554  (201.0s)  knn=s  k= 40  dexp=7.67  p_grd=0.353  unc_rem=0.955  unc_rel=0.413  drop=0.60  h=32  L=2  lr=0.01  wd=0.1
  [Trial  23] roman-empire_uniform_0.5 | acc=0.2519  (574.1s)  knn=p  k= 24  dexp=6.73  p_grd=0.393  unc_rem=0.767  unc_rel=0.218  drop=0.46  h=32  L=2  lr=0.0005  wd=1e-05
  [Trial  24] roman-empire_uniform_0.5 | acc=0.2710  (259.2s)  knn=s  k= 50  dexp=8.48  p_grd=0.439  unc_rem=0.904  unc_rel=0.595  drop=0.31  h=32  L=1  lr=0.1  wd=0.01
  [Trial  25] roman-empire_uniform_0.5 | acc=0.2339  (536.8s)  knn=p  k= 24  dexp=9.68  p_grd=0.429  unc_rem=0.962  unc_rel=0.216  drop=0.57  h=32  L=3  lr=0.01  wd=1e-05
  [Trial  26] roman-empire_uniform_0.5 | acc=0.0689  (450.9s)  knn=p  k= 24  dexp=8.82  p_grd=0.275  unc_rem=0.769  unc_rel=0.378  drop=0.75  h=128  L=2  lr=1e-05  wd=5e-05
  [Trial  27] roman-empire_uniform_0.5 | acc=0.2689  (171.0s)  knn=p  k= 24  dexp=9.10  p_grd=0.019  unc_rem=0.928  unc_rel=0.378  drop=0.60  h=32  L=2  lr=0.01  wd=1e-05
  [Trial  28] roman-empire_uniform_0.5 | acc=0.2985  (428.0s)  knn=p  k= 24  dexp=9.58  p_grd=0.257  unc_rem=0.948  unc_rel=0.234  drop=0.70  h=64  L=2  lr=0.01  wd=0.005
  [Trial  29] roman-empire_uniform_0.5 | acc=0.2446  (295.8s)  knn=p  k= 19  dexp=7.56  p_grd=0.116  unc_rem=0.864  unc_rel=0.203  drop=0.71  h=64  L=1  lr=0.01  wd=0.005
  [Trial  30] roman-empire_uniform_0.5 | acc=0.3098  (426.7s)  knn=p  k= 20  dexp=9.38  p_grd=0.247  unc_rem=0.977  unc_rel=0.122  drop=0.50  h=64  L=2  lr=0.1  wd=0.0005
  [Trial  31] roman-empire_uniform_0.5 | acc=0.2488  (351.5s)  knn=p  k= 19  dexp=8.53  p_grd=0.278  unc_rem=0.971  unc_rel=0.039  drop=0.36  h=64  L=3  lr=0.01  wd=0.0005
  [Trial  32] roman-empire_uniform_0.5 | acc=0.2991  (421.0s)  knn=p  k= 21  dexp=8.77  p_grd=0.325  unc_rem=0.859  unc_rel=0.233  drop=0.57  h=64  L=2  lr=0.1  wd=0.0001
  [Trial  33] roman-empire_uniform_0.5 | acc=0.3132  (395.8s)  knn=p  k= 19  dexp=9.80  p_grd=0.342  unc_rem=0.789  unc_rel=0.155  drop=0.49  h=64  L=2  lr=0.1  wd=0.0005
  [Trial  34] roman-empire_uniform_0.5 | acc=0.2927  (239.9s)  knn=p  k= 18  dexp=8.53  p_grd=0.108  unc_rem=0.998  unc_rel=0.171  drop=0.55  h=128  L=2  lr=0.1  wd=0.0005
  [Trial  35] roman-empire_uniform_0.5 | acc=0.0185  (240.4s)  knn=u  k=-    dexp=8.71  p_grd=0.266  unc_rem=0.771  unc_rel=0.080  drop=0.61  h=64  L=2  lr=1e-05  wd=0.0005
  [Trial  36] roman-empire_uniform_0.5 | acc=0.3201  (402.2s)  knn=d  k= 18  dexp=8.25  p_grd=0.301  unc_rem=0.806  unc_rel=0.031  drop=0.31  h=32  L=2  lr=0.1  wd=0.005
  [Trial  37] roman-empire_uniform_0.5 | acc=0.1594  (348.7s)  knn=d  k= 16  dexp=8.33  p_grd=0.318  unc_rem=0.803  unc_rel=0.200  drop=0.43  h=32  L=4  lr=0.1  wd=5e-05
  [Trial  38] roman-empire_uniform_0.5 | acc=0.1275  (272.2s)  knn=s  k= 35  dexp=7.36  p_grd=0.347  unc_rem=0.791  unc_rel=0.012  drop=0.24  h=32  L=2  lr=0.0001  wd=0.005
  [Trial  39] roman-empire_uniform_0.5 | acc=0.1393  (288.7s)  knn=d  k= 17  dexp=8.36  p_grd=0.136  unc_rem=0.962  unc_rel=0.073  drop=0.17  h=16  L=2  lr=0.1  wd=0.1
  [Trial  40] roman-empire_uniform_0.5 | acc=0.1938  (399.4s)  knn=p  k= 18  dexp=9.97  p_grd=0.316  unc_rem=0.798  unc_rel=0.164  drop=0.64  h=16  L=3  lr=0.1  wd=0.01
  [Trial  41] roman-empire_uniform_0.5 | acc=0.3153  (403.8s)  knn=d  k= 19  dexp=7.14  p_grd=0.297  unc_rem=0.996  unc_rel=0.014  drop=0.36  h=32  L=2  lr=0.1  wd=0.005
  [Trial  42] roman-empire_uniform_0.5 | acc=0.3057  (397.0s)  knn=p  k= 19  dexp=9.54  p_grd=0.351  unc_rem=0.916  unc_rel=0.164  drop=0.14  h=32  L=2  lr=0.1  wd=0.0005
  [Trial  43] roman-empire_uniform_0.5 | acc=0.0363  (399.5s)  knn=d  k= 19  dexp=8.34  p_grd=0.317  unc_rem=0.793  unc_rel=0.100  drop=0.47  h=32  L=2  lr=1e-05  wd=0.005
  [Trial  44] roman-empire_uniform_0.5 | acc=0.2015  (241.2s)  knn=u  k=-    dexp=6.78  p_grd=0.266  unc_rem=0.908  unc_rel=0.039  drop=0.28  h=32  L=4  lr=0.1  wd=0.005
  [Trial  45] roman-empire_uniform_0.5 | acc=0.3081  (378.8s)  knn=d  k= 19  dexp=9.73  p_grd=0.304  unc_rem=0.827  unc_rel=0.105  drop=0.35  h=64  L=2  lr=0.1  wd=0.01
  [Trial  46] roman-empire_uniform_0.5 | acc=0.1586  (445.7s)  knn=p  k= 19  dexp=9.34  p_grd=0.344  unc_rem=0.685  unc_rel=0.258  drop=0.40  h=16  L=2  lr=0.001  wd=0.05
  [Trial  47] roman-empire_uniform_0.5 | acc=0.2929  (415.6s)  knn=d  k= 20  dexp=6.10  p_grd=0.275  unc_rem=0.823  unc_rel=0.091  drop=0.40  h=32  L=2  lr=0.1  wd=0.0001
  [Trial  48] roman-empire_uniform_0.5 | acc=0.3054  (424.9s)  knn=p  k= 16  dexp=9.36  p_grd=0.327  unc_rem=0.644  unc_rel=0.325  drop=0.50  h=64  L=1  lr=0.1  wd=0.0005
  [Trial  49] roman-empire_uniform_0.5 | acc=0.2826  (335.4s)  knn=d  k= 21  dexp=8.42  p_grd=0.215  unc_rem=0.680  unc_rel=0.083  drop=0.18  h=128  L=1  lr=0.1  wd=0.005
  [Trial  50] roman-empire_uniform_0.5 | acc=0.3047  (485.0s)  knn=d  k= 21  dexp=8.78  p_grd=0.457  unc_rem=0.977  unc_rel=0.375  drop=0.65  h=32  L=2  lr=0.005  wd=1e-05
  [Trial  51] roman-empire_uniform_0.5 | acc=0.2914  (234.9s)  knn=s  k= 15  dexp=8.99  p_grd=0.391  unc_rem=0.982  unc_rel=0.447  drop=0.47  h=64  L=2  lr=0.1  wd=0.0005
  [Trial  52] roman-empire_uniform_0.5 | acc=0.2331  (294.7s)  knn=d  k= 19  dexp=8.99  p_grd=0.203  unc_rem=0.784  unc_rel=0.056  drop=0.25  h=64  L=2  lr=0.001  wd=0.01
  [Trial  53] roman-empire_uniform_0.5 | acc=0.2864  (384.6s)  knn=d  k= 20  dexp=8.17  p_grd=0.329  unc_rem=0.694  unc_rel=0.076  drop=0.41  h=64  L=1  lr=0.1  wd=0.01
  [Trial  54] roman-empire_uniform_0.5 | acc=0.1819  (267.1s)  knn=d  k= 17  dexp=9.58  p_grd=0.348  unc_rem=0.832  unc_rel=0.222  drop=0.47  h=64  L=2  lr=0.1  wd=0.05
  [Trial  55] roman-empire_uniform_0.5 | acc=0.3085  (252.9s)  knn=u  k=-    dexp=6.01  p_grd=0.288  unc_rem=0.922  unc_rel=0.319  drop=0.50  h=16  L=2  lr=0.1  wd=0.005
  [Trial  56] roman-empire_uniform_0.5 | acc=0.2978  (208.6s)  knn=u  k=-    dexp=7.62  p_grd=0.247  unc_rem=0.840  unc_rel=0.611  drop=0.52  h=16  L=2  lr=0.1  wd=0.005
  [Trial  57] roman-empire_uniform_0.5 | acc=0.2202  (117.3s)  knn=u  k=-    dexp=2.27  p_grd=0.263  unc_rem=0.940  unc_rel=0.387  drop=0.62  h=16  L=3  lr=0.1  wd=0.005
  [Trial  58] roman-empire_uniform_0.5 | acc=0.2864  (215.5s)  knn=u  k=-    dexp=6.17  p_grd=0.336  unc_rem=0.940  unc_rel=0.175  drop=0.56  h=16  L=2  lr=0.005  wd=0.005
  [Trial  59] roman-empire_uniform_0.5 | acc=0.2092  (334.9s)  knn=p  k= 23  dexp=9.73  p_grd=0.226  unc_rem=0.914  unc_rel=0.192  drop=0.48  h=64  L=2  lr=0.0001  wd=0.0005
  [Trial  60] roman-empire_uniform_0.5 | acc=0.3050  (369.4s)  knn=p  k= 15  dexp=9.77  p_grd=0.425  unc_rem=0.357  unc_rel=0.023  drop=0.53  h=64  L=2  lr=0.001  wd=0.0005
  [Trial  61] roman-empire_uniform_0.5 | acc=0.2701  (479.3s)  knn=d  k= 23  dexp=2.73  p_grd=0.329  unc_rem=0.993  unc_rel=0.084  drop=0.34  h=32  L=1  lr=0.1  wd=0.005
  [Trial  62] roman-empire_uniform_0.5 | acc=0.2931  (251.8s)  knn=u  k=-    dexp=9.07  p_grd=0.257  unc_rem=0.866  unc_rel=0.292  drop=0.64  h=32  L=2  lr=0.01  wd=0.001
  [Trial  63] roman-empire_uniform_0.5 | acc=0.3165  (148.7s)  knn=s  k= 35  dexp=6.48  p_grd=0.223  unc_rem=0.985  unc_rel=0.034  drop=0.47  h=16  L=2  lr=0.1  wd=0.005
  [Trial  64] roman-empire_uniform_0.5 | acc=0.2881  (191.2s)  knn=s  k= 35  dexp=5.03  p_grd=0.286  unc_rem=0.873  unc_rel=0.025  drop=0.36  h=16  L=1  lr=0.1  wd=0.005
  [Trial  65] roman-empire_uniform_0.5 | acc=0.1686  (358.7s)  knn=d  k= 24  dexp=8.38  p_grd=0.216  unc_rem=0.981  unc_rel=0.015  drop=0.47  h=16  L=2  lr=0.0005  wd=0.005
  [Trial  66] roman-empire_uniform_0.5 | acc=0.1528  (131.0s)  knn=s  k= 40  dexp=4.68  p_grd=0.182  unc_rem=0.806  unc_rel=0.089  drop=0.60  h=16  L=2  lr=0.05  wd=0.05
  [Trial  67] roman-empire_uniform_0.5 | acc=0.1400  (359.5s)  knn=p  k= 24  dexp=7.66  p_grd=0.251  unc_rem=0.771  unc_rel=0.361  drop=0.71  h=32  L=4  lr=0.0001  wd=1e-05
  [Trial  68] roman-empire_uniform_0.5 | acc=0.2988  (239.8s)  knn=u  k=-    dexp=2.96  p_grd=0.346  unc_rem=0.925  unc_rel=0.436  drop=0.42  h=128  L=2  lr=0.1  wd=0.001
  [Trial  69] roman-empire_uniform_0.5 | acc=0.0684  (141.6s)  knn=s  k= 35  dexp=5.68  p_grd=0.199  unc_rem=0.870  unc_rel=0.082  drop=0.54  h=16  L=2  lr=1e-05  wd=0.005
  [Trial  70] roman-empire_uniform_0.5 | acc=0.0371  (356.1s)  knn=p  k= 24  dexp=7.15  p_grd=0.234  unc_rem=0.959  unc_rel=0.336  drop=0.86  h=32  L=2  lr=1e-05  wd=1e-05
  [Trial  71] roman-empire_uniform_0.5 | acc=0.3052  (199.6s)  knn=s  k= 35  dexp=7.48  p_grd=0.277  unc_rem=0.989  unc_rel=0.082  drop=0.44  h=16  L=2  lr=0.1  wd=0.005
  [Trial  72] roman-empire_uniform_0.5 | acc=0.2158  (366.6s)  knn=d  k= 19  dexp=5.26  p_grd=0.297  unc_rem=0.857  unc_rel=0.118  drop=0.19  h=32  L=3  lr=0.001  wd=0.005
  [Trial  73] roman-empire_uniform_0.5 | acc=0.2731  (934.6s)  knn=d  k= 19  dexp=7.67  p_grd=0.423  unc_rem=0.948  unc_rel=0.022  drop=0.37  h=32  L=2  lr=0.01  wd=0.01
  [Trial  74] roman-empire_uniform_0.5 | acc=0.3057  (428.0s)  knn=p  k= 24  dexp=8.37  p_grd=0.295  unc_rem=0.773  unc_rel=0.013  drop=0.49  h=64  L=2  lr=0.1  wd=0.0005
  [Trial  75] roman-empire_uniform_0.5 | acc=0.2906  (118.3s)  knn=s  k= 55  dexp=5.78  p_grd=0.181  unc_rem=0.840  unc_rel=0.122  drop=0.34  h=128  L=2  lr=0.005  wd=0.0001
  [Trial  76] roman-empire_uniform_0.5 | acc=0.2251  (385.8s)  knn=d  k= 16  dexp=8.87  p_grd=0.316  unc_rem=0.978  unc_rel=0.153  drop=0.32  h=32  L=3  lr=0.1  wd=0.005
  [Trial  77] roman-empire_uniform_0.5 | acc=0.3115  (169.0s)  knn=u  k=-    dexp=5.91  p_grd=0.199  unc_rem=0.757  unc_rel=0.070  drop=0.48  h=128  L=2  lr=0.1  wd=0.005
  [Trial  78] roman-empire_uniform_0.5 | acc=0.3056  (104.6s)  knn=u  k=-    dexp=5.84  p_grd=0.096  unc_rem=0.799  unc_rel=0.099  drop=0.51  h=128  L=2  lr=0.1  wd=0.005
  [Trial  79] roman-empire_uniform_0.5 | acc=0.1561  (205.0s)  knn=u  k=-    dexp=8.41  p_grd=0.438  unc_rem=0.455  unc_rel=0.220  drop=0.54  h=64  L=2  lr=0.1  wd=0.1
  [Trial  80] roman-empire_uniform_0.5 | acc=0.3199  (362.9s)  knn=d  k= 24  dexp=6.37  p_grd=0.220  unc_rem=0.816  unc_rel=0.327  drop=0.35  h=32  L=2  lr=0.1  wd=0.005
  [Trial  81] roman-empire_uniform_0.5 | acc=0.3254  (351.5s)  knn=d  k= 24  dexp=8.71  p_grd=0.240  unc_rem=0.990  unc_rel=0.414  drop=0.27  h=32  L=2  lr=0.005  wd=0.001
  [Trial  82] roman-empire_uniform_0.5 | acc=0.2994  (269.2s)  knn=d  k= 23  dexp=6.89  p_grd=0.118  unc_rem=0.962  unc_rel=0.461  drop=0.20  h=32  L=2  lr=0.1  wd=0.005
  [Trial  83] roman-empire_uniform_0.5 | acc=0.3210  (440.5s)  knn=p  k= 24  dexp=7.76  p_grd=0.282  unc_rem=0.731  unc_rel=0.134  drop=0.23  h=64  L=2  lr=0.05  wd=0.005
  [Trial  84] roman-empire_uniform_0.5 | acc=0.3199  (228.6s)  knn=p  k=  1  dexp=8.12  p_grd=0.339  unc_rem=0.869  unc_rel=0.418  drop=0.21  h=64  L=2  lr=0.05  wd=0.005
  [Trial  85] roman-empire_uniform_0.5 | acc=0.0364  (229.6s)  knn=s  k=  5  dexp=8.69  p_grd=0.227  unc_rem=0.799  unc_rel=0.533  drop=0.22  h=32  L=2  lr=1e-05  wd=0.001
  [Trial  86] roman-empire_uniform_0.5 | acc=0.3163  (319.0s)  knn=p  k=  2  dexp=7.69  p_grd=0.471  unc_rem=0.785  unc_rel=0.184  drop=0.33  h=64  L=2  lr=0.05  wd=0.005
  [Trial  87] roman-empire_uniform_0.5 | acc=0.3121  (226.2s)  knn=p  k=  1  dexp=5.91  p_grd=0.430  unc_rem=0.973  unc_rel=0.117  drop=0.24  h=64  L=2  lr=0.05  wd=0.005
  [Trial  88] roman-empire_uniform_0.5 | acc=0.2121  (175.3s)  knn=d  k=  1  dexp=8.99  p_grd=0.231  unc_rem=0.908  unc_rel=0.301  drop=0.22  h=32  L=4  lr=0.005  wd=0.001
  [Trial  89] roman-empire_uniform_0.5 | acc=0.2923  (182.8s)  knn=d  k=  3  dexp=9.17  p_grd=0.138  unc_rem=0.768  unc_rel=0.370  drop=0.36  h=128  L=2  lr=0.005  wd=0.001
  [Trial  90] roman-empire_uniform_0.5 | acc=0.2880  (223.9s)  knn=p  k=  1  dexp=7.65  p_grd=0.304  unc_rem=0.556  unc_rel=0.115  drop=0.24  h=64  L=2  lr=0.05  wd=5e-05
  [Trial  91] roman-empire_uniform_0.5 | acc=0.3060  (214.7s)  knn=u  k=-    dexp=7.61  p_grd=0.284  unc_rem=0.553  unc_rel=0.648  drop=0.27  h=64  L=2  lr=0.05  wd=0.005
  [Trial  92] roman-empire_uniform_0.5 | acc=0.1778  (235.2s)  knn=p  k=  1  dexp=7.26  p_grd=0.414  unc_rem=0.771  unc_rel=0.530  drop=0.20  h=16  L=4  lr=0.05  wd=0.005
  [Trial  93] roman-empire_uniform_0.5 | acc=0.2820  (218.8s)  knn=u  k=-    dexp=9.30  p_grd=0.219  unc_rem=0.907  unc_rel=0.691  drop=0.11  h=32  L=2  lr=0.005  wd=5e-05
  [Trial  94] roman-empire_uniform_0.5 | acc=0.2935  (168.2s)  knn=d  k=  7  dexp=8.24  p_grd=0.115  unc_rem=1.000  unc_rel=0.567  drop=0.48  h=32  L=2  lr=0.005  wd=0.0001
  [Trial  95] roman-empire_uniform_0.5 | acc=0.3156  (217.4s)  knn=s  k= 30  dexp=7.18  p_grd=0.315  unc_rem=0.729  unc_rel=0.291  drop=0.24  h=64  L=2  lr=0.05  wd=0.005
  [Trial  96] roman-empire_uniform_0.5 | acc=0.3003  (93.3s)  knn=s  k= 35  dexp=5.83  p_grd=0.150  unc_rem=0.619  unc_rel=0.232  drop=0.39  h=64  L=2  lr=0.05  wd=0.005
  [Trial  97] roman-empire_uniform_0.5 | acc=0.1596  (577.9s)  knn=p  k= 24  dexp=7.82  p_grd=0.459  unc_rem=0.654  unc_rel=0.475  drop=0.50  h=64  L=2  lr=0.05  wd=0.1
  [Trial  98] roman-empire_uniform_0.5 | acc=0.3191  (468.4s)  knn=p  k= 24  dexp=9.41  p_grd=0.333  unc_rem=0.937  unc_rel=0.662  drop=0.26  h=64  L=2  lr=0.05  wd=0.005
  [Trial  99] roman-empire_uniform_0.5 | acc=0.3238  (511.5s)  knn=p  k= 24  dexp=9.61  p_grd=0.369  unc_rem=0.832  unc_rel=0.583  drop=0.27  h=64  L=2  lr=0.05  wd=0.005
  [Trial 100] roman-empire_uniform_0.5 | acc=0.2362  (999.3s)  knn=p  k= 24  dexp=5.51  p_grd=0.308  unc_rem=0.855  unc_rel=0.699  drop=0.22  h=64  L=2  lr=0.0005  wd=0.005
  [Trial 101] roman-empire_uniform_0.5 | acc=0.3177  (554.4s)  knn=d  k= 24  dexp=9.09  p_grd=0.394  unc_rem=0.969  unc_rel=0.570  drop=0.11  h=64  L=2  lr=0.05  wd=0.005
  [Trial 102] roman-empire_uniform_0.5 | acc=0.2823  (486.7s)  knn=d  k= 24  dexp=9.02  p_grd=0.296  unc_rem=0.661  unc_rel=0.454  drop=0.11  h=64  L=2  lr=0.05  wd=1e-05
  [Trial 103] roman-empire_uniform_0.5 | acc=0.0183  (465.4s)  knn=d  k= 24  dexp=9.59  p_grd=0.409  unc_rem=0.716  unc_rel=0.564  drop=0.11  h=64  L=2  lr=1e-05  wd=0.005
  [Trial 104] roman-empire_uniform_0.5 | acc=0.3123  (476.9s)  knn=p  k= 24  dexp=9.97  p_grd=0.449  unc_rem=0.856  unc_rel=0.842  drop=0.25  h=64  L=2  lr=0.05  wd=0.005
  [Trial 105] roman-empire_uniform_0.5 | acc=0.3209  (416.7s)  knn=d  k= 24  dexp=9.95  p_grd=0.365  unc_rem=0.960  unc_rel=0.433  drop=0.11  h=128  L=2  lr=0.05  wd=0.001
  [Trial 106] roman-empire_uniform_0.5 | acc=0.1779  (322.8s)  knn=p  k= 24  dexp=9.72  p_grd=0.224  unc_rem=0.931  unc_rel=0.098  drop=0.18  h=64  L=4  lr=0.05  wd=0.005
  [Trial 107] roman-empire_uniform_0.5 | acc=0.3249  (457.5s)  knn=d  k= 24  dexp=8.56  p_grd=0.348  unc_rem=0.939  unc_rel=0.304  drop=0.10  h=128  L=2  lr=0.05  wd=0.001
  [Trial 108] roman-empire_uniform_0.5 | acc=0.3172  (625.8s)  knn=d  k= 24  dexp=9.09  p_grd=0.490  unc_rem=0.896  unc_rel=0.305  drop=0.20  h=128  L=2  lr=0.05  wd=0.001
  [Trial 109] roman-empire_uniform_0.5 | acc=0.2963  (379.3s)  knn=d  k= 23  dexp=8.93  p_grd=0.360  unc_rem=0.961  unc_rel=0.155  drop=0.18  h=128  L=2  lr=0.0005  wd=0.001
  [Trial 110] roman-empire_uniform_0.5 | acc=0.3290  (402.0s)  knn=d  k= 23  dexp=8.81  p_grd=0.275  unc_rem=0.787  unc_rel=0.496  drop=0.10  h=128  L=2  lr=0.05  wd=0.001
  [Trial 111] roman-empire_uniform_0.5 | acc=0.3300  (445.4s)  knn=p  k= 23  dexp=8.90  p_grd=0.320  unc_rem=0.864  unc_rel=0.614  drop=0.43  h=64  L=2  lr=0.005  wd=0.001
  [Trial 112] roman-empire_uniform_0.5 | acc=0.2762  (468.8s)  knn=p  k= 23  dexp=6.40  p_grd=0.310  unc_rem=0.971  unc_rel=0.591  drop=0.17  h=64  L=1  lr=0.05  wd=0.01
  [Trial 113] roman-empire_uniform_0.5 | acc=0.3275  (458.7s)  knn=p  k= 23  dexp=7.88  p_grd=0.411  unc_rem=0.944  unc_rel=0.471  drop=0.41  h=64  L=2  lr=0.005  wd=0.001
  [Trial 114] roman-empire_uniform_0.5 | acc=0.3201  (499.9s)  knn=p  k= 22  dexp=8.15  p_grd=0.432  unc_rem=0.868  unc_rel=0.578  drop=0.39  h=64  L=2  lr=0.005  wd=0.001
  [Trial 115] roman-empire_uniform_0.5 | acc=0.3303  (457.7s)  knn=p  k= 22  dexp=9.61  p_grd=0.346  unc_rem=0.815  unc_rel=0.487  drop=0.34  h=64  L=2  lr=0.005  wd=0.001
  [Trial 116] roman-empire_uniform_0.5 | acc=0.3243  (420.7s)  knn=p  k= 21  dexp=8.08  p_grd=0.373  unc_rem=0.876  unc_rel=0.427  drop=0.40  h=64  L=2  lr=0.005  wd=0.001
  [Trial 117] roman-empire_uniform_0.5 | acc=0.3261  (443.3s)  knn=p  k= 21  dexp=7.40  p_grd=0.347  unc_rem=0.603  unc_rel=0.479  drop=0.47  h=64  L=2  lr=0.005  wd=0.001
  [Trial 118] roman-empire_uniform_0.5 | acc=0.3274  (296.1s)  knn=p  k= 21  dexp=8.30  p_grd=0.284  unc_rem=0.634  unc_rel=0.853  drop=0.49  h=64  L=2  lr=0.005  wd=0.001
  [Trial 119] roman-empire_uniform_0.5 | acc=0.3227  (401.0s)  knn=p  k= 21  dexp=5.92  p_grd=0.302  unc_rem=0.414  unc_rel=0.367  drop=0.62  h=64  L=2  lr=0.005  wd=0.001
  [Trial 120] roman-empire_uniform_0.5 | acc=0.3163  (424.3s)  knn=p  k= 21  dexp=4.81  p_grd=0.317  unc_rem=0.375  unc_rel=0.497  drop=0.60  h=64  L=2  lr=0.005  wd=0.0001
  [Trial 121] roman-empire_uniform_0.5 | acc=0.2224  (291.5s)  knn=p  k= 21  dexp=7.87  p_grd=0.189  unc_rem=0.950  unc_rel=0.963  drop=0.44  h=64  L=4  lr=0.005  wd=0.001
  [Trial 122] roman-empire_uniform_0.5 | acc=0.2104  (455.2s)  knn=p  k= 21  dexp=7.28  p_grd=0.371  unc_rem=0.398  unc_rel=0.997  drop=0.44  h=64  L=2  lr=0.0001  wd=0.001
  [Trial 123] roman-empire_uniform_0.5 | acc=0.2287  (471.7s)  knn=d  k= 21  dexp=7.53  p_grd=0.405  unc_rem=0.817  unc_rel=0.998  drop=0.17  h=128  L=3  lr=0.05  wd=0.001
  [Trial 124] roman-empire_uniform_0.5 | acc=0.3081  (475.7s)  knn=d  k= 21  dexp=7.02  p_grd=0.333  unc_rem=0.644  unc_rel=0.764  drop=0.13  h=128  L=2  lr=0.05  wd=5e-05
  [Trial 125] roman-empire_uniform_0.5 | acc=0.3239  (335.4s)  knn=d  k= 21  dexp=9.35  p_grd=0.213  unc_rem=0.784  unc_rel=0.524  drop=0.10  h=16  L=2  lr=0.05  wd=0.001
  [Trial 126] roman-empire_uniform_0.5 | acc=0.2704  (371.4s)  knn=d  k= 21  dexp=6.80  p_grd=0.349  unc_rem=0.562  unc_rel=0.445  drop=0.50  h=64  L=2  lr=0.0005  wd=0.001
  [Trial 127] roman-empire_uniform_0.5 | acc=0.3264  (380.7s)  knn=p  k= 21  dexp=7.21  p_grd=0.227  unc_rem=0.598  unc_rel=0.551  drop=0.78  h=64  L=2  lr=0.005  wd=0.001
  [Trial 128] roman-empire_uniform_0.5 | acc=0.3127  (237.2s)  knn=d  k= 20  dexp=9.92  p_grd=0.158  unc_rem=0.801  unc_rel=0.563  drop=0.25  h=16  L=2  lr=0.05  wd=0.001
  [Trial 129] roman-empire_uniform_0.5 | acc=0.0220  (342.5s)  knn=p  k= 21  dexp=7.87  p_grd=0.225  unc_rem=0.539  unc_rel=0.546  drop=0.42  h=64  L=2  lr=1e-05  wd=0.001
  [Trial 130] roman-empire_uniform_0.5 | acc=0.3108  (346.5s)  knn=p  k= 21  dexp=7.32  p_grd=0.234  unc_rem=0.915  unc_rel=0.530  drop=0.85  h=64  L=2  lr=0.005  wd=0.001
  [Trial 131] roman-empire_uniform_0.5 | acc=0.3265  (427.6s)  knn=p  k= 21  dexp=8.75  p_grd=0.382  unc_rem=0.496  unc_rel=0.358  drop=0.66  h=128  L=2  lr=0.005  wd=0.001
  [Trial 132] roman-empire_uniform_0.5 | acc=0.2255  (458.2s)  knn=p  k= 21  dexp=7.44  p_grd=0.394  unc_rem=0.683  unc_rel=0.280  drop=0.51  h=128  L=4  lr=0.005  wd=0.0001
  [Trial 133] roman-empire_uniform_0.5 | acc=0.3151  (290.8s)  knn=p  k= 21  dexp=7.83  p_grd=0.179  unc_rem=0.256  unc_rel=0.104  drop=0.78  h=64  L=2  lr=0.005  wd=0.001
  [Trial 134] roman-empire_uniform_0.5 | acc=0.3157  (415.1s)  knn=p  k= 21  dexp=8.56  p_grd=0.307  unc_rem=0.648  unc_rel=0.991  drop=0.30  h=64  L=2  lr=0.005  wd=1e-05
  [Trial 135] roman-empire_uniform_0.5 | acc=0.3230  (373.0s)  knn=d  k= 21  dexp=4.49  p_grd=0.288  unc_rem=0.992  unc_rel=0.385  drop=0.34  h=32  L=2  lr=0.005  wd=0.001
  [Trial 136] roman-empire_uniform_0.5 | acc=0.3252  (468.5s)  knn=p  k= 20  dexp=9.78  p_grd=0.441  unc_rem=0.364  unc_rel=0.143  drop=0.76  h=128  L=2  lr=0.005  wd=0.001
  [Trial 137] roman-empire_uniform_0.5 | acc=0.3057  (239.8s)  knn=d  k= 20  dexp=5.97  p_grd=0.145  unc_rem=0.558  unc_rel=0.473  drop=0.19  h=128  L=2  lr=0.05  wd=0.001
  [Trial 138] roman-empire_uniform_0.5 | acc=0.3059  (460.0s)  knn=p  k= 21  dexp=6.31  p_grd=0.413  unc_rem=0.537  unc_rel=0.183  drop=0.83  h=128  L=2  lr=0.005  wd=1e-05
  [Trial 139] roman-empire_uniform_0.5 | acc=0.3039  (449.9s)  knn=p  k= 21  dexp=9.69  p_grd=0.460  unc_rem=0.326  unc_rel=0.069  drop=0.76  h=128  L=2  lr=0.005  wd=0.0001
  [Trial 140] roman-empire_uniform_0.5 | acc=0.3279  (438.7s)  knn=p  k= 21  dexp=9.87  p_grd=0.380  unc_rem=0.472  unc_rel=0.588  drop=0.64  h=32  L=2  lr=0.005  wd=0.001
  [Trial 141] roman-empire_uniform_0.5 | acc=0.2542  (353.8s)  knn=p  k= 18  dexp=8.27  p_grd=0.365  unc_rem=0.293  unc_rel=0.545  drop=0.60  h=128  L=2  lr=0.005  wd=0.01
  [Trial 142] roman-empire_uniform_0.5 | acc=0.3048  (152.1s)  knn=s  k= 30  dexp=9.86  p_grd=0.218  unc_rem=0.766  unc_rel=0.427  drop=0.38  h=64  L=2  lr=0.005  wd=0.001
  [Trial 143] roman-empire_uniform_0.5 | acc=0.3174  (431.0s)  knn=p  k= 21  dexp=9.39  p_grd=0.363  unc_rem=0.548  unc_rel=0.324  drop=0.72  h=128  L=2  lr=0.005  wd=0.001
  [Trial 144] roman-empire_uniform_0.5 | acc=0.3198  (428.6s)  knn=p  k= 22  dexp=9.39  p_grd=0.322  unc_rem=0.483  unc_rel=0.692  drop=0.54  h=16  L=2  lr=0.005  wd=0.001
  [Trial 145] roman-empire_uniform_0.5 | acc=0.3225  (451.7s)  knn=d  k= 22  dexp=7.29  p_grd=0.366  unc_rem=0.548  unc_rel=0.647  drop=0.75  h=32  L=2  lr=0.005  wd=0.001
  [Trial 146] roman-empire_uniform_0.5 | acc=0.3250  (473.8s)  knn=p  k= 18  dexp=9.21  p_grd=0.433  unc_rem=0.288  unc_rel=0.399  drop=0.52  h=32  L=2  lr=0.005  wd=0.001
  [Trial 147] roman-empire_uniform_0.5 | acc=0.1398  (387.3s)  knn=p  k= 18  dexp=8.37  p_grd=0.429  unc_rem=0.393  unc_rel=0.544  drop=0.52  h=32  L=2  lr=0.005  wd=0.1
  [Trial 148] roman-empire_uniform_0.5 | acc=0.3192  (460.4s)  knn=d  k= 17  dexp=8.05  p_grd=0.365  unc_rem=0.694  unc_rel=0.549  drop=0.14  h=16  L=2  lr=0.01  wd=0.001
  [Trial 149] roman-empire_uniform_0.5 | acc=0.2980  (355.8s)  knn=p  k= 18  dexp=9.53  p_grd=0.263  unc_rem=0.126  unc_rel=0.441  drop=0.50  h=32  L=1  lr=0.005  wd=0.001
  [Trial 150] roman-empire_uniform_0.5 | acc=0.2965  (228.2s)  knn=p  k= 19  dexp=5.91  p_grd=0.110  unc_rem=0.497  unc_rel=0.770  drop=0.73  h=64  L=2  lr=0.01  wd=0.001
  [Trial 151] roman-empire_uniform_0.5 | acc=0.3008  (354.3s)  knn=p  k= 11  dexp=9.50  p_grd=0.445  unc_rem=0.336  unc_rel=0.137  drop=0.45  h=64  L=1  lr=0.005  wd=0.001
  [Trial 152] roman-empire_uniform_0.5 | acc=0.2354  (506.4s)  knn=p  k= 23  dexp=8.16  p_grd=0.431  unc_rem=0.602  unc_rel=0.377  drop=0.39  h=64  L=3  lr=0.005  wd=5e-05
  [Trial 153] roman-empire_uniform_0.5 | acc=0.1439  (472.6s)  knn=p  k= 23  dexp=8.99  p_grd=0.380  unc_rem=0.446  unc_rel=0.430  drop=0.60  h=32  L=2  lr=0.0001  wd=0.001
  [Trial 154] roman-empire_uniform_0.5 | acc=0.3252  (438.0s)  knn=p  k= 22  dexp=8.71  p_grd=0.427  unc_rem=0.032  unc_rel=0.316  drop=0.68  h=32  L=2  lr=0.005  wd=0.001
  [Trial 155] roman-empire_uniform_0.5 | acc=0.2955  (204.1s)  knn=u  k=-    dexp=7.55  p_grd=0.486  unc_rem=0.156  unc_rel=0.204  drop=0.77  h=32  L=2  lr=0.005  wd=0.001
  [Trial 156] roman-empire_uniform_0.5 | acc=0.3338  (479.7s)  knn=p  k= 20  dexp=9.34  p_grd=0.460  unc_rem=0.142  unc_rel=0.439  drop=0.78  h=128  L=2  lr=0.05  wd=0.001
  [Trial 157] roman-empire_uniform_0.5 | acc=0.3343  (470.0s)  knn=p  k= 18  dexp=9.55  p_grd=0.417  unc_rem=0.116  unc_rel=0.182  drop=0.77  h=128  L=2  lr=0.05  wd=0.001
  [Trial 158] roman-empire_uniform_0.5 | acc=0.3264  (416.7s)  knn=p  k= 16  dexp=8.65  p_grd=0.398  unc_rem=0.080  unc_rel=0.161  drop=0.67  h=128  L=2  lr=0.05  wd=0.001
  [Trial 159] roman-empire_uniform_0.5 | acc=0.3383  (438.3s)  knn=p  k= 15  dexp=8.21  p_grd=0.430  unc_rem=0.134  unc_rel=0.569  drop=0.82  h=128  L=2  lr=0.05  wd=0.001
  [Trial 160] roman-empire_uniform_0.5 | acc=0.3222  (376.7s)  knn=p  k= 13  dexp=9.28  p_grd=0.488  unc_rem=0.126  unc_rel=0.229  drop=0.70  h=128  L=2  lr=0.05  wd=0.001
  [Trial 161] roman-empire_uniform_0.5 | acc=0.1486  (280.1s)  knn=p  k= 15  dexp=7.86  p_grd=0.237  unc_rem=0.087  unc_rel=0.509  drop=0.89  h=128  L=2  lr=0.0001  wd=0.001
  [Trial 162] roman-empire_uniform_0.5 | acc=0.3221  (397.3s)  knn=p  k= 15  dexp=7.91  p_grd=0.487  unc_rem=0.362  unc_rel=0.225  drop=0.45  h=32  L=2  lr=0.005  wd=0.001
  [Trial 163] roman-empire_uniform_0.5 | acc=0.1411  (196.4s)  knn=u  k=-    dexp=8.93  p_grd=0.464  unc_rem=0.179  unc_rel=0.369  drop=0.86  h=128  L=2  lr=0.01  wd=0.05
  [Trial 164] roman-empire_uniform_0.5 | acc=0.2989  (510.5s)  knn=p  k= 16  dexp=6.83  p_grd=0.482  unc_rem=0.220  unc_rel=0.560  drop=0.89  h=16  L=2  lr=0.01  wd=0.001
  [Trial 165] roman-empire_uniform_0.5 | acc=0.2046  (338.3s)  knn=p  k= 17  dexp=7.48  p_grd=0.268  unc_rem=0.087  unc_rel=0.378  drop=0.86  h=128  L=2  lr=0.05  wd=0.1
  [Trial 166] roman-empire_uniform_0.5 | acc=0.3024  (232.0s)  knn=u  k=-    dexp=9.58  p_grd=0.285  unc_rem=0.462  unc_rel=0.903  drop=0.62  h=64  L=2  lr=0.005  wd=0.001
  [Trial 167] roman-empire_uniform_0.5 | acc=0.1012  (412.8s)  knn=p  k= 17  dexp=8.22  p_grd=0.435  unc_rem=0.406  unc_rel=0.536  drop=0.88  h=128  L=1  lr=1e-05  wd=0.001
  [Trial 168] roman-empire_uniform_0.5 | acc=0.2355  (423.0s)  knn=p  k= 18  dexp=6.22  p_grd=0.388  unc_rem=0.329  unc_rel=0.494  drop=0.84  h=128  L=3  lr=0.05  wd=0.005
  [Trial 169] roman-empire_uniform_0.5 | acc=0.1970  (360.1s)  knn=p  k= 14  dexp=6.52  p_grd=0.402  unc_rem=0.111  unc_rel=0.681  drop=0.78  h=128  L=4  lr=0.05  wd=0.001
  [Trial 170] roman-empire_uniform_0.5 | acc=0.3202  (469.9s)  knn=p  k= 17  dexp=9.97  p_grd=0.450  unc_rem=0.064  unc_rel=0.413  drop=0.74  h=32  L=2  lr=0.005  wd=0.001
  [Trial 171] roman-empire_uniform_0.5 | acc=0.3144  (473.0s)  knn=d  k= 18  dexp=8.52  p_grd=0.377  unc_rem=0.100  unc_rel=0.717  drop=0.90  h=128  L=2  lr=0.05  wd=0.0001
  [Trial 172] roman-empire_uniform_0.5 | acc=0.2985  (454.6s)  knn=p  k= 20  dexp=9.88  p_grd=0.493  unc_rem=0.112  unc_rel=0.661  drop=0.81  h=128  L=2  lr=0.05  wd=5e-05
  [Trial 173] roman-empire_uniform_0.5 | acc=0.1874  (351.7s)  knn=p  k= 20  dexp=9.67  p_grd=0.385  unc_rem=0.529  unc_rel=0.552  drop=0.71  h=32  L=4  lr=0.005  wd=0.001
  [Trial 174] roman-empire_uniform_0.5 | acc=0.3354  (371.3s)  knn=p  k= 23  dexp=9.83  p_grd=0.220  unc_rem=0.084  unc_rel=0.030  drop=0.70  h=128  L=2  lr=0.05  wd=0.001
  [Trial 175] roman-empire_uniform_0.5 | acc=0.2806  (341.9s)  knn=p  k= 20  dexp=9.06  p_grd=0.244  unc_rem=0.168  unc_rel=0.018  drop=0.78  h=128  L=2  lr=0.05  wd=0.01
  [Trial 176] roman-empire_uniform_0.5 | acc=0.1429  (175.2s)  knn=u  k=-    dexp=8.74  p_grd=0.179  unc_rem=0.041  unc_rel=0.212  drop=0.54  h=128  L=2  lr=0.05  wd=0.05
  [Trial 177] roman-empire_uniform_0.5 | acc=0.3243  (371.9s)  knn=p  k= 22  dexp=9.55  p_grd=0.199  unc_rem=0.068  unc_rel=0.471  drop=0.56  h=128  L=2  lr=0.05  wd=0.001
  [Trial 178] roman-empire_uniform_0.5 | acc=0.2716  (363.1s)  knn=p  k= 19  dexp=7.35  p_grd=0.229  unc_rem=0.516  unc_rel=0.753  drop=0.72  h=64  L=2  lr=0.005  wd=0.01
  [Trial 179] roman-empire_uniform_0.5 | acc=0.1653  (404.8s)  knn=p  k= 22  dexp=9.47  p_grd=0.297  unc_rem=0.179  unc_rel=0.205  drop=0.69  h=128  L=2  lr=0.1  wd=0.05
  [Trial 180] roman-empire_uniform_0.5 | acc=0.1316  (220.5s)  knn=u  k=-    dexp=9.78  p_grd=0.203  unc_rem=0.637  unc_rel=0.476  drop=0.11  h=128  L=2  lr=0.05  wd=0.05
  [Trial 181] roman-empire_uniform_0.5 | acc=0.1993  (442.6s)  knn=p  k= 22  dexp=6.49  p_grd=0.281  unc_rem=0.391  unc_rel=0.043  drop=0.66  h=128  L=4  lr=0.05  wd=0.001
  [Trial 182] roman-empire_uniform_0.5 | acc=0.3022  (217.0s)  knn=p  k= 23  dexp=8.79  p_grd=0.093  unc_rem=0.291  unc_rel=0.111  drop=0.82  h=128  L=2  lr=0.01  wd=0.001
  [Trial 183] roman-empire_uniform_0.5 | acc=0.2514  (392.3s)  knn=p  k= 23  dexp=9.52  p_grd=0.314  unc_rem=0.688  unc_rel=0.833  drop=0.30  h=64  L=3  lr=0.005  wd=0.001
  [Trial 184] roman-empire_uniform_0.5 | acc=0.3283  (480.0s)  knn=p  k= 23  dexp=5.82  p_grd=0.378  unc_rem=0.186  unc_rel=0.593  drop=0.78  h=32  L=2  lr=0.05  wd=0.001
  [Trial 185] roman-empire_uniform_0.5 | acc=0.1703  (439.1s)  knn=p  k= 20  dexp=8.35  p_grd=0.362  unc_rem=0.555  unc_rel=0.691  drop=0.45  h=64  L=2  lr=0.005  wd=0.1
  [Trial 186] roman-empire_uniform_0.5 | acc=0.1433  (209.5s)  knn=u  k=-    dexp=8.49  p_grd=0.336  unc_rem=0.890  unc_rel=0.597  drop=0.55  h=64  L=2  lr=0.005  wd=0.05
  [Trial 187] roman-empire_uniform_0.5 | acc=0.2908  (451.9s)  knn=p  k= 23  dexp=6.10  p_grd=0.395  unc_rem=0.180  unc_rel=0.536  drop=0.67  h=32  L=2  lr=0.05  wd=1e-05
  [Trial 188] roman-empire_uniform_0.5 | acc=0.3073  (181.8s)  knn=p  k= 19  dexp=9.88  p_grd=0.085  unc_rem=0.180  unc_rel=0.063  drop=0.81  h=128  L=2  lr=0.05  wd=0.001
  [Trial 189] roman-empire_uniform_0.5 | acc=0.2354  (448.3s)  knn=p  k= 23  dexp=4.52  p_grd=0.328  unc_rem=0.208  unc_rel=0.554  drop=0.86  h=32  L=3  lr=0.05  wd=0.001
  [Trial 190] roman-empire_uniform_0.5 | acc=0.2101  (456.9s)  knn=p  k= 19  dexp=8.38  p_grd=0.416  unc_rem=0.145  unc_rel=0.524  drop=0.87  h=128  L=3  lr=0.1  wd=0.001
  [Trial 191] roman-empire_uniform_0.5 | acc=0.3217  (356.2s)  knn=p  k= 14  dexp=4.24  p_grd=0.389  unc_rem=0.422  unc_rel=0.523  drop=0.63  h=32  L=2  lr=0.05  wd=0.001
  [Trial 192] roman-empire_uniform_0.5 | acc=0.3228  (393.4s)  knn=p  k= 24  dexp=6.35  p_grd=0.258  unc_rem=0.573  unc_rel=0.955  drop=0.49  h=64  L=2  lr=0.005  wd=0.001
  [Trial 193] roman-empire_uniform_0.5 | acc=0.2544  (356.7s)  knn=d  k= 24  dexp=8.97  p_grd=0.252  unc_rem=0.947  unc_rel=0.684  drop=0.20  h=32  L=2  lr=0.0005  wd=1e-05
  [Trial 194] roman-empire_uniform_0.5 | acc=0.3333  (422.0s)  knn=p  k= 23  dexp=9.88  p_grd=0.391  unc_rem=0.021  unc_rel=0.516  drop=0.78  h=64  L=2  lr=0.05  wd=0.001
  [Trial 195] roman-empire_uniform_0.5 | acc=0.3042  (215.4s)  knn=s  k= 35  dexp=5.77  p_grd=0.337  unc_rem=0.055  unc_rel=0.755  drop=0.57  h=32  L=2  lr=0.05  wd=0.001
  [Trial 196] roman-empire_uniform_0.5 | acc=0.3042  (226.8s)  knn=d  k= 21  dexp=9.90  p_grd=0.105  unc_rem=0.922  unc_rel=0.734  drop=0.19  h=32  L=2  lr=0.005  wd=0.001
  [Trial 197] roman-empire_uniform_0.5 | acc=0.3408  (361.3s)  knn=p  k= 22  dexp=9.54  p_grd=0.289  unc_rem=0.030  unc_rel=0.408  drop=0.70  h=64  L=2  lr=0.05  wd=0.001
  [Trial 198] roman-empire_uniform_0.5 | acc=0.3133  (497.8s)  knn=p  k= 23  dexp=8.64  p_grd=0.469  unc_rem=0.164  unc_rel=0.593  drop=0.68  h=64  L=2  lr=0.05  wd=0.001
  [Trial 199] roman-empire_uniform_0.5 | acc=0.1985  (567.9s)  knn=p  k= 23  dexp=8.40  p_grd=0.487  unc_rem=0.167  unc_rel=0.202  drop=0.73  h=16  L=1  lr=0.0001  wd=0.001
  [Trial 200] roman-empire_uniform_0.5 | acc=0.2890  (230.6s)  knn=s  k= 30  dexp=5.84  p_grd=0.471  unc_rem=0.192  unc_rel=0.049  drop=0.89  h=128  L=2  lr=0.05  wd=0.0001

[Optuna] Optimization done. 200/200 trials completed.

[Retest] (roman-empire_uniform_0.5) Testing top-5 configs × 10 seeds...

  [Retest] (roman-empire_uniform_0.5) Config 1/5: (Trial #196, Orig Acc: 0.3408)
           Params: {'knn_mode': 'p', 'k': 22, 'dexp': 9.535557534757087, 'p_grd': 0.28911342772516613, 'unc_rem': 0.02956305551980129, 'unc_rel': 0.4081159093211166, 'dropout': 0.6951914945771622, 'n_hidden': 64, 'n_layer': 2, 'lr': 0.05, 'weight_decay': 0.001}
    [Retest] roman-empire | Config 1 | Run 1/10 | seed=3000 | Acc: 0.3369 | Mean: 0.3369 | Time: 365.3s
    [Retest] roman-empire | Config 1 | Run 2/10 | seed=3001 | Acc: 0.3148 | Mean: 0.3259 | Time: 380.2s
    [Retest] roman-empire | Config 1 | Run 3/10 | seed=3002 | Acc: 0.3212 | Mean: 0.3243 | Time: 414.4s
    [Retest] roman-empire | Config 1 | Run 4/10 | seed=3003 | Acc: 0.3118 | Mean: 0.3212 | Time: 465.0s
    [Retest] roman-empire | Config 1 | Run 5/10 | seed=3004 | Acc: 0.3283 | Mean: 0.3226 | Time: 404.5s
    [Retest] roman-empire | Config 1 | Run 6/10 | seed=3005 | Acc: 0.3092 | Mean: 0.3204 | Time: 418.3s
    [Retest] roman-empire | Config 1 | Run 7/10 | seed=3006 | Acc: 0.3376 | Mean: 0.3228 | Time: 366.5s
    [Retest] roman-empire | Config 1 | Run 8/10 | seed=3007 | Acc: 0.3221 | Mean: 0.3227 | Time: 404.0s
    [Retest] roman-empire | Config 1 | Run 9/10 | seed=3008 | Acc: 0.3204 | Mean: 0.3225 | Time: 404.9s
    [Retest] roman-empire | Config 1 | Run 10/10 | seed=3009 | Acc: 0.3133 | Mean: 0.3216 | Time: 419.0s
  [Retest] Config 1: mean=0.3216 ± 0.0095

  [Retest] (roman-empire_uniform_0.5) Config 2/5: (Trial #158, Orig Acc: 0.3383)
           Params: {'knn_mode': 'p', 'k': 15, 'dexp': 8.212455881787037, 'p_grd': 0.4298002865336683, 'unc_rem': 0.1340220315370754, 'unc_rel': 0.5688738929452639, 'dropout': 0.8231353468897704, 'n_hidden': 128, 'n_layer': 2, 'lr': 0.05, 'weight_decay': 0.001}
    [Retest] roman-empire | Config 2 | Run 1/10 | seed=3000 | Acc: 0.3384 | Mean: 0.3384 | Time: 438.9s
    [Retest] roman-empire | Config 2 | Run 2/10 | seed=3001 | Acc: 0.3141 | Mean: 0.3263 | Time: 419.3s
    [Retest] roman-empire | Config 2 | Run 3/10 | seed=3002 | Acc: 0.3202 | Mean: 0.3242 | Time: 391.8s
    [Retest] roman-empire | Config 2 | Run 4/10 | seed=3003 | Acc: 0.3184 | Mean: 0.3228 | Time: 450.6s
    [Retest] roman-empire | Config 2 | Run 5/10 | seed=3004 | Acc: 0.3230 | Mean: 0.3228 | Time: 374.7s
    [Retest] roman-empire | Config 2 | Run 6/10 | seed=3005 | Acc: 0.3044 | Mean: 0.3197 | Time: 382.8s
    [Retest] roman-empire | Config 2 | Run 7/10 | seed=3006 | Acc: 0.3142 | Mean: 0.3190 | Time: 354.5s
    [Retest] roman-empire | Config 2 | Run 8/10 | seed=3007 | Acc: 0.3314 | Mean: 0.3205 | Time: 537.6s
    [Retest] roman-empire | Config 2 | Run 9/10 | seed=3008 | Acc: 0.3312 | Mean: 0.3217 | Time: 429.1s
    [Retest] roman-empire | Config 2 | Run 10/10 | seed=3009 | Acc: 0.3189 | Mean: 0.3214 | Time: 409.3s
  [Retest] Config 2: mean=0.3214 ± 0.0095

  [Retest] (roman-empire_uniform_0.5) Config 3/5: (Trial #173, Orig Acc: 0.3354)
           Params: {'knn_mode': 'p', 'k': 23, 'dexp': 9.828486947778531, 'p_grd': 0.2200636086766447, 'unc_rem': 0.08384231598197295, 'unc_rel': 0.030277031897263107, 'dropout': 0.7048788811947286, 'n_hidden': 128, 'n_layer': 2, 'lr': 0.05, 'weight_decay': 0.001}
    [Retest] roman-empire | Config 3 | Run 1/10 | seed=3000 | Acc: 0.3393 | Mean: 0.3393 | Time: 396.2s
    [Retest] roman-empire | Config 3 | Run 2/10 | seed=3001 | Acc: 0.3071 | Mean: 0.3232 | Time: 356.9s
    [Retest] roman-empire | Config 3 | Run 3/10 | seed=3002 | Acc: 0.3145 | Mean: 0.3203 | Time: 352.8s
    [Retest] roman-empire | Config 3 | Run 4/10 | seed=3003 | Acc: 0.3144 | Mean: 0.3188 | Time: 382.2s
    [Retest] roman-empire | Config 3 | Run 5/10 | seed=3004 | Acc: 0.3282 | Mean: 0.3207 | Time: 402.7s
    [Retest] roman-empire | Config 3 | Run 6/10 | seed=3005 | Acc: 0.3189 | Mean: 0.3204 | Time: 379.8s
    [Retest] roman-empire | Config 3 | Run 7/10 | seed=3006 | Acc: 0.3159 | Mean: 0.3198 | Time: 365.0s
    [Retest] roman-empire | Config 3 | Run 8/10 | seed=3007 | Acc: 0.3363 | Mean: 0.3218 | Time: 376.3s
    [Retest] roman-empire | Config 3 | Run 9/10 | seed=3008 | Acc: 0.3135 | Mean: 0.3209 | Time: 394.7s
    [Retest] roman-empire | Config 3 | Run 10/10 | seed=3009 | Acc: 0.3165 | Mean: 0.3205 | Time: 393.2s
  [Retest] Config 3: mean=0.3205 ± 0.0100

  [Retest] (roman-empire_uniform_0.5) Config 4/5: (Trial #156, Orig Acc: 0.3343)
           Params: {'knn_mode': 'p', 'k': 18, 'dexp': 9.55208896145071, 'p_grd': 0.41733813918998386, 'unc_rem': 0.11561640390796127, 'unc_rel': 0.18208192774878645, 'dropout': 0.7701154769080695, 'n_hidden': 128, 'n_layer': 2, 'lr': 0.05, 'weight_decay': 0.001}
    [Retest] roman-empire | Config 4 | Run 1/10 | seed=3000 | Acc: 0.3270 | Mean: 0.3270 | Time: 482.0s
    [Retest] roman-empire | Config 4 | Run 2/10 | seed=3001 | Acc: 0.3135 | Mean: 0.3202 | Time: 428.0s
    [Retest] roman-empire | Config 4 | Run 3/10 | seed=3002 | Acc: 0.3148 | Mean: 0.3184 | Time: 479.0s
    [Retest] roman-empire | Config 4 | Run 4/10 | seed=3003 | Acc: 0.3022 | Mean: 0.3144 | Time: 460.1s
    [Retest] roman-empire | Config 4 | Run 5/10 | seed=3004 | Acc: 0.3263 | Mean: 0.3168 | Time: 434.8s
    [Retest] roman-empire | Config 4 | Run 6/10 | seed=3005 | Acc: 0.2990 | Mean: 0.3138 | Time: 419.1s
    [Retest] roman-empire | Config 4 | Run 7/10 | seed=3006 | Acc: 0.3182 | Mean: 0.3144 | Time: 475.6s
    [Retest] roman-empire | Config 4 | Run 8/10 | seed=3007 | Acc: 0.3236 | Mean: 0.3156 | Time: 416.0s
    [Retest] roman-empire | Config 4 | Run 9/10 | seed=3008 | Acc: 0.3205 | Mean: 0.3161 | Time: 443.2s
    [Retest] roman-empire | Config 4 | Run 10/10 | seed=3009 | Acc: 0.3130 | Mean: 0.3158 | Time: 468.8s
  [Retest] Config 4: mean=0.3158 ± 0.0090

  [Retest] (roman-empire_uniform_0.5) Config 5/5: (Trial #155, Orig Acc: 0.3338)
           Params: {'knn_mode': 'p', 'k': 20, 'dexp': 9.344233390147696, 'p_grd': 0.46011735435604406, 'unc_rem': 0.14219608461950073, 'unc_rel': 0.43927019770735043, 'dropout': 0.7809917894738998, 'n_hidden': 128, 'n_layer': 2, 'lr': 0.05, 'weight_decay': 0.001}
    [Retest] roman-empire | Config 5 | Run 1/10 | seed=3000 | Acc: 0.3327 | Mean: 0.3327 | Time: 486.9s
    [Retest] roman-empire | Config 5 | Run 2/10 | seed=3001 | Acc: 0.3062 | Mean: 0.3195 | Time: 523.2s
    [Retest] roman-empire | Config 5 | Run 3/10 | seed=3002 | Acc: 0.3093 | Mean: 0.3161 | Time: 467.1s
    [Retest] roman-empire | Config 5 | Run 4/10 | seed=3003 | Acc: 0.3045 | Mean: 0.3132 | Time: 506.0s
    [Retest] roman-empire | Config 5 | Run 5/10 | seed=3004 | Acc: 0.3277 | Mean: 0.3161 | Time: 519.2s
    [Retest] roman-empire | Config 5 | Run 6/10 | seed=3005 | Acc: 0.3025 | Mean: 0.3138 | Time: 397.4s
    [Retest] roman-empire | Config 5 | Run 7/10 | seed=3006 | Acc: 0.3195 | Mean: 0.3146 | Time: 410.6s
    [Retest] roman-empire | Config 5 | Run 8/10 | seed=3007 | Acc: 0.3217 | Mean: 0.3155 | Time: 504.5s
    [Retest] roman-empire | Config 5 | Run 9/10 | seed=3008 | Acc: 0.3272 | Mean: 0.3168 | Time: 534.2s
    [Retest] roman-empire | Config 5 | Run 10/10 | seed=3009 | Acc: 0.3175 | Mean: 0.3169 | Time: 492.6s
  [Retest] Config 5: mean=0.3169 ± 0.0102

[Optuna] Success: Best config saved to log/hpo_db.json:
         {'knn_mode': 'p', 'k': 22, 'dexp': 9.535557534757087, 'p_grd': 0.28911342772516613, 'unc_rem': 0.02956305551980129, 'unc_rel': 0.4081159093211166, 'dropout': 0.6951914945771622, 'n_hidden': 64, 'n_layer': 2, 'lr': 0.05, 'weight_decay': 0.001}
[Optuna] Success: Best retest mean accuracy: 0.3216
[Optuna] Success: Done marker: ./log/nni_done\lnpcc_roman-empire_uniform_0.5.done
  [HPO] Done marker saved: ./log/nni_done\lnpcc_roman-empire_uniform_0.5.done
[total_exp] --hpo_only: skipping benchmark runs.
[worker] OK DONE  hpo_roman-empire_uniform_0.5  gpu=1  1545.5 min  rc=0
