[worker] START  lnpcc_amazonpho_random_0.5  gpu=1
======================================================================
GCN + LN-PCC -- NoisyGL Benchmark (Unified)
Start          : 2026-04-21 14:29:17
Variants       : ['lnpcc']
Datasets       : ['amazonpho']
Noise          : [[0.5, 'random']]
Runs           : 10  (seeds 3000..3009)
Device         : cuda:1
======================================================================
[HPO] Loaded 160 optimized scenarios from log/hpo_db.json
----Data statistics------'
                Name: amazonpho
                #Nodes 7650
                #Edges 119081
                #Classes 8
                #Ave_degree 31.13
----Split statistics------'
                #Train samples 160 (20 nodes per class)
                #Val samples 500 (specified)
                #Test samples 1000 (specified)

============================================================
  lnpcc | amazonpho | random 0.5
============================================================
  [HPO] Applying optimized params for amazonpho_random_0.5
    [14:30:03] amazonpho | random 0.5 | lnpcc | run  1/10 | seed=3000 | acc=0.8490 | mean=0.8490 | time=31.22s
  [HPO] Applying optimized params for amazonpho_random_0.5
    [14:30:43] amazonpho | random 0.5 | lnpcc | run  2/10 | seed=3001 | acc=0.7730 | mean=0.8110 | time=36.13s
  [HPO] Applying optimized params for amazonpho_random_0.5
    [14:31:22] amazonpho | random 0.5 | lnpcc | run  3/10 | seed=3002 | acc=0.6420 | mean=0.7547 | time=31.71s
  [HPO] Applying optimized params for amazonpho_random_0.5
    [14:31:56] amazonpho | random 0.5 | lnpcc | run  4/10 | seed=3003 | acc=0.7110 | mean=0.7437 | time=29.75s
  [HPO] Applying optimized params for amazonpho_random_0.5
    [14:32:40] amazonpho | random 0.5 | lnpcc | run  5/10 | seed=3004 | acc=0.7230 | mean=0.7396 | time=42.00s
  [HPO] Applying optimized params for amazonpho_random_0.5
    [14:33:22] amazonpho | random 0.5 | lnpcc | run  6/10 | seed=3005 | acc=0.6650 | mean=0.7272 | time=29.09s
  [HPO] Applying optimized params for amazonpho_random_0.5
    [14:34:02] amazonpho | random 0.5 | lnpcc | run  7/10 | seed=3006 | acc=0.6880 | mean=0.7216 | time=33.24s
  [HPO] Applying optimized params for amazonpho_random_0.5
    [14:34:51] amazonpho | random 0.5 | lnpcc | run  8/10 | seed=3007 | acc=0.7380 | mean=0.7236 | time=41.44s
  [HPO] Applying optimized params for amazonpho_random_0.5
    [14:35:28] amazonpho | random 0.5 | lnpcc | run  9/10 | seed=3008 | acc=0.7740 | mean=0.7292 | time=34.06s
  [HPO] Applying optimized params for amazonpho_random_0.5
    [14:36:11] amazonpho | random 0.5 | lnpcc | run 10/10 | seed=3009 | acc=0.6550 | mean=0.7218 | time=40.75s
  -> mean=0.7218 +/- 0.0609

[OK] Partial CSV: ./log\partial\partial_lnpcc_amazonpho_random_0.5.csv
End: 2026-04-21 14:36:11

[worker] OK DONE  lnpcc_amazonpho_random_0.5  gpu=1  7.1 min  rc=0
