[worker] START  hpo_blogcatalog_uniform_0.4  gpu=0
======================================================================
GCN + LN-PCC -- NoisyGL Benchmark (Unified)
Start          : 2026-04-19 22:06:40
Variants       : ['lnpcc']
Datasets       : ['blogcatalog']
Noise          : [[0.4, 'uniform']]
Runs           : 10  (seeds 3000..3009)
Device         : cuda:0
======================================================================

[HPO] Optimizing lnpcc on blogcatalog_uniform_0.4 (max_trials=200, max_k_same=60)

[Optuna] Scenario: blogcatalog_uniform_0.4  (max_trials=200, startup=20)
  [Trial   1] blogcatalog_uniform_0.4 | acc=0.2345  (127.5s)  knn=d  k= 14  dexp=7.40  p_grd=0.421  unc_rem=0.161  unc_rel=0.537  drop=0.52  h=128  L=3  lr=0.1  wd=0.05
  [Trial   2] blogcatalog_uniform_0.4 | acc=0.3021  (59.4s)  knn=d  k= 17  dexp=0.88  p_grd=0.193  unc_rem=0.850  unc_rel=0.092  drop=0.89  h=128  L=3  lr=1e-05  wd=0.1
  [Trial   3] blogcatalog_uniform_0.4 | acc=0.1671  (70.4s)  knn=s  k= 60  dexp=4.63  p_grd=0.375  unc_rem=0.959  unc_rel=0.839  drop=0.11  h=16  L=4  lr=1e-05  wd=0.1
  [Trial   4] blogcatalog_uniform_0.4 | acc=0.6587  (50.7s)  knn=s  k= 20  dexp=3.86  p_grd=0.215  unc_rem=0.881  unc_rel=0.612  drop=0.58  h=32  L=3  lr=0.005  wd=0.001
  [Trial   5] blogcatalog_uniform_0.4 | acc=0.5681  (39.4s)  knn=u  k=-    dexp=8.18  p_grd=0.344  unc_rem=0.346  unc_rel=0.828  drop=0.50  h=64  L=4  lr=0.001  wd=0.001
  [Trial   6] blogcatalog_uniform_0.4 | acc=0.6424  (93.3s)  knn=s  k= 60  dexp=9.63  p_grd=0.431  unc_rem=0.779  unc_rel=0.683  drop=0.44  h=32  L=1  lr=0.1  wd=0.01
  [Trial   7] blogcatalog_uniform_0.4 | acc=0.3461  (169.2s)  knn=d  k= 22  dexp=8.98  p_grd=0.186  unc_rem=0.562  unc_rel=0.930  drop=0.36  h=32  L=3  lr=0.0001  wd=0.005
  [Trial   8] blogcatalog_uniform_0.4 | acc=0.3353  (93.1s)  knn=d  k= 15  dexp=2.27  p_grd=0.167  unc_rem=0.876  unc_rel=0.021  drop=0.20  h=128  L=3  lr=0.1  wd=0.005
  [Trial   9] blogcatalog_uniform_0.4 | acc=0.6724  (54.4s)  knn=p  k= 21  dexp=7.05  p_grd=0.405  unc_rem=0.819  unc_rel=0.209  drop=0.56  h=32  L=2  lr=0.01  wd=1e-05
  [Trial  10] blogcatalog_uniform_0.4 | acc=0.3600  (112.1s)  knn=d  k= 23  dexp=5.37  p_grd=0.494  unc_rem=0.196  unc_rel=0.286  drop=0.68  h=64  L=3  lr=0.05  wd=0.005
  [Trial  11] blogcatalog_uniform_0.4 | acc=0.3093  (76.4s)  knn=s  k= 10  dexp=6.60  p_grd=0.444  unc_rem=0.958  unc_rel=0.876  drop=0.66  h=16  L=4  lr=0.05  wd=1e-05
  [Trial  12] blogcatalog_uniform_0.4 | acc=0.5452  (36.4s)  knn=u  k=-    dexp=8.76  p_grd=0.091  unc_rem=0.305  unc_rel=0.438  drop=0.14  h=64  L=3  lr=0.001  wd=0.0001
  [Trial  13] blogcatalog_uniform_0.4 | acc=0.2311  (81.6s)  knn=p  k=  9  dexp=7.90  p_grd=0.228  unc_rem=0.196  unc_rel=0.065  drop=0.88  h=16  L=4  lr=0.1  wd=0.005
  [Trial  14] blogcatalog_uniform_0.4 | acc=0.5676  (86.4s)  knn=s  k= 20  dexp=4.82  p_grd=0.311  unc_rem=0.084  unc_rel=0.251  drop=0.17  h=32  L=2  lr=0.0005  wd=0.005
  [Trial  15] blogcatalog_uniform_0.4 | acc=0.4723  (47.4s)  knn=d  k=  5  dexp=1.73  p_grd=0.294  unc_rem=0.145  unc_rel=0.870  drop=0.67  h=32  L=1  lr=0.0001  wd=0.001
  [Trial  16] blogcatalog_uniform_0.4 | acc=0.1871  (161.0s)  knn=p  k= 15  dexp=1.15  p_grd=0.289  unc_rem=0.335  unc_rel=0.495  drop=0.39  h=64  L=4  lr=1e-05  wd=0.0005
  [Trial  17] blogcatalog_uniform_0.4 | acc=0.4627  (219.3s)  knn=p  k= 10  dexp=8.27  p_grd=0.189  unc_rem=0.042  unc_rel=0.304  drop=0.53  h=32  L=4  lr=0.005  wd=0.005
  [Trial  18] blogcatalog_uniform_0.4 | acc=0.5041  (64.2s)  knn=d  k=  3  dexp=2.21  p_grd=0.206  unc_rem=0.616  unc_rel=0.167  drop=0.40  h=64  L=3  lr=0.005  wd=0.01
  [Trial  19] blogcatalog_uniform_0.4 | acc=0.5875  (52.1s)  knn=p  k= 13  dexp=3.83  p_grd=0.476  unc_rem=0.774  unc_rel=0.043  drop=0.57  h=128  L=1  lr=0.001  wd=5e-05
  [Trial  20] blogcatalog_uniform_0.4 | acc=0.6558  (125.6s)  knn=u  k=-    dexp=6.93  p_grd=0.170  unc_rem=0.841  unc_rel=0.089  drop=0.61  h=16  L=2  lr=0.01  wd=5e-05
  [Trial  21] blogcatalog_uniform_0.4 | acc=0.6575  (129.0s)  knn=p  k= 24  dexp=8.52  p_grd=0.331  unc_rem=0.989  unc_rel=0.305  drop=0.67  h=32  L=2  lr=0.01  wd=1e-05
  [Trial  22] blogcatalog_uniform_0.4 | acc=0.6864  (255.6s)  knn=p  k= 23  dexp=5.99  p_grd=0.398  unc_rem=0.903  unc_rel=0.234  drop=0.63  h=64  L=2  lr=0.01  wd=0.001
  [Trial  23] blogcatalog_uniform_0.4 | acc=0.5695  (159.0s)  knn=s  k= 40  dexp=2.40  p_grd=0.139  unc_rem=0.978  unc_rel=0.590  drop=0.55  h=32  L=3  lr=0.01  wd=0.001
  [Trial  24] blogcatalog_uniform_0.4 | acc=0.3432  (116.3s)  knn=p  k= 20  dexp=5.47  p_grd=0.389  unc_rem=0.619  unc_rel=0.389  drop=0.74  h=64  L=2  lr=0.1  wd=0.001
  [Trial  25] blogcatalog_uniform_0.4 | acc=0.6061  (90.8s)  knn=p  k= 23  dexp=6.60  p_grd=0.444  unc_rem=0.888  unc_rel=0.101  drop=0.39  h=32  L=2  lr=0.0005  wd=0.001
  [Trial  26] blogcatalog_uniform_0.4 | acc=0.3954  (65.4s)  knn=u  k=-    dexp=4.33  p_grd=0.277  unc_rem=0.727  unc_rel=0.733  drop=0.54  h=32  L=1  lr=0.005  wd=0.1
  [Trial  27] blogcatalog_uniform_0.4 | acc=0.3235  (51.6s)  knn=s  k= 35  dexp=4.79  p_grd=0.190  unc_rem=0.764  unc_rel=0.557  drop=0.70  h=64  L=3  lr=1e-05  wd=1e-05
  [Trial  28] blogcatalog_uniform_0.4 | acc=0.6174  (94.5s)  knn=p  k= 19  dexp=4.87  p_grd=0.330  unc_rem=0.520  unc_rel=0.316  drop=0.52  h=16  L=2  lr=0.01  wd=1e-05
  [Trial  29] blogcatalog_uniform_0.4 | acc=0.6506  (114.8s)  knn=s  k= 20  dexp=4.23  p_grd=0.368  unc_rem=0.680  unc_rel=0.202  drop=0.61  h=32  L=3  lr=0.005  wd=0.001
  [Trial  30] blogcatalog_uniform_0.4 | acc=0.3663  (75.7s)  knn=p  k= 23  dexp=5.48  p_grd=0.353  unc_rem=0.794  unc_rel=0.188  drop=0.59  h=64  L=4  lr=0.01  wd=0.01
  [Trial  31] blogcatalog_uniform_0.4 | acc=0.6212  (86.6s)  knn=p  k= 19  dexp=7.88  p_grd=0.430  unc_rem=0.583  unc_rel=0.038  drop=0.45  h=32  L=3  lr=0.01  wd=5e-05
  [Trial  32] blogcatalog_uniform_0.4 | acc=0.4735  (154.0s)  knn=p  k= 23  dexp=7.96  p_grd=0.398  unc_rem=0.854  unc_rel=0.370  drop=0.74  h=32  L=2  lr=0.0001  wd=1e-05
  [Trial  33] blogcatalog_uniform_0.4 | acc=0.3119  (227.2s)  knn=p  k= 23  dexp=7.91  p_grd=0.378  unc_rem=0.991  unc_rel=0.342  drop=0.81  h=128  L=2  lr=0.01  wd=0.1
  [Trial  34] blogcatalog_uniform_0.4 | acc=0.6659  (43.5s)  knn=p  k= 23  dexp=7.58  p_grd=0.284  unc_rem=0.773  unc_rel=0.141  drop=0.44  h=32  L=2  lr=0.01  wd=1e-05
  [Trial  35] blogcatalog_uniform_0.4 | acc=0.2210  (54.4s)  knn=p  k= 19  dexp=5.30  p_grd=0.314  unc_rem=0.920  unc_rel=0.177  drop=0.45  h=32  L=3  lr=1e-05  wd=1e-05
  [Trial  36] blogcatalog_uniform_0.4 | acc=0.6772  (130.9s)  knn=d  k= 23  dexp=5.60  p_grd=0.428  unc_rem=0.764  unc_rel=0.051  drop=0.44  h=32  L=2  lr=0.01  wd=0.005
  [Trial  37] blogcatalog_uniform_0.4 | acc=0.6929  (74.0s)  knn=u  k=-    dexp=4.71  p_grd=0.387  unc_rem=0.751  unc_rel=0.013  drop=0.43  h=64  L=2  lr=0.01  wd=0.0005
  [Trial  38] blogcatalog_uniform_0.4 | acc=0.5334  (94.3s)  knn=u  k=-    dexp=4.14  p_grd=0.417  unc_rem=0.749  unc_rel=0.012  drop=0.35  h=64  L=2  lr=0.0001  wd=0.0005
  [Trial  39] blogcatalog_uniform_0.4 | acc=0.6753  (297.8s)  knn=d  k= 16  dexp=6.73  p_grd=0.391  unc_rem=0.715  unc_rel=0.254  drop=0.52  h=128  L=2  lr=0.01  wd=0.005
  [Trial  40] blogcatalog_uniform_0.4 | acc=0.6337  (76.5s)  knn=d  k= 15  dexp=8.43  p_grd=0.406  unc_rem=0.505  unc_rel=0.477  drop=0.46  h=128  L=1  lr=0.01  wd=0.005
  [Trial  41] blogcatalog_uniform_0.4 | acc=0.4348  (145.7s)  knn=d  k= 15  dexp=3.27  p_grd=0.437  unc_rem=0.866  unc_rel=0.312  drop=0.59  h=128  L=2  lr=0.01  wd=0.05
  [Trial  42] blogcatalog_uniform_0.4 | acc=0.2306  (101.2s)  knn=d  k= 18  dexp=6.20  p_grd=0.425  unc_rem=0.541  unc_rel=0.032  drop=0.60  h=128  L=2  lr=1e-05  wd=0.001
  [Trial  43] blogcatalog_uniform_0.4 | acc=0.6330  (151.5s)  knn=d  k= 23  dexp=6.12  p_grd=0.386  unc_rem=0.939  unc_rel=0.152  drop=0.84  h=64  L=3  lr=0.01  wd=0.001
  [Trial  44] blogcatalog_uniform_0.4 | acc=0.6857  (93.7s)  knn=d  k= 18  dexp=9.00  p_grd=0.394  unc_rem=0.688  unc_rel=0.077  drop=0.47  h=16  L=2  lr=0.01  wd=0.005
  [Trial  45] blogcatalog_uniform_0.4 | acc=0.6871  (76.4s)  knn=d  k= 16  dexp=4.65  p_grd=0.305  unc_rem=0.974  unc_rel=0.082  drop=0.47  h=32  L=2  lr=0.01  wd=0.005
  [Trial  46] blogcatalog_uniform_0.4 | acc=0.3944  (105.9s)  knn=d  k= 17  dexp=2.95  p_grd=0.222  unc_rem=0.933  unc_rel=0.214  drop=0.48  h=32  L=2  lr=0.1  wd=0.005
  [Trial  47] blogcatalog_uniform_0.4 | acc=0.4372  (97.1s)  knn=u  k=-    dexp=8.06  p_grd=0.465  unc_rem=0.522  unc_rel=0.011  drop=0.37  h=16  L=2  lr=0.1  wd=0.005
  [Trial  48] blogcatalog_uniform_0.4 | acc=0.4519  (75.6s)  knn=d  k= 17  dexp=9.89  p_grd=0.444  unc_rem=0.876  unc_rel=0.092  drop=0.29  h=16  L=4  lr=0.01  wd=0.005
  [Trial  49] blogcatalog_uniform_0.4 | acc=0.6907  (143.8s)  knn=s  k= 50  dexp=4.50  p_grd=0.476  unc_rem=0.587  unc_rel=0.155  drop=0.39  h=32  L=2  lr=0.01  wd=0.005
  [Trial  50] blogcatalog_uniform_0.4 | acc=0.4483  (80.2s)  knn=p  k= 25  dexp=3.08  p_grd=0.435  unc_rem=0.957  unc_rel=0.058  drop=0.56  h=64  L=2  lr=0.005  wd=0.05
  [Trial  51] blogcatalog_uniform_0.4 | acc=0.6972  (111.0s)  knn=p  k= 25  dexp=3.37  p_grd=0.266  unc_rem=0.999  unc_rel=0.432  drop=0.58  h=64  L=2  lr=0.01  wd=0.001
  [Trial  52] blogcatalog_uniform_0.4 | acc=0.7133  (125.2s)  knn=p  k= 25  dexp=3.88  p_grd=0.165  unc_rem=0.877  unc_rel=0.246  drop=0.46  h=64  L=2  lr=0.001  wd=0.001
  [Trial  53] blogcatalog_uniform_0.4 | acc=0.6854  (72.0s)  knn=p  k= 25  dexp=2.48  p_grd=0.121  unc_rem=0.931  unc_rel=0.226  drop=0.34  h=32  L=2  lr=0.001  wd=0.001
  [Trial  54] blogcatalog_uniform_0.4 | acc=0.5962  (153.9s)  knn=p  k= 25  dexp=4.22  p_grd=0.151  unc_rem=0.603  unc_rel=0.186  drop=0.53  h=64  L=2  lr=0.001  wd=0.01
  [Trial  55] blogcatalog_uniform_0.4 | acc=0.6498  (77.3s)  knn=u  k=-    dexp=2.42  p_grd=0.258  unc_rem=0.923  unc_rel=0.678  drop=0.71  h=16  L=2  lr=0.01  wd=0.001
  [Trial  56] blogcatalog_uniform_0.4 | acc=0.4969  (93.4s)  knn=p  k= 25  dexp=5.58  p_grd=0.130  unc_rem=0.815  unc_rel=0.543  drop=0.49  h=64  L=2  lr=0.05  wd=0.001
  [Trial  57] blogcatalog_uniform_0.4 | acc=0.7063  (45.4s)  knn=s  k= 25  dexp=6.52  p_grd=0.397  unc_rem=0.527  unc_rel=0.225  drop=0.20  h=32  L=2  lr=0.01  wd=0.0005
  [Trial  58] blogcatalog_uniform_0.4 | acc=0.7126  (85.8s)  knn=s  k= 25  dexp=6.65  p_grd=0.426  unc_rem=0.675  unc_rel=0.115  drop=0.29  h=32  L=2  lr=0.005  wd=0.0005
  [Trial  59] blogcatalog_uniform_0.4 | acc=0.6926  (146.3s)  knn=s  k= 25  dexp=6.27  p_grd=0.380  unc_rem=0.962  unc_rel=0.083  drop=0.30  h=32  L=2  lr=0.005  wd=0.0005
  [Trial  60] blogcatalog_uniform_0.4 | acc=0.5214  (96.3s)  knn=s  k= 35  dexp=7.21  p_grd=0.360  unc_rem=0.862  unc_rel=0.062  drop=0.38  h=32  L=2  lr=0.1  wd=0.0005
  [Trial  61] blogcatalog_uniform_0.4 | acc=0.4468  (60.7s)  knn=s  k= 35  dexp=7.23  p_grd=0.492  unc_rem=0.503  unc_rel=0.186  drop=0.25  h=32  L=1  lr=0.0001  wd=0.0005
  [Trial  62] blogcatalog_uniform_0.4 | acc=0.3519  (262.8s)  knn=s  k= 50  dexp=3.20  p_grd=0.471  unc_rem=0.495  unc_rel=0.145  drop=0.31  h=32  L=2  lr=0.1  wd=0.005
  [Trial  63] blogcatalog_uniform_0.4 | acc=0.6946  (124.1s)  knn=u  k=-    dexp=7.20  p_grd=0.308  unc_rem=0.407  unc_rel=0.125  drop=0.30  h=32  L=2  lr=0.005  wd=0.0005
  [Trial  64] blogcatalog_uniform_0.4 | acc=0.3386  (84.8s)  knn=p  k= 24  dexp=2.07  p_grd=0.263  unc_rem=0.876  unc_rel=0.413  drop=0.51  h=64  L=2  lr=0.0005  wd=0.1
  [Trial  65] blogcatalog_uniform_0.4 | acc=0.5354  (84.2s)  knn=u  k=-    dexp=7.56  p_grd=0.388  unc_rem=0.304  unc_rel=0.174  drop=0.17  h=32  L=4  lr=0.01  wd=0.0005
  [Trial  66] blogcatalog_uniform_0.4 | acc=0.7196  (65.3s)  knn=u  k=-    dexp=6.52  p_grd=0.352  unc_rem=0.310  unc_rel=0.068  drop=0.40  h=32  L=2  lr=0.005  wd=0.001
  [Trial  67] blogcatalog_uniform_0.4 | acc=0.6987  (40.0s)  knn=u  k=-    dexp=7.16  p_grd=0.260  unc_rem=0.345  unc_rel=0.105  drop=0.37  h=128  L=2  lr=0.005  wd=0.0005
  [Trial  68] blogcatalog_uniform_0.4 | acc=0.6902  (48.4s)  knn=u  k=-    dexp=7.88  p_grd=0.316  unc_rem=0.305  unc_rel=0.310  drop=0.46  h=32  L=2  lr=0.005  wd=5e-05
  [Trial  69] blogcatalog_uniform_0.4 | acc=0.6962  (80.4s)  knn=u  k=-    dexp=6.88  p_grd=0.343  unc_rem=0.414  unc_rel=0.094  drop=0.31  h=128  L=2  lr=0.005  wd=0.0005
  [Trial  70] blogcatalog_uniform_0.4 | acc=0.6368  (94.2s)  knn=p  k= 23  dexp=0.99  p_grd=0.375  unc_rem=0.900  unc_rel=0.575  drop=0.60  h=64  L=1  lr=0.01  wd=0.001
  [Trial  71] blogcatalog_uniform_0.4 | acc=0.7201  (96.1s)  knn=u  k=-    dexp=8.48  p_grd=0.351  unc_rem=0.430  unc_rel=0.039  drop=0.18  h=128  L=2  lr=0.005  wd=0.001
  [Trial  72] blogcatalog_uniform_0.4 | acc=0.6049  (45.9s)  knn=u  k=-    dexp=9.22  p_grd=0.308  unc_rem=0.282  unc_rel=0.199  drop=0.21  h=128  L=1  lr=0.005  wd=0.001
  [Trial  73] blogcatalog_uniform_0.4 | acc=0.6647  (81.6s)  knn=u  k=-    dexp=9.19  p_grd=0.365  unc_rem=0.344  unc_rel=0.034  drop=0.34  h=128  L=2  lr=0.01  wd=0.01
  [Trial  74] blogcatalog_uniform_0.4 | acc=0.5798  (43.5s)  knn=u  k=-    dexp=4.97  p_grd=0.274  unc_rem=0.176  unc_rel=0.200  drop=0.32  h=16  L=2  lr=0.0005  wd=0.001
  [Trial  75] blogcatalog_uniform_0.4 | acc=0.2131  (163.5s)  knn=u  k=-    dexp=7.13  p_grd=0.417  unc_rem=0.565  unc_rel=0.280  drop=0.38  h=128  L=4  lr=0.005  wd=0.1
  [Trial  76] blogcatalog_uniform_0.4 | acc=0.7076  (128.0s)  knn=p  k= 23  dexp=8.66  p_grd=0.403  unc_rem=0.578  unc_rel=0.481  drop=0.11  h=32  L=2  lr=0.01  wd=0.0005
  [Trial  77] blogcatalog_uniform_0.4 | acc=0.7076  (157.6s)  knn=p  k= 23  dexp=7.94  p_grd=0.330  unc_rem=0.550  unc_rel=0.636  drop=0.17  h=128  L=2  lr=0.005  wd=0.0005
  [Trial  78] blogcatalog_uniform_0.4 | acc=0.6316  (160.6s)  knn=p  k= 22  dexp=8.56  p_grd=0.289  unc_rem=0.515  unc_rel=0.611  drop=0.10  h=32  L=3  lr=0.01  wd=0.0005
  [Trial  79] blogcatalog_uniform_0.4 | acc=0.6852  (134.6s)  knn=d  k= 23  dexp=6.04  p_grd=0.348  unc_rem=0.361  unc_rel=0.844  drop=0.17  h=128  L=2  lr=0.005  wd=0.0005
  [Trial  80] blogcatalog_uniform_0.4 | acc=0.6804  (83.9s)  knn=s  k= 35  dexp=9.45  p_grd=0.484  unc_rem=0.438  unc_rel=0.707  drop=0.26  h=32  L=2  lr=0.01  wd=0.0005
  [Trial  81] blogcatalog_uniform_0.4 | acc=0.6595  (55.8s)  knn=p  k=  1  dexp=8.43  p_grd=0.269  unc_rem=0.547  unc_rel=0.765  drop=0.25  h=128  L=2  lr=0.001  wd=1e-05
  [Trial  82] blogcatalog_uniform_0.4 | acc=0.7208  (203.5s)  knn=s  k= 35  dexp=5.43  p_grd=0.283  unc_rem=0.497  unc_rel=0.217  drop=0.17  h=32  L=2  lr=0.01  wd=0.001
  [Trial  83] blogcatalog_uniform_0.4 | acc=0.7059  (111.9s)  knn=s  k= 40  dexp=9.48  p_grd=0.243  unc_rem=0.576  unc_rel=0.589  drop=0.10  h=128  L=2  lr=0.005  wd=0.0005
  [Trial  84] blogcatalog_uniform_0.4 | acc=0.6996  (100.0s)  knn=p  k= 24  dexp=9.04  p_grd=0.300  unc_rem=0.740  unc_rel=0.841  drop=0.16  h=128  L=2  lr=0.005  wd=0.0005
  [Trial  85] blogcatalog_uniform_0.4 | acc=0.6385  (59.7s)  knn=p  k= 24  dexp=8.27  p_grd=0.380  unc_rem=0.721  unc_rel=0.416  drop=0.12  h=128  L=2  lr=0.01  wd=0.01
  [Trial  86] blogcatalog_uniform_0.4 | acc=0.6481  (44.2s)  knn=s  k= 40  dexp=9.69  p_grd=0.212  unc_rem=0.707  unc_rel=0.245  drop=0.24  h=128  L=2  lr=0.005  wd=0.01
  [Trial  87] blogcatalog_uniform_0.4 | acc=0.6857  (69.4s)  knn=s  k= 40  dexp=5.01  p_grd=0.367  unc_rem=0.546  unc_rel=0.425  drop=0.13  h=64  L=2  lr=0.01  wd=0.0005
  [Trial  88] blogcatalog_uniform_0.4 | acc=0.4447  (61.5s)  knn=s  k= 35  dexp=8.15  p_grd=0.289  unc_rem=0.519  unc_rel=0.602  drop=0.14  h=128  L=2  lr=0.1  wd=0.0005
  [Trial  89] blogcatalog_uniform_0.4 | acc=0.6395  (138.5s)  knn=u  k=-    dexp=8.20  p_grd=0.417  unc_rem=0.375  unc_rel=0.122  drop=0.28  h=64  L=2  lr=0.05  wd=0.001
  [Trial  90] blogcatalog_uniform_0.4 | acc=0.7035  (68.8s)  knn=s  k= 35  dexp=5.36  p_grd=0.278  unc_rem=0.395  unc_rel=0.111  drop=0.41  h=32  L=2  lr=0.01  wd=0.001
  [Trial  91] blogcatalog_uniform_0.4 | acc=0.6667  (68.1s)  knn=p  k= 24  dexp=7.40  p_grd=0.420  unc_rem=0.391  unc_rel=0.410  drop=0.14  h=32  L=2  lr=0.001  wd=0.0005
  [Trial  92] blogcatalog_uniform_0.4 | acc=0.7179  (130.2s)  knn=s  k= 35  dexp=5.68  p_grd=0.278  unc_rem=0.438  unc_rel=0.167  drop=0.22  h=32  L=2  lr=0.01  wd=0.001
  [Trial  93] blogcatalog_uniform_0.4 | acc=0.4062  (37.5s)  knn=u  k=-    dexp=5.58  p_grd=0.182  unc_rem=0.876  unc_rel=0.306  drop=0.35  h=64  L=2  lr=0.001  wd=0.05
  [Trial  94] blogcatalog_uniform_0.4 | acc=0.5657  (106.8s)  knn=s  k= 40  dexp=6.98  p_grd=0.149  unc_rem=0.600  unc_rel=0.455  drop=0.23  h=128  L=4  lr=0.005  wd=0.0005
  [Trial  95] blogcatalog_uniform_0.4 | acc=0.6101  (56.5s)  knn=s  k= 35  dexp=8.65  p_grd=0.168  unc_rem=0.502  unc_rel=0.953  drop=0.15  h=128  L=1  lr=0.005  wd=0.001
  [Trial  96] blogcatalog_uniform_0.4 | acc=0.6407  (105.5s)  knn=d  k= 24  dexp=6.23  p_grd=0.102  unc_rem=0.698  unc_rel=0.136  drop=0.40  h=64  L=3  lr=0.001  wd=0.001
  [Trial  97] blogcatalog_uniform_0.4 | acc=0.7025  (83.4s)  knn=u  k=-    dexp=4.75  p_grd=0.330  unc_rem=0.126  unc_rel=0.084  drop=0.38  h=32  L=2  lr=0.005  wd=0.001
  [Trial  98] blogcatalog_uniform_0.4 | acc=0.6388  (79.2s)  knn=s  k= 45  dexp=9.77  p_grd=0.297  unc_rem=0.458  unc_rel=0.539  drop=0.15  h=128  L=3  lr=0.005  wd=5e-05
  [Trial  99] blogcatalog_uniform_0.4 | acc=0.4986  (52.1s)  knn=s  k= 35  dexp=4.43  p_grd=0.234  unc_rem=0.411  unc_rel=0.023  drop=0.17  h=32  L=2  lr=0.0001  wd=0.0005
  [Trial 100] blogcatalog_uniform_0.4 | acc=0.4526  (60.7s)  knn=s  k= 35  dexp=4.59  p_grd=0.085  unc_rem=0.409  unc_rel=0.363  drop=0.27  h=32  L=2  lr=0.0005  wd=0.001
  [Trial 101] blogcatalog_uniform_0.4 | acc=0.6854  (75.9s)  knn=s  k= 35  dexp=7.15  p_grd=0.199  unc_rem=0.771  unc_rel=0.483  drop=0.18  h=32  L=2  lr=0.01  wd=5e-05
  [Trial 102] blogcatalog_uniform_0.4 | acc=0.4329  (174.1s)  knn=p  k= 24  dexp=6.08  p_grd=0.441  unc_rem=0.589  unc_rel=0.675  drop=0.18  h=32  L=2  lr=0.01  wd=0.05
  [Trial 103] blogcatalog_uniform_0.4 | acc=0.7114  (48.7s)  knn=s  k= 35  dexp=6.07  p_grd=0.327  unc_rem=0.361  unc_rel=0.153  drop=0.15  h=32  L=2  lr=0.01  wd=0.001
  [Trial 104] blogcatalog_uniform_0.4 | acc=0.7078  (173.2s)  knn=p  k= 24  dexp=9.77  p_grd=0.409  unc_rem=0.664  unc_rel=0.456  drop=0.12  h=32  L=2  lr=0.01  wd=0.0005
  [Trial 105] blogcatalog_uniform_0.4 | acc=0.7023  (121.6s)  knn=p  k= 24  dexp=7.45  p_grd=0.427  unc_rem=0.727  unc_rel=0.359  drop=0.16  h=32  L=2  lr=0.01  wd=0.0005
  [Trial 106] blogcatalog_uniform_0.4 | acc=0.5423  (50.3s)  knn=s  k= 30  dexp=7.41  p_grd=0.346  unc_rem=0.718  unc_rel=0.427  drop=0.24  h=32  L=2  lr=0.05  wd=0.001
  [Trial 107] blogcatalog_uniform_0.4 | acc=0.3612  (164.1s)  knn=p  k= 24  dexp=3.92  p_grd=0.143  unc_rem=0.909  unc_rel=0.131  drop=0.43  h=64  L=2  lr=1e-05  wd=0.001
  [Trial 108] blogcatalog_uniform_0.4 | acc=0.6215  (149.4s)  knn=s  k= 30  dexp=4.42  p_grd=0.375  unc_rem=0.327  unc_rel=0.079  drop=0.10  h=32  L=2  lr=0.05  wd=0.001
  [Trial 109] blogcatalog_uniform_0.4 | acc=0.7042  (114.4s)  knn=u  k=-    dexp=8.78  p_grd=0.411  unc_rem=0.480  unc_rel=0.022  drop=0.14  h=128  L=2  lr=0.005  wd=0.001
  [Trial 110] blogcatalog_uniform_0.4 | acc=0.6469  (63.1s)  knn=s  k= 30  dexp=8.37  p_grd=0.332  unc_rem=0.529  unc_rel=0.090  drop=0.21  h=32  L=3  lr=0.01  wd=0.0001
  [Trial 111] blogcatalog_uniform_0.4 | acc=0.6912  (63.4s)  knn=s  k= 60  dexp=4.39  p_grd=0.223  unc_rem=0.478  unc_rel=0.028  drop=0.23  h=64  L=2  lr=0.01  wd=1e-05
  [Trial 112] blogcatalog_uniform_0.4 | acc=0.4728  (73.6s)  knn=d  k= 24  dexp=2.38  p_grd=0.016  unc_rem=0.965  unc_rel=0.477  drop=0.48  h=64  L=2  lr=0.001  wd=0.001
  [Trial 113] blogcatalog_uniform_0.4 | acc=0.2953  (68.8s)  knn=p  k= 24  dexp=9.17  p_grd=0.430  unc_rem=0.340  unc_rel=0.588  drop=0.19  h=128  L=2  lr=0.005  wd=0.1
  [Trial 114] blogcatalog_uniform_0.4 | acc=0.5724  (68.3s)  knn=p  k= 24  dexp=3.80  p_grd=0.161  unc_rem=0.765  unc_rel=0.307  drop=0.49  h=64  L=4  lr=0.001  wd=0.001
  [Trial 115] blogcatalog_uniform_0.4 | acc=0.6474  (235.1s)  knn=u  k=-    dexp=6.80  p_grd=0.273  unc_rem=0.622  unc_rel=0.172  drop=0.21  h=64  L=3  lr=0.005  wd=0.001
  [Trial 116] blogcatalog_uniform_0.4 | acc=0.6878  (130.2s)  knn=d  k= 24  dexp=5.51  p_grd=0.173  unc_rem=0.348  unc_rel=0.131  drop=0.20  h=32  L=2  lr=0.01  wd=0.0001
  [Trial 117] blogcatalog_uniform_0.4 | acc=0.7013  (168.7s)  knn=p  k= 24  dexp=4.51  p_grd=0.490  unc_rem=0.634  unc_rel=0.487  drop=0.25  h=128  L=2  lr=0.005  wd=0.0005
  [Trial 118] blogcatalog_uniform_0.4 | acc=0.6890  (85.6s)  knn=s  k= 45  dexp=8.45  p_grd=0.386  unc_rem=0.640  unc_rel=0.651  drop=0.17  h=16  L=2  lr=0.005  wd=0.005
  [Trial 119] blogcatalog_uniform_0.4 | acc=0.6311  (81.4s)  knn=s  k= 35  dexp=4.98  p_grd=0.312  unc_rem=0.520  unc_rel=0.064  drop=0.15  h=32  L=1  lr=0.01  wd=0.01
  [Trial 120] blogcatalog_uniform_0.4 | acc=0.6991  (46.0s)  knn=s  k= 45  dexp=7.26  p_grd=0.213  unc_rem=0.483  unc_rel=0.475  drop=0.17  h=16  L=2  lr=0.01  wd=0.001
  [Trial 121] blogcatalog_uniform_0.4 | acc=0.5825  (54.0s)  knn=s  k= 35  dexp=8.68  p_grd=0.388  unc_rem=0.179  unc_rel=0.063  drop=0.25  h=64  L=4  lr=0.005  wd=0.001
  [Trial 122] blogcatalog_uniform_0.4 | acc=0.6871  (237.6s)  knn=u  k=-    dexp=5.99  p_grd=0.334  unc_rem=0.240  unc_rel=0.172  drop=0.18  h=128  L=2  lr=0.001  wd=0.001
  [Trial 123] blogcatalog_uniform_0.4 | acc=0.7131  (46.6s)  knn=u  k=-    dexp=8.44  p_grd=0.338  unc_rem=0.628  unc_rel=0.107  drop=0.20  h=128  L=2  lr=0.005  wd=0.001
  [Trial 124] blogcatalog_uniform_0.4 | acc=0.6361  (61.1s)  knn=s  k= 35  dexp=6.28  p_grd=0.264  unc_rem=0.338  unc_rel=0.428  drop=0.13  h=32  L=2  lr=0.01  wd=0.01
  [Trial 125] blogcatalog_uniform_0.4 | acc=0.6222  (47.1s)  knn=s  k= 20  dexp=5.30  p_grd=0.490  unc_rem=0.648  unc_rel=0.119  drop=0.14  h=32  L=4  lr=0.005  wd=0.0005
  [Trial 126] blogcatalog_uniform_0.4 | acc=0.7011  (130.0s)  knn=s  k= 35  dexp=6.78  p_grd=0.417  unc_rem=0.483  unc_rel=0.350  drop=0.10  h=32  L=2  lr=0.01  wd=0.001
  [Trial 127] blogcatalog_uniform_0.4 | acc=0.6866  (129.1s)  knn=s  k= 35  dexp=8.48  p_grd=0.241  unc_rem=0.361  unc_rel=0.483  drop=0.11  h=128  L=2  lr=0.005  wd=0.0005
  [Trial 128] blogcatalog_uniform_0.4 | acc=0.3391  (65.5s)  knn=p  k= 24  dexp=8.56  p_grd=0.225  unc_rem=0.716  unc_rel=0.489  drop=0.12  h=32  L=2  lr=0.005  wd=0.1
  [Trial 129] blogcatalog_uniform_0.4 | acc=0.7068  (79.6s)  knn=p  k= 24  dexp=6.27  p_grd=0.318  unc_rem=0.381  unc_rel=0.044  drop=0.19  h=16  L=2  lr=0.005  wd=0.001
  [Trial 130] blogcatalog_uniform_0.4 | acc=0.2662  (53.4s)  knn=p  k= 20  dexp=6.60  p_grd=0.272  unc_rem=0.367  unc_rel=0.117  drop=0.15  h=16  L=2  lr=0.005  wd=0.1
  [Trial 131] blogcatalog_uniform_0.4 | acc=0.6977  (320.9s)  knn=p  k= 20  dexp=5.81  p_grd=0.443  unc_rem=0.384  unc_rel=0.085  drop=0.46  h=16  L=2  lr=0.005  wd=0.001
  [Trial 132] blogcatalog_uniform_0.4 | acc=0.6128  (73.1s)  knn=p  k=  8  dexp=9.69  p_grd=0.477  unc_rem=0.444  unc_rel=0.283  drop=0.14  h=32  L=1  lr=0.01  wd=0.001
  [Trial 133] blogcatalog_uniform_0.4 | acc=0.6563  (148.1s)  knn=s  k= 30  dexp=4.67  p_grd=0.211  unc_rem=0.214  unc_rel=0.157  drop=0.17  h=32  L=3  lr=0.01  wd=0.001
  [Trial 134] blogcatalog_uniform_0.4 | acc=0.1869  (73.3s)  knn=p  k= 24  dexp=9.01  p_grd=0.452  unc_rem=0.950  unc_rel=0.569  drop=0.10  h=32  L=2  lr=1e-05  wd=0.001
  [Trial 135] blogcatalog_uniform_0.4 | acc=0.6898  (71.5s)  knn=s  k= 30  dexp=9.24  p_grd=0.500  unc_rem=0.350  unc_rel=0.032  drop=0.19  h=32  L=2  lr=0.005  wd=0.005
  [Trial 136] blogcatalog_uniform_0.4 | acc=0.6907  (123.2s)  knn=u  k=-    dexp=5.19  p_grd=0.278  unc_rem=0.820  unc_rel=0.180  drop=0.34  h=128  L=2  lr=0.005  wd=0.001
  [Trial 137] blogcatalog_uniform_0.4 | acc=0.7177  (125.7s)  knn=s  k= 45  dexp=9.23  p_grd=0.395  unc_rem=0.523  unc_rel=0.038  drop=0.13  h=32  L=2  lr=0.01  wd=0.0005
  [Trial 138] blogcatalog_uniform_0.4 | acc=0.6876  (110.7s)  knn=d  k= 24  dexp=8.90  p_grd=0.434  unc_rem=0.659  unc_rel=0.444  drop=0.17  h=32  L=2  lr=0.01  wd=5e-05
  [Trial 139] blogcatalog_uniform_0.4 | acc=0.7201  (174.9s)  knn=s  k= 30  dexp=6.94  p_grd=0.425  unc_rem=0.485  unc_rel=0.081  drop=0.19  h=128  L=2  lr=0.01  wd=0.0005
  [Trial 140] blogcatalog_uniform_0.4 | acc=0.7148  (70.5s)  knn=d  k= 24  dexp=5.12  p_grd=0.341  unc_rem=0.358  unc_rel=0.045  drop=0.21  h=128  L=2  lr=0.01  wd=0.0005
  [Trial 141] blogcatalog_uniform_0.4 | acc=0.4772  (84.0s)  knn=d  k= 24  dexp=5.04  p_grd=0.446  unc_rem=0.633  unc_rel=0.042  drop=0.17  h=128  L=2  lr=0.1  wd=0.0005
  [Trial 142] blogcatalog_uniform_0.4 | acc=0.3095  (118.6s)  knn=d  k= 24  dexp=3.13  p_grd=0.338  unc_rem=0.385  unc_rel=0.022  drop=0.12  h=128  L=2  lr=1e-05  wd=1e-05
  [Trial 143] blogcatalog_uniform_0.4 | acc=0.5815  (135.2s)  knn=p  k= 24  dexp=6.57  p_grd=0.142  unc_rem=0.524  unc_rel=0.121  drop=0.35  h=16  L=3  lr=0.005  wd=0.001
  [Trial 144] blogcatalog_uniform_0.4 | acc=0.6931  (129.7s)  knn=s  k= 45  dexp=8.54  p_grd=0.324  unc_rem=0.932  unc_rel=0.095  drop=0.11  h=128  L=2  lr=0.01  wd=0.0005
  [Trial 145] blogcatalog_uniform_0.4 | acc=0.6337  (105.3s)  knn=p  k= 24  dexp=7.20  p_grd=0.257  unc_rem=0.147  unc_rel=0.131  drop=0.18  h=32  L=2  lr=0.0005  wd=0.001
  [Trial 146] blogcatalog_uniform_0.4 | acc=0.6830  (46.6s)  knn=p  k= 24  dexp=9.36  p_grd=0.240  unc_rem=0.373  unc_rel=0.516  drop=0.11  h=32  L=2  lr=0.01  wd=1e-05
  [Trial 147] blogcatalog_uniform_0.4 | acc=0.3131  (64.4s)  knn=p  k= 20  dexp=5.33  p_grd=0.331  unc_rem=0.084  unc_rel=0.101  drop=0.19  h=16  L=3  lr=0.1  wd=0.001
  [Trial 148] blogcatalog_uniform_0.4 | acc=0.5866  (82.3s)  knn=p  k= 24  dexp=6.91  p_grd=0.346  unc_rem=0.558  unc_rel=0.695  drop=0.10  h=128  L=2  lr=0.05  wd=5e-05
  [Trial 149] blogcatalog_uniform_0.4 | acc=0.6782  (52.3s)  knn=s  k= 35  dexp=2.26  p_grd=0.231  unc_rem=0.651  unc_rel=0.334  drop=0.18  h=32  L=2  lr=0.01  wd=0.001
  [Trial 150] blogcatalog_uniform_0.4 | acc=0.6919  (94.0s)  knn=d  k= 24  dexp=7.79  p_grd=0.230  unc_rem=0.193  unc_rel=0.113  drop=0.13  h=16  L=2  lr=0.005  wd=0.001
  [Trial 151] blogcatalog_uniform_0.4 | acc=0.6919  (58.0s)  knn=d  k= 24  dexp=8.87  p_grd=0.357  unc_rem=0.892  unc_rel=0.592  drop=0.18  h=16  L=2  lr=0.01  wd=0.0005
  [Trial 152] blogcatalog_uniform_0.4 | acc=0.6984  (77.5s)  knn=s  k= 55  dexp=5.60  p_grd=0.280  unc_rem=0.370  unc_rel=0.180  drop=0.22  h=128  L=2  lr=0.01  wd=0.0005
  [Trial 153] blogcatalog_uniform_0.4 | acc=0.7102  (159.0s)  knn=d  k= 24  dexp=6.74  p_grd=0.326  unc_rem=0.272  unc_rel=0.023  drop=0.26  h=128  L=2  lr=0.01  wd=0.0005
  [Trial 154] blogcatalog_uniform_0.4 | acc=0.6027  (188.4s)  knn=d  k= 21  dexp=6.73  p_grd=0.376  unc_rem=0.326  unc_rel=0.105  drop=0.30  h=128  L=4  lr=0.001  wd=0.0005
  [Trial 155] blogcatalog_uniform_0.4 | acc=0.4007  (46.8s)  knn=p  k= 24  dexp=7.95  p_grd=0.104  unc_rem=0.321  unc_rel=0.170  drop=0.15  h=16  L=2  lr=0.1  wd=0.001
  [Trial 156] blogcatalog_uniform_0.4 | acc=0.7092  (124.4s)  knn=d  k= 24  dexp=4.31  p_grd=0.340  unc_rem=0.259  unc_rel=0.241  drop=0.26  h=128  L=2  lr=0.01  wd=0.0005
  [Trial 157] blogcatalog_uniform_0.4 | acc=0.7148  (51.1s)  knn=d  k= 24  dexp=5.17  p_grd=0.253  unc_rem=0.222  unc_rel=0.051  drop=0.29  h=128  L=2  lr=0.01  wd=0.001
  [Trial 158] blogcatalog_uniform_0.4 | acc=0.3249  (288.1s)  knn=d  k= 24  dexp=4.89  p_grd=0.099  unc_rem=0.211  unc_rel=0.183  drop=0.41  h=128  L=2  lr=1e-05  wd=0.001
  [Trial 159] blogcatalog_uniform_0.4 | acc=0.6775  (47.7s)  knn=d  k= 24  dexp=5.24  p_grd=0.403  unc_rem=0.343  unc_rel=0.166  drop=0.51  h=128  L=2  lr=0.01  wd=0.0005
  [Trial 160] blogcatalog_uniform_0.4 | acc=0.6664  (73.1s)  knn=d  k= 24  dexp=4.34  p_grd=0.269  unc_rem=0.281  unc_rel=0.255  drop=0.31  h=128  L=2  lr=0.0005  wd=0.0001
  [Trial 161] blogcatalog_uniform_0.4 | acc=0.3531  (55.8s)  knn=d  k= 24  dexp=7.06  p_grd=0.246  unc_rem=0.080  unc_rel=0.026  drop=0.17  h=128  L=2  lr=0.01  wd=0.05
  [Trial 162] blogcatalog_uniform_0.4 | acc=0.4851  (77.1s)  knn=d  k= 20  dexp=6.13  p_grd=0.340  unc_rem=0.196  unc_rel=0.029  drop=0.35  h=16  L=2  lr=0.05  wd=0.0005
  [Trial 163] blogcatalog_uniform_0.4 | acc=0.5731  (126.7s)  knn=p  k= 24  dexp=2.96  p_grd=0.230  unc_rem=0.077  unc_rel=0.222  drop=0.24  h=128  L=2  lr=0.0001  wd=0.001
  [Trial 164] blogcatalog_uniform_0.4 | acc=0.6758  (167.9s)  knn=d  k= 20  dexp=1.14  p_grd=0.202  unc_rem=0.338  unc_rel=0.097  drop=0.37  h=128  L=2  lr=0.01  wd=0.005
  [Trial 165] blogcatalog_uniform_0.4 | acc=0.4858  (56.5s)  knn=d  k= 24  dexp=3.65  p_grd=0.244  unc_rem=0.161  unc_rel=0.222  drop=0.31  h=128  L=4  lr=0.01  wd=0.001
  [Trial 166] blogcatalog_uniform_0.4 | acc=0.7189  (121.8s)  knn=d  k= 24  dexp=5.26  p_grd=0.155  unc_rem=0.210  unc_rel=0.062  drop=0.33  h=64  L=2  lr=0.01  wd=0.001
  [Trial 167] blogcatalog_uniform_0.4 | acc=0.6989  (236.5s)  knn=d  k= 24  dexp=3.39  p_grd=0.387  unc_rem=0.288  unc_rel=0.115  drop=0.14  h=128  L=2  lr=0.01  wd=0.0005
  [Trial 168] blogcatalog_uniform_0.4 | acc=0.4935  (79.4s)  knn=d  k= 24  dexp=7.47  p_grd=0.257  unc_rem=0.084  unc_rel=0.254  drop=0.16  h=128  L=3  lr=0.05  wd=0.0005
  [Trial 169] blogcatalog_uniform_0.4 | acc=0.7150  (505.2s)  knn=d  k= 24  dexp=4.76  p_grd=0.233  unc_rem=0.242  unc_rel=0.104  drop=0.34  h=128  L=2  lr=0.01  wd=0.001
  [Trial 170] blogcatalog_uniform_0.4 | acc=0.7379  (135.1s)  knn=s  k= 35  dexp=9.55  p_grd=0.220  unc_rem=0.326  unc_rel=0.102  drop=0.10  h=32  L=2  lr=0.01  wd=0.001
  [Trial 171] blogcatalog_uniform_0.4 | acc=0.2944  (57.5s)  knn=d  k= 24  dexp=6.77  p_grd=0.221  unc_rem=0.258  unc_rel=0.213  drop=0.42  h=64  L=2  lr=0.01  wd=0.1
  [Trial 172] blogcatalog_uniform_0.4 | acc=0.6633  (49.4s)  knn=s  k= 35  dexp=9.89  p_grd=0.045  unc_rem=0.422  unc_rel=0.018  drop=0.13  h=32  L=2  lr=0.01  wd=0.001
  [Trial 173] blogcatalog_uniform_0.4 | acc=0.2511  (47.2s)  knn=s  k= 40  dexp=9.84  p_grd=0.476  unc_rem=0.515  unc_rel=0.114  drop=0.15  h=128  L=2  lr=1e-05  wd=0.0005
  [Trial 174] blogcatalog_uniform_0.4 | acc=0.7112  (132.7s)  knn=d  k= 24  dexp=2.83  p_grd=0.146  unc_rem=0.233  unc_rel=0.062  drop=0.36  h=64  L=2  lr=0.01  wd=0.001
  [Trial 175] blogcatalog_uniform_0.4 | acc=0.4966  (84.1s)  knn=d  k= 24  dexp=2.54  p_grd=0.154  unc_rem=0.335  unc_rel=0.034  drop=0.26  h=64  L=2  lr=0.0001  wd=0.001
  [Trial 176] blogcatalog_uniform_0.4 | acc=0.6950  (91.6s)  knn=d  k= 24  dexp=3.50  p_grd=0.126  unc_rem=0.231  unc_rel=0.115  drop=0.59  h=64  L=2  lr=0.01  wd=0.001
  [Trial 177] blogcatalog_uniform_0.4 | acc=0.6717  (104.3s)  knn=u  k=-    dexp=4.04  p_grd=0.256  unc_rem=0.336  unc_rel=0.049  drop=0.26  h=128  L=2  lr=0.01  wd=5e-05
  [Trial 178] blogcatalog_uniform_0.4 | acc=0.7109  (84.1s)  knn=d  k= 24  dexp=5.31  p_grd=0.205  unc_rem=0.282  unc_rel=0.137  drop=0.51  h=128  L=2  lr=0.01  wd=0.001
  [Trial 179] blogcatalog_uniform_0.4 | acc=0.5996  (176.1s)  knn=d  k= 24  dexp=3.21  p_grd=0.111  unc_rem=0.076  unc_rel=0.061  drop=0.35  h=64  L=1  lr=0.01  wd=0.01
  [Trial 180] blogcatalog_uniform_0.4 | acc=0.7116  (61.3s)  knn=d  k= 24  dexp=6.83  p_grd=0.187  unc_rem=0.495  unc_rel=0.324  drop=0.40  h=128  L=2  lr=0.01  wd=0.001
  [Trial 181] blogcatalog_uniform_0.4 | acc=0.4557  (76.4s)  knn=d  k= 24  dexp=7.96  p_grd=0.230  unc_rem=0.351  unc_rel=0.282  drop=0.66  h=128  L=2  lr=0.1  wd=0.001
  [Trial 182] blogcatalog_uniform_0.4 | acc=0.4901  (64.1s)  knn=s  k= 35  dexp=8.53  p_grd=0.444  unc_rem=0.392  unc_rel=0.170  drop=0.25  h=128  L=4  lr=0.01  wd=0.0005
  [Trial 183] blogcatalog_uniform_0.4 | acc=0.7249  (270.8s)  knn=d  k= 24  dexp=6.10  p_grd=0.118  unc_rem=0.562  unc_rel=0.499  drop=0.65  h=128  L=2  lr=0.01  wd=0.001
  [Trial 184] blogcatalog_uniform_0.4 | acc=0.7321  (60.8s)  knn=d  k= 24  dexp=7.28  p_grd=0.126  unc_rem=0.318  unc_rel=0.394  drop=0.41  h=128  L=2  lr=0.01  wd=0.001
  [Trial 185] blogcatalog_uniform_0.4 | acc=0.6813  (56.4s)  knn=s  k= 45  dexp=6.53  p_grd=0.454  unc_rem=0.583  unc_rel=0.396  drop=0.53  h=32  L=2  lr=0.005  wd=0.0005
  [Trial 186] blogcatalog_uniform_0.4 | acc=0.5633  (99.9s)  knn=d  k= 24  dexp=5.53  p_grd=0.098  unc_rem=0.637  unc_rel=0.666  drop=0.58  h=128  L=1  lr=0.0005  wd=0.001
  [Trial 187] blogcatalog_uniform_0.4 | acc=0.4998  (119.6s)  knn=d  k= 24  dexp=7.17  p_grd=0.020  unc_rem=0.680  unc_rel=0.670  drop=0.58  h=128  L=2  lr=0.01  wd=0.001
  [Trial 188] blogcatalog_uniform_0.4 | acc=0.6330  (85.2s)  knn=s  k= 35  dexp=8.48  p_grd=0.064  unc_rem=0.383  unc_rel=0.507  drop=0.36  h=128  L=2  lr=0.01  wd=1e-05
  [Trial 189] blogcatalog_uniform_0.4 | acc=0.7080  (103.3s)  knn=p  k= 20  dexp=4.86  p_grd=0.219  unc_rem=0.814  unc_rel=0.029  drop=0.82  h=64  L=2  lr=0.001  wd=0.001
  [Trial 190] blogcatalog_uniform_0.4 | acc=0.7196  (54.1s)  knn=d  k= 24  dexp=5.03  p_grd=0.188  unc_rem=0.115  unc_rel=0.260  drop=0.23  h=64  L=2  lr=0.01  wd=0.001
  [Trial 191] blogcatalog_uniform_0.4 | acc=0.7177  (109.0s)  knn=d  k= 24  dexp=8.37  p_grd=0.147  unc_rem=0.080  unc_rel=0.205  drop=0.23  h=64  L=2  lr=0.01  wd=0.001
  [Trial 192] blogcatalog_uniform_0.4 | acc=0.6138  (117.8s)  knn=s  k= 35  dexp=6.25  p_grd=0.280  unc_rem=0.694  unc_rel=0.217  drop=0.13  h=32  L=2  lr=0.001  wd=0.005
  [Trial 193] blogcatalog_uniform_0.4 | acc=0.6890  (54.2s)  knn=d  k=  5  dexp=8.24  p_grd=0.118  unc_rem=0.190  unc_rel=0.690  drop=0.39  h=128  L=2  lr=0.01  wd=5e-05
  [Trial 194] blogcatalog_uniform_0.4 | acc=0.6941  (79.1s)  knn=u  k=-    dexp=4.80  p_grd=0.174  unc_rem=0.523  unc_rel=0.510  drop=0.65  h=128  L=2  lr=0.01  wd=0.001
  [Trial 195] blogcatalog_uniform_0.4 | acc=0.5060  (84.0s)  knn=d  k= 24  dexp=5.95  p_grd=0.305  unc_rem=0.030  unc_rel=0.407  drop=0.11  h=64  L=2  lr=0.0001  wd=0.001
  [Trial 196] blogcatalog_uniform_0.4 | acc=0.7138  (46.5s)  knn=s  k= 35  dexp=8.65  p_grd=0.247  unc_rem=0.506  unc_rel=0.032  drop=0.11  h=32  L=2  lr=0.01  wd=0.0005
  [Trial 197] blogcatalog_uniform_0.4 | acc=0.6496  (45.3s)  knn=u  k=-    dexp=8.64  p_grd=0.372  unc_rem=0.232  unc_rel=0.217  drop=0.67  h=32  L=2  lr=0.001  wd=0.001
  [Trial 198] blogcatalog_uniform_0.4 | acc=0.7229  (62.8s)  knn=d  k= 20  dexp=7.71  p_grd=0.158  unc_rem=0.058  unc_rel=0.138  drop=0.11  h=64  L=2  lr=0.01  wd=0.001
  [Trial 199] blogcatalog_uniform_0.4 | acc=0.7241  (152.2s)  knn=u  k=-    dexp=8.41  p_grd=0.231  unc_rem=0.126  unc_rel=0.150  drop=0.28  h=64  L=2  lr=0.01  wd=0.001
  [Trial 200] blogcatalog_uniform_0.4 | acc=0.7172  (27.4s)  knn=u  k=-    dexp=8.85  p_grd=0.195  unc_rem=0.150  unc_rel=0.261  drop=0.26  h=64  L=2  lr=0.01  wd=0.001

[Optuna] Optimization done. 200/200 trials completed.

[Retest] (blogcatalog_uniform_0.4) Testing top-5 configs × 10 seeds...

  [Retest] (blogcatalog_uniform_0.4) Config 1/5: (Trial #169, Orig Acc: 0.7379)
           Params: {'knn_mode': 's', 'k': 35, 'dexp': 9.549208465955555, 'p_grd': 0.2201009812137794, 'unc_rem': 0.32572461329166746, 'unc_rel': 0.10231862440980755, 'dropout': 0.10151646736380084, 'n_hidden': 32, 'n_layer': 2, 'lr': 0.01, 'weight_decay': 0.001}
    [Retest] blogcatalog | Config 1 | Run 1/10 | seed=3000 | Acc: 0.7379 | Mean: 0.7379 | Time: 61.1s
    [Retest] blogcatalog | Config 1 | Run 2/10 | seed=3001 | Acc: 0.6902 | Mean: 0.7140 | Time: 196.7s
    [Retest] blogcatalog | Config 1 | Run 3/10 | seed=3002 | Acc: 0.6746 | Mean: 0.7009 | Time: 64.9s
    [Retest] blogcatalog | Config 1 | Run 4/10 | seed=3003 | Acc: 0.6797 | Mean: 0.6956 | Time: 46.6s
    [Retest] blogcatalog | Config 1 | Run 5/10 | seed=3004 | Acc: 0.6530 | Mean: 0.6871 | Time: 60.4s
    [Retest] blogcatalog | Config 1 | Run 6/10 | seed=3005 | Acc: 0.6898 | Mean: 0.6875 | Time: 71.1s
    [Retest] blogcatalog | Config 1 | Run 7/10 | seed=3006 | Acc: 0.6352 | Mean: 0.6800 | Time: 61.1s
    [Retest] blogcatalog | Config 1 | Run 8/10 | seed=3007 | Acc: 0.6809 | Mean: 0.6801 | Time: 136.5s
    [Retest] blogcatalog | Config 1 | Run 9/10 | seed=3008 | Acc: 0.6352 | Mean: 0.6751 | Time: 52.8s
    [Retest] blogcatalog | Config 1 | Run 10/10 | seed=3009 | Acc: 0.6886 | Mean: 0.6765 | Time: 138.1s
  [Retest] Config 1: mean=0.6765 ± 0.0288

  [Retest] (blogcatalog_uniform_0.4) Config 2/5: (Trial #183, Orig Acc: 0.7321)
           Params: {'knn_mode': 'd', 'k': 24, 'dexp': 7.2807259429980125, 'p_grd': 0.12567510151947003, 'unc_rem': 0.31800412023548413, 'unc_rel': 0.3941018449597516, 'dropout': 0.41458161152428796, 'n_hidden': 128, 'n_layer': 2, 'lr': 0.01, 'weight_decay': 0.001}
    [Retest] blogcatalog | Config 2 | Run 1/10 | seed=3000 | Acc: 0.7321 | Mean: 0.7321 | Time: 57.3s
    [Retest] blogcatalog | Config 2 | Run 2/10 | seed=3001 | Acc: 0.6849 | Mean: 0.7085 | Time: 58.8s
    [Retest] blogcatalog | Config 2 | Run 3/10 | seed=3002 | Acc: 0.6277 | Mean: 0.6816 | Time: 55.4s
    [Retest] blogcatalog | Config 2 | Run 4/10 | seed=3003 | Acc: 0.6768 | Mean: 0.6804 | Time: 112.7s
    [Retest] blogcatalog | Config 2 | Run 5/10 | seed=3004 | Acc: 0.6595 | Mean: 0.6762 | Time: 61.5s
    [Retest] blogcatalog | Config 2 | Run 6/10 | seed=3005 | Acc: 0.6671 | Mean: 0.6747 | Time: 73.6s
    [Retest] blogcatalog | Config 2 | Run 7/10 | seed=3006 | Acc: 0.6777 | Mean: 0.6751 | Time: 112.3s
    [Retest] blogcatalog | Config 2 | Run 8/10 | seed=3007 | Acc: 0.6717 | Mean: 0.6747 | Time: 39.8s
    [Retest] blogcatalog | Config 2 | Run 9/10 | seed=3008 | Acc: 0.6037 | Mean: 0.6668 | Time: 102.7s
    [Retest] blogcatalog | Config 2 | Run 10/10 | seed=3009 | Acc: 0.6438 | Mean: 0.6645 | Time: 49.7s
  [Retest] Config 2: mean=0.6645 ± 0.0330

  [Retest] (blogcatalog_uniform_0.4) Config 3/5: (Trial #182, Orig Acc: 0.7249)
           Params: {'knn_mode': 'd', 'k': 24, 'dexp': 6.100856822782988, 'p_grd': 0.11771155288168558, 'unc_rem': 0.5619139035960381, 'unc_rel': 0.49866994667148784, 'dropout': 0.6526798354880274, 'n_hidden': 128, 'n_layer': 2, 'lr': 0.01, 'weight_decay': 0.001}
    [Retest] blogcatalog | Config 3 | Run 1/10 | seed=3000 | Acc: 0.7246 | Mean: 0.7246 | Time: 45.6s
    [Retest] blogcatalog | Config 3 | Run 2/10 | seed=3001 | Acc: 0.6861 | Mean: 0.7054 | Time: 144.7s
    [Retest] blogcatalog | Config 3 | Run 3/10 | seed=3002 | Acc: 0.6154 | Mean: 0.6754 | Time: 51.8s
    [Retest] blogcatalog | Config 3 | Run 4/10 | seed=3003 | Acc: 0.6640 | Mean: 0.6726 | Time: 168.9s
    [Retest] blogcatalog | Config 3 | Run 5/10 | seed=3004 | Acc: 0.6306 | Mean: 0.6642 | Time: 50.9s
    [Retest] blogcatalog | Config 3 | Run 6/10 | seed=3005 | Acc: 0.6965 | Mean: 0.6696 | Time: 39.5s
    [Retest] blogcatalog | Config 3 | Run 7/10 | seed=3006 | Acc: 0.6532 | Mean: 0.6672 | Time: 91.3s
    [Retest] blogcatalog | Config 3 | Run 8/10 | seed=3007 | Acc: 0.6481 | Mean: 0.6648 | Time: 58.0s
    [Retest] blogcatalog | Config 3 | Run 9/10 | seed=3008 | Acc: 0.6210 | Mean: 0.6600 | Time: 61.5s
    [Retest] blogcatalog | Config 3 | Run 10/10 | seed=3009 | Acc: 0.6710 | Mean: 0.6611 | Time: 199.2s
  [Retest] Config 3: mean=0.6611 ± 0.0330

  [Retest] (blogcatalog_uniform_0.4) Config 4/5: (Trial #198, Orig Acc: 0.7241)
           Params: {'knn_mode': 'u', 'dexp': 8.409895469758684, 'p_grd': 0.2308903807465633, 'unc_rem': 0.12598358297659273, 'unc_rel': 0.15046972721179752, 'dropout': 0.27889938342381243, 'n_hidden': 64, 'n_layer': 2, 'lr': 0.01, 'weight_decay': 0.001}
    [Retest] blogcatalog | Config 4 | Run 1/10 | seed=3000 | Acc: 0.7241 | Mean: 0.7241 | Time: 96.7s
    [Retest] blogcatalog | Config 4 | Run 2/10 | seed=3001 | Acc: 0.7015 | Mean: 0.7128 | Time: 101.7s
    [Retest] blogcatalog | Config 4 | Run 3/10 | seed=3002 | Acc: 0.6785 | Mean: 0.7014 | Time: 62.1s
    [Retest] blogcatalog | Config 4 | Run 4/10 | seed=3003 | Acc: 0.6580 | Mean: 0.6905 | Time: 61.8s
    [Retest] blogcatalog | Config 4 | Run 5/10 | seed=3004 | Acc: 0.6551 | Mean: 0.6835 | Time: 46.9s
    [Retest] blogcatalog | Config 4 | Run 6/10 | seed=3005 | Acc: 0.6845 | Mean: 0.6836 | Time: 200.9s
    [Retest] blogcatalog | Config 4 | Run 7/10 | seed=3006 | Acc: 0.6556 | Mean: 0.6796 | Time: 21.8s
    [Retest] blogcatalog | Config 4 | Run 8/10 | seed=3007 | Acc: 0.6734 | Mean: 0.6788 | Time: 99.9s
    [Retest] blogcatalog | Config 4 | Run 9/10 | seed=3008 | Acc: 0.6409 | Mean: 0.6746 | Time: 62.7s
    [Retest] blogcatalog | Config 4 | Run 10/10 | seed=3009 | Acc: 0.6806 | Mean: 0.6752 | Time: 25.5s
  [Retest] Config 4: mean=0.6752 ± 0.0234

  [Retest] (blogcatalog_uniform_0.4) Config 5/5: (Trial #197, Orig Acc: 0.7229)
           Params: {'knn_mode': 'd', 'k': 20, 'dexp': 7.7095393841374396, 'p_grd': 0.15810152120434587, 'unc_rem': 0.05803995769940985, 'unc_rel': 0.13752012128588104, 'dropout': 0.10883017636874835, 'n_hidden': 64, 'n_layer': 2, 'lr': 0.01, 'weight_decay': 0.001}
    [Retest] blogcatalog | Config 5 | Run 1/10 | seed=3000 | Acc: 0.7227 | Mean: 0.7227 | Time: 188.8s
    [Retest] blogcatalog | Config 5 | Run 2/10 | seed=3001 | Acc: 0.6828 | Mean: 0.7027 | Time: 189.8s
    [Retest] blogcatalog | Config 5 | Run 3/10 | seed=3002 | Acc: 0.6489 | Mean: 0.6848 | Time: 169.6s
    [Retest] blogcatalog | Config 5 | Run 4/10 | seed=3003 | Acc: 0.6486 | Mean: 0.6757 | Time: 162.1s
    [Retest] blogcatalog | Config 5 | Run 5/10 | seed=3004 | Acc: 0.6344 | Mean: 0.6675 | Time: 105.7s
    [Retest] blogcatalog | Config 5 | Run 6/10 | seed=3005 | Acc: 0.6888 | Mean: 0.6710 | Time: 67.8s
    [Retest] blogcatalog | Config 5 | Run 7/10 | seed=3006 | Acc: 0.6501 | Mean: 0.6680 | Time: 78.9s
    [Retest] blogcatalog | Config 5 | Run 8/10 | seed=3007 | Acc: 0.6549 | Mean: 0.6664 | Time: 89.6s
    [Retest] blogcatalog | Config 5 | Run 9/10 | seed=3008 | Acc: 0.6330 | Mean: 0.6627 | Time: 45.2s
    [Retest] blogcatalog | Config 5 | Run 10/10 | seed=3009 | Acc: 0.6650 | Mean: 0.6629 | Time: 57.0s
  [Retest] Config 5: mean=0.6629 ± 0.0264

[Optuna] Success: Best config saved to log/hpo_db.json:
         {'knn_mode': 's', 'k': 35, 'dexp': 9.549208465955555, 'p_grd': 0.2201009812137794, 'unc_rem': 0.32572461329166746, 'unc_rel': 0.10231862440980755, 'dropout': 0.10151646736380084, 'n_hidden': 32, 'n_layer': 2, 'lr': 0.01, 'weight_decay': 0.001}
[Optuna] Success: Best retest mean accuracy: 0.6765
[Optuna] Success: Done marker: ./log/nni_done\lnpcc_blogcatalog_uniform_0.4.done
  [HPO] Done marker saved: ./log/nni_done\lnpcc_blogcatalog_uniform_0.4.done
[total_exp] --hpo_only: skipping benchmark runs.
[worker] OK DONE  hpo_blogcatalog_uniform_0.4  gpu=0  418.5 min  rc=0
