[worker] START  lnpcc_cora_random_0.2  gpu=0
======================================================================
GCN + LN-PCC -- NoisyGL Benchmark (Unified)
Start          : 2026-04-21 16:11:52
Variants       : ['lnpcc']
Datasets       : ['cora']
Noise          : [[0.2, 'random']]
Runs           : 10  (seeds 3000..3009)
Device         : cuda:0
======================================================================
[HPO] Loaded 160 optimized scenarios from log/hpo_db.json
----Data statistics------'
                Name: cora
                #Nodes 2708
                #Edges 5278
                #Classes 7
                #Ave_degree 3.90
----Split statistics------'
                #Train samples 140 (default)
                #Val samples 500 (default)
                #Test samples 1000 (default)

============================================================
  lnpcc | cora | random 0.2
============================================================
  [HPO] Applying optimized params for cora_random_0.2
    [16:12:12] cora | random 0.2 | lnpcc | run  1/10 | seed=3000 | acc=0.7820 | mean=0.7820 | time=17.14s
  [HPO] Applying optimized params for cora_random_0.2
    [16:12:31] cora | random 0.2 | lnpcc | run  2/10 | seed=3001 | acc=0.7430 | mean=0.7625 | time=16.17s
  [HPO] Applying optimized params for cora_random_0.2
    [16:12:50] cora | random 0.2 | lnpcc | run  3/10 | seed=3002 | acc=0.7440 | mean=0.7563 | time=14.32s
  [HPO] Applying optimized params for cora_random_0.2
    [16:13:07] cora | random 0.2 | lnpcc | run  4/10 | seed=3003 | acc=0.7230 | mean=0.7480 | time=13.87s
  [HPO] Applying optimized params for cora_random_0.2
    [16:13:34] cora | random 0.2 | lnpcc | run  5/10 | seed=3004 | acc=0.7630 | mean=0.7510 | time=23.97s
  [HPO] Applying optimized params for cora_random_0.2
    [16:13:50] cora | random 0.2 | lnpcc | run  6/10 | seed=3005 | acc=0.7390 | mean=0.7490 | time=13.55s
  [HPO] Applying optimized params for cora_random_0.2
    [16:14:11] cora | random 0.2 | lnpcc | run  7/10 | seed=3006 | acc=0.7800 | mean=0.7534 | time=17.84s
  [HPO] Applying optimized params for cora_random_0.2
    [16:14:26] cora | random 0.2 | lnpcc | run  8/10 | seed=3007 | acc=0.7510 | mean=0.7531 | time=11.84s
  [HPO] Applying optimized params for cora_random_0.2
    [16:14:38] cora | random 0.2 | lnpcc | run  9/10 | seed=3008 | acc=0.7750 | mean=0.7556 | time=10.23s
  [HPO] Applying optimized params for cora_random_0.2
    [16:14:50] cora | random 0.2 | lnpcc | run 10/10 | seed=3009 | acc=0.7780 | mean=0.7578 | time=9.62s
  -> mean=0.7578 +/- 0.0196

[OK] Partial CSV: ./log\partial\partial_lnpcc_cora_random_0.2.csv
End: 2026-04-21 16:14:50

[worker] OK DONE  lnpcc_cora_random_0.2  gpu=0  3.1 min  rc=0
