[worker] START  lnpcc_amazoncom_random_0.3  gpu=0
======================================================================
GCN + LN-PCC -- NoisyGL Benchmark (Unified)
Start          : 2026-04-21 17:23:53
Variants       : ['lnpcc']
Datasets       : ['amazoncom']
Noise          : [[0.3, 'random']]
Runs           : 10  (seeds 3000..3009)
Device         : cuda:0
======================================================================
[HPO] Loaded 160 optimized scenarios from log/hpo_db.json
----Data statistics------'
                Name: amazoncom
                #Nodes 13752
                #Edges 245861
                #Classes 10
                #Ave_degree 35.76
----Split statistics------'
                #Train samples 200 (20 nodes per class)
                #Val samples 500 (specified)
                #Test samples 1000 (specified)

============================================================
  lnpcc | amazoncom | random 0.3
============================================================
  [HPO] Applying optimized params for amazoncom_random_0.3
    [17:24:15] amazoncom | random 0.3 | lnpcc | run  1/10 | seed=3000 | acc=0.7580 | mean=0.7580 | time=21.10s
  [HPO] Applying optimized params for amazoncom_random_0.3
    [17:24:42] amazoncom | random 0.3 | lnpcc | run  2/10 | seed=3001 | acc=0.7780 | mean=0.7680 | time=25.76s
  [HPO] Applying optimized params for amazoncom_random_0.3
    [17:25:13] amazoncom | random 0.3 | lnpcc | run  3/10 | seed=3002 | acc=0.7450 | mean=0.7603 | time=29.84s
  [HPO] Applying optimized params for amazoncom_random_0.3
    [17:25:38] amazoncom | random 0.3 | lnpcc | run  4/10 | seed=3003 | acc=0.7510 | mean=0.7580 | time=24.60s
  [HPO] Applying optimized params for amazoncom_random_0.3
    [17:26:04] amazoncom | random 0.3 | lnpcc | run  5/10 | seed=3004 | acc=0.7310 | mean=0.7526 | time=24.78s
  [HPO] Applying optimized params for amazoncom_random_0.3
    [17:26:30] amazoncom | random 0.3 | lnpcc | run  6/10 | seed=3005 | acc=0.7440 | mean=0.7512 | time=25.81s
  [HPO] Applying optimized params for amazoncom_random_0.3
    [17:26:56] amazoncom | random 0.3 | lnpcc | run  7/10 | seed=3006 | acc=0.7050 | mean=0.7446 | time=25.27s
  [HPO] Applying optimized params for amazoncom_random_0.3
    [17:27:21] amazoncom | random 0.3 | lnpcc | run  8/10 | seed=3007 | acc=0.7700 | mean=0.7478 | time=22.57s
  [HPO] Applying optimized params for amazoncom_random_0.3
    [17:27:46] amazoncom | random 0.3 | lnpcc | run  9/10 | seed=3008 | acc=0.7250 | mean=0.7452 | time=23.39s
  [HPO] Applying optimized params for amazoncom_random_0.3
    [17:28:11] amazoncom | random 0.3 | lnpcc | run 10/10 | seed=3009 | acc=0.7390 | mean=0.7446 | time=23.18s
  -> mean=0.7446 +/- 0.0204

[OK] Partial CSV: ./log\partial\partial_lnpcc_amazoncom_random_0.3.csv
End: 2026-04-21 17:28:11

[worker] OK DONE  lnpcc_amazoncom_random_0.3  gpu=0  4.4 min  rc=0
