[worker] START  lnpcc_amazonpho_random_0.1  gpu=1
======================================================================
GCN + LN-PCC -- NoisyGL Benchmark (Unified)
Start          : 2026-04-21 14:27:45
Variants       : ['lnpcc']
Datasets       : ['amazonpho']
Noise          : [[0.1, 'random']]
Runs           : 10  (seeds 3000..3009)
Device         : cuda:1
======================================================================
[HPO] Loaded 160 optimized scenarios from log/hpo_db.json
----Data statistics------'
                Name: amazonpho
                #Nodes 7650
                #Edges 119081
                #Classes 8
                #Ave_degree 31.13
----Split statistics------'
                #Train samples 160 (20 nodes per class)
                #Val samples 500 (specified)
                #Test samples 1000 (specified)

============================================================
  lnpcc | amazonpho | random 0.1
============================================================
  [HPO] Applying optimized params for amazonpho_random_0.1
    [14:28:13] amazonpho | random 0.1 | lnpcc | run  1/10 | seed=3000 | acc=0.9170 | mean=0.9170 | time=25.28s
  [HPO] Applying optimized params for amazonpho_random_0.1
    [14:28:50] amazonpho | random 0.1 | lnpcc | run  2/10 | seed=3001 | acc=0.8950 | mean=0.9060 | time=30.00s
  [HPO] Applying optimized params for amazonpho_random_0.1
    [14:29:23] amazonpho | random 0.1 | lnpcc | run  3/10 | seed=3002 | acc=0.8950 | mean=0.9023 | time=31.39s
  [HPO] Applying optimized params for amazonpho_random_0.1
    [14:30:09] amazonpho | random 0.1 | lnpcc | run  4/10 | seed=3003 | acc=0.8690 | mean=0.8940 | time=35.83s
  [HPO] Applying optimized params for amazonpho_random_0.1
    [14:30:50] amazonpho | random 0.1 | lnpcc | run  5/10 | seed=3004 | acc=0.9040 | mean=0.8960 | time=39.26s
  [HPO] Applying optimized params for amazonpho_random_0.1
    [14:31:30] amazonpho | random 0.1 | lnpcc | run  6/10 | seed=3005 | acc=0.8920 | mean=0.8953 | time=37.38s
  [HPO] Applying optimized params for amazonpho_random_0.1
    [14:32:21] amazonpho | random 0.1 | lnpcc | run  7/10 | seed=3006 | acc=0.9140 | mean=0.8980 | time=39.68s
  [HPO] Applying optimized params for amazonpho_random_0.1
    [14:33:03] amazonpho | random 0.1 | lnpcc | run  8/10 | seed=3007 | acc=0.9130 | mean=0.8999 | time=38.86s
  [HPO] Applying optimized params for amazonpho_random_0.1
    [14:33:49] amazonpho | random 0.1 | lnpcc | run  9/10 | seed=3008 | acc=0.9100 | mean=0.9010 | time=41.33s
  [HPO] Applying optimized params for amazonpho_random_0.1
    [14:34:40] amazonpho | random 0.1 | lnpcc | run 10/10 | seed=3009 | acc=0.9050 | mean=0.9014 | time=46.50s
  -> mean=0.9014 +/- 0.0136

[OK] Partial CSV: ./log\partial\partial_lnpcc_amazonpho_random_0.1.csv
End: 2026-04-21 14:34:40

[worker] OK DONE  lnpcc_amazonpho_random_0.1  gpu=1  7.1 min  rc=0
