[worker] START  lnpcc_flickr_random_0.1  gpu=1
======================================================================
GCN + LN-PCC -- NoisyGL Benchmark (Unified)
Start          : 2026-04-21 15:07:46
Variants       : ['lnpcc']
Datasets       : ['flickr']
Noise          : [[0.1, 'random']]
Runs           : 10  (seeds 3000..3009)
Device         : cuda:1
======================================================================
[HPO] Loaded 160 optimized scenarios from log/hpo_db.json
----Data statistics------'
                Name: flickr
                #Nodes 7575
                #Edges 239738
                #Classes 9
                #Ave_degree 63.30
----Split statistics------'
                #Train samples 378 (5.0 % of nodes)
                #Val samples 1136 (15.0 % of nodes)
                #Test samples 6061 (remaining)

============================================================
  lnpcc | flickr | random 0.1
============================================================
  [HPO] Applying optimized params for flickr_random_0.1
    [15:11:38] flickr | random 0.1 | lnpcc | run  1/10 | seed=3000 | acc=0.5738 | mean=0.5738 | time=216.98s
  [HPO] Applying optimized params for flickr_random_0.1
    [15:15:20] flickr | random 0.1 | lnpcc | run  2/10 | seed=3001 | acc=0.5570 | mean=0.5654 | time=218.86s
  [HPO] Applying optimized params for flickr_random_0.1
    [15:19:20] flickr | random 0.1 | lnpcc | run  3/10 | seed=3002 | acc=0.5806 | mean=0.5705 | time=234.81s
  [HPO] Applying optimized params for flickr_random_0.1
    [15:22:28] flickr | random 0.1 | lnpcc | run  4/10 | seed=3003 | acc=0.5555 | mean=0.5667 | time=183.09s
  [HPO] Applying optimized params for flickr_random_0.1
    [15:26:02] flickr | random 0.1 | lnpcc | run  5/10 | seed=3004 | acc=0.5839 | mean=0.5702 | time=208.60s
  [HPO] Applying optimized params for flickr_random_0.1
    [15:30:16] flickr | random 0.1 | lnpcc | run  6/10 | seed=3005 | acc=0.5753 | mean=0.5710 | time=248.68s
  [HPO] Applying optimized params for flickr_random_0.1
    [15:33:36] flickr | random 0.1 | lnpcc | run  7/10 | seed=3006 | acc=0.5872 | mean=0.5733 | time=195.66s
  [HPO] Applying optimized params for flickr_random_0.1
    [15:37:21] flickr | random 0.1 | lnpcc | run  8/10 | seed=3007 | acc=0.5874 | mean=0.5751 | time=218.40s
  [HPO] Applying optimized params for flickr_random_0.1
    [15:41:07] flickr | random 0.1 | lnpcc | run  9/10 | seed=3008 | acc=0.5763 | mean=0.5752 | time=222.66s
  [HPO] Applying optimized params for flickr_random_0.1
    [15:44:40] flickr | random 0.1 | lnpcc | run 10/10 | seed=3009 | acc=0.5695 | mean=0.5747 | time=207.75s
  -> mean=0.5747 +/- 0.0107

[OK] Partial CSV: ./log\partial\partial_lnpcc_flickr_random_0.1.csv
End: 2026-04-21 15:44:40

[worker] OK DONE  lnpcc_flickr_random_0.1  gpu=1  42.2 min  rc=0
