[worker] START  lnpcc_roman-empire_pair_0.5  gpu=1
 [Worker-102080] CRITICAL: Unable to allocate 341. MiB for an array with shape (22662, 1975) and data type int64
Traceback (most recent call last):
  File "C:\Users\fbrev\Documents\Acadêmico\Simulações\Python\NoisyGL\predictor\LNPCC_Predictor.py", line 490, in run_pcc_thread
    neib_list_knn, neib_qt_knn = build_knn_graph(feats_std, k_nn=k, n_jobs=n_jobs)
                                 ^^^^^^^^^^^^^^^^^^^^^^^^^^^^^^^^^^^^^^^^^^^^^^^^^
  File "C:\Users\fbrev\Documents\Acadêmico\Simulações\Python\GCN+LNPCC\lnpcc_graph.py", line 228, in build_knn_graph
    neib_list = np.full((n_nodes, max_deg), -1, dtype=np.int64)
                ^^^^^^^^^^^^^^^^^^^^^^^^^^^^^^^^^^^^^^^^^^^^^^^
  File "C:\Users\fbrev\anaconda3\envs\noisygl\Lib\site-packages\numpy\core\numeric.py", line 329, in full
    a = empty(shape, dtype, order)
        ^^^^^^^^^^^^^^^^^^^^^^^^^^
numpy.core._exceptions._ArrayMemoryError: Unable to allocate 341. MiB for an array with shape (22662, 1975) and data type int64

======================================================================
GCN + LN-PCC -- NoisyGL Benchmark (Unified)
Start          : 2026-04-21 14:02:24
Variants       : ['lnpcc']
Datasets       : ['roman-empire']
Noise          : [[0.5, 'pair']]
Runs           : 10  (seeds 3000..3009)
Device         : cuda:1
======================================================================
[HPO] Loaded 160 optimized scenarios from log/hpo_db.json
----Data statistics------'
                Name: roman-empire
                #Nodes 22662
                #Edges 32927
                #Classes 18
                #Ave_degree 2.91
----Split statistics------'
                #Train samples 1133 (5.0 % of nodes)
                #Val samples 3399 (15.0 % of nodes)
                #Test samples 18130 (remaining)

============================================================
  lnpcc | roman-empire | pair 0.5
============================================================
  [HPO] Applying optimized params for roman-empire_pair_0.5
  run  1/10 attempt 1 | seed=3000 | ERROR: Subprocess exception:
Unable to allocate 341. MiB for an array with shape (22662, 1975) and data type int64
Traceback (most recent call last):
  File "C:\Users\fbrev\Documents\Acadêmico\Simulações\Python\NoisyGL\predictor\LNPCC_Predictor.py", line 490, in run_pcc_thread
    neib_list_knn, neib_qt_knn = build_knn_graph(feats_std, k_nn=k, n_jobs=n_jobs)
                                 ^^^^^^^^^^^^^^^^^^^^^^^^^^^^^^^^^^^^^^^^^^^^^^^^^
  File "C:\Users\fbrev\Documents\Acadêmico\Simulações\Python\GCN+LNPCC\lnpcc_graph.py", line 228, in build_knn_graph
    neib_list = np.full((n_nodes, max_deg), -1, dtype=np.int64)
                ^^^^^^^^^^^^^^^^^^^^^^^^^^^^^^^^^^^^^^^^^^^^^^^
  File "C:\Users\fbrev\anaconda3\envs\noisygl\Lib\site-packages\numpy\core\numeric.py", line 329, in full
    a = empty(shape, dtype, order)
        ^^^^^^^^^^^^^^^^^^^^^^^^^^
numpy.core._exceptions._ArrayMemoryError: Unable to allocate 341. MiB for an array with shape (22662, 1975) and data type int64
 — retrying...
  [HPO] Applying optimized params for roman-empire_pair_0.5
    [14:09:00] roman-empire | pair 0.5 | lnpcc | run  1/10 | seed=3001 | acc=0.2437 | mean=0.2437 | time=369.53s
  [HPO] Applying optimized params for roman-empire_pair_0.5
    [14:18:58] roman-empire | pair 0.5 | lnpcc | run  2/10 | seed=3002 | acc=0.2600 | mean=0.2518 | time=597.29s
  [HPO] Applying optimized params for roman-empire_pair_0.5
    [14:28:27] roman-empire | pair 0.5 | lnpcc | run  3/10 | seed=3003 | acc=0.2322 | mean=0.2453 | time=568.38s
  [HPO] Applying optimized params for roman-empire_pair_0.5
    [14:39:57] roman-empire | pair 0.5 | lnpcc | run  4/10 | seed=3004 | acc=0.2488 | mean=0.2462 | time=686.97s
  [HPO] Applying optimized params for roman-empire_pair_0.5
    [14:51:19] roman-empire | pair 0.5 | lnpcc | run  5/10 | seed=3005 | acc=0.2407 | mean=0.2451 | time=679.18s
  [HPO] Applying optimized params for roman-empire_pair_0.5
    [14:59:28] roman-empire | pair 0.5 | lnpcc | run  6/10 | seed=3006 | acc=0.2569 | mean=0.2470 | time=478.63s
  [HPO] Applying optimized params for roman-empire_pair_0.5
    [15:09:37] roman-empire | pair 0.5 | lnpcc | run  7/10 | seed=3007 | acc=0.2441 | mean=0.2466 | time=608.97s
  [HPO] Applying optimized params for roman-empire_pair_0.5
    [15:20:14] roman-empire | pair 0.5 | lnpcc | run  8/10 | seed=3008 | acc=0.2526 | mean=0.2474 | time=634.95s
  [HPO] Applying optimized params for roman-empire_pair_0.5
    [15:28:42] roman-empire | pair 0.5 | lnpcc | run  9/10 | seed=3009 | acc=0.2628 | mean=0.2491 | time=506.68s
  [HPO] Applying optimized params for roman-empire_pair_0.5
    [15:38:38] roman-empire | pair 0.5 | lnpcc | run 10/10 | seed=3010 | acc=0.2632 | mean=0.2505 | time=592.74s
  -> mean=0.2505 +/- 0.0098

[OK] Partial CSV: ./log\partial\partial_lnpcc_roman-empire_pair_0.5.csv
End: 2026-04-21 15:38:38

[worker] OK DONE  lnpcc_roman-empire_pair_0.5  gpu=1  96.4 min  rc=0
