[worker] START  lnpcc_pubmed_random_0.3  gpu=1
======================================================================
GCN + LN-PCC -- NoisyGL Benchmark (Unified)
Start          : 2026-04-21 16:01:43
Variants       : ['lnpcc']
Datasets       : ['pubmed']
Noise          : [[0.3, 'random']]
Runs           : 10  (seeds 3000..3009)
Device         : cuda:1
======================================================================
[HPO] Loaded 160 optimized scenarios from log/hpo_db.json
----Data statistics------'
                Name: pubmed
                #Nodes 19717
                #Edges 44324
                #Classes 3
                #Ave_degree 4.50
----Split statistics------'
                #Train samples 60 (default)
                #Val samples 500 (default)
                #Test samples 1000 (default)

============================================================
  lnpcc | pubmed | random 0.3
============================================================
  [HPO] Applying optimized params for pubmed_random_0.3
    [16:02:24] pubmed | random 0.3 | lnpcc | run  1/10 | seed=3000 | acc=0.7610 | mean=0.7610 | time=31.61s
  [HPO] Applying optimized params for pubmed_random_0.3
    [16:03:13] pubmed | random 0.3 | lnpcc | run  2/10 | seed=3001 | acc=0.5740 | mean=0.6675 | time=43.21s
  [HPO] Applying optimized params for pubmed_random_0.3
    [16:03:47] pubmed | random 0.3 | lnpcc | run  3/10 | seed=3002 | acc=0.6240 | mean=0.6530 | time=29.10s
  [HPO] Applying optimized params for pubmed_random_0.3
    [16:04:13] pubmed | random 0.3 | lnpcc | run  4/10 | seed=3003 | acc=0.6340 | mean=0.6482 | time=23.06s
  [HPO] Applying optimized params for pubmed_random_0.3
    [16:04:44] pubmed | random 0.3 | lnpcc | run  5/10 | seed=3004 | acc=0.6980 | mean=0.6582 | time=27.42s
  [HPO] Applying optimized params for pubmed_random_0.3
    [16:05:11] pubmed | random 0.3 | lnpcc | run  6/10 | seed=3005 | acc=0.6650 | mean=0.6593 | time=24.42s
  [HPO] Applying optimized params for pubmed_random_0.3
    [16:05:47] pubmed | random 0.3 | lnpcc | run  7/10 | seed=3006 | acc=0.6650 | mean=0.6601 | time=33.65s
  [HPO] Applying optimized params for pubmed_random_0.3
    [16:06:13] pubmed | random 0.3 | lnpcc | run  8/10 | seed=3007 | acc=0.5700 | mean=0.6489 | time=22.39s
  [HPO] Applying optimized params for pubmed_random_0.3
    [16:06:41] pubmed | random 0.3 | lnpcc | run  9/10 | seed=3008 | acc=0.7130 | mean=0.6560 | time=24.32s
  [HPO] Applying optimized params for pubmed_random_0.3
    [16:07:19] pubmed | random 0.3 | lnpcc | run 10/10 | seed=3009 | acc=0.6470 | mean=0.6551 | time=33.03s
  -> mean=0.6551 +/- 0.0565

[OK] Partial CSV: ./log\partial\partial_lnpcc_pubmed_random_0.3.csv
End: 2026-04-21 16:07:19

[worker] OK DONE  lnpcc_pubmed_random_0.3  gpu=1  5.9 min  rc=0
