[worker] START  lnpcc_roman-empire_random_0.2  gpu=0
======================================================================
GCN + LN-PCC -- NoisyGL Benchmark (Unified)
Start          : 2026-04-21 11:39:49
Variants       : ['lnpcc']
Datasets       : ['roman-empire']
Noise          : [[0.2, 'random']]
Runs           : 10  (seeds 3000..3009)
Device         : cuda:0
======================================================================
[HPO] Loaded 160 optimized scenarios from log/hpo_db.json
----Data statistics------'
                Name: roman-empire
                #Nodes 22662
                #Edges 32927
                #Classes 18
                #Ave_degree 2.91
----Split statistics------'
                #Train samples 1133 (5.0 % of nodes)
                #Val samples 3399 (15.0 % of nodes)
                #Test samples 18130 (remaining)

============================================================
  lnpcc | roman-empire | random 0.2
============================================================
  [HPO] Applying optimized params for roman-empire_random_0.2
    [11:47:24] roman-empire | random 0.2 | lnpcc | run  1/10 | seed=3000 | acc=0.3966 | mean=0.3966 | time=453.56s
  [HPO] Applying optimized params for roman-empire_random_0.2
    [11:53:50] roman-empire | random 0.2 | lnpcc | run  2/10 | seed=3001 | acc=0.3787 | mean=0.3876 | time=386.03s
  [HPO] Applying optimized params for roman-empire_random_0.2
    [12:01:10] roman-empire | random 0.2 | lnpcc | run  3/10 | seed=3002 | acc=0.3881 | mean=0.3878 | time=436.79s
  [HPO] Applying optimized params for roman-empire_random_0.2
    [12:08:30] roman-empire | random 0.2 | lnpcc | run  4/10 | seed=3003 | acc=0.3782 | mean=0.3854 | time=438.89s
  [HPO] Applying optimized params for roman-empire_random_0.2
    [12:16:48] roman-empire | random 0.2 | lnpcc | run  5/10 | seed=3004 | acc=0.3918 | mean=0.3867 | time=497.37s
  [HPO] Applying optimized params for roman-empire_random_0.2
    [12:25:21] roman-empire | random 0.2 | lnpcc | run  6/10 | seed=3005 | acc=0.3975 | mean=0.3885 | time=513.17s
  [HPO] Applying optimized params for roman-empire_random_0.2
    [12:33:54] roman-empire | random 0.2 | lnpcc | run  7/10 | seed=3006 | acc=0.3843 | mean=0.3879 | time=511.92s
  [HPO] Applying optimized params for roman-empire_random_0.2
    [12:41:34] roman-empire | random 0.2 | lnpcc | run  8/10 | seed=3007 | acc=0.3872 | mean=0.3878 | time=458.43s
  [HPO] Applying optimized params for roman-empire_random_0.2
    [12:50:15] roman-empire | random 0.2 | lnpcc | run  9/10 | seed=3008 | acc=0.3875 | mean=0.3878 | time=518.54s
  [HPO] Applying optimized params for roman-empire_random_0.2
    [12:56:57] roman-empire | random 0.2 | lnpcc | run 10/10 | seed=3009 | acc=0.3928 | mean=0.3883 | time=402.22s
  -> mean=0.3883 +/- 0.0063

[OK] Partial CSV: ./log\partial\partial_lnpcc_roman-empire_random_0.2.csv
End: 2026-04-21 12:56:57
[worker] OK DONE  lnpcc_roman-empire_random_0.2  gpu=0  77.1 min  rc=0
