[worker] START  hpo_roman-empire_uniform_0.3  gpu=1
======================================================================
GCN + LN-PCC -- NoisyGL Benchmark (Unified)
Start          : 2026-04-17 16:58:40
Variants       : ['lnpcc']
Datasets       : ['roman-empire']
Noise          : [[0.3, 'uniform']]
Runs           : 10  (seeds 3000..3009)
Device         : cuda:1
======================================================================

[HPO] Optimizing lnpcc on roman-empire_uniform_0.3 (max_trials=200, max_k_same=60)

[Optuna] Scenario: roman-empire_uniform_0.3  (max_trials=200, startup=20)
  [Trial   1] roman-empire_uniform_0.3 | acc=0.1509  (445.4s)  knn=d  k= 14  dexp=7.40  p_grd=0.421  unc_rem=0.161  unc_rel=0.537  drop=0.52  h=128  L=3  lr=0.1  wd=0.05
  [Trial   2] roman-empire_uniform_0.3 | acc=0.1306  (314.0s)  knn=d  k= 17  dexp=0.88  p_grd=0.193  unc_rem=0.850  unc_rel=0.092  drop=0.89  h=128  L=3  lr=1e-05  wd=0.1
  [Trial   3] roman-empire_uniform_0.3 | acc=0.0703  (198.1s)  knn=s  k= 60  dexp=4.63  p_grd=0.375  unc_rem=0.959  unc_rel=0.839  drop=0.11  h=16  L=4  lr=1e-05  wd=0.1
  [Trial   4] roman-empire_uniform_0.3 | acc=0.2403  (143.0s)  knn=s  k= 20  dexp=3.86  p_grd=0.215  unc_rem=0.881  unc_rel=0.612  drop=0.58  h=32  L=3  lr=0.005  wd=0.001
  [Trial   5] roman-empire_uniform_0.3 | acc=0.2204  (177.8s)  knn=u  k=-    dexp=8.18  p_grd=0.344  unc_rem=0.346  unc_rel=0.828  drop=0.50  h=64  L=4  lr=0.001  wd=0.001
  [Trial   6] roman-empire_uniform_0.3 | acc=0.2714  (300.3s)  knn=s  k= 60  dexp=9.63  p_grd=0.431  unc_rem=0.779  unc_rel=0.683  drop=0.44  h=32  L=1  lr=0.1  wd=0.01
  [Trial   7] roman-empire_uniform_0.3 | acc=0.1448  (276.1s)  knn=d  k= 22  dexp=8.98  p_grd=0.186  unc_rem=0.562  unc_rel=0.930  drop=0.36  h=32  L=3  lr=0.0001  wd=0.005
  [Trial   8] roman-empire_uniform_0.3 | acc=0.2753  (736.6s)  knn=d  k= 15  dexp=2.27  p_grd=0.167  unc_rem=0.876  unc_rel=0.021  drop=0.20  h=128  L=3  lr=0.1  wd=0.005
  [Trial   9] roman-empire_uniform_0.3 | acc=0.3278  (568.9s)  knn=p  k= 21  dexp=7.05  p_grd=0.405  unc_rem=0.819  unc_rel=0.209  drop=0.56  h=32  L=2  lr=0.01  wd=1e-05
  [Trial  10] roman-empire_uniform_0.3 | acc=0.2474  (598.3s)  knn=d  k= 23  dexp=5.37  p_grd=0.494  unc_rem=0.196  unc_rel=0.286  drop=0.68  h=64  L=3  lr=0.05  wd=0.005
  [Trial  11] roman-empire_uniform_0.3 | acc=0.1821  (226.1s)  knn=s  k= 10  dexp=6.60  p_grd=0.444  unc_rem=0.958  unc_rel=0.876  drop=0.66  h=16  L=4  lr=0.05  wd=1e-05
  [Trial  12] roman-empire_uniform_0.3 | acc=0.2397  (131.1s)  knn=u  k=-    dexp=8.76  p_grd=0.091  unc_rem=0.305  unc_rel=0.438  drop=0.14  h=64  L=3  lr=0.001  wd=0.0001
  [Trial  13] roman-empire_uniform_0.3 | acc=0.1860  (279.2s)  knn=p  k=  9  dexp=7.90  p_grd=0.228  unc_rem=0.196  unc_rel=0.065  drop=0.88  h=16  L=4  lr=0.1  wd=0.005
  [Trial  14] roman-empire_uniform_0.3 | acc=0.1822  (247.2s)  knn=s  k= 20  dexp=4.82  p_grd=0.311  unc_rem=0.084  unc_rel=0.251  drop=0.17  h=32  L=2  lr=0.0005  wd=0.005
  [Trial  15] roman-empire_uniform_0.3 | acc=0.2050  (292.3s)  knn=d  k=  5  dexp=1.73  p_grd=0.294  unc_rem=0.145  unc_rel=0.870  drop=0.67  h=32  L=1  lr=0.0001  wd=0.001
  [Trial  16] roman-empire_uniform_0.3 | acc=0.0502  (421.0s)  knn=p  k= 15  dexp=1.15  p_grd=0.289  unc_rem=0.335  unc_rel=0.495  drop=0.39  h=64  L=4  lr=1e-05  wd=0.0005
  [Trial  17] roman-empire_uniform_0.3 | acc=0.1710  (266.5s)  knn=p  k= 10  dexp=8.27  p_grd=0.189  unc_rem=0.042  unc_rel=0.304  drop=0.53  h=32  L=4  lr=0.005  wd=0.005
  [Trial  18] roman-empire_uniform_0.3 | acc=0.1596  (268.6s)  knn=d  k=  3  dexp=2.21  p_grd=0.206  unc_rem=0.616  unc_rel=0.167  drop=0.40  h=64  L=3  lr=0.005  wd=0.01
  [Trial  19] roman-empire_uniform_0.3 | acc=0.2849  (505.7s)  knn=p  k= 13  dexp=3.83  p_grd=0.476  unc_rem=0.774  unc_rel=0.043  drop=0.57  h=128  L=1  lr=0.001  wd=5e-05
  [Trial  20] roman-empire_uniform_0.3 | acc=0.2998  (134.3s)  knn=u  k=-    dexp=6.93  p_grd=0.170  unc_rem=0.841  unc_rel=0.089  drop=0.61  h=16  L=2  lr=0.01  wd=5e-05
  [Trial  21] roman-empire_uniform_0.3 | acc=0.3130  (156.1s)  knn=u  k=-    dexp=6.27  p_grd=0.160  unc_rem=0.801  unc_rel=0.098  drop=0.63  h=64  L=2  lr=0.01  wd=5e-05
  [Trial  22] roman-empire_uniform_0.3 | acc=0.3336  (456.3s)  knn=p  k= 23  dexp=8.50  p_grd=0.268  unc_rem=0.954  unc_rel=0.078  drop=0.64  h=32  L=2  lr=0.01  wd=1e-05
  [Trial  23] roman-empire_uniform_0.3 | acc=0.3138  (495.2s)  knn=d  k= 24  dexp=8.47  p_grd=0.317  unc_rem=0.952  unc_rel=0.110  drop=0.68  h=32  L=1  lr=0.005  wd=1e-05
  [Trial  24] roman-empire_uniform_0.3 | acc=0.2469  (412.7s)  knn=p  k= 24  dexp=8.14  p_grd=0.254  unc_rem=0.868  unc_rel=0.153  drop=0.73  h=32  L=2  lr=0.0005  wd=1e-05
  [Trial  25] roman-empire_uniform_0.3 | acc=0.1940  (519.7s)  knn=d  k= 24  dexp=9.66  p_grd=0.365  unc_rem=0.951  unc_rel=0.144  drop=0.76  h=32  L=1  lr=0.005  wd=0.05
  [Trial  26] roman-empire_uniform_0.3 | acc=0.3263  (633.8s)  knn=p  k= 24  dexp=7.68  p_grd=0.499  unc_rem=0.999  unc_rel=0.218  drop=0.22  h=32  L=2  lr=0.005  wd=1e-05
  [Trial  27] roman-empire_uniform_0.3 | acc=0.3340  (561.4s)  knn=p  k= 20  dexp=6.54  p_grd=0.400  unc_rem=0.696  unc_rel=0.197  drop=0.16  h=128  L=2  lr=0.005  wd=1e-05
  [Trial  28] roman-empire_uniform_0.3 | acc=0.1614  (412.5s)  knn=p  k= 19  dexp=6.84  p_grd=0.312  unc_rem=0.628  unc_rel=0.201  drop=0.32  h=128  L=2  lr=0.0001  wd=0.01
  [Trial  29] roman-empire_uniform_0.3 | acc=0.3413  (378.7s)  knn=d  k= 18  dexp=7.60  p_grd=0.260  unc_rem=0.793  unc_rel=0.021  drop=0.40  h=32  L=2  lr=0.01  wd=0.0005
  [Trial  30] roman-empire_uniform_0.3 | acc=0.3033  (389.1s)  knn=d  k= 18  dexp=7.52  p_grd=0.291  unc_rem=0.815  unc_rel=0.012  drop=0.37  h=32  L=2  lr=0.001  wd=0.0005
  [Trial  31] roman-empire_uniform_0.3 | acc=0.3172  (416.2s)  knn=d  k= 18  dexp=5.02  p_grd=0.334  unc_rem=0.677  unc_rel=0.357  drop=0.10  h=128  L=2  lr=0.05  wd=1e-05
  [Trial  32] roman-empire_uniform_0.3 | acc=0.3364  (583.8s)  knn=p  k= 20  dexp=7.49  p_grd=0.467  unc_rem=0.521  unc_rel=0.316  drop=0.67  h=64  L=2  lr=0.01  wd=1e-05
  [Trial  33] roman-empire_uniform_0.3 | acc=0.3226  (447.5s)  knn=p  k= 19  dexp=8.30  p_grd=0.337  unc_rem=0.723  unc_rel=0.251  drop=0.23  h=128  L=1  lr=0.005  wd=0.0001
  [Trial  34] roman-empire_uniform_0.3 | acc=0.3181  (480.8s)  knn=p  k= 19  dexp=8.48  p_grd=0.331  unc_rem=0.421  unc_rel=0.503  drop=0.76  h=64  L=1  lr=0.01  wd=1e-05
  [Trial  35] roman-empire_uniform_0.3 | acc=0.0209  (510.7s)  knn=d  k= 18  dexp=6.33  p_grd=0.442  unc_rem=0.730  unc_rel=0.435  drop=0.77  h=64  L=2  lr=1e-05  wd=1e-05
  [Trial  36] roman-empire_uniform_0.3 | acc=0.3239  (1107.1s)  knn=p  k= 21  dexp=7.67  p_grd=0.455  unc_rem=0.409  unc_rel=0.445  drop=0.64  h=64  L=2  lr=0.1  wd=1e-05
  [Trial  37] roman-empire_uniform_0.3 | acc=0.1415  (322.1s)  knn=p  k= 16  dexp=8.65  p_grd=0.188  unc_rem=0.953  unc_rel=0.018  drop=0.70  h=64  L=3  lr=0.001  wd=0.05
  [Trial  38] roman-empire_uniform_0.3 | acc=0.2571  (460.4s)  knn=d  k= 20  dexp=4.93  p_grd=0.297  unc_rem=0.713  unc_rel=0.165  drop=0.42  h=32  L=3  lr=0.01  wd=5e-05
  [Trial  39] roman-empire_uniform_0.3 | acc=0.2133  (337.7s)  knn=p  k= 17  dexp=5.33  p_grd=0.257  unc_rem=0.739  unc_rel=0.134  drop=0.33  h=16  L=4  lr=0.005  wd=1e-05
  [Trial  40] roman-empire_uniform_0.3 | acc=0.3388  (576.4s)  knn=p  k= 24  dexp=3.32  p_grd=0.413  unc_rem=0.737  unc_rel=0.413  drop=0.22  h=64  L=2  lr=0.005  wd=5e-05
  [Trial  41] roman-empire_uniform_0.3 | acc=0.3350  (588.8s)  knn=p  k= 24  dexp=1.33  p_grd=0.448  unc_rem=0.692  unc_rel=0.134  drop=0.32  h=64  L=2  lr=0.1  wd=0.0005
  [Trial  42] roman-empire_uniform_0.3 | acc=0.3312  (625.5s)  knn=p  k= 24  dexp=0.78  p_grd=0.405  unc_rem=0.742  unc_rel=0.057  drop=0.32  h=128  L=2  lr=0.1  wd=0.0005
  [Trial  43] roman-empire_uniform_0.3 | acc=0.3340  (376.6s)  knn=p  k= 24  dexp=3.94  p_grd=0.260  unc_rem=0.663  unc_rel=0.414  drop=0.36  h=64  L=2  lr=0.005  wd=5e-05
  [Trial  44] roman-empire_uniform_0.3 | acc=0.2836  (419.0s)  knn=p  k= 24  dexp=3.93  p_grd=0.261  unc_rem=0.635  unc_rel=0.476  drop=0.40  h=64  L=2  lr=0.001  wd=0.005
  [Trial  45] roman-empire_uniform_0.3 | acc=0.3205  (552.1s)  knn=p  k= 24  dexp=0.47  p_grd=0.387  unc_rem=0.619  unc_rel=0.214  drop=0.13  h=64  L=2  lr=0.005  wd=0.0001
  [Trial  46] roman-empire_uniform_0.3 | acc=0.3341  (379.1s)  knn=p  k= 24  dexp=7.29  p_grd=0.267  unc_rem=0.489  unc_rel=0.411  drop=0.36  h=64  L=2  lr=0.005  wd=5e-05
  [Trial  47] roman-empire_uniform_0.3 | acc=0.3327  (564.4s)  knn=p  k= 24  dexp=3.86  p_grd=0.475  unc_rem=0.259  unc_rel=0.244  drop=0.20  h=64  L=2  lr=0.1  wd=0.0005
  [Trial  48] roman-empire_uniform_0.3 | acc=0.2591  (423.9s)  knn=p  k= 24  dexp=8.69  p_grd=0.225  unc_rem=0.425  unc_rel=0.643  drop=0.23  h=64  L=3  lr=0.005  wd=5e-05
  [Trial  49] roman-empire_uniform_0.3 | acc=0.0227  (228.0s)  knn=u  k=-    dexp=4.65  p_grd=0.488  unc_rem=0.800  unc_rel=0.195  drop=0.20  h=64  L=2  lr=1e-05  wd=5e-05
  [Trial  50] roman-empire_uniform_0.3 | acc=0.1659  (541.9s)  knn=p  k= 24  dexp=0.22  p_grd=0.411  unc_rem=0.757  unc_rel=0.274  drop=0.52  h=64  L=3  lr=0.1  wd=1e-05
  [Trial  51] roman-empire_uniform_0.3 | acc=0.3339  (556.2s)  knn=d  k= 21  dexp=4.08  p_grd=0.445  unc_rem=0.796  unc_rel=0.296  drop=0.27  h=64  L=1  lr=0.1  wd=0.0005
  [Trial  52] roman-empire_uniform_0.3 | acc=0.3304  (501.3s)  knn=d  k= 24  dexp=2.72  p_grd=0.311  unc_rem=0.690  unc_rel=0.502  drop=0.11  h=64  L=2  lr=0.005  wd=5e-05
  [Trial  53] roman-empire_uniform_0.3 | acc=0.2081  (171.9s)  knn=u  k=-    dexp=8.35  p_grd=0.170  unc_rem=0.790  unc_rel=0.140  drop=0.23  h=32  L=4  lr=0.01  wd=0.0005
  [Trial  54] roman-empire_uniform_0.3 | acc=0.3409  (478.7s)  knn=p  k= 24  dexp=8.78  p_grd=0.321  unc_rem=0.268  unc_rel=0.246  drop=0.36  h=64  L=2  lr=0.005  wd=5e-05
  [Trial  55] roman-empire_uniform_0.3 | acc=0.3180  (240.0s)  knn=s  k= 50  dexp=7.37  p_grd=0.398  unc_rem=0.198  unc_rel=0.354  drop=0.32  h=64  L=2  lr=0.005  wd=5e-05
  [Trial  56] roman-empire_uniform_0.3 | acc=0.2047  (477.0s)  knn=p  k= 24  dexp=9.22  p_grd=0.300  unc_rem=0.214  unc_rel=0.359  drop=0.37  h=64  L=2  lr=0.0001  wd=5e-05
  [Trial  57] roman-empire_uniform_0.3 | acc=0.2881  (509.8s)  knn=p  k= 21  dexp=6.82  p_grd=0.438  unc_rem=0.317  unc_rel=0.060  drop=0.50  h=64  L=2  lr=0.005  wd=0.01
  [Trial  58] roman-empire_uniform_0.3 | acc=0.2986  (185.2s)  knn=d  k= 21  dexp=7.26  p_grd=0.068  unc_rem=0.781  unc_rel=0.442  drop=0.46  h=32  L=2  lr=0.01  wd=0.0005
  [Trial  59] roman-empire_uniform_0.3 | acc=0.2427  (175.4s)  knn=u  k=-    dexp=1.00  p_grd=0.496  unc_rem=0.592  unc_rel=0.037  drop=0.20  h=64  L=3  lr=0.01  wd=0.0005
  [Trial  60] roman-empire_uniform_0.3 | acc=0.2935  (642.1s)  knn=p  k= 24  dexp=4.35  p_grd=0.433  unc_rem=0.744  unc_rel=0.235  drop=0.42  h=64  L=2  lr=0.0005  wd=0.0005
  [Trial  61] roman-empire_uniform_0.3 | acc=0.3383  (586.0s)  knn=p  k= 21  dexp=6.41  p_grd=0.437  unc_rem=0.469  unc_rel=0.372  drop=0.86  h=64  L=2  lr=0.01  wd=5e-05
  [Trial  62] roman-empire_uniform_0.3 | acc=0.3394  (537.1s)  knn=p  k= 20  dexp=6.93  p_grd=0.476  unc_rem=0.576  unc_rel=0.204  drop=0.83  h=64  L=2  lr=0.01  wd=5e-05
  [Trial  63] roman-empire_uniform_0.3 | acc=0.3359  (581.4s)  knn=p  k= 19  dexp=4.58  p_grd=0.493  unc_rem=0.596  unc_rel=0.473  drop=0.78  h=128  L=2  lr=0.01  wd=5e-05
  [Trial  64] roman-empire_uniform_0.3 | acc=0.3273  (221.0s)  knn=u  k=-    dexp=7.48  p_grd=0.428  unc_rem=0.366  unc_rel=0.355  drop=0.83  h=64  L=2  lr=0.01  wd=5e-05
  [Trial  65] roman-empire_uniform_0.3 | acc=0.1411  (413.8s)  knn=p  k= 15  dexp=8.52  p_grd=0.412  unc_rem=0.600  unc_rel=0.512  drop=0.88  h=32  L=2  lr=0.0001  wd=5e-05
  [Trial  66] roman-empire_uniform_0.3 | acc=0.3329  (402.7s)  knn=p  k= 18  dexp=3.74  p_grd=0.392  unc_rem=0.650  unc_rel=0.314  drop=0.58  h=128  L=2  lr=0.01  wd=5e-05
  [Trial  67] roman-empire_uniform_0.3 | acc=0.3386  (419.0s)  knn=p  k= 18  dexp=6.51  p_grd=0.434  unc_rem=0.543  unc_rel=0.702  drop=0.86  h=128  L=2  lr=0.01  wd=0.0001
  [Trial  68] roman-empire_uniform_0.3 | acc=0.3350  (519.7s)  knn=p  k= 15  dexp=6.29  p_grd=0.421  unc_rem=0.606  unc_rel=0.971  drop=0.83  h=128  L=2  lr=0.01  wd=0.0001
  [Trial  69] roman-empire_uniform_0.3 | acc=0.0532  (472.1s)  knn=p  k= 18  dexp=7.49  p_grd=0.438  unc_rem=0.599  unc_rel=0.380  drop=0.68  h=64  L=4  lr=1e-05  wd=5e-05
  [Trial  70] roman-empire_uniform_0.3 | acc=0.3074  (482.6s)  knn=p  k= 19  dexp=7.88  p_grd=0.420  unc_rem=0.599  unc_rel=0.104  drop=0.82  h=64  L=2  lr=0.001  wd=5e-05
  [Trial  71] roman-empire_uniform_0.3 | acc=0.3351  (494.1s)  knn=p  k= 19  dexp=6.25  p_grd=0.485  unc_rem=0.452  unc_rel=0.460  drop=0.69  h=64  L=2  lr=0.01  wd=0.0001
  [Trial  72] roman-empire_uniform_0.3 | acc=0.3440  (590.1s)  knn=p  k= 19  dexp=1.67  p_grd=0.458  unc_rem=0.605  unc_rel=0.590  drop=0.88  h=128  L=2  lr=0.05  wd=5e-05
  [Trial  73] roman-empire_uniform_0.3 | acc=0.1393  (468.6s)  knn=p  k= 18  dexp=0.82  p_grd=0.369  unc_rem=0.446  unc_rel=0.800  drop=0.88  h=128  L=3  lr=0.05  wd=0.1
  [Trial  74] roman-empire_uniform_0.3 | acc=0.1713  (609.8s)  knn=p  k= 19  dexp=2.30  p_grd=0.434  unc_rem=0.670  unc_rel=0.598  drop=0.88  h=128  L=4  lr=0.05  wd=5e-05
  [Trial  75] roman-empire_uniform_0.3 | acc=0.3413  (483.7s)  knn=d  k= 14  dexp=2.15  p_grd=0.435  unc_rem=0.560  unc_rel=0.558  drop=0.65  h=128  L=2  lr=0.05  wd=0.0005
  [Trial  76] roman-empire_uniform_0.3 | acc=0.1748  (577.2s)  knn=d  k= 14  dexp=3.86  p_grd=0.486  unc_rem=0.334  unc_rel=0.763  drop=0.82  h=128  L=2  lr=0.05  wd=0.05
  [Trial  77] roman-empire_uniform_0.3 | acc=0.1905  (436.3s)  knn=d  k= 10  dexp=1.90  p_grd=0.457  unc_rem=0.700  unc_rel=0.301  drop=0.52  h=128  L=4  lr=0.05  wd=0.0005
  [Trial  78] roman-empire_uniform_0.3 | acc=0.2454  (559.8s)  knn=d  k= 13  dexp=1.16  p_grd=0.425  unc_rem=0.517  unc_rel=0.658  drop=0.84  h=128  L=1  lr=0.0005  wd=0.0005
  [Trial  79] roman-empire_uniform_0.3 | acc=0.1719  (212.3s)  knn=s  k=  5  dexp=6.88  p_grd=0.391  unc_rem=0.582  unc_rel=0.688  drop=0.76  h=128  L=2  lr=0.0001  wd=0.0005
  [Trial  80] roman-empire_uniform_0.3 | acc=0.2811  (640.0s)  knn=p  k= 15  dexp=0.35  p_grd=0.496  unc_rem=0.505  unc_rel=0.495  drop=0.80  h=128  L=2  lr=0.0005  wd=0.0001
  [Trial  81] roman-empire_uniform_0.3 | acc=0.3296  (512.8s)  knn=p  k= 15  dexp=2.61  p_grd=0.486  unc_rem=0.566  unc_rel=0.493  drop=0.32  h=64  L=1  lr=0.01  wd=5e-05
  [Trial  82] roman-empire_uniform_0.3 | acc=0.3569  (461.4s)  knn=d  k= 20  dexp=3.27  p_grd=0.393  unc_rem=0.476  unc_rel=0.471  drop=0.79  h=32  L=2  lr=0.05  wd=0.0005
  [Trial  83] roman-empire_uniform_0.3 | acc=0.2485  (517.6s)  knn=d  k= 20  dexp=4.81  p_grd=0.389  unc_rem=0.422  unc_rel=0.566  drop=0.75  h=32  L=3  lr=0.05  wd=0.0005
  [Trial  84] roman-empire_uniform_0.3 | acc=0.3359  (384.7s)  knn=d  k= 20  dexp=8.73  p_grd=0.279  unc_rem=0.494  unc_rel=0.094  drop=0.39  h=32  L=2  lr=0.01  wd=1e-05
  [Trial  85] roman-empire_uniform_0.3 | acc=0.3667  (471.5s)  knn=d  k= 17  dexp=2.10  p_grd=0.459  unc_rem=0.493  unc_rel=0.203  drop=0.85  h=32  L=2  lr=0.05  wd=0.0005
  [Trial  86] roman-empire_uniform_0.3 | acc=0.3210  (495.8s)  knn=d  k= 15  dexp=0.05  p_grd=0.478  unc_rem=0.376  unc_rel=0.215  drop=0.86  h=32  L=2  lr=0.01  wd=0.0005
  [Trial  87] roman-empire_uniform_0.3 | acc=0.3261  (518.9s)  knn=p  k= 16  dexp=1.75  p_grd=0.391  unc_rem=0.471  unc_rel=0.476  drop=0.82  h=16  L=2  lr=0.05  wd=5e-05
  [Trial  88] roman-empire_uniform_0.3 | acc=0.3195  (189.0s)  knn=d  k=  1  dexp=2.16  p_grd=0.274  unc_rem=0.689  unc_rel=0.405  drop=0.74  h=32  L=2  lr=0.05  wd=0.0005
  [Trial  89] roman-empire_uniform_0.3 | acc=0.3432  (497.7s)  knn=d  k= 17  dexp=2.32  p_grd=0.402  unc_rem=0.780  unc_rel=0.527  drop=0.56  h=128  L=2  lr=0.005  wd=0.0005
  [Trial  90] roman-empire_uniform_0.3 | acc=0.3311  (208.7s)  knn=u  k=-    dexp=3.04  p_grd=0.458  unc_rem=0.405  unc_rel=0.522  drop=0.80  h=32  L=2  lr=0.05  wd=0.0005
  [Trial  91] roman-empire_uniform_0.3 | acc=0.3185  (171.4s)  knn=u  k=-    dexp=4.25  p_grd=0.227  unc_rem=0.786  unc_rel=0.480  drop=0.58  h=128  L=2  lr=0.005  wd=0.0005
  [Trial  92] roman-empire_uniform_0.3 | acc=0.3427  (492.6s)  knn=d  k= 16  dexp=3.18  p_grd=0.493  unc_rem=0.748  unc_rel=0.563  drop=0.37  h=128  L=2  lr=0.005  wd=0.0005
  [Trial  93] roman-empire_uniform_0.3 | acc=0.2942  (523.2s)  knn=d  k= 14  dexp=0.47  p_grd=0.433  unc_rem=0.937  unc_rel=0.489  drop=0.54  h=128  L=2  lr=0.0005  wd=0.0005
  [Trial  94] roman-empire_uniform_0.3 | acc=0.3392  (525.0s)  knn=d  k= 16  dexp=4.82  p_grd=0.491  unc_rem=0.557  unc_rel=0.301  drop=0.61  h=128  L=2  lr=0.005  wd=0.0005
  [Trial  95] roman-empire_uniform_0.3 | acc=0.1745  (563.6s)  knn=d  k= 15  dexp=2.20  p_grd=0.470  unc_rem=0.496  unc_rel=0.012  drop=0.74  h=32  L=2  lr=0.05  wd=0.1
  [Trial  96] roman-empire_uniform_0.3 | acc=0.3412  (497.2s)  knn=d  k= 16  dexp=7.03  p_grd=0.429  unc_rem=0.633  unc_rel=0.403  drop=0.34  h=128  L=2  lr=0.005  wd=0.0005
  [Trial  97] roman-empire_uniform_0.3 | acc=0.3430  (379.7s)  knn=d  k= 12  dexp=8.78  p_grd=0.433  unc_rem=0.523  unc_rel=0.365  drop=0.32  h=128  L=2  lr=0.005  wd=0.0005
  [Trial  98] roman-empire_uniform_0.3 | acc=0.3472  (443.3s)  knn=d  k= 11  dexp=9.36  p_grd=0.427  unc_rem=0.733  unc_rel=0.531  drop=0.27  h=128  L=2  lr=0.005  wd=0.001
  [Trial  99] roman-empire_uniform_0.3 | acc=0.3089  (394.8s)  knn=d  k= 10  dexp=8.89  p_grd=0.375  unc_rem=0.846  unc_rel=0.215  drop=0.39  h=128  L=2  lr=0.0005  wd=0.001
  [Trial 100] roman-empire_uniform_0.3 | acc=0.3429  (338.7s)  knn=d  k= 10  dexp=8.60  p_grd=0.265  unc_rem=0.724  unc_rel=0.766  drop=0.17  h=128  L=2  lr=0.005  wd=0.001
  [Trial 101] roman-empire_uniform_0.3 | acc=0.3298  (314.9s)  knn=d  k=  8  dexp=9.54  p_grd=0.332  unc_rem=0.694  unc_rel=0.935  drop=0.30  h=128  L=2  lr=0.005  wd=5e-05
  [Trial 102] roman-empire_uniform_0.3 | acc=0.3215  (378.5s)  knn=d  k= 11  dexp=9.66  p_grd=0.431  unc_rem=0.558  unc_rel=0.381  drop=0.22  h=128  L=1  lr=0.005  wd=0.0005
  [Trial 103] roman-empire_uniform_0.3 | acc=0.2889  (194.1s)  knn=d  k= 11  dexp=9.76  p_grd=0.154  unc_rem=0.701  unc_rel=0.823  drop=0.10  h=128  L=1  lr=0.005  wd=0.001
  [Trial 104] roman-empire_uniform_0.3 | acc=0.3495  (342.7s)  knn=d  k= 11  dexp=9.23  p_grd=0.346  unc_rem=0.480  unc_rel=0.579  drop=0.20  h=128  L=2  lr=0.005  wd=0.001
  [Trial 105] roman-empire_uniform_0.3 | acc=0.3426  (481.4s)  knn=p  k= 10  dexp=2.89  p_grd=0.461  unc_rem=0.823  unc_rel=0.958  drop=0.43  h=128  L=2  lr=0.005  wd=0.0005
  [Trial 106] roman-empire_uniform_0.3 | acc=0.3548  (380.5s)  knn=d  k=  9  dexp=9.56  p_grd=0.452  unc_rem=0.560  unc_rel=0.688  drop=0.15  h=128  L=2  lr=0.1  wd=0.001
  [Trial 107] roman-empire_uniform_0.3 | acc=0.3354  (335.0s)  knn=p  k=  8  dexp=1.71  p_grd=0.438  unc_rem=0.958  unc_rel=0.865  drop=0.23  h=128  L=2  lr=0.005  wd=0.0005
  [Trial 108] roman-empire_uniform_0.3 | acc=0.3341  (404.7s)  knn=p  k=  9  dexp=2.48  p_grd=0.418  unc_rem=0.709  unc_rel=0.957  drop=0.63  h=32  L=2  lr=0.005  wd=0.0005
  [Trial 109] roman-empire_uniform_0.3 | acc=0.3478  (347.6s)  knn=d  k=  7  dexp=8.99  p_grd=0.353  unc_rem=0.377  unc_rel=0.492  drop=0.19  h=128  L=2  lr=0.005  wd=0.001
  [Trial 110] roman-empire_uniform_0.3 | acc=0.3572  (352.7s)  knn=d  k=  7  dexp=9.90  p_grd=0.378  unc_rem=0.444  unc_rel=0.709  drop=0.46  h=128  L=2  lr=0.1  wd=0.001
  [Trial 111] roman-empire_uniform_0.3 | acc=0.3295  (372.7s)  knn=d  k=  6  dexp=8.12  p_grd=0.376  unc_rem=0.262  unc_rel=0.406  drop=0.20  h=128  L=2  lr=0.001  wd=0.001
  [Trial 112] roman-empire_uniform_0.3 | acc=0.3453  (395.1s)  knn=d  k=  6  dexp=8.53  p_grd=0.450  unc_rem=0.379  unc_rel=0.764  drop=0.12  h=128  L=2  lr=0.1  wd=0.001
  [Trial 113] roman-empire_uniform_0.3 | acc=0.3437  (383.2s)  knn=d  k=  5  dexp=9.40  p_grd=0.437  unc_rem=0.494  unc_rel=0.726  drop=0.23  h=128  L=2  lr=0.1  wd=0.001
  [Trial 114] roman-empire_uniform_0.3 | acc=0.3177  (360.0s)  knn=d  k=  4  dexp=9.47  p_grd=0.490  unc_rem=0.235  unc_rel=0.712  drop=0.18  h=128  L=2  lr=0.1  wd=0.0005
  [Trial 115] roman-empire_uniform_0.3 | acc=0.3636  (416.3s)  knn=d  k=  6  dexp=8.95  p_grd=0.490  unc_rem=0.462  unc_rel=0.549  drop=0.42  h=16  L=2  lr=0.1  wd=0.001
  [Trial 116] roman-empire_uniform_0.3 | acc=0.3601  (543.9s)  knn=d  k=  5  dexp=9.31  p_grd=0.349  unc_rem=0.239  unc_rel=0.828  drop=0.54  h=128  L=2  lr=0.1  wd=0.001
  [Trial 117] roman-empire_uniform_0.3 | acc=0.2933  (326.8s)  knn=d  k=  5  dexp=7.13  p_grd=0.459  unc_rem=0.586  unc_rel=0.417  drop=0.46  h=16  L=2  lr=0.1  wd=0.01
  [Trial 118] roman-empire_uniform_0.3 | acc=0.3583  (439.7s)  knn=d  k=  5  dexp=9.75  p_grd=0.492  unc_rem=0.538  unc_rel=0.783  drop=0.55  h=128  L=2  lr=0.1  wd=0.001
  [Trial 119] roman-empire_uniform_0.3 | acc=0.1736  (378.2s)  knn=d  k=  6  dexp=8.18  p_grd=0.488  unc_rem=0.526  unc_rel=0.875  drop=0.74  h=128  L=4  lr=0.1  wd=5e-05
  [Trial 120] roman-empire_uniform_0.3 | acc=0.3739  (286.9s)  knn=d  k=  6  dexp=7.16  p_grd=0.276  unc_rem=0.156  unc_rel=0.812  drop=0.51  h=32  L=2  lr=0.1  wd=0.001
  [Trial 121] roman-empire_uniform_0.3 | acc=0.3609  (233.3s)  knn=d  k=  6  dexp=8.60  p_grd=0.214  unc_rem=0.192  unc_rel=0.960  drop=0.66  h=128  L=2  lr=0.1  wd=0.001
  [Trial 122] roman-empire_uniform_0.3 | acc=0.3590  (213.6s)  knn=d  k=  6  dexp=7.52  p_grd=0.203  unc_rem=0.231  unc_rel=0.773  drop=0.65  h=128  L=2  lr=0.1  wd=0.001
  [Trial 123] roman-empire_uniform_0.3 | acc=0.3335  (134.7s)  knn=s  k=  5  dexp=7.88  p_grd=0.208  unc_rem=0.197  unc_rel=0.923  drop=0.55  h=128  L=2  lr=0.1  wd=0.001
  [Trial 124] roman-empire_uniform_0.3 | acc=0.3590  (203.9s)  knn=u  k=-    dexp=8.37  p_grd=0.410  unc_rem=0.717  unc_rel=0.745  drop=0.70  h=128  L=2  lr=0.1  wd=0.001
  [Trial 125] roman-empire_uniform_0.3 | acc=0.1564  (262.3s)  knn=d  k=  3  dexp=8.38  p_grd=0.379  unc_rem=0.189  unc_rel=0.785  drop=0.62  h=128  L=2  lr=0.0001  wd=0.001
  [Trial 126] roman-empire_uniform_0.3 | acc=0.3580  (209.5s)  knn=u  k=-    dexp=8.38  p_grd=0.475  unc_rem=0.661  unc_rel=0.906  drop=0.59  h=64  L=2  lr=0.1  wd=0.001
  [Trial 127] roman-empire_uniform_0.3 | acc=0.3618  (210.4s)  knn=u  k=-    dexp=6.32  p_grd=0.368  unc_rem=0.662  unc_rel=0.752  drop=0.71  h=64  L=2  lr=0.1  wd=0.001
  [Trial 128] roman-empire_uniform_0.3 | acc=0.3537  (212.1s)  knn=u  k=-    dexp=7.82  p_grd=0.339  unc_rem=0.616  unc_rel=0.712  drop=0.65  h=64  L=2  lr=0.1  wd=0.001
  [Trial 129] roman-empire_uniform_0.3 | acc=0.3560  (278.9s)  knn=d  k=  3  dexp=4.09  p_grd=0.335  unc_rem=0.133  unc_rel=0.679  drop=0.55  h=32  L=2  lr=0.1  wd=0.001
  [Trial 130] roman-empire_uniform_0.3 | acc=0.3360  (249.5s)  knn=d  k=  1  dexp=5.23  p_grd=0.275  unc_rem=0.337  unc_rel=0.632  drop=0.54  h=32  L=2  lr=0.1  wd=0.001
  [Trial 131] roman-empire_uniform_0.3 | acc=0.2269  (213.9s)  knn=u  k=-    dexp=9.16  p_grd=0.387  unc_rem=0.853  unc_rel=0.890  drop=0.51  h=128  L=4  lr=0.1  wd=0.001
  [Trial 132] roman-empire_uniform_0.3 | acc=0.3597  (244.2s)  knn=s  k= 40  dexp=8.35  p_grd=0.455  unc_rem=0.709  unc_rel=0.671  drop=0.70  h=128  L=2  lr=0.1  wd=0.001
  [Trial 133] roman-empire_uniform_0.3 | acc=0.1926  (213.2s)  knn=d  k=  4  dexp=8.24  p_grd=0.178  unc_rem=0.465  unc_rel=0.717  drop=0.62  h=128  L=2  lr=0.1  wd=0.05
  [Trial 134] roman-empire_uniform_0.3 | acc=0.3654  (235.1s)  knn=s  k= 40  dexp=8.12  p_grd=0.426  unc_rem=0.781  unc_rel=0.463  drop=0.63  h=128  L=2  lr=0.1  wd=0.001
  [Trial 135] roman-empire_uniform_0.3 | acc=0.3683  (242.5s)  knn=s  k= 25  dexp=8.69  p_grd=0.398  unc_rem=0.468  unc_rel=0.597  drop=0.76  h=128  L=2  lr=0.1  wd=0.001
  [Trial 136] roman-empire_uniform_0.3 | acc=0.3633  (233.7s)  knn=s  k= 25  dexp=9.46  p_grd=0.474  unc_rem=0.645  unc_rel=0.687  drop=0.82  h=128  L=2  lr=0.05  wd=0.001
  [Trial 137] roman-empire_uniform_0.3 | acc=0.3704  (245.7s)  knn=s  k= 25  dexp=7.71  p_grd=0.437  unc_rem=0.488  unc_rel=0.850  drop=0.82  h=128  L=2  lr=0.05  wd=0.001
  [Trial 138] roman-empire_uniform_0.3 | acc=0.1394  (205.0s)  knn=s  k= 25  dexp=8.48  p_grd=0.341  unc_rem=0.324  unc_rel=0.953  drop=0.89  h=128  L=2  lr=0.05  wd=0.1
  [Trial 139] roman-empire_uniform_0.3 | acc=0.3554  (190.3s)  knn=s  k= 25  dexp=9.61  p_grd=0.448  unc_rem=0.667  unc_rel=0.592  drop=0.81  h=128  L=2  lr=0.1  wd=0.001
  [Trial 140] roman-empire_uniform_0.3 | acc=0.3501  (207.6s)  knn=s  k= 25  dexp=4.06  p_grd=0.363  unc_rem=0.894  unc_rel=0.361  drop=0.36  h=128  L=2  lr=0.1  wd=0.001
  [Trial 141] roman-empire_uniform_0.3 | acc=0.2123  (378.4s)  knn=d  k= 25  dexp=8.19  p_grd=0.215  unc_rem=0.050  unc_rel=0.942  drop=0.71  h=128  L=4  lr=0.1  wd=0.001
  [Trial 142] roman-empire_uniform_0.3 | acc=0.3104  (210.5s)  knn=s  k= 25  dexp=7.79  p_grd=0.378  unc_rem=0.601  unc_rel=0.499  drop=0.59  h=128  L=2  lr=0.05  wd=5e-05
  [Trial 143] roman-empire_uniform_0.3 | acc=0.2544  (236.3s)  knn=s  k= 25  dexp=6.82  p_grd=0.445  unc_rem=0.461  unc_rel=0.801  drop=0.81  h=128  L=3  lr=0.05  wd=0.001
  [Trial 144] roman-empire_uniform_0.3 | acc=0.3220  (212.2s)  knn=u  k=-    dexp=7.76  p_grd=0.294  unc_rem=0.954  unc_rel=0.799  drop=0.74  h=128  L=2  lr=0.1  wd=0.005
  [Trial 145] roman-empire_uniform_0.3 | acc=0.3355  (451.2s)  knn=d  k= 25  dexp=5.31  p_grd=0.283  unc_rem=0.113  unc_rel=0.944  drop=0.62  h=128  L=2  lr=0.1  wd=1e-05
  [Trial 146] roman-empire_uniform_0.3 | acc=0.3347  (195.8s)  knn=u  k=-    dexp=8.79  p_grd=0.486  unc_rem=0.614  unc_rel=0.881  drop=0.66  h=16  L=2  lr=0.01  wd=0.001
  [Trial 147] roman-empire_uniform_0.3 | acc=0.3451  (347.3s)  knn=d  k= 25  dexp=5.79  p_grd=0.208  unc_rem=0.203  unc_rel=0.676  drop=0.80  h=128  L=2  lr=0.01  wd=0.001
  [Trial 148] roman-empire_uniform_0.3 | acc=0.3213  (225.7s)  knn=s  k= 25  dexp=8.58  p_grd=0.480  unc_rem=0.903  unc_rel=0.690  drop=0.79  h=128  L=1  lr=0.05  wd=0.001
  [Trial 149] roman-empire_uniform_0.3 | acc=0.2576  (205.7s)  knn=u  k=-    dexp=8.56  p_grd=0.428  unc_rem=0.822  unc_rel=0.656  drop=0.69  h=128  L=3  lr=0.005  wd=0.001
  [Trial 150] roman-empire_uniform_0.3 | acc=0.3327  (135.0s)  knn=s  k= 25  dexp=2.20  p_grd=0.387  unc_rem=0.548  unc_rel=0.023  drop=0.88  h=32  L=1  lr=0.05  wd=0.0005
  [Trial 151] roman-empire_uniform_0.3 | acc=0.3675  (721.1s)  knn=d  k= 25  dexp=8.68  p_grd=0.482  unc_rem=0.285  unc_rel=0.407  drop=0.41  h=16  L=2  lr=0.1  wd=0.001
  [Trial 152] roman-empire_uniform_0.3 | acc=0.3465  (255.4s)  knn=s  k=  5  dexp=8.53  p_grd=0.480  unc_rem=0.261  unc_rel=0.655  drop=0.58  h=128  L=2  lr=0.05  wd=0.001
  [Trial 153] roman-empire_uniform_0.3 | acc=0.2691  (243.6s)  knn=s  k= 25  dexp=6.18  p_grd=0.450  unc_rem=0.518  unc_rel=0.706  drop=0.77  h=32  L=2  lr=0.001  wd=0.001
  [Trial 154] roman-empire_uniform_0.3 | acc=0.2018  (266.9s)  knn=d  k=  6  dexp=8.01  p_grd=0.290  unc_rem=0.151  unc_rel=0.762  drop=0.60  h=32  L=1  lr=0.1  wd=0.1
  [Trial 155] roman-empire_uniform_0.3 | acc=0.3583  (630.2s)  knn=d  k= 25  dexp=8.67  p_grd=0.437  unc_rem=0.010  unc_rel=0.558  drop=0.42  h=16  L=2  lr=0.1  wd=0.001
  [Trial 156] roman-empire_uniform_0.3 | acc=0.3548  (611.7s)  knn=d  k= 25  dexp=6.95  p_grd=0.455  unc_rem=0.136  unc_rel=0.345  drop=0.44  h=16  L=2  lr=0.1  wd=0.001
  [Trial 157] roman-empire_uniform_0.3 | acc=0.3221  (210.8s)  knn=u  k=-    dexp=9.90  p_grd=0.453  unc_rem=0.213  unc_rel=0.495  drop=0.30  h=16  L=1  lr=0.1  wd=0.001
  [Trial 158] roman-empire_uniform_0.3 | acc=0.2913  (210.4s)  knn=u  k=-    dexp=9.21  p_grd=0.436  unc_rem=0.626  unc_rel=0.676  drop=0.58  h=128  L=2  lr=0.1  wd=1e-05
  [Trial 159] roman-empire_uniform_0.3 | acc=0.3634  (396.5s)  knn=d  k= 25  dexp=8.63  p_grd=0.249  unc_rem=0.267  unc_rel=0.914  drop=0.76  h=32  L=2  lr=0.1  wd=0.0005
  [Trial 160] roman-empire_uniform_0.3 | acc=0.3413  (605.3s)  knn=d  k= 25  dexp=8.19  p_grd=0.436  unc_rem=0.184  unc_rel=0.938  drop=0.87  h=32  L=2  lr=0.1  wd=0.0005
  [Trial 161] roman-empire_uniform_0.3 | acc=0.2469  (259.2s)  knn=d  k= 25  dexp=8.60  p_grd=0.114  unc_rem=0.125  unc_rel=0.976  drop=0.66  h=32  L=2  lr=0.001  wd=0.0005
  [Trial 162] roman-empire_uniform_0.3 | acc=0.3330  (240.2s)  knn=d  k= 25  dexp=8.73  p_grd=0.135  unc_rem=0.070  unc_rel=0.606  drop=0.64  h=128  L=2  lr=0.1  wd=0.001
  [Trial 163] roman-empire_uniform_0.3 | acc=0.1948  (235.2s)  knn=s  k= 25  dexp=8.87  p_grd=0.469  unc_rem=0.735  unc_rel=0.491  drop=0.41  h=16  L=4  lr=0.1  wd=0.001
  [Trial 164] roman-empire_uniform_0.3 | acc=0.3035  (276.1s)  knn=d  k= 25  dexp=6.67  p_grd=0.151  unc_rem=0.066  unc_rel=0.926  drop=0.67  h=32  L=2  lr=0.1  wd=0.005
  [Trial 165] roman-empire_uniform_0.3 | acc=0.1526  (225.4s)  knn=s  k= 25  dexp=9.03  p_grd=0.365  unc_rem=0.309  unc_rel=0.558  drop=0.24  h=16  L=2  lr=0.1  wd=0.1
  [Trial 166] roman-empire_uniform_0.3 | acc=0.3660  (481.4s)  knn=d  k= 25  dexp=8.01  p_grd=0.263  unc_rem=0.167  unc_rel=0.919  drop=0.83  h=64  L=2  lr=0.05  wd=0.0005
  [Trial 167] roman-empire_uniform_0.3 | acc=0.3617  (448.0s)  knn=d  k= 25  dexp=9.19  p_grd=0.261  unc_rem=0.428  unc_rel=0.950  drop=0.87  h=64  L=2  lr=0.05  wd=0.0005
  [Trial 168] roman-empire_uniform_0.3 | acc=0.3496  (286.2s)  knn=d  k= 25  dexp=8.74  p_grd=0.174  unc_rem=0.470  unc_rel=0.614  drop=0.80  h=64  L=2  lr=0.05  wd=0.0005
  [Trial 169] roman-empire_uniform_0.3 | acc=0.3222  (622.0s)  knn=d  k= 25  dexp=9.85  p_grd=0.432  unc_rem=0.558  unc_rel=0.881  drop=0.82  h=32  L=2  lr=0.05  wd=0.0001
  [Trial 170] roman-empire_uniform_0.3 | acc=0.3351  (566.1s)  knn=d  k= 25  dexp=8.20  p_grd=0.450  unc_rem=0.272  unc_rel=0.841  drop=0.74  h=64  L=1  lr=0.05  wd=0.0005
  [Trial 171] roman-empire_uniform_0.3 | acc=0.3423  (416.8s)  knn=d  k= 25  dexp=9.21  p_grd=0.274  unc_rem=0.182  unc_rel=0.955  drop=0.89  h=64  L=2  lr=0.05  wd=1e-05
  [Trial 172] roman-empire_uniform_0.3 | acc=0.3366  (669.3s)  knn=d  k= 25  dexp=9.67  p_grd=0.484  unc_rem=0.563  unc_rel=0.544  drop=0.40  h=16  L=2  lr=0.01  wd=0.001
  [Trial 173] roman-empire_uniform_0.3 | acc=0.2906  (206.7s)  knn=u  k=-    dexp=6.54  p_grd=0.363  unc_rem=0.564  unc_rel=0.802  drop=0.58  h=128  L=2  lr=0.0005  wd=0.001
  [Trial 174] roman-empire_uniform_0.3 | acc=0.2100  (375.8s)  knn=d  k= 25  dexp=6.87  p_grd=0.229  unc_rem=0.284  unc_rel=0.954  drop=0.89  h=64  L=2  lr=0.0001  wd=0.0005
  [Trial 175] roman-empire_uniform_0.3 | acc=0.2292  (233.9s)  knn=s  k= 25  dexp=8.97  p_grd=0.498  unc_rem=0.589  unc_rel=0.773  drop=0.63  h=128  L=4  lr=0.0005  wd=0.001
  [Trial 176] roman-empire_uniform_0.3 | acc=0.3404  (195.0s)  knn=p  k=  6  dexp=7.75  p_grd=0.154  unc_rem=0.216  unc_rel=0.821  drop=0.50  h=32  L=2  lr=0.05  wd=0.001
  [Trial 177] roman-empire_uniform_0.3 | acc=0.3137  (226.2s)  knn=u  k=-    dexp=7.91  p_grd=0.264  unc_rem=0.025  unc_rel=0.829  drop=0.82  h=16  L=2  lr=0.05  wd=0.0005
  [Trial 178] roman-empire_uniform_0.3 | acc=0.3363  (348.1s)  knn=d  k= 25  dexp=7.91  p_grd=0.208  unc_rem=0.243  unc_rel=0.908  drop=0.22  h=32  L=2  lr=0.1  wd=0.001
  [Trial 179] roman-empire_uniform_0.3 | acc=0.2665  (301.5s)  knn=d  k=  6  dexp=8.58  p_grd=0.377  unc_rem=0.514  unc_rel=0.902  drop=0.71  h=64  L=2  lr=0.0005  wd=0.0005
  [Trial 180] roman-empire_uniform_0.3 | acc=0.1740  (249.2s)  knn=s  k= 40  dexp=7.88  p_grd=0.449  unc_rem=0.866  unc_rel=0.643  drop=0.53  h=128  L=2  lr=0.0001  wd=0.001
  [Trial 181] roman-empire_uniform_0.3 | acc=0.3391  (299.8s)  knn=p  k=  3  dexp=8.62  p_grd=0.358  unc_rem=0.507  unc_rel=0.769  drop=0.88  h=128  L=2  lr=0.005  wd=0.001
  [Trial 182] roman-empire_uniform_0.3 | acc=0.1641  (209.4s)  knn=u  k=-    dexp=4.39  p_grd=0.384  unc_rem=0.861  unc_rel=0.790  drop=0.80  h=64  L=2  lr=0.1  wd=0.05
  [Trial 183] roman-empire_uniform_0.3 | acc=0.3260  (226.4s)  knn=s  k= 25  dexp=9.46  p_grd=0.492  unc_rem=0.637  unc_rel=0.773  drop=0.89  h=128  L=2  lr=0.05  wd=0.005
  [Trial 184] roman-empire_uniform_0.3 | acc=0.3231  (231.0s)  knn=s  k= 25  dexp=9.44  p_grd=0.444  unc_rem=0.443  unc_rel=0.619  drop=0.82  h=16  L=2  lr=0.05  wd=0.001
  [Trial 185] roman-empire_uniform_0.3 | acc=0.3603  (242.1s)  knn=s  k= 25  dexp=7.50  p_grd=0.404  unc_rem=0.745  unc_rel=0.938  drop=0.78  h=128  L=2  lr=0.05  wd=0.001
  [Trial 186] roman-empire_uniform_0.3 | acc=0.2076  (386.1s)  knn=d  k= 25  dexp=9.99  p_grd=0.224  unc_rem=0.375  unc_rel=0.970  drop=0.80  h=64  L=4  lr=0.05  wd=0.0005
  [Trial 187] roman-empire_uniform_0.3 | acc=0.3184  (231.1s)  knn=s  k= 40  dexp=8.06  p_grd=0.419  unc_rem=0.719  unc_rel=0.925  drop=0.67  h=128  L=2  lr=0.01  wd=1e-05
  [Trial 188] roman-empire_uniform_0.3 | acc=0.3638  (176.3s)  knn=s  k= 45  dexp=6.66  p_grd=0.291  unc_rem=0.743  unc_rel=0.791  drop=0.80  h=128  L=2  lr=0.05  wd=0.001
  [Trial 189] roman-empire_uniform_0.3 | acc=0.3476  (207.8s)  knn=u  k=-    dexp=8.30  p_grd=0.494  unc_rem=0.426  unc_rel=0.783  drop=0.89  h=128  L=2  lr=0.05  wd=0.001
  [Trial 190] roman-empire_uniform_0.3 | acc=0.3462  (120.1s)  knn=s  k= 25  dexp=1.94  p_grd=0.315  unc_rem=0.754  unc_rel=0.842  drop=0.72  h=128  L=2  lr=0.05  wd=0.001
  [Trial 191] roman-empire_uniform_0.3 | acc=0.1633  (243.2s)  knn=s  k= 25  dexp=6.43  p_grd=0.439  unc_rem=0.928  unc_rel=0.912  drop=0.89  h=128  L=2  lr=0.05  wd=0.05
  [Trial 192] roman-empire_uniform_0.3 | acc=0.3518  (238.6s)  knn=s  k= 25  dexp=8.52  p_grd=0.403  unc_rem=0.931  unc_rel=0.990  drop=0.62  h=128  L=2  lr=0.05  wd=0.001
  [Trial 193] roman-empire_uniform_0.3 | acc=0.3288  (462.2s)  knn=d  k= 25  dexp=9.49  p_grd=0.300  unc_rem=0.053  unc_rel=0.946  drop=0.66  h=128  L=2  lr=0.1  wd=5e-05
  [Trial 194] roman-empire_uniform_0.3 | acc=0.3355  (166.4s)  knn=s  k= 25  dexp=6.74  p_grd=0.241  unc_rem=0.817  unc_rel=0.658  drop=0.80  h=32  L=2  lr=0.1  wd=0.001
  [Trial 195] roman-empire_uniform_0.3 | acc=0.3557  (252.5s)  knn=d  k=  6  dexp=8.76  p_grd=0.202  unc_rem=0.405  unc_rel=0.986  drop=0.83  h=128  L=2  lr=0.1  wd=0.001
  [Trial 196] roman-empire_uniform_0.3 | acc=0.1394  (174.7s)  knn=s  k= 25  dexp=7.98  p_grd=0.314  unc_rem=0.922  unc_rel=0.208  drop=0.69  h=128  L=2  lr=0.1  wd=0.1
  [Trial 197] roman-empire_uniform_0.3 | acc=0.1481  (662.1s)  knn=d  k= 25  dexp=1.67  p_grd=0.443  unc_rem=0.415  unc_rel=0.187  drop=0.90  h=16  L=4  lr=0.05  wd=0.0005
  [Trial 198] roman-empire_uniform_0.3 | acc=0.0693  (157.9s)  knn=s  k= 50  dexp=6.31  p_grd=0.353  unc_rem=0.447  unc_rel=0.668  drop=0.67  h=128  L=2  lr=1e-05  wd=0.001
  [Trial 199] roman-empire_uniform_0.3 | acc=0.3357  (215.2s)  knn=d  k=  7  dexp=8.96  p_grd=0.158  unc_rem=0.809  unc_rel=0.933  drop=0.69  h=32  L=2  lr=0.1  wd=0.0005
  [Trial 200] roman-empire_uniform_0.3 | acc=0.2653  (265.8s)  knn=d  k=  4  dexp=7.36  p_grd=0.280  unc_rem=0.195  unc_rel=0.865  drop=0.63  h=64  L=3  lr=0.1  wd=0.001

[Optuna] Optimization done. 200/200 trials completed.

[Retest] (roman-empire_uniform_0.3) Testing top-5 configs × 10 seeds...

  [Retest] (roman-empire_uniform_0.3) Config 1/5: (Trial #119, Orig Acc: 0.3739)
           Params: {'knn_mode': 'd', 'k': 6, 'dexp': 7.162750270718268, 'p_grd': 0.2758264889980486, 'unc_rem': 0.15574074756185974, 'unc_rel': 0.8118425940021914, 'dropout': 0.5135272119863955, 'n_hidden': 32, 'n_layer': 2, 'lr': 0.1, 'weight_decay': 0.001}
    [Retest] roman-empire | Config 1 | Run 1/10 | seed=3000 | Acc: 0.3662 | Mean: 0.3662 | Time: 293.9s
    [Retest] roman-empire | Config 1 | Run 2/10 | seed=3001 | Acc: 0.3544 | Mean: 0.3603 | Time: 264.8s
    [Retest] roman-empire | Config 1 | Run 3/10 | seed=3002 | Acc: 0.3486 | Mean: 0.3564 | Time: 285.8s
    [Retest] roman-empire | Config 1 | Run 4/10 | seed=3003 | Acc: 0.3466 | Mean: 0.3540 | Time: 249.8s
    [Retest] roman-empire | Config 1 | Run 5/10 | seed=3004 | Acc: 0.3532 | Mean: 0.3538 | Time: 297.9s
    [Retest] roman-empire | Config 1 | Run 6/10 | seed=3005 | Acc: 0.3399 | Mean: 0.3515 | Time: 265.5s
    [Retest] roman-empire | Config 1 | Run 7/10 | seed=3006 | Acc: 0.3450 | Mean: 0.3506 | Time: 286.9s
    [Retest] roman-empire | Config 1 | Run 8/10 | seed=3007 | Acc: 0.3505 | Mean: 0.3506 | Time: 270.1s
    [Retest] roman-empire | Config 1 | Run 9/10 | seed=3008 | Acc: 0.3549 | Mean: 0.3510 | Time: 262.6s
    [Retest] roman-empire | Config 1 | Run 10/10 | seed=3009 | Acc: 0.3595 | Mean: 0.3519 | Time: 306.0s
  [Retest] Config 1: mean=0.3519 ± 0.0072

  [Retest] (roman-empire_uniform_0.3) Config 2/5: (Trial #136, Orig Acc: 0.3704)
           Params: {'knn_mode': 's', 'k': 25, 'dexp': 7.714347168564264, 'p_grd': 0.43670166681612355, 'unc_rem': 0.4882191374655386, 'unc_rel': 0.8499024655796279, 'dropout': 0.8228428216171759, 'n_hidden': 128, 'n_layer': 2, 'lr': 0.05, 'weight_decay': 0.001}
    [Retest] roman-empire | Config 2 | Run 1/10 | seed=3000 | Acc: 0.3681 | Mean: 0.3681 | Time: 235.6s
    [Retest] roman-empire | Config 2 | Run 2/10 | seed=3001 | Acc: 0.3528 | Mean: 0.3605 | Time: 232.5s
    [Retest] roman-empire | Config 2 | Run 3/10 | seed=3002 | Acc: 0.3618 | Mean: 0.3609 | Time: 228.2s
    [Retest] roman-empire | Config 2 | Run 4/10 | seed=3003 | Acc: 0.3340 | Mean: 0.3542 | Time: 225.9s
    [Retest] roman-empire | Config 2 | Run 5/10 | seed=3004 | Acc: 0.3479 | Mean: 0.3529 | Time: 220.6s
    [Retest] roman-empire | Config 2 | Run 6/10 | seed=3005 | Acc: 0.3341 | Mean: 0.3498 | Time: 257.2s
    [Retest] roman-empire | Config 2 | Run 7/10 | seed=3006 | Acc: 0.3581 | Mean: 0.3510 | Time: 250.0s
    [Retest] roman-empire | Config 2 | Run 8/10 | seed=3007 | Acc: 0.3659 | Mean: 0.3528 | Time: 259.8s
    [Retest] roman-empire | Config 2 | Run 9/10 | seed=3008 | Acc: 0.3586 | Mean: 0.3535 | Time: 256.0s
    [Retest] roman-empire | Config 2 | Run 10/10 | seed=3009 | Acc: 0.3605 | Mean: 0.3542 | Time: 255.1s
  [Retest] Config 2: mean=0.3542 ± 0.0115

  [Retest] (roman-empire_uniform_0.3) Config 3/5: (Trial #134, Orig Acc: 0.3683)
           Params: {'knn_mode': 's', 'k': 25, 'dexp': 8.690854965789518, 'p_grd': 0.397584549919625, 'unc_rem': 0.4679395262914802, 'unc_rel': 0.5969646669346782, 'dropout': 0.7629070941857669, 'n_hidden': 128, 'n_layer': 2, 'lr': 0.1, 'weight_decay': 0.001}
    [Retest] roman-empire | Config 3 | Run 1/10 | seed=3000 | Acc: 0.3564 | Mean: 0.3564 | Time: 259.4s
    [Retest] roman-empire | Config 3 | Run 2/10 | seed=3001 | Acc: 0.3474 | Mean: 0.3519 | Time: 276.9s
    [Retest] roman-empire | Config 3 | Run 3/10 | seed=3002 | Acc: 0.3532 | Mean: 0.3523 | Time: 251.9s
    [Retest] roman-empire | Config 3 | Run 4/10 | seed=3003 | Acc: 0.3377 | Mean: 0.3487 | Time: 251.7s
    [Retest] roman-empire | Config 3 | Run 5/10 | seed=3004 | Acc: 0.3557 | Mean: 0.3501 | Time: 245.1s
    [Retest] roman-empire | Config 3 | Run 6/10 | seed=3005 | Acc: 0.3355 | Mean: 0.3477 | Time: 239.0s
    [Retest] roman-empire | Config 3 | Run 7/10 | seed=3006 | Acc: 0.3487 | Mean: 0.3478 | Time: 246.4s
    [Retest] roman-empire | Config 3 | Run 8/10 | seed=3007 | Acc: 0.3437 | Mean: 0.3473 | Time: 245.0s
    [Retest] roman-empire | Config 3 | Run 9/10 | seed=3008 | Acc: 0.3502 | Mean: 0.3476 | Time: 244.8s
    [Retest] roman-empire | Config 3 | Run 10/10 | seed=3009 | Acc: 0.3549 | Mean: 0.3484 | Time: 251.8s
  [Retest] Config 3: mean=0.3484 ± 0.0070

  [Retest] (roman-empire_uniform_0.3) Config 4/5: (Trial #150, Orig Acc: 0.3675)
           Params: {'knn_mode': 'd', 'k': 25, 'dexp': 8.680609996971016, 'p_grd': 0.48152766626045485, 'unc_rem': 0.28496554168089816, 'unc_rel': 0.40696351263331326, 'dropout': 0.40514260321254647, 'n_hidden': 16, 'n_layer': 2, 'lr': 0.1, 'weight_decay': 0.001}
    [Retest] roman-empire | Config 4 | Run 1/10 | seed=3000 | Acc: 0.3619 | Mean: 0.3619 | Time: 704.0s
    [Retest] roman-empire | Config 4 | Run 2/10 | seed=3001 | Acc: 0.3490 | Mean: 0.3555 | Time: 652.2s
    [Retest] roman-empire | Config 4 | Run 3/10 | seed=3002 | Acc: 0.3515 | Mean: 0.3541 | Time: 1098.1s
    [Retest] roman-empire | Config 4 | Run 4/10 | seed=3003 | Acc: 0.3330 | Mean: 0.3489 | Time: 552.0s
    [Retest] roman-empire | Config 4 | Run 5/10 | seed=3004 | Acc: 0.3495 | Mean: 0.3490 | Time: 519.0s
    [Retest] roman-empire | Config 4 | Run 6/10 | seed=3005 | Acc: 0.3262 | Mean: 0.3452 | Time: 591.8s
    [Retest] roman-empire | Config 4 | Run 7/10 | seed=3006 | Acc: 0.3470 | Mean: 0.3454 | Time: 562.0s
    [Retest] roman-empire | Config 4 | Run 8/10 | seed=3007 | Acc: 0.3563 | Mean: 0.3468 | Time: 471.9s
    [Retest] roman-empire | Config 4 | Run 9/10 | seed=3008 | Acc: 0.3536 | Mean: 0.3476 | Time: 554.0s
    [Retest] roman-empire | Config 4 | Run 10/10 | seed=3009 | Acc: 0.3553 | Mean: 0.3483 | Time: 648.9s
  [Retest] Config 4: mean=0.3483 ± 0.0103

  [Retest] (roman-empire_uniform_0.3) Config 5/5: (Trial #84, Orig Acc: 0.3667)
           Params: {'knn_mode': 'd', 'k': 17, 'dexp': 2.101130660946921, 'p_grd': 0.4586487265789597, 'unc_rem': 0.4926931135600607, 'unc_rel': 0.203424232035537, 'dropout': 0.8537648703323147, 'n_hidden': 32, 'n_layer': 2, 'lr': 0.05, 'weight_decay': 0.0005}
    [Retest] roman-empire | Config 5 | Run 1/10 | seed=3000 | Acc: 0.3657 | Mean: 0.3657 | Time: 485.4s
    [Retest] roman-empire | Config 5 | Run 2/10 | seed=3001 | Acc: 0.3436 | Mean: 0.3547 | Time: 592.1s
    [Retest] roman-empire | Config 5 | Run 3/10 | seed=3002 | Acc: 0.3562 | Mean: 0.3552 | Time: 516.2s
    [Retest] roman-empire | Config 5 | Run 4/10 | seed=3003 | Acc: 0.3440 | Mean: 0.3524 | Time: 584.8s
    [Retest] roman-empire | Config 5 | Run 5/10 | seed=3004 | Acc: 0.3375 | Mean: 0.3494 | Time: 536.2s
    [Retest] roman-empire | Config 5 | Run 6/10 | seed=3005 | Acc: 0.3292 | Mean: 0.3460 | Time: 581.8s
    [Retest] roman-empire | Config 5 | Run 7/10 | seed=3006 | Acc: 0.3493 | Mean: 0.3465 | Time: 513.7s
    [Retest] roman-empire | Config 5 | Run 8/10 | seed=3007 | Acc: 0.3510 | Mean: 0.3470 | Time: 495.4s
    [Retest] roman-empire | Config 5 | Run 9/10 | seed=3008 | Acc: 0.3455 | Mean: 0.3469 | Time: 604.3s
    [Retest] roman-empire | Config 5 | Run 10/10 | seed=3009 | Acc: 0.3304 | Mean: 0.3452 | Time: 574.5s
  [Retest] Config 5: mean=0.3452 ± 0.0106

[Optuna] Success: Best config saved to log/hpo_db.json:
         {'knn_mode': 's', 'k': 25, 'dexp': 7.714347168564264, 'p_grd': 0.43670166681612355, 'unc_rem': 0.4882191374655386, 'unc_rel': 0.8499024655796279, 'dropout': 0.8228428216171759, 'n_hidden': 128, 'n_layer': 2, 'lr': 0.05, 'weight_decay': 0.001}
[Optuna] Success: Best retest mean accuracy: 0.3542
[Optuna] Success: Done marker: ./log/nni_done\lnpcc_roman-empire_uniform_0.3.done
  [HPO] Done marker saved: ./log/nni_done\lnpcc_roman-empire_uniform_0.3.done
[total_exp] --hpo_only: skipping benchmark runs.
[worker] OK DONE  hpo_roman-empire_uniform_0.3  gpu=1  1556.5 min  rc=0
