[worker] START  hpo_roman-empire_random_0.5  gpu=1
======================================================================
GCN + LN-PCC -- NoisyGL Benchmark (Unified)
Start          : 2026-04-18 00:44:24
Variants       : ['lnpcc']
Datasets       : ['roman-empire']
Noise          : [[0.5, 'random']]
Runs           : 10  (seeds 3000..3009)
Device         : cuda:1
======================================================================

[HPO] Optimizing lnpcc on roman-empire_random_0.5 (max_trials=200, max_k_same=60)

[Optuna] Scenario: roman-empire_random_0.5  (max_trials=200, startup=20)
  [Trial   1] roman-empire_random_0.5 | acc=0.1395  (363.4s)  knn=d  k= 14  dexp=7.40  p_grd=0.421  unc_rem=0.161  unc_rel=0.537  drop=0.52  h=128  L=3  lr=0.1  wd=0.05
  [Trial   2] roman-empire_random_0.5 | acc=0.1359  (281.5s)  knn=d  k= 17  dexp=0.88  p_grd=0.193  unc_rem=0.850  unc_rel=0.092  drop=0.89  h=128  L=3  lr=1e-05  wd=0.1
  [Trial   3] roman-empire_random_0.5 | acc=0.0697  (233.9s)  knn=s  k= 60  dexp=4.63  p_grd=0.375  unc_rem=0.959  unc_rel=0.839  drop=0.11  h=16  L=4  lr=1e-05  wd=0.1
  [Trial   4] roman-empire_random_0.5 | acc=0.2051  (128.7s)  knn=s  k= 20  dexp=3.86  p_grd=0.215  unc_rem=0.881  unc_rel=0.612  drop=0.58  h=32  L=3  lr=0.005  wd=0.001
  [Trial   5] roman-empire_random_0.5 | acc=0.1933  (211.4s)  knn=u  k=-    dexp=8.18  p_grd=0.344  unc_rem=0.346  unc_rel=0.828  drop=0.50  h=64  L=4  lr=0.001  wd=0.001
  [Trial   6] roman-empire_random_0.5 | acc=0.2699  (231.0s)  knn=s  k= 60  dexp=9.63  p_grd=0.431  unc_rem=0.779  unc_rel=0.683  drop=0.44  h=32  L=1  lr=0.1  wd=0.01
  [Trial   7] roman-empire_random_0.5 | acc=0.1530  (358.0s)  knn=d  k= 22  dexp=8.98  p_grd=0.186  unc_rem=0.562  unc_rel=0.930  drop=0.36  h=32  L=3  lr=0.0001  wd=0.005
  [Trial   8] roman-empire_random_0.5 | acc=0.2496  (257.1s)  knn=d  k= 15  dexp=2.27  p_grd=0.167  unc_rem=0.876  unc_rel=0.021  drop=0.20  h=128  L=3  lr=0.1  wd=0.005
  [Trial   9] roman-empire_random_0.5 | acc=0.2956  (439.8s)  knn=p  k= 21  dexp=7.05  p_grd=0.405  unc_rem=0.819  unc_rel=0.209  drop=0.56  h=32  L=2  lr=0.01  wd=1e-05
  [Trial  10] roman-empire_random_0.5 | acc=0.2274  (635.3s)  knn=d  k= 23  dexp=5.37  p_grd=0.494  unc_rem=0.196  unc_rel=0.286  drop=0.68  h=64  L=3  lr=0.05  wd=0.005
  [Trial  11] roman-empire_random_0.5 | acc=0.1971  (254.0s)  knn=s  k= 10  dexp=6.60  p_grd=0.444  unc_rem=0.958  unc_rel=0.876  drop=0.66  h=16  L=4  lr=0.05  wd=1e-05
  [Trial  12] roman-empire_random_0.5 | acc=0.2052  (135.0s)  knn=u  k=-    dexp=8.76  p_grd=0.091  unc_rem=0.305  unc_rel=0.438  drop=0.14  h=64  L=3  lr=0.001  wd=0.0001
  [Trial  13] roman-empire_random_0.5 | acc=0.1827  (308.5s)  knn=p  k=  9  dexp=7.90  p_grd=0.228  unc_rem=0.196  unc_rel=0.065  drop=0.88  h=16  L=4  lr=0.1  wd=0.005
  [Trial  14] roman-empire_random_0.5 | acc=0.1767  (186.0s)  knn=s  k= 20  dexp=4.82  p_grd=0.311  unc_rem=0.084  unc_rel=0.251  drop=0.17  h=32  L=2  lr=0.0005  wd=0.005
  [Trial  15] roman-empire_random_0.5 | acc=0.1907  (309.3s)  knn=d  k=  5  dexp=1.73  p_grd=0.294  unc_rem=0.145  unc_rel=0.870  drop=0.67  h=32  L=1  lr=0.0001  wd=0.001
  [Trial  16] roman-empire_random_0.5 | acc=0.0601  (347.7s)  knn=p  k= 15  dexp=1.15  p_grd=0.289  unc_rem=0.335  unc_rel=0.495  drop=0.39  h=64  L=4  lr=1e-05  wd=0.0005
  [Trial  17] roman-empire_random_0.5 | acc=0.1864  (267.3s)  knn=p  k= 10  dexp=8.27  p_grd=0.189  unc_rem=0.042  unc_rel=0.304  drop=0.53  h=32  L=4  lr=0.005  wd=0.005
  [Trial  18] roman-empire_random_0.5 | acc=0.1924  (246.6s)  knn=d  k=  3  dexp=2.21  p_grd=0.206  unc_rem=0.616  unc_rel=0.167  drop=0.40  h=64  L=3  lr=0.005  wd=0.01
  [Trial  19] roman-empire_random_0.5 | acc=0.2710  (524.0s)  knn=p  k= 13  dexp=3.83  p_grd=0.476  unc_rem=0.774  unc_rel=0.043  drop=0.57  h=128  L=1  lr=0.001  wd=5e-05
  [Trial  20] roman-empire_random_0.5 | acc=0.2581  (150.6s)  knn=u  k=-    dexp=6.93  p_grd=0.170  unc_rem=0.841  unc_rel=0.089  drop=0.61  h=16  L=2  lr=0.01  wd=5e-05
  [Trial  21] roman-empire_random_0.5 | acc=0.2527  (501.3s)  knn=p  k= 23  dexp=1.51  p_grd=0.403  unc_rem=0.553  unc_rel=0.184  drop=0.42  h=128  L=1  lr=0.001  wd=5e-05
  [Trial  22] roman-empire_random_0.5 | acc=0.2694  (518.3s)  knn=p  k= 25  dexp=6.06  p_grd=0.417  unc_rem=0.729  unc_rel=0.154  drop=0.58  h=16  L=2  lr=0.1  wd=1e-05
  [Trial  23] roman-empire_random_0.5 | acc=0.2667  (228.6s)  knn=s  k= 25  dexp=7.78  p_grd=0.464  unc_rem=0.861  unc_rel=0.737  drop=0.30  h=32  L=1  lr=0.1  wd=0.01
  [Trial  24] roman-empire_random_0.5 | acc=0.2694  (230.4s)  knn=s  k= 25  dexp=4.53  p_grd=0.498  unc_rem=0.784  unc_rel=0.103  drop=0.75  h=16  L=1  lr=0.001  wd=0.0001
  [Trial  25] roman-empire_random_0.5 | acc=0.2862  (523.8s)  knn=p  k= 25  dexp=3.26  p_grd=0.451  unc_rem=0.731  unc_rel=0.385  drop=0.83  h=32  L=1  lr=0.05  wd=5e-05
  [Trial  26] roman-empire_random_0.5 | acc=0.2891  (423.3s)  knn=p  k= 18  dexp=2.45  p_grd=0.387  unc_rem=0.507  unc_rel=0.315  drop=0.86  h=32  L=1  lr=0.05  wd=5e-05
  [Trial  27] roman-empire_random_0.5 | acc=0.2463  (421.0s)  knn=p  k= 19  dexp=8.07  p_grd=0.311  unc_rem=0.898  unc_rel=0.171  drop=0.39  h=32  L=2  lr=0.01  wd=0.01
  [Trial  28] roman-empire_random_0.5 | acc=0.1899  (406.0s)  knn=p  k= 18  dexp=0.19  p_grd=0.340  unc_rem=0.624  unc_rel=0.305  drop=0.80  h=32  L=3  lr=0.1  wd=5e-05
  [Trial  29] roman-empire_random_0.5 | acc=0.3001  (439.8s)  knn=p  k= 19  dexp=5.44  p_grd=0.376  unc_rem=0.544  unc_rel=0.565  drop=0.87  h=128  L=1  lr=0.05  wd=5e-05
  [Trial  30] roman-empire_random_0.5 | acc=0.2623  (162.7s)  knn=u  k=-    dexp=2.92  p_grd=0.298  unc_rem=0.287  unc_rel=0.669  drop=0.83  h=128  L=1  lr=0.05  wd=5e-05
  [Trial  31] roman-empire_random_0.5 | acc=0.2935  (436.0s)  knn=p  k= 18  dexp=7.18  p_grd=0.433  unc_rem=0.336  unc_rel=0.625  drop=0.77  h=16  L=1  lr=0.005  wd=5e-05
  [Trial  32] roman-empire_random_0.5 | acc=0.2744  (474.3s)  knn=p  k= 18  dexp=8.20  p_grd=0.461  unc_rem=0.680  unc_rel=0.682  drop=0.80  h=16  L=1  lr=0.001  wd=5e-05
  [Trial  33] roman-empire_random_0.5 | acc=0.2898  (451.6s)  knn=p  k= 18  dexp=6.75  p_grd=0.434  unc_rem=0.132  unc_rel=0.576  drop=0.64  h=16  L=1  lr=0.05  wd=0.0001
  [Trial  34] roman-empire_random_0.5 | acc=0.2677  (236.0s)  knn=s  k= 40  dexp=8.24  p_grd=0.426  unc_rem=0.147  unc_rel=0.458  drop=0.54  h=16  L=1  lr=0.05  wd=0.01
  [Trial  35] roman-empire_random_0.5 | acc=0.2936  (197.8s)  knn=u  k=-    dexp=5.83  p_grd=0.407  unc_rem=0.207  unc_rel=0.765  drop=0.74  h=16  L=1  lr=0.005  wd=0.0005
  [Trial  36] roman-empire_random_0.5 | acc=0.2960  (219.9s)  knn=u  k=-    dexp=5.34  p_grd=0.450  unc_rem=0.338  unc_rel=0.728  drop=0.83  h=32  L=1  lr=0.005  wd=0.0005
  [Trial  37] roman-empire_random_0.5 | acc=0.2154  (210.9s)  knn=u  k=-    dexp=4.25  p_grd=0.428  unc_rem=0.413  unc_rel=0.624  drop=0.79  h=32  L=3  lr=0.005  wd=0.0005
  [Trial  38] roman-empire_random_0.5 | acc=0.2033  (194.9s)  knn=u  k=-    dexp=5.99  p_grd=0.470  unc_rem=0.173  unc_rel=0.845  drop=0.61  h=32  L=1  lr=0.0005  wd=0.01
  [Trial  39] roman-empire_random_0.5 | acc=0.2505  (212.6s)  knn=u  k=-    dexp=1.78  p_grd=0.457  unc_rem=0.149  unc_rel=0.573  drop=0.77  h=16  L=1  lr=0.001  wd=0.0005
  [Trial  40] roman-empire_random_0.5 | acc=0.2785  (237.3s)  knn=d  k=  1  dexp=6.18  p_grd=0.368  unc_rem=0.605  unc_rel=0.360  drop=0.74  h=32  L=2  lr=0.01  wd=1e-05
  [Trial  41] roman-empire_random_0.5 | acc=0.2961  (191.3s)  knn=u  k=-    dexp=6.11  p_grd=0.455  unc_rem=0.268  unc_rel=0.810  drop=0.82  h=128  L=1  lr=0.005  wd=0.0005
  [Trial  42] roman-empire_random_0.5 | acc=0.3100  (401.4s)  knn=d  k= 13  dexp=6.12  p_grd=0.402  unc_rem=0.386  unc_rel=0.861  drop=0.70  h=128  L=1  lr=0.005  wd=0.0005
  [Trial  43] roman-empire_random_0.5 | acc=0.3027  (428.1s)  knn=d  k= 13  dexp=6.04  p_grd=0.436  unc_rem=0.457  unc_rel=0.632  drop=0.63  h=128  L=1  lr=0.1  wd=0.0001
  [Trial  44] roman-empire_random_0.5 | acc=0.2809  (309.4s)  knn=d  k= 13  dexp=6.51  p_grd=0.358  unc_rem=0.515  unc_rel=0.844  drop=0.53  h=128  L=1  lr=0.005  wd=0.005
  [Trial  45] roman-empire_random_0.5 | acc=0.3001  (345.6s)  knn=d  k= 12  dexp=4.17  p_grd=0.465  unc_rem=0.296  unc_rel=0.425  drop=0.58  h=128  L=1  lr=0.1  wd=0.0001
  [Trial  46] roman-empire_random_0.5 | acc=0.1323  (417.3s)  knn=d  k= 11  dexp=4.67  p_grd=0.480  unc_rem=0.495  unc_rel=0.319  drop=0.61  h=128  L=4  lr=1e-05  wd=0.0001
  [Trial  47] roman-empire_random_0.5 | acc=0.1964  (379.5s)  knn=d  k= 13  dexp=6.03  p_grd=0.385  unc_rem=0.111  unc_rel=0.481  drop=0.81  h=128  L=1  lr=0.1  wd=0.1
  [Trial  48] roman-empire_random_0.5 | acc=0.2860  (192.7s)  knn=u  k=-    dexp=6.26  p_grd=0.471  unc_rem=0.549  unc_rel=0.473  drop=0.41  h=128  L=1  lr=0.1  wd=0.0001
  [Trial  49] roman-empire_random_0.5 | acc=0.2922  (359.7s)  knn=d  k= 13  dexp=2.16  p_grd=0.439  unc_rem=0.206  unc_rel=0.249  drop=0.50  h=16  L=1  lr=0.1  wd=0.0001
  [Trial  50] roman-empire_random_0.5 | acc=0.2709  (396.0s)  knn=d  k=  8  dexp=3.57  p_grd=0.450  unc_rem=0.516  unc_rel=0.669  drop=0.81  h=64  L=1  lr=0.1  wd=0.01
  [Trial  51] roman-empire_random_0.5 | acc=0.2871  (207.7s)  knn=u  k=-    dexp=3.98  p_grd=0.376  unc_rem=0.623  unc_rel=0.991  drop=0.73  h=128  L=2  lr=0.005  wd=0.0001
  [Trial  52] roman-empire_random_0.5 | acc=0.1763  (213.7s)  knn=s  k= 50  dexp=6.25  p_grd=0.387  unc_rem=0.100  unc_rel=0.845  drop=0.90  h=128  L=1  lr=0.005  wd=0.05
  [Trial  53] roman-empire_random_0.5 | acc=0.3259  (444.4s)  knn=p  k= 13  dexp=4.99  p_grd=0.374  unc_rem=0.450  unc_rel=0.814  drop=0.67  h=32  L=1  lr=0.1  wd=0.0005
  [Trial  54] roman-empire_random_0.5 | acc=0.2019  (401.8s)  knn=p  k= 13  dexp=4.67  p_grd=0.410  unc_rem=0.649  unc_rel=0.807  drop=0.65  h=32  L=1  lr=0.1  wd=0.05
  [Trial  55] roman-empire_random_0.5 | acc=0.2471  (310.8s)  knn=p  k= 13  dexp=6.98  p_grd=0.338  unc_rem=0.544  unc_rel=0.457  drop=0.75  h=128  L=3  lr=0.0005  wd=5e-05
  [Trial  56] roman-empire_random_0.5 | acc=0.3010  (342.4s)  knn=p  k= 13  dexp=5.06  p_grd=0.332  unc_rem=0.518  unc_rel=0.756  drop=0.84  h=128  L=2  lr=0.05  wd=5e-05
  [Trial  57] roman-empire_random_0.5 | acc=0.2874  (329.2s)  knn=p  k= 13  dexp=7.61  p_grd=0.347  unc_rem=0.339  unc_rel=0.705  drop=0.59  h=128  L=2  lr=0.05  wd=0.01
  [Trial  58] roman-empire_random_0.5 | acc=0.0990  (355.1s)  knn=p  k= 11  dexp=4.03  p_grd=0.380  unc_rem=0.484  unc_rel=0.697  drop=0.57  h=128  L=1  lr=1e-05  wd=0.0001
  [Trial  59] roman-empire_random_0.5 | acc=0.1776  (390.5s)  knn=p  k= 15  dexp=7.22  p_grd=0.433  unc_rem=0.768  unc_rel=0.997  drop=0.88  h=128  L=4  lr=0.05  wd=5e-05
  [Trial  60] roman-empire_random_0.5 | acc=0.2853  (222.6s)  knn=p  k= 10  dexp=4.46  p_grd=0.158  unc_rem=0.344  unc_rel=0.806  drop=0.88  h=32  L=1  lr=0.1  wd=0.0005
  [Trial  61] roman-empire_random_0.5 | acc=0.2900  (151.3s)  knn=s  k=  5  dexp=3.94  p_grd=0.304  unc_rem=0.581  unc_rel=0.789  drop=0.82  h=64  L=2  lr=0.05  wd=5e-05
  [Trial  62] roman-empire_random_0.5 | acc=0.3001  (385.2s)  knn=d  k= 14  dexp=2.88  p_grd=0.410  unc_rem=0.049  unc_rel=0.844  drop=0.54  h=128  L=1  lr=0.1  wd=0.0001
  [Trial  63] roman-empire_random_0.5 | acc=0.2432  (381.0s)  knn=d  k= 14  dexp=0.08  p_grd=0.447  unc_rem=0.032  unc_rel=0.638  drop=0.50  h=128  L=1  lr=0.001  wd=0.0001
  [Trial  64] roman-empire_random_0.5 | acc=0.3037  (413.1s)  knn=d  k= 14  dexp=9.11  p_grd=0.446  unc_rem=0.587  unc_rel=0.571  drop=0.80  h=32  L=1  lr=0.1  wd=0.0001
  [Trial  65] roman-empire_random_0.5 | acc=0.2812  (199.8s)  knn=u  k=-    dexp=8.80  p_grd=0.385  unc_rem=0.489  unc_rel=0.742  drop=0.76  h=32  L=1  lr=0.1  wd=0.0001
  [Trial  66] roman-empire_random_0.5 | acc=0.2985  (236.3s)  knn=p  k= 14  dexp=4.69  p_grd=0.231  unc_rem=0.493  unc_rel=0.670  drop=0.87  h=128  L=2  lr=0.05  wd=5e-05
  [Trial  67] roman-empire_random_0.5 | acc=0.1878  (319.1s)  knn=d  k= 10  dexp=9.30  p_grd=0.350  unc_rem=0.590  unc_rel=0.443  drop=0.70  h=32  L=3  lr=0.1  wd=0.01
  [Trial  68] roman-empire_random_0.5 | acc=0.2865  (396.6s)  knn=d  k= 15  dexp=9.54  p_grd=0.438  unc_rem=0.872  unc_rel=0.444  drop=0.66  h=64  L=2  lr=0.1  wd=0.0001
  [Trial  69] roman-empire_random_0.5 | acc=0.2132  (421.0s)  knn=d  k= 11  dexp=7.08  p_grd=0.463  unc_rem=0.399  unc_rel=0.746  drop=0.65  h=128  L=4  lr=0.001  wd=0.0005
  [Trial  70] roman-empire_random_0.5 | acc=0.3015  (435.7s)  knn=p  k= 15  dexp=2.57  p_grd=0.428  unc_rem=0.195  unc_rel=0.792  drop=0.58  h=32  L=1  lr=0.1  wd=0.0005
  [Trial  71] roman-empire_random_0.5 | acc=0.3062  (481.2s)  knn=p  k= 16  dexp=3.38  p_grd=0.429  unc_rem=0.155  unc_rel=0.875  drop=0.77  h=16  L=1  lr=0.1  wd=0.0005
  [Trial  72] roman-empire_random_0.5 | acc=0.3067  (443.7s)  knn=p  k= 16  dexp=3.44  p_grd=0.432  unc_rem=0.240  unc_rel=0.868  drop=0.59  h=16  L=1  lr=0.1  wd=0.0005
  [Trial  73] roman-empire_random_0.5 | acc=0.2931  (407.8s)  knn=p  k= 16  dexp=2.64  p_grd=0.343  unc_rem=0.301  unc_rel=0.640  drop=0.49  h=16  L=1  lr=0.1  wd=0.0005
  [Trial  74] roman-empire_random_0.5 | acc=0.1494  (420.4s)  knn=p  k= 15  dexp=3.13  p_grd=0.408  unc_rem=0.104  unc_rel=0.995  drop=0.69  h=32  L=4  lr=0.1  wd=1e-05
  [Trial  75] roman-empire_random_0.5 | acc=0.3026  (442.1s)  knn=d  k= 16  dexp=8.49  p_grd=0.458  unc_rem=0.776  unc_rel=0.326  drop=0.83  h=32  L=1  lr=0.1  wd=0.0001
  [Trial  76] roman-empire_random_0.5 | acc=0.2936  (423.9s)  knn=d  k= 17  dexp=8.80  p_grd=0.382  unc_rem=0.805  unc_rel=0.530  drop=0.70  h=32  L=1  lr=0.005  wd=0.0001
  [Trial  77] roman-empire_random_0.5 | acc=0.2971  (352.1s)  knn=d  k= 16  dexp=9.72  p_grd=0.474  unc_rem=0.652  unc_rel=0.315  drop=0.89  h=128  L=1  lr=0.1  wd=0.0001
  [Trial  78] roman-empire_random_0.5 | acc=0.2404  (485.6s)  knn=p  k= 16  dexp=1.86  p_grd=0.449  unc_rem=0.049  unc_rel=0.855  drop=0.66  h=16  L=2  lr=0.1  wd=0.01
  [Trial  79] roman-empire_random_0.5 | acc=0.2258  (497.0s)  knn=p  k= 16  dexp=3.01  p_grd=0.438  unc_rem=0.063  unc_rel=0.537  drop=0.65  h=32  L=3  lr=0.1  wd=0.0005
  [Trial  80] roman-empire_random_0.5 | acc=0.2822  (395.2s)  knn=p  k= 16  dexp=1.61  p_grd=0.357  unc_rem=0.188  unc_rel=0.922  drop=0.47  h=32  L=1  lr=0.05  wd=0.0005
  [Trial  81] roman-empire_random_0.5 | acc=0.2735  (164.9s)  knn=s  k= 30  dexp=1.72  p_grd=0.433  unc_rem=0.132  unc_rel=0.976  drop=0.80  h=16  L=1  lr=0.1  wd=0.005
  [Trial  82] roman-empire_random_0.5 | acc=0.3099  (241.6s)  knn=s  k= 25  dexp=8.45  p_grd=0.438  unc_rem=0.647  unc_rel=0.257  drop=0.78  h=32  L=1  lr=0.1  wd=0.0005
  [Trial  83] roman-empire_random_0.5 | acc=0.3132  (234.3s)  knn=s  k= 30  dexp=7.37  p_grd=0.425  unc_rem=0.566  unc_rel=0.361  drop=0.70  h=32  L=1  lr=0.1  wd=0.0005
  [Trial  84] roman-empire_random_0.5 | acc=0.1478  (236.6s)  knn=s  k= 20  dexp=7.26  p_grd=0.382  unc_rem=0.476  unc_rel=0.198  drop=0.68  h=32  L=4  lr=0.1  wd=0.0001
  [Trial  85] roman-empire_random_0.5 | acc=0.0977  (222.4s)  knn=s  k= 30  dexp=6.71  p_grd=0.486  unc_rem=0.862  unc_rel=0.188  drop=0.63  h=32  L=1  lr=1e-05  wd=0.0005
  [Trial  86] roman-empire_random_0.5 | acc=0.1823  (476.1s)  knn=d  k= 22  dexp=9.19  p_grd=0.457  unc_rem=0.435  unc_rel=0.607  drop=0.78  h=32  L=1  lr=0.1  wd=0.1
  [Trial  87] roman-empire_random_0.5 | acc=0.1926  (515.8s)  knn=p  k= 24  dexp=6.06  p_grd=0.387  unc_rem=0.163  unc_rel=0.823  drop=0.78  h=16  L=1  lr=0.1  wd=0.1
  [Trial  88] roman-empire_random_0.5 | acc=0.3109  (224.0s)  knn=s  k= 35  dexp=9.30  p_grd=0.442  unc_rem=0.668  unc_rel=0.160  drop=0.78  h=32  L=1  lr=0.1  wd=0.0005
  [Trial  89] roman-empire_random_0.5 | acc=0.3127  (230.0s)  knn=s  k= 40  dexp=8.00  p_grd=0.388  unc_rem=0.774  unc_rel=0.466  drop=0.82  h=32  L=1  lr=0.1  wd=0.0005
  [Trial  90] roman-empire_random_0.5 | acc=0.2792  (229.0s)  knn=s  k= 40  dexp=8.55  p_grd=0.477  unc_rem=0.641  unc_rel=0.110  drop=0.75  h=32  L=2  lr=0.1  wd=0.0005
  [Trial  91] roman-empire_random_0.5 | acc=0.1922  (252.2s)  knn=s  k= 40  dexp=8.38  p_grd=0.422  unc_rem=0.568  unc_rel=0.672  drop=0.83  h=32  L=1  lr=0.0001  wd=0.0005
  [Trial  92] roman-empire_random_0.5 | acc=0.3100  (276.5s)  knn=s  k= 35  dexp=6.84  p_grd=0.456  unc_rem=0.774  unc_rel=0.314  drop=0.89  h=64  L=1  lr=0.1  wd=0.0005
  [Trial  93] roman-empire_random_0.5 | acc=0.3121  (256.4s)  knn=s  k= 35  dexp=6.53  p_grd=0.422  unc_rem=0.509  unc_rel=0.386  drop=0.69  h=128  L=1  lr=0.1  wd=0.0005
  [Trial  94] roman-empire_random_0.5 | acc=0.3079  (259.7s)  knn=s  k= 35  dexp=4.93  p_grd=0.400  unc_rem=0.532  unc_rel=0.145  drop=0.87  h=64  L=1  lr=0.1  wd=0.0005
  [Trial  95] roman-empire_random_0.5 | acc=0.3106  (249.9s)  knn=s  k= 35  dexp=5.77  p_grd=0.342  unc_rem=0.782  unc_rel=0.125  drop=0.76  h=64  L=1  lr=0.1  wd=0.0005
  [Trial  96] roman-empire_random_0.5 | acc=0.3043  (613.0s)  knn=p  k= 24  dexp=4.88  p_grd=0.461  unc_rem=0.548  unc_rel=0.232  drop=0.73  h=64  L=1  lr=0.1  wd=0.0005
  [Trial  97] roman-empire_random_0.5 | acc=0.2412  (207.7s)  knn=s  k= 35  dexp=6.19  p_grd=0.304  unc_rem=0.878  unc_rel=0.021  drop=0.82  h=64  L=1  lr=0.0005  wd=0.0005
  [Trial  98] roman-empire_random_0.5 | acc=0.2667  (249.9s)  knn=s  k= 35  dexp=8.86  p_grd=0.389  unc_rem=0.875  unc_rel=0.108  drop=0.70  h=16  L=1  lr=0.1  wd=0.01
  [Trial  99] roman-empire_random_0.5 | acc=0.1911  (196.4s)  knn=s  k= 40  dexp=5.51  p_grd=0.360  unc_rem=0.422  unc_rel=0.068  drop=0.61  h=128  L=1  lr=0.0001  wd=0.0005
  [Trial 100] roman-empire_random_0.5 | acc=0.1791  (205.1s)  knn=s  k= 35  dexp=2.55  p_grd=0.425  unc_rem=0.515  unc_rel=0.219  drop=0.86  h=64  L=2  lr=0.0001  wd=0.0005
  [Trial 101] roman-empire_random_0.5 | acc=0.1974  (187.2s)  knn=s  k= 35  dexp=6.17  p_grd=0.343  unc_rem=0.678  unc_rel=0.232  drop=0.75  h=64  L=3  lr=0.1  wd=0.005
  [Trial 102] roman-empire_random_0.5 | acc=0.3085  (215.4s)  knn=s  k= 45  dexp=6.19  p_grd=0.306  unc_rem=0.406  unc_rel=0.583  drop=0.64  h=128  L=1  lr=0.1  wd=0.0005
  [Trial 103] roman-empire_random_0.5 | acc=0.3079  (206.7s)  knn=s  k= 50  dexp=8.79  p_grd=0.314  unc_rem=0.503  unc_rel=0.725  drop=0.73  h=128  L=1  lr=0.1  wd=0.0005
  [Trial 104] roman-empire_random_0.5 | acc=0.3098  (218.4s)  knn=s  k= 55  dexp=7.47  p_grd=0.316  unc_rem=0.636  unc_rel=0.568  drop=0.59  h=128  L=1  lr=0.1  wd=0.0005
  [Trial 105] roman-empire_random_0.5 | acc=0.2782  (231.0s)  knn=s  k= 60  dexp=5.83  p_grd=0.465  unc_rem=0.581  unc_rel=0.269  drop=0.61  h=32  L=1  lr=0.1  wd=1e-05
  [Trial 106] roman-empire_random_0.5 | acc=0.3185  (552.0s)  knn=d  k= 24  dexp=7.82  p_grd=0.447  unc_rem=0.277  unc_rel=0.877  drop=0.78  h=128  L=1  lr=0.05  wd=0.0005
  [Trial 107] roman-empire_random_0.5 | acc=0.1001  (475.3s)  knn=d  k= 24  dexp=9.26  p_grd=0.496  unc_rem=0.521  unc_rel=0.987  drop=0.83  h=16  L=1  lr=1e-05  wd=0.0005
  [Trial 108] roman-empire_random_0.5 | acc=0.3116  (233.5s)  knn=s  k= 35  dexp=7.74  p_grd=0.370  unc_rem=0.647  unc_rel=0.235  drop=0.88  h=32  L=1  lr=0.1  wd=0.0005
  [Trial 109] roman-empire_random_0.5 | acc=0.3164  (512.1s)  knn=d  k= 24  dexp=9.93  p_grd=0.441  unc_rem=0.547  unc_rel=0.994  drop=0.48  h=128  L=1  lr=0.05  wd=0.0005
  [Trial 110] roman-empire_random_0.5 | acc=0.3078  (459.7s)  knn=d  k= 24  dexp=9.13  p_grd=0.446  unc_rem=0.470  unc_rel=0.886  drop=0.82  h=128  L=1  lr=0.05  wd=0.001
  [Trial 111] roman-empire_random_0.5 | acc=0.3125  (521.2s)  knn=d  k= 24  dexp=8.44  p_grd=0.477  unc_rem=0.728  unc_rel=0.781  drop=0.45  h=128  L=1  lr=0.01  wd=0.0005
  [Trial 112] roman-empire_random_0.5 | acc=0.3119  (590.5s)  knn=d  k= 24  dexp=8.51  p_grd=0.461  unc_rem=0.722  unc_rel=0.855  drop=0.43  h=128  L=1  lr=0.01  wd=0.0005
  [Trial 113] roman-empire_random_0.5 | acc=0.3084  (478.4s)  knn=d  k= 24  dexp=9.73  p_grd=0.392  unc_rem=0.654  unc_rel=0.776  drop=0.38  h=128  L=1  lr=0.01  wd=0.0005
  [Trial 114] roman-empire_random_0.5 | acc=0.3052  (208.1s)  knn=u  k=-    dexp=8.41  p_grd=0.377  unc_rem=0.512  unc_rel=0.958  drop=0.38  h=128  L=1  lr=0.05  wd=0.0005
  [Trial 115] roman-empire_random_0.5 | acc=0.3095  (478.1s)  knn=d  k= 24  dexp=5.77  p_grd=0.322  unc_rem=0.168  unc_rel=0.595  drop=0.81  h=128  L=1  lr=0.05  wd=0.0005
  [Trial 116] roman-empire_random_0.5 | acc=0.2720  (222.8s)  knn=s  k= 35  dexp=6.00  p_grd=0.479  unc_rem=0.836  unc_rel=0.855  drop=0.33  h=128  L=1  lr=0.001  wd=0.0005
  [Trial 117] roman-empire_random_0.5 | acc=0.1860  (174.6s)  knn=s  k= 30  dexp=5.44  p_grd=0.249  unc_rem=0.741  unc_rel=0.146  drop=0.80  h=32  L=1  lr=0.001  wd=0.05
  [Trial 118] roman-empire_random_0.5 | acc=0.1972  (469.3s)  knn=d  k= 24  dexp=8.47  p_grd=0.410  unc_rem=0.464  unc_rel=0.957  drop=0.26  h=128  L=4  lr=0.05  wd=0.0005
  [Trial 119] roman-empire_random_0.5 | acc=0.1942  (460.8s)  knn=d  k= 23  dexp=7.45  p_grd=0.466  unc_rem=0.839  unc_rel=0.599  drop=0.59  h=128  L=1  lr=0.0001  wd=0.0005
  [Trial 120] roman-empire_random_0.5 | acc=0.1598  (589.2s)  knn=d  k= 24  dexp=5.94  p_grd=0.497  unc_rem=0.776  unc_rel=0.938  drop=0.45  h=128  L=2  lr=0.01  wd=0.1
  [Trial 121] roman-empire_random_0.5 | acc=0.3055  (503.3s)  knn=d  k= 24  dexp=5.89  p_grd=0.328  unc_rem=0.318  unc_rel=0.849  drop=0.65  h=128  L=1  lr=0.005  wd=0.0005
  [Trial 122] roman-empire_random_0.5 | acc=0.3127  (480.4s)  knn=d  k= 24  dexp=9.91  p_grd=0.431  unc_rem=0.848  unc_rel=0.761  drop=0.60  h=64  L=1  lr=0.05  wd=0.0005
  [Trial 123] roman-empire_random_0.5 | acc=0.1957  (384.4s)  knn=d  k= 24  dexp=9.27  p_grd=0.252  unc_rem=0.855  unc_rel=0.988  drop=0.54  h=64  L=4  lr=0.05  wd=0.0005
  [Trial 124] roman-empire_random_0.5 | acc=0.3036  (443.0s)  knn=d  k= 24  dexp=8.22  p_grd=0.287  unc_rem=0.953  unc_rel=0.588  drop=0.41  h=64  L=1  lr=0.005  wd=0.0005
  [Trial 125] roman-empire_random_0.5 | acc=0.2791  (484.6s)  knn=d  k= 24  dexp=9.59  p_grd=0.465  unc_rem=0.912  unc_rel=0.583  drop=0.67  h=64  L=1  lr=0.05  wd=0.005
  [Trial 126] roman-empire_random_0.5 | acc=0.2728  (454.2s)  knn=p  k= 24  dexp=5.74  p_grd=0.349  unc_rem=0.600  unc_rel=0.768  drop=0.75  h=32  L=1  lr=0.001  wd=0.0005
  [Trial 127] roman-empire_random_0.5 | acc=0.3099  (235.1s)  knn=s  k= 35  dexp=9.39  p_grd=0.458  unc_rem=0.893  unc_rel=0.745  drop=0.38  h=64  L=1  lr=0.05  wd=0.0005
  [Trial 128] roman-empire_random_0.5 | acc=0.1826  (550.1s)  knn=d  k= 24  dexp=7.15  p_grd=0.499  unc_rem=0.055  unc_rel=0.983  drop=0.88  h=128  L=4  lr=0.05  wd=1e-05
  [Trial 129] roman-empire_random_0.5 | acc=0.3104  (412.0s)  knn=d  k= 24  dexp=9.16  p_grd=0.344  unc_rem=0.268  unc_rel=0.967  drop=0.57  h=128  L=1  lr=0.05  wd=0.0005
  [Trial 130] roman-empire_random_0.5 | acc=0.2318  (218.2s)  knn=s  k= 35  dexp=8.24  p_grd=0.277  unc_rem=0.766  unc_rel=0.570  drop=0.78  h=32  L=2  lr=0.1  wd=5e-05
  [Trial 131] roman-empire_random_0.5 | acc=0.2737  (376.5s)  knn=d  k= 24  dexp=7.20  p_grd=0.246  unc_rem=0.043  unc_rel=0.981  drop=0.71  h=128  L=1  lr=0.05  wd=0.005
  [Trial 132] roman-empire_random_0.5 | acc=0.2802  (474.2s)  knn=d  k= 24  dexp=8.85  p_grd=0.375  unc_rem=0.801  unc_rel=0.759  drop=0.48  h=128  L=1  lr=0.05  wd=5e-05
  [Trial 133] roman-empire_random_0.5 | acc=0.3101  (434.5s)  knn=d  k= 24  dexp=8.90  p_grd=0.402  unc_rem=0.921  unc_rel=0.877  drop=0.66  h=64  L=1  lr=0.05  wd=0.0005
  [Trial 134] roman-empire_random_0.5 | acc=0.3165  (458.6s)  knn=d  k= 24  dexp=8.95  p_grd=0.450  unc_rem=0.986  unc_rel=0.873  drop=0.82  h=64  L=1  lr=0.05  wd=0.0005
  [Trial 135] roman-empire_random_0.5 | acc=0.2916  (426.8s)  knn=d  k= 24  dexp=9.81  p_grd=0.346  unc_rem=0.516  unc_rel=0.861  drop=0.51  h=128  L=2  lr=0.05  wd=0.0005
  [Trial 136] roman-empire_random_0.5 | acc=0.2689  (401.2s)  knn=p  k= 24  dexp=9.97  p_grd=0.310  unc_rem=0.222  unc_rel=0.904  drop=0.64  h=128  L=1  lr=0.001  wd=1e-05
  [Trial 137] roman-empire_random_0.5 | acc=0.3191  (480.8s)  knn=d  k= 24  dexp=9.98  p_grd=0.473  unc_rem=0.429  unc_rel=0.996  drop=0.60  h=128  L=1  lr=0.05  wd=0.0005
  [Trial 138] roman-empire_random_0.5 | acc=0.2488  (547.7s)  knn=p  k= 24  dexp=9.77  p_grd=0.394  unc_rem=0.549  unc_rel=0.951  drop=0.48  h=128  L=1  lr=0.0005  wd=0.0005
  [Trial 139] roman-empire_random_0.5 | acc=0.2378  (462.3s)  knn=d  k= 24  dexp=9.93  p_grd=0.488  unc_rem=0.978  unc_rel=0.762  drop=0.86  h=64  L=3  lr=0.01  wd=0.0005
  [Trial 140] roman-empire_random_0.5 | acc=0.2146  (365.2s)  knn=d  k= 20  dexp=9.64  p_grd=0.397  unc_rem=0.484  unc_rel=0.948  drop=0.64  h=16  L=1  lr=0.05  wd=0.05
  [Trial 141] roman-empire_random_0.5 | acc=0.2743  (542.8s)  knn=d  k= 24  dexp=8.72  p_grd=0.460  unc_rem=0.863  unc_rel=0.885  drop=0.43  h=32  L=1  lr=0.01  wd=0.005
  [Trial 142] roman-empire_random_0.5 | acc=0.3143  (486.3s)  knn=d  k= 24  dexp=8.29  p_grd=0.415  unc_rem=0.390  unc_rel=0.901  drop=0.49  h=128  L=1  lr=0.05  wd=0.0005
  [Trial 143] roman-empire_random_0.5 | acc=0.3141  (476.2s)  knn=d  k= 24  dexp=9.87  p_grd=0.448  unc_rem=0.918  unc_rel=0.790  drop=0.88  h=64  L=1  lr=0.05  wd=0.001
  [Trial 144] roman-empire_random_0.5 | acc=0.2931  (222.8s)  knn=u  k=-    dexp=8.00  p_grd=0.412  unc_rem=0.721  unc_rel=0.757  drop=0.83  h=64  L=1  lr=0.1  wd=0.001
  [Trial 145] roman-empire_random_0.5 | acc=0.1410  (500.5s)  knn=d  k= 20  dexp=9.66  p_grd=0.500  unc_rem=0.471  unc_rel=0.860  drop=0.46  h=128  L=1  lr=0.0001  wd=0.1
  [Trial 146] roman-empire_random_0.5 | acc=0.1911  (465.4s)  knn=p  k= 21  dexp=8.92  p_grd=0.408  unc_rem=0.779  unc_rel=0.777  drop=0.61  h=64  L=1  lr=0.05  wd=0.05
  [Trial 147] roman-empire_random_0.5 | acc=0.3176  (537.0s)  knn=d  k= 24  dexp=9.94  p_grd=0.491  unc_rem=0.607  unc_rel=0.928  drop=0.47  h=128  L=1  lr=0.05  wd=0.0005
  [Trial 148] roman-empire_random_0.5 | acc=0.2935  (458.7s)  knn=d  k= 20  dexp=6.85  p_grd=0.480  unc_rem=0.901  unc_rel=0.753  drop=0.90  h=64  L=1  lr=0.01  wd=0.001
  [Trial 149] roman-empire_random_0.5 | acc=0.3055  (465.6s)  knn=d  k= 21  dexp=9.81  p_grd=0.383  unc_rem=0.905  unc_rel=0.604  drop=0.81  h=16  L=1  lr=0.05  wd=0.001
  [Trial 150] roman-empire_random_0.5 | acc=0.3105  (537.8s)  knn=d  k= 24  dexp=6.72  p_grd=0.430  unc_rem=0.841  unc_rel=0.985  drop=0.83  h=64  L=2  lr=0.05  wd=0.001
  [Trial 151] roman-empire_random_0.5 | acc=0.2656  (514.1s)  knn=d  k= 24  dexp=9.81  p_grd=0.455  unc_rem=0.387  unc_rel=0.995  drop=0.53  h=128  L=1  lr=0.001  wd=0.0005
  [Trial 152] roman-empire_random_0.5 | acc=0.3197  (561.6s)  knn=d  k= 24  dexp=8.32  p_grd=0.478  unc_rem=0.587  unc_rel=0.655  drop=0.55  h=128  L=1  lr=0.05  wd=0.0005
  [Trial 153] roman-empire_random_0.5 | acc=0.3123  (461.9s)  knn=d  k= 21  dexp=8.61  p_grd=0.475  unc_rem=0.749  unc_rel=0.947  drop=0.48  h=128  L=1  lr=0.05  wd=0.0005
  [Trial 154] roman-empire_random_0.5 | acc=0.3086  (377.2s)  knn=p  k= 21  dexp=8.23  p_grd=0.369  unc_rem=0.520  unc_rel=0.531  drop=0.51  h=32  L=1  lr=0.1  wd=0.0005
  [Trial 155] roman-empire_random_0.5 | acc=0.3134  (517.0s)  knn=d  k= 21  dexp=7.66  p_grd=0.477  unc_rem=0.517  unc_rel=0.442  drop=0.65  h=32  L=1  lr=0.05  wd=0.0005
  [Trial 156] roman-empire_random_0.5 | acc=0.2419  (497.5s)  knn=d  k= 20  dexp=8.94  p_grd=0.499  unc_rem=0.561  unc_rel=0.381  drop=0.73  h=32  L=3  lr=0.05  wd=0.0005
  [Trial 157] roman-empire_random_0.5 | acc=0.1917  (1009.0s)  knn=d  k= 21  dexp=9.82  p_grd=0.489  unc_rem=0.921  unc_rel=0.982  drop=0.85  h=128  L=4  lr=0.005  wd=0.0005
  [Trial 158] roman-empire_random_0.5 | acc=0.2943  (242.0s)  knn=s  k= 30  dexp=5.02  p_grd=0.451  unc_rem=0.534  unc_rel=0.301  drop=0.54  h=128  L=2  lr=0.1  wd=0.001
  [Trial 159] roman-empire_random_0.5 | acc=0.1670  (249.2s)  knn=s  k= 30  dexp=5.33  p_grd=0.382  unc_rem=0.638  unc_rel=0.842  drop=0.86  h=32  L=4  lr=0.1  wd=0.0005
  [Trial 160] roman-empire_random_0.5 | acc=0.2991  (574.1s)  knn=d  k= 21  dexp=6.59  p_grd=0.485  unc_rem=0.463  unc_rel=0.439  drop=0.58  h=32  L=1  lr=0.05  wd=0.001
  [Trial 161] roman-empire_random_0.5 | acc=0.3161  (482.7s)  knn=d  k= 21  dexp=5.37  p_grd=0.366  unc_rem=0.362  unc_rel=0.934  drop=0.77  h=16  L=1  lr=0.05  wd=0.0005
  [Trial 162] roman-empire_random_0.5 | acc=0.3117  (477.1s)  knn=d  k= 21  dexp=8.22  p_grd=0.418  unc_rem=0.713  unc_rel=0.895  drop=0.35  h=32  L=1  lr=0.05  wd=0.0005
  [Trial 163] roman-empire_random_0.5 | acc=0.3100  (592.4s)  knn=d  k= 21  dexp=9.05  p_grd=0.498  unc_rem=0.610  unc_rel=0.395  drop=0.40  h=128  L=1  lr=0.05  wd=0.0005
  [Trial 164] roman-empire_random_0.5 | acc=0.3185  (443.5s)  knn=d  k= 21  dexp=9.68  p_grd=0.364  unc_rem=0.390  unc_rel=0.484  drop=0.59  h=32  L=1  lr=0.05  wd=0.0005
  [Trial 165] roman-empire_random_0.5 | acc=0.2987  (270.0s)  knn=d  k= 21  dexp=9.81  p_grd=0.158  unc_rem=0.441  unc_rel=0.547  drop=0.48  h=32  L=1  lr=0.05  wd=0.0005
  [Trial 166] roman-empire_random_0.5 | acc=0.2362  (434.5s)  knn=d  k= 21  dexp=9.00  p_grd=0.354  unc_rem=0.381  unc_rel=0.297  drop=0.47  h=32  L=1  lr=0.0005  wd=0.0005
  [Trial 167] roman-empire_random_0.5 | acc=0.2880  (454.4s)  knn=d  k= 21  dexp=9.36  p_grd=0.372  unc_rem=0.148  unc_rel=0.636  drop=0.77  h=32  L=1  lr=0.05  wd=1e-05
  [Trial 168] roman-empire_random_0.5 | acc=0.3075  (228.6s)  knn=u  k=-    dexp=9.40  p_grd=0.446  unc_rem=0.884  unc_rel=0.714  drop=0.87  h=64  L=1  lr=0.05  wd=0.0005
  [Trial 169] roman-empire_random_0.5 | acc=0.3137  (530.9s)  knn=d  k= 21  dexp=9.63  p_grd=0.499  unc_rem=0.526  unc_rel=0.879  drop=0.44  h=128  L=1  lr=0.05  wd=0.0005
  [Trial 170] roman-empire_random_0.5 | acc=0.0998  (374.3s)  knn=d  k= 21  dexp=4.13  p_grd=0.241  unc_rem=0.259  unc_rel=0.955  drop=0.77  h=16  L=1  lr=1e-05  wd=0.0005
  [Trial 171] roman-empire_random_0.5 | acc=0.3128  (491.9s)  knn=d  k= 22  dexp=6.55  p_grd=0.393  unc_rem=0.525  unc_rel=0.417  drop=0.77  h=32  L=1  lr=0.05  wd=0.0005
  [Trial 172] roman-empire_random_0.5 | acc=0.0989  (406.7s)  knn=d  k= 21  dexp=8.72  p_grd=0.499  unc_rem=0.949  unc_rel=0.696  drop=0.88  h=64  L=1  lr=1e-05  wd=0.0005
  [Trial 173] roman-empire_random_0.5 | acc=0.1646  (493.7s)  knn=d  k= 22  dexp=9.68  p_grd=0.420  unc_rem=0.968  unc_rel=0.850  drop=0.88  h=64  L=4  lr=0.05  wd=0.001
  [Trial 174] roman-empire_random_0.5 | acc=0.3154  (492.5s)  knn=d  k= 23  dexp=6.37  p_grd=0.410  unc_rem=0.232  unc_rel=0.931  drop=0.67  h=16  L=1  lr=0.05  wd=0.0005
  [Trial 175] roman-empire_random_0.5 | acc=0.3043  (518.4s)  knn=d  k= 21  dexp=4.53  p_grd=0.490  unc_rem=0.348  unc_rel=0.867  drop=0.71  h=16  L=1  lr=0.05  wd=0.0005
  [Trial 176] roman-empire_random_0.5 | acc=0.3187  (586.4s)  knn=d  k= 22  dexp=8.83  p_grd=0.497  unc_rem=0.336  unc_rel=0.222  drop=0.59  h=32  L=1  lr=0.05  wd=0.0005
  [Trial 177] roman-empire_random_0.5 | acc=0.3104  (511.8s)  knn=d  k= 21  dexp=7.19  p_grd=0.487  unc_rem=0.376  unc_rel=0.122  drop=0.72  h=32  L=1  lr=0.05  wd=0.0005
  [Trial 178] roman-empire_random_0.5 | acc=0.3132  (459.2s)  knn=d  k= 21  dexp=9.93  p_grd=0.355  unc_rem=0.946  unc_rel=0.950  drop=0.89  h=32  L=1  lr=0.05  wd=0.001
  [Trial 179] roman-empire_random_0.5 | acc=0.3193  (562.9s)  knn=d  k= 19  dexp=7.56  p_grd=0.314  unc_rem=0.784  unc_rel=0.908  drop=0.71  h=32  L=1  lr=0.05  wd=0.001
  [Trial 180] roman-empire_random_0.5 | acc=0.3062  (429.0s)  knn=d  k= 19  dexp=7.67  p_grd=0.249  unc_rem=0.663  unc_rel=0.926  drop=0.70  h=32  L=1  lr=0.05  wd=0.001
  [Trial 181] roman-empire_random_0.5 | acc=0.2056  (568.8s)  knn=d  k= 19  dexp=7.18  p_grd=0.468  unc_rem=0.111  unc_rel=0.961  drop=0.46  h=16  L=3  lr=0.1  wd=0.0005
  [Trial 182] roman-empire_random_0.5 | acc=0.3113  (425.9s)  knn=d  k= 21  dexp=9.80  p_grd=0.355  unc_rem=0.880  unc_rel=0.916  drop=0.88  h=32  L=1  lr=0.05  wd=0.001
  [Trial 183] roman-empire_random_0.5 | acc=0.3126  (465.6s)  knn=d  k= 21  dexp=3.96  p_grd=0.473  unc_rem=0.812  unc_rel=0.547  drop=0.63  h=32  L=1  lr=0.05  wd=0.0005
  [Trial 184] roman-empire_random_0.5 | acc=0.3129  (573.9s)  knn=d  k= 22  dexp=7.91  p_grd=0.308  unc_rem=0.121  unc_rel=0.965  drop=0.88  h=16  L=1  lr=0.05  wd=0.0005
  [Trial 185] roman-empire_random_0.5 | acc=0.3114  (483.2s)  knn=d  k= 19  dexp=9.80  p_grd=0.404  unc_rem=0.231  unc_rel=0.521  drop=0.51  h=16  L=1  lr=0.05  wd=0.0005
  [Trial 186] roman-empire_random_0.5 | acc=0.2875  (521.1s)  knn=d  k= 23  dexp=8.76  p_grd=0.443  unc_rem=0.461  unc_rel=0.824  drop=0.38  h=128  L=1  lr=0.05  wd=1e-05
  [Trial 187] roman-empire_random_0.5 | acc=0.2983  (383.0s)  knn=d  k= 22  dexp=5.72  p_grd=0.279  unc_rem=0.522  unc_rel=0.953  drop=0.69  h=16  L=2  lr=0.05  wd=0.0005
  [Trial 188] roman-empire_random_0.5 | acc=0.2021  (496.2s)  knn=d  k= 23  dexp=6.03  p_grd=0.305  unc_rem=0.018  unc_rel=0.912  drop=0.80  h=16  L=1  lr=0.0001  wd=0.0005
  [Trial 189] roman-empire_random_0.5 | acc=0.3175  (416.0s)  knn=d  k= 19  dexp=9.02  p_grd=0.475  unc_rem=0.275  unc_rel=0.858  drop=0.89  h=128  L=1  lr=0.05  wd=0.0005
  [Trial 190] roman-empire_random_0.5 | acc=0.3175  (447.7s)  knn=d  k= 18  dexp=8.85  p_grd=0.465  unc_rem=0.414  unc_rel=0.894  drop=0.88  h=128  L=1  lr=0.05  wd=0.0005
  [Trial 191] roman-empire_random_0.5 | acc=0.0366  (449.8s)  knn=d  k= 21  dexp=9.86  p_grd=0.389  unc_rem=0.513  unc_rel=0.207  drop=0.58  h=32  L=2  lr=1e-05  wd=0.0005
  [Trial 192] roman-empire_random_0.5 | acc=0.2940  (444.0s)  knn=d  k= 17  dexp=9.81  p_grd=0.448  unc_rem=0.352  unc_rel=0.078  drop=0.30  h=32  L=1  lr=0.05  wd=5e-05
  [Trial 193] roman-empire_random_0.5 | acc=0.1452  (436.9s)  knn=d  k= 19  dexp=7.46  p_grd=0.338  unc_rem=0.979  unc_rel=0.982  drop=0.71  h=32  L=4  lr=0.0005  wd=0.001
  [Trial 194] roman-empire_random_0.5 | acc=0.1992  (485.0s)  knn=d  k= 18  dexp=3.97  p_grd=0.454  unc_rem=0.293  unc_rel=0.657  drop=0.44  h=128  L=1  lr=0.05  wd=0.1
  [Trial 195] roman-empire_random_0.5 | acc=0.3169  (397.8s)  knn=d  k= 18  dexp=8.68  p_grd=0.455  unc_rem=0.446  unc_rel=0.787  drop=0.79  h=128  L=1  lr=0.05  wd=0.0005
  [Trial 196] roman-empire_random_0.5 | acc=0.2946  (414.7s)  knn=d  k= 17  dexp=9.90  p_grd=0.329  unc_rem=0.906  unc_rel=0.785  drop=0.87  h=64  L=1  lr=0.005  wd=0.001
  [Trial 197] roman-empire_random_0.5 | acc=0.3003  (470.4s)  knn=d  k= 18  dexp=9.19  p_grd=0.427  unc_rem=0.870  unc_rel=0.899  drop=0.87  h=64  L=1  lr=0.05  wd=0.0001
  [Trial 198] roman-empire_random_0.5 | acc=0.2950  (479.2s)  knn=d  k= 18  dexp=9.19  p_grd=0.461  unc_rem=0.291  unc_rel=0.807  drop=0.76  h=128  L=1  lr=0.01  wd=0.0001
  [Trial 199] roman-empire_random_0.5 | acc=0.2669  (549.7s)  knn=d  k= 18  dexp=7.38  p_grd=0.475  unc_rem=0.365  unc_rel=0.722  drop=0.87  h=128  L=1  lr=0.001  wd=0.0005
  [Trial 200] roman-empire_random_0.5 | acc=0.3134  (383.3s)  knn=d  k= 20  dexp=7.35  p_grd=0.469  unc_rem=0.381  unc_rel=0.973  drop=0.87  h=128  L=1  lr=0.05  wd=0.0005

[Optuna] Optimization done. 200/200 trials completed.

[Retest] (roman-empire_random_0.5) Testing top-5 configs × 10 seeds...

  [Retest] (roman-empire_random_0.5) Config 1/5: (Trial #52, Orig Acc: 0.3259)
           Params: {'knn_mode': 'p', 'k': 13, 'dexp': 4.988775307934159, 'p_grd': 0.3738729666897625, 'unc_rem': 0.4496152784044474, 'unc_rel': 0.814150255999687, 'dropout': 0.6672353458538939, 'n_hidden': 32, 'n_layer': 1, 'lr': 0.1, 'weight_decay': 0.0005}
    [Retest] roman-empire | Config 1 | Run 1/10 | seed=3000 | Acc: 0.3259 | Mean: 0.3259 | Time: 462.0s
    [Retest] roman-empire | Config 1 | Run 2/10 | seed=3001 | Acc: 0.2942 | Mean: 0.3100 | Time: 372.8s
    [Retest] roman-empire | Config 1 | Run 3/10 | seed=3002 | Acc: 0.2940 | Mean: 0.3047 | Time: 428.6s
    [Retest] roman-empire | Config 1 | Run 4/10 | seed=3003 | Acc: 0.2880 | Mean: 0.3005 | Time: 420.3s
    [Retest] roman-empire | Config 1 | Run 5/10 | seed=3004 | Acc: 0.3091 | Mean: 0.3023 | Time: 379.2s
    [Retest] roman-empire | Config 1 | Run 6/10 | seed=3005 | Acc: 0.2937 | Mean: 0.3008 | Time: 392.2s
    [Retest] roman-empire | Config 1 | Run 7/10 | seed=3006 | Acc: 0.3190 | Mean: 0.3034 | Time: 366.2s
    [Retest] roman-empire | Config 1 | Run 8/10 | seed=3007 | Acc: 0.3143 | Mean: 0.3048 | Time: 415.8s
    [Retest] roman-empire | Config 1 | Run 9/10 | seed=3008 | Acc: 0.3110 | Mean: 0.3055 | Time: 476.5s
    [Retest] roman-empire | Config 1 | Run 10/10 | seed=3009 | Acc: 0.3017 | Mean: 0.3051 | Time: 424.2s
  [Retest] Config 1: mean=0.3051 ± 0.0120

  [Retest] (roman-empire_random_0.5) Config 2/5: (Trial #151, Orig Acc: 0.3197)
           Params: {'knn_mode': 'd', 'k': 24, 'dexp': 8.321296363643317, 'p_grd': 0.47755144404773264, 'unc_rem': 0.5867417455926658, 'unc_rel': 0.6551669226723695, 'dropout': 0.5478861388035795, 'n_hidden': 128, 'n_layer': 1, 'lr': 0.05, 'weight_decay': 0.0005}
    [Retest] roman-empire | Config 2 | Run 1/10 | seed=3000 | Acc: 0.3197 | Mean: 0.3197 | Time: 555.2s
    [Retest] roman-empire | Config 2 | Run 2/10 | seed=3001 | Acc: 0.2897 | Mean: 0.3047 | Time: 514.6s
    [Retest] roman-empire | Config 2 | Run 3/10 | seed=3002 | Acc: 0.2895 | Mean: 0.2996 | Time: 463.7s
    [Retest] roman-empire | Config 2 | Run 4/10 | seed=3003 | Acc: 0.2983 | Mean: 0.2993 | Time: 460.2s
    [Retest] roman-empire | Config 2 | Run 5/10 | seed=3004 | Acc: 0.3094 | Mean: 0.3013 | Time: 538.4s
    [Retest] roman-empire | Config 2 | Run 6/10 | seed=3005 | Acc: 0.3058 | Mean: 0.3021 | Time: 562.7s
    [Retest] roman-empire | Config 2 | Run 7/10 | seed=3006 | Acc: 0.3222 | Mean: 0.3049 | Time: 537.2s
    [Retest] roman-empire | Config 2 | Run 8/10 | seed=3007 | Acc: 0.3183 | Mean: 0.3066 | Time: 494.0s
    [Retest] roman-empire | Config 2 | Run 9/10 | seed=3008 | Acc: 0.3152 | Mean: 0.3076 | Time: 543.9s
    [Retest] roman-empire | Config 2 | Run 10/10 | seed=3009 | Acc: 0.3162 | Mean: 0.3084 | Time: 545.7s
  [Retest] Config 2: mean=0.3084 ± 0.0116

  [Retest] (roman-empire_random_0.5) Config 3/5: (Trial #178, Orig Acc: 0.3193)
           Params: {'knn_mode': 'd', 'k': 19, 'dexp': 7.556872989068529, 'p_grd': 0.31428961341697814, 'unc_rem': 0.7840148898357031, 'unc_rel': 0.9079211226012082, 'dropout': 0.7075086700112908, 'n_hidden': 32, 'n_layer': 1, 'lr': 0.05, 'weight_decay': 0.001}
    [Retest] roman-empire | Config 3 | Run 1/10 | seed=3000 | Acc: 0.3193 | Mean: 0.3193 | Time: 349.7s
    [Retest] roman-empire | Config 3 | Run 2/10 | seed=3001 | Acc: 0.2884 | Mean: 0.3039 | Time: 391.3s
    [Retest] roman-empire | Config 3 | Run 3/10 | seed=3002 | Acc: 0.2896 | Mean: 0.2991 | Time: 401.3s
    [Retest] roman-empire | Config 3 | Run 4/10 | seed=3003 | Acc: 0.2863 | Mean: 0.2959 | Time: 337.3s
    [Retest] roman-empire | Config 3 | Run 5/10 | seed=3004 | Acc: 0.2990 | Mean: 0.2965 | Time: 372.0s
    [Retest] roman-empire | Config 3 | Run 6/10 | seed=3005 | Acc: 0.2848 | Mean: 0.2946 | Time: 431.3s
    [Retest] roman-empire | Config 3 | Run 7/10 | seed=3006 | Acc: 0.3095 | Mean: 0.2967 | Time: 411.9s
    [Retest] roman-empire | Config 3 | Run 8/10 | seed=3007 | Acc: 0.3028 | Mean: 0.2975 | Time: 447.6s
    [Retest] roman-empire | Config 3 | Run 9/10 | seed=3008 | Acc: 0.3093 | Mean: 0.2988 | Time: 380.6s
    [Retest] roman-empire | Config 3 | Run 10/10 | seed=3009 | Acc: 0.3158 | Mean: 0.3005 | Time: 443.8s
  [Retest] Config 3: mean=0.3005 ± 0.0121

  [Retest] (roman-empire_random_0.5) Config 4/5: (Trial #136, Orig Acc: 0.3191)
           Params: {'knn_mode': 'd', 'k': 24, 'dexp': 9.982717609661105, 'p_grd': 0.4734201086035318, 'unc_rem': 0.42899077429494253, 'unc_rel': 0.9961563875604346, 'dropout': 0.5973184781208462, 'n_hidden': 128, 'n_layer': 1, 'lr': 0.05, 'weight_decay': 0.0005}
    [Retest] roman-empire | Config 4 | Run 1/10 | seed=3000 | Acc: 0.3191 | Mean: 0.3191 | Time: 449.9s
    [Retest] roman-empire | Config 4 | Run 2/10 | seed=3001 | Acc: 0.2877 | Mean: 0.3034 | Time: 470.6s
    [Retest] roman-empire | Config 4 | Run 3/10 | seed=3002 | Acc: 0.2969 | Mean: 0.3012 | Time: 564.4s
    [Retest] roman-empire | Config 4 | Run 4/10 | seed=3003 | Acc: 0.2987 | Mean: 0.3006 | Time: 473.1s
    [Retest] roman-empire | Config 4 | Run 5/10 | seed=3004 | Acc: 0.3025 | Mean: 0.3010 | Time: 362.4s
    [Retest] roman-empire | Config 4 | Run 6/10 | seed=3005 | Acc: 0.3032 | Mean: 0.3013 | Time: 453.0s
    [Retest] roman-empire | Config 4 | Run 7/10 | seed=3006 | Acc: 0.3213 | Mean: 0.3042 | Time: 397.8s
    [Retest] roman-empire | Config 4 | Run 8/10 | seed=3007 | Acc: 0.3091 | Mean: 0.3048 | Time: 428.0s
    [Retest] roman-empire | Config 4 | Run 9/10 | seed=3008 | Acc: 0.3127 | Mean: 0.3057 | Time: 380.7s
    [Retest] roman-empire | Config 4 | Run 10/10 | seed=3009 | Acc: 0.3173 | Mean: 0.3069 | Time: 410.6s
  [Retest] Config 4: mean=0.3069 ± 0.0104

  [Retest] (roman-empire_random_0.5) Config 5/5: (Trial #175, Orig Acc: 0.3187)
           Params: {'knn_mode': 'd', 'k': 22, 'dexp': 8.826471967241858, 'p_grd': 0.4969464533504353, 'unc_rem': 0.33577540474348283, 'unc_rel': 0.2221061186654417, 'dropout': 0.592853527905149, 'n_hidden': 32, 'n_layer': 1, 'lr': 0.05, 'weight_decay': 0.0005}
    [Retest] roman-empire | Config 5 | Run 1/10 | seed=3000 | Acc: 0.3187 | Mean: 0.3187 | Time: 453.3s
    [Retest] roman-empire | Config 5 | Run 2/10 | seed=3001 | Acc: 0.3009 | Mean: 0.3098 | Time: 368.0s
    [Retest] roman-empire | Config 5 | Run 3/10 | seed=3002 | Acc: 0.3007 | Mean: 0.3067 | Time: 438.6s
    [Retest] roman-empire | Config 5 | Run 4/10 | seed=3003 | Acc: 0.3000 | Mean: 0.3051 | Time: 362.4s
    [Retest] roman-empire | Config 5 | Run 5/10 | seed=3004 | Acc: 0.3089 | Mean: 0.3058 | Time: 460.9s
    [Retest] roman-empire | Config 5 | Run 6/10 | seed=3005 | Acc: 0.3129 | Mean: 0.3070 | Time: 440.1s
    [Retest] roman-empire | Config 5 | Run 7/10 | seed=3006 | Acc: 0.3216 | Mean: 0.3091 | Time: 417.5s
    [Retest] roman-empire | Config 5 | Run 8/10 | seed=3007 | Acc: 0.3234 | Mean: 0.3109 | Time: 390.9s
    [Retest] roman-empire | Config 5 | Run 9/10 | seed=3008 | Acc: 0.3089 | Mean: 0.3107 | Time: 495.9s
    [Retest] roman-empire | Config 5 | Run 10/10 | seed=3009 | Acc: 0.3149 | Mean: 0.3111 | Time: 497.1s
  [Retest] Config 5: mean=0.3111 ± 0.0083

[Optuna] Success: Best config saved to log/hpo_db.json:
         {'knn_mode': 'd', 'k': 22, 'dexp': 8.826471967241858, 'p_grd': 0.4969464533504353, 'unc_rem': 0.33577540474348283, 'unc_rel': 0.2221061186654417, 'dropout': 0.592853527905149, 'n_hidden': 32, 'n_layer': 1, 'lr': 0.05, 'weight_decay': 0.0005}
[Optuna] Success: Best retest mean accuracy: 0.3111
[Optuna] Success: Done marker: ./log/nni_done\lnpcc_roman-empire_random_0.5.done
  [HPO] Done marker saved: ./log/nni_done\lnpcc_roman-empire_random_0.5.done
[total_exp] --hpo_only: skipping benchmark runs.
[worker] OK DONE  hpo_roman-empire_random_0.5  gpu=1  1647.7 min  rc=0
