[worker] START  hpo_roman-empire_random_0.4  gpu=0
======================================================================
GCN + LN-PCC -- NoisyGL Benchmark (Unified)
Start          : 2026-04-18 00:38:39
Variants       : ['lnpcc']
Datasets       : ['roman-empire']
Noise          : [[0.4, 'random']]
Runs           : 10  (seeds 3000..3009)
Device         : cuda:0
======================================================================

[HPO] Optimizing lnpcc on roman-empire_random_0.4 (max_trials=200, max_k_same=60)

[Optuna] Scenario: roman-empire_random_0.4  (max_trials=200, startup=20)
  [Trial   1] roman-empire_random_0.4 | acc=0.1395  (434.1s)  knn=d  k= 14  dexp=7.40  p_grd=0.421  unc_rem=0.161  unc_rel=0.537  drop=0.52  h=128  L=3  lr=0.1  wd=0.05
  [Trial   2] roman-empire_random_0.4 | acc=0.1339  (295.3s)  knn=d  k= 17  dexp=0.88  p_grd=0.193  unc_rem=0.850  unc_rel=0.092  drop=0.89  h=128  L=3  lr=1e-05  wd=0.1
  [Trial   3] roman-empire_random_0.4 | acc=0.0691  (248.6s)  knn=s  k= 60  dexp=4.63  p_grd=0.375  unc_rem=0.959  unc_rel=0.839  drop=0.11  h=16  L=4  lr=1e-05  wd=0.1
  [Trial   4] roman-empire_random_0.4 | acc=0.2339  (134.0s)  knn=s  k= 20  dexp=3.86  p_grd=0.215  unc_rem=0.881  unc_rel=0.612  drop=0.58  h=32  L=3  lr=0.005  wd=0.001
  [Trial   5] roman-empire_random_0.4 | acc=0.2041  (222.4s)  knn=u  k=-    dexp=8.18  p_grd=0.344  unc_rem=0.346  unc_rel=0.828  drop=0.50  h=64  L=4  lr=0.001  wd=0.001
  [Trial   6] roman-empire_random_0.4 | acc=0.2713  (237.4s)  knn=s  k= 60  dexp=9.63  p_grd=0.431  unc_rem=0.779  unc_rel=0.683  drop=0.44  h=32  L=1  lr=0.1  wd=0.01
  [Trial   7] roman-empire_random_0.4 | acc=0.1499  (330.1s)  knn=d  k= 22  dexp=8.98  p_grd=0.186  unc_rem=0.562  unc_rel=0.930  drop=0.36  h=32  L=3  lr=0.0001  wd=0.005
  [Trial   8] roman-empire_random_0.4 | acc=0.2459  (258.5s)  knn=d  k= 15  dexp=2.27  p_grd=0.167  unc_rem=0.876  unc_rel=0.021  drop=0.20  h=128  L=3  lr=0.1  wd=0.005
  [Trial   9] roman-empire_random_0.4 | acc=0.3194  (541.5s)  knn=p  k= 21  dexp=7.05  p_grd=0.405  unc_rem=0.819  unc_rel=0.209  drop=0.56  h=32  L=2  lr=0.01  wd=1e-05
  [Trial  10] roman-empire_random_0.4 | acc=0.2462  (606.8s)  knn=d  k= 23  dexp=5.37  p_grd=0.494  unc_rem=0.196  unc_rel=0.286  drop=0.68  h=64  L=3  lr=0.05  wd=0.005
  [Trial  11] roman-empire_random_0.4 | acc=0.1842  (238.7s)  knn=s  k= 10  dexp=6.60  p_grd=0.444  unc_rem=0.958  unc_rel=0.876  drop=0.66  h=16  L=4  lr=0.05  wd=1e-05
  [Trial  12] roman-empire_random_0.4 | acc=0.2272  (127.2s)  knn=u  k=-    dexp=8.76  p_grd=0.091  unc_rem=0.305  unc_rel=0.438  drop=0.14  h=64  L=3  lr=0.001  wd=0.0001
  [Trial  13] roman-empire_random_0.4 | acc=0.2012  (279.0s)  knn=p  k=  9  dexp=7.90  p_grd=0.228  unc_rem=0.196  unc_rel=0.065  drop=0.88  h=16  L=4  lr=0.1  wd=0.005
  [Trial  14] roman-empire_random_0.4 | acc=0.1871  (193.8s)  knn=s  k= 20  dexp=4.82  p_grd=0.311  unc_rem=0.084  unc_rel=0.251  drop=0.17  h=32  L=2  lr=0.0005  wd=0.005
  [Trial  15] roman-empire_random_0.4 | acc=0.1961  (248.0s)  knn=d  k=  5  dexp=1.73  p_grd=0.294  unc_rem=0.145  unc_rel=0.870  drop=0.67  h=32  L=1  lr=0.0001  wd=0.001
  [Trial  16] roman-empire_random_0.4 | acc=0.0607  (374.3s)  knn=p  k= 15  dexp=1.15  p_grd=0.289  unc_rem=0.335  unc_rel=0.495  drop=0.39  h=64  L=4  lr=1e-05  wd=0.0005
  [Trial  17] roman-empire_random_0.4 | acc=0.1676  (226.4s)  knn=p  k= 10  dexp=8.27  p_grd=0.189  unc_rem=0.042  unc_rel=0.304  drop=0.53  h=32  L=4  lr=0.005  wd=0.005
  [Trial  18] roman-empire_random_0.4 | acc=0.1703  (249.6s)  knn=d  k=  3  dexp=2.21  p_grd=0.206  unc_rem=0.616  unc_rel=0.167  drop=0.40  h=64  L=3  lr=0.005  wd=0.01
  [Trial  19] roman-empire_random_0.4 | acc=0.2787  (494.2s)  knn=p  k= 13  dexp=3.83  p_grd=0.476  unc_rem=0.774  unc_rel=0.043  drop=0.57  h=128  L=1  lr=0.001  wd=5e-05
  [Trial  20] roman-empire_random_0.4 | acc=0.2783  (160.0s)  knn=u  k=-    dexp=6.93  p_grd=0.170  unc_rem=0.841  unc_rel=0.089  drop=0.61  h=16  L=2  lr=0.01  wd=5e-05
  [Trial  21] roman-empire_random_0.4 | acc=0.2663  (728.0s)  knn=p  k= 23  dexp=1.51  p_grd=0.403  unc_rem=0.553  unc_rel=0.184  drop=0.42  h=128  L=1  lr=0.001  wd=5e-05
  [Trial  22] roman-empire_random_0.4 | acc=0.3260  (352.4s)  knn=p  k= 16  dexp=8.50  p_grd=0.268  unc_rem=0.954  unc_rel=0.078  drop=0.64  h=32  L=2  lr=0.01  wd=1e-05
  [Trial  23] roman-empire_random_0.4 | acc=0.3078  (375.6s)  knn=d  k= 16  dexp=8.47  p_grd=0.317  unc_rem=0.952  unc_rel=0.110  drop=0.68  h=32  L=1  lr=0.005  wd=1e-05
  [Trial  24] roman-empire_random_0.4 | acc=0.2354  (334.8s)  knn=p  k= 18  dexp=8.14  p_grd=0.254  unc_rem=0.868  unc_rel=0.153  drop=0.73  h=32  L=2  lr=0.0005  wd=1e-05
  [Trial  25] roman-empire_random_0.4 | acc=0.2018  (383.4s)  knn=d  k= 18  dexp=9.66  p_grd=0.365  unc_rem=0.951  unc_rel=0.144  drop=0.76  h=32  L=1  lr=0.005  wd=0.05
  [Trial  26] roman-empire_random_0.4 | acc=0.3119  (497.8s)  knn=p  k= 17  dexp=7.68  p_grd=0.499  unc_rem=0.999  unc_rel=0.218  drop=0.22  h=32  L=2  lr=0.005  wd=1e-05
  [Trial  27] roman-empire_random_0.4 | acc=0.3213  (529.4s)  knn=p  k= 24  dexp=6.54  p_grd=0.400  unc_rem=0.696  unc_rel=0.197  drop=0.16  h=128  L=2  lr=0.005  wd=1e-05
  [Trial  28] roman-empire_random_0.4 | acc=0.1570  (445.0s)  knn=p  k= 24  dexp=6.84  p_grd=0.312  unc_rem=0.628  unc_rel=0.201  drop=0.32  h=128  L=2  lr=0.0001  wd=0.01
  [Trial  29] roman-empire_random_0.4 | acc=0.3336  (371.6s)  knn=d  k= 24  dexp=7.60  p_grd=0.260  unc_rem=0.793  unc_rel=0.021  drop=0.40  h=32  L=2  lr=0.01  wd=0.0005
  [Trial  30] roman-empire_random_0.4 | acc=0.3051  (408.0s)  knn=d  k= 24  dexp=7.52  p_grd=0.291  unc_rem=0.815  unc_rel=0.012  drop=0.37  h=32  L=2  lr=0.001  wd=0.0005
  [Trial  31] roman-empire_random_0.4 | acc=0.3065  (466.7s)  knn=d  k= 24  dexp=5.02  p_grd=0.334  unc_rem=0.677  unc_rel=0.357  drop=0.10  h=128  L=2  lr=0.05  wd=1e-05
  [Trial  32] roman-empire_random_0.4 | acc=0.3240  (584.5s)  knn=p  k= 24  dexp=7.49  p_grd=0.467  unc_rem=0.521  unc_rel=0.316  drop=0.67  h=64  L=2  lr=0.01  wd=1e-05
  [Trial  33] roman-empire_random_0.4 | acc=0.3088  (496.7s)  knn=p  k= 24  dexp=8.30  p_grd=0.337  unc_rem=0.723  unc_rel=0.251  drop=0.23  h=128  L=1  lr=0.005  wd=0.0001
  [Trial  34] roman-empire_random_0.4 | acc=0.3060  (406.2s)  knn=p  k= 24  dexp=8.48  p_grd=0.331  unc_rem=0.421  unc_rel=0.503  drop=0.76  h=64  L=1  lr=0.01  wd=1e-05
  [Trial  35] roman-empire_random_0.4 | acc=0.0211  (492.8s)  knn=d  k= 24  dexp=6.33  p_grd=0.442  unc_rem=0.730  unc_rel=0.435  drop=0.77  h=64  L=2  lr=1e-05  wd=1e-05
  [Trial  36] roman-empire_random_0.4 | acc=0.3277  (423.2s)  knn=p  k= 24  dexp=9.97  p_grd=0.279  unc_rem=0.916  unc_rel=0.144  drop=0.51  h=64  L=2  lr=0.01  wd=0.005
  [Trial  37] roman-empire_random_0.4 | acc=0.3441  (374.4s)  knn=p  k= 20  dexp=9.54  p_grd=0.224  unc_rem=0.865  unc_rel=0.220  drop=0.53  h=64  L=2  lr=0.01  wd=0.001
  [Trial  38] roman-empire_random_0.4 | acc=0.0208  (267.3s)  knn=p  k= 19  dexp=6.85  p_grd=0.159  unc_rem=0.878  unc_rel=0.230  drop=0.48  h=64  L=2  lr=1e-05  wd=0.001
  [Trial  39] roman-empire_random_0.4 | acc=0.3247  (354.7s)  knn=p  k= 19  dexp=9.17  p_grd=0.254  unc_rem=0.928  unc_rel=0.337  drop=0.57  h=64  L=2  lr=0.01  wd=0.005
  [Trial  40] roman-empire_random_0.4 | acc=0.2260  (173.6s)  knn=u  k=-    dexp=8.50  p_grd=0.225  unc_rem=0.773  unc_rel=0.155  drop=0.69  h=32  L=3  lr=0.01  wd=0.0005
  [Trial  41] roman-empire_random_0.4 | acc=0.1969  (374.1s)  knn=d  k= 18  dexp=8.05  p_grd=0.254  unc_rem=0.929  unc_rel=0.154  drop=0.29  h=16  L=4  lr=0.01  wd=0.001
  [Trial  42] roman-empire_random_0.4 | acc=0.3323  (346.9s)  knn=p  k= 18  dexp=9.17  p_grd=0.285  unc_rem=0.834  unc_rel=0.412  drop=0.38  h=64  L=2  lr=0.01  wd=0.005
  [Trial  43] roman-empire_random_0.4 | acc=0.3219  (340.3s)  knn=d  k= 18  dexp=8.36  p_grd=0.271  unc_rem=0.774  unc_rel=0.514  drop=0.28  h=64  L=1  lr=0.01  wd=0.0005
  [Trial  44] roman-empire_random_0.4 | acc=0.1508  (221.2s)  knn=u  k=-    dexp=9.58  p_grd=0.297  unc_rem=0.589  unc_rel=0.014  drop=0.40  h=64  L=2  lr=0.01  wd=0.1
  [Trial  45] roman-empire_random_0.4 | acc=0.3272  (283.1s)  knn=d  k= 19  dexp=9.52  p_grd=0.183  unc_rem=0.780  unc_rel=0.314  drop=0.38  h=64  L=2  lr=0.01  wd=0.001
  [Trial  46] roman-empire_random_0.4 | acc=0.3308  (337.4s)  knn=d  k= 20  dexp=9.92  p_grd=0.193  unc_rem=0.597  unc_rel=0.318  drop=0.38  h=64  L=2  lr=0.005  wd=0.001
  [Trial  47] roman-empire_random_0.4 | acc=0.2442  (444.9s)  knn=p  k= 21  dexp=9.58  p_grd=0.353  unc_rem=0.862  unc_rel=0.428  drop=0.62  h=16  L=3  lr=0.05  wd=0.001
  [Trial  48] roman-empire_random_0.4 | acc=0.2513  (258.7s)  knn=d  k= 21  dexp=9.62  p_grd=0.154  unc_rem=0.530  unc_rel=0.553  drop=0.25  h=64  L=3  lr=0.005  wd=0.001
  [Trial  49] roman-empire_random_0.4 | acc=0.3041  (105.1s)  knn=s  k= 40  dexp=8.34  p_grd=0.095  unc_rem=0.635  unc_rel=0.233  drop=0.41  h=64  L=2  lr=0.005  wd=1e-05
  [Trial  50] roman-empire_random_0.4 | acc=0.3141  (460.4s)  knn=d  k= 21  dexp=8.79  p_grd=0.393  unc_rem=0.861  unc_rel=0.201  drop=0.42  h=16  L=2  lr=0.01  wd=0.005
  [Trial  51] roman-empire_random_0.4 | acc=0.1488  (386.3s)  knn=d  k= 21  dexp=10.00  p_grd=0.281  unc_rem=0.327  unc_rel=0.176  drop=0.38  h=64  L=2  lr=0.1  wd=0.05
  [Trial  52] roman-empire_random_0.4 | acc=0.2036  (226.5s)  knn=d  k= 19  dexp=8.11  p_grd=0.119  unc_rem=0.833  unc_rel=0.394  drop=0.37  h=64  L=2  lr=0.0001  wd=0.001
  [Trial  53] roman-empire_random_0.4 | acc=0.2965  (75.7s)  knn=u  k=-    dexp=9.30  p_grd=0.044  unc_rem=0.689  unc_rel=0.290  drop=0.52  h=64  L=2  lr=0.01  wd=0.001
  [Trial  54] roman-empire_random_0.4 | acc=0.0760  (334.0s)  knn=d  k= 20  dexp=9.47  p_grd=0.224  unc_rem=0.555  unc_rel=0.268  drop=0.40  h=128  L=2  lr=1e-05  wd=0.001
  [Trial  55] roman-empire_random_0.4 | acc=0.1547  (107.3s)  knn=s  k= 20  dexp=8.48  p_grd=0.159  unc_rem=0.982  unc_rel=0.622  drop=0.25  h=64  L=2  lr=0.01  wd=0.1
  [Trial  56] roman-empire_random_0.4 | acc=0.2114  (334.3s)  knn=p  k= 19  dexp=9.88  p_grd=0.254  unc_rem=0.873  unc_rel=0.598  drop=0.28  h=64  L=4  lr=0.05  wd=0.005
  [Trial  57] roman-empire_random_0.4 | acc=0.2750  (434.1s)  knn=d  k= 21  dexp=7.57  p_grd=0.323  unc_rem=0.631  unc_rel=0.091  drop=0.52  h=64  L=2  lr=0.005  wd=0.01
  [Trial  58] roman-empire_random_0.4 | acc=0.3282  (198.4s)  knn=p  k=  1  dexp=9.31  p_grd=0.271  unc_rem=0.277  unc_rel=0.254  drop=0.46  h=64  L=2  lr=0.005  wd=0.001
  [Trial  59] roman-empire_random_0.4 | acc=0.3234  (181.4s)  knn=p  k=  1  dexp=8.66  p_grd=0.288  unc_rem=0.199  unc_rel=0.285  drop=0.26  h=64  L=2  lr=0.005  wd=0.001
  [Trial  60] roman-empire_random_0.4 | acc=0.3255  (261.5s)  knn=p  k=  6  dexp=8.27  p_grd=0.258  unc_rem=0.400  unc_rel=0.772  drop=0.32  h=64  L=2  lr=0.01  wd=0.005
  [Trial  61] roman-empire_random_0.4 | acc=0.2892  (206.1s)  knn=d  k=  4  dexp=7.77  p_grd=0.184  unc_rem=0.602  unc_rel=0.124  drop=0.26  h=32  L=1  lr=0.01  wd=1e-05
  [Trial  62] roman-empire_random_0.4 | acc=0.3136  (174.9s)  knn=d  k=  1  dexp=8.57  p_grd=0.193  unc_rem=0.104  unc_rel=0.476  drop=0.70  h=32  L=2  lr=0.005  wd=0.001
  [Trial  63] roman-empire_random_0.4 | acc=0.3078  (224.4s)  knn=s  k= 35  dexp=9.76  p_grd=0.294  unc_rem=0.568  unc_rel=0.201  drop=0.40  h=64  L=1  lr=0.01  wd=0.001
  [Trial  64] roman-empire_random_0.4 | acc=0.3406  (286.8s)  knn=p  k= 15  dexp=6.81  p_grd=0.212  unc_rem=0.282  unc_rel=0.049  drop=0.61  h=64  L=2  lr=0.05  wd=0.001
  [Trial  65] roman-empire_random_0.4 | acc=0.3306  (243.1s)  knn=p  k= 13  dexp=5.80  p_grd=0.184  unc_rem=0.274  unc_rel=0.036  drop=0.42  h=32  L=2  lr=0.1  wd=0.001
  [Trial  66] roman-empire_random_0.4 | acc=0.3407  (197.6s)  knn=p  k= 12  dexp=5.83  p_grd=0.128  unc_rem=0.177  unc_rel=0.111  drop=0.54  h=16  L=2  lr=0.1  wd=0.001
  [Trial  67] roman-empire_random_0.4 | acc=0.3433  (273.5s)  knn=p  k= 12  dexp=3.88  p_grd=0.248  unc_rem=0.272  unc_rel=0.068  drop=0.57  h=16  L=2  lr=0.1  wd=0.001
  [Trial  68] roman-empire_random_0.4 | acc=0.1518  (330.7s)  knn=p  k= 11  dexp=5.48  p_grd=0.351  unc_rem=0.333  unc_rel=0.049  drop=0.59  h=16  L=2  lr=0.1  wd=0.1
  [Trial  69] roman-empire_random_0.4 | acc=0.0691  (168.2s)  knn=p  k= 12  dexp=4.89  p_grd=0.064  unc_rem=0.138  unc_rel=0.098  drop=0.65  h=16  L=2  lr=1e-05  wd=0.001
  [Trial  70] roman-empire_random_0.4 | acc=0.3538  (322.8s)  knn=p  k= 13  dexp=4.63  p_grd=0.302  unc_rem=0.170  unc_rel=0.117  drop=0.62  h=64  L=2  lr=0.05  wd=0.001
  [Trial  71] roman-empire_random_0.4 | acc=0.1699  (294.7s)  knn=p  k= 11  dexp=2.56  p_grd=0.248  unc_rem=0.295  unc_rel=0.288  drop=0.61  h=64  L=2  lr=0.05  wd=0.1
  [Trial  72] roman-empire_random_0.4 | acc=0.1952  (150.4s)  knn=u  k=-    dexp=3.31  p_grd=0.290  unc_rem=0.247  unc_rel=0.114  drop=0.61  h=64  L=4  lr=0.05  wd=0.001
  [Trial  73] roman-empire_random_0.4 | acc=0.3058  (462.5s)  knn=p  k= 13  dexp=6.99  p_grd=0.386  unc_rem=0.298  unc_rel=0.070  drop=0.63  h=64  L=2  lr=0.05  wd=5e-05
  [Trial  74] roman-empire_random_0.4 | acc=0.1906  (172.4s)  knn=p  k= 14  dexp=8.03  p_grd=0.063  unc_rem=0.110  unc_rel=0.089  drop=0.51  h=16  L=2  lr=0.1  wd=0.05
  [Trial  75] roman-empire_random_0.4 | acc=0.3350  (325.3s)  knn=p  k= 14  dexp=2.29  p_grd=0.230  unc_rem=0.403  unc_rel=0.044  drop=0.62  h=16  L=2  lr=0.1  wd=0.001
  [Trial  76] roman-empire_random_0.4 | acc=0.3371  (436.1s)  knn=p  k= 13  dexp=3.54  p_grd=0.385  unc_rem=0.196  unc_rel=0.045  drop=0.48  h=64  L=2  lr=0.05  wd=0.001
  [Trial  77] roman-empire_random_0.4 | acc=0.2048  (301.1s)  knn=p  k= 13  dexp=3.93  p_grd=0.256  unc_rem=0.277  unc_rel=0.052  drop=0.79  h=64  L=3  lr=0.0005  wd=0.001
  [Trial  78] roman-empire_random_0.4 | acc=0.3131  (220.6s)  knn=p  k=  9  dexp=3.90  p_grd=0.149  unc_rem=0.517  unc_rel=0.078  drop=0.76  h=16  L=2  lr=0.1  wd=0.001
  [Trial  79] roman-empire_random_0.4 | acc=0.3330  (449.5s)  knn=p  k= 13  dexp=2.21  p_grd=0.417  unc_rem=0.240  unc_rel=0.030  drop=0.38  h=64  L=2  lr=0.05  wd=0.001
  [Trial  80] roman-empire_random_0.4 | acc=0.3339  (284.3s)  knn=p  k= 13  dexp=5.86  p_grd=0.233  unc_rem=0.383  unc_rel=0.051  drop=0.63  h=128  L=2  lr=0.05  wd=0.001
  [Trial  81] roman-empire_random_0.4 | acc=0.3360  (291.5s)  knn=d  k= 13  dexp=5.87  p_grd=0.232  unc_rem=0.356  unc_rel=0.048  drop=0.72  h=32  L=2  lr=0.05  wd=0.001
  [Trial  82] roman-empire_random_0.4 | acc=0.3244  (305.3s)  knn=p  k= 13  dexp=6.93  p_grd=0.249  unc_rem=0.561  unc_rel=0.116  drop=0.61  h=128  L=2  lr=0.05  wd=0.001
  [Trial  83] roman-empire_random_0.4 | acc=0.2392  (320.1s)  knn=d  k= 14  dexp=7.34  p_grd=0.240  unc_rem=0.307  unc_rel=0.210  drop=0.71  h=32  L=3  lr=0.05  wd=0.001
  [Trial  84] roman-empire_random_0.4 | acc=0.3051  (209.7s)  knn=d  k= 10  dexp=6.05  p_grd=0.131  unc_rem=0.160  unc_rel=0.231  drop=0.54  h=64  L=2  lr=0.05  wd=0.001
  [Trial  85] roman-empire_random_0.4 | acc=0.3502  (389.9s)  knn=d  k= 14  dexp=4.58  p_grd=0.328  unc_rem=0.376  unc_rel=0.024  drop=0.83  h=32  L=2  lr=0.05  wd=0.001
  [Trial  86] roman-empire_random_0.4 | acc=0.3062  (272.3s)  knn=d  k= 14  dexp=5.10  p_grd=0.169  unc_rem=0.547  unc_rel=0.041  drop=0.80  h=32  L=2  lr=0.05  wd=5e-05
  [Trial  87] roman-empire_random_0.4 | acc=0.3526  (435.3s)  knn=d  k= 14  dexp=3.10  p_grd=0.370  unc_rem=0.288  unc_rel=0.062  drop=0.80  h=32  L=2  lr=0.05  wd=0.001
  [Trial  88] roman-empire_random_0.4 | acc=0.3263  (316.4s)  knn=d  k= 10  dexp=3.21  p_grd=0.331  unc_rem=0.097  unc_rel=0.096  drop=0.89  h=32  L=2  lr=0.05  wd=0.001
  [Trial  89] roman-empire_random_0.4 | acc=0.1721  (461.8s)  knn=d  k= 15  dexp=2.24  p_grd=0.384  unc_rem=0.260  unc_rel=0.105  drop=0.89  h=128  L=1  lr=0.05  wd=0.05
  [Trial  90] roman-empire_random_0.4 | acc=0.2934  (518.2s)  knn=d  k= 15  dexp=3.77  p_grd=0.434  unc_rem=0.383  unc_rel=0.165  drop=0.72  h=32  L=2  lr=0.1  wd=0.01
  [Trial  91] roman-empire_random_0.4 | acc=0.2297  (321.6s)  knn=d  k= 10  dexp=2.11  p_grd=0.325  unc_rem=0.557  unc_rel=0.062  drop=0.89  h=32  L=3  lr=0.005  wd=0.001
  [Trial  92] roman-empire_random_0.4 | acc=0.3081  (109.5s)  knn=s  k= 10  dexp=4.24  p_grd=0.182  unc_rem=0.315  unc_rel=0.284  drop=0.39  h=16  L=2  lr=0.1  wd=0.001
  [Trial  93] roman-empire_random_0.4 | acc=0.3302  (182.2s)  knn=s  k= 15  dexp=5.43  p_grd=0.325  unc_rem=0.598  unc_rel=0.065  drop=0.61  h=32  L=2  lr=0.05  wd=0.001
  [Trial  94] roman-empire_random_0.4 | acc=0.2119  (322.4s)  knn=d  k= 14  dexp=2.55  p_grd=0.305  unc_rem=0.503  unc_rel=0.031  drop=0.88  h=32  L=2  lr=0.0005  wd=1e-05
  [Trial  95] roman-empire_random_0.4 | acc=0.3525  (446.0s)  knn=p  k= 15  dexp=2.13  p_grd=0.359  unc_rem=0.140  unc_rel=0.073  drop=0.55  h=16  L=2  lr=0.1  wd=0.001
  [Trial  96] roman-empire_random_0.4 | acc=0.3383  (409.5s)  knn=p  k= 15  dexp=3.98  p_grd=0.285  unc_rem=0.027  unc_rel=0.159  drop=0.76  h=64  L=2  lr=0.01  wd=0.001
  [Trial  97] roman-empire_random_0.4 | acc=0.3443  (434.0s)  knn=p  k= 16  dexp=3.51  p_grd=0.366  unc_rem=0.084  unc_rel=0.108  drop=0.77  h=64  L=2  lr=0.01  wd=0.001
  [Trial  98] roman-empire_random_0.4 | acc=0.3444  (429.4s)  knn=p  k= 16  dexp=3.34  p_grd=0.391  unc_rem=0.048  unc_rel=0.289  drop=0.66  h=128  L=2  lr=0.01  wd=0.001
  [Trial  99] roman-empire_random_0.4 | acc=0.2278  (402.5s)  knn=p  k= 16  dexp=2.83  p_grd=0.363  unc_rem=0.272  unc_rel=0.037  drop=0.65  h=128  L=4  lr=0.01  wd=0.001
  [Trial 100] roman-empire_random_0.4 | acc=0.3377  (449.0s)  knn=p  k= 16  dexp=4.12  p_grd=0.341  unc_rem=0.142  unc_rel=0.476  drop=0.68  h=128  L=2  lr=0.01  wd=0.001
  [Trial 101] roman-empire_random_0.4 | acc=0.2296  (182.1s)  knn=u  k=-    dexp=2.74  p_grd=0.312  unc_rem=0.068  unc_rel=0.215  drop=0.72  h=128  L=2  lr=0.01  wd=0.01
  [Trial 102] roman-empire_random_0.4 | acc=0.3180  (154.9s)  knn=s  k= 30  dexp=2.26  p_grd=0.323  unc_rem=0.081  unc_rel=0.219  drop=0.77  h=64  L=2  lr=0.01  wd=0.001
  [Trial 103] roman-empire_random_0.4 | acc=0.3193  (262.4s)  knn=p  k= 17  dexp=5.79  p_grd=0.175  unc_rem=0.083  unc_rel=0.240  drop=0.84  h=64  L=2  lr=0.005  wd=0.0001
  [Trial 104] roman-empire_random_0.4 | acc=0.2194  (348.0s)  knn=p  k= 16  dexp=8.28  p_grd=0.256  unc_rem=0.830  unc_rel=0.124  drop=0.62  h=64  L=4  lr=0.01  wd=0.001
  [Trial 105] roman-empire_random_0.4 | acc=0.2587  (466.4s)  knn=p  k= 16  dexp=1.19  p_grd=0.388  unc_rem=0.100  unc_rel=0.221  drop=0.56  h=16  L=2  lr=0.1  wd=0.01
  [Trial 106] roman-empire_random_0.4 | acc=0.0204  (459.0s)  knn=p  k= 16  dexp=5.17  p_grd=0.397  unc_rem=0.034  unc_rel=0.032  drop=0.80  h=64  L=2  lr=1e-05  wd=0.0005
  [Trial 107] roman-empire_random_0.4 | acc=0.2483  (332.2s)  knn=p  k= 16  dexp=3.30  p_grd=0.245  unc_rem=0.118  unc_rel=0.076  drop=0.66  h=64  L=2  lr=0.01  wd=0.01
  [Trial 108] roman-empire_random_0.4 | acc=0.3455  (324.9s)  knn=p  k= 16  dexp=5.38  p_grd=0.300  unc_rem=0.068  unc_rel=0.051  drop=0.83  h=64  L=2  lr=0.01  wd=0.001
  [Trial 109] roman-empire_random_0.4 | acc=0.3463  (408.7s)  knn=d  k= 16  dexp=3.78  p_grd=0.347  unc_rem=0.012  unc_rel=0.143  drop=0.35  h=16  L=2  lr=0.1  wd=0.001
  [Trial 110] roman-empire_random_0.4 | acc=0.2730  (335.5s)  knn=d  k= 17  dexp=5.22  p_grd=0.223  unc_rem=0.056  unc_rel=0.327  drop=0.37  h=16  L=2  lr=0.1  wd=0.01
  [Trial 111] roman-empire_random_0.4 | acc=0.2474  (338.2s)  knn=d  k= 17  dexp=5.09  p_grd=0.298  unc_rem=0.070  unc_rel=0.247  drop=0.19  h=16  L=2  lr=0.001  wd=0.001
  [Trial 112] roman-empire_random_0.4 | acc=0.2127  (356.7s)  knn=d  k= 15  dexp=2.12  p_grd=0.278  unc_rem=0.274  unc_rel=0.222  drop=0.49  h=16  L=3  lr=0.1  wd=0.001
  [Trial 113] roman-empire_random_0.4 | acc=0.1784  (427.7s)  knn=d  k= 13  dexp=4.54  p_grd=0.321  unc_rem=0.273  unc_rel=0.145  drop=0.32  h=16  L=4  lr=0.1  wd=1e-05
  [Trial 114] roman-empire_random_0.4 | acc=0.2961  (334.0s)  knn=d  k= 16  dexp=3.22  p_grd=0.311  unc_rem=0.016  unc_rel=0.282  drop=0.21  h=16  L=1  lr=0.1  wd=0.001
  [Trial 115] roman-empire_random_0.4 | acc=0.1609  (392.6s)  knn=p  k= 12  dexp=2.94  p_grd=0.394  unc_rem=0.023  unc_rel=0.104  drop=0.70  h=128  L=2  lr=0.01  wd=0.1
  [Trial 116] roman-empire_random_0.4 | acc=0.2703  (324.8s)  knn=p  k= 17  dexp=9.96  p_grd=0.228  unc_rem=0.906  unc_rel=0.274  drop=0.57  h=64  L=2  lr=0.0005  wd=0.001
  [Trial 117] roman-empire_random_0.4 | acc=0.3216  (234.5s)  knn=p  k= 13  dexp=9.65  p_grd=0.156  unc_rem=0.601  unc_rel=0.367  drop=0.42  h=16  L=2  lr=0.01  wd=0.001
  [Trial 118] roman-empire_random_0.4 | acc=0.2858  (352.5s)  knn=d  k= 17  dexp=3.03  p_grd=0.392  unc_rem=0.360  unc_rel=0.072  drop=0.87  h=32  L=1  lr=0.001  wd=0.001
  [Trial 119] roman-empire_random_0.4 | acc=0.3156  (191.5s)  knn=p  k= 12  dexp=5.40  p_grd=0.102  unc_rem=0.160  unc_rel=0.292  drop=0.61  h=64  L=2  lr=0.1  wd=0.001
  [Trial 120] roman-empire_random_0.4 | acc=0.1973  (498.3s)  knn=p  k= 16  dexp=3.50  p_grd=0.462  unc_rem=0.108  unc_rel=0.193  drop=0.81  h=64  L=4  lr=0.01  wd=0.005
  [Trial 121] roman-empire_random_0.4 | acc=0.3500  (418.8s)  knn=d  k= 13  dexp=5.51  p_grd=0.429  unc_rem=0.165  unc_rel=0.121  drop=0.44  h=16  L=2  lr=0.1  wd=0.001
  [Trial 122] roman-empire_random_0.4 | acc=0.2466  (226.9s)  knn=p  k= 11  dexp=8.31  p_grd=0.121  unc_rem=0.279  unc_rel=0.036  drop=0.58  h=64  L=3  lr=0.05  wd=0.001
  [Trial 123] roman-empire_random_0.4 | acc=0.3478  (386.6s)  knn=d  k= 13  dexp=2.93  p_grd=0.454  unc_rem=0.024  unc_rel=0.100  drop=0.47  h=16  L=2  lr=0.1  wd=0.001
  [Trial 124] roman-empire_random_0.4 | acc=0.1349  (422.5s)  knn=d  k= 11  dexp=2.18  p_grd=0.478  unc_rem=0.036  unc_rel=0.074  drop=0.45  h=16  L=2  lr=0.0001  wd=0.01
  [Trial 125] roman-empire_random_0.4 | acc=0.3521  (412.4s)  knn=d  k= 13  dexp=3.31  p_grd=0.383  unc_rem=0.130  unc_rel=0.011  drop=0.38  h=16  L=2  lr=0.1  wd=0.001
  [Trial 126] roman-empire_random_0.4 | acc=0.3308  (236.3s)  knn=s  k= 30  dexp=4.22  p_grd=0.476  unc_rem=0.042  unc_rel=0.011  drop=0.49  h=16  L=2  lr=0.1  wd=0.001
  [Trial 127] roman-empire_random_0.4 | acc=0.3316  (393.7s)  knn=d  k= 13  dexp=1.74  p_grd=0.318  unc_rem=0.058  unc_rel=0.044  drop=0.33  h=16  L=2  lr=0.1  wd=0.001
  [Trial 128] roman-empire_random_0.4 | acc=0.3210  (455.5s)  knn=d  k= 14  dexp=4.62  p_grd=0.486  unc_rem=0.283  unc_rel=0.051  drop=0.45  h=16  L=2  lr=0.05  wd=0.005
  [Trial 129] roman-empire_random_0.4 | acc=0.3461  (476.3s)  knn=d  k= 14  dexp=3.74  p_grd=0.415  unc_rem=0.199  unc_rel=0.433  drop=0.45  h=32  L=2  lr=0.1  wd=0.001
  [Trial 130] roman-empire_random_0.4 | acc=0.3334  (435.2s)  knn=d  k= 17  dexp=4.52  p_grd=0.493  unc_rem=0.413  unc_rel=0.242  drop=0.37  h=16  L=2  lr=0.1  wd=0.001
  [Trial 131] roman-empire_random_0.4 | acc=0.2767  (473.1s)  knn=d  k= 15  dexp=6.37  p_grd=0.462  unc_rem=0.188  unc_rel=0.411  drop=0.42  h=32  L=2  lr=0.1  wd=1e-05
  [Trial 132] roman-empire_random_0.4 | acc=0.3208  (329.7s)  knn=p  k= 13  dexp=3.40  p_grd=0.320  unc_rem=0.072  unc_rel=0.318  drop=0.52  h=128  L=1  lr=0.1  wd=0.001
  [Trial 133] roman-empire_random_0.4 | acc=0.3398  (437.0s)  knn=d  k= 13  dexp=4.45  p_grd=0.496  unc_rem=0.184  unc_rel=0.532  drop=0.53  h=32  L=2  lr=0.005  wd=0.001
  [Trial 134] roman-empire_random_0.4 | acc=0.1394  (405.0s)  knn=d  k= 13  dexp=6.48  p_grd=0.407  unc_rem=0.030  unc_rel=0.013  drop=0.24  h=128  L=2  lr=0.1  wd=0.1
  [Trial 135] roman-empire_random_0.4 | acc=0.2467  (348.5s)  knn=d  k=  8  dexp=7.09  p_grd=0.371  unc_rem=0.146  unc_rel=0.185  drop=0.89  h=64  L=3  lr=0.01  wd=0.0001
  [Trial 136] roman-empire_random_0.4 | acc=0.2283  (459.3s)  knn=p  k= 14  dexp=2.16  p_grd=0.406  unc_rem=0.043  unc_rel=0.189  drop=0.80  h=16  L=2  lr=0.001  wd=0.001
  [Trial 137] roman-empire_random_0.4 | acc=0.3627  (457.3s)  knn=d  k= 18  dexp=2.58  p_grd=0.403  unc_rem=0.101  unc_rel=0.613  drop=0.52  h=128  L=2  lr=0.1  wd=0.001
  [Trial 138] roman-empire_random_0.4 | acc=0.1769  (427.2s)  knn=d  k= 19  dexp=3.73  p_grd=0.313  unc_rem=0.060  unc_rel=0.813  drop=0.76  h=128  L=2  lr=0.1  wd=0.1
  [Trial 139] roman-empire_random_0.4 | acc=0.3130  (535.1s)  knn=d  k= 19  dexp=5.56  p_grd=0.459  unc_rem=0.103  unc_rel=0.094  drop=0.63  h=64  L=2  lr=0.001  wd=0.001
  [Trial 140] roman-empire_random_0.4 | acc=0.3402  (489.3s)  knn=d  k= 18  dexp=0.87  p_grd=0.405  unc_rem=0.057  unc_rel=0.734  drop=0.66  h=128  L=2  lr=0.1  wd=0.001
  [Trial 141] roman-empire_random_0.4 | acc=0.3248  (1019.5s)  knn=d  k= 17  dexp=4.37  p_grd=0.404  unc_rem=0.113  unc_rel=0.242  drop=0.51  h=64  L=2  lr=0.1  wd=0.0005
  [Trial 142] roman-empire_random_0.4 | acc=0.3369  (408.3s)  knn=d  k= 14  dexp=1.80  p_grd=0.438  unc_rem=0.033  unc_rel=0.279  drop=0.55  h=16  L=2  lr=0.01  wd=0.001
  [Trial 143] roman-empire_random_0.4 | acc=0.2431  (397.4s)  knn=p  k= 15  dexp=5.61  p_grd=0.432  unc_rem=0.087  unc_rel=0.213  drop=0.51  h=16  L=3  lr=0.1  wd=0.001
  [Trial 144] roman-empire_random_0.4 | acc=0.0211  (308.2s)  knn=p  k= 11  dexp=1.33  p_grd=0.336  unc_rem=0.335  unc_rel=0.054  drop=0.80  h=64  L=2  lr=1e-05  wd=0.001
  [Trial 145] roman-empire_random_0.4 | acc=0.0724  (396.2s)  knn=d  k= 16  dexp=8.43  p_grd=0.479  unc_rem=0.100  unc_rel=0.249  drop=0.64  h=16  L=2  lr=1e-05  wd=0.001
  [Trial 146] roman-empire_random_0.4 | acc=0.2922  (220.9s)  knn=u  k=-    dexp=6.31  p_grd=0.401  unc_rem=0.115  unc_rel=0.170  drop=0.83  h=16  L=2  lr=0.01  wd=0.001
  [Trial 147] roman-empire_random_0.4 | acc=0.3348  (416.9s)  knn=d  k= 14  dexp=4.57  p_grd=0.366  unc_rem=0.283  unc_rel=0.430  drop=0.25  h=32  L=2  lr=0.1  wd=0.001
  [Trial 148] roman-empire_random_0.4 | acc=0.3336  (549.9s)  knn=p  k= 19  dexp=3.78  p_grd=0.486  unc_rem=0.080  unc_rel=0.102  drop=0.38  h=32  L=2  lr=0.1  wd=0.001
  [Trial 149] roman-empire_random_0.4 | acc=0.1725  (196.7s)  knn=u  k=-    dexp=3.14  p_grd=0.322  unc_rem=0.128  unc_rel=0.132  drop=0.53  h=16  L=2  lr=0.0005  wd=0.001
  [Trial 150] roman-empire_random_0.4 | acc=0.1921  (391.5s)  knn=d  k= 11  dexp=5.49  p_grd=0.346  unc_rem=0.170  unc_rel=0.227  drop=0.60  h=32  L=4  lr=0.1  wd=0.001
  [Trial 151] roman-empire_random_0.4 | acc=0.2666  (504.7s)  knn=p  k= 15  dexp=0.48  p_grd=0.371  unc_rem=0.127  unc_rel=0.039  drop=0.30  h=16  L=1  lr=0.1  wd=0.005
  [Trial 152] roman-empire_random_0.4 | acc=0.1284  (334.2s)  knn=p  k= 11  dexp=6.47  p_grd=0.268  unc_rem=0.178  unc_rel=0.440  drop=0.54  h=16  L=2  lr=0.0001  wd=0.001
  [Trial 153] roman-empire_random_0.4 | acc=0.3327  (223.8s)  knn=p  k= 12  dexp=6.66  p_grd=0.147  unc_rem=0.202  unc_rel=0.207  drop=0.57  h=16  L=2  lr=0.1  wd=0.001
  [Trial 154] roman-empire_random_0.4 | acc=0.1750  (376.5s)  knn=d  k= 13  dexp=5.57  p_grd=0.341  unc_rem=0.327  unc_rel=0.107  drop=0.84  h=32  L=1  lr=0.05  wd=0.1
  [Trial 155] roman-empire_random_0.4 | acc=0.3392  (272.6s)  knn=p  k= 14  dexp=9.00  p_grd=0.213  unc_rem=0.954  unc_rel=0.260  drop=0.47  h=64  L=2  lr=0.01  wd=0.001
  [Trial 156] roman-empire_random_0.4 | acc=0.3331  (337.1s)  knn=d  k=  9  dexp=1.22  p_grd=0.460  unc_rem=0.181  unc_rel=0.627  drop=0.34  h=128  L=2  lr=0.05  wd=0.001
  [Trial 157] roman-empire_random_0.4 | acc=0.3320  (436.8s)  knn=d  k= 17  dexp=6.96  p_grd=0.400  unc_rem=0.140  unc_rel=0.014  drop=0.24  h=16  L=2  lr=0.1  wd=0.001
  [Trial 158] roman-empire_random_0.4 | acc=0.3132  (468.9s)  knn=p  k= 13  dexp=4.98  p_grd=0.372  unc_rem=0.025  unc_rel=0.285  drop=0.69  h=64  L=1  lr=0.005  wd=0.001
  [Trial 159] roman-empire_random_0.4 | acc=0.3300  (228.7s)  knn=u  k=-    dexp=3.10  p_grd=0.396  unc_rem=0.303  unc_rel=0.420  drop=0.62  h=32  L=2  lr=0.1  wd=0.001
  [Trial 160] roman-empire_random_0.4 | acc=0.3097  (147.0s)  knn=s  k= 25  dexp=4.81  p_grd=0.255  unc_rem=0.178  unc_rel=0.056  drop=0.76  h=64  L=2  lr=0.05  wd=0.005
  [Trial 161] roman-empire_random_0.4 | acc=0.2493  (349.5s)  knn=p  k= 16  dexp=4.63  p_grd=0.232  unc_rem=0.434  unc_rel=0.167  drop=0.37  h=16  L=2  lr=0.001  wd=0.001
  [Trial 162] roman-empire_random_0.4 | acc=0.3095  (418.2s)  knn=d  k= 15  dexp=2.56  p_grd=0.424  unc_rem=0.288  unc_rel=0.033  drop=0.50  h=32  L=2  lr=0.05  wd=1e-05
  [Trial 163] roman-empire_random_0.4 | acc=0.1785  (302.5s)  knn=p  k= 15  dexp=7.54  p_grd=0.234  unc_rem=0.313  unc_rel=0.115  drop=0.86  h=64  L=4  lr=0.05  wd=0.001
  [Trial 164] roman-empire_random_0.4 | acc=0.1510  (326.9s)  knn=d  k= 12  dexp=1.98  p_grd=0.304  unc_rem=0.439  unc_rel=0.149  drop=0.68  h=32  L=2  lr=0.05  wd=0.05
  [Trial 165] roman-empire_random_0.4 | acc=0.3071  (309.0s)  knn=p  k= 18  dexp=4.91  p_grd=0.272  unc_rem=0.388  unc_rel=0.129  drop=0.56  h=64  L=1  lr=0.05  wd=0.001
  [Trial 166] roman-empire_random_0.4 | acc=0.2419  (412.1s)  knn=d  k= 14  dexp=5.18  p_grd=0.347  unc_rem=0.044  unc_rel=0.053  drop=0.46  h=64  L=3  lr=0.1  wd=0.001
  [Trial 167] roman-empire_random_0.4 | acc=0.0749  (388.7s)  knn=d  k= 15  dexp=4.58  p_grd=0.317  unc_rem=0.199  unc_rel=0.404  drop=0.47  h=128  L=2  lr=1e-05  wd=0.001
  [Trial 168] roman-empire_random_0.4 | acc=0.1870  (398.2s)  knn=d  k= 11  dexp=4.14  p_grd=0.380  unc_rem=0.116  unc_rel=0.113  drop=0.23  h=16  L=2  lr=0.0005  wd=0.0001
  [Trial 169] roman-empire_random_0.4 | acc=0.1582  (509.9s)  knn=p  k= 18  dexp=5.36  p_grd=0.426  unc_rem=0.194  unc_rel=0.097  drop=0.53  h=64  L=2  lr=0.01  wd=0.05
  [Trial 170] roman-empire_random_0.4 | acc=0.1484  (254.7s)  knn=p  k= 14  dexp=3.87  p_grd=0.215  unc_rem=0.073  unc_rel=0.050  drop=0.69  h=64  L=2  lr=0.05  wd=0.05
  [Trial 171] roman-empire_random_0.4 | acc=0.3235  (318.1s)  knn=p  k= 16  dexp=7.78  p_grd=0.232  unc_rem=0.173  unc_rel=0.038  drop=0.62  h=64  L=2  lr=0.05  wd=0.001
  [Trial 172] roman-empire_random_0.4 | acc=0.3350  (469.8s)  knn=d  k= 20  dexp=4.79  p_grd=0.456  unc_rem=0.565  unc_rel=0.023  drop=0.81  h=32  L=2  lr=0.01  wd=0.001
  [Trial 173] roman-empire_random_0.4 | acc=0.1585  (416.2s)  knn=p  k= 19  dexp=5.16  p_grd=0.364  unc_rem=0.018  unc_rel=0.102  drop=0.22  h=16  L=2  lr=0.1  wd=0.05
  [Trial 174] roman-empire_random_0.4 | acc=0.3454  (581.5s)  knn=d  k= 18  dexp=1.23  p_grd=0.426  unc_rem=0.140  unc_rel=0.893  drop=0.58  h=128  L=2  lr=0.1  wd=0.001
  [Trial 175] roman-empire_random_0.4 | acc=0.2072  (464.9s)  knn=d  k= 17  dexp=2.35  p_grd=0.404  unc_rem=0.543  unc_rel=0.033  drop=0.64  h=32  L=4  lr=0.05  wd=0.001
  [Trial 176] roman-empire_random_0.4 | acc=0.3043  (489.3s)  knn=d  k= 13  dexp=2.52  p_grd=0.468  unc_rem=0.015  unc_rel=0.632  drop=0.40  h=32  L=2  lr=0.1  wd=0.0001
  [Trial 177] roman-empire_random_0.4 | acc=0.2587  (543.3s)  knn=d  k= 16  dexp=2.32  p_grd=0.491  unc_rem=0.043  unc_rel=0.301  drop=0.65  h=128  L=1  lr=0.0005  wd=0.001
  [Trial 178] roman-empire_random_0.4 | acc=0.3435  (462.3s)  knn=p  k= 20  dexp=0.76  p_grd=0.316  unc_rem=0.054  unc_rel=0.129  drop=0.60  h=128  L=2  lr=0.1  wd=0.001
  [Trial 179] roman-empire_random_0.4 | acc=0.2530  (554.8s)  knn=p  k= 19  dexp=1.99  p_grd=0.404  unc_rem=0.220  unc_rel=0.075  drop=0.72  h=128  L=3  lr=0.1  wd=0.001
  [Trial 180] roman-empire_random_0.4 | acc=0.3128  (84.3s)  knn=s  k= 30  dexp=0.06  p_grd=0.420  unc_rem=0.240  unc_rel=0.957  drop=0.38  h=128  L=2  lr=0.1  wd=0.001
  [Trial 181] roman-empire_random_0.4 | acc=0.2057  (382.3s)  knn=p  k= 22  dexp=3.34  p_grd=0.276  unc_rem=0.045  unc_rel=0.014  drop=0.59  h=16  L=1  lr=0.0001  wd=0.001
  [Trial 182] roman-empire_random_0.4 | acc=0.3025  (387.6s)  knn=p  k= 21  dexp=4.12  p_grd=0.265  unc_rem=0.096  unc_rel=0.160  drop=0.64  h=128  L=2  lr=0.1  wd=1e-05
  [Trial 183] roman-empire_random_0.4 | acc=0.2402  (501.8s)  knn=d  k= 18  dexp=0.09  p_grd=0.444  unc_rem=0.369  unc_rel=0.819  drop=0.54  h=128  L=3  lr=0.005  wd=0.001
  [Trial 184] roman-empire_random_0.4 | acc=0.3420  (346.3s)  knn=p  k= 13  dexp=1.38  p_grd=0.290  unc_rem=0.098  unc_rel=0.318  drop=0.61  h=128  L=2  lr=0.1  wd=0.001
  [Trial 185] roman-empire_random_0.4 | acc=0.3035  (331.1s)  knn=p  k= 11  dexp=0.63  p_grd=0.266  unc_rem=0.191  unc_rel=0.202  drop=0.55  h=32  L=2  lr=0.1  wd=0.001
  [Trial 186] roman-empire_random_0.4 | acc=0.2598  (321.1s)  knn=p  k= 11  dexp=1.14  p_grd=0.253  unc_rem=0.258  unc_rel=0.187  drop=0.71  h=128  L=2  lr=0.0005  wd=0.001
  [Trial 187] roman-empire_random_0.4 | acc=0.3318  (275.5s)  knn=p  k= 13  dexp=1.09  p_grd=0.239  unc_rem=0.282  unc_rel=0.701  drop=0.56  h=128  L=2  lr=0.1  wd=0.001
  [Trial 188] roman-empire_random_0.4 | acc=0.2838  (557.6s)  knn=d  k= 20  dexp=3.68  p_grd=0.496  unc_rem=0.072  unc_rel=0.510  drop=0.55  h=128  L=2  lr=0.1  wd=0.01
  [Trial 189] roman-empire_random_0.4 | acc=0.3324  (346.9s)  knn=p  k= 14  dexp=2.30  p_grd=0.298  unc_rem=0.181  unc_rel=0.185  drop=0.52  h=128  L=2  lr=0.1  wd=0.001
  [Trial 190] roman-empire_random_0.4 | acc=0.2820  (336.8s)  knn=u  k=-    dexp=6.36  p_grd=0.282  unc_rem=0.227  unc_rel=0.279  drop=0.76  h=32  L=2  lr=0.05  wd=0.0001
  [Trial 191] roman-empire_random_0.4 | acc=0.1260  (481.4s)  knn=d  k= 12  dexp=4.65  p_grd=0.275  unc_rem=0.513  unc_rel=0.017  drop=0.77  h=16  L=2  lr=0.0001  wd=0.001
  [Trial 192] roman-empire_random_0.4 | acc=0.3192  (443.7s)  knn=p  k= 16  dexp=4.26  p_grd=0.342  unc_rem=0.235  unc_rel=0.436  drop=0.80  h=32  L=2  lr=0.01  wd=5e-05
  [Trial 193] roman-empire_random_0.4 | acc=0.3576  (417.7s)  knn=p  k= 15  dexp=3.44  p_grd=0.358  unc_rem=0.152  unc_rel=0.255  drop=0.56  h=16  L=2  lr=0.1  wd=0.001
  [Trial 194] roman-empire_random_0.4 | acc=0.0730  (452.4s)  knn=d  k= 15  dexp=0.48  p_grd=0.364  unc_rem=0.410  unc_rel=0.888  drop=0.50  h=128  L=2  lr=1e-05  wd=0.005
  [Trial 195] roman-empire_random_0.4 | acc=0.2982  (428.3s)  knn=d  k= 16  dexp=2.85  p_grd=0.463  unc_rem=0.041  unc_rel=0.058  drop=0.46  h=16  L=2  lr=0.1  wd=1e-05
  [Trial 196] roman-empire_random_0.4 | acc=0.1951  (373.4s)  knn=p  k= 13  dexp=6.50  p_grd=0.335  unc_rem=0.077  unc_rel=0.104  drop=0.80  h=64  L=2  lr=0.0001  wd=0.001
  [Trial 197] roman-empire_random_0.4 | acc=0.3375  (518.5s)  knn=d  k= 18  dexp=2.07  p_grd=0.447  unc_rem=0.074  unc_rel=0.514  drop=0.30  h=128  L=2  lr=0.1  wd=0.001
  [Trial 198] roman-empire_random_0.4 | acc=0.3420  (378.7s)  knn=p  k= 13  dexp=2.59  p_grd=0.393  unc_rem=0.073  unc_rel=0.067  drop=0.62  h=16  L=2  lr=0.1  wd=0.001
  [Trial 199] roman-empire_random_0.4 | acc=0.1441  (421.2s)  knn=p  k= 15  dexp=0.69  p_grd=0.335  unc_rem=0.030  unc_rel=0.472  drop=0.82  h=128  L=4  lr=0.1  wd=0.1
  [Trial 200] roman-empire_random_0.4 | acc=0.0375  (459.2s)  knn=d  k= 15  dexp=1.38  p_grd=0.338  unc_rem=0.346  unc_rel=0.016  drop=0.68  h=32  L=2  lr=1e-05  wd=0.001

[Optuna] Optimization done. 200/200 trials completed.

[Retest] (roman-empire_random_0.4) Testing top-5 configs × 10 seeds...

  [Retest] (roman-empire_random_0.4) Config 1/5: (Trial #136, Orig Acc: 0.3627)
           Params: {'knn_mode': 'd', 'k': 18, 'dexp': 2.581267944614253, 'p_grd': 0.40314116785811677, 'unc_rem': 0.10122865898769953, 'unc_rel': 0.6129802697586779, 'dropout': 0.5172179808396661, 'n_hidden': 128, 'n_layer': 2, 'lr': 0.1, 'weight_decay': 0.001}
    [Retest] roman-empire | Config 1 | Run 1/10 | seed=3000 | Acc: 0.3550 | Mean: 0.3550 | Time: 472.5s
    [Retest] roman-empire | Config 1 | Run 2/10 | seed=3001 | Acc: 0.3411 | Mean: 0.3481 | Time: 522.9s
    [Retest] roman-empire | Config 1 | Run 3/10 | seed=3002 | Acc: 0.3280 | Mean: 0.3414 | Time: 499.7s
    [Retest] roman-empire | Config 1 | Run 4/10 | seed=3003 | Acc: 0.3364 | Mean: 0.3402 | Time: 411.0s
    [Retest] roman-empire | Config 1 | Run 5/10 | seed=3004 | Acc: 0.3350 | Mean: 0.3391 | Time: 519.0s
    [Retest] roman-empire | Config 1 | Run 6/10 | seed=3005 | Acc: 0.3334 | Mean: 0.3382 | Time: 524.6s
    [Retest] roman-empire | Config 1 | Run 7/10 | seed=3006 | Acc: 0.3276 | Mean: 0.3367 | Time: 425.8s
    [Retest] roman-empire | Config 1 | Run 8/10 | seed=3007 | Acc: 0.3403 | Mean: 0.3371 | Time: 465.6s
    [Retest] roman-empire | Config 1 | Run 9/10 | seed=3008 | Acc: 0.3297 | Mean: 0.3363 | Time: 533.2s
    [Retest] roman-empire | Config 1 | Run 10/10 | seed=3009 | Acc: 0.3388 | Mean: 0.3365 | Time: 465.8s
  [Retest] Config 1: mean=0.3365 ± 0.0077

  [Retest] (roman-empire_random_0.4) Config 2/5: (Trial #192, Orig Acc: 0.3576)
           Params: {'knn_mode': 'p', 'k': 15, 'dexp': 3.4409525386450523, 'p_grd': 0.3582501613449958, 'unc_rem': 0.15175833777320316, 'unc_rel': 0.25541858029313597, 'dropout': 0.5628830001915874, 'n_hidden': 16, 'n_layer': 2, 'lr': 0.1, 'weight_decay': 0.001}
    [Retest] roman-empire | Config 2 | Run 1/10 | seed=3000 | Acc: 0.3576 | Mean: 0.3576 | Time: 418.2s
    [Retest] roman-empire | Config 2 | Run 2/10 | seed=3001 | Acc: 0.3423 | Mean: 0.3499 | Time: 442.8s
    [Retest] roman-empire | Config 2 | Run 3/10 | seed=3002 | Acc: 0.3346 | Mean: 0.3448 | Time: 396.9s
    [Retest] roman-empire | Config 2 | Run 4/10 | seed=3003 | Acc: 0.3145 | Mean: 0.3373 | Time: 423.1s
    [Retest] roman-empire | Config 2 | Run 5/10 | seed=3004 | Acc: 0.3354 | Mean: 0.3369 | Time: 481.7s
    [Retest] roman-empire | Config 2 | Run 6/10 | seed=3005 | Acc: 0.3248 | Mean: 0.3349 | Time: 433.8s
    [Retest] roman-empire | Config 2 | Run 7/10 | seed=3006 | Acc: 0.3244 | Mean: 0.3334 | Time: 430.9s
    [Retest] roman-empire | Config 2 | Run 8/10 | seed=3007 | Acc: 0.3438 | Mean: 0.3347 | Time: 425.1s
    [Retest] roman-empire | Config 2 | Run 9/10 | seed=3008 | Acc: 0.3370 | Mean: 0.3349 | Time: 418.4s
    [Retest] roman-empire | Config 2 | Run 10/10 | seed=3009 | Acc: 0.3458 | Mean: 0.3360 | Time: 450.3s
  [Retest] Config 2: mean=0.3360 ± 0.0118

  [Retest] (roman-empire_random_0.4) Config 3/5: (Trial #69, Orig Acc: 0.3538)
           Params: {'knn_mode': 'p', 'k': 13, 'dexp': 4.625768802709741, 'p_grd': 0.3017896790986201, 'unc_rem': 0.17032237876247858, 'unc_rel': 0.11669226753009222, 'dropout': 0.624289658835002, 'n_hidden': 64, 'n_layer': 2, 'lr': 0.05, 'weight_decay': 0.001}
    [Retest] roman-empire | Config 3 | Run 1/10 | seed=3000 | Acc: 0.3490 | Mean: 0.3490 | Time: 346.8s
    [Retest] roman-empire | Config 3 | Run 2/10 | seed=3001 | Acc: 0.3288 | Mean: 0.3389 | Time: 355.1s
    [Retest] roman-empire | Config 3 | Run 3/10 | seed=3002 | Acc: 0.3393 | Mean: 0.3391 | Time: 393.2s
    [Retest] roman-empire | Config 3 | Run 4/10 | seed=3003 | Acc: 0.3200 | Mean: 0.3343 | Time: 396.0s
    [Retest] roman-empire | Config 3 | Run 5/10 | seed=3004 | Acc: 0.3426 | Mean: 0.3359 | Time: 334.6s
    [Retest] roman-empire | Config 3 | Run 6/10 | seed=3005 | Acc: 0.3151 | Mean: 0.3325 | Time: 348.2s
    [Retest] roman-empire | Config 3 | Run 7/10 | seed=3006 | Acc: 0.3479 | Mean: 0.3347 | Time: 359.0s
    [Retest] roman-empire | Config 3 | Run 8/10 | seed=3007 | Acc: 0.3491 | Mean: 0.3365 | Time: 388.0s
    [Retest] roman-empire | Config 3 | Run 9/10 | seed=3008 | Acc: 0.3306 | Mean: 0.3358 | Time: 355.7s
    [Retest] roman-empire | Config 3 | Run 10/10 | seed=3009 | Acc: 0.3390 | Mean: 0.3361 | Time: 321.4s
  [Retest] Config 3: mean=0.3361 ± 0.0115

  [Retest] (roman-empire_random_0.4) Config 4/5: (Trial #86, Orig Acc: 0.3526)
           Params: {'knn_mode': 'd', 'k': 14, 'dexp': 3.1004958490620207, 'p_grd': 0.3702765010433556, 'unc_rem': 0.2877739053586702, 'unc_rel': 0.061678076830811765, 'dropout': 0.7994836064277941, 'n_hidden': 32, 'n_layer': 2, 'lr': 0.05, 'weight_decay': 0.001}
    [Retest] roman-empire | Config 4 | Run 1/10 | seed=3000 | Acc: 0.3550 | Mean: 0.3550 | Time: 453.5s
    [Retest] roman-empire | Config 4 | Run 2/10 | seed=3001 | Acc: 0.3415 | Mean: 0.3483 | Time: 436.2s
    [Retest] roman-empire | Config 4 | Run 3/10 | seed=3002 | Acc: 0.3404 | Mean: 0.3456 | Time: 378.7s
    [Retest] roman-empire | Config 4 | Run 4/10 | seed=3003 | Acc: 0.3336 | Mean: 0.3426 | Time: 399.0s
    [Retest] roman-empire | Config 4 | Run 5/10 | seed=3004 | Acc: 0.3253 | Mean: 0.3392 | Time: 360.2s
    [Retest] roman-empire | Config 4 | Run 6/10 | seed=3005 | Acc: 0.3314 | Mean: 0.3379 | Time: 477.5s
    [Retest] roman-empire | Config 4 | Run 7/10 | seed=3006 | Acc: 0.3357 | Mean: 0.3376 | Time: 398.4s
    [Retest] roman-empire | Config 4 | Run 8/10 | seed=3007 | Acc: 0.3293 | Mean: 0.3365 | Time: 388.5s
    [Retest] roman-empire | Config 4 | Run 9/10 | seed=3008 | Acc: 0.3276 | Mean: 0.3355 | Time: 426.9s
    [Retest] roman-empire | Config 4 | Run 10/10 | seed=3009 | Acc: 0.3279 | Mean: 0.3348 | Time: 369.7s
  [Retest] Config 4: mean=0.3348 ± 0.0085

  [Retest] (roman-empire_random_0.4) Config 5/5: (Trial #94, Orig Acc: 0.3525)
           Params: {'knn_mode': 'p', 'k': 15, 'dexp': 2.126941815299734, 'p_grd': 0.35924612721305377, 'unc_rem': 0.1401288133220346, 'unc_rel': 0.07302334984695193, 'dropout': 0.5483002729800398, 'n_hidden': 16, 'n_layer': 2, 'lr': 0.1, 'weight_decay': 0.001}
    [Retest] roman-empire | Config 5 | Run 1/10 | seed=3000 | Acc: 0.3525 | Mean: 0.3525 | Time: 391.5s
    [Retest] roman-empire | Config 5 | Run 2/10 | seed=3001 | Acc: 0.3292 | Mean: 0.3409 | Time: 808.0s
    [Retest] roman-empire | Config 5 | Run 3/10 | seed=3002 | Acc: 0.3274 | Mean: 0.3364 | Time: 398.9s
    [Retest] roman-empire | Config 5 | Run 4/10 | seed=3003 | Acc: 0.3335 | Mean: 0.3357 | Time: 474.1s
    [Retest] roman-empire | Config 5 | Run 5/10 | seed=3004 | Acc: 0.3227 | Mean: 0.3331 | Time: 526.0s
    [Retest] roman-empire | Config 5 | Run 6/10 | seed=3005 | Acc: 0.3127 | Mean: 0.3297 | Time: 451.7s
    [Retest] roman-empire | Config 5 | Run 7/10 | seed=3006 | Acc: 0.3245 | Mean: 0.3289 | Time: 373.1s
    [Retest] roman-empire | Config 5 | Run 8/10 | seed=3007 | Acc: 0.3395 | Mean: 0.3303 | Time: 380.1s
    [Retest] roman-empire | Config 5 | Run 9/10 | seed=3008 | Acc: 0.3290 | Mean: 0.3301 | Time: 421.9s
    [Retest] roman-empire | Config 5 | Run 10/10 | seed=3009 | Acc: 0.3403 | Mean: 0.3311 | Time: 369.8s
  [Retest] Config 5: mean=0.3311 ± 0.0105

[Optuna] Success: Best config saved to log/hpo_db.json:
         {'knn_mode': 'd', 'k': 18, 'dexp': 2.581267944614253, 'p_grd': 0.40314116785811677, 'unc_rem': 0.10122865898769953, 'unc_rel': 0.6129802697586779, 'dropout': 0.5172179808396661, 'n_hidden': 128, 'n_layer': 2, 'lr': 0.1, 'weight_decay': 0.001}
[Optuna] Success: Best retest mean accuracy: 0.3365
[Optuna] Success: Done marker: ./log/nni_done\lnpcc_roman-empire_random_0.4.done
  [HPO] Done marker saved: ./log/nni_done\lnpcc_roman-empire_random_0.4.done
[total_exp] --hpo_only: skipping benchmark runs.
[worker] OK DONE  hpo_roman-empire_random_0.4  gpu=0  1548.8 min  rc=0
