[worker] START  lnpcc_citeseer_pair_0.1  gpu=0
======================================================================
GCN + LN-PCC -- NoisyGL Benchmark (Unified)
Start          : 2026-04-21 16:05:06
Variants       : ['lnpcc']
Datasets       : ['citeseer']
Noise          : [[0.1, 'pair']]
Runs           : 10  (seeds 3000..3009)
Device         : cuda:0
======================================================================
[HPO] Loaded 160 optimized scenarios from log/hpo_db.json
----Data statistics------'
                Name: citeseer
                #Nodes 3327
                #Edges 4552
                #Classes 6
                #Ave_degree 2.74
----Split statistics------'
                #Train samples 120 (default)
                #Val samples 500 (default)
                #Test samples 1000 (default)

============================================================
  lnpcc | citeseer | pair 0.1
============================================================
  [HPO] Applying optimized params for citeseer_pair_0.1
    [16:05:28] citeseer | pair 0.1 | lnpcc | run  1/10 | seed=3000 | acc=0.7010 | mean=0.7010 | time=19.98s
  [HPO] Applying optimized params for citeseer_pair_0.1
    [16:06:05] citeseer | pair 0.1 | lnpcc | run  2/10 | seed=3001 | acc=0.7040 | mean=0.7025 | time=35.06s
  [HPO] Applying optimized params for citeseer_pair_0.1
    [16:06:33] citeseer | pair 0.1 | lnpcc | run  3/10 | seed=3002 | acc=0.7090 | mean=0.7047 | time=24.51s
  [HPO] Applying optimized params for citeseer_pair_0.1
    [16:07:21] citeseer | pair 0.1 | lnpcc | run  4/10 | seed=3003 | acc=0.7110 | mean=0.7062 | time=44.45s
  [HPO] Applying optimized params for citeseer_pair_0.1
    [16:07:52] citeseer | pair 0.1 | lnpcc | run  5/10 | seed=3004 | acc=0.7120 | mean=0.7074 | time=26.54s
  [HPO] Applying optimized params for citeseer_pair_0.1
    [16:08:20] citeseer | pair 0.1 | lnpcc | run  6/10 | seed=3005 | acc=0.6440 | mean=0.6968 | time=25.83s
  [HPO] Applying optimized params for citeseer_pair_0.1
    [16:08:44] citeseer | pair 0.1 | lnpcc | run  7/10 | seed=3006 | acc=0.7220 | mean=0.7004 | time=23.03s
  [HPO] Applying optimized params for citeseer_pair_0.1
    [16:09:17] citeseer | pair 0.1 | lnpcc | run  8/10 | seed=3007 | acc=0.6790 | mean=0.6977 | time=30.32s
  [HPO] Applying optimized params for citeseer_pair_0.1
    [16:09:40] citeseer | pair 0.1 | lnpcc | run  9/10 | seed=3008 | acc=0.6910 | mean=0.6970 | time=22.61s
  [HPO] Applying optimized params for citeseer_pair_0.1
    [16:10:04] citeseer | pair 0.1 | lnpcc | run 10/10 | seed=3009 | acc=0.6920 | mean=0.6965 | time=22.23s
  -> mean=0.6965 +/- 0.0211

[OK] Partial CSV: ./log\partial\partial_lnpcc_citeseer_pair_0.1.csv
End: 2026-04-21 16:10:04

[worker] OK DONE  lnpcc_citeseer_pair_0.1  gpu=0  5.2 min  rc=0
