[worker] START  lnpcc_citeseer_clean  gpu=0
======================================================================
GCN + LN-PCC -- NoisyGL Benchmark (Unified)
Start          : 2026-04-21 16:02:04
Variants       : ['lnpcc']
Datasets       : ['citeseer']
Noise          : [[0.0, 'clean']]
Runs           : 10  (seeds 3000..3009)
Device         : cuda:0
======================================================================
[HPO] Loaded 160 optimized scenarios from log/hpo_db.json
----Data statistics------'
                Name: citeseer
                #Nodes 3327
                #Edges 4552
                #Classes 6
                #Ave_degree 2.74
----Split statistics------'
                #Train samples 120 (default)
                #Val samples 500 (default)
                #Test samples 1000 (default)

============================================================
  lnpcc | citeseer | clean 0.0
============================================================
  [HPO] Applying optimized params for citeseer_clean_0.0
    [16:02:35] citeseer | clean 0.0 | lnpcc | run  1/10 | seed=3000 | acc=0.7210 | mean=0.7210 | time=27.40s
  [HPO] Applying optimized params for citeseer_clean_0.0
    [16:03:07] citeseer | clean 0.0 | lnpcc | run  2/10 | seed=3001 | acc=0.7450 | mean=0.7330 | time=29.58s
  [HPO] Applying optimized params for citeseer_clean_0.0
    [16:03:28] citeseer | clean 0.0 | lnpcc | run  3/10 | seed=3002 | acc=0.7320 | mean=0.7327 | time=19.97s
  [HPO] Applying optimized params for citeseer_clean_0.0
    [16:03:51] citeseer | clean 0.0 | lnpcc | run  4/10 | seed=3003 | acc=0.7280 | mean=0.7315 | time=21.35s
  [HPO] Applying optimized params for citeseer_clean_0.0
    [16:04:07] citeseer | clean 0.0 | lnpcc | run  5/10 | seed=3004 | acc=0.7270 | mean=0.7306 | time=13.92s
  [HPO] Applying optimized params for citeseer_clean_0.0
    [16:04:28] citeseer | clean 0.0 | lnpcc | run  6/10 | seed=3005 | acc=0.7250 | mean=0.7297 | time=18.25s
  [HPO] Applying optimized params for citeseer_clean_0.0
    [16:04:50] citeseer | clean 0.0 | lnpcc | run  7/10 | seed=3006 | acc=0.7120 | mean=0.7271 | time=20.29s
  [HPO] Applying optimized params for citeseer_clean_0.0
    [16:05:09] citeseer | clean 0.0 | lnpcc | run  8/10 | seed=3007 | acc=0.7180 | mean=0.7260 | time=18.33s
  [HPO] Applying optimized params for citeseer_clean_0.0
    [16:05:31] citeseer | clean 0.0 | lnpcc | run  9/10 | seed=3008 | acc=0.7160 | mean=0.7249 | time=21.70s
  [HPO] Applying optimized params for citeseer_clean_0.0
    [16:05:58] citeseer | clean 0.0 | lnpcc | run 10/10 | seed=3009 | acc=0.7290 | mean=0.7253 | time=24.81s
  -> mean=0.7253 +/- 0.0089

[OK] Partial CSV: ./log\partial\partial_lnpcc_citeseer_clean.csv
End: 2026-04-21 16:05:58

[worker] OK DONE  lnpcc_citeseer_clean  gpu=0  4.1 min  rc=0
