[worker] START  lnpcc_roman-empire_uniform_0.3  gpu=1
======================================================================
GCN + LN-PCC -- NoisyGL Benchmark (Unified)
Start          : 2026-04-21 11:37:37
Variants       : ['lnpcc']
Datasets       : ['roman-empire']
Noise          : [[0.3, 'uniform']]
Runs           : 10  (seeds 3000..3009)
Device         : cuda:1
======================================================================
[HPO] Loaded 160 optimized scenarios from log/hpo_db.json
----Data statistics------'
                Name: roman-empire
                #Nodes 22662
                #Edges 32927
                #Classes 18
                #Ave_degree 2.91
----Split statistics------'
                #Train samples 1133 (5.0 % of nodes)
                #Val samples 3399 (15.0 % of nodes)
                #Test samples 18130 (remaining)

============================================================
  lnpcc | roman-empire | uniform 0.3
============================================================
  [HPO] Applying optimized params for roman-empire_uniform_0.3
    [11:42:00] roman-empire | uniform 0.3 | lnpcc | run  1/10 | seed=3000 | acc=0.3682 | mean=0.3682 | time=261.41s
  [HPO] Applying optimized params for roman-empire_uniform_0.3
    [11:45:45] roman-empire | uniform 0.3 | lnpcc | run  2/10 | seed=3001 | acc=0.3600 | mean=0.3641 | time=224.23s
  [HPO] Applying optimized params for roman-empire_uniform_0.3
    [11:49:36] roman-empire | uniform 0.3 | lnpcc | run  3/10 | seed=3002 | acc=0.3624 | mean=0.3636 | time=229.42s
  [HPO] Applying optimized params for roman-empire_uniform_0.3
    [11:53:18] roman-empire | uniform 0.3 | lnpcc | run  4/10 | seed=3003 | acc=0.3661 | mean=0.3642 | time=221.24s
  [HPO] Applying optimized params for roman-empire_uniform_0.3
    [11:57:07] roman-empire | uniform 0.3 | lnpcc | run  5/10 | seed=3004 | acc=0.3688 | mean=0.3651 | time=227.94s
  [HPO] Applying optimized params for roman-empire_uniform_0.3
    [12:01:07] roman-empire | uniform 0.3 | lnpcc | run  6/10 | seed=3005 | acc=0.3625 | mean=0.3647 | time=238.21s
  [HPO] Applying optimized params for roman-empire_uniform_0.3
    [12:05:00] roman-empire | uniform 0.3 | lnpcc | run  7/10 | seed=3006 | acc=0.3728 | mean=0.3658 | time=231.92s
  [HPO] Applying optimized params for roman-empire_uniform_0.3
    [12:08:57] roman-empire | uniform 0.3 | lnpcc | run  8/10 | seed=3007 | acc=0.3753 | mean=0.3670 | time=235.01s
  [HPO] Applying optimized params for roman-empire_uniform_0.3
    [12:12:54] roman-empire | uniform 0.3 | lnpcc | run  9/10 | seed=3008 | acc=0.3615 | mean=0.3664 | time=234.37s
  [HPO] Applying optimized params for roman-empire_uniform_0.3
    [12:16:59] roman-empire | uniform 0.3 | lnpcc | run 10/10 | seed=3009 | acc=0.3681 | mean=0.3666 | time=243.96s
  -> mean=0.3666 +/- 0.0048

[OK] Partial CSV: ./log\partial\partial_lnpcc_roman-empire_uniform_0.3.csv
End: 2026-04-21 12:16:59
[worker] OK DONE  lnpcc_roman-empire_uniform_0.3  gpu=1  39.4 min  rc=0
