[worker] START  lnpcc_flickr_random_0.3  gpu=1
======================================================================
GCN + LN-PCC -- NoisyGL Benchmark (Unified)
Start          : 2026-04-21 15:12:04
Variants       : ['lnpcc']
Datasets       : ['flickr']
Noise          : [[0.3, 'random']]
Runs           : 10  (seeds 3000..3009)
Device         : cuda:1
======================================================================
[HPO] Loaded 160 optimized scenarios from log/hpo_db.json
----Data statistics------'
                Name: flickr
                #Nodes 7575
                #Edges 239738
                #Classes 9
                #Ave_degree 63.30
----Split statistics------'
                #Train samples 378 (5.0 % of nodes)
                #Val samples 1136 (15.0 % of nodes)
                #Test samples 6061 (remaining)

============================================================
  lnpcc | flickr | random 0.3
============================================================
  [HPO] Applying optimized params for flickr_random_0.3
    [15:16:49] flickr | random 0.3 | lnpcc | run  1/10 | seed=3000 | acc=0.5194 | mean=0.5194 | time=276.33s
  [HPO] Applying optimized params for flickr_random_0.3
    [15:20:57] flickr | random 0.3 | lnpcc | run  2/10 | seed=3001 | acc=0.4753 | mean=0.4974 | time=246.10s
  [HPO] Applying optimized params for flickr_random_0.3
    [15:25:07] flickr | random 0.3 | lnpcc | run  3/10 | seed=3002 | acc=0.5191 | mean=0.5046 | time=242.32s
  [HPO] Applying optimized params for flickr_random_0.3
    [15:29:13] flickr | random 0.3 | lnpcc | run  4/10 | seed=3003 | acc=0.5176 | mean=0.5078 | time=241.82s
  [HPO] Applying optimized params for flickr_random_0.3
    [15:34:05] flickr | random 0.3 | lnpcc | run  5/10 | seed=3004 | acc=0.5238 | mean=0.5110 | time=282.14s
  [HPO] Applying optimized params for flickr_random_0.3
    [15:38:29] flickr | random 0.3 | lnpcc | run  6/10 | seed=3005 | acc=0.4983 | mean=0.5089 | time=258.60s
  [HPO] Applying optimized params for flickr_random_0.3
    [15:41:41] flickr | random 0.3 | lnpcc | run  7/10 | seed=3006 | acc=0.5304 | mean=0.5120 | time=182.59s
  [HPO] Applying optimized params for flickr_random_0.3
    [15:45:24] flickr | random 0.3 | lnpcc | run  8/10 | seed=3007 | acc=0.5290 | mean=0.5141 | time=214.25s
  [HPO] Applying optimized params for flickr_random_0.3
    [15:48:53] flickr | random 0.3 | lnpcc | run  9/10 | seed=3008 | acc=0.5301 | mean=0.5159 | time=202.33s
  [HPO] Applying optimized params for flickr_random_0.3
    [15:52:13] flickr | random 0.3 | lnpcc | run 10/10 | seed=3009 | acc=0.4948 | mean=0.5138 | time=195.45s
  -> mean=0.5138 +/- 0.0174

[OK] Partial CSV: ./log\partial\partial_lnpcc_flickr_random_0.3.csv
End: 2026-04-21 15:52:13

[worker] OK DONE  lnpcc_flickr_random_0.3  gpu=1  40.5 min  rc=0
