[worker] START  hpo_amazonpho_random_0.4  gpu=0
======================================================================
GCN + LN-PCC -- NoisyGL Benchmark (Unified)
Start          : 2026-04-19 08:43:28
Variants       : ['lnpcc']
Datasets       : ['amazonpho']
Noise          : [[0.4, 'random']]
Runs           : 10  (seeds 3000..3009)
Device         : cuda:0
======================================================================

[HPO] Optimizing lnpcc on amazonpho_random_0.4 (max_trials=200, max_k_same=60)

[Optuna] Scenario: amazonpho_random_0.4  (max_trials=200, startup=20)
  [Trial   1] amazonpho_random_0.4 | acc=0.3360  (84.9s)  knn=d  k= 14  dexp=7.40  p_grd=0.421  unc_rem=0.161  unc_rel=0.537  drop=0.52  h=128  L=3  lr=0.1  wd=0.05
  [Trial   2] amazonpho_random_0.4 | acc=0.2150  (36.0s)  knn=d  k= 17  dexp=0.88  p_grd=0.193  unc_rem=0.850  unc_rel=0.092  drop=0.89  h=128  L=3  lr=1e-05  wd=0.1
  [Trial   3] amazonpho_random_0.4 | acc=0.1720  (123.7s)  knn=s  k= 60  dexp=4.63  p_grd=0.375  unc_rem=0.959  unc_rel=0.839  drop=0.11  h=16  L=4  lr=1e-05  wd=0.1
  [Trial   4] amazonpho_random_0.4 | acc=0.8160  (179.1s)  knn=s  k= 20  dexp=3.86  p_grd=0.215  unc_rem=0.881  unc_rel=0.612  drop=0.58  h=32  L=3  lr=0.005  wd=0.001
  [Trial   5] amazonpho_random_0.4 | acc=0.8570  (161.2s)  knn=u  k=-    dexp=8.18  p_grd=0.344  unc_rem=0.346  unc_rel=0.828  drop=0.50  h=64  L=4  lr=0.001  wd=0.001
  [Trial   6] amazonpho_random_0.4 | acc=0.8100  (206.0s)  knn=s  k= 60  dexp=9.63  p_grd=0.431  unc_rem=0.779  unc_rel=0.683  drop=0.44  h=32  L=1  lr=0.1  wd=0.01
  [Trial   7] amazonpho_random_0.4 | acc=0.6200  (113.1s)  knn=d  k= 22  dexp=8.98  p_grd=0.186  unc_rem=0.562  unc_rel=0.930  drop=0.36  h=32  L=3  lr=0.0001  wd=0.005
  [Trial   8] amazonpho_random_0.4 | acc=0.2360  (68.0s)  knn=d  k= 15  dexp=2.27  p_grd=0.167  unc_rem=0.876  unc_rel=0.021  drop=0.20  h=128  L=3  lr=0.1  wd=0.005
  [Trial   9] amazonpho_random_0.4 | acc=0.8480  (41.0s)  knn=p  k= 21  dexp=7.05  p_grd=0.405  unc_rem=0.819  unc_rel=0.209  drop=0.56  h=32  L=2  lr=0.01  wd=1e-05
  [Trial  10] amazonpho_random_0.4 | acc=0.3410  (36.0s)  knn=d  k= 23  dexp=5.37  p_grd=0.494  unc_rem=0.196  unc_rel=0.286  drop=0.68  h=64  L=3  lr=0.05  wd=0.005
  [Trial  11] amazonpho_random_0.4 | acc=0.1270  (42.5s)  knn=s  k= 10  dexp=6.60  p_grd=0.444  unc_rem=0.958  unc_rel=0.876  drop=0.66  h=16  L=4  lr=0.05  wd=1e-05
  [Trial  12] amazonpho_random_0.4 | acc=0.5920  (179.6s)  knn=u  k=-    dexp=8.76  p_grd=0.091  unc_rem=0.305  unc_rel=0.438  drop=0.14  h=64  L=3  lr=0.001  wd=0.0001
  [Trial  13] amazonpho_random_0.4 | acc=0.2530  (32.9s)  knn=p  k=  9  dexp=7.90  p_grd=0.228  unc_rem=0.196  unc_rel=0.065  drop=0.88  h=16  L=4  lr=0.1  wd=0.005
  [Trial  14] amazonpho_random_0.4 | acc=0.8260  (61.5s)  knn=s  k= 20  dexp=4.82  p_grd=0.311  unc_rem=0.084  unc_rel=0.251  drop=0.17  h=32  L=2  lr=0.0005  wd=0.005
  [Trial  15] amazonpho_random_0.4 | acc=0.5550  (48.5s)  knn=d  k=  5  dexp=1.73  p_grd=0.294  unc_rem=0.145  unc_rel=0.870  drop=0.67  h=32  L=1  lr=0.0001  wd=0.001
  [Trial  16] amazonpho_random_0.4 | acc=0.2700  (63.7s)  knn=p  k= 15  dexp=1.15  p_grd=0.289  unc_rem=0.335  unc_rel=0.495  drop=0.39  h=64  L=4  lr=1e-05  wd=0.0005
  [Trial  17] amazonpho_random_0.4 | acc=0.8190  (38.6s)  knn=p  k= 10  dexp=8.27  p_grd=0.189  unc_rem=0.042  unc_rel=0.304  drop=0.53  h=32  L=4  lr=0.005  wd=0.005
  [Trial  18] amazonpho_random_0.4 | acc=0.8390  (35.0s)  knn=d  k=  3  dexp=2.21  p_grd=0.206  unc_rem=0.616  unc_rel=0.167  drop=0.40  h=64  L=3  lr=0.005  wd=0.01
  [Trial  19] amazonpho_random_0.4 | acc=0.7690  (73.8s)  knn=p  k= 13  dexp=3.83  p_grd=0.476  unc_rem=0.774  unc_rel=0.043  drop=0.57  h=128  L=1  lr=0.001  wd=5e-05
  [Trial  20] amazonpho_random_0.4 | acc=0.5870  (71.3s)  knn=u  k=-    dexp=6.93  p_grd=0.170  unc_rem=0.841  unc_rel=0.089  drop=0.61  h=16  L=2  lr=0.01  wd=5e-05
  [Trial  21] amazonpho_random_0.4 | acc=0.8010  (145.4s)  knn=p  k= 24  dexp=8.52  p_grd=0.331  unc_rem=0.989  unc_rel=0.305  drop=0.67  h=32  L=2  lr=0.01  wd=1e-05
  [Trial  22] amazonpho_random_0.4 | acc=0.7510  (401.0s)  knn=u  k=-    dexp=8.23  p_grd=0.494  unc_rem=0.561  unc_rel=0.776  drop=0.59  h=64  L=4  lr=0.001  wd=0.05
  [Trial  23] amazonpho_random_0.4 | acc=0.8220  (37.3s)  knn=d  k=  1  dexp=3.19  p_grd=0.258  unc_rem=0.795  unc_rel=0.148  drop=0.46  h=64  L=1  lr=0.005  wd=0.0001
  [Trial  24] amazonpho_random_0.4 | acc=0.8160  (41.6s)  knn=u  k=-    dexp=8.78  p_grd=0.343  unc_rem=0.464  unc_rel=0.876  drop=0.36  h=128  L=4  lr=0.01  wd=0.001
  [Trial  25] amazonpho_random_0.4 | acc=0.3930  (82.3s)  knn=d  k=  1  dexp=2.75  p_grd=0.243  unc_rem=0.670  unc_rel=0.031  drop=0.34  h=16  L=3  lr=0.0001  wd=0.01
  [Trial  26] amazonpho_random_0.4 | acc=0.7930  (62.8s)  knn=p  k=  5  dexp=6.30  p_grd=0.397  unc_rem=0.447  unc_rel=0.150  drop=0.57  h=32  L=2  lr=0.01  wd=0.0001
  [Trial  27] amazonpho_random_0.4 | acc=0.7860  (225.8s)  knn=d  k=  5  dexp=4.55  p_grd=0.285  unc_rem=0.363  unc_rel=0.878  drop=0.48  h=64  L=4  lr=0.001  wd=0.001
  [Trial  28] amazonpho_random_0.4 | acc=0.3260  (47.0s)  knn=p  k=  1  dexp=8.50  p_grd=0.315  unc_rem=0.270  unc_rel=0.944  drop=0.22  h=64  L=4  lr=0.05  wd=0.005
  [Trial  29] amazonpho_random_0.4 | acc=0.7290  (40.9s)  knn=p  k= 24  dexp=3.25  p_grd=0.125  unc_rem=0.529  unc_rel=0.160  drop=0.42  h=64  L=3  lr=0.005  wd=5e-05
  [Trial  30] amazonpho_random_0.4 | acc=0.8290  (76.6s)  knn=p  k=  6  dexp=3.37  p_grd=0.408  unc_rem=0.933  unc_rel=0.359  drop=0.54  h=64  L=3  lr=0.01  wd=1e-05
  [Trial  31] amazonpho_random_0.4 | acc=0.4050  (105.3s)  knn=p  k= 18  dexp=6.61  p_grd=0.461  unc_rem=0.790  unc_rel=0.159  drop=0.51  h=64  L=2  lr=1e-05  wd=0.0005
  [Trial  32] amazonpho_random_0.4 | acc=0.8160  (49.6s)  knn=p  k=  4  dexp=3.34  p_grd=0.348  unc_rem=0.757  unc_rel=0.207  drop=0.44  h=64  L=3  lr=0.01  wd=1e-05
  [Trial  33] amazonpho_random_0.4 | acc=0.7730  (116.0s)  knn=u  k=-    dexp=8.50  p_grd=0.379  unc_rem=0.135  unc_rel=0.922  drop=0.67  h=64  L=1  lr=0.001  wd=0.001
  [Trial  34] amazonpho_random_0.4 | acc=0.8130  (83.5s)  knn=p  k=  7  dexp=4.79  p_grd=0.491  unc_rem=0.960  unc_rel=0.658  drop=0.53  h=128  L=3  lr=0.01  wd=5e-05
  [Trial  35] amazonpho_random_0.4 | acc=0.7390  (72.6s)  knn=d  k=  7  dexp=1.25  p_grd=0.202  unc_rem=0.368  unc_rel=0.118  drop=0.26  h=64  L=4  lr=0.005  wd=0.01
  [Trial  36] amazonpho_random_0.4 | acc=0.5830  (98.7s)  knn=d  k=  6  dexp=0.49  p_grd=0.134  unc_rem=0.944  unc_rel=0.142  drop=0.34  h=64  L=3  lr=0.005  wd=0.01
  [Trial  37] amazonpho_random_0.4 | acc=0.2390  (38.8s)  knn=u  k=-    dexp=8.90  p_grd=0.320  unc_rem=0.107  unc_rel=0.838  drop=0.62  h=64  L=4  lr=0.1  wd=5e-05
  [Trial  38] amazonpho_random_0.4 | acc=0.6870  (138.8s)  knn=d  k=  1  dexp=6.50  p_grd=0.474  unc_rem=0.950  unc_rel=0.042  drop=0.60  h=32  L=2  lr=0.0001  wd=0.001
  [Trial  39] amazonpho_random_0.4 | acc=0.8150  (47.8s)  knn=u  k=-    dexp=7.23  p_grd=0.355  unc_rem=0.444  unc_rel=0.481  drop=0.43  h=16  L=2  lr=0.001  wd=0.001
  [Trial  40] amazonpho_random_0.4 | acc=0.8070  (45.6s)  knn=s  k= 40  dexp=1.68  p_grd=0.407  unc_rem=0.947  unc_rel=0.544  drop=0.61  h=64  L=1  lr=0.01  wd=0.01
  [Trial  41] amazonpho_random_0.4 | acc=0.8140  (25.9s)  knn=p  k= 11  dexp=3.68  p_grd=0.417  unc_rem=0.831  unc_rel=0.402  drop=0.38  h=32  L=4  lr=0.001  wd=1e-05
  [Trial  42] amazonpho_random_0.4 | acc=0.7960  (188.1s)  knn=s  k= 30  dexp=3.97  p_grd=0.285  unc_rem=0.173  unc_rel=0.436  drop=0.24  h=128  L=2  lr=0.0005  wd=0.005
  [Trial  43] amazonpho_random_0.4 | acc=0.8140  (28.5s)  knn=p  k= 19  dexp=6.19  p_grd=0.226  unc_rem=0.026  unc_rel=0.202  drop=0.22  h=32  L=2  lr=0.0005  wd=0.005
  [Trial  44] amazonpho_random_0.4 | acc=0.6320  (37.5s)  knn=s  k= 20  dexp=5.65  p_grd=0.374  unc_rem=0.120  unc_rel=0.051  drop=0.35  h=32  L=3  lr=0.0001  wd=0.005
  [Trial  45] amazonpho_random_0.4 | acc=0.8430  (92.4s)  knn=s  k= 45  dexp=8.04  p_grd=0.354  unc_rem=0.246  unc_rel=0.693  drop=0.36  h=64  L=4  lr=0.001  wd=0.01
  [Trial  46] amazonpho_random_0.4 | acc=0.8390  (52.8s)  knn=s  k= 50  dexp=8.80  p_grd=0.393  unc_rem=0.146  unc_rel=0.751  drop=0.27  h=64  L=4  lr=0.001  wd=0.01
  [Trial  47] amazonpho_random_0.4 | acc=0.8430  (88.8s)  knn=s  k= 25  dexp=9.54  p_grd=0.438  unc_rem=0.191  unc_rel=0.893  drop=0.34  h=64  L=4  lr=0.001  wd=0.01
  [Trial  48] amazonpho_random_0.4 | acc=0.8080  (77.5s)  knn=u  k=-    dexp=5.73  p_grd=0.265  unc_rem=0.258  unc_rel=0.814  drop=0.52  h=32  L=4  lr=0.001  wd=1e-05
  [Trial  49] amazonpho_random_0.4 | acc=0.8250  (147.4s)  knn=d  k= 24  dexp=2.60  p_grd=0.315  unc_rem=0.346  unc_rel=0.388  drop=0.67  h=64  L=3  lr=0.005  wd=0.01
  [Trial  50] amazonpho_random_0.4 | acc=0.8260  (58.4s)  knn=p  k= 24  dexp=6.56  p_grd=0.450  unc_rem=0.687  unc_rel=0.136  drop=0.33  h=128  L=2  lr=0.01  wd=1e-05
  [Trial  51] amazonpho_random_0.4 | acc=0.2880  (69.3s)  knn=d  k= 24  dexp=7.58  p_grd=0.348  unc_rem=0.398  unc_rel=0.770  drop=0.48  h=64  L=3  lr=1e-05  wd=0.01
  [Trial  52] amazonpho_random_0.4 | acc=0.8400  (42.1s)  knn=s  k= 25  dexp=8.30  p_grd=0.451  unc_rem=0.055  unc_rel=0.825  drop=0.25  h=64  L=4  lr=0.001  wd=0.01
  [Trial  53] amazonpho_random_0.4 | acc=0.7890  (31.5s)  knn=s  k= 40  dexp=5.47  p_grd=0.436  unc_rem=0.057  unc_rel=0.691  drop=0.39  h=32  L=1  lr=0.005  wd=0.01
  [Trial  54] amazonpho_random_0.4 | acc=0.7740  (28.0s)  knn=p  k= 24  dexp=6.99  p_grd=0.480  unc_rem=0.025  unc_rel=0.947  drop=0.18  h=64  L=3  lr=0.001  wd=0.001
  [Trial  55] amazonpho_random_0.4 | acc=0.3890  (32.9s)  knn=s  k= 50  dexp=6.02  p_grd=0.491  unc_rem=0.147  unc_rel=0.778  drop=0.30  h=128  L=4  lr=1e-05  wd=0.001
  [Trial  56] amazonpho_random_0.4 | acc=0.8280  (90.6s)  knn=s  k= 35  dexp=6.69  p_grd=0.355  unc_rem=0.297  unc_rel=0.951  drop=0.38  h=64  L=4  lr=0.0001  wd=0.0001
  [Trial  57] amazonpho_random_0.4 | acc=0.2200  (52.5s)  knn=s  k= 35  dexp=8.92  p_grd=0.497  unc_rem=0.253  unc_rel=0.592  drop=0.15  h=16  L=4  lr=0.0001  wd=0.05
  [Trial  58] amazonpho_random_0.4 | acc=0.8060  (217.1s)  knn=u  k=-    dexp=7.37  p_grd=0.308  unc_rem=0.710  unc_rel=0.851  drop=0.38  h=64  L=3  lr=0.005  wd=0.001
  [Trial  59] amazonpho_random_0.4 | acc=0.7210  (186.2s)  knn=s  k= 60  dexp=9.64  p_grd=0.443  unc_rem=0.207  unc_rel=0.911  drop=0.34  h=64  L=2  lr=0.001  wd=0.1
  [Trial  60] amazonpho_random_0.4 | acc=0.3750  (151.6s)  knn=u  k=-    dexp=7.83  p_grd=0.412  unc_rem=0.039  unc_rel=0.770  drop=0.17  h=64  L=2  lr=1e-05  wd=0.0005
  [Trial  61] amazonpho_random_0.4 | acc=0.2670  (110.1s)  knn=u  k=-    dexp=8.78  p_grd=0.322  unc_rem=0.328  unc_rel=0.662  drop=0.60  h=64  L=4  lr=1e-05  wd=0.001
  [Trial  62] amazonpho_random_0.4 | acc=0.8360  (46.3s)  knn=s  k= 50  dexp=8.74  p_grd=0.490  unc_rem=0.030  unc_rel=0.714  drop=0.18  h=64  L=4  lr=0.001  wd=0.01
  [Trial  63] amazonpho_random_0.4 | acc=0.8460  (39.1s)  knn=s  k= 50  dexp=8.88  p_grd=0.326  unc_rem=0.302  unc_rel=0.890  drop=0.56  h=64  L=4  lr=0.001  wd=0.01
  [Trial  64] amazonpho_random_0.4 | acc=0.4050  (173.6s)  knn=s  k= 45  dexp=9.21  p_grd=0.210  unc_rem=0.333  unc_rel=0.366  drop=0.51  h=64  L=4  lr=0.001  wd=0.1
  [Trial  65] amazonpho_random_0.4 | acc=0.7710  (110.3s)  knn=p  k= 24  dexp=8.13  p_grd=0.155  unc_rem=0.138  unc_rel=0.906  drop=0.69  h=64  L=4  lr=0.001  wd=0.01
  [Trial  66] amazonpho_random_0.4 | acc=0.2490  (80.3s)  knn=s  k= 50  dexp=8.45  p_grd=0.444  unc_rem=0.295  unc_rel=0.930  drop=0.81  h=64  L=4  lr=1e-05  wd=0.01
  [Trial  67] amazonpho_random_0.4 | acc=0.8220  (188.1s)  knn=u  k=-    dexp=9.92  p_grd=0.403  unc_rem=0.079  unc_rel=0.858  drop=0.63  h=128  L=4  lr=0.001  wd=0.01
  [Trial  68] amazonpho_random_0.4 | acc=0.6210  (68.4s)  knn=s  k= 45  dexp=7.21  p_grd=0.212  unc_rem=0.206  unc_rel=0.893  drop=0.54  h=16  L=4  lr=0.0005  wd=0.01
  [Trial  69] amazonpho_random_0.4 | acc=0.7980  (142.1s)  knn=d  k= 24  dexp=5.19  p_grd=0.211  unc_rem=0.723  unc_rel=0.066  drop=0.34  h=64  L=3  lr=0.0005  wd=0.001
  [Trial  70] amazonpho_random_0.4 | acc=0.8090  (68.3s)  knn=s  k= 35  dexp=7.86  p_grd=0.411  unc_rem=0.179  unc_rel=0.948  drop=0.38  h=32  L=4  lr=0.001  wd=0.001
  [Trial  71] amazonpho_random_0.4 | acc=0.2630  (49.8s)  knn=s  k= 55  dexp=6.75  p_grd=0.352  unc_rem=0.074  unc_rel=0.770  drop=0.44  h=128  L=3  lr=0.05  wd=0.01
  [Trial  72] amazonpho_random_0.4 | acc=0.6840  (120.2s)  knn=d  k= 24  dexp=9.72  p_grd=0.240  unc_rem=0.077  unc_rel=0.982  drop=0.20  h=64  L=4  lr=0.001  wd=0.05
  [Trial  73] amazonpho_random_0.4 | acc=0.8360  (156.1s)  knn=s  k= 50  dexp=9.04  p_grd=0.350  unc_rem=0.322  unc_rel=0.978  drop=0.50  h=64  L=4  lr=0.001  wd=0.01
  [Trial  74] amazonpho_random_0.4 | acc=0.8470  (52.7s)  knn=u  k=-    dexp=9.24  p_grd=0.467  unc_rem=0.275  unc_rel=0.712  drop=0.32  h=64  L=4  lr=0.001  wd=0.001
  [Trial  75] amazonpho_random_0.4 | acc=0.8470  (92.3s)  knn=u  k=-    dexp=7.46  p_grd=0.483  unc_rem=0.359  unc_rel=0.655  drop=0.20  h=64  L=4  lr=0.001  wd=0.001
  [Trial  76] amazonpho_random_0.4 | acc=0.8010  (46.6s)  knn=u  k=-    dexp=9.21  p_grd=0.400  unc_rem=0.062  unc_rel=0.510  drop=0.14  h=32  L=4  lr=0.005  wd=0.001
  [Trial  77] amazonpho_random_0.4 | acc=0.8350  (66.8s)  knn=u  k=-    dexp=5.27  p_grd=0.302  unc_rem=0.304  unc_rel=0.383  drop=0.17  h=64  L=4  lr=0.001  wd=0.001
  [Trial  78] amazonpho_random_0.4 | acc=0.8260  (34.1s)  knn=u  k=-    dexp=9.54  p_grd=0.468  unc_rem=0.501  unc_rel=0.488  drop=0.20  h=64  L=4  lr=0.001  wd=1e-05
  [Trial  79] amazonpho_random_0.4 | acc=0.8170  (80.4s)  knn=p  k= 20  dexp=7.61  p_grd=0.384  unc_rem=0.796  unc_rel=0.188  drop=0.52  h=32  L=2  lr=0.0005  wd=0.005
  [Trial  80] amazonpho_random_0.4 | acc=0.8450  (114.9s)  knn=u  k=-    dexp=7.36  p_grd=0.440  unc_rem=0.237  unc_rel=0.673  drop=0.14  h=64  L=4  lr=0.0005  wd=0.001
  [Trial  81] amazonpho_random_0.4 | acc=0.8350  (66.1s)  knn=u  k=-    dexp=6.55  p_grd=0.464  unc_rem=0.165  unc_rel=0.637  drop=0.20  h=64  L=4  lr=0.0005  wd=0.001
  [Trial  82] amazonpho_random_0.4 | acc=0.8330  (33.9s)  knn=u  k=-    dexp=5.48  p_grd=0.365  unc_rem=0.301  unc_rel=0.891  drop=0.45  h=64  L=4  lr=0.001  wd=0.0005
  [Trial  83] amazonpho_random_0.4 | acc=0.2350  (364.8s)  knn=p  k= 24  dexp=4.10  p_grd=0.486  unc_rem=0.767  unc_rel=0.256  drop=0.77  h=32  L=2  lr=1e-05  wd=1e-05
  [Trial  84] amazonpho_random_0.4 | acc=0.8000  (70.2s)  knn=u  k=-    dexp=9.33  p_grd=0.494  unc_rem=0.323  unc_rel=0.496  drop=0.23  h=64  L=3  lr=0.001  wd=0.001
  [Trial  85] amazonpho_random_0.4 | acc=0.8060  (184.6s)  knn=u  k=-    dexp=7.55  p_grd=0.356  unc_rem=0.202  unc_rel=0.708  drop=0.28  h=128  L=4  lr=0.001  wd=0.005
  [Trial  86] amazonpho_random_0.4 | acc=0.7870  (99.3s)  knn=u  k=-    dexp=4.48  p_grd=0.485  unc_rem=0.556  unc_rel=0.697  drop=0.13  h=128  L=4  lr=0.0001  wd=0.001
  [Trial  87] amazonpho_random_0.4 | acc=0.8150  (103.6s)  knn=d  k= 19  dexp=7.01  p_grd=0.453  unc_rem=0.206  unc_rel=0.914  drop=0.34  h=64  L=4  lr=0.01  wd=5e-05
  [Trial  88] amazonpho_random_0.4 | acc=0.8050  (34.7s)  knn=u  k=-    dexp=9.33  p_grd=0.434  unc_rem=0.399  unc_rel=0.551  drop=0.46  h=32  L=4  lr=0.001  wd=0.001
  [Trial  89] amazonpho_random_0.4 | acc=0.8130  (180.7s)  knn=d  k= 24  dexp=8.60  p_grd=0.449  unc_rem=0.552  unc_rel=0.696  drop=0.30  h=64  L=4  lr=0.001  wd=0.001
  [Trial  90] amazonpho_random_0.4 | acc=0.8090  (34.3s)  knn=u  k=-    dexp=6.44  p_grd=0.392  unc_rem=0.067  unc_rel=0.639  drop=0.28  h=16  L=4  lr=0.01  wd=0.01
  [Trial  91] amazonpho_random_0.4 | acc=0.3460  (75.6s)  knn=s  k= 35  dexp=9.34  p_grd=0.324  unc_rem=0.218  unc_rel=0.888  drop=0.63  h=64  L=2  lr=0.05  wd=0.0005
  [Trial  92] amazonpho_random_0.4 | acc=0.5750  (31.7s)  knn=d  k= 24  dexp=1.21  p_grd=0.121  unc_rem=0.526  unc_rel=0.401  drop=0.42  h=64  L=3  lr=0.005  wd=1e-05
  [Trial  93] amazonpho_random_0.4 | acc=0.8240  (83.3s)  knn=p  k= 24  dexp=8.95  p_grd=0.276  unc_rem=0.408  unc_rel=0.503  drop=0.27  h=64  L=4  lr=0.01  wd=0.01
  [Trial  94] amazonpho_random_0.4 | acc=0.6750  (37.5s)  knn=p  k= 20  dexp=6.18  p_grd=0.372  unc_rem=0.634  unc_rel=0.231  drop=0.49  h=32  L=2  lr=0.0001  wd=1e-05
  [Trial  95] amazonpho_random_0.4 | acc=0.8200  (58.0s)  knn=u  k=-    dexp=7.68  p_grd=0.410  unc_rem=0.229  unc_rel=0.731  drop=0.14  h=16  L=4  lr=0.001  wd=0.001
  [Trial  96] amazonpho_random_0.4 | acc=0.2710  (53.8s)  knn=s  k= 40  dexp=9.17  p_grd=0.411  unc_rem=0.098  unc_rel=0.627  drop=0.42  h=64  L=4  lr=0.1  wd=0.001
  [Trial  97] amazonpho_random_0.4 | acc=0.8130  (35.4s)  knn=u  k=-    dexp=8.71  p_grd=0.449  unc_rem=0.482  unc_rel=0.765  drop=0.20  h=32  L=4  lr=0.0005  wd=0.0005
  [Trial  98] amazonpho_random_0.4 | acc=0.8370  (86.2s)  knn=u  k=-    dexp=8.15  p_grd=0.496  unc_rem=0.114  unc_rel=0.705  drop=0.48  h=64  L=4  lr=0.001  wd=0.0001
  [Trial  99] amazonpho_random_0.4 | acc=0.7750  (65.4s)  knn=d  k= 24  dexp=8.89  p_grd=0.462  unc_rem=0.058  unc_rel=0.964  drop=0.34  h=16  L=4  lr=0.001  wd=0.01
  [Trial 100] amazonpho_random_0.4 | acc=0.7870  (58.7s)  knn=s  k= 60  dexp=9.44  p_grd=0.352  unc_rem=0.220  unc_rel=0.933  drop=0.14  h=16  L=4  lr=0.001  wd=0.005
  [Trial 101] amazonpho_random_0.4 | acc=0.5820  (85.2s)  knn=p  k=  2  dexp=1.33  p_grd=0.118  unc_rem=0.437  unc_rel=0.347  drop=0.53  h=64  L=3  lr=0.0005  wd=0.01
  [Trial 102] amazonpho_random_0.4 | acc=0.8140  (641.8s)  knn=s  k= 50  dexp=7.64  p_grd=0.375  unc_rem=0.389  unc_rel=0.725  drop=0.25  h=16  L=2  lr=0.001  wd=0.01
  [Trial 103] amazonpho_random_0.4 | acc=0.7970  (59.7s)  knn=s  k= 50  dexp=8.79  p_grd=0.341  unc_rem=0.011  unc_rel=0.999  drop=0.31  h=128  L=4  lr=0.005  wd=0.01
  [Trial 104] amazonpho_random_0.4 | acc=0.8370  (102.6s)  knn=d  k= 24  dexp=3.79  p_grd=0.144  unc_rem=0.648  unc_rel=0.322  drop=0.46  h=64  L=1  lr=0.1  wd=0.01
  [Trial 105] amazonpho_random_0.4 | acc=0.7550  (49.8s)  knn=s  k= 20  dexp=9.69  p_grd=0.380  unc_rem=0.044  unc_rel=0.916  drop=0.31  h=64  L=1  lr=0.0005  wd=1e-05
  [Trial 106] amazonpho_random_0.4 | acc=0.8400  (30.3s)  knn=u  k=-    dexp=7.92  p_grd=0.200  unc_rem=0.184  unc_rel=0.760  drop=0.42  h=64  L=4  lr=0.001  wd=0.001
  [Trial 107] amazonpho_random_0.4 | acc=0.3170  (50.7s)  knn=p  k= 17  dexp=6.54  p_grd=0.393  unc_rem=0.775  unc_rel=0.230  drop=0.61  h=16  L=2  lr=0.01  wd=1e-05
  [Trial 108] amazonpho_random_0.4 | acc=0.8240  (39.7s)  knn=u  k=-    dexp=7.81  p_grd=0.196  unc_rem=0.080  unc_rel=0.995  drop=0.61  h=64  L=4  lr=0.001  wd=0.001
  [Trial 109] amazonpho_random_0.4 | acc=0.2400  (66.2s)  knn=s  k= 35  dexp=5.31  p_grd=0.168  unc_rem=0.313  unc_rel=0.628  drop=0.44  h=64  L=4  lr=0.05  wd=0.01
  [Trial 110] amazonpho_random_0.4 | acc=0.8540  (119.1s)  knn=p  k=  4  dexp=7.41  p_grd=0.487  unc_rem=0.770  unc_rel=0.064  drop=0.30  h=32  L=3  lr=0.01  wd=0.005
  [Trial 111] amazonpho_random_0.4 | acc=0.8450  (136.2s)  knn=p  k=  7  dexp=8.02  p_grd=0.377  unc_rem=0.577  unc_rel=0.081  drop=0.40  h=32  L=3  lr=0.01  wd=0.005
  [Trial 112] amazonpho_random_0.4 | acc=0.8280  (53.9s)  knn=p  k=  8  dexp=6.97  p_grd=0.379  unc_rem=0.736  unc_rel=0.059  drop=0.34  h=32  L=3  lr=0.01  wd=0.001
  [Trial 113] amazonpho_random_0.4 | acc=0.6340  (48.4s)  knn=p  k=  8  dexp=7.07  p_grd=0.500  unc_rem=0.901  unc_rel=0.125  drop=0.13  h=32  L=3  lr=0.0001  wd=0.005
  [Trial 114] amazonpho_random_0.4 | acc=0.6390  (46.4s)  knn=s  k=  5  dexp=7.09  p_grd=0.451  unc_rem=0.714  unc_rel=0.260  drop=0.55  h=32  L=3  lr=0.01  wd=0.05
  [Trial 115] amazonpho_random_0.4 | acc=0.8030  (77.7s)  knn=p  k= 11  dexp=8.20  p_grd=0.347  unc_rem=0.721  unc_rel=0.225  drop=0.26  h=32  L=4  lr=0.01  wd=0.005
  [Trial 116] amazonpho_random_0.4 | acc=0.7780  (74.4s)  knn=s  k=  5  dexp=7.41  p_grd=0.142  unc_rem=0.079  unc_rel=0.627  drop=0.39  h=16  L=4  lr=0.001  wd=0.001
  [Trial 117] amazonpho_random_0.4 | acc=0.8370  (139.7s)  knn=u  k=-    dexp=7.60  p_grd=0.459  unc_rem=0.406  unc_rel=0.665  drop=0.33  h=64  L=4  lr=0.001  wd=0.001
  [Trial 118] amazonpho_random_0.4 | acc=0.3010  (48.6s)  knn=p  k=  5  dexp=9.61  p_grd=0.447  unc_rem=0.754  unc_rel=0.268  drop=0.48  h=128  L=3  lr=0.05  wd=0.005
  [Trial 119] amazonpho_random_0.4 | acc=0.8420  (144.7s)  knn=p  k= 24  dexp=7.17  p_grd=0.475  unc_rem=0.517  unc_rel=0.137  drop=0.32  h=32  L=3  lr=0.01  wd=0.005
  [Trial 120] amazonpho_random_0.4 | acc=0.7990  (50.6s)  knn=p  k= 24  dexp=7.17  p_grd=0.495  unc_rem=0.230  unc_rel=0.243  drop=0.28  h=16  L=3  lr=0.01  wd=0.005
  [Trial 121] amazonpho_random_0.4 | acc=0.8200  (37.9s)  knn=p  k= 21  dexp=6.66  p_grd=0.324  unc_rem=0.495  unc_rel=0.372  drop=0.45  h=32  L=3  lr=0.01  wd=0.005
  [Trial 122] amazonpho_random_0.4 | acc=0.8190  (43.2s)  knn=p  k= 24  dexp=6.98  p_grd=0.486  unc_rem=0.666  unc_rel=0.011  drop=0.32  h=32  L=3  lr=0.01  wd=0.005
  [Trial 123] amazonpho_random_0.4 | acc=0.6680  (152.9s)  knn=p  k= 24  dexp=8.33  p_grd=0.440  unc_rem=0.647  unc_rel=0.062  drop=0.33  h=32  L=3  lr=0.001  wd=0.05
  [Trial 124] amazonpho_random_0.4 | acc=0.7810  (105.1s)  knn=u  k=-    dexp=9.78  p_grd=0.164  unc_rem=0.370  unc_rel=0.658  drop=0.38  h=64  L=3  lr=0.001  wd=0.001
  [Trial 125] amazonpho_random_0.4 | acc=0.8170  (38.6s)  knn=s  k= 35  dexp=6.99  p_grd=0.270  unc_rem=0.503  unc_rel=0.926  drop=0.64  h=16  L=4  lr=0.001  wd=0.005
  [Trial 126] amazonpho_random_0.4 | acc=0.7990  (91.5s)  knn=s  k= 15  dexp=8.16  p_grd=0.492  unc_rem=0.281  unc_rel=0.700  drop=0.35  h=64  L=1  lr=0.01  wd=0.01
  [Trial 127] amazonpho_random_0.4 | acc=0.8420  (41.4s)  knn=d  k= 24  dexp=7.14  p_grd=0.336  unc_rem=0.864  unc_rel=0.039  drop=0.37  h=32  L=2  lr=0.01  wd=1e-05
  [Trial 128] amazonpho_random_0.4 | acc=0.8180  (56.2s)  knn=d  k= 21  dexp=8.38  p_grd=0.416  unc_rem=0.832  unc_rel=0.135  drop=0.42  h=32  L=2  lr=0.01  wd=1e-05
  [Trial 129] amazonpho_random_0.4 | acc=0.8170  (61.5s)  knn=s  k= 30  dexp=9.47  p_grd=0.325  unc_rem=0.059  unc_rel=0.715  drop=0.77  h=64  L=4  lr=0.001  wd=0.005
  [Trial 130] amazonpho_random_0.4 | acc=0.8270  (62.1s)  knn=d  k= 21  dexp=5.66  p_grd=0.386  unc_rem=0.320  unc_rel=0.236  drop=0.54  h=32  L=3  lr=0.01  wd=0.0005
  [Trial 131] amazonpho_random_0.4 | acc=0.2370  (200.1s)  knn=p  k= 24  dexp=4.84  p_grd=0.490  unc_rem=0.270  unc_rel=0.070  drop=0.24  h=32  L=3  lr=0.1  wd=0.0001
  [Trial 132] amazonpho_random_0.4 | acc=0.7840  (34.2s)  knn=d  k= 24  dexp=5.59  p_grd=0.419  unc_rem=0.730  unc_rel=0.028  drop=0.55  h=32  L=4  lr=0.01  wd=5e-05
  [Trial 133] amazonpho_random_0.4 | acc=0.8150  (135.6s)  knn=d  k= 24  dexp=5.88  p_grd=0.190  unc_rem=0.935  unc_rel=0.134  drop=0.20  h=32  L=2  lr=0.01  wd=5e-05
  [Trial 134] amazonpho_random_0.4 | acc=0.8280  (45.9s)  knn=p  k= 21  dexp=7.67  p_grd=0.346  unc_rem=0.216  unc_rel=0.737  drop=0.20  h=64  L=2  lr=0.0005  wd=0.001
  [Trial 135] amazonpho_random_0.4 | acc=0.2350  (65.3s)  knn=u  k=-    dexp=9.06  p_grd=0.331  unc_rem=0.235  unc_rel=0.618  drop=0.13  h=64  L=4  lr=0.1  wd=0.0005
  [Trial 136] amazonpho_random_0.4 | acc=0.7960  (66.8s)  knn=u  k=-    dexp=7.45  p_grd=0.238  unc_rem=0.335  unc_rel=0.604  drop=0.35  h=64  L=4  lr=0.005  wd=0.0001
  [Trial 137] amazonpho_random_0.4 | acc=0.2310  (94.3s)  knn=u  k=-    dexp=8.76  p_grd=0.313  unc_rem=0.714  unc_rel=0.019  drop=0.47  h=32  L=3  lr=0.1  wd=0.005
  [Trial 138] amazonpho_random_0.4 | acc=0.8300  (145.6s)  knn=p  k=  8  dexp=3.97  p_grd=0.416  unc_rem=0.825  unc_rel=0.034  drop=0.53  h=32  L=2  lr=0.01  wd=1e-05
  [Trial 139] amazonpho_random_0.4 | acc=0.8290  (44.8s)  knn=u  k=-    dexp=10.00  p_grd=0.454  unc_rem=0.171  unc_rel=0.825  drop=0.39  h=64  L=4  lr=0.0001  wd=0.001
  [Trial 140] amazonpho_random_0.4 | acc=0.8170  (143.4s)  knn=p  k= 21  dexp=8.23  p_grd=0.495  unc_rem=0.513  unc_rel=0.314  drop=0.30  h=64  L=3  lr=0.01  wd=0.0001
  [Trial 141] amazonpho_random_0.4 | acc=0.7730  (33.6s)  knn=u  k=-    dexp=7.59  p_grd=0.491  unc_rem=0.743  unc_rel=0.185  drop=0.20  h=32  L=3  lr=0.01  wd=1e-05
  [Trial 142] amazonpho_random_0.4 | acc=0.8040  (36.7s)  knn=d  k=  1  dexp=2.92  p_grd=0.287  unc_rem=0.621  unc_rel=0.260  drop=0.34  h=64  L=3  lr=0.005  wd=0.01
  [Trial 143] amazonpho_random_0.4 | acc=0.7960  (28.1s)  knn=s  k= 45  dexp=6.08  p_grd=0.314  unc_rem=0.325  unc_rel=0.484  drop=0.33  h=64  L=1  lr=0.001  wd=0.01
  [Trial 144] amazonpho_random_0.4 | acc=0.7740  (22.3s)  knn=u  k=-    dexp=8.89  p_grd=0.417  unc_rem=0.233  unc_rel=0.661  drop=0.12  h=128  L=1  lr=0.0005  wd=0.001
  [Trial 145] amazonpho_random_0.4 | acc=0.3820  (44.7s)  knn=d  k=  2  dexp=1.79  p_grd=0.018  unc_rem=0.400  unc_rel=0.086  drop=0.38  h=16  L=3  lr=0.005  wd=0.01
  [Trial 146] amazonpho_random_0.4 | acc=0.8150  (167.8s)  knn=d  k=  4  dexp=5.26  p_grd=0.244  unc_rem=0.959  unc_rel=0.034  drop=0.38  h=32  L=4  lr=0.001  wd=1e-05
  [Trial 147] amazonpho_random_0.4 | acc=0.8240  (35.5s)  knn=p  k=  5  dexp=8.48  p_grd=0.376  unc_rem=0.418  unc_rel=0.105  drop=0.19  h=32  L=1  lr=0.05  wd=0.005
  [Trial 148] amazonpho_random_0.4 | acc=0.6380  (51.9s)  knn=d  k=  4  dexp=9.60  p_grd=0.191  unc_rem=0.778  unc_rel=0.014  drop=0.42  h=128  L=2  lr=0.01  wd=0.1
  [Trial 149] amazonpho_random_0.4 | acc=0.7000  (78.5s)  knn=s  k= 45  dexp=7.46  p_grd=0.460  unc_rem=0.170  unc_rel=0.780  drop=0.22  h=64  L=3  lr=0.0001  wd=5e-05
  [Trial 150] amazonpho_random_0.4 | acc=0.4620  (37.9s)  knn=u  k=-    dexp=9.48  p_grd=0.315  unc_rem=0.208  unc_rel=0.723  drop=0.31  h=64  L=4  lr=0.001  wd=0.1
  [Trial 151] amazonpho_random_0.4 | acc=0.8090  (105.2s)  knn=u  k=-    dexp=8.06  p_grd=0.262  unc_rem=0.628  unc_rel=0.981  drop=0.45  h=64  L=2  lr=0.001  wd=0.001
  [Trial 152] amazonpho_random_0.4 | acc=0.8030  (33.2s)  knn=s  k= 55  dexp=8.19  p_grd=0.336  unc_rem=0.011  unc_rel=0.947  drop=0.31  h=64  L=4  lr=0.001  wd=5e-05
  [Trial 153] amazonpho_random_0.4 | acc=0.8100  (33.1s)  knn=s  k= 50  dexp=8.52  p_grd=0.243  unc_rem=0.483  unc_rel=0.672  drop=0.23  h=64  L=4  lr=0.001  wd=1e-05
  [Trial 154] amazonpho_random_0.4 | acc=0.7550  (40.3s)  knn=u  k=-    dexp=8.87  p_grd=0.099  unc_rem=0.286  unc_rel=0.823  drop=0.34  h=128  L=4  lr=0.001  wd=0.001
  [Trial 155] amazonpho_random_0.4 | acc=0.7740  (49.9s)  knn=s  k= 45  dexp=9.55  p_grd=0.314  unc_rem=0.161  unc_rel=0.816  drop=0.29  h=64  L=4  lr=0.01  wd=0.0005
  [Trial 156] amazonpho_random_0.4 | acc=0.8490  (83.1s)  knn=s  k= 50  dexp=6.22  p_grd=0.379  unc_rem=0.322  unc_rel=0.600  drop=0.39  h=64  L=4  lr=0.001  wd=0.005
  [Trial 157] amazonpho_random_0.4 | acc=0.7880  (85.6s)  knn=s  k= 55  dexp=2.76  p_grd=0.342  unc_rem=0.367  unc_rel=0.880  drop=0.35  h=64  L=4  lr=0.001  wd=0.005
  [Trial 158] amazonpho_random_0.4 | acc=0.8500  (117.7s)  knn=d  k= 24  dexp=2.76  p_grd=0.164  unc_rem=0.538  unc_rel=0.113  drop=0.56  h=64  L=3  lr=0.01  wd=0.005
  [Trial 159] amazonpho_random_0.4 | acc=0.7680  (78.9s)  knn=d  k= 24  dexp=2.56  p_grd=0.129  unc_rem=0.513  unc_rel=0.277  drop=0.62  h=64  L=3  lr=0.01  wd=0.005
  [Trial 160] amazonpho_random_0.4 | acc=0.8180  (142.9s)  knn=d  k= 24  dexp=6.26  p_grd=0.258  unc_rem=0.698  unc_rel=0.026  drop=0.61  h=32  L=2  lr=0.0005  wd=1e-05
  [Trial 161] amazonpho_random_0.4 | acc=0.8270  (42.1s)  knn=d  k= 24  dexp=4.12  p_grd=0.143  unc_rem=0.661  unc_rel=0.202  drop=0.39  h=64  L=2  lr=0.01  wd=0.0005
  [Trial 162] amazonpho_random_0.4 | acc=0.8070  (141.3s)  knn=s  k= 15  dexp=7.33  p_grd=0.380  unc_rem=0.328  unc_rel=0.500  drop=0.28  h=64  L=4  lr=0.001  wd=0.005
  [Trial 163] amazonpho_random_0.4 | acc=0.2490  (67.2s)  knn=s  k= 35  dexp=6.90  p_grd=0.381  unc_rem=0.578  unc_rel=0.985  drop=0.25  h=64  L=4  lr=0.1  wd=0.01
  [Trial 164] amazonpho_random_0.4 | acc=0.7110  (77.4s)  knn=u  k=-    dexp=6.83  p_grd=0.092  unc_rem=0.066  unc_rel=0.742  drop=0.38  h=64  L=4  lr=0.01  wd=0.01
  [Trial 165] amazonpho_random_0.4 | acc=0.8330  (86.8s)  knn=u  k=-    dexp=6.60  p_grd=0.302  unc_rem=0.411  unc_rel=0.912  drop=0.62  h=64  L=4  lr=0.0005  wd=0.001
  [Trial 166] amazonpho_random_0.4 | acc=0.8480  (46.4s)  knn=u  k=-    dexp=9.10  p_grd=0.374  unc_rem=0.337  unc_rel=0.554  drop=0.11  h=64  L=4  lr=0.0005  wd=5e-05
  [Trial 167] amazonpho_random_0.4 | acc=0.8370  (39.5s)  knn=u  k=-    dexp=9.48  p_grd=0.287  unc_rem=0.333  unc_rel=0.372  drop=0.13  h=64  L=4  lr=0.0005  wd=5e-05
  [Trial 168] amazonpho_random_0.4 | acc=0.6110  (73.2s)  knn=d  k= 24  dexp=3.19  p_grd=0.168  unc_rem=0.609  unc_rel=0.047  drop=0.56  h=16  L=3  lr=0.05  wd=0.005
  [Trial 169] amazonpho_random_0.4 | acc=0.8330  (64.4s)  knn=p  k= 24  dexp=8.64  p_grd=0.468  unc_rem=0.340  unc_rel=0.895  drop=0.37  h=128  L=4  lr=0.001  wd=0.001
  [Trial 170] amazonpho_random_0.4 | acc=0.8220  (347.6s)  knn=s  k= 45  dexp=6.25  p_grd=0.490  unc_rem=0.284  unc_rel=0.817  drop=0.42  h=64  L=4  lr=0.0005  wd=0.01
  [Trial 171] amazonpho_random_0.4 | acc=0.3290  (66.0s)  knn=s  k= 20  dexp=9.23  p_grd=0.483  unc_rem=0.305  unc_rel=0.688  drop=0.23  h=64  L=4  lr=0.05  wd=0.0001
  [Trial 172] amazonpho_random_0.4 | acc=0.8100  (152.8s)  knn=p  k= 24  dexp=6.41  p_grd=0.378  unc_rem=0.475  unc_rel=0.014  drop=0.21  h=32  L=1  lr=0.01  wd=0.1
  [Trial 173] amazonpho_random_0.4 | acc=0.8440  (176.7s)  knn=p  k=  5  dexp=7.67  p_grd=0.486  unc_rem=0.283  unc_rel=0.173  drop=0.35  h=32  L=3  lr=0.005  wd=0.005
  [Trial 174] amazonpho_random_0.4 | acc=0.8240  (59.7s)  knn=d  k=  7  dexp=7.36  p_grd=0.283  unc_rem=0.422  unc_rel=0.661  drop=0.22  h=32  L=4  lr=0.0005  wd=5e-05
  [Trial 175] amazonpho_random_0.4 | acc=0.8320  (73.3s)  knn=p  k=  8  dexp=7.33  p_grd=0.429  unc_rem=0.149  unc_rel=0.434  drop=0.35  h=32  L=2  lr=0.005  wd=0.005
  [Trial 176] amazonpho_random_0.4 | acc=0.8380  (161.3s)  knn=p  k= 24  dexp=8.28  p_grd=0.491  unc_rem=0.455  unc_rel=0.426  drop=0.65  h=32  L=3  lr=0.005  wd=0.005
  [Trial 177] amazonpho_random_0.4 | acc=0.8250  (276.4s)  knn=p  k= 24  dexp=9.21  p_grd=0.352  unc_rem=0.587  unc_rel=0.076  drop=0.31  h=32  L=3  lr=0.0005  wd=0.005
  [Trial 178] amazonpho_random_0.4 | acc=0.8160  (30.9s)  knn=u  k=-    dexp=8.55  p_grd=0.415  unc_rem=0.607  unc_rel=0.475  drop=0.13  h=64  L=4  lr=0.0001  wd=5e-05
  [Trial 179] amazonpho_random_0.4 | acc=0.3360  (83.5s)  knn=p  k=  5  dexp=7.48  p_grd=0.135  unc_rem=0.185  unc_rel=0.593  drop=0.23  h=64  L=4  lr=1e-05  wd=0.001
  [Trial 180] amazonpho_random_0.4 | acc=0.7330  (36.2s)  knn=s  k= 55  dexp=6.93  p_grd=0.231  unc_rem=0.633  unc_rel=0.194  drop=0.23  h=32  L=2  lr=0.01  wd=1e-05
  [Trial 181] amazonpho_random_0.4 | acc=0.8270  (255.9s)  knn=p  k= 20  dexp=7.72  p_grd=0.490  unc_rem=0.031  unc_rel=0.239  drop=0.44  h=64  L=3  lr=0.005  wd=0.01
  [Trial 182] amazonpho_random_0.4 | acc=0.8000  (50.6s)  knn=u  k=-    dexp=6.58  p_grd=0.355  unc_rem=0.331  unc_rel=0.687  drop=0.25  h=64  L=3  lr=0.0005  wd=0.0005
  [Trial 183] amazonpho_random_0.4 | acc=0.8240  (66.1s)  knn=p  k=  3  dexp=8.04  p_grd=0.385  unc_rem=0.371  unc_rel=0.188  drop=0.29  h=32  L=3  lr=0.005  wd=0.01
  [Trial 184] amazonpho_random_0.4 | acc=0.8400  (81.5s)  knn=p  k=  4  dexp=8.35  p_grd=0.384  unc_rem=0.205  unc_rel=0.087  drop=0.23  h=32  L=3  lr=0.005  wd=0.005
  [Trial 185] amazonpho_random_0.4 | acc=0.8020  (63.0s)  knn=p  k=  6  dexp=7.60  p_grd=0.422  unc_rem=0.271  unc_rel=0.094  drop=0.21  h=32  L=3  lr=0.005  wd=0.005
  [Trial 186] amazonpho_random_0.4 | acc=0.8130  (106.2s)  knn=u  k=-    dexp=8.16  p_grd=0.165  unc_rem=0.353  unc_rel=0.585  drop=0.45  h=64  L=4  lr=0.001  wd=0.005
  [Trial 187] amazonpho_random_0.4 | acc=0.8370  (69.3s)  knn=p  k=  4  dexp=7.29  p_grd=0.468  unc_rem=0.518  unc_rel=0.397  drop=0.60  h=32  L=2  lr=0.01  wd=1e-05
  [Trial 188] amazonpho_random_0.4 | acc=0.8100  (65.6s)  knn=p  k=  8  dexp=8.08  p_grd=0.239  unc_rem=0.713  unc_rel=0.050  drop=0.51  h=32  L=1  lr=0.01  wd=1e-05
  [Trial 189] amazonpho_random_0.4 | acc=0.8350  (56.7s)  knn=p  k= 24  dexp=7.10  p_grd=0.397  unc_rem=0.911  unc_rel=0.040  drop=0.11  h=128  L=3  lr=0.01  wd=0.005
  [Trial 190] amazonpho_random_0.4 | acc=0.7970  (30.7s)  knn=d  k=  4  dexp=5.13  p_grd=0.299  unc_rem=0.928  unc_rel=0.418  drop=0.52  h=128  L=2  lr=0.01  wd=1e-05
  [Trial 191] amazonpho_random_0.4 | acc=0.2560  (118.6s)  knn=p  k= 24  dexp=9.87  p_grd=0.378  unc_rem=0.013  unc_rel=0.122  drop=0.16  h=32  L=3  lr=0.1  wd=0.1
  [Trial 192] amazonpho_random_0.4 | acc=0.8180  (54.5s)  knn=p  k=  1  dexp=4.07  p_grd=0.327  unc_rem=0.471  unc_rel=0.010  drop=0.50  h=64  L=3  lr=0.005  wd=0.005
  [Trial 193] amazonpho_random_0.4 | acc=0.7860  (126.3s)  knn=s  k= 15  dexp=9.52  p_grd=0.482  unc_rem=0.020  unc_rel=0.765  drop=0.27  h=64  L=3  lr=0.001  wd=0.0005
  [Trial 194] amazonpho_random_0.4 | acc=0.8180  (39.8s)  knn=s  k= 35  dexp=7.38  p_grd=0.477  unc_rem=0.530  unc_rel=0.538  drop=0.65  h=64  L=4  lr=0.001  wd=0.01
  [Trial 195] amazonpho_random_0.4 | acc=0.2470  (39.8s)  knn=u  k=-    dexp=9.92  p_grd=0.468  unc_rem=0.273  unc_rel=0.586  drop=0.35  h=64  L=4  lr=1e-05  wd=0.005
  [Trial 196] amazonpho_random_0.4 | acc=0.7850  (44.4s)  knn=p  k=  4  dexp=7.88  p_grd=0.315  unc_rem=0.383  unc_rel=0.629  drop=0.52  h=32  L=4  lr=0.001  wd=0.01
  [Trial 197] amazonpho_random_0.4 | acc=0.8290  (42.9s)  knn=d  k=  4  dexp=8.37  p_grd=0.499  unc_rem=0.889  unc_rel=0.186  drop=0.32  h=32  L=3  lr=0.01  wd=0.005
  [Trial 198] amazonpho_random_0.4 | acc=0.8320  (35.8s)  knn=u  k=-    dexp=9.60  p_grd=0.412  unc_rem=0.025  unc_rel=0.667  drop=0.17  h=64  L=4  lr=0.0005  wd=0.01
  [Trial 199] amazonpho_random_0.4 | acc=0.8310  (57.1s)  knn=u  k=-    dexp=8.56  p_grd=0.485  unc_rem=0.356  unc_rel=0.668  drop=0.13  h=64  L=4  lr=0.01  wd=0.001
  [Trial 200] amazonpho_random_0.4 | acc=0.7960  (71.6s)  knn=p  k=  6  dexp=7.23  p_grd=0.393  unc_rem=0.846  unc_rel=0.255  drop=0.45  h=32  L=2  lr=0.01  wd=5e-05

[Optuna] Optimization done. 200/200 trials completed.

[Retest] (amazonpho_random_0.4) Testing top-5 configs × 10 seeds...

  [Retest] (amazonpho_random_0.4) Config 1/5: (Trial #4, Orig Acc: 0.8570)
           Params: {'knn_mode': 'u', 'dexp': 8.182284614225875, 'p_grd': 0.3439212810772638, 'unc_rem': 0.34569273639621867, 'unc_rel': 0.8284104850378081, 'dropout': 0.49679642813660274, 'n_hidden': 64, 'n_layer': 4, 'lr': 0.001, 'weight_decay': 0.001}
    [Retest] amazonpho | Config 1 | Run 1/10 | seed=3000 | Acc: 0.8570 | Mean: 0.8570 | Time: 170.0s
    [Retest] amazonpho | Config 1 | Run 2/10 | seed=3001 | Acc: 0.8700 | Mean: 0.8635 | Time: 47.2s
    [Retest] amazonpho | Config 1 | Run 3/10 | seed=3002 | Acc: 0.7050 | Mean: 0.8107 | Time: 117.5s
    [Retest] amazonpho | Config 1 | Run 4/10 | seed=3003 | Acc: 0.8560 | Mean: 0.8220 | Time: 34.7s
    [Retest] amazonpho | Config 1 | Run 5/10 | seed=3004 | Acc: 0.7520 | Mean: 0.8080 | Time: 156.6s
    [Retest] amazonpho | Config 1 | Run 6/10 | seed=3005 | Acc: 0.7570 | Mean: 0.7995 | Time: 73.5s
    [Retest] amazonpho | Config 1 | Run 7/10 | seed=3006 | Acc: 0.8720 | Mean: 0.8099 | Time: 82.9s
    [Retest] amazonpho | Config 1 | Run 8/10 | seed=3007 | Acc: 0.7990 | Mean: 0.8085 | Time: 45.0s
    [Retest] amazonpho | Config 1 | Run 9/10 | seed=3008 | Acc: 0.8180 | Mean: 0.8096 | Time: 67.7s
    [Retest] amazonpho | Config 1 | Run 10/10 | seed=3009 | Acc: 0.8060 | Mean: 0.8092 | Time: 69.3s
  [Retest] Config 1: mean=0.8092 ± 0.0540

  [Retest] (amazonpho_random_0.4) Config 2/5: (Trial #109, Orig Acc: 0.8540)
           Params: {'knn_mode': 'p', 'k': 4, 'dexp': 7.4107814642019605, 'p_grd': 0.4867012165957325, 'unc_rem': 0.7700258888992852, 'unc_rel': 0.06390522617393793, 'dropout': 0.30360706146565586, 'n_hidden': 32, 'n_layer': 3, 'lr': 0.01, 'weight_decay': 0.005}
    [Retest] amazonpho | Config 2 | Run 1/10 | seed=3000 | Acc: 0.8540 | Mean: 0.8540 | Time: 53.5s
    [Retest] amazonpho | Config 2 | Run 2/10 | seed=3001 | Acc: 0.8640 | Mean: 0.8590 | Time: 119.0s
    [Retest] amazonpho | Config 2 | Run 3/10 | seed=3002 | Acc: 0.6290 | Mean: 0.7823 | Time: 45.9s
    [Retest] amazonpho | Config 2 | Run 4/10 | seed=3003 | Acc: 0.8370 | Mean: 0.7960 | Time: 98.0s
    [Retest] amazonpho | Config 2 | Run 5/10 | seed=3004 | Acc: 0.7660 | Mean: 0.7900 | Time: 36.4s
    [Retest] amazonpho | Config 2 | Run 6/10 | seed=3005 | Acc: 0.7180 | Mean: 0.7780 | Time: 37.2s
    [Retest] amazonpho | Config 2 | Run 7/10 | seed=3006 | Acc: 0.8460 | Mean: 0.7877 | Time: 52.1s
    [Retest] amazonpho | Config 2 | Run 8/10 | seed=3007 | Acc: 0.8300 | Mean: 0.7930 | Time: 64.6s
    [Retest] amazonpho | Config 2 | Run 9/10 | seed=3008 | Acc: 0.7890 | Mean: 0.7926 | Time: 34.8s
    [Retest] amazonpho | Config 2 | Run 10/10 | seed=3009 | Acc: 0.7280 | Mean: 0.7861 | Time: 164.2s
  [Retest] Config 2: mean=0.7861 ± 0.0720

  [Retest] (amazonpho_random_0.4) Config 3/5: (Trial #157, Orig Acc: 0.8500)
           Params: {'knn_mode': 'd', 'k': 24, 'dexp': 2.764916057209541, 'p_grd': 0.1640135330360885, 'unc_rem': 0.5380226346130303, 'unc_rel': 0.11264403817680532, 'dropout': 0.5557373051236366, 'n_hidden': 64, 'n_layer': 3, 'lr': 0.01, 'weight_decay': 0.005}
    [Retest] amazonpho | Config 3 | Run 1/10 | seed=3000 | Acc: 0.8280 | Mean: 0.8280 | Time: 53.5s
    [Retest] amazonpho | Config 3 | Run 2/10 | seed=3001 | Acc: 0.8880 | Mean: 0.8580 | Time: 37.2s
    [Retest] amazonpho | Config 3 | Run 3/10 | seed=3002 | Acc: 0.7720 | Mean: 0.8293 | Time: 102.3s
    [Retest] amazonpho | Config 3 | Run 4/10 | seed=3003 | Acc: 0.8020 | Mean: 0.8225 | Time: 50.5s
    [Retest] amazonpho | Config 3 | Run 5/10 | seed=3004 | Acc: 0.8010 | Mean: 0.8182 | Time: 46.4s
    [Retest] amazonpho | Config 3 | Run 6/10 | seed=3005 | Acc: 0.8150 | Mean: 0.8177 | Time: 91.4s
    [Retest] amazonpho | Config 3 | Run 7/10 | seed=3006 | Acc: 0.8500 | Mean: 0.8223 | Time: 129.4s
    [Retest] amazonpho | Config 3 | Run 8/10 | seed=3007 | Acc: 0.8390 | Mean: 0.8244 | Time: 61.2s
    [Retest] amazonpho | Config 3 | Run 9/10 | seed=3008 | Acc: 0.8540 | Mean: 0.8277 | Time: 45.7s
    [Retest] amazonpho | Config 3 | Run 10/10 | seed=3009 | Acc: 0.7430 | Mean: 0.8192 | Time: 103.0s
  [Retest] Config 3: mean=0.8192 ± 0.0401

  [Retest] (amazonpho_random_0.4) Config 4/5: (Trial #155, Orig Acc: 0.8490)
           Params: {'knn_mode': 's', 'k': 50, 'dexp': 6.222079112721142, 'p_grd': 0.3787658384844363, 'unc_rem': 0.3224215096189157, 'unc_rel': 0.5998593246534202, 'dropout': 0.3898093282122342, 'n_hidden': 64, 'n_layer': 4, 'lr': 0.001, 'weight_decay': 0.005}
    [Retest] amazonpho | Config 4 | Run 1/10 | seed=3000 | Acc: 0.8490 | Mean: 0.8490 | Time: 79.8s
    [Retest] amazonpho | Config 4 | Run 2/10 | seed=3001 | Acc: 0.8530 | Mean: 0.8510 | Time: 98.9s
    [Retest] amazonpho | Config 4 | Run 3/10 | seed=3002 | Acc: 0.7060 | Mean: 0.8027 | Time: 117.6s
    [Retest] amazonpho | Config 4 | Run 4/10 | seed=3003 | Acc: 0.8560 | Mean: 0.8160 | Time: 39.7s
    [Retest] amazonpho | Config 4 | Run 5/10 | seed=3004 | Acc: 0.7940 | Mean: 0.8116 | Time: 39.7s
    [Retest] amazonpho | Config 4 | Run 6/10 | seed=3005 | Acc: 0.7160 | Mean: 0.7957 | Time: 76.4s
    [Retest] amazonpho | Config 4 | Run 7/10 | seed=3006 | Acc: 0.8450 | Mean: 0.8027 | Time: 54.8s
    [Retest] amazonpho | Config 4 | Run 8/10 | seed=3007 | Acc: 0.8120 | Mean: 0.8039 | Time: 87.0s
    [Retest] amazonpho | Config 4 | Run 9/10 | seed=3008 | Acc: 0.7920 | Mean: 0.8026 | Time: 44.4s
    [Retest] amazonpho | Config 4 | Run 10/10 | seed=3009 | Acc: 0.7860 | Mean: 0.8009 | Time: 103.5s
  [Retest] Config 4: mean=0.8009 ± 0.0517

  [Retest] (amazonpho_random_0.4) Config 5/5: (Trial #8, Orig Acc: 0.8480)
           Params: {'knn_mode': 'p', 'k': 21, 'dexp': 7.049473009520948, 'p_grd': 0.40465451659669194, 'unc_rem': 0.8193810297338315, 'unc_rel': 0.20911302131436577, 'dropout': 0.5588866246107809, 'n_hidden': 32, 'n_layer': 2, 'lr': 0.01, 'weight_decay': 1e-05}
    [Retest] amazonpho | Config 5 | Run 1/10 | seed=3000 | Acc: 0.8480 | Mean: 0.8480 | Time: 52.4s
    [Retest] amazonpho | Config 5 | Run 2/10 | seed=3001 | Acc: 0.5000 | Mean: 0.6740 | Time: 49.9s
    [Retest] amazonpho | Config 5 | Run 3/10 | seed=3002 | Acc: 0.5360 | Mean: 0.6280 | Time: 141.7s
    [Retest] amazonpho | Config 5 | Run 4/10 | seed=3003 | Acc: 0.7400 | Mean: 0.6560 | Time: 61.6s
    [Retest] amazonpho | Config 5 | Run 5/10 | seed=3004 | Acc: 0.7270 | Mean: 0.6702 | Time: 52.6s
    [Retest] amazonpho | Config 5 | Run 6/10 | seed=3005 | Acc: 0.5470 | Mean: 0.6497 | Time: 64.4s
    [Retest] amazonpho | Config 5 | Run 7/10 | seed=3006 | Acc: 0.5740 | Mean: 0.6389 | Time: 53.4s
    [Retest] amazonpho | Config 5 | Run 8/10 | seed=3007 | Acc: 0.7660 | Mean: 0.6547 | Time: 47.2s
    [Retest] amazonpho | Config 5 | Run 9/10 | seed=3008 | Acc: 0.7630 | Mean: 0.6668 | Time: 58.1s
    [Retest] amazonpho | Config 5 | Run 10/10 | seed=3009 | Acc: 0.7380 | Mean: 0.6739 | Time: 50.6s
  [Retest] Config 5: mean=0.6739 ± 0.1155

[Optuna] Success: Best config saved to log/hpo_db.json:
         {'knn_mode': 'd', 'k': 24, 'dexp': 2.764916057209541, 'p_grd': 0.1640135330360885, 'unc_rem': 0.5380226346130303, 'unc_rel': 0.11264403817680532, 'dropout': 0.5557373051236366, 'n_hidden': 64, 'n_layer': 3, 'lr': 0.01, 'weight_decay': 0.005}
[Optuna] Success: Best retest mean accuracy: 0.8192
[Optuna] Success: Done marker: ./log/nni_done\lnpcc_amazonpho_random_0.4.done
  [HPO] Done marker saved: ./log/nni_done\lnpcc_amazonpho_random_0.4.done
[total_exp] --hpo_only: skipping benchmark runs.
[worker] OK DONE  hpo_amazonpho_random_0.4  gpu=0  354.3 min  rc=0
