[worker] START  hpo_blogcatalog_random_0.5  gpu=1
======================================================================
GCN + LN-PCC -- NoisyGL Benchmark (Unified)
Start          : 2026-04-20 03:49:36
Variants       : ['lnpcc']
Datasets       : ['blogcatalog']
Noise          : [[0.5, 'random']]
Runs           : 10  (seeds 3000..3009)
Device         : cuda:1
======================================================================

[HPO] Optimizing lnpcc on blogcatalog_random_0.5 (max_trials=200, max_k_same=60)

[Optuna] Scenario: blogcatalog_random_0.5  (max_trials=200, startup=20)
  [Trial   1] blogcatalog_random_0.5 | acc=0.2407  (92.6s)  knn=d  k= 14  dexp=7.40  p_grd=0.421  unc_rem=0.161  unc_rel=0.537  drop=0.52  h=128  L=3  lr=0.1  wd=0.05
  [Trial   2] blogcatalog_random_0.5 | acc=0.1835  (46.3s)  knn=d  k= 17  dexp=0.88  p_grd=0.193  unc_rem=0.850  unc_rel=0.092  drop=0.89  h=128  L=3  lr=1e-05  wd=0.1
  [Trial   3] blogcatalog_random_0.5 | acc=0.2290  (54.2s)  knn=s  k= 60  dexp=4.63  p_grd=0.375  unc_rem=0.959  unc_rel=0.839  drop=0.11  h=16  L=4  lr=1e-05  wd=0.1
  [Trial   4] blogcatalog_random_0.5 | acc=0.5774  (41.5s)  knn=s  k= 20  dexp=3.86  p_grd=0.215  unc_rem=0.881  unc_rel=0.612  drop=0.58  h=32  L=3  lr=0.005  wd=0.001
  [Trial   5] blogcatalog_random_0.5 | acc=0.4502  (56.5s)  knn=u  k=-    dexp=8.18  p_grd=0.344  unc_rem=0.346  unc_rel=0.828  drop=0.50  h=64  L=4  lr=0.001  wd=0.001
  [Trial   6] blogcatalog_random_0.5 | acc=0.5214  (51.1s)  knn=s  k= 60  dexp=9.63  p_grd=0.431  unc_rem=0.779  unc_rel=0.683  drop=0.44  h=32  L=1  lr=0.1  wd=0.01
  [Trial   7] blogcatalog_random_0.5 | acc=0.3555  (79.3s)  knn=d  k= 22  dexp=8.98  p_grd=0.186  unc_rem=0.562  unc_rel=0.930  drop=0.36  h=32  L=3  lr=0.0001  wd=0.005
  [Trial   8] blogcatalog_random_0.5 | acc=0.4050  (83.9s)  knn=d  k= 15  dexp=2.27  p_grd=0.167  unc_rem=0.876  unc_rel=0.021  drop=0.20  h=128  L=3  lr=0.1  wd=0.005
  [Trial   9] blogcatalog_random_0.5 | acc=0.5500  (46.8s)  knn=p  k= 21  dexp=7.05  p_grd=0.405  unc_rem=0.819  unc_rel=0.209  drop=0.56  h=32  L=2  lr=0.01  wd=1e-05
  [Trial  10] blogcatalog_random_0.5 | acc=0.3066  (65.2s)  knn=d  k= 23  dexp=5.37  p_grd=0.494  unc_rem=0.196  unc_rel=0.286  drop=0.68  h=64  L=3  lr=0.05  wd=0.005
  [Trial  11] blogcatalog_random_0.5 | acc=0.3689  (107.2s)  knn=s  k= 10  dexp=6.60  p_grd=0.444  unc_rem=0.958  unc_rel=0.876  drop=0.66  h=16  L=4  lr=0.05  wd=1e-05
  [Trial  12] blogcatalog_random_0.5 | acc=0.3663  (71.7s)  knn=u  k=-    dexp=8.76  p_grd=0.091  unc_rem=0.305  unc_rel=0.438  drop=0.14  h=64  L=3  lr=0.001  wd=0.0001
  [Trial  13] blogcatalog_random_0.5 | acc=0.2311  (161.7s)  knn=p  k=  9  dexp=7.90  p_grd=0.228  unc_rem=0.196  unc_rel=0.065  drop=0.88  h=16  L=4  lr=0.1  wd=0.005
  [Trial  14] blogcatalog_random_0.5 | acc=0.4495  (44.0s)  knn=s  k= 20  dexp=4.82  p_grd=0.311  unc_rem=0.084  unc_rel=0.251  drop=0.17  h=32  L=2  lr=0.0005  wd=0.005
  [Trial  15] blogcatalog_random_0.5 | acc=0.4161  (47.7s)  knn=d  k=  5  dexp=1.73  p_grd=0.294  unc_rem=0.145  unc_rel=0.870  drop=0.67  h=32  L=1  lr=0.0001  wd=0.001
  [Trial  16] blogcatalog_random_0.5 | acc=0.3177  (77.7s)  knn=p  k= 15  dexp=1.15  p_grd=0.289  unc_rem=0.335  unc_rel=0.495  drop=0.39  h=64  L=4  lr=1e-05  wd=0.0005
  [Trial  17] blogcatalog_random_0.5 | acc=0.4076  (59.4s)  knn=p  k= 10  dexp=8.27  p_grd=0.189  unc_rem=0.042  unc_rel=0.304  drop=0.53  h=32  L=4  lr=0.005  wd=0.005
  [Trial  18] blogcatalog_random_0.5 | acc=0.4476  (168.2s)  knn=d  k=  3  dexp=2.21  p_grd=0.206  unc_rem=0.616  unc_rel=0.167  drop=0.40  h=64  L=3  lr=0.005  wd=0.01
  [Trial  19] blogcatalog_random_0.5 | acc=0.4916  (276.3s)  knn=p  k= 13  dexp=3.83  p_grd=0.476  unc_rem=0.774  unc_rel=0.043  drop=0.57  h=128  L=1  lr=0.001  wd=5e-05
  [Trial  20] blogcatalog_random_0.5 | acc=0.5332  (68.3s)  knn=u  k=-    dexp=6.93  p_grd=0.170  unc_rem=0.841  unc_rel=0.089  drop=0.61  h=16  L=2  lr=0.01  wd=5e-05
  [Trial  21] blogcatalog_random_0.5 | acc=0.5443  (169.5s)  knn=p  k= 24  dexp=8.52  p_grd=0.331  unc_rem=0.989  unc_rel=0.305  drop=0.67  h=32  L=2  lr=0.01  wd=1e-05
  [Trial  22] blogcatalog_random_0.5 | acc=0.5933  (110.3s)  knn=p  k= 23  dexp=5.99  p_grd=0.398  unc_rem=0.903  unc_rel=0.234  drop=0.63  h=64  L=2  lr=0.01  wd=0.001
  [Trial  23] blogcatalog_random_0.5 | acc=0.4577  (33.7s)  knn=s  k= 40  dexp=2.40  p_grd=0.139  unc_rem=0.978  unc_rel=0.590  drop=0.55  h=32  L=3  lr=0.01  wd=0.001
  [Trial  24] blogcatalog_random_0.5 | acc=0.3384  (58.5s)  knn=p  k= 20  dexp=5.47  p_grd=0.389  unc_rem=0.619  unc_rel=0.389  drop=0.74  h=64  L=2  lr=0.1  wd=0.001
  [Trial  25] blogcatalog_random_0.5 | acc=0.4988  (52.9s)  knn=p  k= 23  dexp=6.60  p_grd=0.444  unc_rem=0.888  unc_rel=0.101  drop=0.39  h=32  L=2  lr=0.0005  wd=0.001
  [Trial  26] blogcatalog_random_0.5 | acc=0.4360  (113.4s)  knn=u  k=-    dexp=4.33  p_grd=0.277  unc_rem=0.727  unc_rel=0.733  drop=0.54  h=32  L=1  lr=0.005  wd=0.1
  [Trial  27] blogcatalog_random_0.5 | acc=0.3131  (43.4s)  knn=s  k= 35  dexp=4.79  p_grd=0.190  unc_rem=0.764  unc_rel=0.557  drop=0.70  h=64  L=3  lr=1e-05  wd=1e-05
  [Trial  28] blogcatalog_random_0.5 | acc=0.5031  (289.3s)  knn=p  k= 19  dexp=4.87  p_grd=0.330  unc_rem=0.520  unc_rel=0.316  drop=0.52  h=16  L=2  lr=0.01  wd=1e-05
  [Trial  29] blogcatalog_random_0.5 | acc=0.5899  (73.6s)  knn=s  k= 20  dexp=4.23  p_grd=0.368  unc_rem=0.680  unc_rel=0.202  drop=0.61  h=32  L=3  lr=0.005  wd=0.001
  [Trial  30] blogcatalog_random_0.5 | acc=0.5101  (67.1s)  knn=s  k= 35  dexp=1.52  p_grd=0.385  unc_rem=0.854  unc_rel=0.106  drop=0.81  h=64  L=3  lr=0.005  wd=0.001
  [Trial  31] blogcatalog_random_0.5 | acc=0.5712  (178.5s)  knn=s  k= 35  dexp=4.34  p_grd=0.359  unc_rem=0.599  unc_rel=0.360  drop=0.47  h=32  L=3  lr=0.01  wd=5e-05
  [Trial  32] blogcatalog_random_0.5 | acc=0.4981  (52.9s)  knn=s  k= 45  dexp=4.58  p_grd=0.279  unc_rem=0.570  unc_rel=0.174  drop=0.54  h=32  L=3  lr=0.005  wd=0.001
  [Trial  33] blogcatalog_random_0.5 | acc=0.4394  (74.8s)  knn=s  k= 35  dexp=3.36  p_grd=0.468  unc_rem=0.883  unc_rel=0.433  drop=0.59  h=32  L=3  lr=0.0005  wd=5e-05
  [Trial  34] blogcatalog_random_0.5 | acc=0.5635  (83.6s)  knn=s  k= 30  dexp=4.58  p_grd=0.409  unc_rem=0.526  unc_rel=0.548  drop=0.24  h=32  L=3  lr=0.01  wd=0.0005
  [Trial  35] blogcatalog_random_0.5 | acc=0.4442  (66.9s)  knn=p  k= 23  dexp=4.85  p_grd=0.287  unc_rem=0.891  unc_rel=0.289  drop=0.58  h=64  L=2  lr=0.0001  wd=5e-05
  [Trial  36] blogcatalog_random_0.5 | acc=0.4974  (55.5s)  knn=u  k=-    dexp=4.11  p_grd=0.103  unc_rem=0.750  unc_rel=0.499  drop=0.60  h=32  L=3  lr=0.005  wd=5e-05
  [Trial  37] blogcatalog_random_0.5 | acc=0.4216  (202.4s)  knn=p  k= 23  dexp=4.84  p_grd=0.466  unc_rem=0.832  unc_rel=0.194  drop=0.61  h=64  L=2  lr=0.01  wd=0.05
  [Trial  38] blogcatalog_random_0.5 | acc=0.5794  (141.3s)  knn=d  k= 18  dexp=0.87  p_grd=0.316  unc_rem=0.621  unc_rel=0.530  drop=0.54  h=32  L=3  lr=0.01  wd=5e-05
  [Trial  39] blogcatalog_random_0.5 | acc=0.5202  (122.7s)  knn=d  k= 17  dexp=0.73  p_grd=0.489  unc_rem=0.626  unc_rel=0.832  drop=0.63  h=32  L=3  lr=0.01  wd=0.0001
  [Trial  40] blogcatalog_random_0.5 | acc=0.4671  (95.8s)  knn=d  k= 17  dexp=2.15  p_grd=0.277  unc_rem=0.785  unc_rel=0.750  drop=0.61  h=64  L=3  lr=0.05  wd=5e-05
  [Trial  41] blogcatalog_random_0.5 | acc=0.3175  (177.1s)  knn=d  k= 19  dexp=1.48  p_grd=0.209  unc_rem=0.328  unc_rel=0.593  drop=0.51  h=32  L=3  lr=0.1  wd=5e-05
  [Trial  42] blogcatalog_random_0.5 | acc=0.5265  (38.9s)  knn=s  k= 30  dexp=6.13  p_grd=0.194  unc_rem=0.998  unc_rel=0.929  drop=0.51  h=128  L=3  lr=0.005  wd=0.001
  [Trial  43] blogcatalog_random_0.5 | acc=0.5241  (82.2s)  knn=s  k= 30  dexp=4.25  p_grd=0.374  unc_rem=0.482  unc_rel=0.341  drop=0.75  h=32  L=1  lr=0.01  wd=0.0001
  [Trial  44] blogcatalog_random_0.5 | acc=0.5762  (85.7s)  knn=p  k= 18  dexp=3.80  p_grd=0.283  unc_rem=0.612  unc_rel=0.283  drop=0.32  h=32  L=3  lr=0.01  wd=5e-05
  [Trial  45] blogcatalog_random_0.5 | acc=0.4442  (50.1s)  knn=p  k= 18  dexp=4.43  p_grd=0.226  unc_rem=0.650  unc_rel=0.224  drop=0.30  h=32  L=3  lr=0.0005  wd=5e-05
  [Trial  46] blogcatalog_random_0.5 | acc=0.4620  (70.6s)  knn=d  k= 18  dexp=2.15  p_grd=0.282  unc_rem=0.641  unc_rel=0.573  drop=0.43  h=16  L=3  lr=0.001  wd=0.001
  [Trial  47] blogcatalog_random_0.5 | acc=0.5216  (107.1s)  knn=d  k= 19  dexp=3.93  p_grd=0.213  unc_rem=0.905  unc_rel=0.615  drop=0.78  h=32  L=3  lr=0.005  wd=0.001
  [Trial  48] blogcatalog_random_0.5 | acc=0.5207  (157.8s)  knn=d  k= 20  dexp=0.50  p_grd=0.309  unc_rem=0.987  unc_rel=0.514  drop=0.37  h=32  L=3  lr=0.01  wd=5e-05
  [Trial  49] blogcatalog_random_0.5 | acc=0.5214  (41.6s)  knn=s  k= 20  dexp=3.33  p_grd=0.354  unc_rem=0.731  unc_rel=0.504  drop=0.68  h=32  L=2  lr=0.001  wd=0.001
  [Trial  50] blogcatalog_random_0.5 | acc=0.6080  (88.2s)  knn=p  k= 17  dexp=7.50  p_grd=0.432  unc_rem=0.943  unc_rel=0.077  drop=0.80  h=128  L=2  lr=0.005  wd=0.001
  [Trial  51] blogcatalog_random_0.5 | acc=0.4637  (97.5s)  knn=p  k= 14  dexp=9.97  p_grd=0.397  unc_rem=0.800  unc_rel=0.378  drop=0.65  h=128  L=2  lr=0.005  wd=0.01
  [Trial  52] blogcatalog_random_0.5 | acc=0.6159  (77.1s)  knn=p  k= 16  dexp=7.19  p_grd=0.340  unc_rem=0.827  unc_rel=0.093  drop=0.65  h=128  L=2  lr=0.005  wd=0.001
  [Trial  53] blogcatalog_random_0.5 | acc=0.6099  (158.2s)  knn=p  k= 14  dexp=8.76  p_grd=0.442  unc_rem=0.969  unc_rel=0.186  drop=0.64  h=128  L=2  lr=0.005  wd=0.001
  [Trial  54] blogcatalog_random_0.5 | acc=0.5736  (124.5s)  knn=d  k= 14  dexp=8.00  p_grd=0.468  unc_rem=0.987  unc_rel=0.014  drop=0.73  h=128  L=2  lr=0.005  wd=0.001
  [Trial  55] blogcatalog_random_0.5 | acc=0.4452  (95.3s)  knn=p  k= 14  dexp=3.58  p_grd=0.485  unc_rem=0.597  unc_rel=0.114  drop=0.67  h=16  L=4  lr=0.005  wd=0.001
  [Trial  56] blogcatalog_random_0.5 | acc=0.4986  (34.3s)  knn=u  k=-    dexp=6.42  p_grd=0.214  unc_rem=0.877  unc_rel=0.129  drop=0.64  h=128  L=1  lr=0.005  wd=0.001
  [Trial  57] blogcatalog_random_0.5 | acc=0.2451  (180.4s)  knn=p  k= 15  dexp=5.89  p_grd=0.341  unc_rem=0.846  unc_rel=0.104  drop=0.69  h=16  L=2  lr=0.005  wd=0.1
  [Trial  58] blogcatalog_random_0.5 | acc=0.5722  (90.0s)  knn=p  k= 15  dexp=6.43  p_grd=0.266  unc_rem=0.747  unc_rel=0.091  drop=0.51  h=128  L=2  lr=0.001  wd=0.0001
  [Trial  59] blogcatalog_random_0.5 | acc=0.5024  (121.0s)  knn=d  k= 13  dexp=1.74  p_grd=0.342  unc_rem=0.564  unc_rel=0.290  drop=0.71  h=16  L=3  lr=0.01  wd=5e-05
  [Trial  60] blogcatalog_random_0.5 | acc=0.4452  (41.7s)  knn=u  k=-    dexp=8.86  p_grd=0.430  unc_rem=0.983  unc_rel=0.056  drop=0.52  h=32  L=4  lr=0.005  wd=0.001
  [Trial  61] blogcatalog_random_0.5 | acc=0.2569  (72.6s)  knn=u  k=-    dexp=7.11  p_grd=0.368  unc_rem=0.820  unc_rel=0.133  drop=0.73  h=64  L=2  lr=1e-05  wd=0.001
  [Trial  62] blogcatalog_random_0.5 | acc=0.4303  (57.7s)  knn=p  k= 21  dexp=7.63  p_grd=0.304  unc_rem=0.899  unc_rel=0.144  drop=0.87  h=128  L=4  lr=0.005  wd=0.001
  [Trial  63] blogcatalog_random_0.5 | acc=0.6025  (58.7s)  knn=d  k= 18  dexp=8.16  p_grd=0.439  unc_rem=0.968  unc_rel=0.687  drop=0.56  h=64  L=2  lr=0.01  wd=0.001
  [Trial  64] blogcatalog_random_0.5 | acc=0.4019  (55.4s)  knn=d  k= 16  dexp=8.00  p_grd=0.490  unc_rem=0.851  unc_rel=0.711  drop=0.64  h=64  L=4  lr=0.01  wd=0.001
  [Trial  65] blogcatalog_random_0.5 | acc=0.6275  (63.2s)  knn=p  k= 17  dexp=4.65  p_grd=0.433  unc_rem=0.713  unc_rel=0.032  drop=0.58  h=128  L=2  lr=0.005  wd=0.001
  [Trial  66] blogcatalog_random_0.5 | acc=0.4692  (78.4s)  knn=p  k= 16  dexp=3.33  p_grd=0.291  unc_rem=0.630  unc_rel=0.135  drop=0.73  h=128  L=2  lr=0.0001  wd=0.001
  [Trial  67] blogcatalog_random_0.5 | acc=0.5618  (126.8s)  knn=p  k= 10  dexp=5.30  p_grd=0.394  unc_rem=0.796  unc_rel=0.062  drop=0.83  h=128  L=2  lr=0.005  wd=1e-05
  [Trial  68] blogcatalog_random_0.5 | acc=0.5308  (47.3s)  knn=p  k= 16  dexp=8.65  p_grd=0.417  unc_rem=0.933  unc_rel=0.816  drop=0.37  h=64  L=2  lr=0.0005  wd=0.001
  [Trial  69] blogcatalog_random_0.5 | acc=0.6530  (140.7s)  knn=p  k= 21  dexp=8.26  p_grd=0.374  unc_rem=0.661  unc_rel=0.062  drop=0.65  h=128  L=2  lr=0.01  wd=0.001
  [Trial  70] blogcatalog_random_0.5 | acc=0.5127  (60.5s)  knn=p  k=  1  dexp=7.66  p_grd=0.485  unc_rem=0.944  unc_rel=0.272  drop=0.69  h=128  L=1  lr=0.1  wd=0.001
  [Trial  71] blogcatalog_random_0.5 | acc=0.6061  (157.0s)  knn=p  k= 22  dexp=8.61  p_grd=0.295  unc_rem=0.697  unc_rel=0.124  drop=0.65  h=128  L=2  lr=0.01  wd=0.001
  [Trial  72] blogcatalog_random_0.5 | acc=0.3595  (40.0s)  knn=p  k= 22  dexp=8.90  p_grd=0.344  unc_rem=0.351  unc_rel=0.141  drop=0.54  h=128  L=2  lr=1e-05  wd=0.001
  [Trial  73] blogcatalog_random_0.5 | acc=0.5969  (23.7s)  knn=u  k=-    dexp=8.57  p_grd=0.277  unc_rem=0.691  unc_rel=0.359  drop=0.56  h=128  L=2  lr=0.01  wd=0.001
  [Trial  74] blogcatalog_random_0.5 | acc=0.6135  (112.4s)  knn=u  k=-    dexp=8.42  p_grd=0.326  unc_rem=0.690  unc_rel=0.426  drop=0.55  h=128  L=2  lr=0.01  wd=0.001
  [Trial  75] blogcatalog_random_0.5 | acc=0.1809  (60.4s)  knn=p  k= 14  dexp=9.56  p_grd=0.437  unc_rem=0.840  unc_rel=0.141  drop=0.46  h=128  L=4  lr=0.05  wd=0.05
  [Trial  76] blogcatalog_random_0.5 | acc=0.5902  (78.9s)  knn=d  k= 17  dexp=7.88  p_grd=0.438  unc_rem=0.917  unc_rel=0.650  drop=0.52  h=64  L=2  lr=0.01  wd=1e-05
  [Trial  77] blogcatalog_random_0.5 | acc=0.5798  (37.7s)  knn=p  k= 21  dexp=9.44  p_grd=0.242  unc_rem=0.726  unc_rel=0.274  drop=0.52  h=128  L=2  lr=0.01  wd=0.005
  [Trial  78] blogcatalog_random_0.5 | acc=0.5673  (77.1s)  knn=p  k= 12  dexp=9.55  p_grd=0.474  unc_rem=0.950  unc_rel=0.122  drop=0.79  h=64  L=2  lr=0.005  wd=0.0001
  [Trial  79] blogcatalog_random_0.5 | acc=0.5630  (51.1s)  knn=d  k= 18  dexp=8.60  p_grd=0.418  unc_rem=0.952  unc_rel=0.927  drop=0.32  h=32  L=2  lr=0.01  wd=0.001
  [Trial  80] blogcatalog_random_0.5 | acc=0.6000  (45.6s)  knn=p  k= 22  dexp=5.53  p_grd=0.369  unc_rem=0.672  unc_rel=0.035  drop=0.43  h=128  L=2  lr=0.005  wd=0.001
  [Trial  81] blogcatalog_random_0.5 | acc=0.4464  (62.8s)  knn=p  k= 17  dexp=9.32  p_grd=0.325  unc_rem=0.780  unc_rel=0.093  drop=0.61  h=128  L=2  lr=0.0001  wd=0.001
  [Trial  82] blogcatalog_random_0.5 | acc=0.6017  (148.4s)  knn=p  k= 22  dexp=8.58  p_grd=0.152  unc_rem=0.351  unc_rel=0.081  drop=0.76  h=128  L=2  lr=0.01  wd=0.001
  [Trial  83] blogcatalog_random_0.5 | acc=0.6089  (54.9s)  knn=u  k=-    dexp=4.65  p_grd=0.416  unc_rem=0.545  unc_rel=0.261  drop=0.61  h=128  L=2  lr=0.005  wd=0.0005
  [Trial  84] blogcatalog_random_0.5 | acc=0.5505  (138.5s)  knn=u  k=-    dexp=2.63  p_grd=0.445  unc_rem=0.231  unc_rel=0.255  drop=0.78  h=128  L=2  lr=0.0005  wd=0.0005
  [Trial  85] blogcatalog_random_0.5 | acc=0.6025  (171.6s)  knn=s  k=  5  dexp=5.01  p_grd=0.306  unc_rem=0.768  unc_rel=0.084  drop=0.57  h=128  L=2  lr=0.01  wd=0.001
  [Trial  86] blogcatalog_random_0.5 | acc=0.5998  (69.0s)  knn=p  k= 17  dexp=7.86  p_grd=0.423  unc_rem=0.841  unc_rel=0.290  drop=0.62  h=32  L=2  lr=0.005  wd=0.001
  [Trial  87] blogcatalog_random_0.5 | acc=0.5719  (32.2s)  knn=u  k=-    dexp=5.70  p_grd=0.479  unc_rem=0.370  unc_rel=0.470  drop=0.43  h=128  L=2  lr=0.005  wd=0.0005
  [Trial  88] blogcatalog_random_0.5 | acc=0.4714  (26.1s)  knn=u  k=-    dexp=5.88  p_grd=0.370  unc_rem=0.636  unc_rel=0.174  drop=0.64  h=128  L=4  lr=0.01  wd=0.0005
  [Trial  89] blogcatalog_random_0.5 | acc=0.4976  (115.7s)  knn=u  k=-    dexp=2.98  p_grd=0.478  unc_rem=0.617  unc_rel=0.071  drop=0.48  h=128  L=2  lr=0.005  wd=0.005
  [Trial  90] blogcatalog_random_0.5 | acc=0.4550  (58.5s)  knn=d  k= 11  dexp=5.59  p_grd=0.407  unc_rem=0.556  unc_rel=0.155  drop=0.54  h=128  L=2  lr=0.01  wd=0.01
  [Trial  91] blogcatalog_random_0.5 | acc=0.5322  (243.2s)  knn=p  k= 19  dexp=9.33  p_grd=0.394  unc_rem=0.645  unc_rel=0.076  drop=0.57  h=128  L=1  lr=0.01  wd=0.001
  [Trial  92] blogcatalog_random_0.5 | acc=0.4954  (98.0s)  knn=s  k= 55  dexp=3.76  p_grd=0.234  unc_rem=0.794  unc_rel=0.093  drop=0.49  h=128  L=3  lr=0.01  wd=0.001
  [Trial  93] blogcatalog_random_0.5 | acc=0.3872  (87.6s)  knn=s  k=  5  dexp=1.51  p_grd=0.244  unc_rem=0.862  unc_rel=0.021  drop=0.64  h=128  L=2  lr=0.1  wd=0.1
  [Trial  94] blogcatalog_random_0.5 | acc=0.5539  (98.4s)  knn=p  k=  5  dexp=6.69  p_grd=0.474  unc_rem=0.957  unc_rel=0.193  drop=0.71  h=128  L=2  lr=0.0005  wd=5e-05
  [Trial  95] blogcatalog_random_0.5 | acc=0.5945  (69.1s)  knn=p  k=  5  dexp=7.02  p_grd=0.400  unc_rem=0.755  unc_rel=0.305  drop=0.86  h=128  L=2  lr=0.01  wd=0.001
  [Trial  96] blogcatalog_random_0.5 | acc=0.5587  (40.8s)  knn=u  k=-    dexp=7.56  p_grd=0.281  unc_rem=0.713  unc_rel=0.033  drop=0.61  h=128  L=2  lr=0.005  wd=0.0005
  [Trial  97] blogcatalog_random_0.5 | acc=0.5079  (153.8s)  knn=u  k=-    dexp=3.53  p_grd=0.284  unc_rem=0.414  unc_rel=0.330  drop=0.59  h=64  L=1  lr=0.005  wd=0.0005
  [Trial  98] blogcatalog_random_0.5 | acc=0.5767  (122.2s)  knn=s  k= 30  dexp=3.07  p_grd=0.395  unc_rem=0.645  unc_rel=0.365  drop=0.74  h=128  L=2  lr=0.005  wd=0.0005
  [Trial  99] blogcatalog_random_0.5 | acc=0.4459  (43.2s)  knn=s  k=  5  dexp=6.82  p_grd=0.347  unc_rem=0.723  unc_rel=0.023  drop=0.40  h=16  L=4  lr=0.01  wd=0.001
  [Trial 100] blogcatalog_random_0.5 | acc=0.2626  (87.3s)  knn=d  k= 18  dexp=7.81  p_grd=0.349  unc_rem=0.640  unc_rel=0.655  drop=0.62  h=64  L=2  lr=1e-05  wd=0.001
  [Trial 101] blogcatalog_random_0.5 | acc=0.6299  (35.8s)  knn=s  k= 30  dexp=9.91  p_grd=0.391  unc_rem=0.835  unc_rel=0.755  drop=0.59  h=64  L=2  lr=0.01  wd=0.001
  [Trial 102] blogcatalog_random_0.5 | acc=0.5921  (66.1s)  knn=s  k= 35  dexp=8.97  p_grd=0.179  unc_rem=0.824  unc_rel=0.822  drop=0.46  h=64  L=2  lr=0.01  wd=0.001
  [Trial 103] blogcatalog_random_0.5 | acc=0.2905  (68.0s)  knn=s  k= 30  dexp=9.74  p_grd=0.375  unc_rem=0.685  unc_rel=0.101  drop=0.69  h=128  L=3  lr=0.1  wd=0.001
  [Trial 104] blogcatalog_random_0.5 | acc=0.3699  (49.8s)  knn=s  k= 30  dexp=9.65  p_grd=0.391  unc_rem=0.803  unc_rel=0.756  drop=0.55  h=64  L=2  lr=0.01  wd=0.05
  [Trial 105] blogcatalog_random_0.5 | acc=0.6407  (239.9s)  knn=s  k= 30  dexp=8.06  p_grd=0.471  unc_rem=0.990  unc_rel=0.678  drop=0.80  h=64  L=2  lr=0.01  wd=0.001
  [Trial 106] blogcatalog_random_0.5 | acc=0.6330  (49.8s)  knn=s  k= 30  dexp=7.30  p_grd=0.427  unc_rem=0.991  unc_rel=0.892  drop=0.80  h=64  L=2  lr=0.01  wd=0.001
  [Trial 107] blogcatalog_random_0.5 | acc=0.3139  (138.7s)  knn=s  k= 45  dexp=9.40  p_grd=0.485  unc_rem=0.599  unc_rel=0.757  drop=0.79  h=64  L=2  lr=0.1  wd=0.001
  [Trial 108] blogcatalog_random_0.5 | acc=0.6073  (183.4s)  knn=s  k= 30  dexp=7.88  p_grd=0.475  unc_rem=0.848  unc_rel=0.625  drop=0.84  h=32  L=2  lr=0.01  wd=0.0005
  [Trial 109] blogcatalog_random_0.5 | acc=0.5544  (76.7s)  knn=s  k= 35  dexp=7.73  p_grd=0.359  unc_rem=0.496  unc_rel=0.882  drop=0.63  h=32  L=2  lr=0.01  wd=0.0005
  [Trial 110] blogcatalog_random_0.5 | acc=0.6080  (174.7s)  knn=s  k= 35  dexp=8.48  p_grd=0.478  unc_rem=0.918  unc_rel=0.443  drop=0.86  h=32  L=2  lr=0.01  wd=0.001
  [Trial 111] blogcatalog_random_0.5 | acc=0.5705  (80.6s)  knn=s  k= 40  dexp=7.92  p_grd=0.309  unc_rem=0.879  unc_rel=0.576  drop=0.76  h=16  L=2  lr=0.01  wd=0.001
  [Trial 112] blogcatalog_random_0.5 | acc=0.5832  (124.3s)  knn=s  k= 35  dexp=8.54  p_grd=0.462  unc_rem=0.855  unc_rel=0.551  drop=0.77  h=32  L=2  lr=0.01  wd=0.001
  [Trial 113] blogcatalog_random_0.5 | acc=0.2619  (237.6s)  knn=s  k= 30  dexp=7.89  p_grd=0.458  unc_rem=0.842  unc_rel=0.897  drop=0.90  h=16  L=2  lr=0.01  wd=0.1
  [Trial 114] blogcatalog_random_0.5 | acc=0.5325  (42.6s)  knn=s  k= 30  dexp=7.39  p_grd=0.403  unc_rem=0.941  unc_rel=0.601  drop=0.78  h=32  L=2  lr=0.05  wd=0.0005
  [Trial 115] blogcatalog_random_0.5 | acc=0.6034  (80.9s)  knn=s  k= 35  dexp=4.88  p_grd=0.442  unc_rem=0.899  unc_rel=0.911  drop=0.81  h=64  L=2  lr=0.01  wd=0.001
  [Trial 116] blogcatalog_random_0.5 | acc=0.4117  (37.2s)  knn=s  k= 30  dexp=8.57  p_grd=0.328  unc_rem=0.985  unc_rel=0.957  drop=0.81  h=64  L=2  lr=0.0001  wd=0.001
  [Trial 117] blogcatalog_random_0.5 | acc=0.5964  (204.8s)  knn=p  k= 24  dexp=1.83  p_grd=0.472  unc_rem=0.653  unc_rel=0.113  drop=0.64  h=128  L=2  lr=0.005  wd=0.001
  [Trial 118] blogcatalog_random_0.5 | acc=0.4925  (41.5s)  knn=s  k= 40  dexp=7.17  p_grd=0.453  unc_rem=0.949  unc_rel=0.727  drop=0.65  h=64  L=1  lr=0.05  wd=0.001
  [Trial 119] blogcatalog_random_0.5 | acc=0.5746  (63.5s)  knn=s  k= 30  dexp=7.60  p_grd=0.446  unc_rem=0.798  unc_rel=0.501  drop=0.80  h=128  L=2  lr=0.005  wd=0.001
  [Trial 120] blogcatalog_random_0.5 | acc=0.6056  (192.2s)  knn=p  k= 24  dexp=9.15  p_grd=0.411  unc_rem=0.888  unc_rel=0.284  drop=0.63  h=128  L=2  lr=0.005  wd=0.001
  [Trial 121] blogcatalog_random_0.5 | acc=0.5245  (145.0s)  knn=u  k=-    dexp=9.42  p_grd=0.457  unc_rem=0.909  unc_rel=0.318  drop=0.87  h=32  L=3  lr=0.01  wd=0.001
  [Trial 122] blogcatalog_random_0.5 | acc=0.4495  (46.4s)  knn=s  k= 30  dexp=7.12  p_grd=0.325  unc_rem=0.928  unc_rel=0.869  drop=0.82  h=64  L=4  lr=0.01  wd=0.0001
  [Trial 123] blogcatalog_random_0.5 | acc=0.3446  (176.6s)  knn=s  k= 30  dexp=9.31  p_grd=0.496  unc_rem=0.963  unc_rel=0.692  drop=0.82  h=64  L=2  lr=0.001  wd=0.1
  [Trial 124] blogcatalog_random_0.5 | acc=0.5322  (45.2s)  knn=s  k= 30  dexp=7.89  p_grd=0.435  unc_rem=0.973  unc_rel=0.851  drop=0.83  h=128  L=1  lr=0.01  wd=0.001
  [Trial 125] blogcatalog_random_0.5 | acc=0.3980  (27.1s)  knn=u  k=-    dexp=9.63  p_grd=0.476  unc_rem=0.903  unc_rel=0.601  drop=0.88  h=16  L=2  lr=0.0001  wd=0.001
  [Trial 126] blogcatalog_random_0.5 | acc=0.5979  (90.3s)  knn=s  k= 30  dexp=7.39  p_grd=0.399  unc_rem=0.870  unc_rel=0.583  drop=0.81  h=64  L=2  lr=0.01  wd=0.0005
  [Trial 127] blogcatalog_random_0.5 | acc=0.4524  (65.4s)  knn=u  k=-    dexp=6.49  p_grd=0.420  unc_rem=0.873  unc_rel=0.630  drop=0.78  h=64  L=1  lr=0.01  wd=0.05
  [Trial 128] blogcatalog_random_0.5 | acc=0.4490  (306.5s)  knn=u  k=-    dexp=3.29  p_grd=0.425  unc_rem=0.619  unc_rel=0.247  drop=0.59  h=128  L=2  lr=0.05  wd=0.0005
  [Trial 129] blogcatalog_random_0.5 | acc=0.3538  (202.0s)  knn=s  k= 25  dexp=6.87  p_grd=0.382  unc_rem=0.999  unc_rel=0.085  drop=0.73  h=128  L=2  lr=0.005  wd=0.05
  [Trial 130] blogcatalog_random_0.5 | acc=0.5445  (66.6s)  knn=p  k= 24  dexp=6.36  p_grd=0.447  unc_rem=0.989  unc_rel=0.920  drop=0.76  h=64  L=3  lr=0.01  wd=0.001
  [Trial 131] blogcatalog_random_0.5 | acc=0.6248  (54.3s)  knn=u  k=-    dexp=9.19  p_grd=0.474  unc_rem=0.693  unc_rel=0.681  drop=0.81  h=32  L=2  lr=0.01  wd=0.0005
  [Trial 132] blogcatalog_random_0.5 | acc=0.5760  (27.4s)  knn=u  k=-    dexp=9.46  p_grd=0.491  unc_rem=0.548  unc_rel=0.586  drop=0.85  h=32  L=2  lr=0.01  wd=0.0005
  [Trial 133] blogcatalog_random_0.5 | acc=0.1628  (149.7s)  knn=u  k=-    dexp=9.48  p_grd=0.377  unc_rem=0.923  unc_rel=0.621  drop=0.77  h=32  L=1  lr=1e-05  wd=0.0005
  [Trial 134] blogcatalog_random_0.5 | acc=0.5488  (137.7s)  knn=s  k= 40  dexp=8.21  p_grd=0.484  unc_rem=0.815  unc_rel=0.774  drop=0.88  h=64  L=3  lr=0.01  wd=5e-05
  [Trial 135] blogcatalog_random_0.5 | acc=0.5885  (105.4s)  knn=p  k= 23  dexp=8.39  p_grd=0.337  unc_rem=0.622  unc_rel=0.024  drop=0.75  h=128  L=2  lr=0.01  wd=0.0005
  [Trial 136] blogcatalog_random_0.5 | acc=0.6111  (42.3s)  knn=s  k= 30  dexp=9.98  p_grd=0.355  unc_rem=0.631  unc_rel=0.513  drop=0.59  h=64  L=2  lr=0.01  wd=0.001
  [Trial 137] blogcatalog_random_0.5 | acc=0.4194  (62.1s)  knn=u  k=-    dexp=8.65  p_grd=0.394  unc_rem=0.555  unc_rel=0.891  drop=0.63  h=32  L=3  lr=0.01  wd=0.01
  [Trial 138] blogcatalog_random_0.5 | acc=0.4863  (66.5s)  knn=s  k= 35  dexp=6.91  p_grd=0.491  unc_rem=0.724  unc_rel=0.691  drop=0.90  h=32  L=4  lr=0.01  wd=1e-05
  [Trial 139] blogcatalog_random_0.5 | acc=0.5390  (53.5s)  knn=s  k= 35  dexp=9.47  p_grd=0.474  unc_rem=0.807  unc_rel=0.521  drop=0.53  h=64  L=2  lr=0.0005  wd=0.001
  [Trial 140] blogcatalog_random_0.5 | acc=0.5830  (162.9s)  knn=s  k= 30  dexp=5.43  p_grd=0.433  unc_rem=0.691  unc_rel=0.461  drop=0.80  h=32  L=2  lr=0.01  wd=0.0005
  [Trial 141] blogcatalog_random_0.5 | acc=0.5895  (61.2s)  knn=s  k= 30  dexp=8.74  p_grd=0.301  unc_rem=0.436  unc_rel=0.551  drop=0.50  h=64  L=2  lr=0.01  wd=0.001
  [Trial 142] blogcatalog_random_0.5 | acc=0.3632  (91.2s)  knn=p  k= 23  dexp=6.90  p_grd=0.242  unc_rem=0.979  unc_rel=0.108  drop=0.77  h=128  L=2  lr=1e-05  wd=0.001
  [Trial 143] blogcatalog_random_0.5 | acc=0.6159  (55.1s)  knn=p  k= 23  dexp=5.95  p_grd=0.384  unc_rem=0.626  unc_rel=0.056  drop=0.78  h=64  L=2  lr=0.005  wd=0.001
  [Trial 144] blogcatalog_random_0.5 | acc=0.5873  (76.8s)  knn=p  k= 24  dexp=6.54  p_grd=0.423  unc_rem=0.267  unc_rel=0.221  drop=0.74  h=64  L=2  lr=0.005  wd=0.001
  [Trial 145] blogcatalog_random_0.5 | acc=0.3632  (48.1s)  knn=u  k=-    dexp=7.66  p_grd=0.394  unc_rem=0.736  unc_rel=0.706  drop=0.73  h=32  L=2  lr=0.1  wd=0.05
  [Trial 146] blogcatalog_random_0.5 | acc=0.3920  (143.3s)  knn=s  k= 30  dexp=9.71  p_grd=0.355  unc_rem=0.829  unc_rel=0.579  drop=0.55  h=64  L=4  lr=0.01  wd=0.001
  [Trial 147] blogcatalog_random_0.5 | acc=0.5839  (78.1s)  knn=d  k= 23  dexp=5.61  p_grd=0.363  unc_rem=0.339  unc_rel=0.051  drop=0.78  h=128  L=2  lr=0.005  wd=5e-05
  [Trial 148] blogcatalog_random_0.5 | acc=0.6308  (38.5s)  knn=s  k= 40  dexp=8.50  p_grd=0.474  unc_rem=0.982  unc_rel=0.923  drop=0.60  h=64  L=2  lr=0.01  wd=0.001
  [Trial 149] blogcatalog_random_0.5 | acc=0.4815  (69.0s)  knn=u  k=-    dexp=5.41  p_grd=0.336  unc_rem=0.790  unc_rel=0.126  drop=0.76  h=64  L=2  lr=0.005  wd=0.01
  [Trial 150] blogcatalog_random_0.5 | acc=0.6176  (149.5s)  knn=s  k= 50  dexp=8.28  p_grd=0.401  unc_rem=0.838  unc_rel=0.755  drop=0.54  h=64  L=2  lr=0.01  wd=0.001
  [Trial 151] blogcatalog_random_0.5 | acc=0.3316  (65.8s)  knn=s  k= 50  dexp=6.83  p_grd=0.406  unc_rem=0.833  unc_rel=0.856  drop=0.39  h=64  L=2  lr=0.1  wd=0.001
  [Trial 152] blogcatalog_random_0.5 | acc=0.5625  (61.4s)  knn=p  k= 24  dexp=7.72  p_grd=0.265  unc_rem=0.564  unc_rel=0.214  drop=0.79  h=64  L=2  lr=0.005  wd=5e-05
  [Trial 153] blogcatalog_random_0.5 | acc=0.5738  (55.6s)  knn=p  k= 14  dexp=5.93  p_grd=0.397  unc_rem=0.840  unc_rel=0.032  drop=0.79  h=64  L=2  lr=0.005  wd=0.001
  [Trial 154] blogcatalog_random_0.5 | acc=0.4800  (150.1s)  knn=s  k= 50  dexp=7.91  p_grd=0.428  unc_rem=0.929  unc_rel=0.899  drop=0.66  h=128  L=2  lr=0.0005  wd=0.005
  [Trial 155] blogcatalog_random_0.5 | acc=0.6005  (71.5s)  knn=s  k= 45  dexp=9.59  p_grd=0.468  unc_rem=0.915  unc_rel=0.732  drop=0.52  h=64  L=2  lr=0.01  wd=0.001
  [Trial 156] blogcatalog_random_0.5 | acc=0.5534  (71.4s)  knn=u  k=-    dexp=5.06  p_grd=0.352  unc_rem=0.769  unc_rel=0.613  drop=0.76  h=32  L=2  lr=0.005  wd=0.0005
  [Trial 157] blogcatalog_random_0.5 | acc=0.5464  (70.0s)  knn=s  k= 55  dexp=9.53  p_grd=0.475  unc_rem=0.842  unc_rel=0.937  drop=0.57  h=64  L=2  lr=0.05  wd=0.0005
  [Trial 158] blogcatalog_random_0.5 | acc=0.3682  (86.4s)  knn=u  k=-    dexp=5.46  p_grd=0.352  unc_rem=0.502  unc_rel=0.406  drop=0.61  h=128  L=2  lr=0.005  wd=0.1
  [Trial 159] blogcatalog_random_0.5 | acc=0.2773  (45.0s)  knn=u  k=-    dexp=2.05  p_grd=0.438  unc_rem=0.427  unc_rel=0.471  drop=0.65  h=128  L=3  lr=0.005  wd=0.05
  [Trial 160] blogcatalog_random_0.5 | acc=0.6121  (85.8s)  knn=p  k= 24  dexp=6.53  p_grd=0.476  unc_rem=0.956  unc_rel=0.146  drop=0.86  h=128  L=2  lr=0.005  wd=0.001
  [Trial 161] blogcatalog_random_0.5 | acc=0.5791  (146.4s)  knn=p  k= 23  dexp=1.95  p_grd=0.264  unc_rem=0.424  unc_rel=0.197  drop=0.73  h=64  L=2  lr=0.005  wd=0.0001
  [Trial 162] blogcatalog_random_0.5 | acc=0.5786  (131.0s)  knn=s  k= 45  dexp=8.33  p_grd=0.466  unc_rem=0.983  unc_rel=0.918  drop=0.89  h=64  L=2  lr=0.01  wd=0.005
  [Trial 163] blogcatalog_random_0.5 | acc=0.4555  (51.4s)  knn=u  k=-    dexp=7.86  p_grd=0.240  unc_rem=0.495  unc_rel=0.508  drop=0.46  h=128  L=1  lr=0.01  wd=0.05
  [Trial 164] blogcatalog_random_0.5 | acc=0.5661  (93.2s)  knn=p  k= 24  dexp=5.81  p_grd=0.443  unc_rem=0.578  unc_rel=0.044  drop=0.78  h=128  L=2  lr=0.001  wd=0.001
  [Trial 165] blogcatalog_random_0.5 | acc=0.5322  (99.7s)  knn=s  k= 40  dexp=7.60  p_grd=0.314  unc_rem=0.965  unc_rel=0.405  drop=0.85  h=32  L=1  lr=0.01  wd=0.001
  [Trial 166] blogcatalog_random_0.5 | acc=0.5690  (73.7s)  knn=p  k= 24  dexp=6.79  p_grd=0.481  unc_rem=0.973  unc_rel=0.249  drop=0.79  h=128  L=2  lr=0.005  wd=0.001
  [Trial 167] blogcatalog_random_0.5 | acc=0.5075  (27.3s)  knn=u  k=-    dexp=8.46  p_grd=0.395  unc_rem=0.851  unc_rel=0.923  drop=0.89  h=32  L=2  lr=0.001  wd=0.0005
  [Trial 168] blogcatalog_random_0.5 | acc=0.5685  (84.7s)  knn=s  k= 40  dexp=7.54  p_grd=0.493  unc_rem=0.811  unc_rel=0.967  drop=0.71  h=32  L=3  lr=0.005  wd=0.001
  [Trial 169] blogcatalog_random_0.5 | acc=0.5868  (88.9s)  knn=u  k=-    dexp=5.24  p_grd=0.440  unc_rem=0.720  unc_rel=0.281  drop=0.66  h=128  L=3  lr=0.005  wd=0.0005
  [Trial 170] blogcatalog_random_0.5 | acc=0.3415  (125.5s)  knn=u  k=-    dexp=4.81  p_grd=0.467  unc_rem=0.852  unc_rel=0.666  drop=0.61  h=64  L=2  lr=0.01  wd=0.1
  [Trial 171] blogcatalog_random_0.5 | acc=0.4615  (138.5s)  knn=s  k= 40  dexp=5.50  p_grd=0.366  unc_rem=0.928  unc_rel=0.865  drop=0.70  h=64  L=4  lr=0.005  wd=0.001
  [Trial 172] blogcatalog_random_0.5 | acc=0.6364  (90.8s)  knn=u  k=-    dexp=6.32  p_grd=0.383  unc_rem=0.386  unc_rel=0.204  drop=0.49  h=64  L=2  lr=0.01  wd=0.0005
  [Trial 173] blogcatalog_random_0.5 | acc=0.5325  (55.3s)  knn=p  k= 24  dexp=6.78  p_grd=0.368  unc_rem=0.489  unc_rel=0.284  drop=0.49  h=64  L=2  lr=0.0005  wd=0.0005
  [Trial 174] blogcatalog_random_0.5 | acc=0.5291  (32.0s)  knn=u  k=-    dexp=8.91  p_grd=0.354  unc_rem=0.636  unc_rel=0.711  drop=0.43  h=64  L=2  lr=0.05  wd=0.001
  [Trial 175] blogcatalog_random_0.5 | acc=0.5943  (189.7s)  knn=s  k= 15  dexp=5.74  p_grd=0.407  unc_rem=0.928  unc_rel=0.995  drop=0.48  h=128  L=2  lr=0.01  wd=0.001
  [Trial 176] blogcatalog_random_0.5 | acc=0.5770  (37.5s)  knn=u  k=-    dexp=7.83  p_grd=0.457  unc_rem=0.551  unc_rel=0.201  drop=0.51  h=64  L=2  lr=0.01  wd=0.0005
  [Trial 177] blogcatalog_random_0.5 | acc=0.5479  (86.5s)  knn=p  k= 19  dexp=8.90  p_grd=0.375  unc_rem=0.955  unc_rel=0.179  drop=0.59  h=128  L=3  lr=0.005  wd=5e-05
  [Trial 178] blogcatalog_random_0.5 | acc=0.6008  (68.6s)  knn=s  k= 50  dexp=9.01  p_grd=0.379  unc_rem=0.887  unc_rel=0.620  drop=0.85  h=64  L=2  lr=0.01  wd=0.001
  [Trial 179] blogcatalog_random_0.5 | acc=0.5685  (148.8s)  knn=p  k= 24  dexp=9.80  p_grd=0.282  unc_rem=0.866  unc_rel=0.877  drop=0.58  h=64  L=2  lr=0.01  wd=5e-05
  [Trial 180] blogcatalog_random_0.5 | acc=0.6065  (68.4s)  knn=u  k=-    dexp=9.03  p_grd=0.392  unc_rem=0.691  unc_rel=0.572  drop=0.63  h=128  L=3  lr=0.01  wd=5e-05
  [Trial 181] blogcatalog_random_0.5 | acc=0.6029  (102.2s)  knn=u  k=-    dexp=4.75  p_grd=0.375  unc_rem=0.277  unc_rel=0.403  drop=0.53  h=32  L=2  lr=0.01  wd=0.0005
  [Trial 182] blogcatalog_random_0.5 | acc=0.4197  (117.6s)  knn=u  k=-    dexp=3.72  p_grd=0.360  unc_rem=0.258  unc_rel=0.097  drop=0.47  h=64  L=2  lr=0.0001  wd=0.0005
  [Trial 183] blogcatalog_random_0.5 | acc=0.3793  (75.6s)  knn=p  k= 24  dexp=2.79  p_grd=0.426  unc_rem=0.661  unc_rel=0.031  drop=0.54  h=128  L=4  lr=0.0005  wd=0.005
  [Trial 184] blogcatalog_random_0.5 | acc=0.5334  (132.2s)  knn=p  k= 24  dexp=9.10  p_grd=0.415  unc_rem=0.622  unc_rel=0.125  drop=0.88  h=64  L=2  lr=0.01  wd=0.005
  [Trial 185] blogcatalog_random_0.5 | acc=0.5546  (76.0s)  knn=p  k= 24  dexp=6.93  p_grd=0.274  unc_rem=0.574  unc_rel=0.177  drop=0.69  h=128  L=3  lr=0.005  wd=0.001
  [Trial 186] blogcatalog_random_0.5 | acc=0.5801  (186.8s)  knn=s  k= 35  dexp=9.51  p_grd=0.485  unc_rem=0.943  unc_rel=0.038  drop=0.84  h=32  L=2  lr=0.01  wd=5e-05
  [Trial 187] blogcatalog_random_0.5 | acc=0.5835  (107.7s)  knn=u  k=-    dexp=9.22  p_grd=0.332  unc_rem=0.405  unc_rel=0.848  drop=0.46  h=128  L=2  lr=0.01  wd=0.001
  [Trial 188] blogcatalog_random_0.5 | acc=0.5880  (78.9s)  knn=p  k= 24  dexp=5.41  p_grd=0.388  unc_rem=0.522  unc_rel=0.213  drop=0.61  h=128  L=2  lr=0.005  wd=0.0005
  [Trial 189] blogcatalog_random_0.5 | acc=0.5339  (220.0s)  knn=s  k= 35  dexp=8.38  p_grd=0.396  unc_rem=0.815  unc_rel=0.918  drop=0.55  h=64  L=1  lr=0.01  wd=0.0005
  [Trial 190] blogcatalog_random_0.5 | acc=0.4206  (97.4s)  knn=s  k= 40  dexp=7.68  p_grd=0.421  unc_rem=0.558  unc_rel=0.339  drop=0.88  h=32  L=2  lr=0.0005  wd=0.01
  [Trial 191] blogcatalog_random_0.5 | acc=0.5546  (74.3s)  knn=s  k= 30  dexp=8.53  p_grd=0.480  unc_rem=0.893  unc_rel=0.591  drop=0.76  h=32  L=2  lr=0.01  wd=0.0005
  [Trial 192] blogcatalog_random_0.5 | acc=0.5315  (49.7s)  knn=u  k=-    dexp=7.79  p_grd=0.408  unc_rem=0.304  unc_rel=0.129  drop=0.40  h=128  L=2  lr=0.01  wd=1e-05
  [Trial 193] blogcatalog_random_0.5 | acc=0.5515  (150.1s)  knn=u  k=-    dexp=9.75  p_grd=0.440  unc_rem=0.918  unc_rel=0.731  drop=0.59  h=128  L=3  lr=0.01  wd=5e-05
  [Trial 194] blogcatalog_random_0.5 | acc=0.5734  (111.3s)  knn=p  k= 24  dexp=9.20  p_grd=0.486  unc_rem=0.879  unc_rel=0.185  drop=0.28  h=16  L=2  lr=0.005  wd=0.001
  [Trial 195] blogcatalog_random_0.5 | acc=0.5519  (100.2s)  knn=p  k= 15  dexp=9.78  p_grd=0.468  unc_rem=0.957  unc_rel=0.156  drop=0.65  h=128  L=2  lr=0.005  wd=0.005
  [Trial 196] blogcatalog_random_0.5 | acc=0.5313  (95.9s)  knn=u  k=-    dexp=8.68  p_grd=0.454  unc_rem=0.394  unc_rel=0.407  drop=0.64  h=128  L=3  lr=0.01  wd=5e-05
  [Trial 197] blogcatalog_random_0.5 | acc=0.4497  (88.5s)  knn=u  k=-    dexp=9.64  p_grd=0.328  unc_rem=0.855  unc_rel=0.472  drop=0.47  h=128  L=2  lr=0.01  wd=0.01
  [Trial 198] blogcatalog_random_0.5 | acc=0.5765  (54.6s)  knn=u  k=-    dexp=5.28  p_grd=0.470  unc_rem=0.953  unc_rel=0.624  drop=0.84  h=32  L=2  lr=0.01  wd=5e-05
  [Trial 199] blogcatalog_random_0.5 | acc=0.6082  (45.9s)  knn=u  k=-    dexp=7.40  p_grd=0.396  unc_rem=0.834  unc_rel=0.870  drop=0.66  h=64  L=2  lr=0.01  wd=0.001
  [Trial 200] blogcatalog_random_0.5 | acc=0.4420  (98.8s)  knn=u  k=-    dexp=6.93  p_grd=0.370  unc_rem=0.859  unc_rel=0.789  drop=0.71  h=64  L=4  lr=0.01  wd=0.0005

[Optuna] Optimization done. 200/200 trials completed.

[Retest] (blogcatalog_random_0.5) Testing top-5 configs × 10 seeds...

  [Retest] (blogcatalog_random_0.5) Config 1/5: (Trial #68, Orig Acc: 0.6530)
           Params: {'knn_mode': 'p', 'k': 21, 'dexp': 8.258634512181201, 'p_grd': 0.3742491607149343, 'unc_rem': 0.6608280687494081, 'unc_rel': 0.062121239265658074, 'dropout': 0.6499201475895447, 'n_hidden': 128, 'n_layer': 2, 'lr': 0.01, 'weight_decay': 0.001}
    [Retest] blogcatalog | Config 1 | Run 1/10 | seed=3000 | Acc: 0.6414 | Mean: 0.6414 | Time: 142.9s
    [Retest] blogcatalog | Config 1 | Run 2/10 | seed=3001 | Acc: 0.5094 | Mean: 0.5754 | Time: 120.6s
    [Retest] blogcatalog | Config 1 | Run 3/10 | seed=3002 | Acc: 0.6068 | Mean: 0.5859 | Time: 60.0s
    [Retest] blogcatalog | Config 1 | Run 4/10 | seed=3003 | Acc: 0.6532 | Mean: 0.6027 | Time: 346.4s
    [Retest] blogcatalog | Config 1 | Run 5/10 | seed=3004 | Acc: 0.4697 | Mean: 0.5761 | Time: 124.5s
    [Retest] blogcatalog | Config 1 | Run 6/10 | seed=3005 | Acc: 0.6188 | Mean: 0.5832 | Time: 69.6s
    [Retest] blogcatalog | Config 1 | Run 7/10 | seed=3006 | Acc: 0.5580 | Mean: 0.5796 | Time: 63.1s
    [Retest] blogcatalog | Config 1 | Run 8/10 | seed=3007 | Acc: 0.5483 | Mean: 0.5757 | Time: 130.1s
    [Retest] blogcatalog | Config 1 | Run 9/10 | seed=3008 | Acc: 0.6198 | Mean: 0.5806 | Time: 154.3s
    [Retest] blogcatalog | Config 1 | Run 10/10 | seed=3009 | Acc: 0.5669 | Mean: 0.5792 | Time: 74.5s
  [Retest] Config 1: mean=0.5792 ± 0.0563

  [Retest] (blogcatalog_random_0.5) Config 2/5: (Trial #104, Orig Acc: 0.6407)
           Params: {'knn_mode': 's', 'k': 30, 'dexp': 8.058152110553223, 'p_grd': 0.47136971547721185, 'unc_rem': 0.9900156881068741, 'unc_rel': 0.6781889889531816, 'dropout': 0.7951264210321625, 'n_hidden': 64, 'n_layer': 2, 'lr': 0.01, 'weight_decay': 0.001}
    [Retest] blogcatalog | Config 2 | Run 1/10 | seed=3000 | Acc: 0.5996 | Mean: 0.5996 | Time: 155.3s
    [Retest] blogcatalog | Config 2 | Run 2/10 | seed=3001 | Acc: 0.5149 | Mean: 0.5572 | Time: 113.1s
    [Retest] blogcatalog | Config 2 | Run 3/10 | seed=3002 | Acc: 0.5584 | Mean: 0.5576 | Time: 74.9s
    [Retest] blogcatalog | Config 2 | Run 4/10 | seed=3003 | Acc: 0.6255 | Mean: 0.5746 | Time: 53.2s
    [Retest] blogcatalog | Config 2 | Run 5/10 | seed=3004 | Acc: 0.4791 | Mean: 0.5555 | Time: 65.3s
    [Retest] blogcatalog | Config 2 | Run 6/10 | seed=3005 | Acc: 0.6465 | Mean: 0.5707 | Time: 69.8s
    [Retest] blogcatalog | Config 2 | Run 7/10 | seed=3006 | Acc: 0.5856 | Mean: 0.5728 | Time: 48.2s
    [Retest] blogcatalog | Config 2 | Run 8/10 | seed=3007 | Acc: 0.5053 | Mean: 0.5644 | Time: 74.9s
    [Retest] blogcatalog | Config 2 | Run 9/10 | seed=3008 | Acc: 0.5329 | Mean: 0.5609 | Time: 130.6s
    [Retest] blogcatalog | Config 2 | Run 10/10 | seed=3009 | Acc: 0.5669 | Mean: 0.5615 | Time: 159.8s
  [Retest] Config 2: mean=0.5615 ± 0.0513

  [Retest] (blogcatalog_random_0.5) Config 3/5: (Trial #171, Orig Acc: 0.6364)
           Params: {'knn_mode': 'u', 'dexp': 6.318674350127717, 'p_grd': 0.38259241496838076, 'unc_rem': 0.38649286064747973, 'unc_rel': 0.20408516412007438, 'dropout': 0.4929734877659032, 'n_hidden': 64, 'n_layer': 2, 'lr': 0.01, 'weight_decay': 0.0005}
    [Retest] blogcatalog | Config 3 | Run 1/10 | seed=3000 | Acc: 0.6364 | Mean: 0.6364 | Time: 82.2s
    [Retest] blogcatalog | Config 3 | Run 2/10 | seed=3001 | Acc: 0.4880 | Mean: 0.5622 | Time: 173.4s
    [Retest] blogcatalog | Config 3 | Run 3/10 | seed=3002 | Acc: 0.5423 | Mean: 0.5556 | Time: 61.2s
    [Retest] blogcatalog | Config 3 | Run 4/10 | seed=3003 | Acc: 0.6135 | Mean: 0.5700 | Time: 82.9s
    [Retest] blogcatalog | Config 3 | Run 5/10 | seed=3004 | Acc: 0.4719 | Mean: 0.5504 | Time: 72.0s
    [Retest] blogcatalog | Config 3 | Run 6/10 | seed=3005 | Acc: 0.6212 | Mean: 0.5622 | Time: 43.6s
    [Retest] blogcatalog | Config 3 | Run 7/10 | seed=3006 | Acc: 0.5325 | Mean: 0.5580 | Time: 63.9s
    [Retest] blogcatalog | Config 3 | Run 8/10 | seed=3007 | Acc: 0.5221 | Mean: 0.5535 | Time: 61.2s
    [Retest] blogcatalog | Config 3 | Run 9/10 | seed=3008 | Acc: 0.5416 | Mean: 0.5522 | Time: 69.0s
    [Retest] blogcatalog | Config 3 | Run 10/10 | seed=3009 | Acc: 0.5584 | Mean: 0.5528 | Time: 42.3s
  [Retest] Config 3: mean=0.5528 ± 0.0527

  [Retest] (blogcatalog_random_0.5) Config 4/5: (Trial #105, Orig Acc: 0.6330)
           Params: {'knn_mode': 's', 'k': 30, 'dexp': 7.300856508966477, 'p_grd': 0.4269695645707793, 'unc_rem': 0.9912272390281951, 'unc_rel': 0.8924837270777056, 'dropout': 0.7987632298021298, 'n_hidden': 64, 'n_layer': 2, 'lr': 0.01, 'weight_decay': 0.001}
    [Retest] blogcatalog | Config 4 | Run 1/10 | seed=3000 | Acc: 0.6330 | Mean: 0.6330 | Time: 54.3s
    [Retest] blogcatalog | Config 4 | Run 2/10 | seed=3001 | Acc: 0.4702 | Mean: 0.5516 | Time: 70.5s
    [Retest] blogcatalog | Config 4 | Run 3/10 | seed=3002 | Acc: 0.5584 | Mean: 0.5539 | Time: 142.4s
    [Retest] blogcatalog | Config 4 | Run 4/10 | seed=3003 | Acc: 0.6335 | Mean: 0.5738 | Time: 116.1s
    [Retest] blogcatalog | Config 4 | Run 5/10 | seed=3004 | Acc: 0.5551 | Mean: 0.5700 | Time: 45.1s
    [Retest] blogcatalog | Config 4 | Run 6/10 | seed=3005 | Acc: 0.6318 | Mean: 0.5803 | Time: 95.6s
    [Retest] blogcatalog | Config 4 | Run 7/10 | seed=3006 | Acc: 0.5640 | Mean: 0.5780 | Time: 95.5s
    [Retest] blogcatalog | Config 4 | Run 8/10 | seed=3007 | Acc: 0.5072 | Mean: 0.5691 | Time: 46.3s
    [Retest] blogcatalog | Config 4 | Run 9/10 | seed=3008 | Acc: 0.5948 | Mean: 0.5720 | Time: 314.7s
    [Retest] blogcatalog | Config 4 | Run 10/10 | seed=3009 | Acc: 0.5582 | Mean: 0.5706 | Time: 141.9s
  [Retest] Config 4: mean=0.5706 ± 0.0518

  [Retest] (blogcatalog_random_0.5) Config 5/5: (Trial #147, Orig Acc: 0.6308)
           Params: {'knn_mode': 's', 'k': 40, 'dexp': 8.497433015224134, 'p_grd': 0.4738571476084664, 'unc_rem': 0.9821439906839088, 'unc_rel': 0.9231129575311727, 'dropout': 0.6016740146652854, 'n_hidden': 64, 'n_layer': 2, 'lr': 0.01, 'weight_decay': 0.001}
    [Retest] blogcatalog | Config 5 | Run 1/10 | seed=3000 | Acc: 0.6308 | Mean: 0.6308 | Time: 257.8s
    [Retest] blogcatalog | Config 5 | Run 2/10 | seed=3001 | Acc: 0.4649 | Mean: 0.5479 | Time: 67.9s
    [Retest] blogcatalog | Config 5 | Run 3/10 | seed=3002 | Acc: 0.5847 | Mean: 0.5601 | Time: 79.2s
    [Retest] blogcatalog | Config 5 | Run 4/10 | seed=3003 | Acc: 0.5981 | Mean: 0.5696 | Time: 100.6s
    [Retest] blogcatalog | Config 5 | Run 5/10 | seed=3004 | Acc: 0.5635 | Mean: 0.5684 | Time: 189.8s
    [Retest] blogcatalog | Config 5 | Run 6/10 | seed=3005 | Acc: 0.6133 | Mean: 0.5759 | Time: 41.3s
    [Retest] blogcatalog | Config 5 | Run 7/10 | seed=3006 | Acc: 0.5664 | Mean: 0.5745 | Time: 45.3s
    [Retest] blogcatalog | Config 5 | Run 8/10 | seed=3007 | Acc: 0.5712 | Mean: 0.5741 | Time: 131.6s
    [Retest] blogcatalog | Config 5 | Run 9/10 | seed=3008 | Acc: 0.5358 | Mean: 0.5699 | Time: 52.7s
    [Retest] blogcatalog | Config 5 | Run 10/10 | seed=3009 | Acc: 0.5832 | Mean: 0.5712 | Time: 88.1s
  [Retest] Config 5: mean=0.5712 ± 0.0436

[Optuna] Success: Best config saved to log/hpo_db.json:
         {'knn_mode': 'p', 'k': 21, 'dexp': 8.258634512181201, 'p_grd': 0.3742491607149343, 'unc_rem': 0.6608280687494081, 'unc_rel': 0.062121239265658074, 'dropout': 0.6499201475895447, 'n_hidden': 128, 'n_layer': 2, 'lr': 0.01, 'weight_decay': 0.001}
[Optuna] Success: Best retest mean accuracy: 0.5792
[Optuna] Success: Done marker: ./log/nni_done\lnpcc_blogcatalog_random_0.5.done
  [HPO] Done marker saved: ./log/nni_done\lnpcc_blogcatalog_random_0.5.done
[total_exp] --hpo_only: skipping benchmark runs.
[worker] OK DONE  hpo_blogcatalog_random_0.5  gpu=1  399.2 min  rc=0
