[worker] START  lnpcc_citeseer_uniform_0.5  gpu=1
======================================================================
GCN + LN-PCC -- NoisyGL Benchmark (Unified)
Start          : 2026-04-21 16:05:00
Variants       : ['lnpcc']
Datasets       : ['citeseer']
Noise          : [[0.5, 'uniform']]
Runs           : 10  (seeds 3000..3009)
Device         : cuda:1
======================================================================
[HPO] Loaded 160 optimized scenarios from log/hpo_db.json
----Data statistics------'
                Name: citeseer
                #Nodes 3327
                #Edges 4552
                #Classes 6
                #Ave_degree 2.74
----Split statistics------'
                #Train samples 120 (default)
                #Val samples 500 (default)
                #Test samples 1000 (default)

============================================================
  lnpcc | citeseer | uniform 0.5
============================================================
  [HPO] Applying optimized params for citeseer_uniform_0.5
    [16:05:29] citeseer | uniform 0.5 | lnpcc | run  1/10 | seed=3000 | acc=0.5370 | mean=0.5370 | time=28.43s
  [HPO] Applying optimized params for citeseer_uniform_0.5
    [16:05:58] citeseer | uniform 0.5 | lnpcc | run  2/10 | seed=3001 | acc=0.4900 | mean=0.5135 | time=27.36s
  [HPO] Applying optimized params for citeseer_uniform_0.5
    [16:06:34] citeseer | uniform 0.5 | lnpcc | run  3/10 | seed=3002 | acc=0.5660 | mean=0.5310 | time=34.76s
  [HPO] Applying optimized params for citeseer_uniform_0.5
    [16:07:01] citeseer | uniform 0.5 | lnpcc | run  4/10 | seed=3003 | acc=0.5460 | mean=0.5348 | time=25.54s
  [HPO] Applying optimized params for citeseer_uniform_0.5
    [16:07:43] citeseer | uniform 0.5 | lnpcc | run  5/10 | seed=3004 | acc=0.4650 | mean=0.5208 | time=40.17s
  [HPO] Applying optimized params for citeseer_uniform_0.5
    [16:08:18] citeseer | uniform 0.5 | lnpcc | run  6/10 | seed=3005 | acc=0.4640 | mean=0.5113 | time=34.67s
  [HPO] Applying optimized params for citeseer_uniform_0.5
    [16:09:04] citeseer | uniform 0.5 | lnpcc | run  7/10 | seed=3006 | acc=0.6140 | mean=0.5260 | time=42.63s
  [HPO] Applying optimized params for citeseer_uniform_0.5
    [16:09:37] citeseer | uniform 0.5 | lnpcc | run  8/10 | seed=3007 | acc=0.4990 | mean=0.5226 | time=31.81s
  [HPO] Applying optimized params for citeseer_uniform_0.5
    [16:10:16] citeseer | uniform 0.5 | lnpcc | run  9/10 | seed=3008 | acc=0.4650 | mean=0.5162 | time=37.05s
  [HPO] Applying optimized params for citeseer_uniform_0.5
    [16:10:48] citeseer | uniform 0.5 | lnpcc | run 10/10 | seed=3009 | acc=0.5520 | mean=0.5198 | time=29.03s
  -> mean=0.5198 +/- 0.0484

[OK] Partial CSV: ./log\partial\partial_lnpcc_citeseer_uniform_0.5.csv
End: 2026-04-21 16:10:48

[worker] OK DONE  lnpcc_citeseer_uniform_0.5  gpu=1  6.0 min  rc=0
