[worker] START  lnpcc_pubmed_pair_0.4  gpu=1
======================================================================
GCN + LN-PCC -- NoisyGL Benchmark (Unified)
Start          : 2026-04-21 15:58:55
Variants       : ['lnpcc']
Datasets       : ['pubmed']
Noise          : [[0.4, 'pair']]
Runs           : 10  (seeds 3000..3009)
Device         : cuda:1
======================================================================
[HPO] Loaded 160 optimized scenarios from log/hpo_db.json
----Data statistics------'
                Name: pubmed
                #Nodes 19717
                #Edges 44324
                #Classes 3
                #Ave_degree 4.50
----Split statistics------'
                #Train samples 60 (default)
                #Val samples 500 (default)
                #Test samples 1000 (default)

============================================================
  lnpcc | pubmed | pair 0.4
============================================================
  [HPO] Applying optimized params for pubmed_pair_0.4
    [15:59:37] pubmed | pair 0.4 | lnpcc | run  1/10 | seed=3000 | acc=0.6570 | mean=0.6570 | time=33.53s
  [HPO] Applying optimized params for pubmed_pair_0.4
    [16:00:17] pubmed | pair 0.4 | lnpcc | run  2/10 | seed=3001 | acc=0.3360 | mean=0.4965 | time=26.75s
  [HPO] Applying optimized params for pubmed_pair_0.4
    [16:00:55] pubmed | pair 0.4 | lnpcc | run  3/10 | seed=3002 | acc=0.5000 | mean=0.4977 | time=25.68s
  [HPO] Applying optimized params for pubmed_pair_0.4
    [16:01:32] pubmed | pair 0.4 | lnpcc | run  4/10 | seed=3003 | acc=0.6400 | mean=0.5333 | time=34.93s
  [HPO] Applying optimized params for pubmed_pair_0.4
    [16:02:25] pubmed | pair 0.4 | lnpcc | run  5/10 | seed=3004 | acc=0.5070 | mean=0.5280 | time=47.51s
  [HPO] Applying optimized params for pubmed_pair_0.4
    [16:02:59] pubmed | pair 0.4 | lnpcc | run  6/10 | seed=3005 | acc=0.5410 | mean=0.5302 | time=29.85s
  [HPO] Applying optimized params for pubmed_pair_0.4
    [16:03:27] pubmed | pair 0.4 | lnpcc | run  7/10 | seed=3006 | acc=0.6290 | mean=0.5443 | time=25.76s
  [HPO] Applying optimized params for pubmed_pair_0.4
    [16:04:03] pubmed | pair 0.4 | lnpcc | run  8/10 | seed=3007 | acc=0.6850 | mean=0.5619 | time=34.95s
  [HPO] Applying optimized params for pubmed_pair_0.4
    [16:04:28] pubmed | pair 0.4 | lnpcc | run  9/10 | seed=3008 | acc=0.6710 | mean=0.5740 | time=23.14s
  [HPO] Applying optimized params for pubmed_pair_0.4
    [16:04:55] pubmed | pair 0.4 | lnpcc | run 10/10 | seed=3009 | acc=0.4990 | mean=0.5665 | time=26.50s
  -> mean=0.5665 +/- 0.1043

[OK] Partial CSV: ./log\partial\partial_lnpcc_pubmed_pair_0.4.csv
End: 2026-04-21 16:04:55

[worker] OK DONE  lnpcc_pubmed_pair_0.4  gpu=1  6.2 min  rc=0
