[worker] START  hpo_amazonpho_uniform_0.1  gpu=1
======================================================================
GCN + LN-PCC -- NoisyGL Benchmark (Unified)
Start          : 2026-04-19 02:44:50
Variants       : ['lnpcc']
Datasets       : ['amazonpho']
Noise          : [[0.1, 'uniform']]
Runs           : 10  (seeds 3000..3009)
Device         : cuda:1
======================================================================

[HPO] Optimizing lnpcc on amazonpho_uniform_0.1 (max_trials=200, max_k_same=60)

[Optuna] Scenario: amazonpho_uniform_0.1  (max_trials=200, startup=20)
  [Trial   1] amazonpho_uniform_0.1 | acc=0.2500  (49.0s)  knn=d  k= 14  dexp=7.40  p_grd=0.421  unc_rem=0.161  unc_rel=0.537  drop=0.52  h=128  L=3  lr=0.1  wd=0.05
  [Trial   2] amazonpho_uniform_0.1 | acc=0.2130  (65.6s)  knn=d  k= 17  dexp=0.88  p_grd=0.193  unc_rem=0.850  unc_rel=0.092  drop=0.89  h=128  L=3  lr=1e-05  wd=0.1
  [Trial   3] amazonpho_uniform_0.1 | acc=0.1780  (62.3s)  knn=s  k= 60  dexp=4.63  p_grd=0.375  unc_rem=0.959  unc_rel=0.839  drop=0.11  h=16  L=4  lr=1e-05  wd=0.1
  [Trial   4] amazonpho_uniform_0.1 | acc=0.8840  (61.2s)  knn=s  k= 20  dexp=3.86  p_grd=0.215  unc_rem=0.881  unc_rel=0.612  drop=0.58  h=32  L=3  lr=0.005  wd=0.001
  [Trial   5] amazonpho_uniform_0.1 | acc=0.8870  (77.9s)  knn=u  k=-    dexp=8.18  p_grd=0.344  unc_rem=0.346  unc_rel=0.828  drop=0.50  h=64  L=4  lr=0.001  wd=0.001
  [Trial   6] amazonpho_uniform_0.1 | acc=0.9010  (144.0s)  knn=s  k= 60  dexp=9.63  p_grd=0.431  unc_rem=0.779  unc_rel=0.683  drop=0.44  h=32  L=1  lr=0.1  wd=0.01
  [Trial   7] amazonpho_uniform_0.1 | acc=0.6310  (46.8s)  knn=d  k= 22  dexp=8.98  p_grd=0.186  unc_rem=0.562  unc_rel=0.930  drop=0.36  h=32  L=3  lr=0.0001  wd=0.005
  [Trial   8] amazonpho_uniform_0.1 | acc=0.2370  (87.5s)  knn=d  k= 15  dexp=2.27  p_grd=0.167  unc_rem=0.876  unc_rel=0.021  drop=0.20  h=128  L=3  lr=0.1  wd=0.005
  [Trial   9] amazonpho_uniform_0.1 | acc=0.9030  (120.1s)  knn=p  k= 21  dexp=7.05  p_grd=0.405  unc_rem=0.819  unc_rel=0.209  drop=0.56  h=32  L=2  lr=0.01  wd=1e-05
  [Trial  10] amazonpho_uniform_0.1 | acc=0.5840  (58.2s)  knn=d  k= 23  dexp=5.37  p_grd=0.494  unc_rem=0.196  unc_rel=0.286  drop=0.68  h=64  L=3  lr=0.05  wd=0.005
  [Trial  11] amazonpho_uniform_0.1 | acc=0.0990  (43.7s)  knn=s  k= 10  dexp=6.60  p_grd=0.444  unc_rem=0.958  unc_rel=0.876  drop=0.66  h=16  L=4  lr=0.05  wd=1e-05
  [Trial  12] amazonpho_uniform_0.1 | acc=0.8660  (55.1s)  knn=u  k=-    dexp=8.76  p_grd=0.091  unc_rem=0.305  unc_rel=0.438  drop=0.14  h=64  L=3  lr=0.001  wd=0.0001
  [Trial  13] amazonpho_uniform_0.1 | acc=0.2590  (67.6s)  knn=p  k=  9  dexp=7.90  p_grd=0.228  unc_rem=0.196  unc_rel=0.065  drop=0.88  h=16  L=4  lr=0.1  wd=0.005
  [Trial  14] amazonpho_uniform_0.1 | acc=0.8910  (66.0s)  knn=s  k= 20  dexp=4.82  p_grd=0.311  unc_rem=0.084  unc_rel=0.251  drop=0.17  h=32  L=2  lr=0.0005  wd=0.005
  [Trial  15] amazonpho_uniform_0.1 | acc=0.5970  (73.8s)  knn=d  k=  5  dexp=1.73  p_grd=0.294  unc_rem=0.145  unc_rel=0.870  drop=0.67  h=32  L=1  lr=0.0001  wd=0.001
  [Trial  16] amazonpho_uniform_0.1 | acc=0.2940  (60.4s)  knn=p  k= 15  dexp=1.15  p_grd=0.289  unc_rem=0.335  unc_rel=0.495  drop=0.39  h=64  L=4  lr=1e-05  wd=0.0005
  [Trial  17] amazonpho_uniform_0.1 | acc=0.8660  (55.5s)  knn=p  k= 10  dexp=8.27  p_grd=0.189  unc_rem=0.042  unc_rel=0.304  drop=0.53  h=32  L=4  lr=0.005  wd=0.005
  [Trial  18] amazonpho_uniform_0.1 | acc=0.8810  (56.1s)  knn=d  k=  3  dexp=2.21  p_grd=0.206  unc_rem=0.616  unc_rel=0.167  drop=0.40  h=64  L=3  lr=0.005  wd=0.01
  [Trial  19] amazonpho_uniform_0.1 | acc=0.8930  (55.9s)  knn=p  k= 13  dexp=3.83  p_grd=0.476  unc_rem=0.774  unc_rel=0.043  drop=0.57  h=128  L=1  lr=0.001  wd=5e-05
  [Trial  20] amazonpho_uniform_0.1 | acc=0.5660  (183.5s)  knn=u  k=-    dexp=6.93  p_grd=0.170  unc_rem=0.841  unc_rel=0.089  drop=0.61  h=16  L=2  lr=0.01  wd=5e-05
  [Trial  21] amazonpho_uniform_0.1 | acc=0.9050  (93.9s)  knn=p  k= 24  dexp=8.52  p_grd=0.331  unc_rem=0.989  unc_rel=0.305  drop=0.67  h=32  L=2  lr=0.01  wd=1e-05
  [Trial  22] amazonpho_uniform_0.1 | acc=0.8610  (43.0s)  knn=s  k= 40  dexp=7.67  p_grd=0.353  unc_rem=0.955  unc_rel=0.413  drop=0.60  h=32  L=2  lr=0.01  wd=0.1
  [Trial  23] amazonpho_uniform_0.1 | acc=0.8990  (44.0s)  knn=p  k= 24  dexp=6.73  p_grd=0.393  unc_rem=0.767  unc_rel=0.218  drop=0.46  h=32  L=2  lr=0.0005  wd=1e-05
  [Trial  24] amazonpho_uniform_0.1 | acc=0.9040  (96.9s)  knn=s  k= 50  dexp=8.48  p_grd=0.439  unc_rem=0.904  unc_rel=0.595  drop=0.31  h=32  L=1  lr=0.1  wd=0.01
  [Trial  25] amazonpho_uniform_0.1 | acc=0.8900  (50.5s)  knn=p  k= 24  dexp=8.42  p_grd=0.445  unc_rem=0.994  unc_rel=0.280  drop=0.83  h=32  L=2  lr=0.01  wd=1e-05
  [Trial  26] amazonpho_uniform_0.1 | acc=0.8520  (44.8s)  knn=s  k= 45  dexp=5.69  p_grd=0.422  unc_rem=0.910  unc_rel=0.300  drop=0.24  h=32  L=1  lr=0.1  wd=1e-05
  [Trial  27] amazonpho_uniform_0.1 | acc=0.9050  (62.4s)  knn=p  k= 24  dexp=5.49  p_grd=0.378  unc_rem=0.530  unc_rel=0.201  drop=0.81  h=16  L=2  lr=0.01  wd=0.05
  [Trial  28] amazonpho_uniform_0.1 | acc=0.7640  (34.5s)  knn=u  k=-    dexp=1.72  p_grd=0.406  unc_rem=0.871  unc_rel=0.294  drop=0.76  h=16  L=2  lr=0.05  wd=0.05
  [Trial  29] amazonpho_uniform_0.1 | acc=0.8110  (52.7s)  knn=s  k= 40  dexp=7.08  p_grd=0.346  unc_rem=0.620  unc_rel=0.274  drop=0.83  h=16  L=2  lr=0.001  wd=0.05
  [Trial  30] amazonpho_uniform_0.1 | acc=0.2270  (84.6s)  knn=d  k= 24  dexp=7.23  p_grd=0.406  unc_rem=0.637  unc_rel=0.313  drop=0.78  h=16  L=4  lr=0.01  wd=0.1
  [Trial  31] amazonpho_uniform_0.1 | acc=0.8570  (50.7s)  knn=s  k= 50  dexp=8.39  p_grd=0.488  unc_rem=0.983  unc_rel=0.670  drop=0.23  h=32  L=3  lr=0.05  wd=0.005
  [Trial  32] amazonpho_uniform_0.1 | acc=0.3720  (61.6s)  knn=p  k= 24  dexp=6.15  p_grd=0.337  unc_rem=0.760  unc_rel=0.406  drop=0.69  h=16  L=2  lr=0.0001  wd=0.0005
  [Trial  33] amazonpho_uniform_0.1 | acc=0.9020  (38.8s)  knn=p  k= 24  dexp=6.65  p_grd=0.205  unc_rem=0.966  unc_rel=0.659  drop=0.67  h=128  L=2  lr=0.01  wd=1e-05
  [Trial  34] amazonpho_uniform_0.1 | acc=0.8920  (43.1s)  knn=p  k= 24  dexp=6.60  p_grd=0.313  unc_rem=0.552  unc_rel=0.414  drop=0.67  h=32  L=3  lr=0.01  wd=0.005
  [Trial  35] amazonpho_uniform_0.1 | acc=0.9020  (42.5s)  knn=p  k= 20  dexp=7.53  p_grd=0.432  unc_rem=0.460  unc_rel=0.051  drop=0.81  h=16  L=2  lr=0.01  wd=0.05
  [Trial  36] amazonpho_uniform_0.1 | acc=0.9070  (57.1s)  knn=u  k=-    dexp=7.03  p_grd=0.308  unc_rem=0.813  unc_rel=0.470  drop=0.19  h=16  L=1  lr=0.1  wd=0.01
  [Trial  37] amazonpho_uniform_0.1 | acc=0.8690  (117.7s)  knn=s  k= 35  dexp=7.35  p_grd=0.412  unc_rem=0.954  unc_rel=0.547  drop=0.31  h=64  L=4  lr=0.005  wd=0.01
  [Trial  38] amazonpho_uniform_0.1 | acc=0.8840  (45.5s)  knn=u  k=-    dexp=8.69  p_grd=0.366  unc_rem=0.831  unc_rel=0.555  drop=0.21  h=16  L=1  lr=0.001  wd=0.05
  [Trial  39] amazonpho_uniform_0.1 | acc=0.8730  (126.8s)  knn=u  k=-    dexp=6.37  p_grd=0.217  unc_rem=0.566  unc_rel=0.585  drop=0.43  h=16  L=1  lr=0.1  wd=0.0005
  [Trial  40] amazonpho_uniform_0.1 | acc=0.9100  (134.1s)  knn=u  k=-    dexp=7.16  p_grd=0.187  unc_rem=0.969  unc_rel=0.770  drop=0.23  h=32  L=1  lr=0.1  wd=0.01
  [Trial  41] amazonpho_uniform_0.1 | acc=0.2290  (128.2s)  knn=s  k= 35  dexp=6.22  p_grd=0.181  unc_rem=0.702  unc_rel=0.722  drop=0.17  h=32  L=4  lr=0.1  wd=0.0005
  [Trial  42] amazonpho_uniform_0.1 | acc=0.8650  (54.8s)  knn=u  k=-    dexp=4.92  p_grd=0.162  unc_rem=0.781  unc_rel=0.755  drop=0.19  h=32  L=1  lr=0.0005  wd=5e-05
  [Trial  43] amazonpho_uniform_0.1 | acc=0.6380  (74.5s)  knn=u  k=-    dexp=7.47  p_grd=0.219  unc_rem=0.892  unc_rel=0.728  drop=0.27  h=32  L=2  lr=0.1  wd=0.01
  [Trial  44] amazonpho_uniform_0.1 | acc=0.9070  (71.3s)  knn=p  k= 24  dexp=7.18  p_grd=0.494  unc_rem=0.852  unc_rel=0.624  drop=0.26  h=128  L=1  lr=0.1  wd=0.05
  [Trial  45] amazonpho_uniform_0.1 | acc=0.9070  (39.0s)  knn=p  k= 18  dexp=6.74  p_grd=0.482  unc_rem=0.672  unc_rel=0.711  drop=0.13  h=128  L=1  lr=0.1  wd=0.05
  [Trial  46] amazonpho_uniform_0.1 | acc=0.9070  (68.4s)  knn=p  k= 18  dexp=7.80  p_grd=0.471  unc_rem=0.949  unc_rel=0.618  drop=0.12  h=128  L=1  lr=0.1  wd=0.05
  [Trial  47] amazonpho_uniform_0.1 | acc=0.9070  (82.8s)  knn=p  k= 17  dexp=5.90  p_grd=0.467  unc_rem=0.681  unc_rel=0.622  drop=0.24  h=128  L=1  lr=0.1  wd=0.05
  [Trial  48] amazonpho_uniform_0.1 | acc=0.4920  (126.2s)  knn=p  k= 17  dexp=7.12  p_grd=0.454  unc_rem=0.954  unc_rel=0.696  drop=0.17  h=128  L=2  lr=1e-05  wd=0.005
  [Trial  49] amazonpho_uniform_0.1 | acc=0.8780  (63.1s)  knn=u  k=-    dexp=8.19  p_grd=0.399  unc_rem=0.970  unc_rel=0.663  drop=0.16  h=128  L=1  lr=0.1  wd=5e-05
  [Trial  50] amazonpho_uniform_0.1 | acc=0.1760  (90.1s)  knn=u  k=-    dexp=5.15  p_grd=0.337  unc_rem=0.988  unc_rel=0.447  drop=0.14  h=16  L=4  lr=1e-05  wd=0.01
  [Trial  51] amazonpho_uniform_0.1 | acc=0.4860  (114.1s)  knn=p  k= 17  dexp=7.80  p_grd=0.457  unc_rem=0.999  unc_rel=0.783  drop=0.25  h=16  L=2  lr=0.1  wd=0.05
  [Trial  52] amazonpho_uniform_0.1 | acc=0.1210  (109.6s)  knn=p  k= 17  dexp=7.85  p_grd=0.476  unc_rem=0.837  unc_rel=0.310  drop=0.27  h=128  L=1  lr=1e-05  wd=0.05
  [Trial  53] amazonpho_uniform_0.1 | acc=0.8840  (99.2s)  knn=p  k= 17  dexp=4.74  p_grd=0.452  unc_rem=0.699  unc_rel=0.818  drop=0.17  h=128  L=1  lr=0.1  wd=0.001
  [Trial  54] amazonpho_uniform_0.1 | acc=0.9070  (42.1s)  knn=p  k= 18  dexp=8.88  p_grd=0.384  unc_rem=0.619  unc_rel=0.849  drop=0.29  h=64  L=1  lr=0.1  wd=0.05
  [Trial  55] amazonpho_uniform_0.1 | acc=0.9100  (56.2s)  knn=p  k= 15  dexp=6.22  p_grd=0.493  unc_rem=0.454  unc_rel=0.529  drop=0.14  h=128  L=1  lr=0.05  wd=0.05
  [Trial  56] amazonpho_uniform_0.1 | acc=0.9100  (93.7s)  knn=p  k= 14  dexp=7.88  p_grd=0.498  unc_rem=0.299  unc_rel=0.380  drop=0.27  h=128  L=1  lr=0.05  wd=0.05
  [Trial  57] amazonpho_uniform_0.1 | acc=0.3210  (41.7s)  knn=p  k= 12  dexp=5.83  p_grd=0.478  unc_rem=0.375  unc_rel=0.458  drop=0.35  h=128  L=3  lr=0.05  wd=0.05
  [Trial  58] amazonpho_uniform_0.1 | acc=0.8930  (182.6s)  knn=p  k= 12  dexp=5.65  p_grd=0.423  unc_rem=0.358  unc_rel=0.575  drop=0.12  h=128  L=1  lr=0.05  wd=0.1
  [Trial  59] amazonpho_uniform_0.1 | acc=0.8880  (41.6s)  knn=p  k= 13  dexp=8.15  p_grd=0.496  unc_rem=0.331  unc_rel=0.055  drop=0.30  h=128  L=1  lr=0.001  wd=0.05
  [Trial  60] amazonpho_uniform_0.1 | acc=0.8880  (118.6s)  knn=u  k=-    dexp=5.94  p_grd=0.135  unc_rem=0.921  unc_rel=0.645  drop=0.18  h=64  L=1  lr=0.05  wd=0.01
  [Trial  61] amazonpho_uniform_0.1 | acc=0.8930  (37.2s)  knn=p  k= 14  dexp=8.28  p_grd=0.393  unc_rem=0.216  unc_rel=0.304  drop=0.41  h=32  L=1  lr=0.05  wd=0.0005
  [Trial  62] amazonpho_uniform_0.1 | acc=0.3220  (64.7s)  knn=s  k=  5  dexp=6.17  p_grd=0.380  unc_rem=0.950  unc_rel=0.883  drop=0.11  h=128  L=3  lr=0.1  wd=0.05
  [Trial  63] amazonpho_uniform_0.1 | acc=0.8890  (47.3s)  knn=u  k=-    dexp=9.00  p_grd=0.322  unc_rem=0.996  unc_rel=0.316  drop=0.24  h=16  L=1  lr=0.1  wd=0.01
  [Trial  64] amazonpho_uniform_0.1 | acc=0.6790  (40.8s)  knn=u  k=-    dexp=8.62  p_grd=0.442  unc_rem=0.190  unc_rel=0.472  drop=0.18  h=128  L=1  lr=0.0001  wd=0.05
  [Trial  65] amazonpho_uniform_0.1 | acc=0.8680  (44.0s)  knn=s  k= 30  dexp=5.21  p_grd=0.291  unc_rem=0.572  unc_rel=0.430  drop=0.12  h=16  L=1  lr=0.0005  wd=0.01
  [Trial  66] amazonpho_uniform_0.1 | acc=0.8700  (100.5s)  knn=p  k= 18  dexp=9.74  p_grd=0.485  unc_rem=0.414  unc_rel=0.460  drop=0.25  h=128  L=1  lr=0.0005  wd=0.01
  [Trial  67] amazonpho_uniform_0.1 | acc=0.8900  (44.9s)  knn=p  k= 15  dexp=9.46  p_grd=0.382  unc_rem=0.929  unc_rel=0.762  drop=0.12  h=128  L=1  lr=0.005  wd=0.05
  [Trial  68] amazonpho_uniform_0.1 | acc=0.8700  (42.9s)  knn=p  k= 18  dexp=8.51  p_grd=0.283  unc_rem=0.961  unc_rel=0.869  drop=0.28  h=32  L=1  lr=0.0005  wd=0.01
  [Trial  69] amazonpho_uniform_0.1 | acc=0.9140  (75.5s)  knn=s  k= 60  dexp=6.10  p_grd=0.431  unc_rem=0.387  unc_rel=0.536  drop=0.30  h=128  L=1  lr=0.05  wd=0.05
  [Trial  70] amazonpho_uniform_0.1 | acc=0.9140  (49.4s)  knn=s  k= 60  dexp=6.22  p_grd=0.384  unc_rem=0.240  unc_rel=0.511  drop=0.49  h=128  L=1  lr=0.05  wd=0.05
  [Trial  71] amazonpho_uniform_0.1 | acc=0.9120  (182.9s)  knn=s  k= 25  dexp=6.20  p_grd=0.350  unc_rem=0.370  unc_rel=0.383  drop=0.45  h=128  L=1  lr=0.05  wd=0.05
  [Trial  72] amazonpho_uniform_0.1 | acc=0.9140  (90.1s)  knn=s  k= 25  dexp=5.27  p_grd=0.410  unc_rem=0.108  unc_rel=0.674  drop=0.45  h=128  L=1  lr=0.05  wd=0.05
  [Trial  73] amazonpho_uniform_0.1 | acc=0.9070  (116.8s)  knn=s  k= 25  dexp=6.00  p_grd=0.271  unc_rem=0.030  unc_rel=0.896  drop=0.37  h=128  L=1  lr=0.05  wd=0.05
  [Trial  74] amazonpho_uniform_0.1 | acc=0.9100  (49.6s)  knn=d  k= 25  dexp=4.62  p_grd=0.375  unc_rem=0.247  unc_rel=0.288  drop=0.24  h=128  L=1  lr=0.05  wd=0.05
  [Trial  75] amazonpho_uniform_0.1 | acc=0.9040  (182.3s)  knn=s  k= 25  dexp=6.30  p_grd=0.492  unc_rem=0.071  unc_rel=0.381  drop=0.52  h=128  L=1  lr=0.05  wd=0.01
  [Trial  76] amazonpho_uniform_0.1 | acc=0.8850  (53.6s)  knn=s  k= 25  dexp=2.91  p_grd=0.339  unc_rem=0.094  unc_rel=0.373  drop=0.56  h=64  L=1  lr=0.05  wd=0.05
  [Trial  77] amazonpho_uniform_0.1 | acc=0.9140  (50.6s)  knn=s  k= 25  dexp=6.46  p_grd=0.426  unc_rem=0.378  unc_rel=0.321  drop=0.16  h=64  L=1  lr=0.05  wd=0.05
  [Trial  78] amazonpho_uniform_0.1 | acc=0.3360  (69.9s)  knn=s  k= 25  dexp=7.92  p_grd=0.412  unc_rem=0.234  unc_rel=0.157  drop=0.23  h=64  L=3  lr=0.1  wd=0.05
  [Trial  79] amazonpho_uniform_0.1 | acc=0.8530  (38.8s)  knn=s  k= 25  dexp=5.40  p_grd=0.323  unc_rem=0.480  unc_rel=0.573  drop=0.46  h=128  L=1  lr=0.0005  wd=0.05
  [Trial  80] amazonpho_uniform_0.1 | acc=0.1720  (42.8s)  knn=s  k= 25  dexp=8.68  p_grd=0.353  unc_rem=0.264  unc_rel=0.316  drop=0.21  h=32  L=4  lr=0.05  wd=0.05
  [Trial  81] amazonpho_uniform_0.1 | acc=0.9020  (157.2s)  knn=s  k= 25  dexp=7.44  p_grd=0.314  unc_rem=0.398  unc_rel=0.081  drop=0.46  h=128  L=1  lr=0.05  wd=0.005
  [Trial  82] amazonpho_uniform_0.1 | acc=0.9090  (91.6s)  knn=s  k= 25  dexp=5.68  p_grd=0.305  unc_rem=0.598  unc_rel=0.175  drop=0.11  h=64  L=1  lr=0.05  wd=0.05
  [Trial  83] amazonpho_uniform_0.1 | acc=0.9040  (42.4s)  knn=d  k= 25  dexp=2.99  p_grd=0.335  unc_rem=0.076  unc_rel=0.350  drop=0.25  h=128  L=1  lr=0.05  wd=0.05
  [Trial  84] amazonpho_uniform_0.1 | acc=0.8510  (44.5s)  knn=p  k= 25  dexp=7.12  p_grd=0.094  unc_rem=0.996  unc_rel=0.830  drop=0.23  h=32  L=1  lr=0.1  wd=0.0005
  [Trial  85] amazonpho_uniform_0.1 | acc=0.8890  (89.4s)  knn=s  k= 25  dexp=3.29  p_grd=0.417  unc_rem=0.526  unc_rel=0.412  drop=0.37  h=128  L=1  lr=0.05  wd=0.05
  [Trial  86] amazonpho_uniform_0.1 | acc=0.8930  (40.2s)  knn=p  k= 25  dexp=7.99  p_grd=0.468  unc_rem=0.468  unc_rel=0.307  drop=0.15  h=16  L=1  lr=0.05  wd=0.001
  [Trial  87] amazonpho_uniform_0.1 | acc=0.8880  (98.7s)  knn=s  k= 25  dexp=6.91  p_grd=0.489  unc_rem=0.075  unc_rel=0.309  drop=0.22  h=64  L=1  lr=0.05  wd=0.0005
  [Trial  88] amazonpho_uniform_0.1 | acc=0.9100  (40.6s)  knn=p  k= 25  dexp=6.28  p_grd=0.492  unc_rem=0.499  unc_rel=0.323  drop=0.10  h=32  L=1  lr=0.05  wd=0.05
  [Trial  89] amazonpho_uniform_0.1 | acc=0.8910  (125.9s)  knn=s  k= 25  dexp=8.24  p_grd=0.472  unc_rem=0.451  unc_rel=0.574  drop=0.11  h=128  L=1  lr=0.05  wd=1e-05
  [Trial  90] amazonpho_uniform_0.1 | acc=0.8910  (44.6s)  knn=u  k=-    dexp=6.30  p_grd=0.372  unc_rem=0.197  unc_rel=0.328  drop=0.58  h=128  L=1  lr=0.05  wd=0.05
  [Trial  91] amazonpho_uniform_0.1 | acc=0.8900  (97.4s)  knn=d  k= 25  dexp=5.11  p_grd=0.395  unc_rem=0.343  unc_rel=0.465  drop=0.18  h=64  L=1  lr=0.005  wd=0.05
  [Trial  92] amazonpho_uniform_0.1 | acc=0.1070  (126.5s)  knn=s  k= 25  dexp=3.34  p_grd=0.463  unc_rem=0.250  unc_rel=0.757  drop=0.54  h=128  L=1  lr=1e-05  wd=0.05
  [Trial  93] amazonpho_uniform_0.1 | acc=0.8780  (33.3s)  knn=u  k=-    dexp=4.83  p_grd=0.200  unc_rem=0.718  unc_rel=0.970  drop=0.12  h=32  L=1  lr=0.1  wd=0.0001
  [Trial  94] amazonpho_uniform_0.1 | acc=0.9100  (127.6s)  knn=p  k= 25  dexp=5.26  p_grd=0.500  unc_rem=0.635  unc_rel=0.344  drop=0.40  h=32  L=1  lr=0.05  wd=0.05
  [Trial  95] amazonpho_uniform_0.1 | acc=0.8950  (71.3s)  knn=s  k= 60  dexp=4.89  p_grd=0.371  unc_rem=0.377  unc_rel=0.287  drop=0.18  h=32  L=1  lr=0.05  wd=0.0001
  [Trial  96] amazonpho_uniform_0.1 | acc=0.9050  (33.4s)  knn=u  k=-    dexp=4.90  p_grd=0.471  unc_rem=0.325  unc_rel=0.924  drop=0.12  h=128  L=1  lr=0.05  wd=0.05
  [Trial  97] amazonpho_uniform_0.1 | acc=0.9100  (102.0s)  knn=p  k= 21  dexp=8.72  p_grd=0.400  unc_rem=0.283  unc_rel=0.404  drop=0.25  h=128  L=1  lr=0.05  wd=0.05
  [Trial  98] amazonpho_uniform_0.1 | acc=0.8900  (54.2s)  knn=s  k= 25  dexp=7.54  p_grd=0.450  unc_rem=0.236  unc_rel=0.715  drop=0.47  h=32  L=1  lr=0.05  wd=0.1
  [Trial  99] amazonpho_uniform_0.1 | acc=0.8460  (64.1s)  knn=u  k=-    dexp=9.30  p_grd=0.050  unc_rem=0.943  unc_rel=0.776  drop=0.11  h=32  L=1  lr=0.1  wd=0.01
  [Trial 100] amazonpho_uniform_0.1 | acc=0.1150  (88.5s)  knn=u  k=-    dexp=8.48  p_grd=0.295  unc_rem=0.948  unc_rel=0.874  drop=0.49  h=32  L=1  lr=1e-05  wd=0.01
  [Trial 101] amazonpho_uniform_0.1 | acc=0.8660  (52.2s)  knn=p  k= 25  dexp=3.83  p_grd=0.493  unc_rem=0.525  unc_rel=0.326  drop=0.10  h=32  L=4  lr=0.001  wd=0.05
  [Trial 102] amazonpho_uniform_0.1 | acc=0.9070  (140.8s)  knn=p  k= 21  dexp=7.30  p_grd=0.486  unc_rem=0.065  unc_rel=0.272  drop=0.19  h=32  L=1  lr=0.1  wd=0.05
  [Trial 103] amazonpho_uniform_0.1 | acc=0.8910  (146.1s)  knn=p  k= 25  dexp=2.19  p_grd=0.474  unc_rem=0.480  unc_rel=0.333  drop=0.24  h=32  L=1  lr=0.005  wd=0.005
  [Trial 104] amazonpho_uniform_0.1 | acc=0.8660  (67.8s)  knn=u  k=-    dexp=2.89  p_grd=0.465  unc_rem=0.636  unc_rel=0.321  drop=0.38  h=32  L=1  lr=0.05  wd=0.1
  [Trial 105] amazonpho_uniform_0.1 | acc=0.8040  (101.6s)  knn=s  k= 25  dexp=8.29  p_grd=0.369  unc_rem=0.327  unc_rel=0.487  drop=0.47  h=128  L=2  lr=0.0001  wd=0.05
  [Trial 106] amazonpho_uniform_0.1 | acc=0.9000  (38.7s)  knn=d  k= 21  dexp=7.69  p_grd=0.458  unc_rem=0.421  unc_rel=0.363  drop=0.45  h=128  L=1  lr=0.01  wd=0.001
  [Trial 107] amazonpho_uniform_0.1 | acc=0.8970  (168.6s)  knn=p  k=  1  dexp=5.18  p_grd=0.371  unc_rem=0.577  unc_rel=0.298  drop=0.64  h=32  L=1  lr=0.05  wd=0.005
  [Trial 108] amazonpho_uniform_0.1 | acc=0.8930  (61.1s)  knn=p  k= 25  dexp=7.08  p_grd=0.476  unc_rem=0.675  unc_rel=0.560  drop=0.41  h=32  L=1  lr=0.05  wd=0.1
  [Trial 109] amazonpho_uniform_0.1 | acc=0.9070  (54.7s)  knn=p  k= 10  dexp=2.03  p_grd=0.435  unc_rem=0.682  unc_rel=0.570  drop=0.12  h=32  L=1  lr=0.05  wd=0.05
  [Trial 110] amazonpho_uniform_0.1 | acc=0.8930  (55.9s)  knn=p  k= 25  dexp=5.42  p_grd=0.498  unc_rem=0.518  unc_rel=0.388  drop=0.46  h=32  L=1  lr=0.001  wd=0.0001
  [Trial 111] amazonpho_uniform_0.1 | acc=0.8920  (103.0s)  knn=d  k= 25  dexp=4.09  p_grd=0.389  unc_rem=0.506  unc_rel=0.118  drop=0.28  h=128  L=1  lr=0.05  wd=5e-05
  [Trial 112] amazonpho_uniform_0.1 | acc=0.8900  (163.6s)  knn=s  k= 20  dexp=5.77  p_grd=0.282  unc_rem=0.228  unc_rel=0.544  drop=0.70  h=128  L=1  lr=0.05  wd=0.001
  [Trial 113] amazonpho_uniform_0.1 | acc=0.9180  (51.8s)  knn=u  k=-    dexp=7.34  p_grd=0.457  unc_rem=0.490  unc_rel=0.317  drop=0.11  h=32  L=1  lr=0.05  wd=0.05
  [Trial 114] amazonpho_uniform_0.1 | acc=0.9180  (83.9s)  knn=u  k=-    dexp=7.73  p_grd=0.454  unc_rem=0.495  unc_rel=0.428  drop=0.18  h=32  L=1  lr=0.05  wd=0.05
  [Trial 115] amazonpho_uniform_0.1 | acc=0.9180  (29.3s)  knn=u  k=-    dexp=9.42  p_grd=0.379  unc_rem=0.424  unc_rel=0.338  drop=0.15  h=32  L=1  lr=0.05  wd=0.05
  [Trial 116] amazonpho_uniform_0.1 | acc=0.1110  (40.4s)  knn=u  k=-    dexp=8.13  p_grd=0.301  unc_rem=0.436  unc_rel=0.303  drop=0.10  h=32  L=1  lr=1e-05  wd=0.05
  [Trial 117] amazonpho_uniform_0.1 | acc=0.9100  (40.7s)  knn=d  k= 13  dexp=8.59  p_grd=0.416  unc_rem=0.428  unc_rel=0.561  drop=0.13  h=16  L=1  lr=0.05  wd=0.05
  [Trial 118] amazonpho_uniform_0.1 | acc=0.7550  (150.2s)  knn=u  k=-    dexp=9.32  p_grd=0.314  unc_rem=0.457  unc_rel=0.718  drop=0.23  h=32  L=2  lr=0.05  wd=0.05
  [Trial 119] amazonpho_uniform_0.1 | acc=0.8880  (149.7s)  knn=u  k=-    dexp=6.96  p_grd=0.460  unc_rem=0.420  unc_rel=0.210  drop=0.16  h=32  L=1  lr=0.05  wd=0.005
  [Trial 120] amazonpho_uniform_0.1 | acc=0.8990  (115.0s)  knn=u  k=-    dexp=9.38  p_grd=0.346  unc_rem=0.225  unc_rel=0.737  drop=0.14  h=32  L=1  lr=0.05  wd=0.0001
  [Trial 121] amazonpho_uniform_0.1 | acc=0.9000  (43.8s)  knn=u  k=-    dexp=9.94  p_grd=0.458  unc_rem=0.565  unc_rel=0.420  drop=0.29  h=32  L=1  lr=0.05  wd=0.01
  [Trial 122] amazonpho_uniform_0.1 | acc=0.8970  (34.2s)  knn=u  k=-    dexp=6.14  p_grd=0.492  unc_rem=0.559  unc_rel=0.254  drop=0.15  h=16  L=1  lr=0.05  wd=0.05
  [Trial 123] amazonpho_uniform_0.1 | acc=0.8820  (61.4s)  knn=u  k=-    dexp=8.41  p_grd=0.496  unc_rem=0.597  unc_rel=0.658  drop=0.24  h=32  L=1  lr=0.01  wd=0.05
  [Trial 124] amazonpho_uniform_0.1 | acc=0.9070  (52.4s)  knn=u  k=-    dexp=6.85  p_grd=0.432  unc_rem=0.394  unc_rel=0.545  drop=0.11  h=32  L=1  lr=0.05  wd=0.05
  [Trial 125] amazonpho_uniform_0.1 | acc=0.5520  (65.5s)  knn=s  k= 25  dexp=1.63  p_grd=0.400  unc_rem=0.056  unc_rel=0.566  drop=0.35  h=128  L=2  lr=0.05  wd=0.1
  [Trial 126] amazonpho_uniform_0.1 | acc=0.9140  (53.1s)  knn=s  k= 25  dexp=5.79  p_grd=0.473  unc_rem=0.206  unc_rel=0.540  drop=0.47  h=16  L=1  lr=0.05  wd=0.05
  [Trial 127] amazonpho_uniform_0.1 | acc=0.8840  (29.6s)  knn=u  k=-    dexp=9.68  p_grd=0.477  unc_rem=0.443  unc_rel=0.102  drop=0.32  h=32  L=1  lr=0.001  wd=0.05
  [Trial 128] amazonpho_uniform_0.1 | acc=0.6870  (36.2s)  knn=s  k= 25  dexp=8.47  p_grd=0.481  unc_rem=0.335  unc_rel=0.574  drop=0.39  h=16  L=1  lr=0.0001  wd=0.05
  [Trial 129] amazonpho_uniform_0.1 | acc=0.2170  (42.4s)  knn=s  k= 60  dexp=3.93  p_grd=0.470  unc_rem=0.270  unc_rel=0.588  drop=0.40  h=16  L=4  lr=0.1  wd=0.05
  [Trial 130] amazonpho_uniform_0.1 | acc=0.8870  (110.8s)  knn=s  k= 55  dexp=5.67  p_grd=0.214  unc_rem=0.156  unc_rel=0.290  drop=0.38  h=128  L=1  lr=0.05  wd=0.05
  [Trial 131] amazonpho_uniform_0.1 | acc=0.8920  (28.9s)  knn=u  k=-    dexp=6.37  p_grd=0.208  unc_rem=0.961  unc_rel=0.546  drop=0.38  h=32  L=1  lr=0.1  wd=0.005
  [Trial 132] amazonpho_uniform_0.1 | acc=0.3010  (71.1s)  knn=d  k= 21  dexp=3.99  p_grd=0.320  unc_rem=0.417  unc_rel=0.240  drop=0.20  h=128  L=3  lr=0.05  wd=0.05
  [Trial 133] amazonpho_uniform_0.1 | acc=0.8900  (62.6s)  knn=s  k= 60  dexp=4.12  p_grd=0.365  unc_rem=0.268  unc_rel=0.532  drop=0.52  h=16  L=1  lr=0.05  wd=0.0001
  [Trial 134] amazonpho_uniform_0.1 | acc=0.8480  (45.6s)  knn=s  k= 50  dexp=6.64  p_grd=0.353  unc_rem=0.311  unc_rel=0.531  drop=0.10  h=64  L=2  lr=0.05  wd=0.05
  [Trial 135] amazonpho_uniform_0.1 | acc=0.9140  (59.2s)  knn=s  k= 60  dexp=7.03  p_grd=0.478  unc_rem=0.354  unc_rel=0.551  drop=0.38  h=128  L=1  lr=0.05  wd=0.05
  [Trial 136] amazonpho_uniform_0.1 | acc=0.2360  (35.1s)  knn=s  k= 60  dexp=6.04  p_grd=0.413  unc_rem=0.090  unc_rel=0.451  drop=0.69  h=16  L=4  lr=0.05  wd=0.05
  [Trial 137] amazonpho_uniform_0.1 | acc=0.8890  (87.2s)  knn=s  k= 60  dexp=5.47  p_grd=0.451  unc_rem=0.061  unc_rel=0.694  drop=0.40  h=16  L=1  lr=0.05  wd=0.05
  [Trial 138] amazonpho_uniform_0.1 | acc=0.8280  (36.0s)  knn=s  k= 15  dexp=6.62  p_grd=0.461  unc_rem=0.150  unc_rel=0.407  drop=0.34  h=128  L=4  lr=0.005  wd=0.05
  [Trial 139] amazonpho_uniform_0.1 | acc=0.8920  (158.8s)  knn=d  k= 14  dexp=6.13  p_grd=0.493  unc_rem=0.310  unc_rel=0.571  drop=0.74  h=16  L=1  lr=0.05  wd=5e-05
  [Trial 140] amazonpho_uniform_0.1 | acc=0.8930  (83.4s)  knn=s  k= 25  dexp=4.62  p_grd=0.470  unc_rem=0.127  unc_rel=0.596  drop=0.29  h=128  L=1  lr=0.001  wd=0.0005
  [Trial 141] amazonpho_uniform_0.1 | acc=0.8350  (58.7s)  knn=u  k=-    dexp=6.83  p_grd=0.373  unc_rem=0.506  unc_rel=0.122  drop=0.27  h=32  L=2  lr=0.05  wd=0.05
  [Trial 142] amazonpho_uniform_0.1 | acc=0.2340  (32.7s)  knn=u  k=-    dexp=8.04  p_grd=0.482  unc_rem=0.416  unc_rel=0.452  drop=0.14  h=32  L=4  lr=0.05  wd=5e-05
  [Trial 143] amazonpho_uniform_0.1 | acc=0.3180  (46.6s)  knn=s  k= 25  dexp=9.79  p_grd=0.355  unc_rem=0.478  unc_rel=0.591  drop=0.44  h=128  L=3  lr=0.05  wd=0.05
  [Trial 144] amazonpho_uniform_0.1 | acc=0.8880  (101.1s)  knn=d  k= 21  dexp=6.02  p_grd=0.271  unc_rem=0.089  unc_rel=0.671  drop=0.63  h=128  L=1  lr=0.1  wd=0.05
  [Trial 145] amazonpho_uniform_0.1 | acc=0.9030  (78.2s)  knn=d  k= 25  dexp=7.60  p_grd=0.414  unc_rem=0.093  unc_rel=0.476  drop=0.10  h=128  L=1  lr=0.05  wd=0.01
  [Trial 146] amazonpho_uniform_0.1 | acc=0.9100  (120.7s)  knn=p  k= 25  dexp=4.42  p_grd=0.474  unc_rem=0.281  unc_rel=0.316  drop=0.28  h=64  L=1  lr=0.05  wd=0.05
  [Trial 147] amazonpho_uniform_0.1 | acc=0.9140  (61.6s)  knn=s  k= 25  dexp=7.03  p_grd=0.497  unc_rem=0.415  unc_rel=0.714  drop=0.36  h=128  L=1  lr=0.05  wd=0.05
  [Trial 148] amazonpho_uniform_0.1 | acc=0.1210  (54.5s)  knn=p  k= 25  dexp=5.76  p_grd=0.472  unc_rem=0.460  unc_rel=0.569  drop=0.26  h=128  L=1  lr=1e-05  wd=5e-05
  [Trial 149] amazonpho_uniform_0.1 | acc=0.8990  (89.7s)  knn=s  k= 25  dexp=8.69  p_grd=0.495  unc_rem=0.354  unc_rel=0.343  drop=0.48  h=128  L=1  lr=0.05  wd=0.05
  [Trial 150] amazonpho_uniform_0.1 | acc=0.8960  (47.5s)  knn=s  k= 25  dexp=5.94  p_grd=0.375  unc_rem=0.158  unc_rel=0.607  drop=0.55  h=128  L=1  lr=0.05  wd=0.05
  [Trial 151] amazonpho_uniform_0.1 | acc=0.8920  (31.8s)  knn=s  k= 40  dexp=7.48  p_grd=0.473  unc_rem=0.368  unc_rel=0.887  drop=0.54  h=64  L=1  lr=0.05  wd=0.001
  [Trial 152] amazonpho_uniform_0.1 | acc=0.8830  (133.3s)  knn=s  k= 55  dexp=7.39  p_grd=0.419  unc_rem=0.200  unc_rel=0.477  drop=0.18  h=64  L=1  lr=0.001  wd=0.05
  [Trial 153] amazonpho_uniform_0.1 | acc=0.9100  (50.5s)  knn=p  k= 21  dexp=6.92  p_grd=0.437  unc_rem=0.405  unc_rel=0.390  drop=0.11  h=32  L=1  lr=0.05  wd=0.05
  [Trial 154] amazonpho_uniform_0.1 | acc=0.2420  (149.3s)  knn=p  k= 21  dexp=7.63  p_grd=0.402  unc_rem=0.671  unc_rel=0.608  drop=0.14  h=128  L=4  lr=0.05  wd=0.05
  [Trial 155] amazonpho_uniform_0.1 | acc=0.9100  (170.6s)  knn=d  k= 21  dexp=7.43  p_grd=0.398  unc_rem=0.262  unc_rel=0.047  drop=0.13  h=128  L=1  lr=0.05  wd=0.05
  [Trial 156] amazonpho_uniform_0.1 | acc=0.8990  (87.6s)  knn=s  k= 60  dexp=5.10  p_grd=0.460  unc_rem=0.365  unc_rel=0.280  drop=0.42  h=16  L=1  lr=0.05  wd=0.05
  [Trial 157] amazonpho_uniform_0.1 | acc=0.8940  (196.8s)  knn=u  k=-    dexp=4.74  p_grd=0.211  unc_rem=0.968  unc_rel=0.838  drop=0.32  h=32  L=1  lr=0.01  wd=0.001
  [Trial 158] amazonpho_uniform_0.1 | acc=0.8980  (69.0s)  knn=u  k=-    dexp=5.97  p_grd=0.180  unc_rem=0.755  unc_rel=0.650  drop=0.30  h=32  L=1  lr=0.1  wd=0.01
  [Trial 159] amazonpho_uniform_0.1 | acc=0.8820  (78.7s)  knn=p  k= 11  dexp=7.31  p_grd=0.421  unc_rem=0.625  unc_rel=0.430  drop=0.21  h=32  L=3  lr=0.005  wd=0.05
  [Trial 160] amazonpho_uniform_0.1 | acc=0.8870  (135.3s)  knn=d  k= 14  dexp=5.63  p_grd=0.328  unc_rem=0.480  unc_rel=0.555  drop=0.39  h=128  L=1  lr=0.05  wd=0.005
  [Trial 161] amazonpho_uniform_0.1 | acc=0.4000  (56.9s)  knn=s  k= 35  dexp=7.62  p_grd=0.445  unc_rem=0.084  unc_rel=0.742  drop=0.50  h=128  L=2  lr=0.05  wd=5e-05
  [Trial 162] amazonpho_uniform_0.1 | acc=0.8920  (42.5s)  knn=u  k=-    dexp=7.06  p_grd=0.497  unc_rem=0.489  unc_rel=0.424  drop=0.23  h=128  L=1  lr=0.05  wd=0.0001
  [Trial 163] amazonpho_uniform_0.1 | acc=0.9100  (65.4s)  knn=p  k= 22  dexp=4.93  p_grd=0.471  unc_rem=0.478  unc_rel=0.476  drop=0.52  h=32  L=1  lr=0.05  wd=0.05
  [Trial 164] amazonpho_uniform_0.1 | acc=0.8900  (36.0s)  knn=d  k= 22  dexp=4.10  p_grd=0.492  unc_rem=0.106  unc_rel=0.356  drop=0.50  h=16  L=1  lr=0.005  wd=0.05
  [Trial 165] amazonpho_uniform_0.1 | acc=0.9140  (58.6s)  knn=s  k= 35  dexp=8.13  p_grd=0.439  unc_rem=0.363  unc_rel=0.849  drop=0.34  h=128  L=1  lr=0.05  wd=0.05
  [Trial 166] amazonpho_uniform_0.1 | acc=0.9140  (31.2s)  knn=s  k= 25  dexp=7.15  p_grd=0.472  unc_rem=0.428  unc_rel=0.343  drop=0.28  h=64  L=1  lr=0.05  wd=0.05
  [Trial 167] amazonpho_uniform_0.1 | acc=0.9140  (103.4s)  knn=s  k= 25  dexp=9.55  p_grd=0.464  unc_rem=0.680  unc_rel=0.091  drop=0.41  h=64  L=1  lr=0.05  wd=0.05
  [Trial 168] amazonpho_uniform_0.1 | acc=0.8880  (43.6s)  knn=s  k= 25  dexp=8.42  p_grd=0.470  unc_rem=0.436  unc_rel=0.809  drop=0.34  h=128  L=1  lr=0.01  wd=0.05
  [Trial 169] amazonpho_uniform_0.1 | acc=0.9020  (35.1s)  knn=s  k= 25  dexp=9.42  p_grd=0.437  unc_rem=0.714  unc_rel=0.101  drop=0.48  h=64  L=1  lr=0.05  wd=0.005
  [Trial 170] amazonpho_uniform_0.1 | acc=0.8210  (90.7s)  knn=s  k= 25  dexp=8.45  p_grd=0.373  unc_rem=0.533  unc_rel=0.267  drop=0.19  h=64  L=4  lr=0.01  wd=0.05
  [Trial 171] amazonpho_uniform_0.1 | acc=0.2440  (52.2s)  knn=s  k= 25  dexp=8.65  p_grd=0.486  unc_rem=0.783  unc_rel=0.130  drop=0.25  h=64  L=4  lr=0.05  wd=0.05
  [Trial 172] amazonpho_uniform_0.1 | acc=0.9140  (189.5s)  knn=s  k= 25  dexp=5.57  p_grd=0.499  unc_rem=0.367  unc_rel=0.691  drop=0.22  h=128  L=1  lr=0.05  wd=0.05
  [Trial 173] amazonpho_uniform_0.1 | acc=0.8900  (215.3s)  knn=s  k= 25  dexp=8.68  p_grd=0.481  unc_rem=0.608  unc_rel=0.202  drop=0.21  h=64  L=1  lr=0.05  wd=0.0001
  [Trial 174] amazonpho_uniform_0.1 | acc=0.9140  (47.3s)  knn=s  k= 25  dexp=7.06  p_grd=0.490  unc_rem=0.099  unc_rel=0.756  drop=0.15  h=128  L=1  lr=0.05  wd=0.05
  [Trial 175] amazonpho_uniform_0.1 | acc=0.2830  (45.3s)  knn=s  k= 25  dexp=3.10  p_grd=0.493  unc_rem=0.075  unc_rel=0.686  drop=0.34  h=128  L=3  lr=0.05  wd=0.05
  [Trial 176] amazonpho_uniform_0.1 | acc=0.9140  (158.7s)  knn=s  k= 25  dexp=6.76  p_grd=0.488  unc_rem=0.340  unc_rel=0.788  drop=0.17  h=128  L=1  lr=0.05  wd=0.05
  [Trial 177] amazonpho_uniform_0.1 | acc=0.9140  (52.8s)  knn=s  k= 40  dexp=6.15  p_grd=0.472  unc_rem=0.283  unc_rel=0.859  drop=0.17  h=128  L=1  lr=0.05  wd=0.05
  [Trial 178] amazonpho_uniform_0.1 | acc=0.7840  (80.8s)  knn=s  k= 25  dexp=7.85  p_grd=0.461  unc_rem=0.319  unc_rel=0.787  drop=0.24  h=128  L=2  lr=0.05  wd=0.05
  [Trial 179] amazonpho_uniform_0.1 | acc=0.6500  (54.7s)  knn=s  k= 25  dexp=9.34  p_grd=0.492  unc_rem=0.192  unc_rel=0.892  drop=0.14  h=128  L=1  lr=0.0001  wd=0.1
  [Trial 180] amazonpho_uniform_0.1 | acc=0.9140  (95.5s)  knn=s  k= 25  dexp=7.33  p_grd=0.499  unc_rem=0.530  unc_rel=0.433  drop=0.41  h=64  L=1  lr=0.05  wd=0.05
  [Trial 181] amazonpho_uniform_0.1 | acc=0.9140  (27.7s)  knn=s  k= 25  dexp=6.83  p_grd=0.473  unc_rem=0.132  unc_rel=0.666  drop=0.15  h=128  L=1  lr=0.05  wd=0.05
  [Trial 182] amazonpho_uniform_0.1 | acc=0.9140  (120.6s)  knn=s  k= 25  dexp=6.39  p_grd=0.480  unc_rem=0.112  unc_rel=0.804  drop=0.13  h=128  L=1  lr=0.05  wd=0.05
  [Trial 183] amazonpho_uniform_0.1 | acc=0.8860  (76.3s)  knn=s  k= 25  dexp=9.16  p_grd=0.394  unc_rem=0.972  unc_rel=0.164  drop=0.41  h=64  L=1  lr=0.005  wd=0.05
  [Trial 184] amazonpho_uniform_0.1 | acc=0.9040  (50.1s)  knn=s  k= 25  dexp=3.87  p_grd=0.485  unc_rem=0.317  unc_rel=0.856  drop=0.41  h=128  L=1  lr=0.05  wd=0.01
  [Trial 185] amazonpho_uniform_0.1 | acc=0.9140  (458.8s)  knn=s  k= 25  dexp=7.15  p_grd=0.457  unc_rem=0.487  unc_rel=0.732  drop=0.14  h=128  L=1  lr=0.05  wd=0.05
  [Trial 186] amazonpho_uniform_0.1 | acc=0.9140  (166.5s)  knn=s  k= 25  dexp=7.81  p_grd=0.457  unc_rem=0.387  unc_rel=0.815  drop=0.40  h=32  L=1  lr=0.05  wd=0.05
  [Trial 187] amazonpho_uniform_0.1 | acc=0.6510  (61.5s)  knn=s  k= 25  dexp=7.74  p_grd=0.372  unc_rem=0.434  unc_rel=0.270  drop=0.31  h=64  L=1  lr=0.0001  wd=0.05
  [Trial 188] amazonpho_uniform_0.1 | acc=0.9140  (78.4s)  knn=s  k= 25  dexp=6.76  p_grd=0.499  unc_rem=0.549  unc_rel=0.314  drop=0.55  h=64  L=1  lr=0.05  wd=0.05
  [Trial 189] amazonpho_uniform_0.1 | acc=0.8750  (62.7s)  knn=s  k= 25  dexp=5.58  p_grd=0.424  unc_rem=0.032  unc_rel=0.670  drop=0.12  h=32  L=1  lr=0.0005  wd=0.0001
  [Trial 190] amazonpho_uniform_0.1 | acc=0.9100  (61.7s)  knn=d  k= 25  dexp=7.53  p_grd=0.391  unc_rem=0.199  unc_rel=0.796  drop=0.26  h=128  L=1  lr=0.05  wd=0.05
  [Trial 191] amazonpho_uniform_0.1 | acc=0.8770  (26.4s)  knn=s  k= 25  dexp=6.21  p_grd=0.444  unc_rem=0.415  unc_rel=0.730  drop=0.20  h=64  L=1  lr=0.0005  wd=0.005
  [Trial 192] amazonpho_uniform_0.1 | acc=0.8860  (27.7s)  knn=s  k= 45  dexp=7.04  p_grd=0.446  unc_rem=0.123  unc_rel=0.822  drop=0.29  h=128  L=1  lr=0.005  wd=0.05
  [Trial 193] amazonpho_uniform_0.1 | acc=0.8960  (111.3s)  knn=s  k= 40  dexp=6.73  p_grd=0.406  unc_rem=0.042  unc_rel=0.820  drop=0.12  h=128  L=1  lr=0.05  wd=0.05
  [Trial 194] amazonpho_uniform_0.1 | acc=0.9020  (28.9s)  knn=s  k= 35  dexp=5.90  p_grd=0.471  unc_rem=0.275  unc_rel=0.665  drop=0.18  h=128  L=1  lr=0.05  wd=0.005
  [Trial 195] amazonpho_uniform_0.1 | acc=0.7000  (97.0s)  knn=s  k= 35  dexp=4.61  p_grd=0.406  unc_rem=0.416  unc_rel=0.665  drop=0.17  h=128  L=4  lr=0.0001  wd=0.05
  [Trial 196] amazonpho_uniform_0.1 | acc=0.8920  (100.7s)  knn=s  k= 35  dexp=9.33  p_grd=0.402  unc_rem=0.699  unc_rel=0.932  drop=0.39  h=128  L=1  lr=0.05  wd=0.001
  [Trial 197] amazonpho_uniform_0.1 | acc=0.2080  (97.9s)  knn=u  k=-    dexp=5.69  p_grd=0.436  unc_rem=0.538  unc_rel=0.658  drop=0.31  h=64  L=4  lr=0.05  wd=0.05
  [Trial 198] amazonpho_uniform_0.1 | acc=0.9140  (27.7s)  knn=s  k= 60  dexp=4.38  p_grd=0.480  unc_rem=0.377  unc_rel=0.956  drop=0.24  h=128  L=1  lr=0.05  wd=0.05
  [Trial 199] amazonpho_uniform_0.1 | acc=0.9140  (25.7s)  knn=s  k= 35  dexp=7.08  p_grd=0.428  unc_rem=0.349  unc_rel=0.333  drop=0.23  h=64  L=1  lr=0.05  wd=0.05
  [Trial 200] amazonpho_uniform_0.1 | acc=0.8910  (136.0s)  knn=u  k=-    dexp=9.04  p_grd=0.282  unc_rem=0.454  unc_rel=0.054  drop=0.20  h=32  L=1  lr=0.05  wd=0.001

[Optuna] Optimization done. 200/200 trials completed.

[Retest] (amazonpho_uniform_0.1) Testing top-5 configs × 10 seeds...

  [Retest] (amazonpho_uniform_0.1) Config 1/5: (Trial #112, Orig Acc: 0.9180)
           Params: {'knn_mode': 'u', 'dexp': 7.335791038241049, 'p_grd': 0.45670419712959165, 'unc_rem': 0.48993061371272933, 'unc_rel': 0.31675967528639476, 'dropout': 0.10501791531439093, 'n_hidden': 32, 'n_layer': 1, 'lr': 0.05, 'weight_decay': 0.05}
    [Retest] amazonpho | Config 1 | Run 1/10 | seed=3000 | Acc: 0.9180 | Mean: 0.9180 | Time: 71.8s
    [Retest] amazonpho | Config 1 | Run 2/10 | seed=3001 | Acc: 0.9010 | Mean: 0.9095 | Time: 28.3s
    [Retest] amazonpho | Config 1 | Run 3/10 | seed=3002 | Acc: 0.8600 | Mean: 0.8930 | Time: 178.1s
    [Retest] amazonpho | Config 1 | Run 4/10 | seed=3003 | Acc: 0.8810 | Mean: 0.8900 | Time: 22.9s
    [Retest] amazonpho | Config 1 | Run 5/10 | seed=3004 | Acc: 0.9010 | Mean: 0.8922 | Time: 52.4s
    [Retest] amazonpho | Config 1 | Run 6/10 | seed=3005 | Acc: 0.8440 | Mean: 0.8842 | Time: 57.3s
    [Retest] amazonpho | Config 1 | Run 7/10 | seed=3006 | Acc: 0.9020 | Mean: 0.8867 | Time: 34.0s
    [Retest] amazonpho | Config 1 | Run 8/10 | seed=3007 | Acc: 0.9170 | Mean: 0.8905 | Time: 48.1s
    [Retest] amazonpho | Config 1 | Run 9/10 | seed=3008 | Acc: 0.8310 | Mean: 0.8839 | Time: 58.8s
    [Retest] amazonpho | Config 1 | Run 10/10 | seed=3009 | Acc: 0.9110 | Mean: 0.8866 | Time: 110.9s
  [Retest] Config 1: mean=0.8866 ± 0.0297

  [Retest] (amazonpho_uniform_0.1) Config 2/5: (Trial #113, Orig Acc: 0.9180)
           Params: {'knn_mode': 'u', 'dexp': 7.7288736891556695, 'p_grd': 0.4542609048359066, 'unc_rem': 0.49490403899339386, 'unc_rel': 0.42835937606972807, 'dropout': 0.17592868672135215, 'n_hidden': 32, 'n_layer': 1, 'lr': 0.05, 'weight_decay': 0.05}
    [Retest] amazonpho | Config 2 | Run 1/10 | seed=3000 | Acc: 0.9180 | Mean: 0.9180 | Time: 44.2s
    [Retest] amazonpho | Config 2 | Run 2/10 | seed=3001 | Acc: 0.9170 | Mean: 0.9175 | Time: 33.5s
    [Retest] amazonpho | Config 2 | Run 3/10 | seed=3002 | Acc: 0.8270 | Mean: 0.8873 | Time: 61.2s
    [Retest] amazonpho | Config 2 | Run 4/10 | seed=3003 | Acc: 0.8730 | Mean: 0.8838 | Time: 25.7s
    [Retest] amazonpho | Config 2 | Run 5/10 | seed=3004 | Acc: 0.9010 | Mean: 0.8872 | Time: 78.1s
    [Retest] amazonpho | Config 2 | Run 6/10 | seed=3005 | Acc: 0.8580 | Mean: 0.8823 | Time: 100.2s
    [Retest] amazonpho | Config 2 | Run 7/10 | seed=3006 | Acc: 0.9020 | Mean: 0.8851 | Time: 164.3s
    [Retest] amazonpho | Config 2 | Run 8/10 | seed=3007 | Acc: 0.9170 | Mean: 0.8891 | Time: 63.9s
    [Retest] amazonpho | Config 2 | Run 9/10 | seed=3008 | Acc: 0.8310 | Mean: 0.8827 | Time: 21.1s
    [Retest] amazonpho | Config 2 | Run 10/10 | seed=3009 | Acc: 0.9110 | Mean: 0.8855 | Time: 140.2s
  [Retest] Config 2: mean=0.8855 ± 0.0339

  [Retest] (amazonpho_uniform_0.1) Config 3/5: (Trial #114, Orig Acc: 0.9180)
           Params: {'knn_mode': 'u', 'dexp': 9.424320938648123, 'p_grd': 0.37931553233127646, 'unc_rem': 0.4235498117030291, 'unc_rel': 0.33840037924178473, 'dropout': 0.15220220909659518, 'n_hidden': 32, 'n_layer': 1, 'lr': 0.05, 'weight_decay': 0.05}
    [Retest] amazonpho | Config 3 | Run 1/10 | seed=3000 | Acc: 0.9180 | Mean: 0.9180 | Time: 34.3s
    [Retest] amazonpho | Config 3 | Run 2/10 | seed=3001 | Acc: 0.9170 | Mean: 0.9175 | Time: 85.7s
    [Retest] amazonpho | Config 3 | Run 3/10 | seed=3002 | Acc: 0.8570 | Mean: 0.8973 | Time: 127.6s
    [Retest] amazonpho | Config 3 | Run 4/10 | seed=3003 | Acc: 0.8780 | Mean: 0.8925 | Time: 61.8s
    [Retest] amazonpho | Config 3 | Run 5/10 | seed=3004 | Acc: 0.8890 | Mean: 0.8918 | Time: 57.8s
    [Retest] amazonpho | Config 3 | Run 6/10 | seed=3005 | Acc: 0.8680 | Mean: 0.8878 | Time: 78.1s
    [Retest] amazonpho | Config 3 | Run 7/10 | seed=3006 | Acc: 0.9010 | Mean: 0.8897 | Time: 87.5s
    [Retest] amazonpho | Config 3 | Run 8/10 | seed=3007 | Acc: 0.9170 | Mean: 0.8931 | Time: 25.0s
    [Retest] amazonpho | Config 3 | Run 9/10 | seed=3008 | Acc: 0.8390 | Mean: 0.8871 | Time: 66.0s
    [Retest] amazonpho | Config 3 | Run 10/10 | seed=3009 | Acc: 0.8970 | Mean: 0.8881 | Time: 23.3s
  [Retest] Config 3: mean=0.8881 ± 0.0259

  [Retest] (amazonpho_uniform_0.1) Config 4/5: (Trial #68, Orig Acc: 0.9140)
           Params: {'knn_mode': 's', 'k': 60, 'dexp': 6.102604838642378, 'p_grd': 0.43133500161425653, 'unc_rem': 0.38675903242861165, 'unc_rel': 0.5360981980090189, 'dropout': 0.30404840110053205, 'n_hidden': 128, 'n_layer': 1, 'lr': 0.05, 'weight_decay': 0.05}
    [Retest] amazonpho | Config 4 | Run 1/10 | seed=3000 | Acc: 0.9140 | Mean: 0.9140 | Time: 115.8s
    [Retest] amazonpho | Config 4 | Run 2/10 | seed=3001 | Acc: 0.9060 | Mean: 0.9100 | Time: 43.8s
    [Retest] amazonpho | Config 4 | Run 3/10 | seed=3002 | Acc: 0.8390 | Mean: 0.8863 | Time: 98.3s
    [Retest] amazonpho | Config 4 | Run 4/10 | seed=3003 | Acc: 0.8810 | Mean: 0.8850 | Time: 25.0s
    [Retest] amazonpho | Config 4 | Run 5/10 | seed=3004 | Acc: 0.9010 | Mean: 0.8882 | Time: 69.1s
    [Retest] amazonpho | Config 4 | Run 6/10 | seed=3005 | Acc: 0.8610 | Mean: 0.8837 | Time: 52.6s
    [Retest] amazonpho | Config 4 | Run 7/10 | seed=3006 | Acc: 0.9120 | Mean: 0.8877 | Time: 35.4s
    [Retest] amazonpho | Config 4 | Run 8/10 | seed=3007 | Acc: 0.9030 | Mean: 0.8896 | Time: 98.9s
    [Retest] amazonpho | Config 4 | Run 9/10 | seed=3008 | Acc: 0.8600 | Mean: 0.8863 | Time: 117.4s
    [Retest] amazonpho | Config 4 | Run 10/10 | seed=3009 | Acc: 0.9110 | Mean: 0.8888 | Time: 47.6s
  [Retest] Config 4: mean=0.8888 ± 0.0254

  [Retest] (amazonpho_uniform_0.1) Config 5/5: (Trial #69, Orig Acc: 0.9140)
           Params: {'knn_mode': 's', 'k': 60, 'dexp': 6.2163236642773585, 'p_grd': 0.38378063651525735, 'unc_rem': 0.24021198217057596, 'unc_rel': 0.5110639727171034, 'dropout': 0.48948389027415556, 'n_hidden': 128, 'n_layer': 1, 'lr': 0.05, 'weight_decay': 0.05}
    [Retest] amazonpho | Config 5 | Run 1/10 | seed=3000 | Acc: 0.9140 | Mean: 0.9140 | Time: 50.7s
    [Retest] amazonpho | Config 5 | Run 2/10 | seed=3001 | Acc: 0.9150 | Mean: 0.9145 | Time: 50.5s
    [Retest] amazonpho | Config 5 | Run 3/10 | seed=3002 | Acc: 0.8390 | Mean: 0.8893 | Time: 47.8s
    [Retest] amazonpho | Config 5 | Run 4/10 | seed=3003 | Acc: 0.8980 | Mean: 0.8915 | Time: 30.6s
    [Retest] amazonpho | Config 5 | Run 5/10 | seed=3004 | Acc: 0.8940 | Mean: 0.8920 | Time: 61.4s
    [Retest] amazonpho | Config 5 | Run 6/10 | seed=3005 | Acc: 0.8670 | Mean: 0.8878 | Time: 42.9s
    [Retest] amazonpho | Config 5 | Run 7/10 | seed=3006 | Acc: 0.9110 | Mean: 0.8911 | Time: 32.8s
    [Retest] amazonpho | Config 5 | Run 8/10 | seed=3007 | Acc: 0.8890 | Mean: 0.8909 | Time: 121.3s
    [Retest] amazonpho | Config 5 | Run 9/10 | seed=3008 | Acc: 0.8600 | Mean: 0.8874 | Time: 259.2s
    [Retest] amazonpho | Config 5 | Run 10/10 | seed=3009 | Acc: 0.8900 | Mean: 0.8877 | Time: 76.5s
  [Retest] Config 5: mean=0.8877 ± 0.0239

[Optuna] Success: Best config saved to log/hpo_db.json:
         {'knn_mode': 's', 'k': 60, 'dexp': 6.102604838642378, 'p_grd': 0.43133500161425653, 'unc_rem': 0.38675903242861165, 'unc_rel': 0.5360981980090189, 'dropout': 0.30404840110053205, 'n_hidden': 128, 'n_layer': 1, 'lr': 0.05, 'weight_decay': 0.05}
[Optuna] Success: Best retest mean accuracy: 0.8888
[Optuna] Success: Done marker: ./log/nni_done\lnpcc_amazonpho_uniform_0.1.done
  [HPO] Done marker saved: ./log/nni_done\lnpcc_amazonpho_uniform_0.1.done
[total_exp] --hpo_only: skipping benchmark runs.
[worker] OK DONE  hpo_amazonpho_uniform_0.1  gpu=1  321.2 min  rc=0
