[worker] START  lnpcc_amazon-ratings_random_0.4  gpu=0
======================================================================
GCN + LN-PCC -- NoisyGL Benchmark (Unified)
Start          : 2026-04-21 11:24:02
Variants       : ['lnpcc']
Datasets       : ['amazon-ratings']
Noise          : [[0.4, 'random']]
Runs           : 10  (seeds 3000..3009)
Device         : cuda:0
======================================================================
[HPO] Loaded 160 optimized scenarios from log/hpo_db.json
----Data statistics------'
                Name: amazon-ratings
                #Nodes 24492
                #Edges 93050
                #Classes 5
                #Ave_degree 7.60
----Split statistics------'
                #Train samples 1224 (5.0 % of nodes)
                #Val samples 3673 (15.0 % of nodes)
                #Test samples 19595 (remaining)

============================================================
  lnpcc | amazon-ratings | random 0.4
============================================================
  [HPO] Applying optimized params for amazon-ratings_random_0.4
    [11:25:00] amazon-ratings | random 0.4 | lnpcc | run  1/10 | seed=3000 | acc=0.3943 | mean=0.3943 | time=52.98s
  [HPO] Applying optimized params for amazon-ratings_random_0.4
    [11:25:59] amazon-ratings | random 0.4 | lnpcc | run  2/10 | seed=3001 | acc=0.3776 | mean=0.3860 | time=50.66s
  [HPO] Applying optimized params for amazon-ratings_random_0.4
    [11:26:58] amazon-ratings | random 0.4 | lnpcc | run  3/10 | seed=3002 | acc=0.3391 | mean=0.3703 | time=54.21s
  [HPO] Applying optimized params for amazon-ratings_random_0.4
    [11:28:05] amazon-ratings | random 0.4 | lnpcc | run  4/10 | seed=3003 | acc=0.3751 | mean=0.3715 | time=58.92s
  [HPO] Applying optimized params for amazon-ratings_random_0.4
    [11:29:38] amazon-ratings | random 0.4 | lnpcc | run  5/10 | seed=3004 | acc=0.3696 | mean=0.3712 | time=82.43s
  [HPO] Applying optimized params for amazon-ratings_random_0.4
    [11:30:38] amazon-ratings | random 0.4 | lnpcc | run  6/10 | seed=3005 | acc=0.3685 | mean=0.3707 | time=52.58s
  [HPO] Applying optimized params for amazon-ratings_random_0.4
    [11:31:51] amazon-ratings | random 0.4 | lnpcc | run  7/10 | seed=3006 | acc=0.3628 | mean=0.3696 | time=56.11s
  [HPO] Applying optimized params for amazon-ratings_random_0.4
    [11:33:04] amazon-ratings | random 0.4 | lnpcc | run  8/10 | seed=3007 | acc=0.2852 | mean=0.3590 | time=66.61s
  [HPO] Applying optimized params for amazon-ratings_random_0.4
    [11:34:19] amazon-ratings | random 0.4 | lnpcc | run  9/10 | seed=3008 | acc=0.3825 | mean=0.3616 | time=60.89s
  [HPO] Applying optimized params for amazon-ratings_random_0.4
    [11:35:34] amazon-ratings | random 0.4 | lnpcc | run 10/10 | seed=3009 | acc=0.3672 | mean=0.3622 | time=69.87s
  -> mean=0.3622 +/- 0.0290

[OK] Partial CSV: ./log\partial\partial_lnpcc_amazon-ratings_random_0.4.csv
End: 2026-04-21 11:35:34
[worker] OK DONE  lnpcc_amazon-ratings_random_0.4  gpu=0  11.7 min  rc=0
