[worker] START  lnpcc_amazon-ratings_pair_0.2  gpu=1
======================================================================
GCN + LN-PCC -- NoisyGL Benchmark (Unified)
Start          : 2026-04-21 11:24:02
Variants       : ['lnpcc']
Datasets       : ['amazon-ratings']
Noise          : [[0.2, 'pair']]
Runs           : 10  (seeds 3000..3009)
Device         : cuda:1
======================================================================
[HPO] Loaded 160 optimized scenarios from log/hpo_db.json
----Data statistics------'
                Name: amazon-ratings
                #Nodes 24492
                #Edges 93050
                #Classes 5
                #Ave_degree 7.60
----Split statistics------'
                #Train samples 1224 (5.0 % of nodes)
                #Val samples 3673 (15.0 % of nodes)
                #Test samples 19595 (remaining)

============================================================
  lnpcc | amazon-ratings | pair 0.2
============================================================
  [HPO] Applying optimized params for amazon-ratings_pair_0.2
    [11:25:30] amazon-ratings | pair 0.2 | lnpcc | run  1/10 | seed=3000 | acc=0.4064 | mean=0.4064 | time=85.46s
  [HPO] Applying optimized params for amazon-ratings_pair_0.2
    [11:26:47] amazon-ratings | pair 0.2 | lnpcc | run  2/10 | seed=3001 | acc=0.3984 | mean=0.4024 | time=73.53s
  [HPO] Applying optimized params for amazon-ratings_pair_0.2
    [11:28:16] amazon-ratings | pair 0.2 | lnpcc | run  3/10 | seed=3002 | acc=0.4043 | mean=0.4031 | time=83.41s
  [HPO] Applying optimized params for amazon-ratings_pair_0.2
    [11:29:40] amazon-ratings | pair 0.2 | lnpcc | run  4/10 | seed=3003 | acc=0.4016 | mean=0.4027 | time=81.11s
  [HPO] Applying optimized params for amazon-ratings_pair_0.2
    [11:30:59] amazon-ratings | pair 0.2 | lnpcc | run  5/10 | seed=3004 | acc=0.3989 | mean=0.4019 | time=74.00s
  [HPO] Applying optimized params for amazon-ratings_pair_0.2
    [11:32:30] amazon-ratings | pair 0.2 | lnpcc | run  6/10 | seed=3005 | acc=0.3995 | mean=0.4015 | time=84.97s
  [HPO] Applying optimized params for amazon-ratings_pair_0.2
    [11:34:07] amazon-ratings | pair 0.2 | lnpcc | run  7/10 | seed=3006 | acc=0.3988 | mean=0.4012 | time=94.99s
  [HPO] Applying optimized params for amazon-ratings_pair_0.2
    [11:35:29] amazon-ratings | pair 0.2 | lnpcc | run  8/10 | seed=3007 | acc=0.3965 | mean=0.4006 | time=76.62s
  [HPO] Applying optimized params for amazon-ratings_pair_0.2
    [11:36:52] amazon-ratings | pair 0.2 | lnpcc | run  9/10 | seed=3008 | acc=0.3918 | mean=0.3996 | time=80.73s
  [HPO] Applying optimized params for amazon-ratings_pair_0.2
    [11:38:37] amazon-ratings | pair 0.2 | lnpcc | run 10/10 | seed=3009 | acc=0.3955 | mean=0.3992 | time=92.95s
  -> mean=0.3992 +/- 0.0040

[OK] Partial CSV: ./log\partial\partial_lnpcc_amazon-ratings_pair_0.2.csv
End: 2026-04-21 11:38:37
[worker] OK DONE  lnpcc_amazon-ratings_pair_0.2  gpu=1  14.7 min  rc=0
