[worker] START  hpo_pubmed_random_0.2  gpu=1
======================================================================
GCN + LN-PCC -- NoisyGL Benchmark (Unified)
Start          : 2026-04-20 16:59:13
Variants       : ['lnpcc']
Datasets       : ['pubmed']
Noise          : [[0.2, 'random']]
Runs           : 10  (seeds 3000..3009)
Device         : cuda:1
======================================================================

[HPO] Optimizing lnpcc on pubmed_random_0.2 (max_trials=200, max_k_same=60)

[Optuna] Scenario: pubmed_random_0.2  (max_trials=200, startup=20)
  [Trial   1] pubmed_random_0.2 | acc=0.4410  (51.1s)  knn=d  k= 14  dexp=7.40  p_grd=0.421  unc_rem=0.161  unc_rel=0.537  drop=0.52  h=128  L=3  lr=0.1  wd=0.05
  [Trial   2] pubmed_random_0.2 | acc=0.4170  (52.2s)  knn=d  k= 17  dexp=0.88  p_grd=0.193  unc_rem=0.850  unc_rel=0.092  drop=0.89  h=128  L=3  lr=1e-05  wd=0.1
  [Trial   3] pubmed_random_0.2 | acc=0.1830  (60.7s)  knn=s  k= 60  dexp=4.63  p_grd=0.375  unc_rem=0.959  unc_rel=0.839  drop=0.11  h=16  L=4  lr=1e-05  wd=0.1
  [Trial   4] pubmed_random_0.2 | acc=0.6840  (53.6s)  knn=s  k= 20  dexp=3.86  p_grd=0.215  unc_rem=0.881  unc_rel=0.612  drop=0.58  h=32  L=3  lr=0.005  wd=0.001
  [Trial   5] pubmed_random_0.2 | acc=0.7180  (46.4s)  knn=u  k=-    dexp=8.18  p_grd=0.344  unc_rem=0.346  unc_rel=0.828  drop=0.50  h=64  L=4  lr=0.001  wd=0.001
  [Trial   6] pubmed_random_0.2 | acc=0.7180  (52.0s)  knn=s  k= 60  dexp=9.63  p_grd=0.431  unc_rem=0.779  unc_rel=0.683  drop=0.44  h=32  L=1  lr=0.1  wd=0.01
  [Trial   7] pubmed_random_0.2 | acc=0.5330  (56.3s)  knn=d  k= 22  dexp=8.98  p_grd=0.186  unc_rem=0.562  unc_rel=0.930  drop=0.36  h=32  L=3  lr=0.0001  wd=0.005
  [Trial   8] pubmed_random_0.2 | acc=0.6810  (50.7s)  knn=d  k= 15  dexp=2.27  p_grd=0.167  unc_rem=0.876  unc_rel=0.021  drop=0.20  h=128  L=3  lr=0.1  wd=0.005
  [Trial   9] pubmed_random_0.2 | acc=0.7340  (56.0s)  knn=p  k= 21  dexp=7.05  p_grd=0.405  unc_rem=0.819  unc_rel=0.209  drop=0.56  h=32  L=2  lr=0.01  wd=1e-05
  [Trial  10] pubmed_random_0.2 | acc=0.6610  (54.5s)  knn=d  k= 23  dexp=5.37  p_grd=0.494  unc_rem=0.196  unc_rel=0.286  drop=0.68  h=64  L=3  lr=0.05  wd=0.005
  [Trial  11] pubmed_random_0.2 | acc=0.7380  (56.5s)  knn=s  k= 10  dexp=6.60  p_grd=0.444  unc_rem=0.958  unc_rel=0.876  drop=0.66  h=16  L=4  lr=0.05  wd=1e-05
  [Trial  12] pubmed_random_0.2 | acc=0.6750  (42.5s)  knn=u  k=-    dexp=8.76  p_grd=0.091  unc_rem=0.305  unc_rel=0.438  drop=0.14  h=64  L=3  lr=0.001  wd=0.0001
  [Trial  13] pubmed_random_0.2 | acc=0.5190  (57.0s)  knn=p  k=  9  dexp=7.90  p_grd=0.228  unc_rem=0.196  unc_rel=0.065  drop=0.88  h=16  L=4  lr=0.1  wd=0.005
  [Trial  14] pubmed_random_0.2 | acc=0.7010  (60.4s)  knn=s  k= 20  dexp=4.82  p_grd=0.311  unc_rem=0.084  unc_rel=0.251  drop=0.17  h=32  L=2  lr=0.0005  wd=0.005
  [Trial  15] pubmed_random_0.2 | acc=0.2440  (48.8s)  knn=d  k=  5  dexp=1.73  p_grd=0.294  unc_rem=0.145  unc_rel=0.870  drop=0.67  h=32  L=1  lr=0.0001  wd=0.001
  [Trial  16] pubmed_random_0.2 | acc=0.4020  (51.4s)  knn=p  k= 15  dexp=1.15  p_grd=0.289  unc_rem=0.335  unc_rel=0.495  drop=0.39  h=64  L=4  lr=1e-05  wd=0.0005
  [Trial  17] pubmed_random_0.2 | acc=0.6600  (58.3s)  knn=p  k= 10  dexp=8.27  p_grd=0.189  unc_rem=0.042  unc_rel=0.304  drop=0.53  h=32  L=4  lr=0.005  wd=0.005
  [Trial  18] pubmed_random_0.2 | acc=0.7140  (53.0s)  knn=d  k=  3  dexp=2.21  p_grd=0.206  unc_rem=0.616  unc_rel=0.167  drop=0.40  h=64  L=3  lr=0.005  wd=0.01
  [Trial  19] pubmed_random_0.2 | acc=0.6700  (55.5s)  knn=p  k= 13  dexp=3.83  p_grd=0.476  unc_rem=0.774  unc_rel=0.043  drop=0.57  h=128  L=1  lr=0.001  wd=5e-05
  [Trial  20] pubmed_random_0.2 | acc=0.7420  (45.0s)  knn=u  k=-    dexp=6.93  p_grd=0.170  unc_rem=0.841  unc_rel=0.089  drop=0.61  h=16  L=2  lr=0.01  wd=5e-05
  [Trial  21] pubmed_random_0.2 | acc=0.7200  (42.9s)  knn=u  k=-    dexp=6.27  p_grd=0.160  unc_rem=0.801  unc_rel=0.098  drop=0.63  h=64  L=2  lr=0.01  wd=5e-05
  [Trial  22] pubmed_random_0.2 | acc=0.7370  (59.8s)  knn=p  k= 24  dexp=8.50  p_grd=0.268  unc_rem=0.954  unc_rel=0.078  drop=0.64  h=32  L=2  lr=0.01  wd=1e-05
  [Trial  23] pubmed_random_0.2 | acc=0.7560  (57.9s)  knn=s  k= 40  dexp=8.24  p_grd=0.470  unc_rem=0.696  unc_rel=0.810  drop=0.68  h=16  L=4  lr=0.05  wd=5e-05
  [Trial  24] pubmed_random_0.2 | acc=0.5400  (61.4s)  knn=s  k= 40  dexp=6.23  p_grd=0.419  unc_rem=0.865  unc_rel=0.949  drop=0.63  h=16  L=4  lr=0.05  wd=0.005
  [Trial  25] pubmed_random_0.2 | acc=0.6970  (54.5s)  knn=s  k= 45  dexp=9.63  p_grd=0.481  unc_rem=0.862  unc_rel=0.665  drop=0.58  h=32  L=4  lr=0.05  wd=5e-05
  [Trial  26] pubmed_random_0.2 | acc=0.7270  (62.0s)  knn=d  k= 24  dexp=5.79  p_grd=0.369  unc_rem=0.856  unc_rel=0.960  drop=0.62  h=32  L=4  lr=0.001  wd=1e-05
  [Trial  27] pubmed_random_0.2 | acc=0.7380  (53.6s)  knn=s  k= 45  dexp=8.10  p_grd=0.436  unc_rem=0.995  unc_rel=0.517  drop=0.60  h=16  L=2  lr=0.05  wd=1e-05
  [Trial  28] pubmed_random_0.2 | acc=0.7360  (68.7s)  knn=s  k= 35  dexp=8.04  p_grd=0.493  unc_rem=0.470  unc_rel=0.900  drop=0.56  h=16  L=3  lr=0.01  wd=5e-05
  [Trial  29] pubmed_random_0.2 | acc=0.4400  (42.8s)  knn=u  k=-    dexp=9.83  p_grd=0.146  unc_rem=0.791  unc_rel=0.132  drop=0.50  h=16  L=2  lr=1e-05  wd=5e-05
  [Trial  30] pubmed_random_0.2 | acc=0.4410  (45.6s)  knn=u  k=-    dexp=9.11  p_grd=0.429  unc_rem=0.621  unc_rel=0.744  drop=0.68  h=16  L=4  lr=0.0001  wd=1e-05
  [Trial  31] pubmed_random_0.2 | acc=0.6020  (41.2s)  knn=u  k=-    dexp=6.07  p_grd=0.041  unc_rem=0.611  unc_rel=0.116  drop=0.68  h=16  L=3  lr=0.01  wd=0.01
  [Trial  32] pubmed_random_0.2 | acc=0.4360  (64.2s)  knn=s  k= 45  dexp=7.24  p_grd=0.422  unc_rem=0.997  unc_rel=0.509  drop=0.59  h=16  L=2  lr=1e-05  wd=5e-05
  [Trial  33] pubmed_random_0.2 | acc=0.6940  (56.5s)  knn=s  k= 45  dexp=9.52  p_grd=0.495  unc_rem=0.786  unc_rel=0.437  drop=0.60  h=16  L=2  lr=0.001  wd=1e-05
  [Trial  34] pubmed_random_0.2 | acc=0.6170  (45.5s)  knn=u  k=-    dexp=6.69  p_grd=0.065  unc_rem=1.000  unc_rel=0.052  drop=0.73  h=16  L=4  lr=0.001  wd=5e-05
  [Trial  35] pubmed_random_0.2 | acc=0.4200  (60.3s)  knn=s  k= 35  dexp=8.65  p_grd=0.469  unc_rem=0.741  unc_rel=0.861  drop=0.79  h=64  L=4  lr=0.005  wd=0.1
  [Trial  36] pubmed_random_0.2 | acc=0.4220  (47.0s)  knn=u  k=-    dexp=3.73  p_grd=0.221  unc_rem=0.998  unc_rel=0.046  drop=0.73  h=16  L=2  lr=0.0001  wd=0.05
  [Trial  37] pubmed_random_0.2 | acc=0.7240  (65.0s)  knn=s  k= 50  dexp=6.98  p_grd=0.277  unc_rem=0.904  unc_rel=0.553  drop=0.57  h=128  L=2  lr=0.05  wd=1e-05
  [Trial  38] pubmed_random_0.2 | acc=0.6880  (60.0s)  knn=p  k= 24  dexp=6.09  p_grd=0.486  unc_rem=0.944  unc_rel=0.679  drop=0.69  h=16  L=1  lr=0.05  wd=1e-05
  [Trial  39] pubmed_random_0.2 | acc=0.4240  (55.1s)  knn=s  k= 40  dexp=7.18  p_grd=0.483  unc_rem=0.624  unc_rel=0.589  drop=0.72  h=16  L=4  lr=0.1  wd=0.01
  [Trial  40] pubmed_random_0.2 | acc=0.7570  (44.1s)  knn=u  k=-    dexp=6.74  p_grd=0.381  unc_rem=0.455  unc_rel=0.635  drop=0.46  h=16  L=4  lr=0.05  wd=5e-05
  [Trial  41] pubmed_random_0.2 | acc=0.7320  (55.6s)  knn=u  k=-    dexp=9.00  p_grd=0.304  unc_rem=0.579  unc_rel=0.522  drop=0.51  h=64  L=3  lr=0.05  wd=5e-05
  [Trial  42] pubmed_random_0.2 | acc=0.7380  (47.9s)  knn=u  k=-    dexp=7.35  p_grd=0.259  unc_rem=0.201  unc_rel=0.851  drop=0.27  h=16  L=4  lr=0.05  wd=5e-05
  [Trial  43] pubmed_random_0.2 | acc=0.4950  (43.1s)  knn=u  k=-    dexp=4.75  p_grd=0.365  unc_rem=0.335  unc_rel=0.480  drop=0.46  h=16  L=4  lr=0.0001  wd=0.005
  [Trial  44] pubmed_random_0.2 | acc=0.7030  (48.1s)  knn=u  k=-    dexp=5.25  p_grd=0.378  unc_rem=0.598  unc_rel=0.818  drop=0.39  h=16  L=4  lr=0.001  wd=5e-05
  [Trial  45] pubmed_random_0.2 | acc=0.4290  (43.3s)  knn=u  k=-    dexp=7.45  p_grd=0.212  unc_rem=0.846  unc_rel=0.170  drop=0.58  h=16  L=2  lr=0.01  wd=0.1
  [Trial  46] pubmed_random_0.2 | acc=0.6830  (42.2s)  knn=u  k=-    dexp=7.06  p_grd=0.472  unc_rem=0.611  unc_rel=0.395  drop=0.27  h=16  L=1  lr=0.05  wd=5e-05
  [Trial  47] pubmed_random_0.2 | acc=0.4750  (56.4s)  knn=s  k= 50  dexp=7.72  p_grd=0.450  unc_rem=0.894  unc_rel=0.558  drop=0.60  h=16  L=2  lr=0.05  wd=0.05
  [Trial  48] pubmed_random_0.2 | acc=0.6590  (53.7s)  knn=s  k= 40  dexp=7.84  p_grd=0.498  unc_rem=0.379  unc_rel=0.764  drop=0.76  h=16  L=4  lr=0.05  wd=5e-05
  [Trial  49] pubmed_random_0.2 | acc=0.6950  (59.8s)  knn=s  k= 55  dexp=4.80  p_grd=0.461  unc_rem=0.912  unc_rel=0.322  drop=0.72  h=16  L=3  lr=0.05  wd=1e-05
  [Trial  50] pubmed_random_0.2 | acc=0.7580  (48.9s)  knn=u  k=-    dexp=6.88  p_grd=0.265  unc_rem=0.935  unc_rel=0.927  drop=0.70  h=128  L=4  lr=0.05  wd=0.0001
  [Trial  51] pubmed_random_0.2 | acc=0.1800  (41.1s)  knn=u  k=-    dexp=3.38  p_grd=0.168  unc_rem=0.955  unc_rel=0.901  drop=0.76  h=128  L=4  lr=0.005  wd=0.1
  [Trial  52] pubmed_random_0.2 | acc=0.7430  (49.4s)  knn=u  k=-    dexp=8.50  p_grd=0.318  unc_rem=0.670  unc_rel=0.711  drop=0.68  h=128  L=4  lr=0.005  wd=0.0001
  [Trial  53] pubmed_random_0.2 | acc=0.7460  (47.4s)  knn=u  k=-    dexp=7.17  p_grd=0.396  unc_rem=0.572  unc_rel=0.789  drop=0.63  h=128  L=4  lr=0.005  wd=0.0001
  [Trial  54] pubmed_random_0.2 | acc=0.7520  (46.1s)  knn=u  k=-    dexp=8.21  p_grd=0.272  unc_rem=0.478  unc_rel=0.958  drop=0.55  h=128  L=4  lr=0.005  wd=0.0001
  [Trial  55] pubmed_random_0.2 | acc=0.7490  (47.4s)  knn=u  k=-    dexp=8.35  p_grd=0.308  unc_rem=0.736  unc_rel=0.995  drop=0.80  h=128  L=4  lr=0.05  wd=0.0001
  [Trial  56] pubmed_random_0.2 | acc=0.6810  (50.5s)  knn=u  k=-    dexp=8.60  p_grd=0.306  unc_rem=0.793  unc_rel=0.979  drop=0.79  h=128  L=1  lr=0.05  wd=0.0001
  [Trial  57] pubmed_random_0.2 | acc=0.7390  (45.7s)  knn=u  k=-    dexp=8.37  p_grd=0.305  unc_rem=0.208  unc_rel=0.894  drop=0.42  h=128  L=4  lr=0.0005  wd=0.0001
  [Trial  58] pubmed_random_0.2 | acc=0.2060  (61.0s)  knn=p  k=  1  dexp=7.44  p_grd=0.287  unc_rem=0.855  unc_rel=0.730  drop=0.81  h=32  L=4  lr=1e-05  wd=0.0001
  [Trial  59] pubmed_random_0.2 | acc=0.5330  (52.1s)  knn=u  k=-    dexp=6.09  p_grd=0.229  unc_rem=0.205  unc_rel=0.876  drop=0.70  h=128  L=4  lr=0.005  wd=0.01
  [Trial  60] pubmed_random_0.2 | acc=0.4690  (46.3s)  knn=u  k=-    dexp=8.47  p_grd=0.132  unc_rem=0.592  unc_rel=0.931  drop=0.58  h=128  L=3  lr=1e-05  wd=0.0001
  [Trial  61] pubmed_random_0.2 | acc=0.7220  (63.8s)  knn=u  k=-    dexp=4.43  p_grd=0.474  unc_rem=0.617  unc_rel=0.695  drop=0.58  h=32  L=4  lr=0.01  wd=0.0001
  [Trial  62] pubmed_random_0.2 | acc=0.7480  (53.3s)  knn=u  k=-    dexp=9.54  p_grd=0.308  unc_rem=0.834  unc_rel=0.833  drop=0.63  h=128  L=4  lr=0.005  wd=0.0001
  [Trial  63] pubmed_random_0.2 | acc=0.7140  (49.6s)  knn=u  k=-    dexp=9.78  p_grd=0.224  unc_rem=0.426  unc_rel=0.929  drop=0.50  h=16  L=4  lr=0.005  wd=0.0001
  [Trial  64] pubmed_random_0.2 | acc=0.6160  (76.5s)  knn=s  k= 60  dexp=5.78  p_grd=0.291  unc_rem=0.956  unc_rel=0.832  drop=0.59  h=128  L=4  lr=0.0001  wd=0.0001
  [Trial  65] pubmed_random_0.2 | acc=0.6630  (54.6s)  knn=u  k=-    dexp=7.06  p_grd=0.236  unc_rem=0.866  unc_rel=0.673  drop=0.70  h=128  L=4  lr=0.05  wd=0.0005
  [Trial  66] pubmed_random_0.2 | acc=0.4070  (49.3s)  knn=u  k=-    dexp=9.15  p_grd=0.241  unc_rem=0.822  unc_rel=0.799  drop=0.82  h=64  L=4  lr=0.0001  wd=0.0001
  [Trial  67] pubmed_random_0.2 | acc=0.6980  (45.8s)  knn=u  k=-    dexp=7.69  p_grd=0.418  unc_rem=0.649  unc_rel=0.973  drop=0.81  h=128  L=4  lr=0.05  wd=0.001
  [Trial  68] pubmed_random_0.2 | acc=0.3480  (52.4s)  knn=u  k=-    dexp=6.21  p_grd=0.335  unc_rem=0.991  unc_rel=0.997  drop=0.73  h=16  L=4  lr=0.0005  wd=0.01
  [Trial  69] pubmed_random_0.2 | acc=0.7370  (62.5s)  knn=d  k= 23  dexp=7.44  p_grd=0.409  unc_rem=0.604  unc_rel=0.983  drop=0.68  h=128  L=4  lr=0.01  wd=0.0001
  [Trial  70] pubmed_random_0.2 | acc=0.4040  (43.0s)  knn=u  k=-    dexp=8.75  p_grd=0.389  unc_rem=0.939  unc_rel=0.892  drop=0.66  h=32  L=4  lr=0.005  wd=0.05
  [Trial  71] pubmed_random_0.2 | acc=0.7170  (44.9s)  knn=u  k=-    dexp=9.27  p_grd=0.172  unc_rem=0.824  unc_rel=0.969  drop=0.47  h=16  L=4  lr=0.05  wd=1e-05
  [Trial  72] pubmed_random_0.2 | acc=0.7360  (48.1s)  knn=u  k=-    dexp=8.86  p_grd=0.322  unc_rem=0.854  unc_rel=0.806  drop=0.78  h=128  L=4  lr=0.005  wd=0.0001
  [Trial  73] pubmed_random_0.2 | acc=0.7300  (49.7s)  knn=p  k= 17  dexp=10.00  p_grd=0.428  unc_rem=0.564  unc_rel=0.798  drop=0.48  h=128  L=2  lr=0.005  wd=0.0001
  [Trial  74] pubmed_random_0.2 | acc=0.7370  (47.5s)  knn=u  k=-    dexp=5.33  p_grd=0.276  unc_rem=0.669  unc_rel=0.838  drop=0.64  h=128  L=4  lr=0.001  wd=0.0001
  [Trial  75] pubmed_random_0.2 | acc=0.6860  (38.2s)  knn=u  k=-    dexp=7.51  p_grd=0.338  unc_rem=0.657  unc_rel=0.417  drop=0.67  h=128  L=1  lr=0.005  wd=1e-05
  [Trial  76] pubmed_random_0.2 | acc=0.7320  (44.4s)  knn=u  k=-    dexp=6.34  p_grd=0.448  unc_rem=0.582  unc_rel=0.809  drop=0.51  h=128  L=4  lr=0.005  wd=0.0001
  [Trial  77] pubmed_random_0.2 | acc=0.6860  (38.2s)  knn=u  k=-    dexp=3.66  p_grd=0.297  unc_rem=0.853  unc_rel=0.642  drop=0.67  h=32  L=3  lr=0.05  wd=0.0001
  [Trial  78] pubmed_random_0.2 | acc=0.7050  (66.5s)  knn=s  k= 60  dexp=9.82  p_grd=0.171  unc_rem=0.981  unc_rel=0.871  drop=0.83  h=128  L=4  lr=0.05  wd=0.0001
  [Trial  79] pubmed_random_0.2 | acc=0.6410  (64.9s)  knn=s  k= 35  dexp=9.74  p_grd=0.351  unc_rem=0.909  unc_rel=0.862  drop=0.71  h=16  L=4  lr=0.0005  wd=5e-05
  [Trial  80] pubmed_random_0.2 | acc=0.7530  (54.5s)  knn=d  k= 23  dexp=4.84  p_grd=0.392  unc_rem=0.493  unc_rel=0.641  drop=0.52  h=16  L=4  lr=0.05  wd=0.001
  [Trial  81] pubmed_random_0.2 | acc=0.7380  (53.6s)  knn=d  k= 23  dexp=4.68  p_grd=0.447  unc_rem=0.304  unc_rel=0.817  drop=0.40  h=16  L=4  lr=0.05  wd=0.001
  [Trial  82] pubmed_random_0.2 | acc=0.7250  (51.7s)  knn=p  k= 23  dexp=6.81  p_grd=0.140  unc_rem=0.315  unc_rel=0.986  drop=0.77  h=128  L=4  lr=0.05  wd=0.0001
  [Trial  83] pubmed_random_0.2 | acc=0.5670  (39.5s)  knn=u  k=-    dexp=8.67  p_grd=0.099  unc_rem=0.516  unc_rel=0.869  drop=0.50  h=128  L=4  lr=0.005  wd=0.001
  [Trial  84] pubmed_random_0.2 | acc=0.6660  (54.1s)  knn=d  k= 18  dexp=5.93  p_grd=0.358  unc_rem=0.642  unc_rel=0.407  drop=0.46  h=16  L=4  lr=0.0005  wd=0.001
  [Trial  85] pubmed_random_0.2 | acc=0.7180  (38.5s)  knn=u  k=-    dexp=5.59  p_grd=0.168  unc_rem=0.955  unc_rel=0.878  drop=0.73  h=128  L=2  lr=0.05  wd=0.005
  [Trial  86] pubmed_random_0.2 | acc=0.7180  (43.8s)  knn=u  k=-    dexp=6.06  p_grd=0.179  unc_rem=0.651  unc_rel=0.967  drop=0.81  h=128  L=4  lr=0.05  wd=0.0001
  [Trial  87] pubmed_random_0.2 | acc=0.6260  (42.5s)  knn=u  k=-    dexp=8.17  p_grd=0.372  unc_rem=0.579  unc_rel=0.584  drop=0.64  h=128  L=4  lr=0.01  wd=0.005
  [Trial  88] pubmed_random_0.2 | acc=0.7260  (40.5s)  knn=u  k=-    dexp=9.06  p_grd=0.342  unc_rem=0.439  unc_rel=0.666  drop=0.65  h=16  L=4  lr=0.05  wd=5e-05
  [Trial  89] pubmed_random_0.2 | acc=0.7090  (47.1s)  knn=d  k= 24  dexp=3.31  p_grd=0.179  unc_rem=0.528  unc_rel=0.533  drop=0.52  h=16  L=4  lr=0.05  wd=0.001
  [Trial  90] pubmed_random_0.2 | acc=0.7290  (52.2s)  knn=s  k= 35  dexp=9.66  p_grd=0.383  unc_rem=0.540  unc_rel=0.702  drop=0.57  h=16  L=1  lr=0.05  wd=0.001
  [Trial  91] pubmed_random_0.2 | acc=0.6270  (43.0s)  knn=u  k=-    dexp=9.52  p_grd=0.239  unc_rem=0.720  unc_rel=0.995  drop=0.57  h=128  L=4  lr=0.0005  wd=0.005
  [Trial  92] pubmed_random_0.2 | acc=0.7300  (51.9s)  knn=d  k= 19  dexp=4.67  p_grd=0.296  unc_rem=0.199  unc_rel=0.437  drop=0.53  h=16  L=3  lr=0.05  wd=5e-05
  [Trial  93] pubmed_random_0.2 | acc=0.7190  (47.2s)  knn=d  k= 23  dexp=9.66  p_grd=0.161  unc_rem=0.951  unc_rel=0.098  drop=0.77  h=16  L=2  lr=0.01  wd=5e-05
  [Trial  94] pubmed_random_0.2 | acc=0.4340  (54.9s)  knn=d  k= 23  dexp=3.18  p_grd=0.446  unc_rem=0.765  unc_rel=0.674  drop=0.73  h=16  L=4  lr=0.05  wd=0.01
  [Trial  95] pubmed_random_0.2 | acc=0.4900  (41.7s)  knn=u  k=-    dexp=5.83  p_grd=0.169  unc_rem=0.738  unc_rel=0.119  drop=0.60  h=16  L=1  lr=0.01  wd=0.005
  [Trial  96] pubmed_random_0.2 | acc=0.7300  (56.9s)  knn=p  k= 14  dexp=8.60  p_grd=0.396  unc_rem=0.749  unc_rel=1.000  drop=0.82  h=128  L=4  lr=0.05  wd=0.0001
  [Trial  97] pubmed_random_0.2 | acc=0.5940  (53.3s)  knn=p  k= 24  dexp=8.87  p_grd=0.300  unc_rem=0.923  unc_rel=0.655  drop=0.43  h=128  L=4  lr=0.1  wd=0.0001
  [Trial  98] pubmed_random_0.2 | acc=0.7160  (62.0s)  knn=d  k= 18  dexp=7.77  p_grd=0.441  unc_rem=0.676  unc_rel=0.923  drop=0.76  h=64  L=4  lr=0.05  wd=5e-05
  [Trial  99] pubmed_random_0.2 | acc=0.5240  (41.6s)  knn=u  k=-    dexp=5.63  p_grd=0.275  unc_rem=0.855  unc_rel=0.197  drop=0.65  h=16  L=2  lr=0.0005  wd=5e-05
  [Trial 100] pubmed_random_0.2 | acc=0.7200  (57.3s)  knn=s  k= 35  dexp=4.05  p_grd=0.499  unc_rem=0.579  unc_rel=0.637  drop=0.52  h=16  L=4  lr=0.01  wd=0.001
  [Trial 101] pubmed_random_0.2 | acc=0.3840  (47.0s)  knn=u  k=-    dexp=6.00  p_grd=0.380  unc_rem=0.353  unc_rel=0.842  drop=0.70  h=128  L=4  lr=1e-05  wd=0.05
  [Trial 102] pubmed_random_0.2 | acc=0.7300  (50.5s)  knn=u  k=-    dexp=7.92  p_grd=0.489  unc_rem=0.021  unc_rel=0.728  drop=0.37  h=128  L=2  lr=0.0005  wd=0.0001
  [Trial 103] pubmed_random_0.2 | acc=0.4850  (66.4s)  knn=d  k=  8  dexp=9.75  p_grd=0.291  unc_rem=0.208  unc_rel=0.895  drop=0.24  h=128  L=4  lr=1e-05  wd=0.0001
  [Trial 104] pubmed_random_0.2 | acc=0.7310  (55.8s)  knn=u  k=-    dexp=8.20  p_grd=0.305  unc_rem=0.260  unc_rel=0.802  drop=0.43  h=128  L=4  lr=0.0005  wd=0.0001
  [Trial 105] pubmed_random_0.2 | acc=0.6230  (47.8s)  knn=u  k=-    dexp=8.86  p_grd=0.358  unc_rem=0.494  unc_rel=0.732  drop=0.31  h=128  L=4  lr=0.05  wd=0.01
  [Trial 106] pubmed_random_0.2 | acc=0.7150  (52.7s)  knn=u  k=-    dexp=8.74  p_grd=0.298  unc_rem=0.283  unc_rel=0.911  drop=0.34  h=128  L=1  lr=0.01  wd=0.05
  [Trial 107] pubmed_random_0.2 | acc=0.7350  (47.8s)  knn=u  k=-    dexp=3.72  p_grd=0.151  unc_rem=0.790  unc_rel=0.082  drop=0.80  h=16  L=2  lr=0.01  wd=5e-05
  [Trial 108] pubmed_random_0.2 | acc=0.7380  (56.7s)  knn=u  k=-    dexp=6.49  p_grd=0.286  unc_rem=0.718  unc_rel=0.677  drop=0.63  h=64  L=3  lr=0.005  wd=0.0001
  [Trial 109] pubmed_random_0.2 | acc=0.5150  (52.7s)  knn=u  k=-    dexp=6.98  p_grd=0.273  unc_rem=0.829  unc_rel=0.870  drop=0.76  h=128  L=4  lr=0.0001  wd=5e-05
  [Trial 110] pubmed_random_0.2 | acc=0.6800  (49.3s)  knn=p  k= 24  dexp=5.63  p_grd=0.119  unc_rem=0.799  unc_rel=0.092  drop=0.46  h=16  L=2  lr=0.01  wd=0.01
  [Trial 111] pubmed_random_0.2 | acc=0.7370  (51.6s)  knn=d  k= 13  dexp=4.82  p_grd=0.380  unc_rem=0.659  unc_rel=0.628  drop=0.58  h=64  L=2  lr=0.05  wd=0.001
  [Trial 112] pubmed_random_0.2 | acc=0.7280  (51.2s)  knn=d  k= 10  dexp=5.77  p_grd=0.406  unc_rem=0.761  unc_rel=0.952  drop=0.61  h=16  L=4  lr=0.05  wd=1e-05
  [Trial 113] pubmed_random_0.2 | acc=0.6720  (43.8s)  knn=u  k=-    dexp=3.20  p_grd=0.361  unc_rem=0.551  unc_rel=0.836  drop=0.56  h=16  L=1  lr=0.05  wd=0.001
  [Trial 114] pubmed_random_0.2 | acc=0.6700  (58.8s)  knn=s  k=  5  dexp=5.46  p_grd=0.378  unc_rem=0.918  unc_rel=0.693  drop=0.84  h=16  L=4  lr=0.05  wd=1e-05
  [Trial 115] pubmed_random_0.2 | acc=0.6930  (76.1s)  knn=d  k= 11  dexp=5.49  p_grd=0.343  unc_rem=0.485  unc_rel=0.531  drop=0.75  h=32  L=4  lr=0.05  wd=0.0005
  [Trial 116] pubmed_random_0.2 | acc=0.7330  (42.6s)  knn=u  k=-    dexp=8.89  p_grd=0.238  unc_rem=0.816  unc_rel=0.953  drop=0.52  h=128  L=2  lr=0.005  wd=0.0005
  [Trial 117] pubmed_random_0.2 | acc=0.6400  (49.0s)  knn=p  k=  7  dexp=7.43  p_grd=0.426  unc_rem=0.481  unc_rel=0.734  drop=0.55  h=32  L=4  lr=0.1  wd=5e-05
  [Trial 118] pubmed_random_0.2 | acc=0.6790  (53.6s)  knn=s  k= 10  dexp=6.38  p_grd=0.420  unc_rem=0.915  unc_rel=0.671  drop=0.78  h=16  L=1  lr=0.05  wd=5e-05
  [Trial 119] pubmed_random_0.2 | acc=0.6660  (37.2s)  knn=u  k=-    dexp=9.29  p_grd=0.244  unc_rem=0.543  unc_rel=0.989  drop=0.53  h=128  L=1  lr=0.005  wd=0.0001
  [Trial 120] pubmed_random_0.2 | acc=0.7420  (53.8s)  knn=d  k= 24  dexp=7.61  p_grd=0.348  unc_rem=0.619  unc_rel=0.543  drop=0.76  h=128  L=4  lr=0.005  wd=0.0001
  [Trial 121] pubmed_random_0.2 | acc=0.7470  (54.0s)  knn=d  k= 24  dexp=9.93  p_grd=0.355  unc_rem=0.746  unc_rel=0.659  drop=0.59  h=128  L=4  lr=0.005  wd=0.0001
  [Trial 122] pubmed_random_0.2 | acc=0.7590  (51.4s)  knn=d  k= 20  dexp=9.87  p_grd=0.303  unc_rem=0.803  unc_rel=0.601  drop=0.52  h=128  L=4  lr=0.005  wd=0.0001
  [Trial 123] pubmed_random_0.2 | acc=0.7360  (57.4s)  knn=d  k= 20  dexp=8.63  p_grd=0.322  unc_rem=0.688  unc_rel=0.457  drop=0.65  h=128  L=4  lr=0.005  wd=0.0001
  [Trial 124] pubmed_random_0.2 | acc=0.7370  (48.0s)  knn=d  k= 20  dexp=9.77  p_grd=0.161  unc_rem=0.872  unc_rel=0.855  drop=0.63  h=128  L=4  lr=0.005  wd=5e-05
  [Trial 125] pubmed_random_0.2 | acc=0.7410  (54.1s)  knn=p  k= 24  dexp=8.95  p_grd=0.421  unc_rem=0.959  unc_rel=0.863  drop=0.49  h=128  L=4  lr=0.005  wd=0.001
  [Trial 126] pubmed_random_0.2 | acc=0.7360  (56.4s)  knn=d  k= 24  dexp=8.35  p_grd=0.376  unc_rem=0.981  unc_rel=0.691  drop=0.52  h=128  L=4  lr=0.0005  wd=0.0005
  [Trial 127] pubmed_random_0.2 | acc=0.7320  (47.1s)  knn=d  k= 20  dexp=8.99  p_grd=0.309  unc_rem=0.952  unc_rel=0.495  drop=0.30  h=128  L=3  lr=0.005  wd=1e-05
  [Trial 128] pubmed_random_0.2 | acc=0.3980  (47.9s)  knn=d  k= 24  dexp=8.10  p_grd=0.331  unc_rem=0.504  unc_rel=0.753  drop=0.31  h=128  L=4  lr=0.005  wd=0.1
  [Trial 129] pubmed_random_0.2 | acc=0.6450  (49.2s)  knn=d  k= 24  dexp=7.81  p_grd=0.318  unc_rem=0.615  unc_rel=0.798  drop=0.58  h=128  L=3  lr=0.0001  wd=0.0001
  [Trial 130] pubmed_random_0.2 | acc=0.4070  (40.6s)  knn=u  k=-    dexp=5.45  p_grd=0.330  unc_rem=0.633  unc_rel=0.638  drop=0.43  h=16  L=4  lr=0.05  wd=0.1
  [Trial 131] pubmed_random_0.2 | acc=0.7130  (35.5s)  knn=u  k=-    dexp=8.23  p_grd=0.076  unc_rem=0.756  unc_rel=0.107  drop=0.61  h=128  L=2  lr=0.01  wd=1e-05
  [Trial 132] pubmed_random_0.2 | acc=0.7360  (48.9s)  knn=p  k= 20  dexp=8.01  p_grd=0.425  unc_rem=0.871  unc_rel=0.741  drop=0.49  h=64  L=4  lr=0.005  wd=0.001
  [Trial 133] pubmed_random_0.2 | acc=0.5150  (48.9s)  knn=u  k=-    dexp=9.83  p_grd=0.341  unc_rem=0.664  unc_rel=0.603  drop=0.81  h=128  L=4  lr=0.1  wd=0.01
  [Trial 134] pubmed_random_0.2 | acc=0.7390  (52.2s)  knn=p  k= 24  dexp=9.53  p_grd=0.481  unc_rem=0.965  unc_rel=0.892  drop=0.59  h=128  L=2  lr=0.005  wd=0.001
  [Trial 135] pubmed_random_0.2 | acc=0.7010  (50.2s)  knn=d  k= 24  dexp=9.64  p_grd=0.150  unc_rem=0.646  unc_rel=0.512  drop=0.51  h=32  L=3  lr=0.005  wd=0.0001
  [Trial 136] pubmed_random_0.2 | acc=0.7280  (57.7s)  knn=s  k= 20  dexp=8.06  p_grd=0.110  unc_rem=0.729  unc_rel=0.494  drop=0.38  h=128  L=4  lr=0.005  wd=0.0001
  [Trial 137] pubmed_random_0.2 | acc=0.7360  (50.0s)  knn=d  k= 24  dexp=9.49  p_grd=0.395  unc_rem=0.581  unc_rel=0.443  drop=0.85  h=128  L=2  lr=0.001  wd=0.0001
  [Trial 138] pubmed_random_0.2 | acc=0.6630  (47.2s)  knn=s  k= 35  dexp=4.31  p_grd=0.230  unc_rem=0.765  unc_rel=0.276  drop=0.36  h=16  L=2  lr=0.01  wd=5e-05
  [Trial 139] pubmed_random_0.2 | acc=0.3850  (52.0s)  knn=d  k= 24  dexp=6.08  p_grd=0.363  unc_rem=0.693  unc_rel=0.417  drop=0.89  h=128  L=4  lr=0.0001  wd=0.1
  [Trial 140] pubmed_random_0.2 | acc=0.7330  (48.9s)  knn=p  k= 21  dexp=9.21  p_grd=0.295  unc_rem=0.947  unc_rel=0.914  drop=0.74  h=128  L=4  lr=0.005  wd=0.001
  [Trial 141] pubmed_random_0.2 | acc=0.5150  (48.3s)  knn=p  k= 24  dexp=8.22  p_grd=0.456  unc_rem=0.928  unc_rel=0.675  drop=0.89  h=16  L=4  lr=0.05  wd=5e-05
  [Trial 142] pubmed_random_0.2 | acc=0.7310  (43.5s)  knn=u  k=-    dexp=8.43  p_grd=0.408  unc_rem=0.679  unc_rel=0.464  drop=0.40  h=16  L=4  lr=0.005  wd=5e-05
  [Trial 143] pubmed_random_0.2 | acc=0.6130  (52.6s)  knn=p  k= 20  dexp=9.64  p_grd=0.460  unc_rem=0.992  unc_rel=0.966  drop=0.46  h=128  L=4  lr=0.005  wd=0.005
  [Trial 144] pubmed_random_0.2 | acc=0.7550  (45.1s)  knn=u  k=-    dexp=9.25  p_grd=0.294  unc_rem=0.462  unc_rel=0.632  drop=0.53  h=128  L=4  lr=0.005  wd=1e-05
  [Trial 145] pubmed_random_0.2 | acc=0.4110  (43.8s)  knn=u  k=-    dexp=6.66  p_grd=0.282  unc_rem=0.909  unc_rel=0.999  drop=0.60  h=128  L=4  lr=0.05  wd=0.05
  [Trial 146] pubmed_random_0.2 | acc=0.7600  (50.4s)  knn=u  k=-    dexp=3.33  p_grd=0.425  unc_rem=0.428  unc_rel=0.566  drop=0.45  h=16  L=4  lr=0.05  wd=5e-05
  [Trial 147] pubmed_random_0.2 | acc=0.6960  (50.9s)  knn=s  k= 35  dexp=8.48  p_grd=0.476  unc_rem=0.848  unc_rel=0.945  drop=0.73  h=16  L=4  lr=0.05  wd=5e-05
  [Trial 148] pubmed_random_0.2 | acc=0.6900  (42.4s)  knn=u  k=-    dexp=9.19  p_grd=0.216  unc_rem=0.593  unc_rel=0.484  drop=0.49  h=128  L=4  lr=0.005  wd=1e-05
  [Trial 149] pubmed_random_0.2 | acc=0.6740  (43.2s)  knn=u  k=-    dexp=5.32  p_grd=0.493  unc_rem=0.366  unc_rel=0.476  drop=0.36  h=16  L=4  lr=0.05  wd=5e-05
  [Trial 150] pubmed_random_0.2 | acc=0.7320  (40.0s)  knn=u  k=-    dexp=5.31  p_grd=0.398  unc_rem=0.634  unc_rel=0.527  drop=0.58  h=64  L=4  lr=0.0005  wd=5e-05
  [Trial 151] pubmed_random_0.2 | acc=0.7560  (56.3s)  knn=s  k= 35  dexp=7.27  p_grd=0.347  unc_rem=0.619  unc_rel=0.676  drop=0.66  h=128  L=4  lr=0.005  wd=1e-05
  [Trial 152] pubmed_random_0.2 | acc=0.7480  (41.5s)  knn=u  k=-    dexp=9.32  p_grd=0.397  unc_rem=0.243  unc_rel=0.894  drop=0.44  h=128  L=4  lr=0.005  wd=1e-05
  [Trial 153] pubmed_random_0.2 | acc=0.7420  (49.9s)  knn=s  k= 45  dexp=8.72  p_grd=0.255  unc_rem=0.653  unc_rel=0.787  drop=0.66  h=128  L=4  lr=0.005  wd=1e-05
  [Trial 154] pubmed_random_0.2 | acc=0.7010  (53.9s)  knn=d  k= 24  dexp=9.30  p_grd=0.347  unc_rem=0.916  unc_rel=0.510  drop=0.32  h=16  L=4  lr=0.005  wd=0.0001
  [Trial 155] pubmed_random_0.2 | acc=0.7490  (39.8s)  knn=u  k=-    dexp=9.84  p_grd=0.347  unc_rem=0.387  unc_rel=0.987  drop=0.27  h=128  L=4  lr=0.005  wd=1e-05
  [Trial 156] pubmed_random_0.2 | acc=0.5380  (38.0s)  knn=u  k=-    dexp=9.28  p_grd=0.348  unc_rem=0.437  unc_rel=0.997  drop=0.13  h=128  L=3  lr=1e-05  wd=1e-05
  [Trial 157] pubmed_random_0.2 | acc=0.5850  (40.5s)  knn=u  k=-    dexp=7.89  p_grd=0.287  unc_rem=0.212  unc_rel=0.907  drop=0.11  h=128  L=4  lr=0.005  wd=0.005
  [Trial 158] pubmed_random_0.2 | acc=0.7300  (53.7s)  knn=s  k= 40  dexp=6.07  p_grd=0.300  unc_rem=0.735  unc_rel=0.547  drop=0.64  h=128  L=4  lr=0.005  wd=0.001
  [Trial 159] pubmed_random_0.2 | acc=0.7270  (35.5s)  knn=u  k=-    dexp=7.77  p_grd=0.424  unc_rem=0.193  unc_rel=0.869  drop=0.36  h=16  L=4  lr=0.01  wd=1e-05
  [Trial 160] pubmed_random_0.2 | acc=0.7500  (40.8s)  knn=u  k=-    dexp=9.23  p_grd=0.389  unc_rem=0.223  unc_rel=0.953  drop=0.45  h=128  L=4  lr=0.005  wd=1e-05
  [Trial 161] pubmed_random_0.2 | acc=0.7290  (53.9s)  knn=s  k= 35  dexp=7.71  p_grd=0.394  unc_rem=0.129  unc_rel=0.937  drop=0.47  h=128  L=4  lr=0.005  wd=0.0005
  [Trial 162] pubmed_random_0.2 | acc=0.6860  (94.5s)  knn=u  k=-    dexp=8.71  p_grd=0.397  unc_rem=0.401  unc_rel=0.735  drop=0.25  h=128  L=1  lr=0.005  wd=1e-05
  [Trial 163] pubmed_random_0.2 | acc=0.7480  (43.6s)  knn=u  k=-    dexp=8.82  p_grd=0.444  unc_rem=0.293  unc_rel=0.978  drop=0.46  h=128  L=4  lr=0.005  wd=1e-05
  [Trial 164] pubmed_random_0.2 | acc=0.7510  (45.7s)  knn=u  k=-    dexp=8.98  p_grd=0.323  unc_rem=0.406  unc_rel=0.787  drop=0.56  h=128  L=4  lr=0.005  wd=1e-05
  [Trial 165] pubmed_random_0.2 | acc=0.7540  (49.6s)  knn=u  k=-    dexp=8.92  p_grd=0.395  unc_rem=0.350  unc_rel=0.960  drop=0.47  h=128  L=4  lr=0.005  wd=1e-05
  [Trial 166] pubmed_random_0.2 | acc=0.7500  (42.4s)  knn=u  k=-    dexp=7.87  p_grd=0.410  unc_rem=0.188  unc_rel=0.806  drop=0.58  h=128  L=4  lr=0.005  wd=1e-05
  [Trial 167] pubmed_random_0.2 | acc=0.6620  (41.7s)  knn=u  k=-    dexp=8.72  p_grd=0.328  unc_rem=0.368  unc_rel=0.826  drop=0.49  h=64  L=4  lr=0.005  wd=0.005
  [Trial 168] pubmed_random_0.2 | acc=0.7150  (52.2s)  knn=u  k=-    dexp=8.65  p_grd=0.237  unc_rem=0.955  unc_rel=0.927  drop=0.73  h=32  L=4  lr=0.05  wd=0.0001
  [Trial 169] pubmed_random_0.2 | acc=0.7550  (54.1s)  knn=p  k= 16  dexp=7.00  p_grd=0.217  unc_rem=0.250  unc_rel=0.664  drop=0.45  h=128  L=4  lr=0.005  wd=1e-05
  [Trial 170] pubmed_random_0.2 | acc=0.7510  (55.0s)  knn=p  k= 16  dexp=7.25  p_grd=0.199  unc_rem=0.385  unc_rel=0.799  drop=0.61  h=128  L=4  lr=0.005  wd=5e-05
  [Trial 171] pubmed_random_0.2 | acc=0.7560  (53.9s)  knn=s  k= 40  dexp=7.64  p_grd=0.492  unc_rem=0.400  unc_rel=0.682  drop=0.73  h=128  L=4  lr=0.005  wd=1e-05
  [Trial 172] pubmed_random_0.2 | acc=0.7120  (49.9s)  knn=p  k= 14  dexp=5.11  p_grd=0.129  unc_rem=0.454  unc_rel=0.773  drop=0.60  h=128  L=4  lr=0.005  wd=5e-05
  [Trial 173] pubmed_random_0.2 | acc=0.7230  (50.6s)  knn=p  k= 16  dexp=5.19  p_grd=0.269  unc_rem=0.225  unc_rel=0.730  drop=0.68  h=16  L=3  lr=0.005  wd=5e-05
  [Trial 174] pubmed_random_0.2 | acc=0.7330  (41.8s)  knn=u  k=-    dexp=6.59  p_grd=0.270  unc_rem=0.311  unc_rel=0.579  drop=0.74  h=32  L=4  lr=0.005  wd=1e-05
  [Trial 175] pubmed_random_0.2 | acc=0.7560  (60.3s)  knn=p  k= 16  dexp=6.83  p_grd=0.238  unc_rem=0.032  unc_rel=0.696  drop=0.40  h=128  L=4  lr=0.005  wd=1e-05
  [Trial 176] pubmed_random_0.2 | acc=0.7380  (53.2s)  knn=p  k= 17  dexp=6.42  p_grd=0.166  unc_rem=0.086  unc_rel=0.751  drop=0.34  h=128  L=4  lr=0.01  wd=1e-05
  [Trial 177] pubmed_random_0.2 | acc=0.7580  (60.2s)  knn=s  k= 15  dexp=6.64  p_grd=0.385  unc_rem=0.482  unc_rel=0.635  drop=0.71  h=128  L=4  lr=0.01  wd=1e-05
  [Trial 178] pubmed_random_0.2 | acc=0.3620  (55.4s)  knn=p  k= 15  dexp=8.69  p_grd=0.332  unc_rem=0.279  unc_rel=0.890  drop=0.70  h=128  L=4  lr=0.005  wd=0.05
  [Trial 179] pubmed_random_0.2 | acc=0.3850  (44.7s)  knn=u  k=-    dexp=8.68  p_grd=0.187  unc_rem=0.421  unc_rel=0.839  drop=0.62  h=128  L=4  lr=1e-05  wd=1e-05
  [Trial 180] pubmed_random_0.2 | acc=0.7460  (60.0s)  knn=s  k= 15  dexp=7.34  p_grd=0.465  unc_rem=0.272  unc_rel=0.389  drop=0.69  h=128  L=4  lr=0.005  wd=1e-05
  [Trial 181] pubmed_random_0.2 | acc=0.7490  (59.1s)  knn=s  k= 15  dexp=7.00  p_grd=0.427  unc_rem=0.421  unc_rel=0.819  drop=0.65  h=128  L=4  lr=0.01  wd=5e-05
  [Trial 182] pubmed_random_0.2 | acc=0.7500  (60.0s)  knn=p  k= 16  dexp=6.29  p_grd=0.399  unc_rem=0.456  unc_rel=0.667  drop=0.73  h=128  L=4  lr=0.01  wd=1e-05
  [Trial 183] pubmed_random_0.2 | acc=0.7520  (58.9s)  knn=p  k= 17  dexp=2.34  p_grd=0.470  unc_rem=0.494  unc_rel=0.439  drop=0.68  h=128  L=4  lr=0.01  wd=1e-05
  [Trial 184] pubmed_random_0.2 | acc=0.7390  (55.2s)  knn=p  k= 16  dexp=8.00  p_grd=0.220  unc_rem=0.118  unc_rel=0.919  drop=0.61  h=16  L=4  lr=0.005  wd=1e-05
  [Trial 185] pubmed_random_0.2 | acc=0.7470  (52.0s)  knn=p  k= 15  dexp=7.77  p_grd=0.274  unc_rem=0.283  unc_rel=0.591  drop=0.27  h=128  L=4  lr=0.005  wd=1e-05
  [Trial 186] pubmed_random_0.2 | acc=0.7110  (53.5s)  knn=s  k= 45  dexp=5.65  p_grd=0.351  unc_rem=0.574  unc_rel=0.614  drop=0.85  h=128  L=4  lr=0.0005  wd=1e-05
  [Trial 187] pubmed_random_0.2 | acc=0.6880  (51.3s)  knn=p  k= 16  dexp=1.35  p_grd=0.397  unc_rem=0.488  unc_rel=0.402  drop=0.81  h=128  L=4  lr=0.01  wd=1e-05
  [Trial 188] pubmed_random_0.2 | acc=0.6180  (44.9s)  knn=p  k= 17  dexp=8.38  p_grd=0.037  unc_rem=0.373  unc_rel=0.783  drop=0.58  h=128  L=4  lr=0.005  wd=1e-05
  [Trial 189] pubmed_random_0.2 | acc=0.6180  (39.0s)  knn=u  k=-    dexp=5.27  p_grd=0.488  unc_rem=0.603  unc_rel=0.850  drop=0.89  h=16  L=4  lr=0.1  wd=5e-05
  [Trial 190] pubmed_random_0.2 | acc=0.7060  (38.9s)  knn=u  k=-    dexp=1.28  p_grd=0.395  unc_rem=0.546  unc_rel=0.707  drop=0.61  h=16  L=4  lr=0.05  wd=5e-05
  [Trial 191] pubmed_random_0.2 | acc=0.7490  (38.7s)  knn=u  k=-    dexp=7.14  p_grd=0.377  unc_rem=0.037  unc_rel=0.480  drop=0.55  h=128  L=4  lr=0.005  wd=1e-05
  [Trial 192] pubmed_random_0.2 | acc=0.7320  (48.0s)  knn=s  k= 40  dexp=6.65  p_grd=0.415  unc_rem=0.606  unc_rel=0.673  drop=0.63  h=128  L=2  lr=0.01  wd=1e-05
  [Trial 193] pubmed_random_0.2 | acc=0.7540  (59.6s)  knn=p  k= 17  dexp=7.17  p_grd=0.327  unc_rem=0.452  unc_rel=0.815  drop=0.70  h=32  L=4  lr=0.01  wd=1e-05
  [Trial 194] pubmed_random_0.2 | acc=0.5590  (50.4s)  knn=p  k= 17  dexp=8.29  p_grd=0.224  unc_rem=0.086  unc_rel=0.592  drop=0.38  h=128  L=4  lr=0.005  wd=0.01
  [Trial 195] pubmed_random_0.2 | acc=0.5220  (47.7s)  knn=p  k= 17  dexp=8.81  p_grd=0.233  unc_rem=0.415  unc_rel=0.807  drop=0.68  h=32  L=4  lr=0.01  wd=0.01
  [Trial 196] pubmed_random_0.2 | acc=0.2150  (53.0s)  knn=p  k= 13  dexp=5.50  p_grd=0.319  unc_rem=0.590  unc_rel=0.777  drop=0.46  h=32  L=4  lr=1e-05  wd=1e-05
  [Trial 197] pubmed_random_0.2 | acc=0.6680  (50.8s)  knn=s  k= 35  dexp=7.30  p_grd=0.420  unc_rem=0.479  unc_rel=0.772  drop=0.45  h=128  L=4  lr=0.0001  wd=1e-05
  [Trial 198] pubmed_random_0.2 | acc=0.7460  (53.3s)  knn=p  k= 17  dexp=5.69  p_grd=0.270  unc_rem=0.464  unc_rel=0.916  drop=0.49  h=32  L=4  lr=0.01  wd=1e-05
  [Trial 199] pubmed_random_0.2 | acc=0.3730  (55.5s)  knn=s  k= 45  dexp=9.27  p_grd=0.353  unc_rem=0.764  unc_rel=0.851  drop=0.56  h=64  L=4  lr=0.05  wd=0.05
  [Trial 200] pubmed_random_0.2 | acc=0.7390  (48.8s)  knn=p  k= 17  dexp=5.85  p_grd=0.312  unc_rem=0.465  unc_rel=0.816  drop=0.69  h=32  L=4  lr=0.005  wd=0.0001

[Optuna] Optimization done. 200/200 trials completed.

[Retest] (pubmed_random_0.2) Testing top-5 configs × 10 seeds...

  [Retest] (pubmed_random_0.2) Config 1/5: (Trial #145, Orig Acc: 0.7600)
           Params: {'knn_mode': 'u', 'dexp': 3.3260068062173214, 'p_grd': 0.42487104095990635, 'unc_rem': 0.4280636637557479, 'unc_rel': 0.5655448633759126, 'dropout': 0.45331403379651664, 'n_hidden': 16, 'n_layer': 4, 'lr': 0.05, 'weight_decay': 5e-05}
    [Retest] pubmed | Config 1 | Run 1/10 | seed=3000 | Acc: 0.7600 | Mean: 0.7600 | Time: 37.5s
    [Retest] pubmed | Config 1 | Run 2/10 | seed=3001 | Acc: 0.7200 | Mean: 0.7400 | Time: 39.1s
    [Retest] pubmed | Config 1 | Run 3/10 | seed=3002 | Acc: 0.6350 | Mean: 0.7050 | Time: 39.7s
    [Retest] pubmed | Config 1 | Run 4/10 | seed=3003 | Acc: 0.6790 | Mean: 0.6985 | Time: 40.0s
    [Retest] pubmed | Config 1 | Run 5/10 | seed=3004 | Acc: 0.6830 | Mean: 0.6954 | Time: 40.5s
    [Retest] pubmed | Config 1 | Run 6/10 | seed=3005 | Acc: 0.6590 | Mean: 0.6893 | Time: 47.6s
    [Retest] pubmed | Config 1 | Run 7/10 | seed=3006 | Acc: 0.7040 | Mean: 0.6914 | Time: 40.3s
    [Retest] pubmed | Config 1 | Run 8/10 | seed=3007 | Acc: 0.7420 | Mean: 0.6978 | Time: 41.7s
    [Retest] pubmed | Config 1 | Run 9/10 | seed=3008 | Acc: 0.7110 | Mean: 0.6992 | Time: 60.9s
    [Retest] pubmed | Config 1 | Run 10/10 | seed=3009 | Acc: 0.7550 | Mean: 0.7048 | Time: 42.8s
  [Retest] Config 1: mean=0.7048 ± 0.0392

  [Retest] (pubmed_random_0.2) Config 2/5: (Trial #121, Orig Acc: 0.7590)
           Params: {'knn_mode': 'd', 'k': 20, 'dexp': 9.871291380280429, 'p_grd': 0.30317179582201537, 'unc_rem': 0.8028989730717482, 'unc_rel': 0.6011667869234883, 'dropout': 0.5211241714930758, 'n_hidden': 128, 'n_layer': 4, 'lr': 0.005, 'weight_decay': 0.0001}
    [Retest] pubmed | Config 2 | Run 1/10 | seed=3000 | Acc: 0.7590 | Mean: 0.7590 | Time: 52.4s
    [Retest] pubmed | Config 2 | Run 2/10 | seed=3001 | Acc: 0.7560 | Mean: 0.7575 | Time: 50.0s
    [Retest] pubmed | Config 2 | Run 3/10 | seed=3002 | Acc: 0.6630 | Mean: 0.7260 | Time: 51.9s
    [Retest] pubmed | Config 2 | Run 4/10 | seed=3003 | Acc: 0.7050 | Mean: 0.7208 | Time: 51.6s
    [Retest] pubmed | Config 2 | Run 5/10 | seed=3004 | Acc: 0.6710 | Mean: 0.7108 | Time: 58.1s
    [Retest] pubmed | Config 2 | Run 6/10 | seed=3005 | Acc: 0.6820 | Mean: 0.7060 | Time: 53.8s
    [Retest] pubmed | Config 2 | Run 7/10 | seed=3006 | Acc: 0.7140 | Mean: 0.7071 | Time: 48.5s
    [Retest] pubmed | Config 2 | Run 8/10 | seed=3007 | Acc: 0.7450 | Mean: 0.7119 | Time: 54.4s
    [Retest] pubmed | Config 2 | Run 9/10 | seed=3008 | Acc: 0.7380 | Mean: 0.7148 | Time: 51.3s
    [Retest] pubmed | Config 2 | Run 10/10 | seed=3009 | Acc: 0.7450 | Mean: 0.7178 | Time: 56.1s
  [Retest] Config 2: mean=0.7178 ± 0.0342

  [Retest] (pubmed_random_0.2) Config 3/5: (Trial #49, Orig Acc: 0.7580)
           Params: {'knn_mode': 'u', 'dexp': 6.882513267080401, 'p_grd': 0.26462921643627446, 'unc_rem': 0.9354521542093777, 'unc_rel': 0.9274472966699369, 'dropout': 0.6966362339792996, 'n_hidden': 128, 'n_layer': 4, 'lr': 0.05, 'weight_decay': 0.0001}
    [Retest] pubmed | Config 3 | Run 1/10 | seed=3000 | Acc: 0.7720 | Mean: 0.7720 | Time: 41.9s
    [Retest] pubmed | Config 3 | Run 2/10 | seed=3001 | Acc: 0.7430 | Mean: 0.7575 | Time: 41.4s
    [Retest] pubmed | Config 3 | Run 3/10 | seed=3002 | Acc: 0.6080 | Mean: 0.7077 | Time: 46.6s
    [Retest] pubmed | Config 3 | Run 4/10 | seed=3003 | Acc: 0.7070 | Mean: 0.7075 | Time: 43.9s
    [Retest] pubmed | Config 3 | Run 5/10 | seed=3004 | Acc: 0.6560 | Mean: 0.6972 | Time: 44.5s
    [Retest] pubmed | Config 3 | Run 6/10 | seed=3005 | Acc: 0.6880 | Mean: 0.6957 | Time: 40.4s
    [Retest] pubmed | Config 3 | Run 7/10 | seed=3006 | Acc: 0.7560 | Mean: 0.7043 | Time: 43.6s
    [Retest] pubmed | Config 3 | Run 8/10 | seed=3007 | Acc: 0.7240 | Mean: 0.7067 | Time: 42.8s
    [Retest] pubmed | Config 3 | Run 9/10 | seed=3008 | Acc: 0.7190 | Mean: 0.7081 | Time: 39.9s
    [Retest] pubmed | Config 3 | Run 10/10 | seed=3009 | Acc: 0.7360 | Mean: 0.7109 | Time: 38.3s
  [Retest] Config 3: mean=0.7109 ± 0.0467

  [Retest] (pubmed_random_0.2) Config 4/5: (Trial #176, Orig Acc: 0.7580)
           Params: {'knn_mode': 's', 'k': 15, 'dexp': 6.639154512995814, 'p_grd': 0.38476244861427716, 'unc_rem': 0.4818106345914248, 'unc_rel': 0.6349644984509094, 'dropout': 0.7119757115811481, 'n_hidden': 128, 'n_layer': 4, 'lr': 0.01, 'weight_decay': 1e-05}
    [Retest] pubmed | Config 4 | Run 1/10 | seed=3000 | Acc: 0.7580 | Mean: 0.7580 | Time: 50.4s
    [Retest] pubmed | Config 4 | Run 2/10 | seed=3001 | Acc: 0.7570 | Mean: 0.7575 | Time: 64.0s
    [Retest] pubmed | Config 4 | Run 3/10 | seed=3002 | Acc: 0.6050 | Mean: 0.7067 | Time: 52.9s
    [Retest] pubmed | Config 4 | Run 4/10 | seed=3003 | Acc: 0.6890 | Mean: 0.7023 | Time: 56.9s
    [Retest] pubmed | Config 4 | Run 5/10 | seed=3004 | Acc: 0.6730 | Mean: 0.6964 | Time: 58.7s
    [Retest] pubmed | Config 4 | Run 6/10 | seed=3005 | Acc: 0.7290 | Mean: 0.7018 | Time: 56.7s
    [Retest] pubmed | Config 4 | Run 7/10 | seed=3006 | Acc: 0.7070 | Mean: 0.7026 | Time: 55.4s
    [Retest] pubmed | Config 4 | Run 8/10 | seed=3007 | Acc: 0.7570 | Mean: 0.7094 | Time: 59.3s
    [Retest] pubmed | Config 4 | Run 9/10 | seed=3008 | Acc: 0.7600 | Mean: 0.7150 | Time: 57.2s
    [Retest] pubmed | Config 4 | Run 10/10 | seed=3009 | Acc: 0.7230 | Mean: 0.7158 | Time: 56.9s
  [Retest] Config 4: mean=0.7158 ± 0.0472

  [Retest] (pubmed_random_0.2) Config 5/5: (Trial #39, Orig Acc: 0.7570)
           Params: {'knn_mode': 'u', 'dexp': 6.73747176184338, 'p_grd': 0.38071508769549167, 'unc_rem': 0.454743380217277, 'unc_rel': 0.6351744590927185, 'dropout': 0.4576683862673617, 'n_hidden': 16, 'n_layer': 4, 'lr': 0.05, 'weight_decay': 5e-05}
    [Retest] pubmed | Config 5 | Run 1/10 | seed=3000 | Acc: 0.7570 | Mean: 0.7570 | Time: 43.3s
    [Retest] pubmed | Config 5 | Run 2/10 | seed=3001 | Acc: 0.7180 | Mean: 0.7375 | Time: 46.0s
    [Retest] pubmed | Config 5 | Run 3/10 | seed=3002 | Acc: 0.6550 | Mean: 0.7100 | Time: 40.9s
    [Retest] pubmed | Config 5 | Run 4/10 | seed=3003 | Acc: 0.7240 | Mean: 0.7135 | Time: 41.1s
    [Retest] pubmed | Config 5 | Run 5/10 | seed=3004 | Acc: 0.6940 | Mean: 0.7096 | Time: 47.8s
    [Retest] pubmed | Config 5 | Run 6/10 | seed=3005 | Acc: 0.6730 | Mean: 0.7035 | Time: 41.7s
    [Retest] pubmed | Config 5 | Run 7/10 | seed=3006 | Acc: 0.7100 | Mean: 0.7044 | Time: 41.4s
    [Retest] pubmed | Config 5 | Run 8/10 | seed=3007 | Acc: 0.7480 | Mean: 0.7099 | Time: 41.9s
    [Retest] pubmed | Config 5 | Run 9/10 | seed=3008 | Acc: 0.7570 | Mean: 0.7151 | Time: 44.6s
    [Retest] pubmed | Config 5 | Run 10/10 | seed=3009 | Acc: 0.7830 | Mean: 0.7219 | Time: 41.2s
  [Retest] Config 5: mean=0.7219 ± 0.0383

[Optuna] Success: Best config saved to log/hpo_db.json:
         {'knn_mode': 'u', 'dexp': 6.73747176184338, 'p_grd': 0.38071508769549167, 'unc_rem': 0.454743380217277, 'unc_rel': 0.6351744590927185, 'dropout': 0.4576683862673617, 'n_hidden': 16, 'n_layer': 4, 'lr': 0.05, 'weight_decay': 5e-05}
[Optuna] Success: Best retest mean accuracy: 0.7219
[Optuna] Success: Done marker: ./log/nni_done\lnpcc_pubmed_random_0.2.done
  [HPO] Done marker saved: ./log/nni_done\lnpcc_pubmed_random_0.2.done
[total_exp] --hpo_only: skipping benchmark runs.
[worker] OK DONE  hpo_pubmed_random_0.2  gpu=1  210.1 min  rc=0
