[worker] START  hpo_blogcatalog_random_0.1  gpu=1
======================================================================
GCN + LN-PCC -- NoisyGL Benchmark (Unified)
Start          : 2026-04-20 01:48:34
Variants       : ['lnpcc']
Datasets       : ['blogcatalog']
Noise          : [[0.1, 'random']]
Runs           : 10  (seeds 3000..3009)
Device         : cuda:1
======================================================================

[HPO] Optimizing lnpcc on blogcatalog_random_0.1 (max_trials=200, max_k_same=60)

[Optuna] Scenario: blogcatalog_random_0.1  (max_trials=200, startup=20)
  [Trial   1] blogcatalog_random_0.1 | acc=0.2554  (45.9s)  knn=d  k= 14  dexp=7.40  p_grd=0.421  unc_rem=0.161  unc_rel=0.537  drop=0.52  h=128  L=3  lr=0.1  wd=0.05
  [Trial   2] blogcatalog_random_0.1 | acc=0.1765  (101.8s)  knn=d  k= 17  dexp=0.88  p_grd=0.193  unc_rem=0.850  unc_rel=0.092  drop=0.89  h=128  L=3  lr=1e-05  wd=0.1
  [Trial   3] blogcatalog_random_0.1 | acc=0.1671  (134.1s)  knn=s  k= 60  dexp=4.63  p_grd=0.375  unc_rem=0.959  unc_rel=0.839  drop=0.11  h=16  L=4  lr=1e-05  wd=0.1
  [Trial   4] blogcatalog_random_0.1 | acc=0.6592  (139.8s)  knn=s  k= 20  dexp=3.86  p_grd=0.215  unc_rem=0.881  unc_rel=0.612  drop=0.58  h=32  L=3  lr=0.005  wd=0.001
  [Trial   5] blogcatalog_random_0.1 | acc=0.6037  (43.7s)  knn=u  k=-    dexp=8.18  p_grd=0.344  unc_rem=0.346  unc_rel=0.828  drop=0.50  h=64  L=4  lr=0.001  wd=0.001
  [Trial   6] blogcatalog_random_0.1 | acc=0.6792  (59.4s)  knn=s  k= 60  dexp=9.63  p_grd=0.431  unc_rem=0.779  unc_rel=0.683  drop=0.44  h=32  L=1  lr=0.1  wd=0.01
  [Trial   7] blogcatalog_random_0.1 | acc=0.3617  (50.4s)  knn=d  k= 22  dexp=8.98  p_grd=0.186  unc_rem=0.562  unc_rel=0.930  drop=0.36  h=32  L=3  lr=0.0001  wd=0.005
  [Trial   8] blogcatalog_random_0.1 | acc=0.3285  (59.7s)  knn=d  k= 15  dexp=2.27  p_grd=0.167  unc_rem=0.876  unc_rel=0.021  drop=0.20  h=128  L=3  lr=0.1  wd=0.005
  [Trial   9] blogcatalog_random_0.1 | acc=0.7114  (63.1s)  knn=p  k= 21  dexp=7.05  p_grd=0.405  unc_rem=0.819  unc_rel=0.209  drop=0.56  h=32  L=2  lr=0.01  wd=1e-05
  [Trial  10] blogcatalog_random_0.1 | acc=0.3831  (85.7s)  knn=d  k= 23  dexp=5.37  p_grd=0.494  unc_rem=0.196  unc_rel=0.286  drop=0.68  h=64  L=3  lr=0.05  wd=0.005
  [Trial  11] blogcatalog_random_0.1 | acc=0.4233  (70.6s)  knn=s  k= 10  dexp=6.60  p_grd=0.444  unc_rem=0.958  unc_rel=0.876  drop=0.66  h=16  L=4  lr=0.05  wd=1e-05
  [Trial  12] blogcatalog_random_0.1 | acc=0.5758  (167.5s)  knn=u  k=-    dexp=8.76  p_grd=0.091  unc_rem=0.305  unc_rel=0.438  drop=0.14  h=64  L=3  lr=0.001  wd=0.0001
  [Trial  13] blogcatalog_random_0.1 | acc=0.2516  (117.3s)  knn=p  k=  9  dexp=7.90  p_grd=0.228  unc_rem=0.196  unc_rel=0.065  drop=0.88  h=16  L=4  lr=0.1  wd=0.005
  [Trial  14] blogcatalog_random_0.1 | acc=0.6460  (98.9s)  knn=s  k= 20  dexp=4.82  p_grd=0.311  unc_rem=0.084  unc_rel=0.251  drop=0.17  h=32  L=2  lr=0.0005  wd=0.005
  [Trial  15] blogcatalog_random_0.1 | acc=0.3882  (38.8s)  knn=d  k=  5  dexp=1.73  p_grd=0.294  unc_rem=0.145  unc_rel=0.870  drop=0.67  h=32  L=1  lr=0.0001  wd=0.001
  [Trial  16] blogcatalog_random_0.1 | acc=0.1758  (281.3s)  knn=p  k= 15  dexp=1.15  p_grd=0.289  unc_rem=0.335  unc_rel=0.495  drop=0.39  h=64  L=4  lr=1e-05  wd=0.0005
  [Trial  17] blogcatalog_random_0.1 | acc=0.4901  (84.5s)  knn=p  k= 10  dexp=8.27  p_grd=0.189  unc_rem=0.042  unc_rel=0.304  drop=0.53  h=32  L=4  lr=0.005  wd=0.005
  [Trial  18] blogcatalog_random_0.1 | acc=0.5368  (41.9s)  knn=d  k=  3  dexp=2.21  p_grd=0.206  unc_rem=0.616  unc_rel=0.167  drop=0.40  h=64  L=3  lr=0.005  wd=0.01
  [Trial  19] blogcatalog_random_0.1 | acc=0.6508  (138.6s)  knn=p  k= 13  dexp=3.83  p_grd=0.476  unc_rem=0.774  unc_rel=0.043  drop=0.57  h=128  L=1  lr=0.001  wd=5e-05
  [Trial  20] blogcatalog_random_0.1 | acc=0.7316  (67.4s)  knn=u  k=-    dexp=6.93  p_grd=0.170  unc_rem=0.841  unc_rel=0.089  drop=0.61  h=16  L=2  lr=0.01  wd=5e-05
  [Trial  21] blogcatalog_random_0.1 | acc=0.7253  (128.5s)  knn=u  k=-    dexp=6.27  p_grd=0.160  unc_rem=0.801  unc_rel=0.098  drop=0.63  h=64  L=2  lr=0.01  wd=5e-05
  [Trial  22] blogcatalog_random_0.1 | acc=0.7162  (83.4s)  knn=p  k= 23  dexp=8.50  p_grd=0.268  unc_rem=0.954  unc_rel=0.078  drop=0.64  h=32  L=2  lr=0.01  wd=1e-05
  [Trial  23] blogcatalog_random_0.1 | acc=0.7165  (59.2s)  knn=u  k=-    dexp=6.41  p_grd=0.226  unc_rem=0.713  unc_rel=0.159  drop=0.61  h=64  L=2  lr=0.005  wd=5e-05
  [Trial  24] blogcatalog_random_0.1 | acc=0.6972  (51.6s)  knn=u  k=-    dexp=6.46  p_grd=0.154  unc_rem=0.788  unc_rel=0.162  drop=0.72  h=64  L=2  lr=0.0005  wd=5e-05
  [Trial  25] blogcatalog_random_0.1 | acc=0.6643  (37.3s)  knn=u  k=-    dexp=5.79  p_grd=0.275  unc_rem=0.882  unc_rel=0.162  drop=0.60  h=16  L=1  lr=0.01  wd=5e-05
  [Trial  26] blogcatalog_random_0.1 | acc=0.3769  (29.4s)  knn=u  k=-    dexp=4.66  p_grd=0.041  unc_rem=0.716  unc_rel=0.080  drop=0.69  h=32  L=2  lr=0.01  wd=0.05
  [Trial  27] blogcatalog_random_0.1 | acc=0.7042  (123.7s)  knn=s  k= 40  dexp=7.98  p_grd=0.101  unc_rem=0.907  unc_rel=0.115  drop=0.44  h=16  L=2  lr=0.01  wd=0.01
  [Trial  28] blogcatalog_random_0.1 | acc=0.3504  (120.9s)  knn=u  k=-    dexp=6.42  p_grd=0.225  unc_rem=0.426  unc_rel=0.021  drop=0.48  h=128  L=4  lr=0.1  wd=5e-05
  [Trial  29] blogcatalog_random_0.1 | acc=0.6681  (35.6s)  knn=u  k=-    dexp=4.64  p_grd=0.186  unc_rem=0.586  unc_rel=0.426  drop=0.54  h=16  L=2  lr=0.001  wd=0.0005
  [Trial  30] blogcatalog_random_0.1 | acc=0.6164  (173.6s)  knn=u  k=-    dexp=8.09  p_grd=0.170  unc_rem=0.914  unc_rel=0.047  drop=0.88  h=16  L=2  lr=0.05  wd=0.01
  [Trial  31] blogcatalog_random_0.1 | acc=0.7261  (54.3s)  knn=u  k=-    dexp=8.31  p_grd=0.282  unc_rem=0.799  unc_rel=0.118  drop=0.57  h=128  L=2  lr=0.005  wd=0.005
  [Trial  32] blogcatalog_random_0.1 | acc=0.6770  (37.4s)  knn=u  k=-    dexp=9.48  p_grd=0.106  unc_rem=0.600  unc_rel=0.240  drop=0.61  h=128  L=2  lr=0.005  wd=0.0001
  [Trial  33] blogcatalog_random_0.1 | acc=0.7354  (42.3s)  knn=u  k=-    dexp=6.44  p_grd=0.361  unc_rem=0.869  unc_rel=0.196  drop=0.61  h=128  L=2  lr=0.005  wd=0.0005
  [Trial  34] blogcatalog_random_0.1 | acc=0.7237  (59.7s)  knn=p  k=  1  dexp=9.38  p_grd=0.441  unc_rem=0.579  unc_rel=0.021  drop=0.83  h=128  L=2  lr=0.005  wd=0.0005
  [Trial  35] blogcatalog_random_0.1 | acc=0.4072  (92.7s)  knn=d  k=  6  dexp=9.02  p_grd=0.265  unc_rem=0.863  unc_rel=0.208  drop=0.47  h=128  L=4  lr=0.0001  wd=0.005
  [Trial  36] blogcatalog_random_0.1 | acc=0.7193  (274.9s)  knn=u  k=-    dexp=5.84  p_grd=0.370  unc_rem=0.753  unc_rel=0.301  drop=0.45  h=128  L=2  lr=0.005  wd=0.0005
  [Trial  37] blogcatalog_random_0.1 | acc=0.7280  (160.6s)  knn=u  k=-    dexp=8.28  p_grd=0.284  unc_rem=0.858  unc_rel=0.183  drop=0.66  h=128  L=2  lr=0.005  wd=0.005
  [Trial  38] blogcatalog_random_0.1 | acc=0.6943  (56.5s)  knn=u  k=-    dexp=6.69  p_grd=0.269  unc_rem=0.727  unc_rel=0.146  drop=0.66  h=128  L=2  lr=0.05  wd=0.005
  [Trial  39] blogcatalog_random_0.1 | acc=0.6135  (103.2s)  knn=u  k=-    dexp=9.08  p_grd=0.402  unc_rem=0.969  unc_rel=0.278  drop=0.85  h=128  L=4  lr=0.005  wd=0.001
  [Trial  40] blogcatalog_random_0.1 | acc=0.6496  (35.8s)  knn=u  k=-    dexp=6.81  p_grd=0.290  unc_rem=0.828  unc_rel=0.085  drop=0.44  h=32  L=3  lr=0.005  wd=0.005
  [Trial  41] blogcatalog_random_0.1 | acc=0.6816  (79.7s)  knn=s  k= 45  dexp=9.60  p_grd=0.189  unc_rem=0.745  unc_rel=0.129  drop=0.86  h=128  L=1  lr=0.005  wd=0.005
  [Trial  42] blogcatalog_random_0.1 | acc=0.7227  (145.1s)  knn=u  k=-    dexp=7.74  p_grd=0.339  unc_rem=0.894  unc_rel=0.395  drop=0.66  h=16  L=2  lr=0.005  wd=0.005
  [Trial  43] blogcatalog_random_0.1 | acc=0.7217  (45.1s)  knn=s  k= 35  dexp=4.24  p_grd=0.218  unc_rem=0.963  unc_rel=0.027  drop=0.59  h=64  L=2  lr=0.01  wd=5e-05
  [Trial  44] blogcatalog_random_0.1 | acc=0.2487  (96.2s)  knn=u  k=-    dexp=7.87  p_grd=0.184  unc_rem=0.778  unc_rel=0.207  drop=0.60  h=64  L=3  lr=0.01  wd=0.1
  [Trial  45] blogcatalog_random_0.1 | acc=0.6508  (75.5s)  knn=u  k=-    dexp=7.30  p_grd=0.070  unc_rem=0.728  unc_rel=0.361  drop=0.48  h=16  L=2  lr=0.05  wd=5e-05
  [Trial  46] blogcatalog_random_0.1 | acc=0.5433  (56.1s)  knn=p  k=  1  dexp=6.46  p_grd=0.000  unc_rem=0.574  unc_rel=0.038  drop=0.61  h=64  L=4  lr=0.01  wd=5e-05
  [Trial  47] blogcatalog_random_0.1 | acc=0.2054  (80.8s)  knn=s  k= 50  dexp=8.94  p_grd=0.264  unc_rem=0.533  unc_rel=0.206  drop=0.62  h=128  L=2  lr=0.0001  wd=0.1
  [Trial  48] blogcatalog_random_0.1 | acc=0.7225  (39.2s)  knn=s  k= 35  dexp=5.25  p_grd=0.445  unc_rem=0.961  unc_rel=0.181  drop=0.61  h=128  L=2  lr=0.005  wd=0.01
  [Trial  49] blogcatalog_random_0.1 | acc=0.2886  (37.5s)  knn=u  k=-    dexp=9.83  p_grd=0.257  unc_rem=0.935  unc_rel=0.050  drop=0.49  h=16  L=2  lr=1e-05  wd=1e-05
  [Trial  50] blogcatalog_random_0.1 | acc=0.7419  (77.6s)  knn=u  k=-    dexp=7.83  p_grd=0.263  unc_rem=0.859  unc_rel=0.085  drop=0.70  h=128  L=2  lr=0.005  wd=0.005
  [Trial  51] blogcatalog_random_0.1 | acc=0.5370  (83.9s)  knn=u  k=-    dexp=6.89  p_grd=0.298  unc_rem=0.881  unc_rel=0.067  drop=0.62  h=128  L=1  lr=0.005  wd=0.05
  [Trial  52] blogcatalog_random_0.1 | acc=0.4536  (146.3s)  knn=u  k=-    dexp=8.20  p_grd=0.341  unc_rem=0.970  unc_rel=0.146  drop=0.57  h=128  L=3  lr=0.0001  wd=0.005
  [Trial  53] blogcatalog_random_0.1 | acc=0.7042  (70.9s)  knn=u  k=-    dexp=8.12  p_grd=0.125  unc_rem=0.927  unc_rel=0.068  drop=0.80  h=16  L=2  lr=0.01  wd=5e-05
  [Trial  54] blogcatalog_random_0.1 | acc=0.7330  (53.6s)  knn=p  k= 12  dexp=8.34  p_grd=0.202  unc_rem=0.898  unc_rel=0.274  drop=0.46  h=128  L=2  lr=0.01  wd=0.005
  [Trial  55] blogcatalog_random_0.1 | acc=0.7208  (58.5s)  knn=p  k= 12  dexp=6.95  p_grd=0.224  unc_rem=0.617  unc_rel=0.117  drop=0.18  h=128  L=2  lr=0.01  wd=0.005
  [Trial  56] blogcatalog_random_0.1 | acc=0.7333  (48.0s)  knn=u  k=-    dexp=8.42  p_grd=0.183  unc_rem=0.933  unc_rel=0.369  drop=0.74  h=128  L=2  lr=0.005  wd=0.005
  [Trial  57] blogcatalog_random_0.1 | acc=0.6537  (150.1s)  knn=p  k= 15  dexp=7.05  p_grd=0.247  unc_rem=0.938  unc_rel=0.308  drop=0.65  h=128  L=4  lr=0.001  wd=0.0001
  [Trial  58] blogcatalog_random_0.1 | acc=0.6804  (43.7s)  knn=p  k=  9  dexp=9.15  p_grd=0.159  unc_rem=0.832  unc_rel=0.179  drop=0.56  h=128  L=1  lr=0.01  wd=0.01
  [Trial  59] blogcatalog_random_0.1 | acc=0.3235  (46.8s)  knn=p  k= 16  dexp=8.02  p_grd=0.207  unc_rem=0.729  unc_rel=0.237  drop=0.53  h=128  L=2  lr=0.0005  wd=0.05
  [Trial  60] blogcatalog_random_0.1 | acc=0.6210  (63.6s)  knn=s  k= 35  dexp=7.82  p_grd=0.053  unc_rem=0.895  unc_rel=0.681  drop=0.81  h=128  L=2  lr=0.0005  wd=0.005
  [Trial  61] blogcatalog_random_0.1 | acc=0.4661  (34.7s)  knn=p  k=  7  dexp=7.22  p_grd=0.057  unc_rem=0.907  unc_rel=0.449  drop=0.62  h=16  L=4  lr=0.01  wd=0.005
  [Trial  62] blogcatalog_random_0.1 | acc=0.4634  (65.1s)  knn=u  k=-    dexp=8.43  p_grd=0.175  unc_rem=0.712  unc_rel=0.086  drop=0.67  h=128  L=4  lr=0.005  wd=0.005
  [Trial  63] blogcatalog_random_0.1 | acc=0.7376  (66.0s)  knn=u  k=-    dexp=4.49  p_grd=0.463  unc_rem=0.690  unc_rel=0.184  drop=0.87  h=128  L=2  lr=0.005  wd=0.005
  [Trial  64] blogcatalog_random_0.1 | acc=0.3841  (87.3s)  knn=p  k= 15  dexp=7.61  p_grd=0.196  unc_rem=0.543  unc_rel=0.118  drop=0.52  h=16  L=2  lr=0.1  wd=5e-05
  [Trial  65] blogcatalog_random_0.1 | acc=0.2258  (29.8s)  knn=u  k=-    dexp=4.42  p_grd=0.390  unc_rem=0.602  unc_rel=0.206  drop=0.90  h=128  L=3  lr=0.001  wd=0.1
  [Trial  66] blogcatalog_random_0.1 | acc=0.7258  (32.6s)  knn=u  k=-    dexp=3.92  p_grd=0.455  unc_rem=0.583  unc_rel=0.089  drop=0.84  h=32  L=2  lr=0.005  wd=0.005
  [Trial  67] blogcatalog_random_0.1 | acc=0.7299  (54.6s)  knn=p  k= 19  dexp=8.96  p_grd=0.245  unc_rem=0.983  unc_rel=0.324  drop=0.59  h=128  L=2  lr=0.01  wd=0.005
  [Trial  68] blogcatalog_random_0.1 | acc=0.1758  (49.9s)  knn=u  k=-    dexp=5.74  p_grd=0.497  unc_rem=0.712  unc_rel=0.199  drop=0.89  h=128  L=4  lr=1e-05  wd=0.005
  [Trial  69] blogcatalog_random_0.1 | acc=0.6359  (120.3s)  knn=u  k=-    dexp=1.96  p_grd=0.478  unc_rem=0.741  unc_rel=0.167  drop=0.89  h=128  L=2  lr=0.1  wd=0.0001
  [Trial  70] blogcatalog_random_0.1 | acc=0.7001  (76.5s)  knn=p  k= 18  dexp=8.75  p_grd=0.322  unc_rem=0.994  unc_rel=0.556  drop=0.75  h=128  L=2  lr=0.001  wd=0.005
  [Trial  71] blogcatalog_random_0.1 | acc=0.6287  (68.2s)  knn=p  k= 19  dexp=8.97  p_grd=0.251  unc_rem=0.726  unc_rel=0.769  drop=0.45  h=128  L=3  lr=0.01  wd=0.005
  [Trial  72] blogcatalog_random_0.1 | acc=0.7234  (77.2s)  knn=s  k= 30  dexp=9.27  p_grd=0.120  unc_rem=0.930  unc_rel=0.209  drop=0.50  h=128  L=2  lr=0.01  wd=0.005
  [Trial  73] blogcatalog_random_0.1 | acc=0.2763  (176.7s)  knn=p  k= 18  dexp=8.01  p_grd=0.307  unc_rem=0.846  unc_rel=0.315  drop=0.49  h=128  L=2  lr=0.01  wd=0.1
  [Trial  74] blogcatalog_random_0.1 | acc=0.7047  (30.5s)  knn=u  k=-    dexp=7.87  p_grd=0.458  unc_rem=0.751  unc_rel=0.281  drop=0.68  h=128  L=2  lr=0.01  wd=1e-05
  [Trial  75] blogcatalog_random_0.1 | acc=0.5789  (48.0s)  knn=p  k= 12  dexp=8.56  p_grd=0.160  unc_rem=0.833  unc_rel=0.272  drop=0.36  h=64  L=3  lr=0.0005  wd=0.005
  [Trial  76] blogcatalog_random_0.1 | acc=0.3256  (112.8s)  knn=d  k= 22  dexp=7.58  p_grd=0.278  unc_rem=0.946  unc_rel=0.238  drop=0.58  h=16  L=2  lr=0.01  wd=0.05
  [Trial  77] blogcatalog_random_0.1 | acc=0.7210  (28.8s)  knn=u  k=-    dexp=7.30  p_grd=0.160  unc_rem=0.961  unc_rel=0.519  drop=0.81  h=128  L=2  lr=0.005  wd=0.005
  [Trial  78] blogcatalog_random_0.1 | acc=0.5469  (45.2s)  knn=u  k=-    dexp=3.71  p_grd=0.437  unc_rem=0.730  unc_rel=0.395  drop=0.80  h=128  L=2  lr=0.0001  wd=0.005
  [Trial  79] blogcatalog_random_0.1 | acc=0.7237  (55.4s)  knn=p  k= 18  dexp=7.62  p_grd=0.261  unc_rem=0.824  unc_rel=0.068  drop=0.71  h=128  L=2  lr=0.01  wd=0.005
  [Trial  80] blogcatalog_random_0.1 | acc=0.7246  (121.5s)  knn=p  k= 12  dexp=2.82  p_grd=0.388  unc_rem=0.406  unc_rel=0.111  drop=0.87  h=128  L=2  lr=0.005  wd=5e-05
  [Trial  81] blogcatalog_random_0.1 | acc=0.7150  (35.4s)  knn=u  k=-    dexp=7.26  p_grd=0.228  unc_rem=0.890  unc_rel=0.073  drop=0.61  h=128  L=2  lr=0.0005  wd=0.0005
  [Trial  82] blogcatalog_random_0.1 | acc=0.7354  (100.2s)  knn=u  k=-    dexp=9.25  p_grd=0.349  unc_rem=0.880  unc_rel=0.012  drop=0.71  h=64  L=2  lr=0.005  wd=0.005
  [Trial  83] blogcatalog_random_0.1 | acc=0.7379  (86.2s)  knn=u  k=-    dexp=9.96  p_grd=0.377  unc_rem=0.858  unc_rel=0.148  drop=0.85  h=64  L=2  lr=0.005  wd=0.005
  [Trial  84] blogcatalog_random_0.1 | acc=0.7333  (20.2s)  knn=u  k=-    dexp=8.35  p_grd=0.343  unc_rem=0.788  unc_rel=0.102  drop=0.86  h=64  L=2  lr=0.005  wd=0.005
  [Trial  85] blogcatalog_random_0.1 | acc=0.7196  (71.9s)  knn=u  k=-    dexp=9.50  p_grd=0.438  unc_rem=0.500  unc_rel=0.051  drop=0.88  h=64  L=2  lr=0.005  wd=0.0001
  [Trial  86] blogcatalog_random_0.1 | acc=0.5250  (48.7s)  knn=u  k=-    dexp=6.43  p_grd=0.260  unc_rem=0.763  unc_rel=0.031  drop=0.86  h=64  L=2  lr=0.0001  wd=0.005
  [Trial  87] blogcatalog_random_0.1 | acc=0.7354  (35.0s)  knn=s  k= 60  dexp=9.31  p_grd=0.342  unc_rem=0.928  unc_rel=0.311  drop=0.79  h=64  L=2  lr=0.005  wd=0.005
  [Trial  88] blogcatalog_random_0.1 | acc=0.4735  (51.0s)  knn=d  k= 24  dexp=7.47  p_grd=0.397  unc_rem=0.916  unc_rel=0.062  drop=0.80  h=64  L=4  lr=0.005  wd=0.005
  [Trial  89] blogcatalog_random_0.1 | acc=0.7403  (77.1s)  knn=s  k= 60  dexp=8.12  p_grd=0.299  unc_rem=0.977  unc_rel=0.507  drop=0.66  h=64  L=2  lr=0.005  wd=0.005
  [Trial  90] blogcatalog_random_0.1 | acc=0.6811  (68.7s)  knn=s  k= 60  dexp=8.55  p_grd=0.431  unc_rem=0.838  unc_rel=0.207  drop=0.76  h=64  L=2  lr=0.05  wd=0.005
  [Trial  91] blogcatalog_random_0.1 | acc=0.6777  (151.5s)  knn=u  k=-    dexp=9.71  p_grd=0.396  unc_rem=0.806  unc_rel=0.107  drop=0.73  h=64  L=1  lr=0.005  wd=0.005
  [Trial  92] blogcatalog_random_0.1 | acc=0.6229  (90.8s)  knn=s  k= 60  dexp=6.69  p_grd=0.227  unc_rem=0.908  unc_rel=0.412  drop=0.58  h=64  L=3  lr=0.005  wd=0.005
  [Trial  93] blogcatalog_random_0.1 | acc=0.7439  (58.7s)  knn=s  k= 55  dexp=9.83  p_grd=0.359  unc_rem=0.963  unc_rel=0.424  drop=0.77  h=64  L=2  lr=0.005  wd=0.005
  [Trial  94] blogcatalog_random_0.1 | acc=0.7251  (40.1s)  knn=s  k= 55  dexp=8.26  p_grd=0.331  unc_rem=0.686  unc_rel=0.216  drop=0.84  h=64  L=2  lr=0.005  wd=0.01
  [Trial  95] blogcatalog_random_0.1 | acc=0.5070  (60.5s)  knn=s  k= 50  dexp=9.98  p_grd=0.343  unc_rem=0.951  unc_rel=0.627  drop=0.61  h=64  L=4  lr=0.005  wd=0.005
  [Trial  96] blogcatalog_random_0.1 | acc=0.3526  (58.4s)  knn=u  k=-    dexp=9.66  p_grd=0.386  unc_rem=0.975  unc_rel=0.260  drop=0.81  h=64  L=2  lr=0.1  wd=1e-05
  [Trial  97] blogcatalog_random_0.1 | acc=0.7143  (35.6s)  knn=s  k= 60  dexp=8.34  p_grd=0.273  unc_rem=1.000  unc_rel=0.530  drop=0.76  h=32  L=2  lr=0.005  wd=5e-05
  [Trial  98] blogcatalog_random_0.1 | acc=0.7270  (62.6s)  knn=s  k= 50  dexp=6.59  p_grd=0.245  unc_rem=0.882  unc_rel=0.709  drop=0.69  h=64  L=2  lr=0.005  wd=0.001
  [Trial  99] blogcatalog_random_0.1 | acc=0.7381  (100.8s)  knn=d  k= 24  dexp=9.67  p_grd=0.298  unc_rem=0.758  unc_rel=0.227  drop=0.83  h=32  L=2  lr=0.005  wd=0.005
  [Trial 100] blogcatalog_random_0.1 | acc=0.7169  (124.7s)  knn=d  k= 24  dexp=9.12  p_grd=0.465  unc_rem=0.756  unc_rel=0.490  drop=0.87  h=32  L=2  lr=0.005  wd=0.005
  [Trial 101] blogcatalog_random_0.1 | acc=0.7376  (76.9s)  knn=s  k= 60  dexp=8.40  p_grd=0.283  unc_rem=0.981  unc_rel=0.480  drop=0.87  h=64  L=2  lr=0.005  wd=0.005
  [Trial 102] blogcatalog_random_0.1 | acc=0.7405  (64.1s)  knn=s  k= 25  dexp=8.31  p_grd=0.329  unc_rem=0.788  unc_rel=0.445  drop=0.83  h=64  L=2  lr=0.005  wd=0.005
  [Trial 103] blogcatalog_random_0.1 | acc=0.7071  (69.6s)  knn=s  k= 60  dexp=9.90  p_grd=0.367  unc_rem=0.954  unc_rel=0.622  drop=0.85  h=64  L=2  lr=0.001  wd=0.005
  [Trial 104] blogcatalog_random_0.1 | acc=0.3254  (40.9s)  knn=s  k= 60  dexp=9.92  p_grd=0.396  unc_rem=0.823  unc_rel=0.376  drop=0.57  h=64  L=2  lr=0.005  wd=0.05
  [Trial 105] blogcatalog_random_0.1 | acc=0.7391  (68.6s)  knn=s  k= 60  dexp=8.58  p_grd=0.165  unc_rem=0.877  unc_rel=0.617  drop=0.86  h=64  L=2  lr=0.005  wd=0.005
  [Trial 106] blogcatalog_random_0.1 | acc=0.6325  (123.6s)  knn=p  k= 24  dexp=9.66  p_grd=0.209  unc_rem=0.643  unc_rel=0.314  drop=0.84  h=32  L=3  lr=0.005  wd=0.005
  [Trial 107] blogcatalog_random_0.1 | acc=0.5883  (212.4s)  knn=s  k= 50  dexp=8.17  p_grd=0.209  unc_rem=0.844  unc_rel=0.564  drop=0.81  h=64  L=2  lr=0.0001  wd=1e-05
  [Trial 108] blogcatalog_random_0.1 | acc=0.4505  (56.2s)  knn=u  k=-    dexp=1.42  p_grd=0.381  unc_rem=0.559  unc_rel=0.038  drop=0.62  h=128  L=4  lr=0.005  wd=0.005
  [Trial 109] blogcatalog_random_0.1 | acc=0.7177  (50.5s)  knn=u  k=-    dexp=4.83  p_grd=0.417  unc_rem=0.562  unc_rel=0.447  drop=0.86  h=128  L=2  lr=0.005  wd=0.01
  [Trial 110] blogcatalog_random_0.1 | acc=0.3228  (48.6s)  knn=s  k= 60  dexp=9.02  p_grd=0.185  unc_rem=0.738  unc_rel=0.744  drop=0.78  h=16  L=3  lr=0.005  wd=0.05
  [Trial 111] blogcatalog_random_0.1 | acc=0.7338  (101.3s)  knn=s  k= 50  dexp=5.59  p_grd=0.369  unc_rem=0.558  unc_rel=0.020  drop=0.88  h=128  L=2  lr=0.005  wd=0.005
  [Trial 112] blogcatalog_random_0.1 | acc=0.7258  (140.4s)  knn=d  k= 24  dexp=8.51  p_grd=0.279  unc_rem=0.807  unc_rel=0.144  drop=0.75  h=32  L=2  lr=0.005  wd=0.005
  [Trial 113] blogcatalog_random_0.1 | acc=0.6501  (43.5s)  knn=s  k= 60  dexp=9.97  p_grd=0.029  unc_rem=0.735  unc_rel=0.304  drop=0.77  h=64  L=2  lr=0.005  wd=0.005
  [Trial 114] blogcatalog_random_0.1 | acc=0.7299  (45.7s)  knn=s  k= 60  dexp=7.27  p_grd=0.435  unc_rem=0.994  unc_rel=0.437  drop=0.89  h=64  L=2  lr=0.005  wd=0.005
  [Trial 115] blogcatalog_random_0.1 | acc=0.7350  (81.5s)  knn=p  k= 25  dexp=7.59  p_grd=0.211  unc_rem=0.687  unc_rel=0.382  drop=0.85  h=64  L=2  lr=0.005  wd=0.005
  [Trial 116] blogcatalog_random_0.1 | acc=0.7239  (47.4s)  knn=s  k= 60  dexp=9.01  p_grd=0.109  unc_rem=0.854  unc_rel=0.952  drop=0.81  h=64  L=2  lr=0.005  wd=0.005
  [Trial 117] blogcatalog_random_0.1 | acc=0.6881  (179.5s)  knn=d  k= 24  dexp=7.46  p_grd=0.194  unc_rem=0.908  unc_rel=0.552  drop=0.85  h=64  L=2  lr=0.05  wd=0.005
  [Trial 118] blogcatalog_random_0.1 | acc=0.7403  (86.8s)  knn=s  k= 25  dexp=8.18  p_grd=0.240  unc_rem=0.857  unc_rel=0.592  drop=0.60  h=64  L=2  lr=0.005  wd=0.005
  [Trial 119] blogcatalog_random_0.1 | acc=0.2032  (140.7s)  knn=u  k=-    dexp=4.17  p_grd=0.447  unc_rem=0.819  unc_rel=0.114  drop=0.69  h=128  L=2  lr=1e-05  wd=0.1
  [Trial 120] blogcatalog_random_0.1 | acc=0.7169  (99.3s)  knn=u  k=-    dexp=2.46  p_grd=0.480  unc_rem=0.548  unc_rel=0.134  drop=0.86  h=128  L=2  lr=0.005  wd=1e-05
  [Trial 121] blogcatalog_random_0.1 | acc=0.6794  (95.6s)  knn=s  k= 50  dexp=6.88  p_grd=0.310  unc_rem=0.936  unc_rel=0.606  drop=0.49  h=64  L=2  lr=0.0005  wd=0.005
  [Trial 122] blogcatalog_random_0.1 | acc=0.7287  (59.1s)  knn=u  k=-    dexp=6.39  p_grd=0.475  unc_rem=0.800  unc_rel=0.156  drop=0.85  h=128  L=2  lr=0.005  wd=0.0005
  [Trial 123] blogcatalog_random_0.1 | acc=0.6881  (286.8s)  knn=p  k= 24  dexp=9.10  p_grd=0.369  unc_rem=0.914  unc_rel=0.299  drop=0.83  h=64  L=2  lr=0.0005  wd=0.0005
  [Trial 124] blogcatalog_random_0.1 | acc=0.4949  (32.8s)  knn=s  k= 60  dexp=8.42  p_grd=0.401  unc_rem=0.921  unc_rel=0.267  drop=0.39  h=32  L=2  lr=0.0001  wd=0.005
  [Trial 125] blogcatalog_random_0.1 | acc=0.6479  (61.0s)  knn=s  k= 55  dexp=8.89  p_grd=0.249  unc_rem=0.797  unc_rel=0.779  drop=0.65  h=16  L=2  lr=0.05  wd=0.005
  [Trial 126] blogcatalog_random_0.1 | acc=0.6801  (77.0s)  knn=s  k= 60  dexp=9.25  p_grd=0.316  unc_rem=0.945  unc_rel=0.568  drop=0.80  h=64  L=3  lr=0.005  wd=1e-05
  [Trial 127] blogcatalog_random_0.1 | acc=0.7124  (84.6s)  knn=d  k= 24  dexp=9.13  p_grd=0.204  unc_rem=0.412  unc_rel=0.186  drop=0.85  h=128  L=2  lr=0.005  wd=5e-05
  [Trial 128] blogcatalog_random_0.1 | acc=0.6291  (50.6s)  knn=u  k=-    dexp=6.79  p_grd=0.335  unc_rem=0.863  unc_rel=0.207  drop=0.59  h=16  L=3  lr=0.005  wd=0.0005
  [Trial 129] blogcatalog_random_0.1 | acc=0.3271  (314.0s)  knn=u  k=-    dexp=8.80  p_grd=0.290  unc_rem=0.954  unc_rel=0.042  drop=0.65  h=64  L=2  lr=0.005  wd=0.05
  [Trial 130] blogcatalog_random_0.1 | acc=0.2694  (32.0s)  knn=s  k= 35  dexp=7.93  p_grd=0.323  unc_rem=0.918  unc_rel=0.592  drop=0.65  h=128  L=2  lr=0.005  wd=0.1
  [Trial 131] blogcatalog_random_0.1 | acc=0.3324  (102.8s)  knn=s  k= 50  dexp=5.12  p_grd=0.183  unc_rem=0.965  unc_rel=0.399  drop=0.71  h=64  L=2  lr=0.001  wd=0.05
  [Trial 132] blogcatalog_random_0.1 | acc=0.7321  (85.3s)  knn=s  k= 30  dexp=9.21  p_grd=0.305  unc_rem=0.970  unc_rel=0.048  drop=0.70  h=64  L=2  lr=0.005  wd=0.005
  [Trial 133] blogcatalog_random_0.1 | acc=0.7391  (53.2s)  knn=p  k= 24  dexp=5.19  p_grd=0.249  unc_rem=0.658  unc_rel=0.297  drop=0.70  h=64  L=2  lr=0.005  wd=0.005
  [Trial 134] blogcatalog_random_0.1 | acc=0.3389  (84.2s)  knn=p  k= 22  dexp=4.46  p_grd=0.340  unc_rem=0.903  unc_rel=0.161  drop=0.65  h=16  L=2  lr=0.0001  wd=0.0005
  [Trial 135] blogcatalog_random_0.1 | acc=0.7352  (85.7s)  knn=d  k= 24  dexp=7.46  p_grd=0.381  unc_rem=0.838  unc_rel=0.752  drop=0.50  h=64  L=2  lr=0.005  wd=0.005
  [Trial 136] blogcatalog_random_0.1 | acc=0.3143  (69.5s)  knn=u  k=-    dexp=8.76  p_grd=0.237  unc_rem=0.811  unc_rel=0.596  drop=0.88  h=64  L=2  lr=0.005  wd=0.1
  [Trial 137] blogcatalog_random_0.1 | acc=0.7309  (40.0s)  knn=s  k= 60  dexp=8.12  p_grd=0.301  unc_rem=0.579  unc_rel=0.354  drop=0.62  h=64  L=2  lr=0.01  wd=0.005
  [Trial 138] blogcatalog_random_0.1 | acc=0.7405  (99.2s)  knn=s  k= 60  dexp=8.64  p_grd=0.212  unc_rem=0.904  unc_rel=0.566  drop=0.63  h=64  L=2  lr=0.005  wd=0.005
  [Trial 139] blogcatalog_random_0.1 | acc=0.7391  (128.4s)  knn=p  k= 24  dexp=5.59  p_grd=0.218  unc_rem=0.565  unc_rel=0.375  drop=0.40  h=64  L=2  lr=0.005  wd=0.005
  [Trial 140] blogcatalog_random_0.1 | acc=0.6748  (64.2s)  knn=u  k=-    dexp=4.49  p_grd=0.470  unc_rem=0.821  unc_rel=0.303  drop=0.82  h=128  L=1  lr=0.005  wd=0.005
  [Trial 141] blogcatalog_random_0.1 | acc=0.2850  (109.1s)  knn=p  k= 22  dexp=5.71  p_grd=0.144  unc_rem=0.499  unc_rel=0.687  drop=0.37  h=64  L=2  lr=0.005  wd=0.1
  [Trial 142] blogcatalog_random_0.1 | acc=0.7427  (57.5s)  knn=p  k= 24  dexp=3.60  p_grd=0.206  unc_rem=0.472  unc_rel=0.325  drop=0.44  h=64  L=2  lr=0.005  wd=0.005
  [Trial 143] blogcatalog_random_0.1 | acc=0.6736  (57.9s)  knn=p  k= 22  dexp=2.89  p_grd=0.226  unc_rem=0.671  unc_rel=0.250  drop=0.51  h=64  L=2  lr=0.0005  wd=0.005
  [Trial 144] blogcatalog_random_0.1 | acc=0.7246  (186.8s)  knn=p  k= 24  dexp=1.97  p_grd=0.197  unc_rem=0.444  unc_rel=0.282  drop=0.48  h=64  L=2  lr=0.005  wd=0.005
  [Trial 145] blogcatalog_random_0.1 | acc=0.7340  (66.0s)  knn=s  k= 35  dexp=7.16  p_grd=0.164  unc_rem=0.966  unc_rel=0.572  drop=0.73  h=64  L=2  lr=0.005  wd=0.005
  [Trial 146] blogcatalog_random_0.1 | acc=0.3054  (59.4s)  knn=d  k= 24  dexp=8.72  p_grd=0.333  unc_rem=0.420  unc_rel=0.303  drop=0.89  h=32  L=2  lr=0.005  wd=0.1
  [Trial 147] blogcatalog_random_0.1 | acc=0.3579  (155.6s)  knn=p  k= 21  dexp=6.05  p_grd=0.202  unc_rem=0.615  unc_rel=0.193  drop=0.30  h=64  L=2  lr=0.1  wd=0.005
  [Trial 148] blogcatalog_random_0.1 | acc=0.7354  (29.3s)  knn=u  k=-    dexp=5.52  p_grd=0.232  unc_rem=0.429  unc_rel=0.510  drop=0.34  h=64  L=2  lr=0.005  wd=0.005
  [Trial 149] blogcatalog_random_0.1 | acc=0.2638  (47.6s)  knn=p  k= 24  dexp=8.52  p_grd=0.373  unc_rem=0.600  unc_rel=0.502  drop=0.71  h=64  L=1  lr=1e-05  wd=0.005
  [Trial 150] blogcatalog_random_0.1 | acc=0.7244  (47.3s)  knn=p  k= 24  dexp=8.08  p_grd=0.230  unc_rem=0.488  unc_rel=0.422  drop=0.31  h=16  L=2  lr=0.005  wd=0.005
  [Trial 151] blogcatalog_random_0.1 | acc=0.7328  (157.7s)  knn=p  k= 24  dexp=7.06  p_grd=0.265  unc_rem=0.783  unc_rel=0.510  drop=0.45  h=64  L=2  lr=0.005  wd=0.005
  [Trial 152] blogcatalog_random_0.1 | acc=0.4666  (94.9s)  knn=s  k= 35  dexp=7.36  p_grd=0.291  unc_rem=0.836  unc_rel=0.516  drop=0.88  h=32  L=4  lr=0.005  wd=0.005
  [Trial 153] blogcatalog_random_0.1 | acc=0.3492  (96.4s)  knn=s  k= 55  dexp=6.92  p_grd=0.213  unc_rem=0.784  unc_rel=0.479  drop=0.65  h=64  L=2  lr=1e-05  wd=0.0005
  [Trial 154] blogcatalog_random_0.1 | acc=0.6842  (52.7s)  knn=p  k= 21  dexp=3.59  p_grd=0.197  unc_rem=0.765  unc_rel=0.289  drop=0.78  h=64  L=1  lr=0.01  wd=0.005
  [Trial 155] blogcatalog_random_0.1 | acc=0.7369  (112.4s)  knn=s  k= 60  dexp=8.19  p_grd=0.170  unc_rem=0.815  unc_rel=0.563  drop=0.33  h=64  L=2  lr=0.005  wd=0.005
  [Trial 156] blogcatalog_random_0.1 | acc=0.7417  (116.7s)  knn=s  k= 60  dexp=5.66  p_grd=0.187  unc_rem=0.767  unc_rel=0.717  drop=0.31  h=64  L=2  lr=0.005  wd=0.005
  [Trial 157] blogcatalog_random_0.1 | acc=0.7140  (50.3s)  knn=s  k= 60  dexp=8.21  p_grd=0.174  unc_rem=0.502  unc_rel=0.722  drop=0.15  h=64  L=2  lr=0.05  wd=0.005
  [Trial 158] blogcatalog_random_0.1 | acc=0.7357  (49.9s)  knn=s  k= 60  dexp=9.58  p_grd=0.283  unc_rem=0.730  unc_rel=0.618  drop=0.27  h=64  L=2  lr=0.005  wd=0.005
  [Trial 159] blogcatalog_random_0.1 | acc=0.7436  (102.1s)  knn=d  k= 24  dexp=3.26  p_grd=0.287  unc_rem=0.750  unc_rel=0.268  drop=0.69  h=64  L=2  lr=0.005  wd=0.005
  [Trial 160] blogcatalog_random_0.1 | acc=0.6008  (159.5s)  knn=d  k= 24  dexp=2.23  p_grd=0.227  unc_rem=0.714  unc_rel=0.234  drop=0.85  h=64  L=3  lr=0.005  wd=0.005
  [Trial 161] blogcatalog_random_0.1 | acc=0.6501  (57.7s)  knn=u  k=-    dexp=9.14  p_grd=0.452  unc_rem=0.769  unc_rel=0.014  drop=0.86  h=32  L=2  lr=0.001  wd=0.005
  [Trial 162] blogcatalog_random_0.1 | acc=0.7189  (79.7s)  knn=s  k= 60  dexp=5.65  p_grd=0.098  unc_rem=0.955  unc_rel=0.755  drop=0.29  h=64  L=2  lr=0.005  wd=0.005
  [Trial 163] blogcatalog_random_0.1 | acc=0.4432  (90.6s)  knn=s  k= 60  dexp=8.16  p_grd=0.369  unc_rem=0.937  unc_rel=0.246  drop=0.81  h=64  L=1  lr=0.01  wd=0.1
  [Trial 164] blogcatalog_random_0.1 | acc=0.7417  (84.6s)  knn=p  k= 24  dexp=3.81  p_grd=0.232  unc_rem=0.508  unc_rel=0.242  drop=0.16  h=32  L=2  lr=0.005  wd=0.005
  [Trial 165] blogcatalog_random_0.1 | acc=0.6424  (61.3s)  knn=p  k= 24  dexp=5.11  p_grd=0.395  unc_rem=0.411  unc_rel=0.196  drop=0.22  h=32  L=3  lr=0.005  wd=0.005
  [Trial 166] blogcatalog_random_0.1 | acc=0.7205  (317.9s)  knn=p  k= 24  dexp=4.19  p_grd=0.268  unc_rem=0.694  unc_rel=0.332  drop=0.63  h=64  L=2  lr=0.005  wd=5e-05
  [Trial 167] blogcatalog_random_0.1 | acc=0.7037  (108.1s)  knn=p  k= 21  dexp=7.70  p_grd=0.166  unc_rem=0.418  unc_rel=0.115  drop=0.51  h=64  L=2  lr=0.005  wd=1e-05
  [Trial 168] blogcatalog_random_0.1 | acc=0.5072  (235.4s)  knn=d  k= 23  dexp=2.35  p_grd=0.252  unc_rem=0.824  unc_rel=0.440  drop=0.88  h=64  L=2  lr=0.0001  wd=0.005
  [Trial 169] blogcatalog_random_0.1 | acc=0.7292  (110.5s)  knn=d  k= 24  dexp=0.85  p_grd=0.322  unc_rem=0.858  unc_rel=0.217  drop=0.84  h=64  L=2  lr=0.005  wd=0.001
  [Trial 170] blogcatalog_random_0.1 | acc=0.7258  (49.2s)  knn=s  k= 30  dexp=8.46  p_grd=0.266  unc_rem=0.833  unc_rel=0.523  drop=0.84  h=64  L=2  lr=0.005  wd=0.0005
  [Trial 171] blogcatalog_random_0.1 | acc=0.6448  (183.7s)  knn=p  k= 24  dexp=4.87  p_grd=0.190  unc_rem=0.374  unc_rel=0.188  drop=0.11  h=32  L=2  lr=0.0005  wd=0.005
  [Trial 172] blogcatalog_random_0.1 | acc=0.7311  (104.0s)  knn=d  k= 21  dexp=2.31  p_grd=0.466  unc_rem=0.557  unc_rel=0.287  drop=0.90  h=128  L=2  lr=0.005  wd=0.005
  [Trial 173] blogcatalog_random_0.1 | acc=0.7215  (85.1s)  knn=s  k= 55  dexp=4.62  p_grd=0.203  unc_rem=0.579  unc_rel=0.678  drop=0.11  h=16  L=2  lr=0.005  wd=0.005
  [Trial 174] blogcatalog_random_0.1 | acc=0.7025  (35.5s)  knn=s  k= 55  dexp=8.39  p_grd=0.384  unc_rem=0.474  unc_rel=0.719  drop=0.84  h=16  L=2  lr=0.005  wd=0.005
  [Trial 175] blogcatalog_random_0.1 | acc=0.7379  (104.2s)  knn=u  k=-    dexp=7.84  p_grd=0.196  unc_rem=0.997  unc_rel=0.631  drop=0.65  h=64  L=2  lr=0.01  wd=0.005
  [Trial 176] blogcatalog_random_0.1 | acc=0.7210  (23.1s)  knn=u  k=-    dexp=9.15  p_grd=0.146  unc_rem=0.898  unc_rel=0.716  drop=0.68  h=64  L=2  lr=0.01  wd=0.005
  [Trial 177] blogcatalog_random_0.1 | acc=0.7304  (83.0s)  knn=d  k= 24  dexp=3.12  p_grd=0.273  unc_rem=0.674  unc_rel=0.384  drop=0.61  h=64  L=2  lr=0.005  wd=0.005
  [Trial 178] blogcatalog_random_0.1 | acc=0.5616  (378.7s)  knn=p  k= 24  dexp=4.48  p_grd=0.204  unc_rem=0.585  unc_rel=0.381  drop=0.28  h=64  L=1  lr=0.005  wd=0.05
  [Trial 179] blogcatalog_random_0.1 | acc=0.7376  (41.1s)  knn=p  k= 24  dexp=5.01  p_grd=0.318  unc_rem=0.565  unc_rel=0.374  drop=0.16  h=32  L=2  lr=0.005  wd=0.005
  [Trial 180] blogcatalog_random_0.1 | acc=0.7335  (46.4s)  knn=s  k= 50  dexp=3.26  p_grd=0.476  unc_rem=0.853  unc_rel=0.293  drop=0.81  h=128  L=2  lr=0.01  wd=0.005
  [Trial 181] blogcatalog_random_0.1 | acc=0.7367  (45.7s)  knn=u  k=-    dexp=4.23  p_grd=0.432  unc_rem=0.850  unc_rel=0.101  drop=0.89  h=128  L=2  lr=0.005  wd=0.005
  [Trial 182] blogcatalog_random_0.1 | acc=0.3405  (153.5s)  knn=p  k= 21  dexp=4.20  p_grd=0.364  unc_rem=0.430  unc_rel=0.383  drop=0.49  h=64  L=3  lr=0.0001  wd=0.005
  [Trial 183] blogcatalog_random_0.1 | acc=0.7227  (43.9s)  knn=p  k= 24  dexp=6.27  p_grd=0.353  unc_rem=0.890  unc_rel=0.092  drop=0.14  h=32  L=2  lr=0.005  wd=0.0001
  [Trial 184] blogcatalog_random_0.1 | acc=0.6775  (60.6s)  knn=p  k= 24  dexp=1.87  p_grd=0.319  unc_rem=0.790  unc_rel=0.311  drop=0.30  h=32  L=1  lr=0.005  wd=0.005
  [Trial 185] blogcatalog_random_0.1 | acc=0.6700  (74.8s)  knn=p  k= 24  dexp=2.28  p_grd=0.156  unc_rem=0.414  unc_rel=0.259  drop=0.41  h=32  L=3  lr=0.005  wd=0.0001
  [Trial 186] blogcatalog_random_0.1 | acc=0.7367  (126.4s)  knn=p  k= 20  dexp=4.02  p_grd=0.118  unc_rem=0.569  unc_rel=0.369  drop=0.24  h=32  L=2  lr=0.005  wd=0.005
  [Trial 187] blogcatalog_random_0.1 | acc=0.6806  (43.7s)  knn=p  k= 24  dexp=1.20  p_grd=0.282  unc_rem=0.072  unc_rel=0.441  drop=0.35  h=32  L=2  lr=0.005  wd=0.01
  [Trial 188] blogcatalog_random_0.1 | acc=0.3430  (46.7s)  knn=p  k= 24  dexp=5.49  p_grd=0.290  unc_rem=0.369  unc_rel=0.145  drop=0.41  h=32  L=2  lr=0.005  wd=0.05
  [Trial 189] blogcatalog_random_0.1 | acc=0.7165  (177.7s)  knn=d  k= 21  dexp=9.37  p_grd=0.348  unc_rem=0.963  unc_rel=0.306  drop=0.78  h=64  L=2  lr=0.005  wd=1e-05
  [Trial 190] blogcatalog_random_0.1 | acc=0.5827  (49.4s)  knn=p  k= 24  dexp=6.24  p_grd=0.332  unc_rem=0.637  unc_rel=0.307  drop=0.60  h=64  L=2  lr=0.0001  wd=0.0001
  [Trial 191] blogcatalog_random_0.1 | acc=0.7345  (88.4s)  knn=p  k= 24  dexp=4.25  p_grd=0.330  unc_rem=0.446  unc_rel=0.686  drop=0.10  h=32  L=2  lr=0.005  wd=0.005
  [Trial 192] blogcatalog_random_0.1 | acc=0.7177  (77.4s)  knn=s  k= 25  dexp=9.78  p_grd=0.259  unc_rem=0.986  unc_rel=0.408  drop=0.82  h=16  L=2  lr=0.005  wd=0.005
  [Trial 193] blogcatalog_random_0.1 | acc=0.5517  (76.4s)  knn=u  k=-    dexp=6.61  p_grd=0.320  unc_rem=0.915  unc_rel=0.922  drop=0.49  h=64  L=2  lr=0.1  wd=0.0005
  [Trial 194] blogcatalog_random_0.1 | acc=0.6720  (98.5s)  knn=u  k=-    dexp=6.70  p_grd=0.141  unc_rem=0.813  unc_rel=0.522  drop=0.56  h=32  L=2  lr=0.001  wd=0.005
  [Trial 195] blogcatalog_random_0.1 | acc=0.7167  (147.2s)  knn=d  k= 25  dexp=6.55  p_grd=0.149  unc_rem=0.677  unc_rel=0.342  drop=0.16  h=64  L=2  lr=0.005  wd=0.0001
  [Trial 196] blogcatalog_random_0.1 | acc=0.7328  (109.8s)  knn=s  k= 25  dexp=8.53  p_grd=0.147  unc_rem=0.741  unc_rel=0.736  drop=0.89  h=64  L=2  lr=0.01  wd=0.0001
  [Trial 197] blogcatalog_random_0.1 | acc=0.5286  (70.7s)  knn=d  k= 25  dexp=9.61  p_grd=0.369  unc_rem=0.814  unc_rel=0.374  drop=0.65  h=32  L=2  lr=0.0001  wd=0.001
  [Trial 198] blogcatalog_random_0.1 | acc=0.7280  (67.5s)  knn=u  k=-    dexp=4.80  p_grd=0.191  unc_rem=0.701  unc_rel=0.576  drop=0.77  h=64  L=2  lr=0.01  wd=0.001
  [Trial 199] blogcatalog_random_0.1 | acc=0.7174  (127.3s)  knn=s  k= 25  dexp=6.46  p_grd=0.236  unc_rem=0.501  unc_rel=0.467  drop=0.23  h=64  L=2  lr=0.005  wd=1e-05
  [Trial 200] blogcatalog_random_0.1 | acc=0.7229  (45.7s)  knn=s  k= 25  dexp=9.39  p_grd=0.231  unc_rem=0.777  unc_rel=0.560  drop=0.58  h=64  L=2  lr=0.005  wd=0.0001

[Optuna] Optimization done. 200/200 trials completed.

[Retest] (blogcatalog_random_0.1) Testing top-5 configs × 10 seeds...

  [Retest] (blogcatalog_random_0.1) Config 1/5: (Trial #92, Orig Acc: 0.7439)
           Params: {'knn_mode': 's', 'k': 55, 'dexp': 9.826018166809348, 'p_grd': 0.35902550336201455, 'unc_rem': 0.9625181878702779, 'unc_rel': 0.4241800600182476, 'dropout': 0.7701110624526593, 'n_hidden': 64, 'n_layer': 2, 'lr': 0.005, 'weight_decay': 0.005}
    [Retest] blogcatalog | Config 1 | Run 1/10 | seed=3000 | Acc: 0.7439 | Mean: 0.7439 | Time: 87.4s
    [Retest] blogcatalog | Config 1 | Run 2/10 | seed=3001 | Acc: 0.7446 | Mean: 0.7442 | Time: 68.8s
    [Retest] blogcatalog | Config 1 | Run 3/10 | seed=3002 | Acc: 0.6996 | Mean: 0.7294 | Time: 35.3s
    [Retest] blogcatalog | Config 1 | Run 4/10 | seed=3003 | Acc: 0.7379 | Mean: 0.7315 | Time: 76.8s
    [Retest] blogcatalog | Config 1 | Run 5/10 | seed=3004 | Acc: 0.7282 | Mean: 0.7308 | Time: 54.1s
    [Retest] blogcatalog | Config 1 | Run 6/10 | seed=3005 | Acc: 0.7468 | Mean: 0.7335 | Time: 119.7s
    [Retest] blogcatalog | Config 1 | Run 7/10 | seed=3006 | Acc: 0.7342 | Mean: 0.7336 | Time: 60.3s
    [Retest] blogcatalog | Config 1 | Run 8/10 | seed=3007 | Acc: 0.7133 | Mean: 0.7311 | Time: 39.2s
    [Retest] blogcatalog | Config 1 | Run 9/10 | seed=3008 | Acc: 0.7367 | Mean: 0.7317 | Time: 80.2s
    [Retest] blogcatalog | Config 1 | Run 10/10 | seed=3009 | Acc: 0.7234 | Mean: 0.7309 | Time: 131.7s
  [Retest] Config 1: mean=0.7309 ± 0.0143

  [Retest] (blogcatalog_random_0.1) Config 2/5: (Trial #158, Orig Acc: 0.7436)
           Params: {'knn_mode': 'd', 'k': 24, 'dexp': 3.26367722729415, 'p_grd': 0.28730963254843067, 'unc_rem': 0.7499810738313073, 'unc_rel': 0.2682688239623168, 'dropout': 0.6935065732031475, 'n_hidden': 64, 'n_layer': 2, 'lr': 0.005, 'weight_decay': 0.005}
    [Retest] blogcatalog | Config 2 | Run 1/10 | seed=3000 | Acc: 0.7436 | Mean: 0.7436 | Time: 51.7s
    [Retest] blogcatalog | Config 2 | Run 2/10 | seed=3001 | Acc: 0.7561 | Mean: 0.7499 | Time: 45.4s
    [Retest] blogcatalog | Config 2 | Run 3/10 | seed=3002 | Acc: 0.7011 | Mean: 0.7336 | Time: 210.2s
    [Retest] blogcatalog | Config 2 | Run 4/10 | seed=3003 | Acc: 0.7407 | Mean: 0.7354 | Time: 68.7s
    [Retest] blogcatalog | Config 2 | Run 5/10 | seed=3004 | Acc: 0.7249 | Mean: 0.7333 | Time: 165.2s
    [Retest] blogcatalog | Config 2 | Run 6/10 | seed=3005 | Acc: 0.7489 | Mean: 0.7359 | Time: 81.9s
    [Retest] blogcatalog | Config 2 | Run 7/10 | seed=3006 | Acc: 0.7249 | Mean: 0.7343 | Time: 249.8s
    [Retest] blogcatalog | Config 2 | Run 8/10 | seed=3007 | Acc: 0.7020 | Mean: 0.7303 | Time: 54.1s
    [Retest] blogcatalog | Config 2 | Run 9/10 | seed=3008 | Acc: 0.7340 | Mean: 0.7307 | Time: 92.6s
    [Retest] blogcatalog | Config 2 | Run 10/10 | seed=3009 | Acc: 0.7333 | Mean: 0.7310 | Time: 275.1s
  [Retest] Config 2: mean=0.7310 ± 0.0174

  [Retest] (blogcatalog_random_0.1) Config 3/5: (Trial #141, Orig Acc: 0.7427)
           Params: {'knn_mode': 'p', 'k': 24, 'dexp': 3.596857721545171, 'p_grd': 0.2063717056287106, 'unc_rem': 0.47170085509331694, 'unc_rel': 0.32508221785472585, 'dropout': 0.44257324670994536, 'n_hidden': 64, 'n_layer': 2, 'lr': 0.005, 'weight_decay': 0.005}
    [Retest] blogcatalog | Config 3 | Run 1/10 | seed=3000 | Acc: 0.7468 | Mean: 0.7468 | Time: 63.2s
    [Retest] blogcatalog | Config 3 | Run 2/10 | seed=3001 | Acc: 0.7734 | Mean: 0.7601 | Time: 80.6s
    [Retest] blogcatalog | Config 3 | Run 3/10 | seed=3002 | Acc: 0.7035 | Mean: 0.7412 | Time: 217.0s
    [Retest] blogcatalog | Config 3 | Run 4/10 | seed=3003 | Acc: 0.7352 | Mean: 0.7397 | Time: 62.0s
    [Retest] blogcatalog | Config 3 | Run 5/10 | seed=3004 | Acc: 0.7196 | Mean: 0.7357 | Time: 107.0s
    [Retest] blogcatalog | Config 3 | Run 6/10 | seed=3005 | Acc: 0.7487 | Mean: 0.7379 | Time: 57.6s
    [Retest] blogcatalog | Config 3 | Run 7/10 | seed=3006 | Acc: 0.7326 | Mean: 0.7371 | Time: 59.0s
    [Retest] blogcatalog | Config 3 | Run 8/10 | seed=3007 | Acc: 0.7181 | Mean: 0.7347 | Time: 205.6s
    [Retest] blogcatalog | Config 3 | Run 9/10 | seed=3008 | Acc: 0.7391 | Mean: 0.7352 | Time: 66.9s
    [Retest] blogcatalog | Config 3 | Run 10/10 | seed=3009 | Acc: 0.7273 | Mean: 0.7344 | Time: 163.6s
  [Retest] Config 3: mean=0.7344 ± 0.0184

  [Retest] (blogcatalog_random_0.1) Config 4/5: (Trial #49, Orig Acc: 0.7419)
           Params: {'knn_mode': 'u', 'dexp': 7.825335753023423, 'p_grd': 0.2626458898613805, 'unc_rem': 0.8585769069111074, 'unc_rel': 0.08517630570145869, 'dropout': 0.6954461133538593, 'n_hidden': 128, 'n_layer': 2, 'lr': 0.005, 'weight_decay': 0.005}
    [Retest] blogcatalog | Config 4 | Run 1/10 | seed=3000 | Acc: 0.7381 | Mean: 0.7381 | Time: 126.3s
    [Retest] blogcatalog | Config 4 | Run 2/10 | seed=3001 | Acc: 0.7383 | Mean: 0.7382 | Time: 77.5s
    [Retest] blogcatalog | Config 4 | Run 3/10 | seed=3002 | Acc: 0.7174 | Mean: 0.7313 | Time: 40.2s
    [Retest] blogcatalog | Config 4 | Run 4/10 | seed=3003 | Acc: 0.7367 | Mean: 0.7326 | Time: 165.0s
    [Retest] blogcatalog | Config 4 | Run 5/10 | seed=3004 | Acc: 0.7338 | Mean: 0.7329 | Time: 28.9s
    [Retest] blogcatalog | Config 4 | Run 6/10 | seed=3005 | Acc: 0.7429 | Mean: 0.7345 | Time: 47.3s
    [Retest] blogcatalog | Config 4 | Run 7/10 | seed=3006 | Acc: 0.7379 | Mean: 0.7350 | Time: 22.2s
    [Retest] blogcatalog | Config 4 | Run 8/10 | seed=3007 | Acc: 0.6984 | Mean: 0.7304 | Time: 130.9s
    [Retest] blogcatalog | Config 4 | Run 9/10 | seed=3008 | Acc: 0.7285 | Mean: 0.7302 | Time: 102.7s
    [Retest] blogcatalog | Config 4 | Run 10/10 | seed=3009 | Acc: 0.7104 | Mean: 0.7282 | Time: 47.4s
  [Retest] Config 4: mean=0.7282 ± 0.0139

  [Retest] (blogcatalog_random_0.1) Config 5/5: (Trial #155, Orig Acc: 0.7417)
           Params: {'knn_mode': 's', 'k': 60, 'dexp': 5.657587489280737, 'p_grd': 0.18748917831346895, 'unc_rem': 0.766543698100782, 'unc_rel': 0.7170368468380955, 'dropout': 0.30894936513361676, 'n_hidden': 64, 'n_layer': 2, 'lr': 0.005, 'weight_decay': 0.005}
    [Retest] blogcatalog | Config 5 | Run 1/10 | seed=3000 | Acc: 0.7417 | Mean: 0.7417 | Time: 112.2s
    [Retest] blogcatalog | Config 5 | Run 2/10 | seed=3001 | Acc: 0.7590 | Mean: 0.7504 | Time: 145.7s
    [Retest] blogcatalog | Config 5 | Run 3/10 | seed=3002 | Acc: 0.7042 | Mean: 0.7350 | Time: 47.8s
    [Retest] blogcatalog | Config 5 | Run 4/10 | seed=3003 | Acc: 0.7189 | Mean: 0.7309 | Time: 95.4s
    [Retest] blogcatalog | Config 5 | Run 5/10 | seed=3004 | Acc: 0.7241 | Mean: 0.7296 | Time: 51.2s
    [Retest] blogcatalog | Config 5 | Run 6/10 | seed=3005 | Acc: 0.7525 | Mean: 0.7334 | Time: 48.5s
    [Retest] blogcatalog | Config 5 | Run 7/10 | seed=3006 | Acc: 0.7405 | Mean: 0.7344 | Time: 79.7s
    [Retest] blogcatalog | Config 5 | Run 8/10 | seed=3007 | Acc: 0.7220 | Mean: 0.7329 | Time: 40.1s
    [Retest] blogcatalog | Config 5 | Run 9/10 | seed=3008 | Acc: 0.7328 | Mean: 0.7329 | Time: 34.6s
    [Retest] blogcatalog | Config 5 | Run 10/10 | seed=3009 | Acc: 0.7189 | Mean: 0.7315 | Time: 76.5s
  [Retest] Config 5: mean=0.7315 ± 0.0161

[Optuna] Success: Best config saved to log/hpo_db.json:
         {'knn_mode': 'p', 'k': 24, 'dexp': 3.596857721545171, 'p_grd': 0.2063717056287106, 'unc_rem': 0.47170085509331694, 'unc_rel': 0.32508221785472585, 'dropout': 0.44257324670994536, 'n_hidden': 64, 'n_layer': 2, 'lr': 0.005, 'weight_decay': 0.005}
[Optuna] Success: Best retest mean accuracy: 0.7344
[Optuna] Success: Done marker: ./log/nni_done\lnpcc_blogcatalog_random_0.1.done
  [HPO] Done marker saved: ./log/nni_done\lnpcc_blogcatalog_random_0.1.done
[total_exp] --hpo_only: skipping benchmark runs.
[worker] OK DONE  hpo_blogcatalog_random_0.1  gpu=1  368.1 min  rc=0
