[worker] START  lnpcc_amazon-ratings_random_0.1  gpu=1
======================================================================
GCN + LN-PCC -- NoisyGL Benchmark (Unified)
Start          : 2026-04-21 11:24:02
Variants       : ['lnpcc']
Datasets       : ['amazon-ratings']
Noise          : [[0.1, 'random']]
Runs           : 10  (seeds 3000..3009)
Device         : cuda:1
======================================================================
[HPO] Loaded 160 optimized scenarios from log/hpo_db.json
----Data statistics------'
                Name: amazon-ratings
                #Nodes 24492
                #Edges 93050
                #Classes 5
                #Ave_degree 7.60
----Split statistics------'
                #Train samples 1224 (5.0 % of nodes)
                #Val samples 3673 (15.0 % of nodes)
                #Test samples 19595 (remaining)

============================================================
  lnpcc | amazon-ratings | random 0.1
============================================================
  [HPO] Applying optimized params for amazon-ratings_random_0.1
    [11:25:52] amazon-ratings | random 0.1 | lnpcc | run  1/10 | seed=3000 | acc=0.4001 | mean=0.4001 | time=102.86s
  [HPO] Applying optimized params for amazon-ratings_random_0.1
    [11:27:26] amazon-ratings | random 0.1 | lnpcc | run  2/10 | seed=3001 | acc=0.4004 | mean=0.4002 | time=84.38s
  [HPO] Applying optimized params for amazon-ratings_random_0.1
    [11:29:03] amazon-ratings | random 0.1 | lnpcc | run  3/10 | seed=3002 | acc=0.4012 | mean=0.4005 | time=93.30s
  [HPO] Applying optimized params for amazon-ratings_random_0.1
    [11:30:37] amazon-ratings | random 0.1 | lnpcc | run  4/10 | seed=3003 | acc=0.3992 | mean=0.4002 | time=86.32s
  [HPO] Applying optimized params for amazon-ratings_random_0.1
    [11:32:03] amazon-ratings | random 0.1 | lnpcc | run  5/10 | seed=3004 | acc=0.4006 | mean=0.4003 | time=80.15s
  [HPO] Applying optimized params for amazon-ratings_random_0.1
    [11:33:56] amazon-ratings | random 0.1 | lnpcc | run  6/10 | seed=3005 | acc=0.3991 | mean=0.4001 | time=108.41s
  [HPO] Applying optimized params for amazon-ratings_random_0.1
    [11:35:33] amazon-ratings | random 0.1 | lnpcc | run  7/10 | seed=3006 | acc=0.4006 | mean=0.4002 | time=91.33s
  [HPO] Applying optimized params for amazon-ratings_random_0.1
    [11:37:10] amazon-ratings | random 0.1 | lnpcc | run  8/10 | seed=3007 | acc=0.3935 | mean=0.3993 | time=93.52s
  [HPO] Applying optimized params for amazon-ratings_random_0.1
    [11:39:24] amazon-ratings | random 0.1 | lnpcc | run  9/10 | seed=3008 | acc=0.3946 | mean=0.3988 | time=118.08s
  [HPO] Applying optimized params for amazon-ratings_random_0.1
    [11:41:08] amazon-ratings | random 0.1 | lnpcc | run 10/10 | seed=3009 | acc=0.4010 | mean=0.3990 | time=99.61s
  -> mean=0.3990 +/- 0.0026

[OK] Partial CSV: ./log\partial\partial_lnpcc_amazon-ratings_random_0.1.csv
End: 2026-04-21 11:41:08
[worker] OK DONE  lnpcc_amazon-ratings_random_0.1  gpu=1  17.2 min  rc=0
