[worker] START  hpo_roman-empire_random_0.2  gpu=0
======================================================================
GCN + LN-PCC -- NoisyGL Benchmark (Unified)
Start          : 2026-04-18 00:12:28
Variants       : ['lnpcc']
Datasets       : ['roman-empire']
Noise          : [[0.2, 'random']]
Runs           : 10  (seeds 3000..3009)
Device         : cuda:0
======================================================================

[HPO] Optimizing lnpcc on roman-empire_random_0.2 (max_trials=200, max_k_same=60)

[Optuna] Scenario: roman-empire_random_0.2  (max_trials=200, startup=20)
  [Trial   1] roman-empire_random_0.2 | acc=0.1716  (412.5s)  knn=d  k= 14  dexp=7.40  p_grd=0.421  unc_rem=0.161  unc_rel=0.537  drop=0.52  h=128  L=3  lr=0.1  wd=0.05
  [Trial   2] roman-empire_random_0.2 | acc=0.1345  (267.2s)  knn=d  k= 17  dexp=0.88  p_grd=0.193  unc_rem=0.850  unc_rel=0.092  drop=0.89  h=128  L=3  lr=1e-05  wd=0.1
  [Trial   3] roman-empire_random_0.2 | acc=0.0698  (203.5s)  knn=s  k= 60  dexp=4.63  p_grd=0.375  unc_rem=0.959  unc_rel=0.839  drop=0.11  h=16  L=4  lr=1e-05  wd=0.1
  [Trial   4] roman-empire_random_0.2 | acc=0.2500  (122.9s)  knn=s  k= 20  dexp=3.86  p_grd=0.215  unc_rem=0.881  unc_rel=0.612  drop=0.58  h=32  L=3  lr=0.005  wd=0.001
  [Trial   5] roman-empire_random_0.2 | acc=0.2316  (231.3s)  knn=u  k=-    dexp=8.18  p_grd=0.344  unc_rem=0.346  unc_rel=0.828  drop=0.50  h=64  L=4  lr=0.001  wd=0.001
  [Trial   6] roman-empire_random_0.2 | acc=0.2758  (225.7s)  knn=s  k= 60  dexp=9.63  p_grd=0.431  unc_rem=0.779  unc_rel=0.683  drop=0.44  h=32  L=1  lr=0.1  wd=0.01
  [Trial   7] roman-empire_random_0.2 | acc=0.1512  (336.4s)  knn=d  k= 22  dexp=8.98  p_grd=0.186  unc_rem=0.562  unc_rel=0.930  drop=0.36  h=32  L=3  lr=0.0001  wd=0.005
  [Trial   8] roman-empire_random_0.2 | acc=0.2828  (269.3s)  knn=d  k= 15  dexp=2.27  p_grd=0.167  unc_rem=0.876  unc_rel=0.021  drop=0.20  h=128  L=3  lr=0.1  wd=0.005
  [Trial   9] roman-empire_random_0.2 | acc=0.3486  (544.3s)  knn=p  k= 21  dexp=7.05  p_grd=0.405  unc_rem=0.819  unc_rel=0.209  drop=0.56  h=32  L=2  lr=0.01  wd=1e-05
  [Trial  10] roman-empire_random_0.2 | acc=0.2828  (668.5s)  knn=d  k= 23  dexp=5.37  p_grd=0.494  unc_rem=0.196  unc_rel=0.286  drop=0.68  h=64  L=3  lr=0.05  wd=0.005
  [Trial  11] roman-empire_random_0.2 | acc=0.1902  (231.2s)  knn=s  k= 10  dexp=6.60  p_grd=0.444  unc_rem=0.958  unc_rel=0.876  drop=0.66  h=16  L=4  lr=0.05  wd=1e-05
  [Trial  12] roman-empire_random_0.2 | acc=0.2486  (119.7s)  knn=u  k=-    dexp=8.76  p_grd=0.091  unc_rem=0.305  unc_rel=0.438  drop=0.14  h=64  L=3  lr=0.001  wd=0.0001
  [Trial  13] roman-empire_random_0.2 | acc=0.1562  (243.0s)  knn=p  k=  9  dexp=7.90  p_grd=0.228  unc_rem=0.196  unc_rel=0.065  drop=0.88  h=16  L=4  lr=0.1  wd=0.005
  [Trial  14] roman-empire_random_0.2 | acc=0.1803  (177.3s)  knn=s  k= 20  dexp=4.82  p_grd=0.311  unc_rem=0.084  unc_rel=0.251  drop=0.17  h=32  L=2  lr=0.0005  wd=0.005
  [Trial  15] roman-empire_random_0.2 | acc=0.1980  (285.8s)  knn=d  k=  5  dexp=1.73  p_grd=0.294  unc_rem=0.145  unc_rel=0.870  drop=0.67  h=32  L=1  lr=0.0001  wd=0.001
  [Trial  16] roman-empire_random_0.2 | acc=0.0582  (358.0s)  knn=p  k= 15  dexp=1.15  p_grd=0.289  unc_rem=0.335  unc_rel=0.495  drop=0.39  h=64  L=4  lr=1e-05  wd=0.0005
  [Trial  17] roman-empire_random_0.2 | acc=0.1622  (251.5s)  knn=p  k= 10  dexp=8.27  p_grd=0.189  unc_rem=0.042  unc_rel=0.304  drop=0.53  h=32  L=4  lr=0.005  wd=0.005
  [Trial  18] roman-empire_random_0.2 | acc=0.2030  (189.4s)  knn=d  k=  3  dexp=2.21  p_grd=0.206  unc_rem=0.616  unc_rel=0.167  drop=0.40  h=64  L=3  lr=0.005  wd=0.01
  [Trial  19] roman-empire_random_0.2 | acc=0.2900  (505.3s)  knn=p  k= 13  dexp=3.83  p_grd=0.476  unc_rem=0.774  unc_rel=0.043  drop=0.57  h=128  L=1  lr=0.001  wd=5e-05
  [Trial  20] roman-empire_random_0.2 | acc=0.3179  (144.2s)  knn=u  k=-    dexp=6.93  p_grd=0.170  unc_rem=0.841  unc_rel=0.089  drop=0.61  h=16  L=2  lr=0.01  wd=5e-05
  [Trial  21] roman-empire_random_0.2 | acc=0.3315  (166.5s)  knn=u  k=-    dexp=6.27  p_grd=0.160  unc_rem=0.801  unc_rel=0.098  drop=0.63  h=64  L=2  lr=0.01  wd=5e-05
  [Trial  22] roman-empire_random_0.2 | acc=0.3470  (425.1s)  knn=p  k= 23  dexp=8.50  p_grd=0.268  unc_rem=0.954  unc_rel=0.078  drop=0.64  h=32  L=2  lr=0.01  wd=1e-05
  [Trial  23] roman-empire_random_0.2 | acc=0.3205  (466.1s)  knn=d  k= 24  dexp=8.47  p_grd=0.317  unc_rem=0.952  unc_rel=0.110  drop=0.68  h=32  L=1  lr=0.005  wd=1e-05
  [Trial  24] roman-empire_random_0.2 | acc=0.3470  (711.2s)  knn=p  k= 24  dexp=6.24  p_grd=0.449  unc_rem=0.884  unc_rel=0.288  drop=0.57  h=32  L=2  lr=0.01  wd=1e-05
  [Trial  25] roman-empire_random_0.2 | acc=0.3471  (498.1s)  knn=p  k= 24  dexp=6.83  p_grd=0.461  unc_rem=0.989  unc_rel=0.211  drop=0.53  h=64  L=2  lr=0.01  wd=1e-05
  [Trial  26] roman-empire_random_0.2 | acc=0.3418  (570.8s)  knn=p  k= 24  dexp=7.68  p_grd=0.499  unc_rem=0.999  unc_rel=0.218  drop=0.22  h=32  L=2  lr=0.005  wd=1e-05
  [Trial  27] roman-empire_random_0.2 | acc=0.2999  (573.3s)  knn=p  k= 24  dexp=3.53  p_grd=0.336  unc_rem=0.779  unc_rel=0.364  drop=0.54  h=32  L=2  lr=0.001  wd=1e-05
  [Trial  28] roman-empire_random_0.2 | acc=0.3404  (505.5s)  knn=p  k= 19  dexp=6.94  p_grd=0.492  unc_rem=0.847  unc_rel=0.135  drop=0.80  h=64  L=2  lr=0.1  wd=1e-05
  [Trial  29] roman-empire_random_0.2 | acc=0.2454  (203.2s)  knn=u  k=-    dexp=4.30  p_grd=0.449  unc_rem=0.776  unc_rel=0.281  drop=0.83  h=32  L=3  lr=0.01  wd=1e-05
  [Trial  30] roman-empire_random_0.2 | acc=0.2617  (640.1s)  knn=p  k= 24  dexp=2.61  p_grd=0.431  unc_rem=0.950  unc_rel=0.425  drop=0.55  h=64  L=3  lr=0.01  wd=1e-05
  [Trial  31] roman-empire_random_0.2 | acc=0.3453  (430.6s)  knn=p  k= 19  dexp=6.04  p_grd=0.399  unc_rem=0.950  unc_rel=0.405  drop=0.48  h=128  L=2  lr=0.01  wd=0.0001
  [Trial  32] roman-empire_random_0.2 | acc=0.3487  (205.4s)  knn=u  k=-    dexp=8.87  p_grd=0.417  unc_rem=0.897  unc_rel=0.098  drop=0.59  h=32  L=2  lr=0.01  wd=0.0005
  [Trial  33] roman-empire_random_0.2 | acc=0.3479  (199.8s)  knn=u  k=-    dexp=8.02  p_grd=0.426  unc_rem=0.630  unc_rel=0.138  drop=0.48  h=32  L=2  lr=0.05  wd=0.0005
  [Trial  34] roman-empire_random_0.2 | acc=0.2922  (200.0s)  knn=u  k=-    dexp=9.02  p_grd=0.421  unc_rem=0.572  unc_rel=0.108  drop=0.39  h=32  L=2  lr=0.05  wd=0.01
  [Trial  35] roman-empire_random_0.2 | acc=0.3504  (196.4s)  knn=u  k=-    dexp=9.74  p_grd=0.452  unc_rem=0.807  unc_rel=0.094  drop=0.57  h=64  L=2  lr=0.01  wd=0.0005
  [Trial  36] roman-empire_random_0.2 | acc=0.1835  (205.8s)  knn=u  k=-    dexp=10.00  p_grd=0.407  unc_rem=0.798  unc_rel=0.244  drop=0.46  h=32  L=4  lr=0.1  wd=0.0005
  [Trial  37] roman-empire_random_0.2 | acc=0.3531  (203.1s)  knn=u  k=-    dexp=9.50  p_grd=0.373  unc_rem=0.802  unc_rel=0.190  drop=0.59  h=64  L=2  lr=0.01  wd=0.0005
  [Trial  38] roman-empire_random_0.2 | acc=0.3113  (209.9s)  knn=u  k=-    dexp=9.74  p_grd=0.394  unc_rem=0.746  unc_rel=0.109  drop=0.61  h=64  L=2  lr=0.001  wd=0.001
  [Trial  39] roman-empire_random_0.2 | acc=0.3524  (209.8s)  knn=u  k=-    dexp=9.46  p_grd=0.348  unc_rem=0.885  unc_rel=0.300  drop=0.68  h=64  L=2  lr=0.01  wd=0.0005
  [Trial  40] roman-empire_random_0.2 | acc=0.2531  (216.5s)  knn=u  k=-    dexp=9.23  p_grd=0.216  unc_rem=0.946  unc_rel=0.337  drop=0.84  h=64  L=3  lr=0.01  wd=0.0005
  [Trial  41] roman-empire_random_0.2 | acc=0.0177  (208.2s)  knn=u  k=-    dexp=9.47  p_grd=0.301  unc_rem=0.998  unc_rel=0.526  drop=0.63  h=64  L=2  lr=1e-05  wd=0.01
  [Trial  42] roman-empire_random_0.2 | acc=0.3453  (204.1s)  knn=u  k=-    dexp=9.80  p_grd=0.422  unc_rem=0.788  unc_rel=0.165  drop=0.49  h=64  L=1  lr=0.01  wd=0.0005
  [Trial  43] roman-empire_random_0.2 | acc=0.1393  (224.3s)  knn=s  k= 45  dexp=9.72  p_grd=0.397  unc_rem=0.881  unc_rel=0.344  drop=0.67  h=32  L=4  lr=0.01  wd=0.1
  [Trial  44] roman-empire_random_0.2 | acc=0.2712  (200.9s)  knn=u  k=-    dexp=9.99  p_grd=0.467  unc_rem=0.827  unc_rel=0.233  drop=0.64  h=64  L=2  lr=0.0005  wd=0.0005
  [Trial  45] roman-empire_random_0.2 | acc=0.1359  (210.7s)  knn=u  k=-    dexp=6.98  p_grd=0.385  unc_rem=0.829  unc_rel=0.219  drop=0.56  h=64  L=3  lr=0.005  wd=0.05
  [Trial  46] roman-empire_random_0.2 | acc=0.1386  (202.1s)  knn=u  k=-    dexp=8.14  p_grd=0.487  unc_rem=0.851  unc_rel=0.057  drop=0.69  h=128  L=2  lr=0.01  wd=0.1
  [Trial  47] roman-empire_random_0.2 | acc=0.3467  (366.6s)  knn=d  k=  3  dexp=8.83  p_grd=0.379  unc_rem=0.785  unc_rel=0.044  drop=0.61  h=16  L=2  lr=0.01  wd=0.001
  [Trial  48] roman-empire_random_0.2 | acc=0.2432  (195.6s)  knn=s  k= 40  dexp=8.88  p_grd=0.369  unc_rem=0.955  unc_rel=0.228  drop=0.57  h=32  L=3  lr=0.001  wd=0.0005
  [Trial  49] roman-empire_random_0.2 | acc=0.3419  (214.0s)  knn=u  k=-    dexp=9.00  p_grd=0.322  unc_rem=0.764  unc_rel=0.277  drop=0.71  h=32  L=2  lr=0.01  wd=0.0005
  [Trial  50] roman-empire_random_0.2 | acc=0.1479  (423.8s)  knn=p  k= 17  dexp=7.67  p_grd=0.381  unc_rem=0.969  unc_rel=0.081  drop=0.67  h=64  L=4  lr=0.0001  wd=0.0005
  [Trial  51] roman-empire_random_0.2 | acc=0.0674  (204.8s)  knn=u  k=-    dexp=7.58  p_grd=0.329  unc_rem=0.383  unc_rel=0.044  drop=0.49  h=64  L=4  lr=1e-05  wd=0.0005
  [Trial  52] roman-empire_random_0.2 | acc=0.3461  (608.0s)  knn=d  k= 13  dexp=9.54  p_grd=0.249  unc_rem=0.679  unc_rel=0.181  drop=0.54  h=64  L=2  lr=0.01  wd=0.0005
  [Trial  53] roman-empire_random_0.2 | acc=0.3427  (266.7s)  knn=d  k=  1  dexp=6.59  p_grd=0.428  unc_rem=0.575  unc_rel=0.121  drop=0.40  h=128  L=2  lr=0.1  wd=0.0005
  [Trial  54] roman-empire_random_0.2 | acc=0.3411  (203.0s)  knn=u  k=-    dexp=6.75  p_grd=0.404  unc_rem=0.841  unc_rel=0.359  drop=0.74  h=64  L=2  lr=0.01  wd=0.0001
  [Trial  55] roman-empire_random_0.2 | acc=0.3428  (201.5s)  knn=u  k=-    dexp=7.95  p_grd=0.443  unc_rem=0.552  unc_rel=0.294  drop=0.46  h=16  L=2  lr=0.05  wd=0.0005
  [Trial  56] roman-empire_random_0.2 | acc=0.1839  (193.6s)  knn=u  k=-    dexp=9.24  p_grd=0.485  unc_rem=0.808  unc_rel=0.045  drop=0.50  h=64  L=2  lr=0.01  wd=0.05
  [Trial  57] roman-empire_random_0.2 | acc=0.3597  (205.5s)  knn=u  k=-    dexp=7.45  p_grd=0.247  unc_rem=0.971  unc_rel=0.149  drop=0.61  h=64  L=2  lr=0.1  wd=0.0005
  [Trial  58] roman-empire_random_0.2 | acc=0.1902  (155.6s)  knn=u  k=-    dexp=3.49  p_grd=0.255  unc_rem=0.707  unc_rel=0.104  drop=0.86  h=64  L=2  lr=0.0001  wd=0.0005
  [Trial  59] roman-empire_random_0.2 | acc=0.3559  (206.4s)  knn=u  k=-    dexp=8.92  p_grd=0.293  unc_rem=0.814  unc_rel=0.244  drop=0.51  h=64  L=2  lr=0.1  wd=0.0005
  [Trial  60] roman-empire_random_0.2 | acc=0.3086  (106.3s)  knn=u  k=-    dexp=6.74  p_grd=0.036  unc_rem=0.887  unc_rel=0.468  drop=0.39  h=64  L=2  lr=0.1  wd=0.0005
  [Trial  61] roman-empire_random_0.2 | acc=0.1390  (169.1s)  knn=u  k=-    dexp=9.87  p_grd=0.152  unc_rem=0.688  unc_rel=0.125  drop=0.51  h=64  L=2  lr=0.1  wd=0.1
  [Trial  62] roman-empire_random_0.2 | acc=0.2483  (372.4s)  knn=d  k= 15  dexp=5.38  p_grd=0.278  unc_rem=0.950  unc_rel=0.234  drop=0.53  h=64  L=3  lr=0.1  wd=0.0005
  [Trial  63] roman-empire_random_0.2 | acc=0.3483  (215.8s)  knn=u  k=-    dexp=8.09  p_grd=0.264  unc_rem=0.836  unc_rel=0.252  drop=0.52  h=64  L=2  lr=0.1  wd=0.0005
  [Trial  64] roman-empire_random_0.2 | acc=0.3258  (168.3s)  knn=u  k=-    dexp=8.83  p_grd=0.246  unc_rem=0.492  unc_rel=0.335  drop=0.61  h=64  L=2  lr=0.05  wd=1e-05
  [Trial  65] roman-empire_random_0.2 | acc=0.3644  (200.8s)  knn=s  k= 50  dexp=5.37  p_grd=0.428  unc_rem=0.634  unc_rel=0.130  drop=0.56  h=32  L=2  lr=0.01  wd=0.001
  [Trial  66] roman-empire_random_0.2 | acc=0.3397  (239.4s)  knn=s  k= 55  dexp=7.54  p_grd=0.432  unc_rem=0.881  unc_rel=0.290  drop=0.71  h=16  L=2  lr=0.01  wd=0.0005
  [Trial  67] roman-empire_random_0.2 | acc=0.2510  (241.9s)  knn=s  k= 50  dexp=6.27  p_grd=0.402  unc_rem=0.801  unc_rel=0.085  drop=0.54  h=32  L=3  lr=0.01  wd=0.001
  [Trial  68] roman-empire_random_0.2 | acc=0.3510  (207.3s)  knn=u  k=-    dexp=9.92  p_grd=0.358  unc_rem=0.730  unc_rel=0.654  drop=0.57  h=64  L=2  lr=0.01  wd=0.0005
  [Trial  69] roman-empire_random_0.2 | acc=0.3442  (216.0s)  knn=s  k= 60  dexp=9.50  p_grd=0.347  unc_rem=0.642  unc_rel=0.863  drop=0.36  h=64  L=1  lr=0.01  wd=0.0005
  [Trial  70] roman-empire_random_0.2 | acc=0.1015  (153.8s)  knn=s  k= 40  dexp=3.86  p_grd=0.359  unc_rem=0.443  unc_rel=0.452  drop=0.54  h=32  L=1  lr=1e-05  wd=0.001
  [Trial  71] roman-empire_random_0.2 | acc=0.3653  (229.5s)  knn=s  k= 40  dexp=6.26  p_grd=0.465  unc_rem=0.403  unc_rel=0.322  drop=0.56  h=32  L=2  lr=0.01  wd=0.001
  [Trial  72] roman-empire_random_0.2 | acc=0.1791  (239.1s)  knn=s  k= 40  dexp=4.81  p_grd=0.483  unc_rem=0.585  unc_rel=0.111  drop=0.75  h=32  L=2  lr=0.001  wd=0.01
  [Trial  73] roman-empire_random_0.2 | acc=0.2753  (238.5s)  knn=s  k= 50  dexp=7.51  p_grd=0.459  unc_rem=0.158  unc_rel=0.578  drop=0.69  h=32  L=2  lr=0.01  wd=0.01
  [Trial  74] roman-empire_random_0.2 | acc=0.3479  (159.8s)  knn=s  k= 35  dexp=3.36  p_grd=0.336  unc_rem=0.464  unc_rel=0.216  drop=0.66  h=32  L=2  lr=0.005  wd=0.001
  [Trial  75] roman-empire_random_0.2 | acc=0.3562  (239.4s)  knn=s  k= 50  dexp=9.10  p_grd=0.475  unc_rem=0.220  unc_rel=0.174  drop=0.81  h=32  L=2  lr=0.01  wd=0.001
  [Trial  76] roman-empire_random_0.2 | acc=0.2220  (210.4s)  knn=u  k=-    dexp=8.24  p_grd=0.263  unc_rem=0.464  unc_rel=0.854  drop=0.53  h=32  L=4  lr=0.01  wd=0.0005
  [Trial  77] roman-empire_random_0.2 | acc=0.2697  (232.8s)  knn=s  k= 50  dexp=9.36  p_grd=0.457  unc_rem=0.077  unc_rel=0.157  drop=0.74  h=32  L=3  lr=0.05  wd=0.001
  [Trial  78] roman-empire_random_0.2 | acc=0.1450  (245.0s)  knn=s  k= 60  dexp=9.79  p_grd=0.457  unc_rem=0.264  unc_rel=0.273  drop=0.89  h=16  L=2  lr=0.01  wd=0.05
  [Trial  79] roman-empire_random_0.2 | acc=0.3339  (200.3s)  knn=s  k= 45  dexp=9.19  p_grd=0.343  unc_rem=0.136  unc_rel=0.214  drop=0.89  h=32  L=2  lr=0.01  wd=0.001
  [Trial  80] roman-empire_random_0.2 | acc=0.3419  (210.7s)  knn=u  k=-    dexp=7.73  p_grd=0.320  unc_rem=0.606  unc_rel=0.837  drop=0.54  h=64  L=2  lr=0.01  wd=0.0005
  [Trial  81] roman-empire_random_0.2 | acc=0.3437  (241.3s)  knn=s  k= 40  dexp=5.90  p_grd=0.465  unc_rem=0.405  unc_rel=0.190  drop=0.54  h=32  L=2  lr=0.01  wd=5e-05
  [Trial  82] roman-empire_random_0.2 | acc=0.0224  (571.8s)  knn=p  k= 24  dexp=9.25  p_grd=0.396  unc_rem=0.808  unc_rel=0.051  drop=0.44  h=64  L=2  lr=1e-05  wd=0.0005
  [Trial  83] roman-empire_random_0.2 | acc=0.3609  (234.3s)  knn=s  k= 50  dexp=4.22  p_grd=0.459  unc_rem=0.858  unc_rel=0.255  drop=0.29  h=32  L=2  lr=0.01  wd=0.001
  [Trial  84] roman-empire_random_0.2 | acc=0.1386  (234.6s)  knn=s  k= 50  dexp=4.33  p_grd=0.406  unc_rem=0.757  unc_rel=0.236  drop=0.21  h=32  L=2  lr=0.0005  wd=0.05
  [Trial  85] roman-empire_random_0.2 | acc=0.3575  (240.0s)  knn=s  k= 50  dexp=5.63  p_grd=0.459  unc_rem=0.865  unc_rel=0.148  drop=0.24  h=128  L=2  lr=0.01  wd=0.001
  [Trial  86] roman-empire_random_0.2 | acc=0.3822  (508.3s)  knn=d  k= 24  dexp=6.10  p_grd=0.378  unc_rem=0.825  unc_rel=0.352  drop=0.25  h=128  L=2  lr=0.05  wd=0.001
  [Trial  87] roman-empire_random_0.2 | acc=0.3544  (229.2s)  knn=s  k= 50  dexp=4.39  p_grd=0.438  unc_rem=0.865  unc_rel=0.301  drop=0.26  h=32  L=2  lr=0.01  wd=0.001
  [Trial  88] roman-empire_random_0.2 | acc=0.3601  (236.2s)  knn=s  k= 50  dexp=7.77  p_grd=0.429  unc_rem=0.972  unc_rel=0.143  drop=0.32  h=128  L=2  lr=0.01  wd=0.001
  [Trial  89] roman-empire_random_0.2 | acc=0.3754  (186.7s)  knn=s  k= 50  dexp=8.10  p_grd=0.442  unc_rem=0.796  unc_rel=0.232  drop=0.26  h=128  L=2  lr=0.1  wd=0.001
  [Trial  90] roman-empire_random_0.2 | acc=0.3797  (506.8s)  knn=d  k= 24  dexp=6.10  p_grd=0.346  unc_rem=0.824  unc_rel=0.215  drop=0.14  h=128  L=2  lr=0.05  wd=0.001
  [Trial  91] roman-empire_random_0.2 | acc=0.3347  (246.3s)  knn=s  k= 50  dexp=7.31  p_grd=0.436  unc_rem=0.992  unc_rel=0.088  drop=0.36  h=128  L=2  lr=0.01  wd=0.005
  [Trial  92] roman-empire_random_0.2 | acc=0.2612  (609.1s)  knn=d  k= 24  dexp=6.36  p_grd=0.434  unc_rem=0.751  unc_rel=0.571  drop=0.22  h=128  L=3  lr=0.05  wd=0.001
  [Trial  93] roman-empire_random_0.2 | acc=0.3729  (221.2s)  knn=s  k= 55  dexp=7.01  p_grd=0.365  unc_rem=0.737  unc_rel=0.045  drop=0.15  h=128  L=2  lr=0.1  wd=0.001
  [Trial  94] roman-empire_random_0.2 | acc=0.3612  (136.8s)  knn=s  k= 55  dexp=5.10  p_grd=0.262  unc_rem=0.597  unc_rel=0.027  drop=0.19  h=128  L=2  lr=0.1  wd=0.001
  [Trial  95] roman-empire_random_0.2 | acc=0.3700  (188.4s)  knn=s  k= 60  dexp=8.54  p_grd=0.327  unc_rem=0.746  unc_rel=0.066  drop=0.16  h=128  L=2  lr=0.1  wd=0.001
  [Trial  96] roman-empire_random_0.2 | acc=0.3491  (85.9s)  knn=s  k= 60  dexp=5.16  p_grd=0.079  unc_rem=0.418  unc_rel=0.125  drop=0.26  h=128  L=2  lr=0.005  wd=0.001
  [Trial  97] roman-empire_random_0.2 | acc=0.3777  (206.7s)  knn=s  k= 60  dexp=9.78  p_grd=0.357  unc_rem=0.667  unc_rel=0.360  drop=0.18  h=128  L=2  lr=0.1  wd=0.001
  [Trial  98] roman-empire_random_0.2 | acc=0.3823  (349.1s)  knn=p  k= 24  dexp=9.25  p_grd=0.243  unc_rem=0.479  unc_rel=0.307  drop=0.25  h=128  L=2  lr=0.1  wd=0.001
  [Trial  99] roman-empire_random_0.2 | acc=0.3730  (184.3s)  knn=s  k= 60  dexp=9.69  p_grd=0.303  unc_rem=0.616  unc_rel=0.258  drop=0.15  h=16  L=2  lr=0.1  wd=0.001
  [Trial 100] roman-empire_random_0.2 | acc=0.3752  (250.6s)  knn=s  k= 60  dexp=7.91  p_grd=0.387  unc_rem=0.724  unc_rel=0.380  drop=0.23  h=64  L=2  lr=0.1  wd=0.001
  [Trial 101] roman-empire_random_0.2 | acc=0.3340  (244.1s)  knn=s  k= 60  dexp=9.72  p_grd=0.380  unc_rem=0.696  unc_rel=0.399  drop=0.20  h=128  L=1  lr=0.1  wd=0.001
  [Trial 102] roman-empire_random_0.2 | acc=0.3849  (378.9s)  knn=p  k= 24  dexp=9.54  p_grd=0.244  unc_rem=0.414  unc_rel=0.209  drop=0.40  h=128  L=2  lr=0.1  wd=0.001
  [Trial 103] roman-empire_random_0.2 | acc=0.1393  (426.4s)  knn=d  k= 23  dexp=4.31  p_grd=0.302  unc_rem=0.807  unc_rel=0.410  drop=0.29  h=128  L=2  lr=0.05  wd=0.1
  [Trial 104] roman-empire_random_0.2 | acc=0.3889  (479.8s)  knn=p  k= 24  dexp=9.08  p_grd=0.311  unc_rem=0.652  unc_rel=0.325  drop=0.35  h=16  L=2  lr=0.1  wd=0.001
  [Trial 105] roman-empire_random_0.2 | acc=0.1656  (243.3s)  knn=s  k= 60  dexp=9.87  p_grd=0.371  unc_rem=0.526  unc_rel=0.223  drop=0.25  h=16  L=2  lr=0.1  wd=0.05
  [Trial 106] roman-empire_random_0.2 | acc=0.3161  (274.2s)  knn=p  k= 24  dexp=8.23  p_grd=0.148  unc_rem=0.484  unc_rel=0.106  drop=0.45  h=128  L=1  lr=0.1  wd=0.001
  [Trial 107] roman-empire_random_0.2 | acc=0.3860  (477.4s)  knn=p  k= 24  dexp=7.76  p_grd=0.372  unc_rem=0.542  unc_rel=0.346  drop=0.34  h=32  L=2  lr=0.1  wd=0.001
  [Trial 108] roman-empire_random_0.2 | acc=0.3814  (600.6s)  knn=p  k= 22  dexp=8.34  p_grd=0.449  unc_rem=0.649  unc_rel=0.255  drop=0.32  h=32  L=2  lr=0.1  wd=0.001
  [Trial 109] roman-empire_random_0.2 | acc=0.3842  (779.3s)  knn=p  k= 21  dexp=8.20  p_grd=0.299  unc_rem=0.518  unc_rel=0.367  drop=0.40  h=32  L=2  lr=0.1  wd=0.001
  [Trial 110] roman-empire_random_0.2 | acc=0.3897  (529.3s)  knn=p  k= 21  dexp=7.97  p_grd=0.388  unc_rem=0.314  unc_rel=0.278  drop=0.36  h=32  L=2  lr=0.1  wd=0.001
  [Trial 111] roman-empire_random_0.2 | acc=0.3756  (427.1s)  knn=p  k= 20  dexp=6.01  p_grd=0.289  unc_rem=0.499  unc_rel=0.570  drop=0.20  h=32  L=2  lr=0.1  wd=0.001
  [Trial 112] roman-empire_random_0.2 | acc=0.3848  (526.3s)  knn=p  k= 20  dexp=8.91  p_grd=0.376  unc_rem=0.657  unc_rel=0.351  drop=0.43  h=32  L=2  lr=0.1  wd=0.001
  [Trial 113] roman-empire_random_0.2 | acc=0.3800  (547.2s)  knn=p  k= 20  dexp=9.01  p_grd=0.467  unc_rem=0.375  unc_rel=0.555  drop=0.22  h=32  L=2  lr=0.1  wd=0.001
  [Trial 114] roman-empire_random_0.2 | acc=0.4007  (497.2s)  knn=p  k= 20  dexp=8.88  p_grd=0.331  unc_rem=0.755  unc_rel=0.446  drop=0.63  h=32  L=2  lr=0.1  wd=0.001
  [Trial 115] roman-empire_random_0.2 | acc=0.3114  (578.7s)  knn=p  k= 20  dexp=9.99  p_grd=0.444  unc_rem=0.166  unc_rel=0.807  drop=0.17  h=32  L=2  lr=0.1  wd=5e-05
  [Trial 116] roman-empire_random_0.2 | acc=0.3226  (418.5s)  knn=p  k= 20  dexp=9.63  p_grd=0.380  unc_rem=0.204  unc_rel=0.090  drop=0.20  h=32  L=2  lr=0.1  wd=0.0001
  [Trial 117] roman-empire_random_0.2 | acc=0.0355  (533.0s)  knn=p  k= 21  dexp=8.19  p_grd=0.466  unc_rem=0.622  unc_rel=0.172  drop=0.20  h=32  L=2  lr=1e-05  wd=0.001
  [Trial 118] roman-empire_random_0.2 | acc=0.3296  (261.6s)  knn=p  k= 21  dexp=9.20  p_grd=0.145  unc_rem=0.490  unc_rel=0.389  drop=0.19  h=128  L=2  lr=0.1  wd=0.005
  [Trial 119] roman-empire_random_0.2 | acc=0.3574  (500.5s)  knn=p  k= 21  dexp=7.74  p_grd=0.412  unc_rem=0.772  unc_rel=0.574  drop=0.88  h=32  L=2  lr=0.1  wd=0.001
  [Trial 120] roman-empire_random_0.2 | acc=0.1425  (427.3s)  knn=p  k= 23  dexp=8.98  p_grd=0.281  unc_rem=0.318  unc_rel=0.333  drop=0.39  h=32  L=2  lr=0.0001  wd=0.001
  [Trial 121] roman-empire_random_0.2 | acc=0.3588  (394.8s)  knn=p  k= 19  dexp=9.52  p_grd=0.326  unc_rem=0.592  unc_rel=0.202  drop=0.40  h=16  L=1  lr=0.1  wd=5e-05
  [Trial 122] roman-empire_random_0.2 | acc=0.3294  (499.6s)  knn=p  k= 23  dexp=7.82  p_grd=0.403  unc_rem=0.479  unc_rel=0.189  drop=0.46  h=32  L=1  lr=0.1  wd=0.001
  [Trial 123] roman-empire_random_0.2 | acc=0.3865  (655.9s)  knn=d  k= 23  dexp=6.27  p_grd=0.455  unc_rem=0.990  unc_rel=0.335  drop=0.50  h=128  L=2  lr=0.05  wd=0.001
  [Trial 124] roman-empire_random_0.2 | acc=0.3750  (628.2s)  knn=d  k= 23  dexp=7.86  p_grd=0.498  unc_rem=0.916  unc_rel=0.434  drop=0.40  h=32  L=2  lr=0.05  wd=0.001
  [Trial 125] roman-empire_random_0.2 | acc=0.3800  (212.5s)  knn=u  k=-    dexp=6.38  p_grd=0.414  unc_rem=0.799  unc_rel=0.282  drop=0.58  h=128  L=2  lr=0.05  wd=0.001
  [Trial 126] roman-empire_random_0.2 | acc=0.3926  (398.7s)  knn=p  k= 19  dexp=9.81  p_grd=0.327  unc_rem=0.330  unc_rel=0.085  drop=0.51  h=128  L=2  lr=0.1  wd=0.001
  [Trial 127] roman-empire_random_0.2 | acc=0.2431  (417.0s)  knn=p  k= 18  dexp=9.44  p_grd=0.308  unc_rem=0.977  unc_rel=0.317  drop=0.61  h=16  L=3  lr=0.1  wd=0.001
  [Trial 128] roman-empire_random_0.2 | acc=0.3890  (478.9s)  knn=p  k= 19  dexp=8.56  p_grd=0.367  unc_rem=0.517  unc_rel=0.064  drop=0.60  h=128  L=2  lr=0.1  wd=0.001
  [Trial 129] roman-empire_random_0.2 | acc=0.3970  (492.2s)  knn=p  k= 17  dexp=9.31  p_grd=0.412  unc_rem=0.466  unc_rel=0.156  drop=0.64  h=128  L=2  lr=0.1  wd=0.001
  [Trial 130] roman-empire_random_0.2 | acc=0.3884  (466.7s)  knn=p  k= 16  dexp=9.37  p_grd=0.379  unc_rem=0.214  unc_rel=0.185  drop=0.65  h=128  L=2  lr=0.1  wd=0.001
  [Trial 131] roman-empire_random_0.2 | acc=0.3814  (556.1s)  knn=p  k= 17  dexp=8.28  p_grd=0.476  unc_rem=0.237  unc_rel=0.147  drop=0.86  h=128  L=2  lr=0.1  wd=0.001
  [Trial 132] roman-empire_random_0.2 | acc=0.0732  (376.1s)  knn=p  k= 16  dexp=7.36  p_grd=0.289  unc_rem=0.602  unc_rel=0.134  drop=0.62  h=128  L=2  lr=1e-05  wd=0.001
  [Trial 133] roman-empire_random_0.2 | acc=0.3831  (456.6s)  knn=p  k= 17  dexp=9.53  p_grd=0.363  unc_rem=0.346  unc_rel=0.145  drop=0.40  h=128  L=2  lr=0.1  wd=0.001
  [Trial 134] roman-empire_random_0.2 | acc=0.1676  (375.1s)  knn=p  k= 16  dexp=6.19  p_grd=0.300  unc_rem=0.271  unc_rel=0.119  drop=0.53  h=128  L=2  lr=0.1  wd=0.1
  [Trial 135] roman-empire_random_0.2 | acc=0.3359  (287.6s)  knn=p  k= 17  dexp=9.05  p_grd=0.245  unc_rem=0.281  unc_rel=0.111  drop=0.53  h=128  L=2  lr=0.001  wd=0.001
  [Trial 136] roman-empire_random_0.2 | acc=0.2394  (494.7s)  knn=p  k= 18  dexp=8.44  p_grd=0.397  unc_rem=0.145  unc_rel=0.085  drop=0.36  h=128  L=4  lr=0.005  wd=0.001
  [Trial 137] roman-empire_random_0.2 | acc=0.3426  (239.5s)  knn=p  k= 18  dexp=8.45  p_grd=0.185  unc_rem=0.907  unc_rel=0.435  drop=0.37  h=16  L=2  lr=0.005  wd=0.001
  [Trial 138] roman-empire_random_0.2 | acc=0.3782  (200.2s)  knn=u  k=-    dexp=9.00  p_grd=0.410  unc_rem=0.197  unc_rel=0.347  drop=0.47  h=128  L=2  lr=0.1  wd=0.001
  [Trial 139] roman-empire_random_0.2 | acc=0.3796  (376.9s)  knn=p  k= 20  dexp=9.53  p_grd=0.291  unc_rem=0.406  unc_rel=0.114  drop=0.34  h=128  L=2  lr=0.1  wd=0.001
  [Trial 140] roman-empire_random_0.2 | acc=0.3511  (474.1s)  knn=p  k= 13  dexp=8.98  p_grd=0.407  unc_rem=0.322  unc_rel=0.187  drop=0.62  h=128  L=2  lr=0.05  wd=0.0001
  [Trial 141] roman-empire_random_0.2 | acc=0.2938  (501.3s)  knn=p  k= 20  dexp=9.84  p_grd=0.385  unc_rem=0.478  unc_rel=0.038  drop=0.66  h=128  L=3  lr=0.1  wd=0.001
  [Trial 142] roman-empire_random_0.2 | acc=0.1378  (531.5s)  knn=p  k= 24  dexp=7.70  p_grd=0.366  unc_rem=0.760  unc_rel=0.491  drop=0.47  h=32  L=2  lr=0.0005  wd=0.05
  [Trial 143] roman-empire_random_0.2 | acc=0.3671  (517.8s)  knn=d  k= 24  dexp=6.92  p_grd=0.367  unc_rem=0.978  unc_rel=0.276  drop=0.65  h=128  L=2  lr=0.005  wd=0.001
  [Trial 144] roman-empire_random_0.2 | acc=0.3383  (474.4s)  knn=p  k= 21  dexp=8.64  p_grd=0.393  unc_rem=0.413  unc_rel=0.016  drop=0.57  h=16  L=2  lr=0.1  wd=0.0001
  [Trial 145] roman-empire_random_0.2 | acc=0.3855  (553.7s)  knn=d  k= 15  dexp=5.12  p_grd=0.486  unc_rem=0.959  unc_rel=0.440  drop=0.56  h=128  L=2  lr=0.05  wd=0.001
  [Trial 146] roman-empire_random_0.2 | acc=0.0470  (395.5s)  knn=p  k= 13  dexp=7.95  p_grd=0.384  unc_rem=0.190  unc_rel=0.301  drop=0.15  h=128  L=2  lr=1e-05  wd=0.05
  [Trial 147] roman-empire_random_0.2 | acc=0.3554  (461.9s)  knn=d  k= 15  dexp=3.99  p_grd=0.387  unc_rem=0.936  unc_rel=0.456  drop=0.81  h=128  L=2  lr=0.1  wd=5e-05
  [Trial 148] roman-empire_random_0.2 | acc=0.1600  (369.7s)  knn=p  k= 16  dexp=7.80  p_grd=0.288  unc_rem=0.675  unc_rel=0.271  drop=0.38  h=16  L=2  lr=0.1  wd=0.1
  [Trial 149] roman-empire_random_0.2 | acc=0.3868  (578.5s)  knn=d  k= 18  dexp=5.67  p_grd=0.471  unc_rem=0.837  unc_rel=0.641  drop=0.73  h=64  L=2  lr=0.05  wd=0.001
  [Trial 150] roman-empire_random_0.2 | acc=0.3506  (501.3s)  knn=p  k= 17  dexp=4.34  p_grd=0.420  unc_rem=0.797  unc_rel=0.592  drop=0.58  h=64  L=2  lr=0.05  wd=0.005
  [Trial 151] roman-empire_random_0.2 | acc=0.3376  (514.3s)  knn=d  k= 17  dexp=5.33  p_grd=0.468  unc_rem=0.747  unc_rel=0.725  drop=0.79  h=64  L=1  lr=0.05  wd=0.001
  [Trial 152] roman-empire_random_0.2 | acc=0.3789  (341.8s)  knn=d  k= 20  dexp=9.84  p_grd=0.246  unc_rem=0.406  unc_rel=0.223  drop=0.62  h=128  L=2  lr=0.1  wd=0.001
  [Trial 153] roman-empire_random_0.2 | acc=0.3248  (396.8s)  knn=p  k= 19  dexp=9.40  p_grd=0.334  unc_rem=0.396  unc_rel=0.318  drop=0.58  h=32  L=2  lr=0.1  wd=5e-05
  [Trial 154] roman-empire_random_0.2 | acc=0.3651  (498.1s)  knn=d  k= 21  dexp=3.77  p_grd=0.441  unc_rem=0.971  unc_rel=0.443  drop=0.59  h=128  L=2  lr=0.05  wd=0.0005
  [Trial 155] roman-empire_random_0.2 | acc=0.1843  (606.1s)  knn=d  k= 17  dexp=6.01  p_grd=0.496  unc_rem=0.800  unc_rel=0.211  drop=0.51  h=128  L=4  lr=0.05  wd=0.0001
  [Trial 156] roman-empire_random_0.2 | acc=0.3495  (490.3s)  knn=p  k= 24  dexp=7.87  p_grd=0.384  unc_rem=0.644  unc_rel=0.098  drop=0.49  h=128  L=2  lr=0.1  wd=0.005
  [Trial 157] roman-empire_random_0.2 | acc=0.2389  (609.7s)  knn=d  k= 20  dexp=2.54  p_grd=0.428  unc_rem=0.872  unc_rel=0.600  drop=0.56  h=32  L=2  lr=0.0005  wd=0.001
  [Trial 158] roman-empire_random_0.2 | acc=0.1811  (428.9s)  knn=d  k= 14  dexp=7.19  p_grd=0.387  unc_rem=0.560  unc_rel=0.672  drop=0.83  h=64  L=2  lr=0.005  wd=0.05
  [Trial 159] roman-empire_random_0.2 | acc=0.1923  (268.7s)  knn=p  k=  8  dexp=9.78  p_grd=0.231  unc_rem=0.640  unc_rel=0.297  drop=0.67  h=32  L=4  lr=0.1  wd=0.001
  [Trial 160] roman-empire_random_0.2 | acc=0.3917  (595.2s)  knn=d  k= 24  dexp=4.45  p_grd=0.409  unc_rem=0.754  unc_rel=0.726  drop=0.60  h=128  L=2  lr=0.05  wd=0.001
  [Trial 161] roman-empire_random_0.2 | acc=0.3897  (208.3s)  knn=u  k=-    dexp=4.38  p_grd=0.458  unc_rem=0.789  unc_rel=0.536  drop=0.82  h=64  L=2  lr=0.05  wd=0.001
  [Trial 162] roman-empire_random_0.2 | acc=0.3919  (244.6s)  knn=s  k= 20  dexp=5.00  p_grd=0.466  unc_rem=0.901  unc_rel=0.435  drop=0.75  h=64  L=2  lr=0.05  wd=0.001
  [Trial 163] roman-empire_random_0.2 | acc=0.0212  (218.3s)  knn=s  k= 35  dexp=6.94  p_grd=0.366  unc_rem=0.881  unc_rel=0.231  drop=0.69  h=64  L=2  lr=1e-05  wd=0.001
  [Trial 164] roman-empire_random_0.2 | acc=0.3691  (218.1s)  knn=u  k=-    dexp=6.87  p_grd=0.381  unc_rem=0.722  unc_rel=0.931  drop=0.65  h=16  L=2  lr=0.05  wd=0.001
  [Trial 165] roman-empire_random_0.2 | acc=0.3860  (210.6s)  knn=u  k=-    dexp=3.92  p_grd=0.488  unc_rem=0.730  unc_rel=0.346  drop=0.83  h=64  L=2  lr=0.05  wd=0.001
  [Trial 166] roman-empire_random_0.2 | acc=0.3857  (202.8s)  knn=s  k= 30  dexp=2.57  p_grd=0.457  unc_rem=0.729  unc_rel=0.502  drop=0.73  h=64  L=2  lr=0.05  wd=0.001
  [Trial 167] roman-empire_random_0.2 | acc=0.3814  (122.6s)  knn=s  k= 35  dexp=1.30  p_grd=0.358  unc_rem=0.626  unc_rel=0.219  drop=0.72  h=64  L=2  lr=0.1  wd=0.001
  [Trial 168] roman-empire_random_0.2 | acc=0.3822  (178.1s)  knn=s  k= 30  dexp=3.42  p_grd=0.396  unc_rem=0.681  unc_rel=0.697  drop=0.73  h=64  L=2  lr=0.05  wd=0.001
  [Trial 169] roman-empire_random_0.2 | acc=0.3799  (442.5s)  knn=d  k= 24  dexp=5.22  p_grd=0.323  unc_rem=0.644  unc_rel=0.768  drop=0.71  h=128  L=2  lr=0.01  wd=0.001
  [Trial 170] roman-empire_random_0.2 | acc=0.3901  (682.8s)  knn=d  k= 24  dexp=4.12  p_grd=0.493  unc_rem=0.783  unc_rel=0.209  drop=0.68  h=128  L=2  lr=0.05  wd=0.001
  [Trial 171] roman-empire_random_0.2 | acc=0.2144  (205.0s)  knn=u  k=-    dexp=3.67  p_grd=0.455  unc_rem=0.880  unc_rel=0.510  drop=0.89  h=16  L=2  lr=0.05  wd=0.01
  [Trial 172] roman-empire_random_0.2 | acc=0.3772  (196.0s)  knn=u  k=-    dexp=4.92  p_grd=0.275  unc_rem=0.920  unc_rel=0.455  drop=0.71  h=64  L=2  lr=0.05  wd=0.001
  [Trial 173] roman-empire_random_0.2 | acc=0.3867  (636.9s)  knn=d  k= 24  dexp=4.92  p_grd=0.462  unc_rem=0.867  unc_rel=0.675  drop=0.68  h=128  L=2  lr=0.05  wd=0.001
  [Trial 174] roman-empire_random_0.2 | acc=0.3780  (581.5s)  knn=d  k= 24  dexp=0.78  p_grd=0.462  unc_rem=0.870  unc_rel=0.187  drop=0.77  h=128  L=2  lr=0.05  wd=0.001
  [Trial 175] roman-empire_random_0.2 | acc=0.3905  (223.5s)  knn=u  k=-    dexp=2.79  p_grd=0.490  unc_rem=0.686  unc_rel=0.160  drop=0.83  h=64  L=2  lr=0.05  wd=0.001
  [Trial 176] roman-empire_random_0.2 | acc=0.3780  (573.7s)  knn=d  k= 24  dexp=1.99  p_grd=0.415  unc_rem=0.487  unc_rel=0.925  drop=0.38  h=128  L=2  lr=0.05  wd=0.001
  [Trial 177] roman-empire_random_0.2 | acc=0.3541  (198.9s)  knn=u  k=-    dexp=5.52  p_grd=0.499  unc_rem=0.722  unc_rel=0.468  drop=0.89  h=64  L=1  lr=0.05  wd=0.0005
  [Trial 178] roman-empire_random_0.2 | acc=0.3623  (105.3s)  knn=u  k=-    dexp=0.60  p_grd=0.428  unc_rem=0.823  unc_rel=0.796  drop=0.70  h=128  L=2  lr=0.05  wd=0.001
  [Trial 179] roman-empire_random_0.2 | acc=0.3523  (98.2s)  knn=u  k=-    dexp=0.06  p_grd=0.357  unc_rem=0.714  unc_rel=0.425  drop=0.85  h=64  L=2  lr=0.05  wd=0.001
  [Trial 180] roman-empire_random_0.2 | acc=0.3491  (682.4s)  knn=d  k= 24  dexp=6.53  p_grd=0.498  unc_rem=0.831  unc_rel=0.254  drop=0.84  h=64  L=2  lr=0.05  wd=1e-05
  [Trial 181] roman-empire_random_0.2 | acc=0.0706  (646.8s)  knn=d  k= 24  dexp=4.62  p_grd=0.497  unc_rem=0.462  unc_rel=0.387  drop=0.59  h=128  L=2  lr=1e-05  wd=0.001
  [Trial 182] roman-empire_random_0.2 | acc=0.3655  (712.7s)  knn=d  k= 24  dexp=3.63  p_grd=0.479  unc_rem=0.931  unc_rel=0.790  drop=0.60  h=128  L=2  lr=0.005  wd=0.001
  [Trial 183] roman-empire_random_0.2 | acc=0.1423  (617.4s)  knn=d  k= 20  dexp=5.69  p_grd=0.488  unc_rem=0.686  unc_rel=0.857  drop=0.85  h=128  L=2  lr=0.05  wd=0.1
  [Trial 184] roman-empire_random_0.2 | acc=0.1920  (217.4s)  knn=u  k=-    dexp=5.84  p_grd=0.492  unc_rem=0.685  unc_rel=0.781  drop=0.72  h=64  L=2  lr=0.0001  wd=0.001
  [Trial 185] roman-empire_random_0.2 | acc=0.3883  (652.0s)  knn=d  k= 24  dexp=4.49  p_grd=0.443  unc_rem=0.834  unc_rel=0.637  drop=0.65  h=128  L=2  lr=0.05  wd=0.001
  [Trial 186] roman-empire_random_0.2 | acc=0.3910  (216.3s)  knn=u  k=-    dexp=4.12  p_grd=0.487  unc_rem=0.597  unc_rel=0.122  drop=0.77  h=64  L=2  lr=0.05  wd=0.001
  [Trial 187] roman-empire_random_0.2 | acc=0.3857  (203.0s)  knn=u  k=-    dexp=4.51  p_grd=0.473  unc_rem=0.568  unc_rel=0.192  drop=0.78  h=64  L=2  lr=0.05  wd=0.001
  [Trial 188] roman-empire_random_0.2 | acc=0.3711  (224.0s)  knn=u  k=-    dexp=5.26  p_grd=0.280  unc_rem=0.426  unc_rel=0.376  drop=0.41  h=16  L=2  lr=0.1  wd=0.001
  [Trial 189] roman-empire_random_0.2 | acc=0.2198  (598.0s)  knn=p  k= 21  dexp=6.99  p_grd=0.428  unc_rem=0.627  unc_rel=0.611  drop=0.68  h=128  L=4  lr=0.05  wd=0.001
  [Trial 190] roman-empire_random_0.2 | acc=0.3513  (572.8s)  knn=d  k= 21  dexp=6.92  p_grd=0.432  unc_rem=0.891  unc_rel=0.904  drop=0.61  h=64  L=2  lr=0.05  wd=0.0001
  [Trial 191] roman-empire_random_0.2 | acc=0.1890  (407.1s)  knn=p  k= 22  dexp=9.87  p_grd=0.296  unc_rem=0.371  unc_rel=0.432  drop=0.31  h=16  L=4  lr=0.01  wd=0.001
  [Trial 192] roman-empire_random_0.2 | acc=0.3160  (572.7s)  knn=p  k= 24  dexp=9.81  p_grd=0.416  unc_rem=0.623  unc_rel=0.391  drop=0.67  h=128  L=2  lr=0.1  wd=1e-05
  [Trial 193] roman-empire_random_0.2 | acc=0.3107  (618.9s)  knn=d  k= 24  dexp=5.30  p_grd=0.460  unc_rem=0.739  unc_rel=0.583  drop=0.80  h=64  L=2  lr=0.001  wd=0.001
  [Trial 194] roman-empire_random_0.2 | acc=0.3918  (551.7s)  knn=p  k= 24  dexp=6.31  p_grd=0.490  unc_rem=0.921  unc_rel=0.553  drop=0.75  h=64  L=2  lr=0.05  wd=0.001
  [Trial 195] roman-empire_random_0.2 | acc=0.3865  (643.5s)  knn=p  k= 21  dexp=7.85  p_grd=0.386  unc_rem=0.842  unc_rel=0.572  drop=0.66  h=64  L=2  lr=0.05  wd=0.001
  [Trial 196] roman-empire_random_0.2 | acc=0.1666  (686.6s)  knn=d  k= 21  dexp=4.61  p_grd=0.486  unc_rem=0.675  unc_rel=0.227  drop=0.65  h=128  L=2  lr=0.05  wd=0.05
  [Trial 197] roman-empire_random_0.2 | acc=0.2678  (409.4s)  knn=p  k= 21  dexp=8.44  p_grd=0.266  unc_rem=0.726  unc_rel=0.675  drop=0.67  h=64  L=3  lr=0.05  wd=0.001
  [Trial 198] roman-empire_random_0.2 | acc=0.3955  (644.8s)  knn=p  k= 22  dexp=5.78  p_grd=0.497  unc_rem=0.909  unc_rel=0.547  drop=0.80  h=64  L=2  lr=0.05  wd=0.001
  [Trial 199] roman-empire_random_0.2 | acc=0.3769  (557.9s)  knn=p  k= 20  dexp=7.11  p_grd=0.461  unc_rem=0.975  unc_rel=0.446  drop=0.89  h=64  L=2  lr=0.05  wd=0.001
  [Trial 200] roman-empire_random_0.2 | acc=0.3350  (655.7s)  knn=p  k= 21  dexp=2.55  p_grd=0.491  unc_rem=0.991  unc_rel=0.266  drop=0.48  h=64  L=1  lr=0.05  wd=0.001

[Optuna] Optimization done. 200/200 trials completed.

[Retest] (roman-empire_random_0.2) Testing top-5 configs × 10 seeds...

  [Retest] (roman-empire_random_0.2) Config 1/5: (Trial #113, Orig Acc: 0.4007)
           Params: {'knn_mode': 'p', 'k': 20, 'dexp': 8.879539616615325, 'p_grd': 0.33111753905057634, 'unc_rem': 0.7553464326899756, 'unc_rel': 0.4456944505069122, 'dropout': 0.6340954248270307, 'n_hidden': 32, 'n_layer': 2, 'lr': 0.1, 'weight_decay': 0.001}
    [Retest] roman-empire | Config 1 | Run 1/10 | seed=3000 | Acc: 0.3921 | Mean: 0.3921 | Time: 477.8s
    [Retest] roman-empire | Config 1 | Run 2/10 | seed=3001 | Acc: 0.3705 | Mean: 0.3813 | Time: 478.8s
    [Retest] roman-empire | Config 1 | Run 3/10 | seed=3002 | Acc: 0.3668 | Mean: 0.3765 | Time: 506.0s
    [Retest] roman-empire | Config 1 | Run 4/10 | seed=3003 | Acc: 0.3663 | Mean: 0.3739 | Time: 473.6s
    [Retest] roman-empire | Config 1 | Run 5/10 | seed=3004 | Acc: 0.3671 | Mean: 0.3726 | Time: 466.1s
    [Retest] roman-empire | Config 1 | Run 6/10 | seed=3005 | Acc: 0.3746 | Mean: 0.3729 | Time: 429.8s
    [Retest] roman-empire | Config 1 | Run 7/10 | seed=3006 | Acc: 0.3793 | Mean: 0.3738 | Time: 456.9s
    [Retest] roman-empire | Config 1 | Run 8/10 | seed=3007 | Acc: 0.3853 | Mean: 0.3753 | Time: 473.4s
    [Retest] roman-empire | Config 1 | Run 9/10 | seed=3008 | Acc: 0.3764 | Mean: 0.3754 | Time: 431.4s
    [Retest] roman-empire | Config 1 | Run 10/10 | seed=3009 | Acc: 0.3706 | Mean: 0.3749 | Time: 584.3s
  [Retest] Config 1: mean=0.3749 ± 0.0082

  [Retest] (roman-empire_random_0.2) Config 2/5: (Trial #128, Orig Acc: 0.3970)
           Params: {'knn_mode': 'p', 'k': 17, 'dexp': 9.306111885014998, 'p_grd': 0.41217560977770207, 'unc_rem': 0.4664647533610693, 'unc_rel': 0.15635817394164678, 'dropout': 0.6430395715690634, 'n_hidden': 128, 'n_layer': 2, 'lr': 0.1, 'weight_decay': 0.001}
    [Retest] roman-empire | Config 2 | Run 1/10 | seed=3000 | Acc: 0.3876 | Mean: 0.3876 | Time: 472.0s
    [Retest] roman-empire | Config 2 | Run 2/10 | seed=3001 | Acc: 0.3774 | Mean: 0.3825 | Time: 514.1s
    [Retest] roman-empire | Config 2 | Run 3/10 | seed=3002 | Acc: 0.3777 | Mean: 0.3809 | Time: 448.8s
    [Retest] roman-empire | Config 2 | Run 4/10 | seed=3003 | Acc: 0.3660 | Mean: 0.3772 | Time: 442.1s
    [Retest] roman-empire | Config 2 | Run 5/10 | seed=3004 | Acc: 0.3744 | Mean: 0.3766 | Time: 424.7s
    [Retest] roman-empire | Config 2 | Run 6/10 | seed=3005 | Acc: 0.3776 | Mean: 0.3768 | Time: 473.8s
    [Retest] roman-empire | Config 2 | Run 7/10 | seed=3006 | Acc: 0.3683 | Mean: 0.3756 | Time: 499.3s
    [Retest] roman-empire | Config 2 | Run 8/10 | seed=3007 | Acc: 0.3961 | Mean: 0.3781 | Time: 455.0s
    [Retest] roman-empire | Config 2 | Run 9/10 | seed=3008 | Acc: 0.3815 | Mean: 0.3785 | Time: 502.4s
    [Retest] roman-empire | Config 2 | Run 10/10 | seed=3009 | Acc: 0.3801 | Mean: 0.3787 | Time: 354.1s
  [Retest] Config 2: mean=0.3787 ± 0.0083

  [Retest] (roman-empire_random_0.2) Config 3/5: (Trial #197, Orig Acc: 0.3955)
           Params: {'knn_mode': 'p', 'k': 22, 'dexp': 5.7829725366307905, 'p_grd': 0.49660607399383294, 'unc_rem': 0.9088151101484975, 'unc_rel': 0.5465626153812688, 'dropout': 0.79667762869853, 'n_hidden': 64, 'n_layer': 2, 'lr': 0.05, 'weight_decay': 0.001}
    [Retest] roman-empire | Config 3 | Run 1/10 | seed=3000 | Acc: 0.3934 | Mean: 0.3934 | Time: 643.2s
    [Retest] roman-empire | Config 3 | Run 2/10 | seed=3001 | Acc: 0.3764 | Mean: 0.3849 | Time: 652.8s
    [Retest] roman-empire | Config 3 | Run 3/10 | seed=3002 | Acc: 0.3718 | Mean: 0.3805 | Time: 737.5s
    [Retest] roman-empire | Config 3 | Run 4/10 | seed=3003 | Acc: 0.3558 | Mean: 0.3744 | Time: 579.8s
    [Retest] roman-empire | Config 3 | Run 5/10 | seed=3004 | Acc: 0.3792 | Mean: 0.3753 | Time: 565.4s
    [Retest] roman-empire | Config 3 | Run 6/10 | seed=3005 | Acc: 0.3682 | Mean: 0.3741 | Time: 570.4s
    [Retest] roman-empire | Config 3 | Run 7/10 | seed=3006 | Acc: 0.3806 | Mean: 0.3751 | Time: 601.3s
    [Retest] roman-empire | Config 3 | Run 8/10 | seed=3007 | Acc: 0.3885 | Mean: 0.3767 | Time: 730.6s
    [Retest] roman-empire | Config 3 | Run 9/10 | seed=3008 | Acc: 0.3793 | Mean: 0.3770 | Time: 510.1s
    [Retest] roman-empire | Config 3 | Run 10/10 | seed=3009 | Acc: 0.3739 | Mean: 0.3767 | Time: 520.0s
  [Retest] Config 3: mean=0.3767 ± 0.0099

  [Retest] (roman-empire_random_0.2) Config 4/5: (Trial #125, Orig Acc: 0.3926)
           Params: {'knn_mode': 'p', 'k': 19, 'dexp': 9.810752543698516, 'p_grd': 0.3271805953492571, 'unc_rem': 0.3298265482351589, 'unc_rel': 0.08516980708575608, 'dropout': 0.5148378400126397, 'n_hidden': 128, 'n_layer': 2, 'lr': 0.1, 'weight_decay': 0.001}
    [Retest] roman-empire | Config 4 | Run 1/10 | seed=3000 | Acc: 0.3956 | Mean: 0.3956 | Time: 375.3s
    [Retest] roman-empire | Config 4 | Run 2/10 | seed=3001 | Acc: 0.3683 | Mean: 0.3820 | Time: 376.5s
    [Retest] roman-empire | Config 4 | Run 3/10 | seed=3002 | Acc: 0.3670 | Mean: 0.3770 | Time: 446.5s
    [Retest] roman-empire | Config 4 | Run 4/10 | seed=3003 | Acc: 0.3785 | Mean: 0.3774 | Time: 460.0s
    [Retest] roman-empire | Config 4 | Run 5/10 | seed=3004 | Acc: 0.3773 | Mean: 0.3773 | Time: 458.8s
    [Retest] roman-empire | Config 4 | Run 6/10 | seed=3005 | Acc: 0.3720 | Mean: 0.3764 | Time: 412.1s
    [Retest] roman-empire | Config 4 | Run 7/10 | seed=3006 | Acc: 0.3761 | Mean: 0.3764 | Time: 342.9s
    [Retest] roman-empire | Config 4 | Run 8/10 | seed=3007 | Acc: 0.3899 | Mean: 0.3781 | Time: 498.3s
    [Retest] roman-empire | Config 4 | Run 9/10 | seed=3008 | Acc: 0.3696 | Mean: 0.3771 | Time: 448.1s
    [Retest] roman-empire | Config 4 | Run 10/10 | seed=3009 | Acc: 0.3725 | Mean: 0.3767 | Time: 408.9s
  [Retest] Config 4: mean=0.3767 ± 0.0089

  [Retest] (roman-empire_random_0.2) Config 5/5: (Trial #161, Orig Acc: 0.3919)
           Params: {'knn_mode': 's', 'k': 20, 'dexp': 4.997493257727996, 'p_grd': 0.4664988825730399, 'unc_rem': 0.9013402054024512, 'unc_rel': 0.43544454844338726, 'dropout': 0.7538123520543432, 'n_hidden': 64, 'n_layer': 2, 'lr': 0.05, 'weight_decay': 0.001}
    [Retest] roman-empire | Config 5 | Run 1/10 | seed=3000 | Acc: 0.3906 | Mean: 0.3906 | Time: 262.7s
    [Retest] roman-empire | Config 5 | Run 2/10 | seed=3001 | Acc: 0.3693 | Mean: 0.3800 | Time: 277.2s
    [Retest] roman-empire | Config 5 | Run 3/10 | seed=3002 | Acc: 0.3709 | Mean: 0.3769 | Time: 299.4s
    [Retest] roman-empire | Config 5 | Run 4/10 | seed=3003 | Acc: 0.3495 | Mean: 0.3701 | Time: 487.1s
    [Retest] roman-empire | Config 5 | Run 5/10 | seed=3004 | Acc: 0.3726 | Mean: 0.3706 | Time: 228.8s
    [Retest] roman-empire | Config 5 | Run 6/10 | seed=3005 | Acc: 0.3641 | Mean: 0.3695 | Time: 249.1s
    [Retest] roman-empire | Config 5 | Run 7/10 | seed=3006 | Acc: 0.3755 | Mean: 0.3704 | Time: 241.5s
    [Retest] roman-empire | Config 5 | Run 8/10 | seed=3007 | Acc: 0.3812 | Mean: 0.3717 | Time: 243.7s
    [Retest] roman-empire | Config 5 | Run 9/10 | seed=3008 | Acc: 0.3705 | Mean: 0.3716 | Time: 251.6s
    [Retest] roman-empire | Config 5 | Run 10/10 | seed=3009 | Acc: 0.3724 | Mean: 0.3717 | Time: 245.4s
  [Retest] Config 5: mean=0.3717 ± 0.0101

[Optuna] Success: Best config saved to log/hpo_db.json:
         {'knn_mode': 'p', 'k': 17, 'dexp': 9.306111885014998, 'p_grd': 0.41217560977770207, 'unc_rem': 0.4664647533610693, 'unc_rel': 0.15635817394164678, 'dropout': 0.6430395715690634, 'n_hidden': 128, 'n_layer': 2, 'lr': 0.1, 'weight_decay': 0.001}
[Optuna] Success: Best retest mean accuracy: 0.3787
[Optuna] Success: Done marker: ./log/nni_done\lnpcc_roman-empire_random_0.2.done
  [HPO] Done marker saved: ./log/nni_done\lnpcc_roman-empire_random_0.2.done
[total_exp] --hpo_only: skipping benchmark runs.
[worker] OK DONE  hpo_roman-empire_random_0.2  gpu=0  1568.8 min  rc=0
