[worker] START  lnpcc_blogcatalog_clean  gpu=0
======================================================================
GCN + LN-PCC -- NoisyGL Benchmark (Unified)
Start          : 2026-04-21 15:17:41
Variants       : ['lnpcc']
Datasets       : ['blogcatalog']
Noise          : [[0.0, 'clean']]
Runs           : 10  (seeds 3000..3009)
Device         : cuda:0
======================================================================
[HPO] Loaded 160 optimized scenarios from log/hpo_db.json
----Data statistics------'
                Name: blogcatalog
                #Nodes 5196
                #Edges 171743
                #Classes 6
                #Ave_degree 66.11
----Split statistics------'
                #Train samples 259 (5.0 % of nodes)
                #Val samples 779 (15.0 % of nodes)
                #Test samples 4158 (remaining)

============================================================
  lnpcc | blogcatalog | clean 0.0
============================================================
  [HPO] Applying optimized params for blogcatalog_clean_0.0
    [15:18:10] blogcatalog | clean 0.0 | lnpcc | run  1/10 | seed=3000 | acc=0.7557 | mean=0.7557 | time=27.66s
  [HPO] Applying optimized params for blogcatalog_clean_0.0
    [15:18:41] blogcatalog | clean 0.0 | lnpcc | run  2/10 | seed=3001 | acc=0.7439 | mean=0.7498 | time=27.68s
  [HPO] Applying optimized params for blogcatalog_clean_0.0
    [15:19:16] blogcatalog | clean 0.0 | lnpcc | run  3/10 | seed=3002 | acc=0.7297 | mean=0.7431 | time=32.06s
  [HPO] Applying optimized params for blogcatalog_clean_0.0
    [15:19:53] blogcatalog | clean 0.0 | lnpcc | run  4/10 | seed=3003 | acc=0.7475 | mean=0.7442 | time=30.86s
  [HPO] Applying optimized params for blogcatalog_clean_0.0
    [15:20:26] blogcatalog | clean 0.0 | lnpcc | run  5/10 | seed=3004 | acc=0.7552 | mean=0.7464 | time=30.40s
  [HPO] Applying optimized params for blogcatalog_clean_0.0
    [15:20:53] blogcatalog | clean 0.0 | lnpcc | run  6/10 | seed=3005 | acc=0.7508 | mean=0.7471 | time=24.53s
  [HPO] Applying optimized params for blogcatalog_clean_0.0
    [15:21:25] blogcatalog | clean 0.0 | lnpcc | run  7/10 | seed=3006 | acc=0.7583 | mean=0.7487 | time=30.92s
  [HPO] Applying optimized params for blogcatalog_clean_0.0
    [15:21:56] blogcatalog | clean 0.0 | lnpcc | run  8/10 | seed=3007 | acc=0.7537 | mean=0.7493 | time=28.53s
  [HPO] Applying optimized params for blogcatalog_clean_0.0
    [15:22:23] blogcatalog | clean 0.0 | lnpcc | run  9/10 | seed=3008 | acc=0.7525 | mean=0.7497 | time=24.37s
  [HPO] Applying optimized params for blogcatalog_clean_0.0
    [15:22:53] blogcatalog | clean 0.0 | lnpcc | run 10/10 | seed=3009 | acc=0.7403 | mean=0.7487 | time=25.16s
  -> mean=0.7487 +/- 0.0083

[OK] Partial CSV: ./log\partial\partial_lnpcc_blogcatalog_clean.csv
End: 2026-04-21 15:22:53

[worker] OK DONE  lnpcc_blogcatalog_clean  gpu=0  5.4 min  rc=0
