[worker] START  lnpcc_amazoncom_pair_0.1  gpu=0
 [Worker-97856] CRITICAL: Unable to allocate 83.1 MiB for an array with shape (13752, 6335) and data type bool
Traceback (most recent call last):
  File "C:\Users\fbrev\Documents\Acadêmico\Simulações\Python\NoisyGL\predictor\LNPCC_Predictor.py", line 492, in run_pcc_thread
    neib_list, neib_qt = build_augmented_graph(
                         ^^^^^^^^^^^^^^^^^^^^^^
  File "C:\Users\fbrev\Documents\Acadêmico\Simulações\Python\GCN+LNPCC\lnpcc_graph.py", line 339, in build_augmented_graph
    & (neib_list_knn >= 0)
       ^^^^^^^^^^^^^^^^^^
numpy.core._exceptions._ArrayMemoryError: Unable to allocate 83.1 MiB for an array with shape (13752, 6335) and data type bool

======================================================================
GCN + LN-PCC -- NoisyGL Benchmark (Unified)
Start          : 2026-04-21 14:02:25
Variants       : ['lnpcc']
Datasets       : ['amazoncom']
Noise          : [[0.1, 'pair']]
Runs           : 10  (seeds 3000..3009)
Device         : cuda:0
======================================================================
[HPO] Loaded 160 optimized scenarios from log/hpo_db.json
----Data statistics------'
                Name: amazoncom
                #Nodes 13752
                #Edges 245861
                #Classes 10
                #Ave_degree 35.76
----Split statistics------'
                #Train samples 200 (20 nodes per class)
                #Val samples 500 (specified)
                #Test samples 1000 (specified)

============================================================
  lnpcc | amazoncom | pair 0.1
============================================================
  [HPO] Applying optimized params for amazoncom_pair_0.1
  run  1/10 attempt 1 | seed=3000 | ERROR: Subprocess exception:
Unable to allocate 83.1 MiB for an array with shape (13752, 6335) and data type bool
Traceback (most recent call last):
  File "C:\Users\fbrev\Documents\Acadêmico\Simulações\Python\NoisyGL\predictor\LNPCC_Predictor.py", line 492, in run_pcc_thread
    neib_list, neib_qt = build_augmented_graph(
                         ^^^^^^^^^^^^^^^^^^^^^^
  File "C:\Users\fbrev\Documents\Acadêmico\Simulações\Python\GCN+LNPCC\lnpcc_graph.py", line 339, in build_augmented_graph
    & (neib_list_knn >= 0)
       ^^^^^^^^^^^^^^^^^^
numpy.core._exceptions._ArrayMemoryError: Unable to allocate 83.1 MiB for an array with shape (13752, 6335) and data type bool
 — retrying...
  [HPO] Applying optimized params for amazoncom_pair_0.1
    [14:04:17] amazoncom | pair 0.1 | lnpcc | run  1/10 | seed=3001 | acc=0.8030 | mean=0.8030 | time=84.42s
  [HPO] Applying optimized params for amazoncom_pair_0.1
    [14:05:27] amazoncom | pair 0.1 | lnpcc | run  2/10 | seed=3002 | acc=0.7580 | mean=0.7805 | time=69.06s
  [HPO] Applying optimized params for amazoncom_pair_0.1
    [14:06:21] amazoncom | pair 0.1 | lnpcc | run  3/10 | seed=3003 | acc=0.7990 | mean=0.7867 | time=50.78s
  [HPO] Applying optimized params for amazoncom_pair_0.1
    [14:07:33] amazoncom | pair 0.1 | lnpcc | run  4/10 | seed=3004 | acc=0.8180 | mean=0.7945 | time=70.94s
  [HPO] Applying optimized params for amazoncom_pair_0.1
    [14:08:49] amazoncom | pair 0.1 | lnpcc | run  5/10 | seed=3005 | acc=0.8070 | mean=0.7970 | time=73.02s
  [HPO] Applying optimized params for amazoncom_pair_0.1
    [14:10:18] amazoncom | pair 0.1 | lnpcc | run  6/10 | seed=3006 | acc=0.8250 | mean=0.8017 | time=86.12s
  [HPO] Applying optimized params for amazoncom_pair_0.1
    [14:11:55] amazoncom | pair 0.1 | lnpcc | run  7/10 | seed=3007 | acc=0.8130 | mean=0.8033 | time=92.17s
  [HPO] Applying optimized params for amazoncom_pair_0.1
    [14:13:24] amazoncom | pair 0.1 | lnpcc | run  8/10 | seed=3008 | acc=0.8170 | mean=0.8050 | time=86.19s
  [HPO] Applying optimized params for amazoncom_pair_0.1
    [14:14:42] amazoncom | pair 0.1 | lnpcc | run  9/10 | seed=3009 | acc=0.8170 | mean=0.8063 | time=71.24s
  [HPO] Applying optimized params for amazoncom_pair_0.1
    [14:16:03] amazoncom | pair 0.1 | lnpcc | run 10/10 | seed=3010 | acc=0.7990 | mean=0.8056 | time=77.08s
  -> mean=0.8056 +/- 0.0179

[OK] Partial CSV: ./log\partial\partial_lnpcc_amazoncom_pair_0.1.csv
End: 2026-04-21 14:16:03

[worker] OK DONE  lnpcc_amazoncom_pair_0.1  gpu=0  13.8 min  rc=0
