[worker] START  hpo_cora_uniform_0.2  gpu=0
======================================================================
GCN + LN-PCC -- NoisyGL Benchmark (Unified)
Start          : 2026-04-20 23:39:22
Variants       : ['lnpcc']
Datasets       : ['cora']
Noise          : [[0.2, 'uniform']]
Runs           : 10  (seeds 3000..3009)
Device         : cuda:0
======================================================================

[HPO] Optimizing lnpcc on cora_uniform_0.2 (max_trials=200, max_k_same=60)

[Optuna] Scenario: cora_uniform_0.2  (max_trials=200, startup=20)
  [Trial   1] cora_uniform_0.2 | acc=0.4600  (50.3s)  knn=d  k= 14  dexp=7.40  p_grd=0.421  unc_rem=0.161  unc_rel=0.537  drop=0.52  h=128  L=3  lr=0.1  wd=0.05
  [Trial   2] cora_uniform_0.2 | acc=0.1770  (32.4s)  knn=d  k= 17  dexp=0.88  p_grd=0.193  unc_rem=0.850  unc_rel=0.092  drop=0.89  h=128  L=3  lr=1e-05  wd=0.1
  [Trial   3] cora_uniform_0.2 | acc=0.1250  (36.3s)  knn=s  k= 60  dexp=4.63  p_grd=0.375  unc_rem=0.959  unc_rel=0.839  drop=0.11  h=16  L=4  lr=1e-05  wd=0.1
  [Trial   4] cora_uniform_0.2 | acc=0.7410  (28.3s)  knn=s  k= 20  dexp=3.86  p_grd=0.215  unc_rem=0.881  unc_rel=0.612  drop=0.58  h=32  L=3  lr=0.005  wd=0.001
  [Trial   5] cora_uniform_0.2 | acc=0.7410  (27.1s)  knn=u  k=-    dexp=8.18  p_grd=0.344  unc_rem=0.346  unc_rel=0.828  drop=0.50  h=64  L=4  lr=0.001  wd=0.001
  [Trial   6] cora_uniform_0.2 | acc=0.6970  (23.8s)  knn=s  k= 60  dexp=9.63  p_grd=0.431  unc_rem=0.779  unc_rel=0.683  drop=0.44  h=32  L=1  lr=0.1  wd=0.01
  [Trial   7] cora_uniform_0.2 | acc=0.2570  (30.7s)  knn=d  k= 22  dexp=8.98  p_grd=0.186  unc_rem=0.562  unc_rel=0.930  drop=0.36  h=32  L=3  lr=0.0001  wd=0.005
  [Trial   8] cora_uniform_0.2 | acc=0.7350  (32.1s)  knn=d  k= 15  dexp=2.27  p_grd=0.167  unc_rem=0.876  unc_rel=0.021  drop=0.20  h=128  L=3  lr=0.1  wd=0.005
  [Trial   9] cora_uniform_0.2 | acc=0.7480  (31.8s)  knn=p  k= 21  dexp=7.05  p_grd=0.405  unc_rem=0.819  unc_rel=0.209  drop=0.56  h=32  L=2  lr=0.01  wd=1e-05
  [Trial  10] cora_uniform_0.2 | acc=0.7810  (45.8s)  knn=d  k= 23  dexp=5.37  p_grd=0.494  unc_rem=0.196  unc_rel=0.286  drop=0.68  h=64  L=3  lr=0.05  wd=0.005
  [Trial  11] cora_uniform_0.2 | acc=0.6280  (27.7s)  knn=s  k= 10  dexp=6.60  p_grd=0.444  unc_rem=0.958  unc_rel=0.876  drop=0.66  h=16  L=4  lr=0.05  wd=1e-05
  [Trial  12] cora_uniform_0.2 | acc=0.7350  (23.4s)  knn=u  k=-    dexp=8.76  p_grd=0.091  unc_rem=0.305  unc_rel=0.438  drop=0.14  h=64  L=3  lr=0.001  wd=0.0001
  [Trial  13] cora_uniform_0.2 | acc=0.1850  (24.5s)  knn=p  k=  9  dexp=7.90  p_grd=0.228  unc_rem=0.196  unc_rel=0.065  drop=0.88  h=16  L=4  lr=0.1  wd=0.005
  [Trial  14] cora_uniform_0.2 | acc=0.6890  (24.7s)  knn=s  k= 20  dexp=4.82  p_grd=0.311  unc_rem=0.084  unc_rel=0.251  drop=0.17  h=32  L=2  lr=0.0005  wd=0.005
  [Trial  15] cora_uniform_0.2 | acc=0.4080  (30.6s)  knn=d  k=  5  dexp=1.73  p_grd=0.294  unc_rem=0.145  unc_rel=0.870  drop=0.67  h=32  L=1  lr=0.0001  wd=0.001
  [Trial  16] cora_uniform_0.2 | acc=0.2140  (30.9s)  knn=p  k= 15  dexp=1.15  p_grd=0.289  unc_rem=0.335  unc_rel=0.495  drop=0.39  h=64  L=4  lr=1e-05  wd=0.0005
  [Trial  17] cora_uniform_0.2 | acc=0.7250  (31.8s)  knn=p  k= 10  dexp=8.27  p_grd=0.189  unc_rem=0.042  unc_rel=0.304  drop=0.53  h=32  L=4  lr=0.005  wd=0.005
  [Trial  18] cora_uniform_0.2 | acc=0.7820  (32.6s)  knn=d  k=  3  dexp=2.21  p_grd=0.206  unc_rem=0.616  unc_rel=0.167  drop=0.40  h=64  L=3  lr=0.005  wd=0.01
  [Trial  19] cora_uniform_0.2 | acc=0.6120  (31.8s)  knn=p  k= 13  dexp=3.83  p_grd=0.476  unc_rem=0.774  unc_rel=0.043  drop=0.57  h=128  L=1  lr=0.001  wd=5e-05
  [Trial  20] cora_uniform_0.2 | acc=0.7290  (22.7s)  knn=u  k=-    dexp=6.93  p_grd=0.170  unc_rem=0.841  unc_rel=0.089  drop=0.61  h=16  L=2  lr=0.01  wd=5e-05
  [Trial  21] cora_uniform_0.2 | acc=0.6850  (26.1s)  knn=d  k=  1  dexp=6.37  p_grd=0.467  unc_rem=0.079  unc_rel=0.067  drop=0.82  h=16  L=3  lr=0.05  wd=0.005
  [Trial  22] cora_uniform_0.2 | acc=0.7130  (26.2s)  knn=p  k= 24  dexp=8.50  p_grd=0.268  unc_rem=0.954  unc_rel=0.078  drop=0.64  h=32  L=2  lr=0.01  wd=1e-05
  [Trial  23] cora_uniform_0.2 | acc=0.6240  (26.5s)  knn=d  k= 24  dexp=3.19  p_grd=0.258  unc_rem=0.795  unc_rel=0.148  drop=0.46  h=64  L=1  lr=0.005  wd=0.0001
  [Trial  24] cora_uniform_0.2 | acc=0.5690  (26.7s)  knn=d  k=  2  dexp=7.06  p_grd=0.489  unc_rem=0.137  unc_rel=0.309  drop=0.36  h=64  L=3  lr=0.0001  wd=0.005
  [Trial  25] cora_uniform_0.2 | acc=0.1810  (39.1s)  knn=d  k= 24  dexp=2.75  p_grd=0.243  unc_rem=0.670  unc_rel=0.031  drop=0.34  h=16  L=3  lr=0.0001  wd=0.01
  [Trial  26] cora_uniform_0.2 | acc=0.7440  (36.8s)  knn=p  k=  5  dexp=7.68  p_grd=0.499  unc_rem=0.999  unc_rel=0.218  drop=0.22  h=32  L=2  lr=0.005  wd=1e-05
  [Trial  27] cora_uniform_0.2 | acc=0.7380  (29.2s)  knn=s  k= 20  dexp=3.55  p_grd=0.468  unc_rem=0.249  unc_rel=0.057  drop=0.82  h=64  L=2  lr=0.05  wd=0.0001
  [Trial  28] cora_uniform_0.2 | acc=0.7620  (31.7s)  knn=s  k= 45  dexp=5.10  p_grd=0.480  unc_rem=0.194  unc_rel=0.506  drop=0.81  h=64  L=3  lr=0.005  wd=5e-05
  [Trial  29] cora_uniform_0.2 | acc=0.7460  (28.3s)  knn=s  k= 40  dexp=2.23  p_grd=0.379  unc_rem=0.053  unc_rel=0.551  drop=0.72  h=64  L=3  lr=0.005  wd=5e-05
  [Trial  30] cora_uniform_0.2 | acc=0.7520  (32.9s)  knn=p  k= 24  dexp=7.08  p_grd=0.452  unc_rem=0.070  unc_rel=0.773  drop=0.81  h=64  L=2  lr=0.005  wd=5e-05
  [Trial  31] cora_uniform_0.2 | acc=0.7140  (28.3s)  knn=u  k=-    dexp=3.13  p_grd=0.439  unc_rem=0.029  unc_rel=0.429  drop=0.50  h=64  L=4  lr=0.05  wd=0.005
  [Trial  32] cora_uniform_0.2 | acc=0.7530  (26.9s)  knn=p  k= 24  dexp=8.09  p_grd=0.378  unc_rem=0.180  unc_rel=0.661  drop=0.67  h=64  L=2  lr=0.005  wd=5e-05
  [Trial  33] cora_uniform_0.2 | acc=0.1840  (28.9s)  knn=s  k= 45  dexp=4.94  p_grd=0.462  unc_rem=0.523  unc_rel=0.533  drop=0.86  h=128  L=3  lr=0.005  wd=0.1
  [Trial  34] cora_uniform_0.2 | acc=0.7600  (31.5s)  knn=d  k= 24  dexp=2.32  p_grd=0.275  unc_rem=0.568  unc_rel=0.335  drop=0.63  h=64  L=3  lr=0.0005  wd=0.01
  [Trial  35] cora_uniform_0.2 | acc=0.6300  (28.1s)  knn=d  k= 24  dexp=1.48  p_grd=0.264  unc_rem=0.429  unc_rel=0.175  drop=0.57  h=64  L=1  lr=0.0005  wd=0.01
  [Trial  36] cora_uniform_0.2 | acc=0.6490  (26.3s)  knn=d  k= 24  dexp=2.56  p_grd=0.142  unc_rem=0.715  unc_rel=0.434  drop=0.85  h=64  L=3  lr=0.0005  wd=5e-05
  [Trial  37] cora_uniform_0.2 | acc=0.7640  (33.1s)  knn=d  k= 24  dexp=4.18  p_grd=0.457  unc_rem=0.027  unc_rel=0.451  drop=0.76  h=64  L=2  lr=0.0005  wd=0.005
  [Trial  38] cora_uniform_0.2 | acc=0.7570  (26.6s)  knn=u  k=-    dexp=0.98  p_grd=0.165  unc_rem=0.350  unc_rel=0.202  drop=0.27  h=64  L=3  lr=0.005  wd=0.01
  [Trial  39] cora_uniform_0.2 | acc=0.1310  (25.7s)  knn=d  k=  1  dexp=4.28  p_grd=0.462  unc_rem=0.208  unc_rel=0.503  drop=0.76  h=64  L=3  lr=1e-05  wd=0.0001
  [Trial  40] cora_uniform_0.2 | acc=0.7190  (29.4s)  knn=d  k= 24  dexp=4.44  p_grd=0.354  unc_rem=0.018  unc_rel=0.552  drop=0.77  h=16  L=2  lr=0.0005  wd=0.0001
  [Trial  41] cora_uniform_0.2 | acc=0.6430  (27.9s)  knn=s  k=  5  dexp=7.01  p_grd=0.494  unc_rem=0.237  unc_rel=0.564  drop=0.49  h=64  L=3  lr=0.05  wd=0.05
  [Trial  42] cora_uniform_0.2 | acc=0.7580  (30.4s)  knn=u  k=-    dexp=5.36  p_grd=0.469  unc_rem=0.095  unc_rel=0.624  drop=0.87  h=64  L=2  lr=0.0005  wd=0.005
  [Trial  43] cora_uniform_0.2 | acc=0.2040  (36.1s)  knn=d  k= 24  dexp=2.47  p_grd=0.258  unc_rem=0.645  unc_rel=0.406  drop=0.37  h=64  L=3  lr=0.05  wd=0.1
  [Trial  44] cora_uniform_0.2 | acc=0.7280  (32.8s)  knn=d  k= 24  dexp=7.13  p_grd=0.470  unc_rem=0.013  unc_rel=0.437  drop=0.83  h=64  L=4  lr=0.0005  wd=1e-05
  [Trial  45] cora_uniform_0.2 | acc=0.5810  (33.7s)  knn=s  k= 50  dexp=6.57  p_grd=0.385  unc_rem=0.247  unc_rel=0.585  drop=0.87  h=64  L=3  lr=0.1  wd=5e-05
  [Trial  46] cora_uniform_0.2 | acc=0.7170  (34.4s)  knn=d  k= 19  dexp=3.42  p_grd=0.477  unc_rem=0.048  unc_rel=0.448  drop=0.76  h=64  L=2  lr=0.0001  wd=0.0005
  [Trial  47] cora_uniform_0.2 | acc=0.7510  (33.4s)  knn=d  k= 24  dexp=1.96  p_grd=0.465  unc_rem=0.178  unc_rel=0.412  drop=0.58  h=128  L=2  lr=0.001  wd=0.005
  [Trial  48] cora_uniform_0.2 | acc=0.6280  (26.9s)  knn=d  k= 24  dexp=2.65  p_grd=0.430  unc_rem=0.040  unc_rel=0.453  drop=0.77  h=32  L=1  lr=0.0005  wd=0.005
  [Trial  49] cora_uniform_0.2 | acc=0.7350  (24.2s)  knn=d  k= 19  dexp=5.61  p_grd=0.162  unc_rem=0.340  unc_rel=0.135  drop=0.45  h=64  L=3  lr=0.005  wd=0.01
  [Trial  50] cora_uniform_0.2 | acc=0.7650  (37.1s)  knn=d  k= 24  dexp=5.58  p_grd=0.464  unc_rem=0.391  unc_rel=0.577  drop=0.78  h=64  L=3  lr=0.05  wd=0.005
  [Trial  51] cora_uniform_0.2 | acc=0.7470  (33.7s)  knn=d  k= 24  dexp=5.20  p_grd=0.405  unc_rem=0.380  unc_rel=0.659  drop=0.69  h=64  L=3  lr=0.05  wd=0.005
  [Trial  52] cora_uniform_0.2 | acc=0.7690  (30.7s)  knn=d  k= 24  dexp=2.08  p_grd=0.278  unc_rem=0.772  unc_rel=0.389  drop=0.70  h=64  L=3  lr=0.005  wd=0.01
  [Trial  53] cora_uniform_0.2 | acc=0.0960  (36.5s)  knn=p  k= 20  dexp=2.88  p_grd=0.340  unc_rem=0.841  unc_rel=0.671  drop=0.76  h=64  L=3  lr=1e-05  wd=0.01
  [Trial  54] cora_uniform_0.2 | acc=0.4960  (29.2s)  knn=u  k=-    dexp=3.89  p_grd=0.466  unc_rem=0.446  unc_rel=0.098  drop=0.78  h=64  L=3  lr=0.0001  wd=0.005
  [Trial  55] cora_uniform_0.2 | acc=0.7840  (35.6s)  knn=u  k=-    dexp=2.20  p_grd=0.313  unc_rem=0.873  unc_rel=0.356  drop=0.85  h=64  L=3  lr=0.005  wd=0.01
  [Trial  56] cora_uniform_0.2 | acc=0.7570  (26.4s)  knn=u  k=-    dexp=2.21  p_grd=0.211  unc_rem=0.918  unc_rel=0.519  drop=0.76  h=64  L=3  lr=0.005  wd=0.01
  [Trial  57] cora_uniform_0.2 | acc=0.7910  (28.5s)  knn=u  k=-    dexp=3.04  p_grd=0.349  unc_rem=0.733  unc_rel=0.025  drop=0.78  h=128  L=4  lr=0.005  wd=0.01
  [Trial  58] cora_uniform_0.2 | acc=0.7420  (30.3s)  knn=u  k=-    dexp=3.23  p_grd=0.464  unc_rem=0.769  unc_rel=0.035  drop=0.73  h=128  L=4  lr=0.005  wd=0.01
  [Trial  59] cora_uniform_0.2 | acc=0.2370  (28.2s)  knn=d  k= 18  dexp=0.54  p_grd=0.197  unc_rem=0.718  unc_rel=0.234  drop=0.25  h=64  L=2  lr=1e-05  wd=0.01
  [Trial  60] cora_uniform_0.2 | acc=0.6950  (21.8s)  knn=u  k=-    dexp=2.27  p_grd=0.231  unc_rem=0.651  unc_rel=0.162  drop=0.60  h=128  L=1  lr=0.01  wd=0.01
  [Trial  61] cora_uniform_0.2 | acc=0.7460  (30.6s)  knn=d  k=  6  dexp=3.10  p_grd=0.351  unc_rem=0.884  unc_rel=0.464  drop=0.82  h=32  L=3  lr=0.005  wd=1e-05
  [Trial  62] cora_uniform_0.2 | acc=0.5880  (25.2s)  knn=u  k=-    dexp=4.46  p_grd=0.248  unc_rem=0.639  unc_rel=0.336  drop=0.82  h=16  L=4  lr=0.005  wd=0.01
  [Trial  63] cora_uniform_0.2 | acc=0.7440  (24.5s)  knn=u  k=-    dexp=3.32  p_grd=0.265  unc_rem=0.777  unc_rel=0.137  drop=0.70  h=128  L=4  lr=0.001  wd=1e-05
  [Trial  64] cora_uniform_0.2 | acc=0.7630  (26.4s)  knn=u  k=-    dexp=2.28  p_grd=0.408  unc_rem=0.954  unc_rel=0.059  drop=0.70  h=64  L=2  lr=0.1  wd=0.01
  [Trial  65] cora_uniform_0.2 | acc=0.6570  (26.8s)  knn=d  k= 21  dexp=0.59  p_grd=0.190  unc_rem=0.686  unc_rel=0.282  drop=0.40  h=64  L=3  lr=0.005  wd=1e-05
  [Trial  66] cora_uniform_0.2 | acc=0.6710  (30.3s)  knn=d  k= 20  dexp=5.16  p_grd=0.494  unc_rem=0.195  unc_rel=0.082  drop=0.76  h=64  L=1  lr=0.05  wd=0.005
  [Trial  67] cora_uniform_0.2 | acc=0.2370  (39.8s)  knn=d  k= 21  dexp=0.89  p_grd=0.340  unc_rem=0.603  unc_rel=0.027  drop=0.83  h=128  L=4  lr=0.005  wd=0.1
  [Trial  68] cora_uniform_0.2 | acc=0.1390  (22.8s)  knn=u  k=-    dexp=1.64  p_grd=0.311  unc_rem=0.506  unc_rel=0.027  drop=0.69  h=32  L=4  lr=1e-05  wd=0.01
  [Trial  69] cora_uniform_0.2 | acc=0.7430  (26.5s)  knn=d  k=  3  dexp=2.94  p_grd=0.425  unc_rem=0.048  unc_rel=0.339  drop=0.80  h=64  L=2  lr=0.0005  wd=0.005
  [Trial  70] cora_uniform_0.2 | acc=0.7800  (31.9s)  knn=u  k=-    dexp=3.43  p_grd=0.334  unc_rem=0.839  unc_rel=0.204  drop=0.83  h=64  L=3  lr=0.01  wd=0.001
  [Trial  71] cora_uniform_0.2 | acc=0.7740  (28.7s)  knn=u  k=-    dexp=3.31  p_grd=0.425  unc_rem=0.830  unc_rel=0.434  drop=0.82  h=64  L=3  lr=0.01  wd=0.001
  [Trial  72] cora_uniform_0.2 | acc=0.7900  (33.2s)  knn=d  k=  9  dexp=3.83  p_grd=0.328  unc_rem=0.628  unc_rel=0.517  drop=0.75  h=64  L=3  lr=0.01  wd=0.001
  [Trial  73] cora_uniform_0.2 | acc=0.7790  (26.7s)  knn=u  k=-    dexp=3.40  p_grd=0.494  unc_rem=0.836  unc_rel=0.396  drop=0.55  h=64  L=3  lr=0.01  wd=0.001
  [Trial  74] cora_uniform_0.2 | acc=0.7750  (31.7s)  knn=u  k=-    dexp=4.02  p_grd=0.365  unc_rem=0.847  unc_rel=0.318  drop=0.40  h=64  L=3  lr=0.01  wd=0.001
  [Trial  75] cora_uniform_0.2 | acc=0.7610  (32.4s)  knn=u  k=-    dexp=3.55  p_grd=0.384  unc_rem=0.991  unc_rel=0.335  drop=0.40  h=64  L=3  lr=0.01  wd=0.0001
  [Trial  76] cora_uniform_0.2 | acc=0.7110  (31.3s)  knn=d  k= 11  dexp=5.80  p_grd=0.272  unc_rem=0.833  unc_rel=0.575  drop=0.55  h=64  L=3  lr=0.01  wd=0.05
  [Trial  77] cora_uniform_0.2 | acc=0.6710  (32.4s)  knn=d  k=  9  dexp=2.92  p_grd=0.379  unc_rem=0.597  unc_rel=0.431  drop=0.89  h=16  L=3  lr=0.01  wd=0.001
  [Trial  78] cora_uniform_0.2 | acc=0.7670  (29.2s)  knn=u  k=-    dexp=5.17  p_grd=0.245  unc_rem=0.612  unc_rel=0.371  drop=0.43  h=64  L=3  lr=0.01  wd=0.001
  [Trial  79] cora_uniform_0.2 | acc=0.7200  (25.6s)  knn=u  k=-    dexp=2.07  p_grd=0.439  unc_rem=0.978  unc_rel=0.204  drop=0.36  h=16  L=3  lr=0.005  wd=0.001
  [Trial  80] cora_uniform_0.2 | acc=0.7450  (37.5s)  knn=d  k= 13  dexp=4.50  p_grd=0.499  unc_rem=0.227  unc_rel=0.292  drop=0.47  h=32  L=3  lr=0.05  wd=0.0001
  [Trial  81] cora_uniform_0.2 | acc=0.7420  (27.8s)  knn=d  k=  8  dexp=6.37  p_grd=0.290  unc_rem=0.703  unc_rel=0.573  drop=0.82  h=64  L=2  lr=0.1  wd=0.001
  [Trial  82] cora_uniform_0.2 | acc=0.7510  (26.4s)  knn=u  k=-    dexp=3.32  p_grd=0.426  unc_rem=0.973  unc_rel=0.404  drop=0.90  h=64  L=3  lr=0.01  wd=0.001
  [Trial  83] cora_uniform_0.2 | acc=0.7690  (27.4s)  knn=s  k= 35  dexp=3.21  p_grd=0.279  unc_rem=0.648  unc_rel=0.219  drop=0.72  h=64  L=3  lr=0.01  wd=0.001
  [Trial  84] cora_uniform_0.2 | acc=0.6580  (23.8s)  knn=u  k=-    dexp=5.45  p_grd=0.408  unc_rem=0.795  unc_rel=0.414  drop=0.61  h=64  L=1  lr=0.1  wd=0.001
  [Trial  85] cora_uniform_0.2 | acc=0.7400  (28.5s)  knn=u  k=-    dexp=1.79  p_grd=0.334  unc_rem=0.559  unc_rel=0.184  drop=0.88  h=64  L=3  lr=0.05  wd=1e-05
  [Trial  86] cora_uniform_0.2 | acc=0.7190  (27.2s)  knn=u  k=-    dexp=3.23  p_grd=0.378  unc_rem=0.904  unc_rel=0.320  drop=0.74  h=128  L=2  lr=0.05  wd=0.001
  [Trial  87] cora_uniform_0.2 | acc=0.6610  (28.1s)  knn=d  k=  7  dexp=2.23  p_grd=0.356  unc_rem=0.633  unc_rel=0.495  drop=0.47  h=64  L=1  lr=0.01  wd=0.001
  [Trial  88] cora_uniform_0.2 | acc=0.7570  (29.4s)  knn=u  k=-    dexp=2.70  p_grd=0.455  unc_rem=0.699  unc_rel=0.373  drop=0.48  h=64  L=3  lr=0.01  wd=0.001
  [Trial  89] cora_uniform_0.2 | acc=0.7390  (47.8s)  knn=p  k= 14  dexp=2.02  p_grd=0.152  unc_rem=0.629  unc_rel=0.164  drop=0.78  h=128  L=4  lr=0.005  wd=0.01
  [Trial  90] cora_uniform_0.2 | acc=0.7680  (39.4s)  knn=u  k=-    dexp=1.58  p_grd=0.276  unc_rem=0.714  unc_rel=0.217  drop=0.70  h=64  L=3  lr=0.01  wd=0.005
  [Trial  91] cora_uniform_0.2 | acc=0.7210  (30.3s)  knn=p  k=  2  dexp=3.75  p_grd=0.476  unc_rem=0.285  unc_rel=0.158  drop=0.38  h=64  L=3  lr=0.05  wd=0.005
  [Trial  92] cora_uniform_0.2 | acc=0.7000  (28.2s)  knn=u  k=-    dexp=4.17  p_grd=0.339  unc_rem=0.792  unc_rel=0.259  drop=0.73  h=16  L=3  lr=0.01  wd=5e-05
  [Trial  93] cora_uniform_0.2 | acc=0.7300  (29.0s)  knn=d  k=  7  dexp=1.57  p_grd=0.318  unc_rem=0.831  unc_rel=0.401  drop=0.81  h=64  L=3  lr=0.005  wd=0.001
  [Trial  94] cora_uniform_0.2 | acc=0.7710  (28.9s)  knn=d  k=  9  dexp=4.97  p_grd=0.372  unc_rem=0.220  unc_rel=0.181  drop=0.60  h=128  L=3  lr=0.005  wd=0.005
  [Trial  95] cora_uniform_0.2 | acc=0.7720  (35.8s)  knn=d  k= 10  dexp=8.42  p_grd=0.389  unc_rem=0.222  unc_rel=0.084  drop=0.56  h=128  L=3  lr=0.005  wd=0.01
  [Trial  96] cora_uniform_0.2 | acc=0.7790  (31.4s)  knn=d  k= 12  dexp=9.04  p_grd=0.465  unc_rem=0.297  unc_rel=0.046  drop=0.56  h=128  L=3  lr=0.005  wd=0.01
  [Trial  97] cora_uniform_0.2 | acc=0.7620  (28.6s)  knn=u  k=-    dexp=1.21  p_grd=0.364  unc_rem=0.721  unc_rel=0.411  drop=0.89  h=64  L=2  lr=0.005  wd=0.01
  [Trial  98] cora_uniform_0.2 | acc=0.7410  (33.4s)  knn=d  k= 14  dexp=5.18  p_grd=0.430  unc_rem=0.277  unc_rel=0.087  drop=0.58  h=64  L=3  lr=0.001  wd=1e-05
  [Trial  99] cora_uniform_0.2 | acc=0.2940  (32.1s)  knn=d  k= 13  dexp=4.32  p_grd=0.392  unc_rem=0.728  unc_rel=0.544  drop=0.71  h=64  L=3  lr=0.01  wd=0.1
  [Trial 100] cora_uniform_0.2 | acc=0.2090  (28.8s)  knn=d  k=  5  dexp=2.77  p_grd=0.217  unc_rem=0.610  unc_rel=0.734  drop=0.74  h=128  L=3  lr=1e-05  wd=0.001
  [Trial 101] cora_uniform_0.2 | acc=0.7940  (29.7s)  knn=d  k= 11  dexp=2.64  p_grd=0.320  unc_rem=0.407  unc_rel=0.595  drop=0.62  h=64  L=3  lr=0.01  wd=0.001
  [Trial 102] cora_uniform_0.2 | acc=0.1420  (23.9s)  knn=u  k=-    dexp=0.92  p_grd=0.389  unc_rem=0.995  unc_rel=0.368  drop=0.86  h=16  L=3  lr=1e-05  wd=0.01
  [Trial 103] cora_uniform_0.2 | acc=0.7830  (32.7s)  knn=d  k= 12  dexp=3.41  p_grd=0.198  unc_rem=0.133  unc_rel=0.653  drop=0.51  h=64  L=3  lr=0.01  wd=0.001
  [Trial 104] cora_uniform_0.2 | acc=0.7690  (27.5s)  knn=d  k= 12  dexp=5.15  p_grd=0.236  unc_rem=0.042  unc_rel=0.887  drop=0.38  h=64  L=3  lr=0.01  wd=0.001
  [Trial 105] cora_uniform_0.2 | acc=0.7910  (28.5s)  knn=d  k= 11  dexp=2.17  p_grd=0.344  unc_rem=0.393  unc_rel=0.946  drop=0.63  h=64  L=3  lr=0.01  wd=0.001
  [Trial 106] cora_uniform_0.2 | acc=0.6320  (36.6s)  knn=d  k= 11  dexp=2.02  p_grd=0.076  unc_rem=0.182  unc_rel=0.640  drop=0.60  h=64  L=3  lr=0.01  wd=0.001
  [Trial 107] cora_uniform_0.2 | acc=0.7860  (31.3s)  knn=d  k= 11  dexp=3.03  p_grd=0.308  unc_rem=0.615  unc_rel=0.822  drop=0.74  h=64  L=3  lr=0.01  wd=0.001
  [Trial 108] cora_uniform_0.2 | acc=0.7380  (31.0s)  knn=d  k= 10  dexp=3.03  p_grd=0.335  unc_rem=0.434  unc_rel=0.987  drop=0.79  h=64  L=3  lr=0.0005  wd=0.001
  [Trial 109] cora_uniform_0.2 | acc=0.7510  (33.3s)  knn=d  k= 11  dexp=2.20  p_grd=0.322  unc_rem=0.298  unc_rel=0.979  drop=0.48  h=32  L=3  lr=0.01  wd=1e-05
  [Trial 110] cora_uniform_0.2 | acc=0.7860  (28.3s)  knn=d  k= 10  dexp=1.25  p_grd=0.442  unc_rem=0.576  unc_rel=0.865  drop=0.67  h=64  L=3  lr=0.01  wd=0.001
  [Trial 111] cora_uniform_0.2 | acc=0.7970  (31.4s)  knn=d  k= 10  dexp=1.89  p_grd=0.362  unc_rem=0.664  unc_rel=0.869  drop=0.74  h=64  L=3  lr=0.01  wd=1e-05
  [Trial 112] cora_uniform_0.2 | acc=0.6970  (26.7s)  knn=s  k= 10  dexp=2.49  p_grd=0.472  unc_rem=0.428  unc_rel=0.893  drop=0.61  h=16  L=3  lr=0.01  wd=0.001
  [Trial 113] cora_uniform_0.2 | acc=0.7600  (33.1s)  knn=d  k= 10  dexp=2.14  p_grd=0.354  unc_rem=0.817  unc_rel=0.816  drop=0.77  h=64  L=2  lr=0.01  wd=1e-05
  [Trial 114] cora_uniform_0.2 | acc=0.7790  (31.0s)  knn=d  k= 13  dexp=0.48  p_grd=0.362  unc_rem=0.444  unc_rel=0.872  drop=0.66  h=64  L=3  lr=0.01  wd=0.001
  [Trial 115] cora_uniform_0.2 | acc=0.6280  (20.7s)  knn=u  k=-    dexp=0.87  p_grd=0.334  unc_rem=0.716  unc_rel=0.957  drop=0.75  h=64  L=1  lr=0.01  wd=5e-05
  [Trial 116] cora_uniform_0.2 | acc=0.7700  (39.1s)  knn=d  k=  8  dexp=1.70  p_grd=0.333  unc_rem=0.719  unc_rel=0.919  drop=0.83  h=128  L=3  lr=0.01  wd=1e-05
  [Trial 117] cora_uniform_0.2 | acc=0.1900  (27.2s)  knn=d  k= 10  dexp=3.26  p_grd=0.192  unc_rem=0.018  unc_rel=0.562  drop=0.48  h=16  L=3  lr=0.0001  wd=0.001
  [Trial 118] cora_uniform_0.2 | acc=0.6670  (34.9s)  knn=d  k= 13  dexp=1.94  p_grd=0.405  unc_rem=0.563  unc_rel=0.699  drop=0.68  h=64  L=3  lr=0.1  wd=1e-05
  [Trial 119] cora_uniform_0.2 | acc=0.7580  (33.6s)  knn=d  k=  9  dexp=4.36  p_grd=0.404  unc_rem=0.260  unc_rel=0.311  drop=0.45  h=64  L=2  lr=0.05  wd=5e-05
  [Trial 120] cora_uniform_0.2 | acc=0.7820  (31.3s)  knn=d  k= 14  dexp=4.38  p_grd=0.391  unc_rem=0.553  unc_rel=0.869  drop=0.78  h=64  L=3  lr=0.01  wd=1e-05
  [Trial 121] cora_uniform_0.2 | acc=0.7840  (31.1s)  knn=d  k= 15  dexp=4.79  p_grd=0.365  unc_rem=0.397  unc_rel=0.551  drop=0.64  h=64  L=3  lr=0.01  wd=0.001
  [Trial 122] cora_uniform_0.2 | acc=0.7330  (30.7s)  knn=d  k= 16  dexp=3.02  p_grd=0.417  unc_rem=0.356  unc_rel=0.575  drop=0.85  h=64  L=4  lr=0.01  wd=1e-05
  [Trial 123] cora_uniform_0.2 | acc=0.3140  (30.7s)  knn=d  k= 15  dexp=5.23  p_grd=0.361  unc_rem=0.596  unc_rel=0.944  drop=0.89  h=64  L=3  lr=0.01  wd=0.05
  [Trial 124] cora_uniform_0.2 | acc=0.7810  (26.8s)  knn=d  k= 15  dexp=7.37  p_grd=0.312  unc_rem=0.474  unc_rel=0.496  drop=0.57  h=64  L=3  lr=0.01  wd=0.001
  [Trial 125] cora_uniform_0.2 | acc=0.4890  (27.6s)  knn=s  k= 60  dexp=1.56  p_grd=0.252  unc_rem=0.687  unc_rel=0.911  drop=0.74  h=64  L=3  lr=0.0001  wd=1e-05
  [Trial 126] cora_uniform_0.2 | acc=0.7620  (27.8s)  knn=d  k= 13  dexp=2.19  p_grd=0.217  unc_rem=0.493  unc_rel=0.586  drop=0.86  h=64  L=3  lr=0.01  wd=0.005
  [Trial 127] cora_uniform_0.2 | acc=0.6740  (24.5s)  knn=u  k=-    dexp=2.67  p_grd=0.294  unc_rem=0.922  unc_rel=0.321  drop=0.80  h=32  L=3  lr=0.0005  wd=0.01
  [Trial 128] cora_uniform_0.2 | acc=0.7140  (28.1s)  knn=d  k= 12  dexp=3.51  p_grd=0.127  unc_rem=0.717  unc_rel=0.140  drop=0.32  h=64  L=3  lr=0.001  wd=0.01
  [Trial 129] cora_uniform_0.2 | acc=0.7720  (28.3s)  knn=d  k= 11  dexp=5.16  p_grd=0.340  unc_rem=0.065  unc_rel=0.128  drop=0.63  h=64  L=3  lr=0.05  wd=0.005
  [Trial 130] cora_uniform_0.2 | acc=0.6990  (39.3s)  knn=d  k= 16  dexp=1.67  p_grd=0.438  unc_rem=0.529  unc_rel=0.862  drop=0.70  h=128  L=4  lr=0.0001  wd=0.001
  [Trial 131] cora_uniform_0.2 | acc=0.7620  (24.4s)  knn=s  k=  5  dexp=5.49  p_grd=0.396  unc_rem=0.593  unc_rel=0.799  drop=0.76  h=64  L=3  lr=0.01  wd=1e-05
  [Trial 132] cora_uniform_0.2 | acc=0.7920  (28.2s)  knn=p  k= 16  dexp=4.48  p_grd=0.313  unc_rem=0.309  unc_rel=0.592  drop=0.73  h=64  L=3  lr=0.01  wd=0.001
  [Trial 133] cora_uniform_0.2 | acc=0.7000  (27.7s)  knn=d  k= 16  dexp=1.36  p_grd=0.251  unc_rem=0.233  unc_rel=0.607  drop=0.31  h=64  L=2  lr=0.01  wd=0.05
  [Trial 134] cora_uniform_0.2 | acc=0.6410  (30.1s)  knn=d  k= 15  dexp=2.16  p_grd=0.262  unc_rem=0.200  unc_rel=0.584  drop=0.51  h=64  L=1  lr=0.005  wd=0.001
  [Trial 135] cora_uniform_0.2 | acc=0.7840  (31.4s)  knn=p  k= 11  dexp=3.51  p_grd=0.289  unc_rem=0.238  unc_rel=0.460  drop=0.66  h=64  L=3  lr=0.01  wd=0.001
  [Trial 136] cora_uniform_0.2 | acc=0.7820  (28.3s)  knn=p  k= 11  dexp=6.27  p_grd=0.392  unc_rem=0.060  unc_rel=0.466  drop=0.77  h=64  L=3  lr=0.01  wd=1e-05
  [Trial 137] cora_uniform_0.2 | acc=0.7820  (28.0s)  knn=p  k= 11  dexp=2.18  p_grd=0.349  unc_rem=0.294  unc_rel=0.501  drop=0.61  h=64  L=3  lr=0.01  wd=0.001
  [Trial 138] cora_uniform_0.2 | acc=0.6560  (28.3s)  knn=p  k=  8  dexp=3.93  p_grd=0.179  unc_rem=0.224  unc_rel=0.662  drop=0.81  h=64  L=1  lr=0.01  wd=0.001
  [Trial 139] cora_uniform_0.2 | acc=0.7730  (31.2s)  knn=d  k= 13  dexp=4.84  p_grd=0.408  unc_rem=0.354  unc_rel=0.606  drop=0.57  h=64  L=3  lr=0.01  wd=0.0005
  [Trial 140] cora_uniform_0.2 | acc=0.1420  (27.6s)  knn=d  k=  9  dexp=5.97  p_grd=0.365  unc_rem=0.511  unc_rel=0.917  drop=0.88  h=16  L=3  lr=1e-05  wd=1e-05
  [Trial 141] cora_uniform_0.2 | acc=0.7270  (25.1s)  knn=u  k=-    dexp=4.25  p_grd=0.312  unc_rem=0.958  unc_rel=0.197  drop=0.85  h=128  L=3  lr=0.005  wd=0.01
  [Trial 142] cora_uniform_0.2 | acc=0.7750  (29.9s)  knn=p  k= 12  dexp=5.14  p_grd=0.258  unc_rem=0.149  unc_rel=0.319  drop=0.50  h=64  L=3  lr=0.01  wd=1e-05
  [Trial 143] cora_uniform_0.2 | acc=0.7650  (32.0s)  knn=p  k= 11  dexp=5.88  p_grd=0.445  unc_rem=0.174  unc_rel=0.462  drop=0.88  h=64  L=3  lr=0.01  wd=0.0005
  [Trial 144] cora_uniform_0.2 | acc=0.7650  (27.9s)  knn=p  k= 13  dexp=5.49  p_grd=0.284  unc_rem=0.269  unc_rel=0.649  drop=0.82  h=64  L=3  lr=0.01  wd=0.001
  [Trial 145] cora_uniform_0.2 | acc=0.6290  (29.6s)  knn=p  k=  9  dexp=5.84  p_grd=0.481  unc_rem=0.033  unc_rel=0.577  drop=0.82  h=64  L=1  lr=0.01  wd=1e-05
  [Trial 146] cora_uniform_0.2 | acc=0.2340  (22.0s)  knn=u  k=-    dexp=5.50  p_grd=0.203  unc_rem=0.641  unc_rel=0.149  drop=0.83  h=128  L=4  lr=0.005  wd=0.1
  [Trial 147] cora_uniform_0.2 | acc=0.6930  (29.0s)  knn=p  k= 16  dexp=3.65  p_grd=0.389  unc_rem=0.126  unc_rel=0.614  drop=0.85  h=16  L=3  lr=0.01  wd=1e-05
  [Trial 148] cora_uniform_0.2 | acc=0.7630  (23.9s)  knn=s  k=  5  dexp=1.56  p_grd=0.282  unc_rem=0.904  unc_rel=0.218  drop=0.20  h=64  L=3  lr=0.005  wd=0.01
  [Trial 149] cora_uniform_0.2 | acc=0.7580  (38.7s)  knn=d  k= 11  dexp=2.39  p_grd=0.462  unc_rem=0.673  unc_rel=0.833  drop=0.55  h=64  L=4  lr=0.01  wd=0.005
  [Trial 150] cora_uniform_0.2 | acc=0.1420  (31.1s)  knn=d  k= 12  dexp=3.45  p_grd=0.419  unc_rem=0.456  unc_rel=0.360  drop=0.68  h=64  L=3  lr=1e-05  wd=0.001
  [Trial 151] cora_uniform_0.2 | acc=0.7870  (36.7s)  knn=d  k=  9  dexp=2.65  p_grd=0.268  unc_rem=0.195  unc_rel=0.491  drop=0.47  h=128  L=3  lr=0.01  wd=0.001
  [Trial 152] cora_uniform_0.2 | acc=0.7790  (24.4s)  knn=u  k=-    dexp=0.52  p_grd=0.200  unc_rem=0.224  unc_rel=0.712  drop=0.50  h=128  L=3  lr=0.01  wd=0.001
  [Trial 153] cora_uniform_0.2 | acc=0.7210  (31.7s)  knn=p  k=  8  dexp=4.39  p_grd=0.252  unc_rem=0.701  unc_rel=0.855  drop=0.73  h=16  L=3  lr=0.01  wd=0.001
  [Trial 154] cora_uniform_0.2 | acc=0.6780  (24.0s)  knn=d  k=  9  dexp=4.58  p_grd=0.233  unc_rem=0.182  unc_rel=0.723  drop=0.53  h=64  L=1  lr=0.01  wd=0.01
  [Trial 155] cora_uniform_0.2 | acc=0.7600  (24.7s)  knn=u  k=-    dexp=1.35  p_grd=0.284  unc_rem=0.849  unc_rel=0.068  drop=0.64  h=64  L=3  lr=0.005  wd=5e-05
  [Trial 156] cora_uniform_0.2 | acc=0.7260  (27.5s)  knn=d  k= 10  dexp=2.72  p_grd=0.378  unc_rem=0.120  unc_rel=0.722  drop=0.32  h=128  L=3  lr=0.05  wd=0.001
  [Trial 157] cora_uniform_0.2 | acc=0.7970  (28.7s)  knn=d  k= 13  dexp=3.74  p_grd=0.216  unc_rem=0.456  unc_rel=0.400  drop=0.51  h=128  L=3  lr=0.01  wd=0.001
  [Trial 158] cora_uniform_0.2 | acc=0.7740  (32.0s)  knn=d  k= 15  dexp=5.06  p_grd=0.485  unc_rem=0.487  unc_rel=0.860  drop=0.56  h=64  L=3  lr=0.01  wd=1e-05
  [Trial 159] cora_uniform_0.2 | acc=0.7280  (62.8s)  knn=d  k= 14  dexp=2.58  p_grd=0.251  unc_rem=0.436  unc_rel=0.540  drop=0.45  h=16  L=3  lr=0.01  wd=0.01
  [Trial 160] cora_uniform_0.2 | acc=0.1480  (30.4s)  knn=d  k= 13  dexp=3.28  p_grd=0.202  unc_rem=0.556  unc_rel=0.374  drop=0.65  h=128  L=3  lr=0.1  wd=0.1
  [Trial 161] cora_uniform_0.2 | acc=0.7500  (32.4s)  knn=d  k=  8  dexp=3.09  p_grd=0.395  unc_rem=0.831  unc_rel=0.961  drop=0.65  h=32  L=3  lr=0.01  wd=0.001
  [Trial 162] cora_uniform_0.2 | acc=0.8060  (29.2s)  knn=d  k= 11  dexp=4.03  p_grd=0.255  unc_rem=0.184  unc_rel=0.368  drop=0.54  h=128  L=3  lr=0.01  wd=0.001
  [Trial 163] cora_uniform_0.2 | acc=0.7620  (30.7s)  knn=d  k= 11  dexp=6.36  p_grd=0.343  unc_rem=0.072  unc_rel=0.303  drop=0.45  h=128  L=3  lr=0.01  wd=0.001
  [Trial 164] cora_uniform_0.2 | acc=0.7680  (26.8s)  knn=d  k= 11  dexp=2.85  p_grd=0.301  unc_rem=0.223  unc_rel=0.302  drop=0.51  h=128  L=3  lr=0.0005  wd=0.001
  [Trial 165] cora_uniform_0.2 | acc=0.7140  (29.1s)  knn=d  k= 14  dexp=4.08  p_grd=0.185  unc_rem=0.343  unc_rel=0.593  drop=0.38  h=128  L=4  lr=0.01  wd=0.001
  [Trial 166] cora_uniform_0.2 | acc=0.7400  (26.9s)  knn=d  k=  9  dexp=1.33  p_grd=0.312  unc_rem=0.168  unc_rel=0.458  drop=0.40  h=32  L=3  lr=0.01  wd=0.001
  [Trial 167] cora_uniform_0.2 | acc=0.7730  (24.7s)  knn=d  k=  2  dexp=3.97  p_grd=0.211  unc_rem=0.531  unc_rel=0.342  drop=0.64  h=128  L=2  lr=0.01  wd=0.001
  [Trial 168] cora_uniform_0.2 | acc=0.7790  (27.8s)  knn=s  k= 20  dexp=2.30  p_grd=0.316  unc_rem=0.679  unc_rel=0.862  drop=0.86  h=64  L=3  lr=0.01  wd=0.001
  [Trial 169] cora_uniform_0.2 | acc=0.7290  (26.2s)  knn=d  k= 13  dexp=4.83  p_grd=0.170  unc_rem=0.037  unc_rel=0.515  drop=0.79  h=128  L=3  lr=0.01  wd=0.001
  [Trial 170] cora_uniform_0.2 | acc=0.7030  (29.7s)  knn=d  k=  8  dexp=1.62  p_grd=0.224  unc_rem=0.326  unc_rel=0.544  drop=0.68  h=64  L=4  lr=0.1  wd=0.001
  [Trial 171] cora_uniform_0.2 | acc=0.1600  (29.4s)  knn=p  k= 16  dexp=5.73  p_grd=0.245  unc_rem=0.216  unc_rel=0.740  drop=0.52  h=64  L=3  lr=1e-05  wd=5e-05
  [Trial 172] cora_uniform_0.2 | acc=0.7900  (27.0s)  knn=u  k=-    dexp=6.99  p_grd=0.351  unc_rem=0.223  unc_rel=0.360  drop=0.80  h=64  L=3  lr=0.01  wd=1e-05
  [Trial 173] cora_uniform_0.2 | acc=0.7490  (28.0s)  knn=d  k= 11  dexp=2.23  p_grd=0.249  unc_rem=0.555  unc_rel=0.844  drop=0.72  h=64  L=3  lr=0.001  wd=0.0001
  [Trial 174] cora_uniform_0.2 | acc=0.1570  (34.1s)  knn=d  k= 12  dexp=2.79  p_grd=0.365  unc_rem=0.359  unc_rel=0.625  drop=0.42  h=128  L=3  lr=0.01  wd=0.1
  [Trial 175] cora_uniform_0.2 | acc=0.6840  (23.9s)  knn=u  k=-    dexp=2.66  p_grd=0.303  unc_rem=0.937  unc_rel=0.463  drop=0.73  h=64  L=1  lr=0.005  wd=0.005
  [Trial 176] cora_uniform_0.2 | acc=0.6350  (23.3s)  knn=u  k=-    dexp=7.20  p_grd=0.277  unc_rem=0.358  unc_rel=0.487  drop=0.80  h=64  L=1  lr=0.01  wd=1e-05
  [Trial 177] cora_uniform_0.2 | acc=0.7170  (24.6s)  knn=u  k=-    dexp=5.80  p_grd=0.295  unc_rem=0.206  unc_rel=0.249  drop=0.71  h=64  L=3  lr=0.0005  wd=1e-05
  [Trial 178] cora_uniform_0.2 | acc=0.7520  (30.4s)  knn=d  k=  7  dexp=2.08  p_grd=0.392  unc_rem=0.638  unc_rel=0.804  drop=0.88  h=64  L=3  lr=0.01  wd=1e-05
  [Trial 179] cora_uniform_0.2 | acc=0.7830  (26.1s)  knn=d  k= 16  dexp=3.09  p_grd=0.202  unc_rem=0.332  unc_rel=0.368  drop=0.37  h=128  L=3  lr=0.01  wd=0.0001
  [Trial 180] cora_uniform_0.2 | acc=0.7430  (29.1s)  knn=d  k= 16  dexp=3.64  p_grd=0.227  unc_rem=0.271  unc_rel=0.312  drop=0.21  h=128  L=3  lr=0.01  wd=0.0001
  [Trial 181] cora_uniform_0.2 | acc=0.7600  (25.1s)  knn=u  k=-    dexp=7.12  p_grd=0.430  unc_rem=0.206  unc_rel=0.253  drop=0.83  h=64  L=3  lr=0.01  wd=0.01
  [Trial 182] cora_uniform_0.2 | acc=0.6830  (26.0s)  knn=d  k= 17  dexp=2.57  p_grd=0.149  unc_rem=0.771  unc_rel=0.445  drop=0.43  h=32  L=3  lr=0.005  wd=0.01
  [Trial 183] cora_uniform_0.2 | acc=0.1740  (28.2s)  knn=d  k= 14  dexp=5.23  p_grd=0.122  unc_rem=0.601  unc_rel=0.275  drop=0.48  h=128  L=3  lr=1e-05  wd=0.0001
  [Trial 184] cora_uniform_0.2 | acc=0.3060  (54.9s)  knn=u  k=-    dexp=9.11  p_grd=0.389  unc_rem=0.274  unc_rel=0.378  drop=0.82  h=32  L=3  lr=0.0001  wd=1e-05
  [Trial 185] cora_uniform_0.2 | acc=0.7700  (29.3s)  knn=s  k= 20  dexp=3.75  p_grd=0.145  unc_rem=0.534  unc_rel=0.565  drop=0.48  h=128  L=3  lr=0.01  wd=0.001
  [Trial 186] cora_uniform_0.2 | acc=0.6810  (29.5s)  knn=u  k=-    dexp=3.21  p_grd=0.384  unc_rem=0.846  unc_rel=0.089  drop=0.88  h=64  L=4  lr=0.005  wd=1e-05
  [Trial 187] cora_uniform_0.2 | acc=0.7750  (29.4s)  knn=d  k= 12  dexp=1.89  p_grd=0.250  unc_rem=0.542  unc_rel=0.190  drop=0.31  h=64  L=3  lr=0.005  wd=0.01
  [Trial 188] cora_uniform_0.2 | acc=0.5510  (30.7s)  knn=u  k=-    dexp=5.93  p_grd=0.440  unc_rem=0.229  unc_rel=0.832  drop=0.65  h=64  L=3  lr=0.0001  wd=0.001
  [Trial 189] cora_uniform_0.2 | acc=0.7790  (24.0s)  knn=s  k= 10  dexp=3.72  p_grd=0.174  unc_rem=0.161  unc_rel=0.241  drop=0.51  h=128  L=3  lr=0.01  wd=5e-05
  [Trial 190] cora_uniform_0.2 | acc=0.7060  (24.8s)  knn=u  k=-    dexp=8.60  p_grd=0.241  unc_rem=0.086  unc_rel=0.440  drop=0.82  h=64  L=3  lr=0.01  wd=5e-05
  [Trial 191] cora_uniform_0.2 | acc=0.7560  (40.3s)  knn=d  k= 15  dexp=5.03  p_grd=0.266  unc_rem=0.309  unc_rel=0.688  drop=0.39  h=128  L=3  lr=0.01  wd=0.001
  [Trial 192] cora_uniform_0.2 | acc=0.4910  (24.6s)  knn=u  k=-    dexp=4.65  p_grd=0.376  unc_rem=0.992  unc_rel=0.521  drop=0.82  h=64  L=3  lr=0.005  wd=0.05
  [Trial 193] cora_uniform_0.2 | acc=0.7640  (26.7s)  knn=u  k=-    dexp=6.32  p_grd=0.362  unc_rem=0.479  unc_rel=0.163  drop=0.86  h=64  L=3  lr=0.01  wd=1e-05
  [Trial 194] cora_uniform_0.2 | acc=0.7750  (25.9s)  knn=u  k=-    dexp=6.29  p_grd=0.362  unc_rem=0.226  unc_rel=0.652  drop=0.87  h=64  L=3  lr=0.01  wd=1e-05
  [Trial 195] cora_uniform_0.2 | acc=0.7310  (35.5s)  knn=d  k= 11  dexp=3.69  p_grd=0.367  unc_rem=0.618  unc_rel=0.080  drop=0.66  h=64  L=4  lr=0.01  wd=0.01
  [Trial 196] cora_uniform_0.2 | acc=0.7160  (29.6s)  knn=p  k= 11  dexp=6.45  p_grd=0.226  unc_rem=0.264  unc_rel=0.336  drop=0.53  h=16  L=3  lr=0.01  wd=0.001
  [Trial 197] cora_uniform_0.2 | acc=0.7930  (30.1s)  knn=d  k= 10  dexp=1.90  p_grd=0.256  unc_rem=0.442  unc_rel=0.386  drop=0.45  h=128  L=3  lr=0.01  wd=0.001
  [Trial 198] cora_uniform_0.2 | acc=0.7540  (32.6s)  knn=u  k=-    dexp=0.97  p_grd=0.444  unc_rem=0.945  unc_rel=0.318  drop=0.86  h=64  L=3  lr=0.005  wd=0.01
  [Trial 199] cora_uniform_0.2 | acc=0.8190  (28.8s)  knn=d  k=  7  dexp=2.17  p_grd=0.265  unc_rem=0.220  unc_rel=0.259  drop=0.59  h=128  L=3  lr=0.01  wd=0.001
  [Trial 200] cora_uniform_0.2 | acc=0.7990  (30.9s)  knn=d  k=  6  dexp=2.29  p_grd=0.167  unc_rem=0.460  unc_rel=0.140  drop=0.68  h=128  L=3  lr=0.01  wd=0.0001

[Optuna] Optimization done. 200/200 trials completed.

[Retest] (cora_uniform_0.2) Testing top-5 configs × 10 seeds...

  [Retest] (cora_uniform_0.2) Config 1/5: (Trial #198, Orig Acc: 0.8190)
           Params: {'knn_mode': 'd', 'k': 7, 'dexp': 2.1743201692147665, 'p_grd': 0.2647302557327947, 'unc_rem': 0.22031620586218786, 'unc_rel': 0.2590545806704013, 'dropout': 0.5920644737720868, 'n_hidden': 128, 'n_layer': 3, 'lr': 0.01, 'weight_decay': 0.001}
    [Retest] cora | Config 1 | Run 1/10 | seed=3000 | Acc: 0.8190 | Mean: 0.8190 | Time: 27.3s
    [Retest] cora | Config 1 | Run 2/10 | seed=3001 | Acc: 0.7540 | Mean: 0.7865 | Time: 26.9s
    [Retest] cora | Config 1 | Run 3/10 | seed=3002 | Acc: 0.7800 | Mean: 0.7843 | Time: 32.5s
    [Retest] cora | Config 1 | Run 4/10 | seed=3003 | Acc: 0.7790 | Mean: 0.7830 | Time: 30.1s
    [Retest] cora | Config 1 | Run 5/10 | seed=3004 | Acc: 0.7790 | Mean: 0.7822 | Time: 28.8s
    [Retest] cora | Config 1 | Run 6/10 | seed=3005 | Acc: 0.7290 | Mean: 0.7733 | Time: 30.5s
    [Retest] cora | Config 1 | Run 7/10 | seed=3006 | Acc: 0.7960 | Mean: 0.7766 | Time: 32.7s
    [Retest] cora | Config 1 | Run 8/10 | seed=3007 | Acc: 0.7440 | Mean: 0.7725 | Time: 37.9s
    [Retest] cora | Config 1 | Run 9/10 | seed=3008 | Acc: 0.7540 | Mean: 0.7704 | Time: 32.1s
    [Retest] cora | Config 1 | Run 10/10 | seed=3009 | Acc: 0.7900 | Mean: 0.7724 | Time: 31.0s
  [Retest] Config 1: mean=0.7724 ± 0.0256

  [Retest] (cora_uniform_0.2) Config 2/5: (Trial #161, Orig Acc: 0.8060)
           Params: {'knn_mode': 'd', 'k': 11, 'dexp': 4.025314420063877, 'p_grd': 0.2554806582790555, 'unc_rem': 0.18384935182091977, 'unc_rel': 0.3677340341811787, 'dropout': 0.5381758996892773, 'n_hidden': 128, 'n_layer': 3, 'lr': 0.01, 'weight_decay': 0.001}
    [Retest] cora | Config 2 | Run 1/10 | seed=3000 | Acc: 0.8060 | Mean: 0.8060 | Time: 34.2s
    [Retest] cora | Config 2 | Run 2/10 | seed=3001 | Acc: 0.7780 | Mean: 0.7920 | Time: 40.3s
    [Retest] cora | Config 2 | Run 3/10 | seed=3002 | Acc: 0.7800 | Mean: 0.7880 | Time: 32.6s
    [Retest] cora | Config 2 | Run 4/10 | seed=3003 | Acc: 0.7780 | Mean: 0.7855 | Time: 31.1s
    [Retest] cora | Config 2 | Run 5/10 | seed=3004 | Acc: 0.7910 | Mean: 0.7866 | Time: 37.2s
    [Retest] cora | Config 2 | Run 6/10 | seed=3005 | Acc: 0.7680 | Mean: 0.7835 | Time: 30.2s
    [Retest] cora | Config 2 | Run 7/10 | seed=3006 | Acc: 0.7940 | Mean: 0.7850 | Time: 29.4s
    [Retest] cora | Config 2 | Run 8/10 | seed=3007 | Acc: 0.7540 | Mean: 0.7811 | Time: 41.0s
    [Retest] cora | Config 2 | Run 9/10 | seed=3008 | Acc: 0.7960 | Mean: 0.7828 | Time: 27.6s
    [Retest] cora | Config 2 | Run 10/10 | seed=3009 | Acc: 0.8090 | Mean: 0.7854 | Time: 32.0s
  [Retest] Config 2: mean=0.7854 ± 0.0162

  [Retest] (cora_uniform_0.2) Config 3/5: (Trial #199, Orig Acc: 0.7990)
           Params: {'knn_mode': 'd', 'k': 6, 'dexp': 2.2938554859840554, 'p_grd': 0.16727681646958797, 'unc_rem': 0.46007416638394166, 'unc_rel': 0.14047600661480847, 'dropout': 0.6775002185080533, 'n_hidden': 128, 'n_layer': 3, 'lr': 0.01, 'weight_decay': 0.0001}
    [Retest] cora | Config 3 | Run 1/10 | seed=3000 | Acc: 0.7990 | Mean: 0.7990 | Time: 34.2s
    [Retest] cora | Config 3 | Run 2/10 | seed=3001 | Acc: 0.7400 | Mean: 0.7695 | Time: 30.4s
    [Retest] cora | Config 3 | Run 3/10 | seed=3002 | Acc: 0.7810 | Mean: 0.7733 | Time: 28.3s
    [Retest] cora | Config 3 | Run 4/10 | seed=3003 | Acc: 0.8090 | Mean: 0.7823 | Time: 30.4s
    [Retest] cora | Config 3 | Run 5/10 | seed=3004 | Acc: 0.7890 | Mean: 0.7836 | Time: 28.7s
    [Retest] cora | Config 3 | Run 6/10 | seed=3005 | Acc: 0.7520 | Mean: 0.7783 | Time: 30.6s
    [Retest] cora | Config 3 | Run 7/10 | seed=3006 | Acc: 0.7930 | Mean: 0.7804 | Time: 32.1s
    [Retest] cora | Config 3 | Run 8/10 | seed=3007 | Acc: 0.7110 | Mean: 0.7718 | Time: 29.5s
    [Retest] cora | Config 3 | Run 9/10 | seed=3008 | Acc: 0.7890 | Mean: 0.7737 | Time: 40.6s
    [Retest] cora | Config 3 | Run 10/10 | seed=3009 | Acc: 0.8000 | Mean: 0.7763 | Time: 31.7s
  [Retest] Config 3: mean=0.7763 ± 0.0299

  [Retest] (cora_uniform_0.2) Config 4/5: (Trial #110, Orig Acc: 0.7970)
           Params: {'knn_mode': 'd', 'k': 10, 'dexp': 1.8897563430415105, 'p_grd': 0.36165795672863116, 'unc_rem': 0.6644548771850427, 'unc_rel': 0.8686099862688574, 'dropout': 0.7411131660839895, 'n_hidden': 64, 'n_layer': 3, 'lr': 0.01, 'weight_decay': 1e-05}
    [Retest] cora | Config 4 | Run 1/10 | seed=3000 | Acc: 0.7970 | Mean: 0.7970 | Time: 38.1s
    [Retest] cora | Config 4 | Run 2/10 | seed=3001 | Acc: 0.7670 | Mean: 0.7820 | Time: 33.0s
    [Retest] cora | Config 4 | Run 3/10 | seed=3002 | Acc: 0.7410 | Mean: 0.7683 | Time: 40.4s
    [Retest] cora | Config 4 | Run 4/10 | seed=3003 | Acc: 0.7630 | Mean: 0.7670 | Time: 34.8s
    [Retest] cora | Config 4 | Run 5/10 | seed=3004 | Acc: 0.8010 | Mean: 0.7738 | Time: 32.6s
    [Retest] cora | Config 4 | Run 6/10 | seed=3005 | Acc: 0.7600 | Mean: 0.7715 | Time: 49.5s
    [Retest] cora | Config 4 | Run 7/10 | seed=3006 | Acc: 0.7920 | Mean: 0.7744 | Time: 36.3s
    [Retest] cora | Config 4 | Run 8/10 | seed=3007 | Acc: 0.7110 | Mean: 0.7665 | Time: 37.1s
    [Retest] cora | Config 4 | Run 9/10 | seed=3008 | Acc: 0.7840 | Mean: 0.7684 | Time: 36.0s
    [Retest] cora | Config 4 | Run 10/10 | seed=3009 | Acc: 0.7980 | Mean: 0.7714 | Time: 47.6s
  [Retest] Config 4: mean=0.7714 ± 0.0276

  [Retest] (cora_uniform_0.2) Config 5/5: (Trial #156, Orig Acc: 0.7970)
           Params: {'knn_mode': 'd', 'k': 13, 'dexp': 3.739488910468678, 'p_grd': 0.2161673470979272, 'unc_rem': 0.45574123653608467, 'unc_rel': 0.40046989108896924, 'dropout': 0.5103083618601723, 'n_hidden': 128, 'n_layer': 3, 'lr': 0.01, 'weight_decay': 0.001}
    [Retest] cora | Config 5 | Run 1/10 | seed=3000 | Acc: 0.7970 | Mean: 0.7970 | Time: 44.8s
    [Retest] cora | Config 5 | Run 2/10 | seed=3001 | Acc: 0.7580 | Mean: 0.7775 | Time: 32.1s
    [Retest] cora | Config 5 | Run 3/10 | seed=3002 | Acc: 0.7670 | Mean: 0.7740 | Time: 37.5s
    [Retest] cora | Config 5 | Run 4/10 | seed=3003 | Acc: 0.7790 | Mean: 0.7752 | Time: 37.0s
    [Retest] cora | Config 5 | Run 5/10 | seed=3004 | Acc: 0.7800 | Mean: 0.7762 | Time: 32.5s
    [Retest] cora | Config 5 | Run 6/10 | seed=3005 | Acc: 0.7730 | Mean: 0.7757 | Time: 34.7s
    [Retest] cora | Config 5 | Run 7/10 | seed=3006 | Acc: 0.7910 | Mean: 0.7779 | Time: 30.1s
    [Retest] cora | Config 5 | Run 8/10 | seed=3007 | Acc: 0.7470 | Mean: 0.7740 | Time: 32.5s
    [Retest] cora | Config 5 | Run 9/10 | seed=3008 | Acc: 0.8000 | Mean: 0.7769 | Time: 33.3s
    [Retest] cora | Config 5 | Run 10/10 | seed=3009 | Acc: 0.8090 | Mean: 0.7801 | Time: 28.8s
  [Retest] Config 5: mean=0.7801 ± 0.0186

[Optuna] Success: Best config saved to log/hpo_db.json:
         {'knn_mode': 'd', 'k': 11, 'dexp': 4.025314420063877, 'p_grd': 0.2554806582790555, 'unc_rem': 0.18384935182091977, 'unc_rel': 0.3677340341811787, 'dropout': 0.5381758996892773, 'n_hidden': 128, 'n_layer': 3, 'lr': 0.01, 'weight_decay': 0.001}
[Optuna] Success: Best retest mean accuracy: 0.7854
[Optuna] Success: Done marker: ./log/nni_done\lnpcc_cora_uniform_0.2.done
  [HPO] Done marker saved: ./log/nni_done\lnpcc_cora_uniform_0.2.done
[total_exp] --hpo_only: skipping benchmark runs.
[worker] OK DONE  hpo_cora_uniform_0.2  gpu=0  128.9 min  rc=0
