[worker] START  hpo_amazon-ratings_random_0.3  gpu=1
======================================================================
GCN + LN-PCC -- NoisyGL Benchmark (Unified)
Start          : 2026-04-17 16:58:40
Variants       : ['lnpcc']
Datasets       : ['amazon-ratings']
Noise          : [[0.3, 'random']]
Runs           : 10  (seeds 3000..3009)
Device         : cuda:1
======================================================================

[HPO] Optimizing lnpcc on amazon-ratings_random_0.3 (max_trials=200, max_k_same=60)

[Optuna] Scenario: amazon-ratings_random_0.3  (max_trials=200, startup=20)
  [Trial   1] amazon-ratings_random_0.3 | acc=0.3685  (91.2s)  knn=d  k= 14  dexp=7.40  p_grd=0.421  unc_rem=0.161  unc_rel=0.537  drop=0.52  h=128  L=3  lr=0.1  wd=0.05
  [Trial   2] amazon-ratings_random_0.3 | acc=0.2708  (90.8s)  knn=d  k= 17  dexp=0.88  p_grd=0.193  unc_rem=0.850  unc_rel=0.092  drop=0.89  h=128  L=3  lr=1e-05  wd=0.1
  [Trial   3] amazon-ratings_random_0.3 | acc=0.2326  (85.6s)  knn=s  k= 60  dexp=4.63  p_grd=0.375  unc_rem=0.959  unc_rel=0.839  drop=0.11  h=16  L=4  lr=1e-05  wd=0.1
  [Trial   4] amazon-ratings_random_0.3 | acc=0.3887  (69.1s)  knn=s  k= 20  dexp=3.86  p_grd=0.215  unc_rem=0.881  unc_rel=0.612  drop=0.58  h=32  L=3  lr=0.005  wd=0.001
  [Trial   5] amazon-ratings_random_0.3 | acc=0.3888  (72.4s)  knn=u  k=-    dexp=8.18  p_grd=0.344  unc_rem=0.346  unc_rel=0.828  drop=0.50  h=64  L=4  lr=0.001  wd=0.001
  [Trial   6] amazon-ratings_random_0.3 | acc=0.3729  (100.1s)  knn=s  k= 60  dexp=9.63  p_grd=0.431  unc_rem=0.779  unc_rel=0.683  drop=0.44  h=32  L=1  lr=0.1  wd=0.01
  [Trial   7] amazon-ratings_random_0.3 | acc=0.3681  (196.6s)  knn=d  k= 22  dexp=8.98  p_grd=0.186  unc_rem=0.562  unc_rel=0.930  drop=0.36  h=32  L=3  lr=0.0001  wd=0.005
  [Trial   8] amazon-ratings_random_0.3 | acc=0.3737  (68.3s)  knn=d  k= 15  dexp=2.27  p_grd=0.167  unc_rem=0.876  unc_rel=0.021  drop=0.20  h=128  L=3  lr=0.1  wd=0.005
  [Trial   9] amazon-ratings_random_0.3 | acc=0.3723  (138.3s)  knn=p  k= 21  dexp=7.05  p_grd=0.405  unc_rem=0.819  unc_rel=0.209  drop=0.56  h=32  L=2  lr=0.01  wd=1e-05
  [Trial  10] amazon-ratings_random_0.3 | acc=0.3685  (129.2s)  knn=d  k= 23  dexp=5.37  p_grd=0.494  unc_rem=0.196  unc_rel=0.286  drop=0.68  h=64  L=3  lr=0.05  wd=0.005
  [Trial  11] amazon-ratings_random_0.3 | acc=0.3780  (91.0s)  knn=s  k= 10  dexp=6.60  p_grd=0.444  unc_rem=0.958  unc_rel=0.876  drop=0.66  h=16  L=4  lr=0.05  wd=1e-05
  [Trial  12] amazon-ratings_random_0.3 | acc=0.3780  (79.8s)  knn=u  k=-    dexp=8.76  p_grd=0.091  unc_rem=0.305  unc_rel=0.438  drop=0.14  h=64  L=3  lr=0.001  wd=0.0001
  [Trial  13] amazon-ratings_random_0.3 | acc=0.3686  (69.7s)  knn=p  k=  9  dexp=7.90  p_grd=0.228  unc_rem=0.196  unc_rel=0.065  drop=0.88  h=16  L=4  lr=0.1  wd=0.005
  [Trial  14] amazon-ratings_random_0.3 | acc=0.3657  (115.0s)  knn=s  k= 20  dexp=4.82  p_grd=0.311  unc_rem=0.084  unc_rel=0.251  drop=0.17  h=32  L=2  lr=0.0005  wd=0.005
  [Trial  15] amazon-ratings_random_0.3 | acc=0.3270  (120.2s)  knn=d  k=  5  dexp=1.73  p_grd=0.294  unc_rem=0.145  unc_rel=0.870  drop=0.67  h=32  L=1  lr=0.0001  wd=0.001
  [Trial  16] amazon-ratings_random_0.3 | acc=0.3697  (83.2s)  knn=p  k= 15  dexp=1.15  p_grd=0.289  unc_rem=0.335  unc_rel=0.495  drop=0.39  h=64  L=4  lr=1e-05  wd=0.0005
  [Trial  17] amazon-ratings_random_0.3 | acc=0.3767  (85.9s)  knn=p  k= 10  dexp=8.27  p_grd=0.189  unc_rem=0.042  unc_rel=0.304  drop=0.53  h=32  L=4  lr=0.005  wd=0.005
  [Trial  18] amazon-ratings_random_0.3 | acc=0.3683  (75.2s)  knn=d  k=  3  dexp=2.21  p_grd=0.206  unc_rem=0.616  unc_rel=0.167  drop=0.40  h=64  L=3  lr=0.005  wd=0.01
  [Trial  19] amazon-ratings_random_0.3 | acc=0.3665  (101.0s)  knn=p  k= 13  dexp=3.83  p_grd=0.476  unc_rem=0.774  unc_rel=0.043  drop=0.57  h=128  L=1  lr=0.001  wd=5e-05
  [Trial  20] amazon-ratings_random_0.3 | acc=0.3737  (121.4s)  knn=u  k=-    dexp=6.93  p_grd=0.170  unc_rem=0.841  unc_rel=0.089  drop=0.61  h=16  L=2  lr=0.01  wd=5e-05
  [Trial  21] amazon-ratings_random_0.3 | acc=0.3988  (84.8s)  knn=u  k=-    dexp=7.15  p_grd=0.305  unc_rem=0.422  unc_rel=0.592  drop=0.53  h=64  L=4  lr=0.001  wd=0.0001
  [Trial  22] amazon-ratings_random_0.3 | acc=0.3906  (510.3s)  knn=p  k= 23  dexp=6.91  p_grd=0.353  unc_rem=0.525  unc_rel=0.766  drop=0.57  h=64  L=4  lr=0.001  wd=0.001
  [Trial  23] amazon-ratings_random_0.3 | acc=0.3918  (79.6s)  knn=u  k=-    dexp=7.17  p_grd=0.361  unc_rem=0.372  unc_rel=0.556  drop=0.52  h=64  L=4  lr=0.001  wd=0.0001
  [Trial  24] amazon-ratings_random_0.3 | acc=0.3690  (131.5s)  knn=p  k= 24  dexp=8.08  p_grd=0.264  unc_rem=0.876  unc_rel=0.731  drop=0.59  h=64  L=4  lr=0.001  wd=0.05
  [Trial  25] amazon-ratings_random_0.3 | acc=0.3678  (84.2s)  knn=u  k=-    dexp=5.98  p_grd=0.399  unc_rem=0.550  unc_rel=0.567  drop=0.52  h=16  L=1  lr=0.001  wd=0.0001
  [Trial  26] amazon-ratings_random_0.3 | acc=0.3828  (109.6s)  knn=p  k= 24  dexp=7.23  p_grd=0.268  unc_rem=0.501  unc_rel=0.634  drop=0.60  h=64  L=4  lr=0.005  wd=0.001
  [Trial  27] amazon-ratings_random_0.3 | acc=0.3871  (82.4s)  knn=d  k=  1  dexp=3.63  p_grd=0.250  unc_rem=0.432  unc_rel=0.713  drop=0.52  h=64  L=4  lr=0.001  wd=0.0001
  [Trial  28] amazon-ratings_random_0.3 | acc=0.3547  (115.6s)  knn=u  k=-    dexp=8.20  p_grd=0.460  unc_rem=0.463  unc_rel=0.740  drop=0.36  h=128  L=4  lr=0.0001  wd=0.0001
  [Trial  29] amazon-ratings_random_0.3 | acc=0.3697  (98.2s)  knn=s  k= 40  dexp=5.20  p_grd=0.408  unc_rem=0.190  unc_rel=0.494  drop=0.66  h=64  L=4  lr=1e-05  wd=0.0001
  [Trial  30] amazon-ratings_random_0.3 | acc=0.3908  (112.3s)  knn=p  k= 18  dexp=5.18  p_grd=0.437  unc_rem=0.465  unc_rel=0.668  drop=0.47  h=128  L=4  lr=0.001  wd=0.0005
  [Trial  31] amazon-ratings_random_0.3 | acc=0.3686  (80.6s)  knn=p  k=  7  dexp=3.17  p_grd=0.471  unc_rem=0.566  unc_rel=0.799  drop=0.61  h=128  L=1  lr=0.001  wd=0.1
  [Trial  32] amazon-ratings_random_0.3 | acc=0.3784  (112.1s)  knn=p  k= 18  dexp=4.24  p_grd=0.358  unc_rem=0.586  unc_rel=0.824  drop=0.34  h=16  L=4  lr=0.001  wd=0.0005
  [Trial  33] amazon-ratings_random_0.3 | acc=0.3865  (91.9s)  knn=u  k=-    dexp=5.96  p_grd=0.194  unc_rem=0.531  unc_rel=0.567  drop=0.66  h=128  L=4  lr=0.001  wd=0.0005
  [Trial  34] amazon-ratings_random_0.3 | acc=0.3878  (99.5s)  knn=p  k= 18  dexp=8.54  p_grd=0.473  unc_rem=0.206  unc_rel=0.284  drop=0.71  h=128  L=4  lr=0.001  wd=0.0005
  [Trial  35] amazon-ratings_random_0.3 | acc=0.3930  (63.2s)  knn=u  k=-    dexp=7.85  p_grd=0.291  unc_rem=0.355  unc_rel=0.357  drop=0.37  h=64  L=4  lr=0.05  wd=0.0001
  [Trial  36] amazon-ratings_random_0.3 | acc=0.3863  (102.4s)  knn=u  k=-    dexp=7.08  p_grd=0.307  unc_rem=0.289  unc_rel=0.441  drop=0.22  h=64  L=2  lr=0.05  wd=0.0001
  [Trial  37] amazon-ratings_random_0.3 | acc=0.3942  (103.2s)  knn=d  k= 12  dexp=4.94  p_grd=0.481  unc_rem=0.454  unc_rel=0.888  drop=0.40  h=128  L=4  lr=0.0005  wd=0.0005
  [Trial  38] amazon-ratings_random_0.3 | acc=0.3536  (90.5s)  knn=d  k= 11  dexp=2.91  p_grd=0.491  unc_rem=0.364  unc_rel=0.539  drop=0.30  h=128  L=4  lr=0.0005  wd=0.05
  [Trial  39] amazon-ratings_random_0.3 | acc=0.3685  (76.3s)  knn=u  k=-    dexp=7.82  p_grd=0.355  unc_rem=0.195  unc_rel=0.386  drop=0.57  h=64  L=4  lr=0.05  wd=0.005
  [Trial  40] amazon-ratings_random_0.3 | acc=0.3937  (81.2s)  knn=u  k=-    dexp=7.92  p_grd=0.424  unc_rem=0.451  unc_rel=0.458  drop=0.74  h=64  L=4  lr=0.001  wd=0.0001
  [Trial  41] amazon-ratings_random_0.3 | acc=0.3685  (112.8s)  knn=u  k=-    dexp=9.58  p_grd=0.454  unc_rem=0.750  unc_rel=0.353  drop=0.78  h=64  L=4  lr=0.1  wd=0.0001
  [Trial  42] amazon-ratings_random_0.3 | acc=0.3886  (86.7s)  knn=u  k=-    dexp=8.03  p_grd=0.433  unc_rem=0.385  unc_rel=0.257  drop=0.80  h=64  L=4  lr=0.001  wd=1e-05
  [Trial  43] amazon-ratings_random_0.3 | acc=0.3831  (86.1s)  knn=d  k=  7  dexp=3.29  p_grd=0.461  unc_rem=0.606  unc_rel=0.916  drop=0.41  h=128  L=3  lr=0.0005  wd=1e-05
  [Trial  44] amazon-ratings_random_0.3 | acc=0.3921  (94.2s)  knn=u  k=-    dexp=5.52  p_grd=0.482  unc_rem=0.347  unc_rel=0.743  drop=0.68  h=64  L=4  lr=0.001  wd=0.0001
  [Trial  45] amazon-ratings_random_0.3 | acc=0.3578  (118.3s)  knn=s  k= 40  dexp=7.03  p_grd=0.478  unc_rem=0.450  unc_rel=0.651  drop=0.46  h=128  L=4  lr=0.0005  wd=0.1
  [Trial  46] amazon-ratings_random_0.3 | acc=0.3940  (114.9s)  knn=u  k=-    dexp=6.50  p_grd=0.497  unc_rem=0.260  unc_rel=0.944  drop=0.75  h=64  L=4  lr=0.0005  wd=0.0005
  [Trial  47] amazon-ratings_random_0.3 | acc=0.3962  (79.1s)  knn=u  k=-    dexp=6.76  p_grd=0.443  unc_rem=0.087  unc_rel=0.885  drop=0.52  h=64  L=4  lr=0.0005  wd=0.0005
  [Trial  48] amazon-ratings_random_0.3 | acc=0.2598  (77.1s)  knn=u  k=-    dexp=2.84  p_grd=0.409  unc_rem=0.012  unc_rel=0.814  drop=0.59  h=64  L=3  lr=1e-05  wd=0.0005
  [Trial  49] amazon-ratings_random_0.3 | acc=0.3652  (114.4s)  knn=u  k=-    dexp=7.87  p_grd=0.465  unc_rem=0.269  unc_rel=0.794  drop=0.70  h=16  L=3  lr=0.0005  wd=0.0005
  [Trial  50] amazon-ratings_random_0.3 | acc=0.3953  (98.0s)  knn=u  k=-    dexp=8.82  p_grd=0.422  unc_rem=0.044  unc_rel=0.748  drop=0.52  h=64  L=4  lr=0.0005  wd=0.0005
  [Trial  51] amazon-ratings_random_0.3 | acc=0.3781  (83.9s)  knn=u  k=-    dexp=7.19  p_grd=0.400  unc_rem=0.020  unc_rel=0.973  drop=0.53  h=64  L=2  lr=0.0005  wd=0.0005
  [Trial  52] amazon-ratings_random_0.3 | acc=0.3983  (90.8s)  knn=u  k=-    dexp=2.85  p_grd=0.433  unc_rem=0.305  unc_rel=0.811  drop=0.72  h=64  L=4  lr=0.0005  wd=0.0005
  [Trial  53] amazon-ratings_random_0.3 | acc=0.3598  (110.1s)  knn=d  k=  1  dexp=2.23  p_grd=0.483  unc_rem=0.378  unc_rel=0.741  drop=0.77  h=64  L=4  lr=0.1  wd=0.0005
  [Trial  54] amazon-ratings_random_0.3 | acc=0.3928  (80.3s)  knn=u  k=-    dexp=1.58  p_grd=0.480  unc_rem=0.472  unc_rel=0.616  drop=0.56  h=64  L=4  lr=0.0005  wd=0.0005
  [Trial  55] amazon-ratings_random_0.3 | acc=0.3695  (93.2s)  knn=s  k= 50  dexp=5.92  p_grd=0.457  unc_rem=0.012  unc_rel=0.936  drop=0.49  h=64  L=4  lr=0.0005  wd=0.005
  [Trial  56] amazon-ratings_random_0.3 | acc=0.3939  (99.7s)  knn=u  k=-    dexp=8.87  p_grd=0.428  unc_rem=0.162  unc_rel=0.791  drop=0.34  h=128  L=4  lr=0.0005  wd=0.0005
  [Trial  57] amazon-ratings_random_0.3 | acc=0.3694  (87.3s)  knn=u  k=-    dexp=6.63  p_grd=0.417  unc_rem=0.673  unc_rel=0.922  drop=0.79  h=64  L=4  lr=0.0005  wd=0.005
  [Trial  58] amazon-ratings_random_0.3 | acc=0.3881  (86.4s)  knn=u  k=-    dexp=5.71  p_grd=0.415  unc_rem=0.053  unc_rel=0.964  drop=0.77  h=64  L=4  lr=0.05  wd=0.0005
  [Trial  59] amazon-ratings_random_0.3 | acc=0.3852  (81.4s)  knn=d  k= 13  dexp=6.93  p_grd=0.404  unc_rem=0.440  unc_rel=0.856  drop=0.21  h=32  L=4  lr=0.01  wd=0.0005
  [Trial  60] amazon-ratings_random_0.3 | acc=0.3927  (124.2s)  knn=d  k=  6  dexp=8.60  p_grd=0.484  unc_rem=0.018  unc_rel=0.576  drop=0.76  h=64  L=4  lr=0.0005  wd=0.0005
  [Trial  61] amazon-ratings_random_0.3 | acc=0.3649  (91.1s)  knn=u  k=-    dexp=6.82  p_grd=0.451  unc_rem=0.509  unc_rel=0.653  drop=0.88  h=64  L=1  lr=0.0005  wd=0.0005
  [Trial  62] amazon-ratings_random_0.3 | acc=0.3680  (92.6s)  knn=u  k=-    dexp=9.76  p_grd=0.344  unc_rem=0.236  unc_rel=0.753  drop=0.40  h=128  L=1  lr=0.0005  wd=0.0005
  [Trial  63] amazon-ratings_random_0.3 | acc=0.3902  (135.6s)  knn=u  k=-    dexp=9.21  p_grd=0.393  unc_rem=0.040  unc_rel=0.583  drop=0.49  h=64  L=4  lr=0.01  wd=0.0005
  [Trial  64] amazon-ratings_random_0.3 | acc=0.3429  (100.6s)  knn=p  k= 14  dexp=9.47  p_grd=0.384  unc_rem=0.127  unc_rel=0.848  drop=0.53  h=128  L=4  lr=0.0005  wd=0.01
  [Trial  65] amazon-ratings_random_0.3 | acc=0.3945  (125.8s)  knn=u  k=-    dexp=8.72  p_grd=0.485  unc_rem=0.309  unc_rel=0.997  drop=0.65  h=64  L=4  lr=0.0005  wd=0.0005
  [Trial  66] amazon-ratings_random_0.3 | acc=0.3529  (100.8s)  knn=d  k= 14  dexp=1.63  p_grd=0.427  unc_rem=0.729  unc_rel=0.913  drop=0.40  h=128  L=4  lr=0.0001  wd=0.0005
  [Trial  67] amazon-ratings_random_0.3 | acc=0.3948  (104.2s)  knn=d  k=  8  dexp=5.60  p_grd=0.495  unc_rem=0.482  unc_rel=0.805  drop=0.43  h=128  L=4  lr=0.0005  wd=0.0005
  [Trial  68] amazon-ratings_random_0.3 | acc=0.3907  (103.3s)  knn=d  k=  8  dexp=7.62  p_grd=0.455  unc_rem=0.923  unc_rel=0.703  drop=0.28  h=128  L=4  lr=0.0005  wd=0.0005
  [Trial  69] amazon-ratings_random_0.3 | acc=0.3934  (91.3s)  knn=d  k=  8  dexp=5.94  p_grd=0.483  unc_rem=0.464  unc_rel=0.765  drop=0.36  h=128  L=4  lr=0.0005  wd=0.0005
  [Trial  70] amazon-ratings_random_0.3 | acc=0.3681  (93.6s)  knn=u  k=-    dexp=7.73  p_grd=0.365  unc_rem=0.065  unc_rel=0.791  drop=0.42  h=64  L=4  lr=0.0001  wd=0.1
  [Trial  71] amazon-ratings_random_0.3 | acc=0.3683  (87.2s)  knn=u  k=-    dexp=8.41  p_grd=0.333  unc_rem=0.220  unc_rel=0.917  drop=0.66  h=32  L=4  lr=0.1  wd=0.005
  [Trial  72] amazon-ratings_random_0.3 | acc=0.3688  (83.5s)  knn=u  k=-    dexp=2.98  p_grd=0.321  unc_rem=0.239  unc_rel=0.991  drop=0.66  h=64  L=4  lr=0.0005  wd=0.1
  [Trial  73] amazon-ratings_random_0.3 | acc=0.3684  (84.3s)  knn=u  k=-    dexp=4.63  p_grd=0.474  unc_rem=0.202  unc_rel=0.762  drop=0.81  h=32  L=4  lr=0.0005  wd=0.001
  [Trial  74] amazon-ratings_random_0.3 | acc=0.3680  (84.2s)  knn=d  k= 11  dexp=9.73  p_grd=0.266  unc_rem=0.051  unc_rel=0.982  drop=0.41  h=64  L=4  lr=0.0005  wd=0.05
  [Trial  75] amazon-ratings_random_0.3 | acc=0.3695  (99.5s)  knn=u  k=-    dexp=9.95  p_grd=0.377  unc_rem=0.470  unc_rel=0.820  drop=0.55  h=64  L=4  lr=0.0005  wd=0.05
  [Trial  76] amazon-ratings_random_0.3 | acc=0.3697  (119.8s)  knn=u  k=-    dexp=7.74  p_grd=0.482  unc_rem=0.606  unc_rel=0.711  drop=0.72  h=64  L=4  lr=1e-05  wd=0.0005
  [Trial  77] amazon-ratings_random_0.3 | acc=0.3964  (94.4s)  knn=u  k=-    dexp=7.79  p_grd=0.473  unc_rem=0.126  unc_rel=0.842  drop=0.56  h=64  L=4  lr=0.0005  wd=0.0005
  [Trial  78] amazon-ratings_random_0.3 | acc=0.3685  (108.9s)  knn=u  k=-    dexp=6.78  p_grd=0.469  unc_rem=0.112  unc_rel=0.907  drop=0.56  h=64  L=4  lr=0.005  wd=0.01
  [Trial  79] amazon-ratings_random_0.3 | acc=0.3633  (81.8s)  knn=d  k=  4  dexp=4.88  p_grd=0.470  unc_rem=0.409  unc_rel=0.912  drop=0.36  h=128  L=4  lr=1e-05  wd=5e-05
  [Trial  80] amazon-ratings_random_0.3 | acc=0.3791  (93.6s)  knn=p  k= 11  dexp=1.82  p_grd=0.360  unc_rem=0.273  unc_rel=0.930  drop=0.60  h=32  L=4  lr=0.0005  wd=0.0005
  [Trial  81] amazon-ratings_random_0.3 | acc=0.3541  (89.7s)  knn=d  k=  6  dexp=6.43  p_grd=0.436  unc_rem=0.389  unc_rel=0.667  drop=0.64  h=128  L=2  lr=1e-05  wd=0.0005
  [Trial  82] amazon-ratings_random_0.3 | acc=0.3906  (120.1s)  knn=p  k= 15  dexp=7.01  p_grd=0.439  unc_rem=0.324  unc_rel=0.996  drop=0.76  h=64  L=4  lr=0.0005  wd=0.0005
  [Trial  83] amazon-ratings_random_0.3 | acc=0.3942  (94.7s)  knn=u  k=-    dexp=7.34  p_grd=0.471  unc_rem=0.364  unc_rel=0.867  drop=0.55  h=64  L=4  lr=0.0005  wd=0.0005
  [Trial  84] amazon-ratings_random_0.3 | acc=0.3652  (105.1s)  knn=u  k=-    dexp=3.32  p_grd=0.277  unc_rem=0.178  unc_rel=0.581  drop=0.66  h=16  L=4  lr=0.0005  wd=0.0005
  [Trial  85] amazon-ratings_random_0.3 | acc=0.3853  (138.9s)  knn=u  k=-    dexp=7.24  p_grd=0.476  unc_rem=0.551  unc_rel=0.933  drop=0.37  h=64  L=3  lr=0.0005  wd=0.0005
  [Trial  86] amazon-ratings_random_0.3 | acc=0.3659  (76.5s)  knn=u  k=-    dexp=4.54  p_grd=0.478  unc_rem=0.163  unc_rel=0.693  drop=0.41  h=16  L=4  lr=0.0001  wd=0.0005
  [Trial  87] amazon-ratings_random_0.3 | acc=0.3971  (93.1s)  knn=u  k=-    dexp=6.81  p_grd=0.379  unc_rem=0.214  unc_rel=0.830  drop=0.46  h=64  L=4  lr=0.0005  wd=0.0005
  [Trial  88] amazon-ratings_random_0.3 | acc=0.3985  (84.7s)  knn=u  k=-    dexp=4.97  p_grd=0.358  unc_rem=0.175  unc_rel=0.879  drop=0.41  h=64  L=4  lr=0.0005  wd=1e-05
  [Trial  89] amazon-ratings_random_0.3 | acc=0.3847  (98.6s)  knn=u  k=-    dexp=9.82  p_grd=0.386  unc_rem=0.163  unc_rel=0.555  drop=0.35  h=64  L=3  lr=0.0005  wd=0.0005
  [Trial  90] amazon-ratings_random_0.3 | acc=0.3670  (111.2s)  knn=p  k=  1  dexp=8.10  p_grd=0.492  unc_rem=0.375  unc_rel=0.825  drop=0.44  h=64  L=1  lr=0.0005  wd=0.0001
  [Trial  91] amazon-ratings_random_0.3 | acc=0.3755  (61.9s)  knn=u  k=-    dexp=3.44  p_grd=0.147  unc_rem=0.240  unc_rel=0.738  drop=0.41  h=64  L=4  lr=0.0005  wd=1e-05
  [Trial  92] amazon-ratings_random_0.3 | acc=0.3683  (99.2s)  knn=u  k=-    dexp=5.29  p_grd=0.380  unc_rem=0.580  unc_rel=0.903  drop=0.63  h=128  L=4  lr=0.1  wd=0.0005
  [Trial  93] amazon-ratings_random_0.3 | acc=0.3581  (124.4s)  knn=d  k= 10  dexp=3.51  p_grd=0.472  unc_rem=0.285  unc_rel=0.988  drop=0.31  h=128  L=4  lr=0.0005  wd=0.01
  [Trial  94] amazon-ratings_random_0.3 | acc=0.3764  (116.3s)  knn=p  k= 16  dexp=6.08  p_grd=0.425  unc_rem=0.063  unc_rel=0.812  drop=0.37  h=64  L=4  lr=0.05  wd=0.0005
  [Trial  95] amazon-ratings_random_0.3 | acc=0.3911  (109.1s)  knn=u  k=-    dexp=6.71  p_grd=0.478  unc_rem=0.051  unc_rel=0.616  drop=0.50  h=64  L=4  lr=0.1  wd=0.001
  [Trial  96] amazon-ratings_random_0.3 | acc=0.3924  (85.9s)  knn=u  k=-    dexp=7.17  p_grd=0.352  unc_rem=0.050  unc_rel=0.687  drop=0.34  h=64  L=4  lr=0.0005  wd=5e-05
  [Trial  97] amazon-ratings_random_0.3 | acc=0.3781  (82.9s)  knn=p  k= 10  dexp=4.44  p_grd=0.312  unc_rem=0.284  unc_rel=0.974  drop=0.36  h=64  L=4  lr=0.0005  wd=1e-05
  [Trial  98] amazon-ratings_random_0.3 | acc=0.3772  (94.1s)  knn=s  k=  5  dexp=5.69  p_grd=0.453  unc_rem=0.378  unc_rel=0.575  drop=0.34  h=128  L=1  lr=0.01  wd=0.0005
  [Trial  99] amazon-ratings_random_0.3 | acc=0.3658  (86.7s)  knn=d  k= 13  dexp=5.50  p_grd=0.475  unc_rem=0.751  unc_rel=0.905  drop=0.60  h=16  L=1  lr=0.0005  wd=0.05
  [Trial 100] amazon-ratings_random_0.3 | acc=0.3641  (92.7s)  knn=d  k= 19  dexp=6.11  p_grd=0.313  unc_rem=0.211  unc_rel=0.958  drop=0.41  h=64  L=1  lr=0.0005  wd=0.0005
  [Trial 101] amazon-ratings_random_0.3 | acc=0.3783  (72.5s)  knn=d  k=  8  dexp=6.78  p_grd=0.298  unc_rem=0.097  unc_rel=0.651  drop=0.53  h=32  L=4  lr=0.0005  wd=1e-05
  [Trial 102] amazon-ratings_random_0.3 | acc=0.2706  (91.7s)  knn=u  k=-    dexp=5.15  p_grd=0.378  unc_rem=0.387  unc_rel=0.822  drop=0.23  h=64  L=1  lr=1e-05  wd=1e-05
  [Trial 103] amazon-ratings_random_0.3 | acc=0.3963  (86.1s)  knn=u  k=-    dexp=9.67  p_grd=0.463  unc_rem=0.031  unc_rel=0.903  drop=0.45  h=64  L=4  lr=0.0005  wd=0.0005
  [Trial 104] amazon-ratings_random_0.3 | acc=0.3698  (101.1s)  knn=u  k=-    dexp=8.26  p_grd=0.473  unc_rem=0.020  unc_rel=0.791  drop=0.52  h=64  L=4  lr=1e-05  wd=0.0005
  [Trial 105] amazon-ratings_random_0.3 | acc=0.3776  (71.0s)  knn=u  k=-    dexp=2.15  p_grd=0.369  unc_rem=0.281  unc_rel=0.870  drop=0.31  h=128  L=4  lr=0.05  wd=1e-05
  [Trial 106] amazon-ratings_random_0.3 | acc=0.3955  (112.1s)  knn=u  k=-    dexp=7.60  p_grd=0.486  unc_rem=0.013  unc_rel=0.901  drop=0.27  h=64  L=4  lr=0.0005  wd=0.0005
  [Trial 107] amazon-ratings_random_0.3 | acc=0.3916  (85.7s)  knn=u  k=-    dexp=5.30  p_grd=0.458  unc_rem=0.288  unc_rel=0.611  drop=0.41  h=64  L=4  lr=0.0005  wd=1e-05
  [Trial 108] amazon-ratings_random_0.3 | acc=0.3635  (81.5s)  knn=u  k=-    dexp=7.88  p_grd=0.470  unc_rem=0.207  unc_rel=0.682  drop=0.58  h=16  L=1  lr=0.01  wd=0.01
  [Trial 109] amazon-ratings_random_0.3 | acc=0.2875  (76.0s)  knn=u  k=-    dexp=9.14  p_grd=0.424  unc_rem=0.200  unc_rel=0.898  drop=0.29  h=32  L=4  lr=1e-05  wd=0.0001
  [Trial 110] amazon-ratings_random_0.3 | acc=0.3972  (105.2s)  knn=u  k=-    dexp=7.33  p_grd=0.419  unc_rem=0.013  unc_rel=0.909  drop=0.15  h=64  L=4  lr=0.0005  wd=0.0005
  [Trial 111] amazon-ratings_random_0.3 | acc=0.3873  (88.2s)  knn=u  k=-    dexp=7.23  p_grd=0.420  unc_rem=0.138  unc_rel=0.948  drop=0.34  h=16  L=4  lr=0.01  wd=1e-05
  [Trial 112] amazon-ratings_random_0.3 | acc=0.3914  (72.3s)  knn=p  k=  1  dexp=8.75  p_grd=0.405  unc_rem=0.216  unc_rel=0.938  drop=0.15  h=64  L=4  lr=0.0005  wd=0.0005
  [Trial 113] amazon-ratings_random_0.3 | acc=0.3933  (114.1s)  knn=u  k=-    dexp=9.66  p_grd=0.498  unc_rem=0.130  unc_rel=0.961  drop=0.74  h=64  L=4  lr=0.0005  wd=5e-05
  [Trial 114] amazon-ratings_random_0.3 | acc=0.3941  (69.1s)  knn=u  k=-    dexp=2.96  p_grd=0.384  unc_rem=0.167  unc_rel=0.876  drop=0.11  h=64  L=4  lr=0.0005  wd=0.0005
  [Trial 115] amazon-ratings_random_0.3 | acc=0.3678  (83.4s)  knn=u  k=-    dexp=8.72  p_grd=0.364  unc_rem=0.094  unc_rel=0.720  drop=0.60  h=32  L=4  lr=0.0005  wd=0.1
  [Trial 116] amazon-ratings_random_0.3 | acc=0.3685  (108.8s)  knn=u  k=-    dexp=7.30  p_grd=0.485  unc_rem=0.071  unc_rel=0.928  drop=0.18  h=64  L=4  lr=0.005  wd=0.05
  [Trial 117] amazon-ratings_random_0.3 | acc=0.3972  (96.3s)  knn=u  k=-    dexp=7.99  p_grd=0.310  unc_rem=0.059  unc_rel=0.939  drop=0.18  h=64  L=4  lr=0.0005  wd=0.0005
  [Trial 118] amazon-ratings_random_0.3 | acc=0.3899  (93.8s)  knn=u  k=-    dexp=0.44  p_grd=0.443  unc_rem=0.177  unc_rel=0.755  drop=0.79  h=64  L=4  lr=0.005  wd=0.0001
  [Trial 119] amazon-ratings_random_0.3 | acc=0.3932  (76.9s)  knn=u  k=-    dexp=9.46  p_grd=0.230  unc_rem=0.342  unc_rel=0.967  drop=0.29  h=64  L=4  lr=0.0005  wd=0.0005
  [Trial 120] amazon-ratings_random_0.3 | acc=0.3864  (77.5s)  knn=u  k=-    dexp=6.09  p_grd=0.395  unc_rem=0.059  unc_rel=0.869  drop=0.30  h=64  L=3  lr=0.001  wd=0.0005
  [Trial 121] amazon-ratings_random_0.3 | acc=0.3699  (87.7s)  knn=s  k= 35  dexp=2.17  p_grd=0.477  unc_rem=0.412  unc_rel=0.815  drop=0.86  h=64  L=4  lr=0.0005  wd=0.05
  [Trial 122] amazon-ratings_random_0.3 | acc=0.3762  (119.7s)  knn=u  k=-    dexp=8.25  p_grd=0.450  unc_rem=0.218  unc_rel=0.885  drop=0.33  h=64  L=1  lr=0.05  wd=0.0005
  [Trial 123] amazon-ratings_random_0.3 | acc=0.3661  (75.6s)  knn=u  k=-    dexp=6.18  p_grd=0.367  unc_rem=0.177  unc_rel=0.970  drop=0.15  h=64  L=4  lr=0.0005  wd=0.1
  [Trial 124] amazon-ratings_random_0.3 | acc=0.3966  (85.3s)  knn=u  k=-    dexp=9.57  p_grd=0.400  unc_rem=0.098  unc_rel=0.660  drop=0.38  h=64  L=4  lr=0.0005  wd=0.0005
  [Trial 125] amazon-ratings_random_0.3 | acc=0.3913  (71.7s)  knn=u  k=-    dexp=8.34  p_grd=0.193  unc_rem=0.061  unc_rel=0.646  drop=0.68  h=64  L=4  lr=0.0005  wd=0.0005
  [Trial 126] amazon-ratings_random_0.3 | acc=0.3939  (110.1s)  knn=u  k=-    dexp=7.83  p_grd=0.497  unc_rem=0.042  unc_rel=0.429  drop=0.41  h=64  L=4  lr=0.0005  wd=0.0005
  [Trial 127] amazon-ratings_random_0.3 | acc=0.3965  (105.5s)  knn=u  k=-    dexp=8.87  p_grd=0.455  unc_rem=0.088  unc_rel=0.992  drop=0.34  h=64  L=4  lr=0.0005  wd=0.0005
  [Trial 128] amazon-ratings_random_0.3 | acc=0.3533  (88.7s)  knn=u  k=-    dexp=8.97  p_grd=0.362  unc_rem=0.133  unc_rel=0.841  drop=0.18  h=64  L=4  lr=0.1  wd=0.0005
  [Trial 129] amazon-ratings_random_0.3 | acc=0.3652  (110.7s)  knn=u  k=-    dexp=8.51  p_grd=0.410  unc_rem=0.110  unc_rel=0.943  drop=0.20  h=64  L=1  lr=0.0005  wd=0.0005
  [Trial 130] amazon-ratings_random_0.3 | acc=0.3867  (84.9s)  knn=u  k=-    dexp=7.42  p_grd=0.476  unc_rem=0.015  unc_rel=0.857  drop=0.16  h=64  L=4  lr=0.0005  wd=0.0005
  [Trial 131] amazon-ratings_random_0.3 | acc=0.3802  (88.3s)  knn=u  k=-    dexp=5.53  p_grd=0.338  unc_rem=0.084  unc_rel=0.846  drop=0.16  h=64  L=2  lr=0.005  wd=0.0005
  [Trial 132] amazon-ratings_random_0.3 | acc=0.3963  (94.0s)  knn=u  k=-    dexp=8.44  p_grd=0.360  unc_rem=0.096  unc_rel=0.910  drop=0.55  h=64  L=4  lr=0.0005  wd=0.0001
  [Trial 133] amazon-ratings_random_0.3 | acc=0.3821  (51.6s)  knn=u  k=-    dexp=7.29  p_grd=0.171  unc_rem=0.422  unc_rel=0.780  drop=0.32  h=64  L=4  lr=0.001  wd=0.0001
  [Trial 134] amazon-ratings_random_0.3 | acc=0.3642  (91.4s)  knn=u  k=-    dexp=9.53  p_grd=0.378  unc_rem=0.064  unc_rel=0.914  drop=0.65  h=64  L=1  lr=0.0005  wd=0.005
  [Trial 135] amazon-ratings_random_0.3 | acc=0.3742  (66.3s)  knn=u  k=-    dexp=6.31  p_grd=0.255  unc_rem=0.581  unc_rel=0.619  drop=0.57  h=64  L=1  lr=0.01  wd=0.0001
  [Trial 136] amazon-ratings_random_0.3 | acc=0.3918  (97.3s)  knn=u  k=-    dexp=7.50  p_grd=0.349  unc_rem=0.097  unc_rel=0.910  drop=0.63  h=64  L=4  lr=0.0005  wd=0.0001
  [Trial 137] amazon-ratings_random_0.3 | acc=0.3700  (124.6s)  knn=d  k= 22  dexp=7.60  p_grd=0.382  unc_rem=0.084  unc_rel=0.981  drop=0.33  h=64  L=4  lr=0.0001  wd=0.0005
  [Trial 138] amazon-ratings_random_0.3 | acc=0.3667  (70.3s)  knn=u  k=-    dexp=1.95  p_grd=0.451  unc_rem=0.484  unc_rel=0.969  drop=0.67  h=64  L=1  lr=0.0005  wd=0.0005
  [Trial 139] amazon-ratings_random_0.3 | acc=0.3947  (116.6s)  knn=u  k=-    dexp=9.72  p_grd=0.411  unc_rem=0.127  unc_rel=0.854  drop=0.43  h=64  L=4  lr=0.0005  wd=0.0005
  [Trial 140] amazon-ratings_random_0.3 | acc=0.3669  (80.3s)  knn=u  k=-    dexp=8.06  p_grd=0.432  unc_rem=0.029  unc_rel=0.762  drop=0.57  h=16  L=4  lr=0.0005  wd=0.0005
  [Trial 141] amazon-ratings_random_0.3 | acc=0.3686  (82.5s)  knn=u  k=-    dexp=8.39  p_grd=0.359  unc_rem=0.190  unc_rel=0.937  drop=0.23  h=32  L=4  lr=0.0005  wd=0.005
  [Trial 142] amazon-ratings_random_0.3 | acc=0.3964  (72.4s)  knn=u  k=-    dexp=8.65  p_grd=0.286  unc_rem=0.695  unc_rel=0.292  drop=0.58  h=64  L=4  lr=0.001  wd=5e-05
  [Trial 143] amazon-ratings_random_0.3 | acc=0.3637  (63.3s)  knn=u  k=-    dexp=9.75  p_grd=0.248  unc_rem=0.769  unc_rel=0.358  drop=0.57  h=64  L=4  lr=0.05  wd=5e-05
  [Trial 144] amazon-ratings_random_0.3 | acc=0.3874  (53.6s)  knn=u  k=-    dexp=6.30  p_grd=0.168  unc_rem=0.614  unc_rel=0.106  drop=0.38  h=64  L=4  lr=0.001  wd=5e-05
  [Trial 145] amazon-ratings_random_0.3 | acc=0.3870  (101.0s)  knn=u  k=-    dexp=9.76  p_grd=0.355  unc_rem=0.029  unc_rel=0.911  drop=0.37  h=32  L=4  lr=0.05  wd=0.0005
  [Trial 146] amazon-ratings_random_0.3 | acc=0.3673  (75.9s)  knn=p  k= 21  dexp=7.37  p_grd=0.186  unc_rem=0.596  unc_rel=0.444  drop=0.66  h=64  L=4  lr=0.001  wd=5e-05
  [Trial 147] amazon-ratings_random_0.3 | acc=0.3887  (79.9s)  knn=u  k=-    dexp=2.05  p_grd=0.417  unc_rem=0.296  unc_rel=0.956  drop=0.88  h=128  L=4  lr=0.0005  wd=1e-05
  [Trial 148] amazon-ratings_random_0.3 | acc=0.3696  (130.4s)  knn=s  k= 55  dexp=9.13  p_grd=0.461  unc_rem=0.286  unc_rel=0.519  drop=0.56  h=64  L=4  lr=0.001  wd=0.01
  [Trial 149] amazon-ratings_random_0.3 | acc=0.3965  (82.1s)  knn=u  k=-    dexp=8.72  p_grd=0.333  unc_rem=0.580  unc_rel=0.245  drop=0.54  h=64  L=4  lr=0.001  wd=0.0005
  [Trial 150] amazon-ratings_random_0.3 | acc=0.3986  (74.6s)  knn=u  k=-    dexp=9.41  p_grd=0.228  unc_rem=0.627  unc_rel=0.113  drop=0.73  h=64  L=4  lr=0.001  wd=0.0001
  [Trial 151] amazon-ratings_random_0.3 | acc=0.3926  (75.4s)  knn=u  k=-    dexp=8.35  p_grd=0.301  unc_rem=0.072  unc_rel=0.991  drop=0.32  h=64  L=4  lr=0.01  wd=0.0001
  [Trial 152] amazon-ratings_random_0.3 | acc=0.3689  (73.3s)  knn=u  k=-    dexp=8.27  p_grd=0.336  unc_rem=0.859  unc_rel=0.136  drop=0.56  h=64  L=4  lr=0.001  wd=0.005
  [Trial 153] amazon-ratings_random_0.3 | acc=0.3904  (94.2s)  knn=u  k=-    dexp=7.01  p_grd=0.378  unc_rem=0.608  unc_rel=0.153  drop=0.53  h=32  L=4  lr=0.001  wd=0.0005
  [Trial 154] amazon-ratings_random_0.3 | acc=0.3702  (82.0s)  knn=u  k=-    dexp=6.96  p_grd=0.285  unc_rem=0.515  unc_rel=0.270  drop=0.41  h=64  L=4  lr=0.0001  wd=0.0005
  [Trial 155] amazon-ratings_random_0.3 | acc=0.3723  (90.3s)  knn=u  k=-    dexp=9.39  p_grd=0.306  unc_rem=0.496  unc_rel=0.277  drop=0.70  h=16  L=4  lr=0.005  wd=0.0005
  [Trial 156] amazon-ratings_random_0.3 | acc=0.3933  (89.1s)  knn=u  k=-    dexp=7.98  p_grd=0.423  unc_rem=0.570  unc_rel=0.183  drop=0.69  h=64  L=4  lr=0.0005  wd=0.0005
  [Trial 157] amazon-ratings_random_0.3 | acc=0.3655  (78.6s)  knn=u  k=-    dexp=9.90  p_grd=0.356  unc_rem=0.492  unc_rel=0.342  drop=0.43  h=64  L=1  lr=0.001  wd=0.0005
  [Trial 158] amazon-ratings_random_0.3 | acc=0.3346  (68.6s)  knn=u  k=-    dexp=8.62  p_grd=0.149  unc_rem=0.614  unc_rel=0.087  drop=0.72  h=64  L=1  lr=0.0001  wd=0.0001
  [Trial 159] amazon-ratings_random_0.3 | acc=0.3955  (70.3s)  knn=u  k=-    dexp=6.56  p_grd=0.244  unc_rem=0.736  unc_rel=0.176  drop=0.73  h=64  L=4  lr=0.001  wd=0.0001
  [Trial 160] amazon-ratings_random_0.3 | acc=0.3670  (79.4s)  knn=u  k=-    dexp=7.30  p_grd=0.214  unc_rem=0.814  unc_rel=0.292  drop=0.67  h=64  L=4  lr=1e-05  wd=0.0001
  [Trial 161] amazon-ratings_random_0.3 | acc=0.3930  (84.6s)  knn=u  k=-    dexp=9.62  p_grd=0.275  unc_rem=0.390  unc_rel=0.178  drop=0.69  h=64  L=4  lr=0.001  wd=0.001
  [Trial 162] amazon-ratings_random_0.3 | acc=0.3908  (83.8s)  knn=u  k=-    dexp=8.82  p_grd=0.213  unc_rem=0.654  unc_rel=0.178  drop=0.67  h=64  L=4  lr=0.001  wd=0.0001
  [Trial 163] amazon-ratings_random_0.3 | acc=0.3736  (102.0s)  knn=d  k= 23  dexp=5.66  p_grd=0.270  unc_rem=0.979  unc_rel=0.359  drop=0.89  h=64  L=4  lr=0.001  wd=0.0001
  [Trial 164] amazon-ratings_random_0.3 | acc=0.3962  (121.2s)  knn=u  k=-    dexp=4.25  p_grd=0.363  unc_rem=0.733  unc_rel=0.129  drop=0.69  h=64  L=4  lr=0.001  wd=0.0001
  [Trial 165] amazon-ratings_random_0.3 | acc=0.3954  (90.6s)  knn=u  k=-    dexp=7.93  p_grd=0.287  unc_rem=0.658  unc_rel=0.482  drop=0.58  h=64  L=4  lr=0.001  wd=0.0005
  [Trial 166] amazon-ratings_random_0.3 | acc=0.3747  (68.3s)  knn=u  k=-    dexp=3.91  p_grd=0.167  unc_rem=0.883  unc_rel=0.083  drop=0.63  h=64  L=3  lr=0.001  wd=0.0001
  [Trial 167] amazon-ratings_random_0.3 | acc=0.3985  (87.9s)  knn=u  k=-    dexp=3.34  p_grd=0.379  unc_rem=0.889  unc_rel=0.132  drop=0.64  h=64  L=4  lr=0.001  wd=0.0001
  [Trial 168] amazon-ratings_random_0.3 | acc=0.3702  (103.7s)  knn=p  k= 19  dexp=3.60  p_grd=0.422  unc_rem=0.662  unc_rel=0.070  drop=0.67  h=64  L=4  lr=0.0001  wd=0.0001
  [Trial 169] amazon-ratings_random_0.3 | acc=0.3983  (91.4s)  knn=u  k=-    dexp=3.99  p_grd=0.454  unc_rem=0.905  unc_rel=0.013  drop=0.46  h=64  L=4  lr=0.001  wd=0.0001
  [Trial 170] amazon-ratings_random_0.3 | acc=0.3661  (83.1s)  knn=u  k=-    dexp=3.86  p_grd=0.495  unc_rem=0.897  unc_rel=0.164  drop=0.58  h=64  L=1  lr=0.001  wd=0.0001
  [Trial 171] amazon-ratings_random_0.3 | acc=0.3685  (71.0s)  knn=u  k=-    dexp=2.94  p_grd=0.441  unc_rem=0.814  unc_rel=0.019  drop=0.45  h=16  L=4  lr=0.001  wd=0.05
  [Trial 172] amazon-ratings_random_0.3 | acc=0.3844  (94.0s)  knn=p  k= 23  dexp=7.18  p_grd=0.202  unc_rem=0.322  unc_rel=0.019  drop=0.88  h=64  L=4  lr=0.0005  wd=0.0001
  [Trial 173] amazon-ratings_random_0.3 | acc=0.3715  (86.1s)  knn=u  k=-    dexp=5.40  p_grd=0.418  unc_rem=0.770  unc_rel=0.130  drop=0.70  h=16  L=4  lr=0.001  wd=0.0001
  [Trial 174] amazon-ratings_random_0.3 | acc=0.3701  (74.6s)  knn=u  k=-    dexp=2.42  p_grd=0.339  unc_rem=0.906  unc_rel=0.323  drop=0.86  h=64  L=4  lr=0.0001  wd=0.0001
  [Trial 175] amazon-ratings_random_0.3 | acc=0.3872  (73.5s)  knn=u  k=-    dexp=0.90  p_grd=0.405  unc_rem=0.930  unc_rel=0.127  drop=0.81  h=64  L=4  lr=0.001  wd=0.0001
  [Trial 176] amazon-ratings_random_0.3 | acc=0.3780  (77.4s)  knn=s  k= 60  dexp=3.91  p_grd=0.305  unc_rem=0.328  unc_rel=0.869  drop=0.70  h=64  L=2  lr=0.0005  wd=0.0005
  [Trial 177] amazon-ratings_random_0.3 | acc=0.3944  (86.7s)  knn=u  k=-    dexp=5.04  p_grd=0.391  unc_rem=0.735  unc_rel=0.076  drop=0.21  h=64  L=4  lr=0.0005  wd=0.0001
  [Trial 178] amazon-ratings_random_0.3 | acc=0.3968  (84.1s)  knn=u  k=-    dexp=8.17  p_grd=0.339  unc_rem=0.880  unc_rel=0.387  drop=0.54  h=64  L=4  lr=0.001  wd=5e-05
  [Trial 179] amazon-ratings_random_0.3 | acc=0.3877  (97.7s)  knn=d  k= 18  dexp=2.59  p_grd=0.401  unc_rem=0.846  unc_rel=0.126  drop=0.52  h=128  L=4  lr=0.001  wd=0.0001
  [Trial 180] amazon-ratings_random_0.3 | acc=0.3815  (66.8s)  knn=u  k=-    dexp=0.69  p_grd=0.435  unc_rem=0.896  unc_rel=0.260  drop=0.26  h=64  L=4  lr=0.001  wd=0.0001
  [Trial 181] amazon-ratings_random_0.3 | acc=0.3944  (76.5s)  knn=u  k=-    dexp=8.66  p_grd=0.383  unc_rem=0.654  unc_rel=0.484  drop=0.62  h=64  L=4  lr=0.001  wd=5e-05
  [Trial 182] amazon-ratings_random_0.3 | acc=0.3965  (78.8s)  knn=s  k= 45  dexp=4.29  p_grd=0.300  unc_rem=0.972  unc_rel=0.023  drop=0.41  h=64  L=4  lr=0.001  wd=0.0001
  [Trial 183] amazon-ratings_random_0.3 | acc=0.3853  (76.2s)  knn=s  k= 45  dexp=7.24  p_grd=0.277  unc_rem=0.960  unc_rel=0.182  drop=0.24  h=64  L=4  lr=0.1  wd=0.0001
  [Trial 184] amazon-ratings_random_0.3 | acc=0.3946  (121.6s)  knn=s  k= 35  dexp=5.12  p_grd=0.450  unc_rem=0.957  unc_rel=0.143  drop=0.56  h=64  L=4  lr=0.001  wd=5e-05
  [Trial 185] amazon-ratings_random_0.3 | acc=0.3760  (74.0s)  knn=u  k=-    dexp=1.97  p_grd=0.413  unc_rem=0.308  unc_rel=0.686  drop=0.85  h=64  L=3  lr=0.0005  wd=0.0005
  [Trial 186] amazon-ratings_random_0.3 | acc=0.3969  (118.8s)  knn=s  k= 50  dexp=5.86  p_grd=0.388  unc_rem=0.880  unc_rel=0.322  drop=0.48  h=64  L=4  lr=0.001  wd=0.0001
  [Trial 187] amazon-ratings_random_0.3 | acc=0.3783  (111.7s)  knn=s  k= 50  dexp=4.15  p_grd=0.271  unc_rem=0.842  unc_rel=0.018  drop=0.46  h=32  L=4  lr=0.01  wd=0.0001
  [Trial 188] amazon-ratings_random_0.3 | acc=0.3836  (65.0s)  knn=s  k= 45  dexp=2.49  p_grd=0.177  unc_rem=0.943  unc_rel=0.267  drop=0.43  h=64  L=4  lr=0.001  wd=0.0001
  [Trial 189] amazon-ratings_random_0.3 | acc=0.3685  (63.2s)  knn=u  k=-    dexp=2.34  p_grd=0.305  unc_rem=0.199  unc_rel=0.780  drop=0.80  h=64  L=4  lr=0.0001  wd=0.0005
  [Trial 190] amazon-ratings_random_0.3 | acc=0.3825  (94.0s)  knn=s  k= 60  dexp=3.81  p_grd=0.470  unc_rem=0.893  unc_rel=0.058  drop=0.56  h=64  L=3  lr=0.001  wd=0.0001
  [Trial 191] amazon-ratings_random_0.3 | acc=0.3962  (88.1s)  knn=s  k= 45  dexp=4.28  p_grd=0.397  unc_rem=0.969  unc_rel=0.260  drop=0.35  h=64  L=4  lr=0.001  wd=0.0001
  [Trial 192] amazon-ratings_random_0.3 | acc=0.3805  (89.2s)  knn=u  k=-    dexp=8.87  p_grd=0.491  unc_rem=0.111  unc_rel=0.936  drop=0.43  h=64  L=3  lr=0.1  wd=0.0005
  [Trial 193] amazon-ratings_random_0.3 | acc=0.3881  (57.0s)  knn=u  k=-    dexp=6.52  p_grd=0.262  unc_rem=0.162  unc_rel=0.686  drop=0.35  h=64  L=4  lr=0.005  wd=0.0005
  [Trial 194] amazon-ratings_random_0.3 | acc=0.3697  (138.4s)  knn=u  k=-    dexp=9.00  p_grd=0.466  unc_rem=0.268  unc_rel=0.963  drop=0.38  h=64  L=4  lr=0.0001  wd=0.0005
  [Trial 195] amazon-ratings_random_0.3 | acc=0.3665  (61.3s)  knn=u  k=-    dexp=7.33  p_grd=0.276  unc_rem=0.109  unc_rel=0.760  drop=0.52  h=64  L=1  lr=0.001  wd=0.0001
  [Trial 196] amazon-ratings_random_0.3 | acc=0.3700  (106.3s)  knn=s  k= 35  dexp=7.92  p_grd=0.245  unc_rem=0.682  unc_rel=0.164  drop=0.43  h=64  L=4  lr=0.001  wd=0.01
  [Trial 197] amazon-ratings_random_0.3 | acc=0.3892  (89.4s)  knn=s  k= 50  dexp=8.19  p_grd=0.309  unc_rem=0.876  unc_rel=0.275  drop=0.54  h=128  L=4  lr=0.05  wd=0.0001
  [Trial 198] amazon-ratings_random_0.3 | acc=0.3685  (91.3s)  knn=u  k=-    dexp=4.46  p_grd=0.299  unc_rem=0.962  unc_rel=0.021  drop=0.66  h=64  L=4  lr=0.1  wd=0.05
  [Trial 199] amazon-ratings_random_0.3 | acc=0.3787  (57.1s)  knn=u  k=-    dexp=9.19  p_grd=0.210  unc_rem=0.125  unc_rel=0.825  drop=0.12  h=64  L=2  lr=0.0005  wd=5e-05
  [Trial 200] amazon-ratings_random_0.3 | acc=0.2324  (71.5s)  knn=u  k=-    dexp=8.96  p_grd=0.323  unc_rem=0.203  unc_rel=0.919  drop=0.27  h=16  L=4  lr=1e-05  wd=0.0005

[Optuna] Optimization done. 200/200 trials completed.

[Retest] (amazon-ratings_random_0.3) Testing top-5 configs × 10 seeds...

  [Retest] (amazon-ratings_random_0.3) Config 1/5: (Trial #20, Orig Acc: 0.3988)
           Params: {'knn_mode': 'u', 'dexp': 7.1528723166194474, 'p_grd': 0.3052736626928886, 'unc_rem': 0.4222480285589955, 'unc_rel': 0.5923931444282969, 'dropout': 0.5319129326633905, 'n_hidden': 64, 'n_layer': 4, 'lr': 0.001, 'weight_decay': 0.0001}
    [Retest] amazon-ratings | Config 1 | Run 1/10 | seed=3000 | Acc: 0.3988 | Mean: 0.3988 | Time: 77.3s
    [Retest] amazon-ratings | Config 1 | Run 2/10 | seed=3001 | Acc: 0.3781 | Mean: 0.3884 | Time: 83.6s
    [Retest] amazon-ratings | Config 1 | Run 3/10 | seed=3002 | Acc: 0.3682 | Mean: 0.3817 | Time: 64.4s
    [Retest] amazon-ratings | Config 1 | Run 4/10 | seed=3003 | Acc: 0.3923 | Mean: 0.3843 | Time: 68.2s
    [Retest] amazon-ratings | Config 1 | Run 5/10 | seed=3004 | Acc: 0.3557 | Mean: 0.3786 | Time: 102.4s
    [Retest] amazon-ratings | Config 1 | Run 6/10 | seed=3005 | Acc: 0.3601 | Mean: 0.3755 | Time: 74.2s
    [Retest] amazon-ratings | Config 1 | Run 7/10 | seed=3006 | Acc: 0.3703 | Mean: 0.3748 | Time: 90.7s
    [Retest] amazon-ratings | Config 1 | Run 8/10 | seed=3007 | Acc: 0.3503 | Mean: 0.3717 | Time: 67.9s
    [Retest] amazon-ratings | Config 1 | Run 9/10 | seed=3008 | Acc: 0.3651 | Mean: 0.3710 | Time: 87.6s
    [Retest] amazon-ratings | Config 1 | Run 10/10 | seed=3009 | Acc: 0.3795 | Mean: 0.3718 | Time: 73.4s
  [Retest] Config 1: mean=0.3718 ± 0.0147

  [Retest] (amazon-ratings_random_0.3) Config 2/5: (Trial #149, Orig Acc: 0.3986)
           Params: {'knn_mode': 'u', 'dexp': 9.409315714611823, 'p_grd': 0.22772868584735578, 'unc_rem': 0.6273595566722867, 'unc_rel': 0.11327215523735387, 'dropout': 0.7335869940257004, 'n_hidden': 64, 'n_layer': 4, 'lr': 0.001, 'weight_decay': 0.0001}
    [Retest] amazon-ratings | Config 2 | Run 1/10 | seed=3000 | Acc: 0.3986 | Mean: 0.3986 | Time: 78.6s
    [Retest] amazon-ratings | Config 2 | Run 2/10 | seed=3001 | Acc: 0.3659 | Mean: 0.3823 | Time: 82.1s
    [Retest] amazon-ratings | Config 2 | Run 3/10 | seed=3002 | Acc: 0.3712 | Mean: 0.3786 | Time: 71.5s
    [Retest] amazon-ratings | Config 2 | Run 4/10 | seed=3003 | Acc: 0.3722 | Mean: 0.3770 | Time: 60.5s
    [Retest] amazon-ratings | Config 2 | Run 5/10 | seed=3004 | Acc: 0.3288 | Mean: 0.3673 | Time: 62.0s
    [Retest] amazon-ratings | Config 2 | Run 6/10 | seed=3005 | Acc: 0.3586 | Mean: 0.3659 | Time: 62.3s
    [Retest] amazon-ratings | Config 2 | Run 7/10 | seed=3006 | Acc: 0.3748 | Mean: 0.3671 | Time: 67.5s
    [Retest] amazon-ratings | Config 2 | Run 8/10 | seed=3007 | Acc: 0.3623 | Mean: 0.3665 | Time: 66.0s
    [Retest] amazon-ratings | Config 2 | Run 9/10 | seed=3008 | Acc: 0.3664 | Mean: 0.3665 | Time: 67.3s
    [Retest] amazon-ratings | Config 2 | Run 10/10 | seed=3009 | Acc: 0.3765 | Mean: 0.3675 | Time: 70.0s
  [Retest] Config 2: mean=0.3675 ± 0.0166

  [Retest] (amazon-ratings_random_0.3) Config 3/5: (Trial #87, Orig Acc: 0.3985)
           Params: {'knn_mode': 'u', 'dexp': 4.97330218922391, 'p_grd': 0.3584365165382979, 'unc_rem': 0.17479152173154341, 'unc_rel': 0.8791711813792528, 'dropout': 0.4115406951359182, 'n_hidden': 64, 'n_layer': 4, 'lr': 0.0005, 'weight_decay': 1e-05}
    [Retest] amazon-ratings | Config 3 | Run 1/10 | seed=3000 | Acc: 0.3988 | Mean: 0.3988 | Time: 106.4s
    [Retest] amazon-ratings | Config 3 | Run 2/10 | seed=3001 | Acc: 0.3455 | Mean: 0.3722 | Time: 71.2s
    [Retest] amazon-ratings | Config 3 | Run 3/10 | seed=3002 | Acc: 0.3661 | Mean: 0.3702 | Time: 80.8s
    [Retest] amazon-ratings | Config 3 | Run 4/10 | seed=3003 | Acc: 0.3731 | Mean: 0.3709 | Time: 73.4s
    [Retest] amazon-ratings | Config 3 | Run 5/10 | seed=3004 | Acc: 0.3578 | Mean: 0.3683 | Time: 81.6s
    [Retest] amazon-ratings | Config 3 | Run 6/10 | seed=3005 | Acc: 0.3557 | Mean: 0.3662 | Time: 75.4s
    [Retest] amazon-ratings | Config 3 | Run 7/10 | seed=3006 | Acc: 0.3810 | Mean: 0.3683 | Time: 78.8s
    [Retest] amazon-ratings | Config 3 | Run 8/10 | seed=3007 | Acc: 0.3435 | Mean: 0.3652 | Time: 74.0s
    [Retest] amazon-ratings | Config 3 | Run 9/10 | seed=3008 | Acc: 0.3659 | Mean: 0.3653 | Time: 85.2s
    [Retest] amazon-ratings | Config 3 | Run 10/10 | seed=3009 | Acc: 0.3865 | Mean: 0.3674 | Time: 73.7s
  [Retest] Config 3: mean=0.3674 ± 0.0169

  [Retest] (amazon-ratings_random_0.3) Config 4/5: (Trial #166, Orig Acc: 0.3985)
           Params: {'knn_mode': 'u', 'dexp': 3.343590905994966, 'p_grd': 0.37917151920837483, 'unc_rem': 0.8885636127293826, 'unc_rel': 0.132347311077805, 'dropout': 0.6370659719802181, 'n_hidden': 64, 'n_layer': 4, 'lr': 0.001, 'weight_decay': 0.0001}
    [Retest] amazon-ratings | Config 4 | Run 1/10 | seed=3000 | Acc: 0.3964 | Mean: 0.3964 | Time: 65.4s
    [Retest] amazon-ratings | Config 4 | Run 2/10 | seed=3001 | Acc: 0.3629 | Mean: 0.3797 | Time: 81.0s
    [Retest] amazon-ratings | Config 4 | Run 3/10 | seed=3002 | Acc: 0.3672 | Mean: 0.3755 | Time: 120.2s
    [Retest] amazon-ratings | Config 4 | Run 4/10 | seed=3003 | Acc: 0.3792 | Mean: 0.3764 | Time: 86.7s
    [Retest] amazon-ratings | Config 4 | Run 5/10 | seed=3004 | Acc: 0.3652 | Mean: 0.3742 | Time: 95.2s
    [Retest] amazon-ratings | Config 4 | Run 6/10 | seed=3005 | Acc: 0.3517 | Mean: 0.3704 | Time: 73.3s
    [Retest] amazon-ratings | Config 4 | Run 7/10 | seed=3006 | Acc: 0.3745 | Mean: 0.3710 | Time: 86.3s
    [Retest] amazon-ratings | Config 4 | Run 8/10 | seed=3007 | Acc: 0.3590 | Mean: 0.3695 | Time: 79.4s
    [Retest] amazon-ratings | Config 4 | Run 9/10 | seed=3008 | Acc: 0.3669 | Mean: 0.3692 | Time: 84.9s
    [Retest] amazon-ratings | Config 4 | Run 10/10 | seed=3009 | Acc: 0.3855 | Mean: 0.3708 | Time: 74.8s
  [Retest] Config 4: mean=0.3708 ± 0.0126

  [Retest] (amazon-ratings_random_0.3) Config 5/5: (Trial #168, Orig Acc: 0.3983)
           Params: {'knn_mode': 'u', 'dexp': 3.9880989094067805, 'p_grd': 0.4544564430337762, 'unc_rem': 0.9052628403196515, 'unc_rel': 0.012505597702589355, 'dropout': 0.4587096229304127, 'n_hidden': 64, 'n_layer': 4, 'lr': 0.001, 'weight_decay': 0.0001}
    [Retest] amazon-ratings | Config 5 | Run 1/10 | seed=3000 | Acc: 0.3983 | Mean: 0.3983 | Time: 94.9s
    [Retest] amazon-ratings | Config 5 | Run 2/10 | seed=3001 | Acc: 0.3735 | Mean: 0.3859 | Time: 87.2s
    [Retest] amazon-ratings | Config 5 | Run 3/10 | seed=3002 | Acc: 0.3745 | Mean: 0.3821 | Time: 97.8s
    [Retest] amazon-ratings | Config 5 | Run 4/10 | seed=3003 | Acc: 0.3885 | Mean: 0.3837 | Time: 127.0s
    [Retest] amazon-ratings | Config 5 | Run 5/10 | seed=3004 | Acc: 0.3586 | Mean: 0.3787 | Time: 106.3s
    [Retest] amazon-ratings | Config 5 | Run 6/10 | seed=3005 | Acc: 0.3576 | Mean: 0.3752 | Time: 93.5s
    [Retest] amazon-ratings | Config 5 | Run 7/10 | seed=3006 | Acc: 0.3787 | Mean: 0.3757 | Time: 181.9s
    [Retest] amazon-ratings | Config 5 | Run 8/10 | seed=3007 | Acc: 0.3383 | Mean: 0.3710 | Time: 108.5s
    [Retest] amazon-ratings | Config 5 | Run 9/10 | seed=3008 | Acc: 0.3734 | Mean: 0.3713 | Time: 92.5s
    [Retest] amazon-ratings | Config 5 | Run 10/10 | seed=3009 | Acc: 0.3815 | Mean: 0.3723 | Time: 100.0s
  [Retest] Config 5: mean=0.3723 ± 0.0162

[Optuna] Success: Best config saved to log/hpo_db.json:
         {'knn_mode': 'u', 'dexp': 3.9880989094067805, 'p_grd': 0.4544564430337762, 'unc_rem': 0.9052628403196515, 'unc_rel': 0.012505597702589355, 'dropout': 0.4587096229304127, 'n_hidden': 64, 'n_layer': 4, 'lr': 0.001, 'weight_decay': 0.0001}
[Optuna] Success: Best retest mean accuracy: 0.3723
[Optuna] Success: Done marker: ./log/nni_done\lnpcc_amazon-ratings_random_0.3.done
  [HPO] Done marker saved: ./log/nni_done\lnpcc_amazon-ratings_random_0.3.done
[total_exp] --hpo_only: skipping benchmark runs.
[worker] OK DONE  hpo_amazon-ratings_random_0.3  gpu=1  384.7 min  rc=0
