[worker] START  hpo_roman-empire_uniform_0.4  gpu=0
======================================================================
GCN + LN-PCC -- NoisyGL Benchmark (Unified)
Start          : 2026-04-17 16:58:40
Variants       : ['lnpcc']
Datasets       : ['roman-empire']
Noise          : [[0.4, 'uniform']]
Runs           : 10  (seeds 3000..3009)
Device         : cuda:0
======================================================================

[HPO] Optimizing lnpcc on roman-empire_uniform_0.4 (max_trials=200, max_k_same=60)

[Optuna] Scenario: roman-empire_uniform_0.4  (max_trials=200, startup=20)
  [Trial   1] roman-empire_uniform_0.4 | acc=0.1718  (744.0s)  knn=d  k= 14  dexp=7.40  p_grd=0.421  unc_rem=0.161  unc_rel=0.537  drop=0.52  h=128  L=3  lr=0.1  wd=0.05
  [Trial   2] roman-empire_uniform_0.4 | acc=0.1320  (233.6s)  knn=d  k= 17  dexp=0.88  p_grd=0.193  unc_rem=0.850  unc_rel=0.092  drop=0.89  h=128  L=3  lr=1e-05  wd=0.1
  [Trial   3] roman-empire_uniform_0.4 | acc=0.0701  (251.1s)  knn=s  k= 60  dexp=4.63  p_grd=0.375  unc_rem=0.959  unc_rel=0.839  drop=0.11  h=16  L=4  lr=1e-05  wd=0.1
  [Trial   4] roman-empire_uniform_0.4 | acc=0.2269  (259.5s)  knn=s  k= 20  dexp=3.86  p_grd=0.215  unc_rem=0.881  unc_rel=0.612  drop=0.58  h=32  L=3  lr=0.005  wd=0.001
  [Trial   5] roman-empire_uniform_0.4 | acc=0.2080  (201.8s)  knn=u  k=-    dexp=8.18  p_grd=0.344  unc_rem=0.346  unc_rel=0.828  drop=0.50  h=64  L=4  lr=0.001  wd=0.001
  [Trial   6] roman-empire_uniform_0.4 | acc=0.2826  (226.6s)  knn=s  k= 60  dexp=9.63  p_grd=0.431  unc_rem=0.779  unc_rel=0.683  drop=0.44  h=32  L=1  lr=0.1  wd=0.01
  [Trial   7] roman-empire_uniform_0.4 | acc=0.1517  (304.0s)  knn=d  k= 22  dexp=8.98  p_grd=0.186  unc_rem=0.562  unc_rel=0.930  drop=0.36  h=32  L=3  lr=0.0001  wd=0.005
  [Trial   8] roman-empire_uniform_0.4 | acc=0.2617  (202.6s)  knn=d  k= 15  dexp=2.27  p_grd=0.167  unc_rem=0.876  unc_rel=0.021  drop=0.20  h=128  L=3  lr=0.1  wd=0.005
  [Trial   9] roman-empire_uniform_0.4 | acc=0.3183  (482.1s)  knn=p  k= 21  dexp=7.05  p_grd=0.405  unc_rem=0.819  unc_rel=0.209  drop=0.56  h=32  L=2  lr=0.01  wd=1e-05
  [Trial  10] roman-empire_uniform_0.4 | acc=0.2343  (684.5s)  knn=d  k= 23  dexp=5.37  p_grd=0.494  unc_rem=0.196  unc_rel=0.286  drop=0.68  h=64  L=3  lr=0.05  wd=0.005
  [Trial  11] roman-empire_uniform_0.4 | acc=0.1692  (242.9s)  knn=s  k= 10  dexp=6.60  p_grd=0.444  unc_rem=0.958  unc_rel=0.876  drop=0.66  h=16  L=4  lr=0.05  wd=1e-05
  [Trial  12] roman-empire_uniform_0.4 | acc=0.2316  (133.1s)  knn=u  k=-    dexp=8.76  p_grd=0.091  unc_rem=0.305  unc_rel=0.438  drop=0.14  h=64  L=3  lr=0.001  wd=0.0001
  [Trial  13] roman-empire_uniform_0.4 | acc=0.1870  (283.6s)  knn=p  k=  9  dexp=7.90  p_grd=0.228  unc_rem=0.196  unc_rel=0.065  drop=0.88  h=16  L=4  lr=0.1  wd=0.005
  [Trial  14] roman-empire_uniform_0.4 | acc=0.1581  (186.6s)  knn=s  k= 20  dexp=4.82  p_grd=0.311  unc_rem=0.084  unc_rel=0.251  drop=0.17  h=32  L=2  lr=0.0005  wd=0.005
  [Trial  15] roman-empire_uniform_0.4 | acc=0.2031  (354.2s)  knn=d  k=  5  dexp=1.73  p_grd=0.294  unc_rem=0.145  unc_rel=0.870  drop=0.67  h=32  L=1  lr=0.0001  wd=0.001
  [Trial  16] roman-empire_uniform_0.4 | acc=0.0502  (393.6s)  knn=p  k= 15  dexp=1.15  p_grd=0.289  unc_rem=0.335  unc_rel=0.495  drop=0.39  h=64  L=4  lr=1e-05  wd=0.0005
  [Trial  17] roman-empire_uniform_0.4 | acc=0.1592  (278.1s)  knn=p  k= 10  dexp=8.27  p_grd=0.189  unc_rem=0.042  unc_rel=0.304  drop=0.53  h=32  L=4  lr=0.005  wd=0.005
  [Trial  18] roman-empire_uniform_0.4 | acc=0.1677  (232.9s)  knn=d  k=  3  dexp=2.21  p_grd=0.206  unc_rem=0.616  unc_rel=0.167  drop=0.40  h=64  L=3  lr=0.005  wd=0.01
  [Trial  19] roman-empire_uniform_0.4 | acc=0.2838  (437.5s)  knn=p  k= 13  dexp=3.83  p_grd=0.476  unc_rem=0.774  unc_rel=0.043  drop=0.57  h=128  L=1  lr=0.001  wd=5e-05
  [Trial  20] roman-empire_uniform_0.4 | acc=0.2877  (132.2s)  knn=u  k=-    dexp=6.93  p_grd=0.170  unc_rem=0.841  unc_rel=0.089  drop=0.61  h=16  L=2  lr=0.01  wd=5e-05
  [Trial  21] roman-empire_uniform_0.4 | acc=0.2986  (155.5s)  knn=u  k=-    dexp=6.27  p_grd=0.160  unc_rem=0.801  unc_rel=0.098  drop=0.63  h=64  L=2  lr=0.01  wd=5e-05
  [Trial  22] roman-empire_uniform_0.4 | acc=0.3277  (411.9s)  knn=p  k= 23  dexp=8.50  p_grd=0.268  unc_rem=0.954  unc_rel=0.078  drop=0.64  h=32  L=2  lr=0.01  wd=1e-05
  [Trial  23] roman-empire_uniform_0.4 | acc=0.3085  (556.8s)  knn=d  k= 24  dexp=8.47  p_grd=0.317  unc_rem=0.952  unc_rel=0.110  drop=0.68  h=32  L=1  lr=0.005  wd=1e-05
  [Trial  24] roman-empire_uniform_0.4 | acc=0.2447  (412.0s)  knn=p  k= 24  dexp=8.14  p_grd=0.254  unc_rem=0.868  unc_rel=0.153  drop=0.73  h=32  L=2  lr=0.0005  wd=1e-05
  [Trial  25] roman-empire_uniform_0.4 | acc=0.1851  (466.9s)  knn=d  k= 24  dexp=9.66  p_grd=0.365  unc_rem=0.951  unc_rel=0.144  drop=0.76  h=32  L=1  lr=0.005  wd=0.05
  [Trial  26] roman-empire_uniform_0.4 | acc=0.3103  (616.5s)  knn=p  k= 24  dexp=7.68  p_grd=0.499  unc_rem=0.999  unc_rel=0.218  drop=0.22  h=32  L=2  lr=0.005  wd=1e-05
  [Trial  27] roman-empire_uniform_0.4 | acc=0.3223  (566.6s)  knn=p  k= 20  dexp=6.54  p_grd=0.400  unc_rem=0.696  unc_rel=0.197  drop=0.16  h=128  L=2  lr=0.005  wd=1e-05
  [Trial  28] roman-empire_uniform_0.4 | acc=0.1653  (422.7s)  knn=p  k= 19  dexp=6.84  p_grd=0.312  unc_rem=0.628  unc_rel=0.201  drop=0.32  h=128  L=2  lr=0.0001  wd=0.01
  [Trial  29] roman-empire_uniform_0.4 | acc=0.3206  (364.8s)  knn=d  k= 18  dexp=7.60  p_grd=0.260  unc_rem=0.793  unc_rel=0.021  drop=0.40  h=32  L=2  lr=0.01  wd=0.0005
  [Trial  30] roman-empire_uniform_0.4 | acc=0.3009  (354.5s)  knn=d  k= 18  dexp=7.52  p_grd=0.291  unc_rem=0.815  unc_rel=0.012  drop=0.37  h=32  L=2  lr=0.001  wd=0.0005
  [Trial  31] roman-empire_uniform_0.4 | acc=0.3077  (451.3s)  knn=d  k= 18  dexp=5.02  p_grd=0.334  unc_rem=0.677  unc_rel=0.357  drop=0.10  h=128  L=2  lr=0.05  wd=1e-05
  [Trial  32] roman-empire_uniform_0.4 | acc=0.3226  (468.9s)  knn=p  k= 20  dexp=7.49  p_grd=0.467  unc_rem=0.521  unc_rel=0.316  drop=0.67  h=64  L=2  lr=0.01  wd=1e-05
  [Trial  33] roman-empire_uniform_0.4 | acc=0.3135  (436.8s)  knn=p  k= 19  dexp=8.30  p_grd=0.337  unc_rem=0.723  unc_rel=0.251  drop=0.23  h=128  L=1  lr=0.005  wd=0.0001
  [Trial  34] roman-empire_uniform_0.4 | acc=0.3153  (476.6s)  knn=p  k= 19  dexp=8.48  p_grd=0.331  unc_rem=0.421  unc_rel=0.503  drop=0.76  h=64  L=1  lr=0.01  wd=1e-05
  [Trial  35] roman-empire_uniform_0.4 | acc=0.0196  (571.0s)  knn=d  k= 18  dexp=6.33  p_grd=0.442  unc_rem=0.730  unc_rel=0.435  drop=0.77  h=64  L=2  lr=1e-05  wd=1e-05
  [Trial  36] roman-empire_uniform_0.4 | acc=0.2816  (478.8s)  knn=p  k= 21  dexp=7.67  p_grd=0.455  unc_rem=0.409  unc_rel=0.445  drop=0.64  h=64  L=2  lr=0.1  wd=1e-05
  [Trial  37] roman-empire_uniform_0.4 | acc=0.1423  (394.4s)  knn=p  k= 16  dexp=8.65  p_grd=0.188  unc_rem=0.953  unc_rel=0.018  drop=0.70  h=64  L=3  lr=0.001  wd=0.05
  [Trial  38] roman-empire_uniform_0.4 | acc=0.2499  (389.6s)  knn=d  k= 20  dexp=4.93  p_grd=0.297  unc_rem=0.713  unc_rel=0.165  drop=0.42  h=32  L=3  lr=0.01  wd=5e-05
  [Trial  39] roman-empire_uniform_0.4 | acc=0.1961  (347.5s)  knn=p  k= 17  dexp=5.33  p_grd=0.257  unc_rem=0.739  unc_rel=0.134  drop=0.33  h=16  L=4  lr=0.005  wd=1e-05
  [Trial  40] roman-empire_uniform_0.4 | acc=0.3311  (584.8s)  knn=p  k= 24  dexp=3.32  p_grd=0.413  unc_rem=0.737  unc_rel=0.413  drop=0.22  h=64  L=2  lr=0.005  wd=5e-05
  [Trial  41] roman-empire_uniform_0.4 | acc=0.3252  (581.9s)  knn=p  k= 24  dexp=3.50  p_grd=0.477  unc_rem=0.504  unc_rel=0.531  drop=0.22  h=128  L=2  lr=0.005  wd=0.005
  [Trial  42] roman-empire_uniform_0.4 | acc=0.3354  (651.2s)  knn=p  k= 24  dexp=4.67  p_grd=0.450  unc_rem=0.483  unc_rel=0.600  drop=0.13  h=128  L=2  lr=0.005  wd=0.005
  [Trial  43] roman-empire_uniform_0.4 | acc=0.3237  (464.0s)  knn=p  k= 24  dexp=4.11  p_grd=0.310  unc_rem=0.442  unc_rel=0.529  drop=0.35  h=64  L=2  lr=0.005  wd=0.005
  [Trial  44] roman-empire_uniform_0.4 | acc=0.3189  (581.9s)  knn=p  k= 24  dexp=1.21  p_grd=0.471  unc_rem=0.796  unc_rel=0.344  drop=0.24  h=64  L=2  lr=0.01  wd=5e-05
  [Trial  45] roman-empire_uniform_0.4 | acc=0.3227  (540.8s)  knn=p  k= 24  dexp=5.11  p_grd=0.416  unc_rem=0.577  unc_rel=0.822  drop=0.27  h=128  L=2  lr=0.005  wd=0.005
  [Trial  46] roman-empire_uniform_0.4 | acc=0.3318  (491.5s)  knn=p  k= 24  dexp=4.14  p_grd=0.356  unc_rem=0.442  unc_rel=0.452  drop=0.32  h=64  L=2  lr=0.005  wd=5e-05
  [Trial  47] roman-empire_uniform_0.4 | acc=0.3192  (237.1s)  knn=s  k= 40  dexp=2.91  p_grd=0.470  unc_rem=0.456  unc_rel=0.446  drop=0.15  h=128  L=2  lr=0.005  wd=0.001
  [Trial  48] roman-empire_uniform_0.4 | acc=0.2946  (566.2s)  knn=p  k= 24  dexp=1.74  p_grd=0.432  unc_rem=0.662  unc_rel=0.268  drop=0.32  h=64  L=1  lr=0.005  wd=0.001
  [Trial  49] roman-empire_uniform_0.4 | acc=0.2865  (210.4s)  knn=s  k= 35  dexp=3.30  p_grd=0.373  unc_rem=0.698  unc_rel=0.538  drop=0.23  h=32  L=2  lr=0.001  wd=5e-05
  [Trial  50] roman-empire_uniform_0.4 | acc=0.3035  (197.8s)  knn=u  k=-    dexp=6.50  p_grd=0.361  unc_rem=0.230  unc_rel=0.360  drop=0.33  h=64  L=2  lr=0.005  wd=5e-05
  [Trial  51] roman-empire_uniform_0.4 | acc=0.1305  (480.9s)  knn=p  k= 24  dexp=3.37  p_grd=0.387  unc_rem=0.094  unc_rel=0.324  drop=0.15  h=128  L=4  lr=1e-05  wd=0.005
  [Trial  52] roman-empire_uniform_0.4 | acc=0.2924  (324.0s)  knn=p  k= 24  dexp=5.80  p_grd=0.189  unc_rem=0.340  unc_rel=0.479  drop=0.31  h=64  L=2  lr=0.005  wd=0.005
  [Trial  53] roman-empire_uniform_0.4 | acc=0.0589  (249.9s)  knn=u  k=-    dexp=3.94  p_grd=0.425  unc_rem=0.610  unc_rel=0.341  drop=0.24  h=128  L=2  lr=1e-05  wd=0.005
  [Trial  54] roman-empire_uniform_0.4 | acc=0.2504  (517.5s)  knn=p  k= 24  dexp=3.41  p_grd=0.427  unc_rem=0.535  unc_rel=0.602  drop=0.53  h=64  L=3  lr=0.005  wd=0.005
  [Trial  55] roman-empire_uniform_0.4 | acc=0.1739  (554.6s)  knn=d  k= 24  dexp=3.77  p_grd=0.407  unc_rem=0.608  unc_rel=0.378  drop=0.42  h=64  L=2  lr=0.005  wd=0.05
  [Trial  56] roman-empire_uniform_0.4 | acc=0.3132  (355.9s)  knn=p  k= 24  dexp=7.97  p_grd=0.227  unc_rem=0.924  unc_rel=0.097  drop=0.54  h=16  L=1  lr=0.01  wd=1e-05
  [Trial  57] roman-empire_uniform_0.4 | acc=0.3071  (480.1s)  knn=p  k= 24  dexp=2.22  p_grd=0.221  unc_rem=0.791  unc_rel=0.612  drop=0.27  h=32  L=2  lr=0.005  wd=0.0001
  [Trial  58] roman-empire_uniform_0.4 | acc=0.3026  (498.4s)  knn=p  k= 24  dexp=0.98  p_grd=0.402  unc_rem=0.265  unc_rel=0.437  drop=0.24  h=128  L=2  lr=0.005  wd=0.005
  [Trial  59] roman-empire_uniform_0.4 | acc=0.3156  (448.1s)  knn=p  k= 23  dexp=4.51  p_grd=0.301  unc_rem=0.253  unc_rel=0.438  drop=0.34  h=64  L=2  lr=0.001  wd=5e-05
  [Trial  60] roman-empire_uniform_0.4 | acc=0.2820  (367.8s)  knn=p  k= 24  dexp=9.47  p_grd=0.219  unc_rem=0.991  unc_rel=0.016  drop=0.77  h=32  L=2  lr=0.01  wd=0.01
  [Trial  61] roman-empire_uniform_0.4 | acc=0.3078  (157.5s)  knn=s  k= 50  dexp=3.05  p_grd=0.326  unc_rem=0.506  unc_rel=0.509  drop=0.39  h=64  L=2  lr=0.005  wd=5e-05
  [Trial  62] roman-empire_uniform_0.4 | acc=0.0618  (494.2s)  knn=p  k= 24  dexp=7.49  p_grd=0.433  unc_rem=0.316  unc_rel=0.785  drop=0.27  h=128  L=2  lr=1e-05  wd=0.005
  [Trial  63] roman-empire_uniform_0.4 | acc=0.3181  (560.9s)  knn=p  k= 24  dexp=5.72  p_grd=0.491  unc_rem=0.542  unc_rel=0.753  drop=0.39  h=128  L=2  lr=0.005  wd=0.0001
  [Trial  64] roman-empire_uniform_0.4 | acc=0.3179  (999.2s)  knn=p  k= 23  dexp=3.95  p_grd=0.403  unc_rem=0.627  unc_rel=0.995  drop=0.38  h=32  L=2  lr=0.005  wd=0.005
  [Trial  65] roman-empire_uniform_0.4 | acc=0.1921  (617.1s)  knn=p  k= 24  dexp=2.66  p_grd=0.485  unc_rem=0.507  unc_rel=0.500  drop=0.18  h=128  L=1  lr=0.1  wd=0.1
  [Trial  66] roman-empire_uniform_0.4 | acc=0.3305  (580.0s)  knn=p  k= 22  dexp=3.32  p_grd=0.477  unc_rem=0.552  unc_rel=0.576  drop=0.24  h=16  L=2  lr=0.01  wd=0.005
  [Trial  67] roman-empire_uniform_0.4 | acc=0.1873  (500.6s)  knn=p  k= 21  dexp=4.71  p_grd=0.371  unc_rem=0.556  unc_rel=0.449  drop=0.21  h=16  L=3  lr=0.01  wd=0.01
  [Trial  68] roman-empire_uniform_0.4 | acc=0.1853  (273.2s)  knn=p  k=  1  dexp=4.12  p_grd=0.464  unc_rem=0.388  unc_rel=0.344  drop=0.23  h=16  L=4  lr=0.005  wd=5e-05
  [Trial  69] roman-empire_uniform_0.4 | acc=0.2771  (476.1s)  knn=d  k= 21  dexp=3.54  p_grd=0.451  unc_rem=0.512  unc_rel=0.553  drop=0.16  h=128  L=1  lr=0.001  wd=0.005
  [Trial  70] roman-empire_uniform_0.4 | acc=0.3016  (212.9s)  knn=s  k= 35  dexp=2.39  p_grd=0.445  unc_rem=0.699  unc_rel=0.493  drop=0.40  h=16  L=2  lr=0.01  wd=0.005
  [Trial  71] roman-empire_uniform_0.4 | acc=0.2033  (615.9s)  knn=p  k= 21  dexp=1.89  p_grd=0.451  unc_rem=0.635  unc_rel=0.588  drop=0.22  h=16  L=2  lr=0.0005  wd=0.001
  [Trial  72] roman-empire_uniform_0.4 | acc=0.3315  (519.1s)  knn=p  k= 23  dexp=3.84  p_grd=0.365  unc_rem=0.369  unc_rel=0.656  drop=0.25  h=16  L=2  lr=0.01  wd=0.005
  [Trial  73] roman-empire_uniform_0.4 | acc=0.2085  (562.9s)  knn=p  k= 22  dexp=4.58  p_grd=0.440  unc_rem=0.553  unc_rel=0.577  drop=0.18  h=16  L=2  lr=0.001  wd=0.005
  [Trial  74] roman-empire_uniform_0.4 | acc=0.3286  (429.7s)  knn=p  k= 22  dexp=4.43  p_grd=0.263  unc_rem=0.429  unc_rel=0.572  drop=0.16  h=32  L=2  lr=0.01  wd=0.005
  [Trial  75] roman-empire_uniform_0.4 | acc=0.2567  (540.8s)  knn=p  k= 21  dexp=4.23  p_grd=0.402  unc_rem=0.801  unc_rel=0.566  drop=0.10  h=64  L=3  lr=0.005  wd=5e-05
  [Trial  76] roman-empire_uniform_0.4 | acc=0.1678  (501.0s)  knn=p  k= 21  dexp=1.88  p_grd=0.419  unc_rem=0.194  unc_rel=0.768  drop=0.27  h=16  L=2  lr=0.01  wd=0.1
  [Trial  77] roman-empire_uniform_0.4 | acc=0.2347  (440.0s)  knn=p  k= 21  dexp=8.38  p_grd=0.264  unc_rem=0.927  unc_rel=0.256  drop=0.66  h=32  L=3  lr=0.05  wd=0.0005
  [Trial  78] roman-empire_uniform_0.4 | acc=0.2576  (383.1s)  knn=p  k= 21  dexp=6.73  p_grd=0.215  unc_rem=0.103  unc_rel=0.429  drop=0.13  h=32  L=3  lr=0.01  wd=0.005
  [Trial  79] roman-empire_uniform_0.4 | acc=0.3315  (526.4s)  knn=p  k= 22  dexp=3.95  p_grd=0.348  unc_rem=0.409  unc_rel=0.573  drop=0.19  h=32  L=2  lr=0.01  wd=0.005
  [Trial  80] roman-empire_uniform_0.4 | acc=0.3314  (499.6s)  knn=p  k= 20  dexp=7.16  p_grd=0.363  unc_rem=0.273  unc_rel=0.516  drop=0.35  h=32  L=2  lr=0.01  wd=0.0005
  [Trial  81] roman-empire_uniform_0.4 | acc=0.3288  (336.3s)  knn=p  k= 19  dexp=5.52  p_grd=0.295  unc_rem=0.363  unc_rel=0.788  drop=0.21  h=32  L=2  lr=0.01  wd=5e-05
  [Trial  82] roman-empire_uniform_0.4 | acc=0.2640  (366.5s)  knn=p  k= 18  dexp=5.56  p_grd=0.301  unc_rem=0.242  unc_rel=0.787  drop=0.15  h=32  L=2  lr=0.0005  wd=5e-05
  [Trial  83] roman-empire_uniform_0.4 | acc=0.3352  (408.4s)  knn=p  k= 19  dexp=4.01  p_grd=0.321  unc_rem=0.547  unc_rel=0.378  drop=0.10  h=32  L=2  lr=0.01  wd=0.0005
  [Trial  84] roman-empire_uniform_0.4 | acc=0.3231  (420.6s)  knn=p  k= 14  dexp=8.37  p_grd=0.471  unc_rem=0.288  unc_rel=0.306  drop=0.49  h=32  L=2  lr=0.01  wd=0.0005
  [Trial  85] roman-empire_uniform_0.4 | acc=0.2370  (413.9s)  knn=p  k= 18  dexp=6.14  p_grd=0.309  unc_rem=0.562  unc_rel=0.544  drop=0.22  h=32  L=4  lr=0.05  wd=0.0005
  [Trial  86] roman-empire_uniform_0.4 | acc=0.2960  (383.3s)  knn=p  k= 18  dexp=9.91  p_grd=0.354  unc_rem=0.436  unc_rel=0.601  drop=0.24  h=32  L=2  lr=0.001  wd=0.0005
  [Trial  87] roman-empire_uniform_0.4 | acc=0.3131  (220.1s)  knn=u  k=-    dexp=4.99  p_grd=0.314  unc_rem=0.335  unc_rel=0.798  drop=0.44  h=16  L=2  lr=0.01  wd=0.005
  [Trial  88] roman-empire_uniform_0.4 | acc=0.2056  (330.8s)  knn=p  k= 19  dexp=0.66  p_grd=0.273  unc_rem=0.534  unc_rel=0.263  drop=0.12  h=32  L=4  lr=0.01  wd=0.0005
  [Trial  89] roman-empire_uniform_0.4 | acc=0.3334  (364.5s)  knn=p  k= 19  dexp=6.05  p_grd=0.301  unc_rem=0.024  unc_rel=0.558  drop=0.35  h=128  L=2  lr=0.01  wd=0.0005
  [Trial  90] roman-empire_uniform_0.4 | acc=0.3159  (349.4s)  knn=p  k= 20  dexp=5.50  p_grd=0.232  unc_rem=0.345  unc_rel=0.589  drop=0.55  h=32  L=2  lr=0.005  wd=0.0005
  [Trial  91] roman-empire_uniform_0.4 | acc=0.3304  (324.7s)  knn=p  k= 20  dexp=5.79  p_grd=0.253  unc_rem=0.056  unc_rel=0.389  drop=0.39  h=128  L=2  lr=0.01  wd=0.0005
  [Trial  92] roman-empire_uniform_0.4 | acc=0.1867  (305.3s)  knn=p  k= 19  dexp=6.58  p_grd=0.191  unc_rem=0.082  unc_rel=0.674  drop=0.33  h=128  L=2  lr=0.0001  wd=0.0005
  [Trial  93] roman-empire_uniform_0.4 | acc=0.3163  (345.6s)  knn=p  k= 20  dexp=5.97  p_grd=0.251  unc_rem=0.216  unc_rel=0.572  drop=0.51  h=128  L=2  lr=0.01  wd=0.0001
  [Trial  94] roman-empire_uniform_0.4 | acc=0.3170  (311.2s)  knn=p  k= 20  dexp=6.59  p_grd=0.249  unc_rem=0.053  unc_rel=0.417  drop=0.30  h=64  L=2  lr=0.01  wd=0.0005
  [Trial  95] roman-empire_uniform_0.4 | acc=0.3296  (356.8s)  knn=p  k= 14  dexp=6.86  p_grd=0.387  unc_rem=0.908  unc_rel=0.328  drop=0.41  h=64  L=2  lr=0.005  wd=5e-05
  [Trial  96] roman-empire_uniform_0.4 | acc=0.3121  (330.9s)  knn=p  k= 21  dexp=3.59  p_grd=0.214  unc_rem=0.424  unc_rel=0.609  drop=0.17  h=16  L=2  lr=0.01  wd=0.0005
  [Trial  97] roman-empire_uniform_0.4 | acc=0.1630  (417.1s)  knn=p  k= 16  dexp=2.67  p_grd=0.378  unc_rem=0.886  unc_rel=0.169  drop=0.12  h=64  L=2  lr=0.005  wd=0.1
  [Trial  98] roman-empire_uniform_0.4 | acc=0.1723  (539.1s)  knn=p  k= 21  dexp=5.60  p_grd=0.408  unc_rem=0.433  unc_rel=0.390  drop=0.25  h=128  L=4  lr=0.01  wd=0.05
  [Trial  99] roman-empire_uniform_0.4 | acc=0.3129  (219.8s)  knn=s  k= 35  dexp=5.81  p_grd=0.401  unc_rem=0.111  unc_rel=0.308  drop=0.33  h=128  L=2  lr=0.001  wd=0.0005
  [Trial 100] roman-empire_uniform_0.4 | acc=0.3255  (361.6s)  knn=p  k=  6  dexp=5.03  p_grd=0.363  unc_rem=0.044  unc_rel=0.336  drop=0.38  h=128  L=2  lr=0.01  wd=0.0005
  [Trial 101] roman-empire_uniform_0.4 | acc=0.3325  (396.9s)  knn=p  k= 21  dexp=5.53  p_grd=0.340  unc_rem=0.416  unc_rel=0.373  drop=0.24  h=32  L=2  lr=0.01  wd=0.0005
  [Trial 102] roman-empire_uniform_0.4 | acc=0.3255  (440.8s)  knn=p  k= 21  dexp=5.31  p_grd=0.334  unc_rem=0.488  unc_rel=0.351  drop=0.26  h=32  L=2  lr=0.005  wd=5e-05
  [Trial 103] roman-empire_uniform_0.4 | acc=0.2542  (557.1s)  knn=d  k= 21  dexp=6.57  p_grd=0.462  unc_rem=0.389  unc_rel=0.529  drop=0.31  h=128  L=3  lr=0.005  wd=0.005
  [Trial 104] roman-empire_uniform_0.4 | acc=0.1763  (480.7s)  knn=p  k= 23  dexp=9.34  p_grd=0.390  unc_rem=0.146  unc_rel=0.594  drop=0.33  h=32  L=1  lr=0.01  wd=0.1
  [Trial 105] roman-empire_uniform_0.4 | acc=0.2539  (349.4s)  knn=p  k= 18  dexp=5.15  p_grd=0.279  unc_rem=0.131  unc_rel=0.777  drop=0.40  h=128  L=3  lr=0.01  wd=0.0005
  [Trial 106] roman-empire_uniform_0.4 | acc=0.3324  (552.5s)  knn=d  k= 23  dexp=2.03  p_grd=0.424  unc_rem=0.302  unc_rel=0.617  drop=0.16  h=16  L=2  lr=0.1  wd=0.005
  [Trial 107] roman-empire_uniform_0.4 | acc=0.3292  (351.6s)  knn=d  k= 24  dexp=2.55  p_grd=0.233  unc_rem=0.405  unc_rel=0.650  drop=0.23  h=16  L=2  lr=0.1  wd=0.001
  [Trial 108] roman-empire_uniform_0.4 | acc=0.1895  (506.3s)  knn=d  k= 24  dexp=2.20  p_grd=0.428  unc_rem=0.146  unc_rel=0.924  drop=0.29  h=16  L=2  lr=0.0005  wd=0.005
  [Trial 109] roman-empire_uniform_0.4 | acc=0.3382  (582.3s)  knn=d  k= 23  dexp=5.41  p_grd=0.457  unc_rem=0.511  unc_rel=0.508  drop=0.24  h=16  L=2  lr=0.1  wd=0.005
  [Trial 110] roman-empire_uniform_0.4 | acc=0.2941  (595.5s)  knn=d  k= 24  dexp=1.17  p_grd=0.478  unc_rem=0.488  unc_rel=0.614  drop=0.26  h=16  L=2  lr=0.1  wd=0.005
  [Trial 111] roman-empire_uniform_0.4 | acc=0.2554  (404.1s)  knn=d  k= 24  dexp=5.48  p_grd=0.289  unc_rem=0.460  unc_rel=0.359  drop=0.40  h=16  L=3  lr=0.1  wd=0.005
  [Trial 112] roman-empire_uniform_0.4 | acc=0.3258  (567.0s)  knn=p  k= 23  dexp=3.66  p_grd=0.443  unc_rem=0.587  unc_rel=0.419  drop=0.10  h=32  L=2  lr=0.01  wd=0.0005
  [Trial 113] roman-empire_uniform_0.4 | acc=0.3389  (532.4s)  knn=d  k= 22  dexp=5.38  p_grd=0.423  unc_rem=0.675  unc_rel=0.498  drop=0.31  h=64  L=2  lr=0.1  wd=0.005
  [Trial 114] roman-empire_uniform_0.4 | acc=0.3359  (391.8s)  knn=d  k= 23  dexp=3.44  p_grd=0.289  unc_rem=0.533  unc_rel=0.617  drop=0.33  h=64  L=2  lr=0.1  wd=0.005
  [Trial 115] roman-empire_uniform_0.4 | acc=0.1553  (566.0s)  knn=d  k= 21  dexp=6.64  p_grd=0.439  unc_rem=0.312  unc_rel=0.522  drop=0.16  h=64  L=2  lr=0.1  wd=0.1
  [Trial 116] roman-empire_uniform_0.4 | acc=0.3365  (403.5s)  knn=d  k= 22  dexp=2.96  p_grd=0.264  unc_rem=0.594  unc_rel=0.744  drop=0.46  h=128  L=2  lr=0.1  wd=0.005
  [Trial 117] roman-empire_uniform_0.4 | acc=0.3272  (346.2s)  knn=d  k= 24  dexp=3.66  p_grd=0.221  unc_rem=0.584  unc_rel=0.627  drop=0.69  h=128  L=2  lr=0.1  wd=0.0005
  [Trial 118] roman-empire_uniform_0.4 | acc=0.3266  (154.8s)  knn=u  k=-    dexp=3.79  p_grd=0.219  unc_rem=0.551  unc_rel=0.827  drop=0.24  h=64  L=2  lr=0.1  wd=0.005
  [Trial 119] roman-empire_uniform_0.4 | acc=0.2945  (534.4s)  knn=d  k= 23  dexp=6.99  p_grd=0.415  unc_rem=0.620  unc_rel=0.420  drop=0.25  h=16  L=2  lr=0.1  wd=5e-05
  [Trial 120] roman-empire_uniform_0.4 | acc=0.3179  (197.7s)  knn=u  k=-    dexp=5.87  p_grd=0.470  unc_rem=0.545  unc_rel=0.577  drop=0.32  h=16  L=2  lr=0.1  wd=0.005
  [Trial 121] roman-empire_uniform_0.4 | acc=0.3396  (484.4s)  knn=d  k= 23  dexp=3.25  p_grd=0.338  unc_rem=0.980  unc_rel=0.444  drop=0.42  h=64  L=2  lr=0.1  wd=0.005
  [Trial 122] roman-empire_uniform_0.4 | acc=0.1661  (452.4s)  knn=d  k= 23  dexp=4.67  p_grd=0.303  unc_rem=0.982  unc_rel=0.262  drop=0.41  h=64  L=2  lr=0.1  wd=0.1
  [Trial 123] roman-empire_uniform_0.4 | acc=0.3411  (485.2s)  knn=d  k= 23  dexp=2.96  p_grd=0.402  unc_rem=0.846  unc_rel=0.756  drop=0.63  h=64  L=2  lr=0.1  wd=0.005
  [Trial 124] roman-empire_uniform_0.4 | acc=0.3319  (633.4s)  knn=d  k= 22  dexp=4.68  p_grd=0.483  unc_rem=0.700  unc_rel=0.883  drop=0.79  h=64  L=2  lr=0.1  wd=0.005
  [Trial 125] roman-empire_uniform_0.4 | acc=0.3174  (515.7s)  knn=d  k= 24  dexp=4.38  p_grd=0.450  unc_rem=0.597  unc_rel=0.709  drop=0.84  h=64  L=2  lr=0.1  wd=0.005
  [Trial 126] roman-empire_uniform_0.4 | acc=0.3313  (432.1s)  knn=d  k= 22  dexp=8.49  p_grd=0.326  unc_rem=0.723  unc_rel=0.553  drop=0.10  h=64  L=2  lr=0.1  wd=0.005
  [Trial 127] roman-empire_uniform_0.4 | acc=0.3172  (275.2s)  knn=d  k= 24  dexp=2.71  p_grd=0.174  unc_rem=0.527  unc_rel=0.760  drop=0.41  h=128  L=2  lr=0.05  wd=0.005
  [Trial 128] roman-empire_uniform_0.4 | acc=0.3404  (532.4s)  knn=d  k= 21  dexp=2.46  p_grd=0.452  unc_rem=0.934  unc_rel=0.248  drop=0.43  h=64  L=2  lr=0.05  wd=0.005
  [Trial 129] roman-empire_uniform_0.4 | acc=0.3213  (484.0s)  knn=d  k= 20  dexp=0.13  p_grd=0.434  unc_rem=0.662  unc_rel=0.103  drop=0.29  h=64  L=2  lr=0.05  wd=0.005
  [Trial 130] roman-empire_uniform_0.4 | acc=0.3265  (573.9s)  knn=d  k= 20  dexp=2.36  p_grd=0.472  unc_rem=0.982  unc_rel=0.527  drop=0.35  h=64  L=2  lr=0.1  wd=0.005
  [Trial 131] roman-empire_uniform_0.4 | acc=0.3133  (515.6s)  knn=d  k= 20  dexp=5.14  p_grd=0.474  unc_rem=0.829  unc_rel=0.242  drop=0.40  h=64  L=2  lr=0.05  wd=1e-05
  [Trial 132] roman-empire_uniform_0.4 | acc=0.3200  (160.6s)  knn=s  k= 35  dexp=2.07  p_grd=0.374  unc_rem=0.877  unc_rel=0.842  drop=0.56  h=64  L=2  lr=0.1  wd=0.005
  [Trial 133] roman-empire_uniform_0.4 | acc=0.3289  (468.9s)  knn=d  k= 22  dexp=3.85  p_grd=0.291  unc_rem=0.464  unc_rel=0.962  drop=0.44  h=128  L=2  lr=0.1  wd=0.005
  [Trial 134] roman-empire_uniform_0.4 | acc=0.3442  (528.2s)  knn=d  k= 22  dexp=3.88  p_grd=0.318  unc_rem=0.327  unc_rel=0.535  drop=0.29  h=64  L=2  lr=0.1  wd=0.005
  [Trial 135] roman-empire_uniform_0.4 | acc=0.2946  (319.1s)  knn=d  k= 21  dexp=4.41  p_grd=0.188  unc_rem=0.519  unc_rel=0.520  drop=0.37  h=64  L=2  lr=0.1  wd=5e-05
  [Trial 136] roman-empire_uniform_0.4 | acc=0.3212  (312.7s)  knn=p  k= 21  dexp=6.27  p_grd=0.222  unc_rem=0.420  unc_rel=0.107  drop=0.19  h=32  L=2  lr=0.01  wd=0.0005
  [Trial 137] roman-empire_uniform_0.4 | acc=0.3191  (300.3s)  knn=d  k= 21  dexp=2.28  p_grd=0.203  unc_rem=0.664  unc_rel=0.313  drop=0.65  h=64  L=2  lr=0.1  wd=0.005
  [Trial 138] roman-empire_uniform_0.4 | acc=0.1393  (512.9s)  knn=d  k= 17  dexp=1.28  p_grd=0.422  unc_rem=0.985  unc_rel=0.705  drop=0.65  h=64  L=4  lr=0.1  wd=5e-05
  [Trial 139] roman-empire_uniform_0.4 | acc=0.2701  (382.1s)  knn=d  k= 22  dexp=4.45  p_grd=0.202  unc_rem=0.264  unc_rel=0.433  drop=0.42  h=64  L=2  lr=0.001  wd=0.005
  [Trial 140] roman-empire_uniform_0.4 | acc=0.3247  (480.9s)  knn=d  k= 21  dexp=3.82  p_grd=0.309  unc_rem=0.584  unc_rel=0.859  drop=0.37  h=64  L=2  lr=0.01  wd=1e-05
  [Trial 141] roman-empire_uniform_0.4 | acc=0.1613  (571.8s)  knn=d  k= 24  dexp=5.56  p_grd=0.474  unc_rem=0.602  unc_rel=0.514  drop=0.44  h=64  L=4  lr=0.001  wd=0.005
  [Trial 142] roman-empire_uniform_0.4 | acc=0.3275  (213.6s)  knn=u  k=-    dexp=3.13  p_grd=0.452  unc_rem=0.828  unc_rel=0.400  drop=0.25  h=64  L=2  lr=0.05  wd=0.005
  [Trial 143] roman-empire_uniform_0.4 | acc=0.2271  (472.5s)  knn=d  k= 24  dexp=0.36  p_grd=0.341  unc_rem=0.892  unc_rel=0.807  drop=0.60  h=64  L=3  lr=0.05  wd=0.005
  [Trial 144] roman-empire_uniform_0.4 | acc=0.3016  (226.8s)  knn=u  k=-    dexp=5.86  p_grd=0.358  unc_rem=0.768  unc_rel=0.216  drop=0.16  h=32  L=2  lr=0.005  wd=0.0005
  [Trial 145] roman-empire_uniform_0.4 | acc=0.3054  (509.0s)  knn=d  k= 24  dexp=3.15  p_grd=0.439  unc_rem=0.831  unc_rel=0.759  drop=0.62  h=16  L=2  lr=0.1  wd=0.0001
  [Trial 146] roman-empire_uniform_0.4 | acc=0.3292  (466.4s)  knn=d  k= 21  dexp=6.16  p_grd=0.310  unc_rem=0.400  unc_rel=0.509  drop=0.43  h=32  L=2  lr=0.1  wd=0.005
  [Trial 147] roman-empire_uniform_0.4 | acc=0.2938  (461.4s)  knn=p  k= 24  dexp=5.11  p_grd=0.384  unc_rem=0.131  unc_rel=0.804  drop=0.17  h=128  L=1  lr=0.005  wd=0.005
  [Trial 148] roman-empire_uniform_0.4 | acc=0.1966  (414.2s)  knn=d  k= 21  dexp=2.13  p_grd=0.310  unc_rem=0.660  unc_rel=0.626  drop=0.42  h=64  L=4  lr=0.1  wd=0.005
  [Trial 149] roman-empire_uniform_0.4 | acc=0.3185  (508.1s)  knn=d  k= 18  dexp=1.54  p_grd=0.411  unc_rem=0.211  unc_rel=0.548  drop=0.16  h=64  L=2  lr=0.1  wd=0.005
  [Trial 150] roman-empire_uniform_0.4 | acc=0.3324  (600.4s)  knn=d  k= 24  dexp=6.89  p_grd=0.457  unc_rem=0.356  unc_rel=0.458  drop=0.13  h=16  L=2  lr=0.1  wd=0.005
  [Trial 151] roman-empire_uniform_0.4 | acc=0.0725  (508.5s)  knn=d  k= 24  dexp=7.16  p_grd=0.395  unc_rem=0.334  unc_rel=0.397  drop=0.12  h=16  L=2  lr=1e-05  wd=1e-05
  [Trial 152] roman-empire_uniform_0.4 | acc=0.2838  (563.7s)  knn=p  k= 24  dexp=4.24  p_grd=0.336  unc_rem=0.478  unc_rel=0.273  drop=0.31  h=32  L=1  lr=0.001  wd=0.0005
  [Trial 153] roman-empire_uniform_0.4 | acc=0.3200  (602.8s)  knn=d  k= 24  dexp=7.09  p_grd=0.423  unc_rem=0.462  unc_rel=0.283  drop=0.23  h=16  L=2  lr=0.1  wd=0.005
  [Trial 154] roman-empire_uniform_0.4 | acc=0.1641  (481.2s)  knn=d  k= 21  dexp=3.31  p_grd=0.366  unc_rem=0.752  unc_rel=0.588  drop=0.61  h=128  L=2  lr=0.0001  wd=0.005
  [Trial 155] roman-empire_uniform_0.4 | acc=0.2425  (208.3s)  knn=u  k=-    dexp=7.29  p_grd=0.487  unc_rem=0.811  unc_rel=0.807  drop=0.68  h=64  L=2  lr=0.001  wd=0.005
  [Trial 156] roman-empire_uniform_0.4 | acc=0.3062  (602.6s)  knn=d  k= 24  dexp=3.99  p_grd=0.429  unc_rem=0.362  unc_rel=0.639  drop=0.19  h=16  L=2  lr=0.1  wd=0.01
  [Trial 157] roman-empire_uniform_0.4 | acc=0.1278  (303.6s)  knn=d  k= 21  dexp=3.52  p_grd=0.220  unc_rem=0.762  unc_rel=0.891  drop=0.53  h=128  L=4  lr=1e-05  wd=0.005
  [Trial 158] roman-empire_uniform_0.4 | acc=0.2394  (466.4s)  knn=d  k= 21  dexp=5.21  p_grd=0.379  unc_rem=0.509  unc_rel=0.976  drop=0.69  h=64  L=1  lr=0.0005  wd=0.005
  [Trial 159] roman-empire_uniform_0.4 | acc=0.3224  (590.5s)  knn=d  k= 24  dexp=7.91  p_grd=0.460  unc_rem=0.243  unc_rel=0.666  drop=0.11  h=16  L=2  lr=0.1  wd=0.005
  [Trial 160] roman-empire_uniform_0.4 | acc=0.2507  (387.4s)  knn=d  k= 21  dexp=1.70  p_grd=0.241  unc_rem=0.966  unc_rel=0.474  drop=0.33  h=64  L=2  lr=0.001  wd=0.005
  [Trial 161] roman-empire_uniform_0.4 | acc=0.3129  (337.4s)  knn=d  k= 10  dexp=3.35  p_grd=0.321  unc_rem=0.966  unc_rel=0.865  drop=0.55  h=64  L=2  lr=0.005  wd=0.005
  [Trial 162] roman-empire_uniform_0.4 | acc=0.3287  (460.9s)  knn=p  k= 22  dexp=1.90  p_grd=0.405  unc_rem=0.148  unc_rel=0.421  drop=0.35  h=64  L=2  lr=0.005  wd=5e-05
  [Trial 163] roman-empire_uniform_0.4 | acc=0.3284  (633.5s)  knn=d  k= 24  dexp=1.39  p_grd=0.454  unc_rem=0.988  unc_rel=0.147  drop=0.50  h=64  L=2  lr=0.05  wd=5e-05
  [Trial 164] roman-empire_uniform_0.4 | acc=0.3280  (521.4s)  knn=p  k= 21  dexp=6.94  p_grd=0.444  unc_rem=0.068  unc_rel=0.692  drop=0.42  h=128  L=2  lr=0.05  wd=0.0005
  [Trial 165] roman-empire_uniform_0.4 | acc=0.2885  (197.5s)  knn=s  k= 35  dexp=3.80  p_grd=0.326  unc_rem=0.188  unc_rel=0.439  drop=0.23  h=64  L=2  lr=0.1  wd=0.0001
  [Trial 166] roman-empire_uniform_0.4 | acc=0.2207  (349.5s)  knn=d  k= 18  dexp=5.90  p_grd=0.286  unc_rem=0.297  unc_rel=0.401  drop=0.11  h=64  L=4  lr=0.1  wd=0.005
  [Trial 167] roman-empire_uniform_0.4 | acc=0.3067  (421.9s)  knn=d  k= 22  dexp=1.83  p_grd=0.276  unc_rem=0.686  unc_rel=0.558  drop=0.23  h=64  L=2  lr=0.1  wd=0.005
  [Trial 168] roman-empire_uniform_0.4 | acc=0.2054  (493.5s)  knn=d  k= 24  dexp=0.20  p_grd=0.345  unc_rem=0.222  unc_rel=0.681  drop=0.26  h=16  L=3  lr=0.1  wd=0.0005
  [Trial 169] roman-empire_uniform_0.4 | acc=0.3116  (305.3s)  knn=p  k= 21  dexp=3.35  p_grd=0.191  unc_rem=0.591  unc_rel=0.650  drop=0.46  h=128  L=2  lr=0.1  wd=0.005
  [Trial 170] roman-empire_uniform_0.4 | acc=0.3353  (444.4s)  knn=p  k= 18  dexp=2.61  p_grd=0.399  unc_rem=0.210  unc_rel=0.507  drop=0.19  h=32  L=2  lr=0.01  wd=0.001
  [Trial 171] roman-empire_uniform_0.4 | acc=0.2114  (307.0s)  knn=p  k= 16  dexp=1.82  p_grd=0.208  unc_rem=0.092  unc_rel=0.490  drop=0.34  h=32  L=4  lr=0.01  wd=0.001
  [Trial 172] roman-empire_uniform_0.4 | acc=0.3195  (497.9s)  knn=p  k= 17  dexp=1.06  p_grd=0.375  unc_rem=0.301  unc_rel=0.432  drop=0.30  h=32  L=2  lr=0.01  wd=0.001
  [Trial 173] roman-empire_uniform_0.4 | acc=0.3330  (494.1s)  knn=d  k= 18  dexp=3.07  p_grd=0.465  unc_rem=0.840  unc_rel=0.461  drop=0.60  h=64  L=2  lr=0.05  wd=0.005
  [Trial 174] roman-empire_uniform_0.4 | acc=0.1766  (278.6s)  knn=d  k= 16  dexp=3.34  p_grd=0.272  unc_rem=0.366  unc_rel=0.558  drop=0.34  h=128  L=2  lr=0.1  wd=0.05
  [Trial 175] roman-empire_uniform_0.4 | acc=0.3022  (190.5s)  knn=u  k=-    dexp=4.01  p_grd=0.269  unc_rem=0.364  unc_rel=0.513  drop=0.10  h=32  L=2  lr=0.01  wd=0.0005
  [Trial 176] roman-empire_uniform_0.4 | acc=0.2139  (399.7s)  knn=d  k= 18  dexp=3.72  p_grd=0.397  unc_rem=0.897  unc_rel=0.204  drop=0.35  h=64  L=4  lr=0.05  wd=0.001
  [Trial 177] roman-empire_uniform_0.4 | acc=0.3329  (496.1s)  knn=d  k= 17  dexp=5.17  p_grd=0.420  unc_rem=0.946  unc_rel=0.372  drop=0.57  h=64  L=2  lr=0.05  wd=0.005
  [Trial 178] roman-empire_uniform_0.4 | acc=0.3283  (450.8s)  knn=p  k= 15  dexp=8.92  p_grd=0.333  unc_rem=0.069  unc_rel=0.813  drop=0.18  h=128  L=2  lr=0.01  wd=1e-05
  [Trial 179] roman-empire_uniform_0.4 | acc=0.2823  (364.3s)  knn=d  k= 16  dexp=3.10  p_grd=0.313  unc_rem=0.713  unc_rel=0.203  drop=0.63  h=64  L=1  lr=0.05  wd=0.005
  [Trial 180] roman-empire_uniform_0.4 | acc=0.3191  (319.2s)  knn=d  k= 18  dexp=5.10  p_grd=0.198  unc_rem=0.384  unc_rel=0.690  drop=0.53  h=64  L=2  lr=0.1  wd=0.005
  [Trial 181] roman-empire_uniform_0.4 | acc=0.3381  (488.9s)  knn=d  k= 18  dexp=2.97  p_grd=0.399  unc_rem=0.933  unc_rel=0.441  drop=0.67  h=64  L=2  lr=0.05  wd=0.005
  [Trial 182] roman-empire_uniform_0.4 | acc=0.3346  (465.7s)  knn=d  k= 17  dexp=3.80  p_grd=0.462  unc_rem=0.874  unc_rel=0.173  drop=0.64  h=64  L=2  lr=0.05  wd=0.005
  [Trial 183] roman-empire_uniform_0.4 | acc=0.3338  (385.2s)  knn=d  k= 15  dexp=3.77  p_grd=0.418  unc_rem=0.947  unc_rel=0.391  drop=0.74  h=64  L=2  lr=0.05  wd=0.005
  [Trial 184] roman-empire_uniform_0.4 | acc=0.3281  (390.8s)  knn=d  k= 16  dexp=7.90  p_grd=0.391  unc_rem=0.977  unc_rel=0.158  drop=0.68  h=64  L=2  lr=0.05  wd=0.005
  [Trial 185] roman-empire_uniform_0.4 | acc=0.3152  (331.1s)  knn=d  k= 14  dexp=2.18  p_grd=0.381  unc_rem=0.898  unc_rel=0.267  drop=0.67  h=32  L=2  lr=0.05  wd=0.005
  [Trial 186] roman-empire_uniform_0.4 | acc=0.2094  (441.3s)  knn=d  k= 13  dexp=3.41  p_grd=0.379  unc_rem=0.937  unc_rel=0.216  drop=0.74  h=64  L=2  lr=0.0005  wd=0.005
  [Trial 187] roman-empire_uniform_0.4 | acc=0.3282  (398.8s)  knn=d  k= 16  dexp=3.32  p_grd=0.312  unc_rem=0.903  unc_rel=0.425  drop=0.69  h=64  L=2  lr=0.05  wd=0.005
  [Trial 188] roman-empire_uniform_0.4 | acc=0.3386  (497.3s)  knn=d  k= 17  dexp=7.20  p_grd=0.483  unc_rem=0.992  unc_rel=0.509  drop=0.37  h=64  L=2  lr=0.05  wd=0.005
  [Trial 189] roman-empire_uniform_0.4 | acc=0.3255  (461.5s)  knn=d  k= 16  dexp=7.69  p_grd=0.445  unc_rem=0.906  unc_rel=0.363  drop=0.29  h=64  L=2  lr=0.05  wd=0.005
  [Trial 190] roman-empire_uniform_0.4 | acc=0.3290  (579.1s)  knn=d  k= 16  dexp=3.05  p_grd=0.480  unc_rem=0.868  unc_rel=0.562  drop=0.50  h=64  L=2  lr=0.01  wd=0.0001
  [Trial 191] roman-empire_uniform_0.4 | acc=0.2820  (509.4s)  knn=d  k= 17  dexp=3.22  p_grd=0.493  unc_rem=0.665  unc_rel=0.253  drop=0.66  h=16  L=2  lr=0.05  wd=0.01
  [Trial 192] roman-empire_uniform_0.4 | acc=0.2320  (294.8s)  knn=p  k= 18  dexp=4.10  p_grd=0.200  unc_rem=0.591  unc_rel=0.532  drop=0.11  h=32  L=2  lr=0.0005  wd=0.0005
  [Trial 193] roman-empire_uniform_0.4 | acc=0.3297  (357.3s)  knn=p  k= 18  dexp=4.01  p_grd=0.250  unc_rem=0.424  unc_rel=0.816  drop=0.16  h=128  L=2  lr=0.001  wd=0.001
  [Trial 194] roman-empire_uniform_0.4 | acc=0.3237  (521.2s)  knn=d  k= 18  dexp=3.88  p_grd=0.464  unc_rem=0.801  unc_rel=0.591  drop=0.59  h=64  L=2  lr=0.05  wd=0.0005
  [Trial 195] roman-empire_uniform_0.4 | acc=0.3277  (458.1s)  knn=d  k= 14  dexp=4.69  p_grd=0.472  unc_rem=0.689  unc_rel=0.254  drop=0.61  h=64  L=2  lr=0.05  wd=0.005
  [Trial 196] roman-empire_uniform_0.4 | acc=0.1940  (420.3s)  knn=d  k= 17  dexp=4.41  p_grd=0.371  unc_rem=0.808  unc_rel=0.399  drop=0.45  h=64  L=2  lr=0.0001  wd=0.005
  [Trial 197] roman-empire_uniform_0.4 | acc=0.0190  (437.1s)  knn=d  k= 19  dexp=0.08  p_grd=0.384  unc_rem=0.882  unc_rel=0.729  drop=0.71  h=64  L=2  lr=1e-05  wd=0.005
  [Trial 198] roman-empire_uniform_0.4 | acc=0.3256  (533.4s)  knn=d  k= 18  dexp=5.67  p_grd=0.437  unc_rem=0.515  unc_rel=0.371  drop=0.40  h=64  L=2  lr=0.1  wd=0.005
  [Trial 199] roman-empire_uniform_0.4 | acc=0.3145  (512.2s)  knn=p  k= 18  dexp=3.06  p_grd=0.433  unc_rem=0.166  unc_rel=0.677  drop=0.13  h=32  L=1  lr=0.05  wd=0.001
  [Trial 200] roman-empire_uniform_0.4 | acc=0.0379  (395.5s)  knn=p  k= 12  dexp=2.28  p_grd=0.349  unc_rem=0.385  unc_rel=0.088  drop=0.17  h=32  L=2  lr=1e-05  wd=0.0005

[Optuna] Optimization done. 200/200 trials completed.

[Retest] (roman-empire_uniform_0.4) Testing top-5 configs × 10 seeds...

  [Retest] (roman-empire_uniform_0.4) Config 1/5: (Trial #133, Orig Acc: 0.3442)
           Params: {'knn_mode': 'd', 'k': 22, 'dexp': 3.8841827207712534, 'p_grd': 0.31846885005011516, 'unc_rem': 0.32691410464113924, 'unc_rel': 0.5352777787091915, 'dropout': 0.28801914770166104, 'n_hidden': 64, 'n_layer': 2, 'lr': 0.1, 'weight_decay': 0.005}
    [Retest] roman-empire | Config 1 | Run 1/10 | seed=3000 | Acc: 0.3442 | Mean: 0.3442 | Time: 522.4s
    [Retest] roman-empire | Config 1 | Run 2/10 | seed=3001 | Acc: 0.3264 | Mean: 0.3353 | Time: 465.2s
    [Retest] roman-empire | Config 1 | Run 3/10 | seed=3002 | Acc: 0.3117 | Mean: 0.3274 | Time: 446.3s
    [Retest] roman-empire | Config 1 | Run 4/10 | seed=3003 | Acc: 0.3400 | Mean: 0.3306 | Time: 462.8s
    [Retest] roman-empire | Config 1 | Run 5/10 | seed=3004 | Acc: 0.3279 | Mean: 0.3300 | Time: 469.5s
    [Retest] roman-empire | Config 1 | Run 6/10 | seed=3005 | Acc: 0.3036 | Mean: 0.3256 | Time: 515.9s
    [Retest] roman-empire | Config 1 | Run 7/10 | seed=3006 | Acc: 0.3319 | Mean: 0.3265 | Time: 408.0s
    [Retest] roman-empire | Config 1 | Run 8/10 | seed=3007 | Acc: 0.3122 | Mean: 0.3247 | Time: 474.9s
    [Retest] roman-empire | Config 1 | Run 9/10 | seed=3008 | Acc: 0.3184 | Mean: 0.3240 | Time: 442.3s
    [Retest] roman-empire | Config 1 | Run 10/10 | seed=3009 | Acc: 0.3285 | Mean: 0.3245 | Time: 409.6s
  [Retest] Config 1: mean=0.3245 ± 0.0123

  [Retest] (roman-empire_uniform_0.4) Config 2/5: (Trial #122, Orig Acc: 0.3411)
           Params: {'knn_mode': 'd', 'k': 23, 'dexp': 2.9573223923092007, 'p_grd': 0.40196691999302936, 'unc_rem': 0.8456074989655953, 'unc_rel': 0.7561914793604021, 'dropout': 0.634471466557205, 'n_hidden': 64, 'n_layer': 2, 'lr': 0.1, 'weight_decay': 0.005}
    [Retest] roman-empire | Config 2 | Run 1/10 | seed=3000 | Acc: 0.3406 | Mean: 0.3406 | Time: 529.1s
    [Retest] roman-empire | Config 2 | Run 2/10 | seed=3001 | Acc: 0.3151 | Mean: 0.3278 | Time: 543.8s
    [Retest] roman-empire | Config 2 | Run 3/10 | seed=3002 | Acc: 0.3284 | Mean: 0.3280 | Time: 523.5s
    [Retest] roman-empire | Config 2 | Run 4/10 | seed=3003 | Acc: 0.3295 | Mean: 0.3284 | Time: 596.7s
    [Retest] roman-empire | Config 2 | Run 5/10 | seed=3004 | Acc: 0.3144 | Mean: 0.3256 | Time: 584.8s
    [Retest] roman-empire | Config 2 | Run 6/10 | seed=3005 | Acc: 0.3076 | Mean: 0.3226 | Time: 653.2s
    [Retest] roman-empire | Config 2 | Run 7/10 | seed=3006 | Acc: 0.3317 | Mean: 0.3239 | Time: 514.5s
    [Retest] roman-empire | Config 2 | Run 8/10 | seed=3007 | Acc: 0.3128 | Mean: 0.3225 | Time: 611.0s
    [Retest] roman-empire | Config 2 | Run 9/10 | seed=3008 | Acc: 0.3286 | Mean: 0.3232 | Time: 717.8s
    [Retest] roman-empire | Config 2 | Run 10/10 | seed=3009 | Acc: 0.3257 | Mean: 0.3234 | Time: 578.6s
  [Retest] Config 2: mean=0.3234 ± 0.0099

  [Retest] (roman-empire_uniform_0.4) Config 3/5: (Trial #127, Orig Acc: 0.3404)
           Params: {'knn_mode': 'd', 'k': 21, 'dexp': 2.4600540686699137, 'p_grd': 0.4516620384939575, 'unc_rem': 0.934257782203472, 'unc_rel': 0.24773566095437846, 'dropout': 0.4264033194916302, 'n_hidden': 64, 'n_layer': 2, 'lr': 0.05, 'weight_decay': 0.005}
    [Retest] roman-empire | Config 3 | Run 1/10 | seed=3000 | Acc: 0.3359 | Mean: 0.3359 | Time: 565.5s
    [Retest] roman-empire | Config 3 | Run 2/10 | seed=3001 | Acc: 0.3234 | Mean: 0.3296 | Time: 557.7s
    [Retest] roman-empire | Config 3 | Run 3/10 | seed=3002 | Acc: 0.3275 | Mean: 0.3289 | Time: 538.3s
    [Retest] roman-empire | Config 3 | Run 4/10 | seed=3003 | Acc: 0.3233 | Mean: 0.3275 | Time: 565.2s
    [Retest] roman-empire | Config 3 | Run 5/10 | seed=3004 | Acc: 0.3325 | Mean: 0.3285 | Time: 546.8s
    [Retest] roman-empire | Config 3 | Run 6/10 | seed=3005 | Acc: 0.3131 | Mean: 0.3259 | Time: 544.8s
    [Retest] roman-empire | Config 3 | Run 7/10 | seed=3006 | Acc: 0.3256 | Mean: 0.3259 | Time: 657.4s
    [Retest] roman-empire | Config 3 | Run 8/10 | seed=3007 | Acc: 0.3072 | Mean: 0.3236 | Time: 534.2s
    [Retest] roman-empire | Config 3 | Run 9/10 | seed=3008 | Acc: 0.3231 | Mean: 0.3235 | Time: 569.1s
    [Retest] roman-empire | Config 3 | Run 10/10 | seed=3009 | Acc: 0.3268 | Mean: 0.3238 | Time: 491.2s
  [Retest] Config 3: mean=0.3238 ± 0.0080

  [Retest] (roman-empire_uniform_0.4) Config 4/5: (Trial #120, Orig Acc: 0.3396)
           Params: {'knn_mode': 'd', 'k': 23, 'dexp': 3.2547671562612654, 'p_grd': 0.33764137872401473, 'unc_rem': 0.9795317491371225, 'unc_rel': 0.4443715014334767, 'dropout': 0.42033842853334413, 'n_hidden': 64, 'n_layer': 2, 'lr': 0.1, 'weight_decay': 0.005}
    [Retest] roman-empire | Config 4 | Run 1/10 | seed=3000 | Acc: 0.3350 | Mean: 0.3350 | Time: 512.6s
    [Retest] roman-empire | Config 4 | Run 2/10 | seed=3001 | Acc: 0.3212 | Mean: 0.3281 | Time: 446.2s
    [Retest] roman-empire | Config 4 | Run 3/10 | seed=3002 | Acc: 0.3208 | Mean: 0.3257 | Time: 627.7s
    [Retest] roman-empire | Config 4 | Run 4/10 | seed=3003 | Acc: 0.3215 | Mean: 0.3247 | Time: 508.4s
    [Retest] roman-empire | Config 4 | Run 5/10 | seed=3004 | Acc: 0.3246 | Mean: 0.3246 | Time: 556.3s
    [Retest] roman-empire | Config 4 | Run 6/10 | seed=3005 | Acc: 0.3055 | Mean: 0.3214 | Time: 490.0s
    [Retest] roman-empire | Config 4 | Run 7/10 | seed=3006 | Acc: 0.3321 | Mean: 0.3230 | Time: 442.0s
    [Retest] roman-empire | Config 4 | Run 8/10 | seed=3007 | Acc: 0.3169 | Mean: 0.3222 | Time: 519.6s
    [Retest] roman-empire | Config 4 | Run 9/10 | seed=3008 | Acc: 0.3264 | Mean: 0.3227 | Time: 442.6s
    [Retest] roman-empire | Config 4 | Run 10/10 | seed=3009 | Acc: 0.3240 | Mean: 0.3228 | Time: 521.7s
  [Retest] Config 4: mean=0.3228 ± 0.0077

  [Retest] (roman-empire_uniform_0.4) Config 5/5: (Trial #112, Orig Acc: 0.3389)
           Params: {'knn_mode': 'd', 'k': 22, 'dexp': 5.38195288503487, 'p_grd': 0.422677008336069, 'unc_rem': 0.6748066664249005, 'unc_rel': 0.49810681273524854, 'dropout': 0.3146262618981862, 'n_hidden': 64, 'n_layer': 2, 'lr': 0.1, 'weight_decay': 0.005}
    [Retest] roman-empire | Config 5 | Run 1/10 | seed=3000 | Acc: 0.3256 | Mean: 0.3256 | Time: 591.7s
    [Retest] roman-empire | Config 5 | Run 2/10 | seed=3001 | Acc: 0.3103 | Mean: 0.3180 | Time: 618.6s
    [Retest] roman-empire | Config 5 | Run 3/10 | seed=3002 | Acc: 0.3227 | Mean: 0.3195 | Time: 565.4s
    [Retest] roman-empire | Config 5 | Run 4/10 | seed=3003 | Acc: 0.3228 | Mean: 0.3203 | Time: 1080.3s
    [Retest] roman-empire | Config 5 | Run 5/10 | seed=3004 | Acc: 0.3118 | Mean: 0.3186 | Time: 593.6s
    [Retest] roman-empire | Config 5 | Run 6/10 | seed=3005 | Acc: 0.2967 | Mean: 0.3150 | Time: 561.8s
    [Retest] roman-empire | Config 5 | Run 7/10 | seed=3006 | Acc: 0.3212 | Mean: 0.3159 | Time: 463.6s
    [Retest] roman-empire | Config 5 | Run 8/10 | seed=3007 | Acc: 0.3007 | Mean: 0.3140 | Time: 532.8s
    [Retest] roman-empire | Config 5 | Run 9/10 | seed=3008 | Acc: 0.3289 | Mean: 0.3156 | Time: 622.7s
    [Retest] roman-empire | Config 5 | Run 10/10 | seed=3009 | Acc: 0.3303 | Mean: 0.3171 | Time: 527.7s
  [Retest] Config 5: mean=0.3171 ± 0.0111

[Optuna] Success: Best config saved to log/hpo_db.json:
         {'knn_mode': 'd', 'k': 22, 'dexp': 3.8841827207712534, 'p_grd': 0.31846885005011516, 'unc_rem': 0.32691410464113924, 'unc_rel': 0.5352777787091915, 'dropout': 0.28801914770166104, 'n_hidden': 64, 'n_layer': 2, 'lr': 0.1, 'weight_decay': 0.005}
[Optuna] Success: Best retest mean accuracy: 0.3245
[Optuna] Success: Done marker: ./log/nni_done\lnpcc_roman-empire_uniform_0.4.done
  [HPO] Done marker saved: ./log/nni_done\lnpcc_roman-empire_uniform_0.4.done
[total_exp] --hpo_only: skipping benchmark runs.
[worker] OK DONE  hpo_roman-empire_uniform_0.4  gpu=0  1867.9 min  rc=0
