[worker] START  lnpcc_roman-empire_random_0.5  gpu=0
======================================================================
GCN + LN-PCC -- NoisyGL Benchmark (Unified)
Start          : 2026-04-21 14:02:24
Variants       : ['lnpcc']
Datasets       : ['roman-empire']
Noise          : [[0.5, 'random']]
Runs           : 10  (seeds 3000..3009)
Device         : cuda:0
======================================================================
[HPO] Loaded 160 optimized scenarios from log/hpo_db.json
----Data statistics------'
                Name: roman-empire
                #Nodes 22662
                #Edges 32927
                #Classes 18
                #Ave_degree 2.91
----Split statistics------'
                #Train samples 1133 (5.0 % of nodes)
                #Val samples 3399 (15.0 % of nodes)
                #Test samples 18130 (remaining)

============================================================
  lnpcc | roman-empire | random 0.5
============================================================
  [HPO] Applying optimized params for roman-empire_random_0.5
    [14:10:10] roman-empire | random 0.5 | lnpcc | run  1/10 | seed=3000 | acc=0.3150 | mean=0.3150 | time=464.64s
  [HPO] Applying optimized params for roman-empire_random_0.5
    [14:18:27] roman-empire | random 0.5 | lnpcc | run  2/10 | seed=3001 | acc=0.3164 | mean=0.3157 | time=494.26s
  [HPO] Applying optimized params for roman-empire_random_0.5
    [14:26:26] roman-empire | random 0.5 | lnpcc | run  3/10 | seed=3002 | acc=0.3156 | mean=0.3156 | time=477.36s
  [HPO] Applying optimized params for roman-empire_random_0.5
    [14:36:28] roman-empire | random 0.5 | lnpcc | run  4/10 | seed=3003 | acc=0.3216 | mean=0.3171 | time=600.72s
  [HPO] Applying optimized params for roman-empire_random_0.5
    [14:46:42] roman-empire | random 0.5 | lnpcc | run  5/10 | seed=3004 | acc=0.3142 | mean=0.3165 | time=604.38s
  [HPO] Applying optimized params for roman-empire_random_0.5
    [14:56:12] roman-empire | random 0.5 | lnpcc | run  6/10 | seed=3005 | acc=0.3181 | mean=0.3168 | time=556.61s
  [HPO] Applying optimized params for roman-empire_random_0.5
    [15:05:36] roman-empire | random 0.5 | lnpcc | run  7/10 | seed=3006 | acc=0.2997 | mean=0.3143 | time=562.35s
  [HPO] Applying optimized params for roman-empire_random_0.5
    [15:17:34] roman-empire | random 0.5 | lnpcc | run  8/10 | seed=3007 | acc=0.3035 | mean=0.3130 | time=714.94s
  [HPO] Applying optimized params for roman-empire_random_0.5
    [15:26:33] roman-empire | random 0.5 | lnpcc | run  9/10 | seed=3008 | acc=0.3170 | mean=0.3134 | time=538.85s
  [HPO] Applying optimized params for roman-empire_random_0.5
    [15:35:40] roman-empire | random 0.5 | lnpcc | run 10/10 | seed=3009 | acc=0.3116 | mean=0.3133 | time=537.81s
  -> mean=0.3133 +/- 0.0064

[OK] Partial CSV: ./log\partial\partial_lnpcc_roman-empire_random_0.5.csv
End: 2026-04-21 15:35:40

[worker] OK DONE  lnpcc_roman-empire_random_0.5  gpu=0  93.4 min  rc=0
