[worker] START  lnpcc_roman-empire_random_0.4  gpu=1
======================================================================
GCN + LN-PCC -- NoisyGL Benchmark (Unified)
Start          : 2026-04-21 14:02:24
Variants       : ['lnpcc']
Datasets       : ['roman-empire']
Noise          : [[0.4, 'random']]
Runs           : 10  (seeds 3000..3009)
Device         : cuda:1
======================================================================
[HPO] Loaded 160 optimized scenarios from log/hpo_db.json
----Data statistics------'
                Name: roman-empire
                #Nodes 22662
                #Edges 32927
                #Classes 18
                #Ave_degree 2.91
----Split statistics------'
                #Train samples 1133 (5.0 % of nodes)
                #Val samples 3399 (15.0 % of nodes)
                #Test samples 18130 (remaining)

============================================================
  lnpcc | roman-empire | random 0.4
============================================================
  [HPO] Applying optimized params for roman-empire_random_0.4
    [14:08:44] roman-empire | random 0.4 | lnpcc | run  1/10 | seed=3000 | acc=0.3455 | mean=0.3455 | time=378.87s
  [HPO] Applying optimized params for roman-empire_random_0.4
    [14:17:11] roman-empire | random 0.4 | lnpcc | run  2/10 | seed=3001 | acc=0.3386 | mean=0.3421 | time=505.89s
  [HPO] Applying optimized params for roman-empire_random_0.4
    [14:26:35] roman-empire | random 0.4 | lnpcc | run  3/10 | seed=3002 | acc=0.3650 | mean=0.3497 | time=563.37s
  [HPO] Applying optimized params for roman-empire_random_0.4
    [14:34:42] roman-empire | random 0.4 | lnpcc | run  4/10 | seed=3003 | acc=0.3431 | mean=0.3481 | time=485.90s
  [HPO] Applying optimized params for roman-empire_random_0.4
    [14:44:53] roman-empire | random 0.4 | lnpcc | run  5/10 | seed=3004 | acc=0.3543 | mean=0.3493 | time=606.80s
  [HPO] Applying optimized params for roman-empire_random_0.4
    [14:54:07] roman-empire | random 0.4 | lnpcc | run  6/10 | seed=3005 | acc=0.3512 | mean=0.3496 | time=552.46s
  [HPO] Applying optimized params for roman-empire_random_0.4
    [15:03:29] roman-empire | random 0.4 | lnpcc | run  7/10 | seed=3006 | acc=0.3433 | mean=0.3487 | time=560.33s
  [HPO] Applying optimized params for roman-empire_random_0.4
    [15:15:23] roman-empire | random 0.4 | lnpcc | run  8/10 | seed=3007 | acc=0.3551 | mean=0.3495 | time=714.33s
  [HPO] Applying optimized params for roman-empire_random_0.4
    [15:26:07] roman-empire | random 0.4 | lnpcc | run  9/10 | seed=3008 | acc=0.3523 | mean=0.3498 | time=640.83s
  [HPO] Applying optimized params for roman-empire_random_0.4
    [15:34:23] roman-empire | random 0.4 | lnpcc | run 10/10 | seed=3009 | acc=0.3419 | mean=0.3490 | time=493.96s
  -> mean=0.3490 +/- 0.0076

[OK] Partial CSV: ./log\partial\partial_lnpcc_roman-empire_random_0.4.csv
End: 2026-04-21 15:34:23

[worker] OK DONE  lnpcc_roman-empire_random_0.4  gpu=1  92.2 min  rc=0
