[worker] START  lnpcc_amazoncom_random_0.5  gpu=1
======================================================================
GCN + LN-PCC -- NoisyGL Benchmark (Unified)
Start          : 2026-04-21 14:16:15
Variants       : ['lnpcc']
Datasets       : ['amazoncom']
Noise          : [[0.5, 'random']]
Runs           : 10  (seeds 3000..3009)
Device         : cuda:1
======================================================================
[HPO] Loaded 160 optimized scenarios from log/hpo_db.json
----Data statistics------'
                Name: amazoncom
                #Nodes 13752
                #Edges 245861
                #Classes 10
                #Ave_degree 35.76
----Split statistics------'
                #Train samples 200 (20 nodes per class)
                #Val samples 500 (specified)
                #Test samples 1000 (specified)

============================================================
  lnpcc | amazoncom | random 0.5
============================================================
  [HPO] Applying optimized params for amazoncom_random_0.5
    [14:17:53] amazoncom | random 0.5 | lnpcc | run  1/10 | seed=3000 | acc=0.7100 | mean=0.7100 | time=90.50s
  [HPO] Applying optimized params for amazoncom_random_0.5
    [14:19:35] amazoncom | random 0.5 | lnpcc | run  2/10 | seed=3001 | acc=0.6550 | mean=0.6825 | time=98.53s
  [HPO] Applying optimized params for amazoncom_random_0.5
    [14:21:07] amazoncom | random 0.5 | lnpcc | run  3/10 | seed=3002 | acc=0.6400 | mean=0.6683 | time=90.89s
  [HPO] Applying optimized params for amazoncom_random_0.5
    [14:22:45] amazoncom | random 0.5 | lnpcc | run  4/10 | seed=3003 | acc=0.5650 | mean=0.6425 | time=94.02s
  [HPO] Applying optimized params for amazoncom_random_0.5
    [14:24:30] amazoncom | random 0.5 | lnpcc | run  5/10 | seed=3004 | acc=0.6190 | mean=0.6378 | time=102.16s
  [HPO] Applying optimized params for amazoncom_random_0.5
    [14:26:04] amazoncom | random 0.5 | lnpcc | run  6/10 | seed=3005 | acc=0.6560 | mean=0.6408 | time=90.57s
  [HPO] Applying optimized params for amazoncom_random_0.5
    [14:27:30] amazoncom | random 0.5 | lnpcc | run  7/10 | seed=3006 | acc=0.6220 | mean=0.6381 | time=82.93s
  [HPO] Applying optimized params for amazoncom_random_0.5
    [14:29:11] amazoncom | random 0.5 | lnpcc | run  8/10 | seed=3007 | acc=0.6990 | mean=0.6458 | time=96.17s
  [HPO] Applying optimized params for amazoncom_random_0.5
    [14:30:48] amazoncom | random 0.5 | lnpcc | run  9/10 | seed=3008 | acc=0.7070 | mean=0.6526 | time=91.94s
  [HPO] Applying optimized params for amazoncom_random_0.5
    [14:32:40] amazoncom | random 0.5 | lnpcc | run 10/10 | seed=3009 | acc=0.6170 | mean=0.6490 | time=106.19s
  -> mean=0.6490 +/- 0.0441

[OK] Partial CSV: ./log\partial\partial_lnpcc_amazoncom_random_0.5.csv
End: 2026-04-21 14:32:40

[worker] OK DONE  lnpcc_amazoncom_random_0.5  gpu=1  16.6 min  rc=0
