[worker] START  lnpcc_citeseer_uniform_0.4  gpu=0
======================================================================
GCN + LN-PCC -- NoisyGL Benchmark (Unified)
Start          : 2026-04-21 16:03:16
Variants       : ['lnpcc']
Datasets       : ['citeseer']
Noise          : [[0.4, 'uniform']]
Runs           : 10  (seeds 3000..3009)
Device         : cuda:0
======================================================================
[HPO] Loaded 160 optimized scenarios from log/hpo_db.json
----Data statistics------'
                Name: citeseer
                #Nodes 3327
                #Edges 4552
                #Classes 6
                #Ave_degree 2.74
----Split statistics------'
                #Train samples 120 (default)
                #Val samples 500 (default)
                #Test samples 1000 (default)

============================================================
  lnpcc | citeseer | uniform 0.4
============================================================
  [HPO] Applying optimized params for citeseer_uniform_0.4
    [16:03:45] citeseer | uniform 0.4 | lnpcc | run  1/10 | seed=3000 | acc=0.6400 | mean=0.6400 | time=26.92s
  [HPO] Applying optimized params for citeseer_uniform_0.4
    [16:04:15] citeseer | uniform 0.4 | lnpcc | run  2/10 | seed=3001 | acc=0.5900 | mean=0.6150 | time=27.90s
  [HPO] Applying optimized params for citeseer_uniform_0.4
    [16:04:53] citeseer | uniform 0.4 | lnpcc | run  3/10 | seed=3002 | acc=0.5980 | mean=0.6093 | time=37.09s
  [HPO] Applying optimized params for citeseer_uniform_0.4
    [16:05:12] citeseer | uniform 0.4 | lnpcc | run  4/10 | seed=3003 | acc=0.6240 | mean=0.6130 | time=17.80s
  [HPO] Applying optimized params for citeseer_uniform_0.4
    [16:05:34] citeseer | uniform 0.4 | lnpcc | run  5/10 | seed=3004 | acc=0.6290 | mean=0.6162 | time=20.50s
  [HPO] Applying optimized params for citeseer_uniform_0.4
    [16:05:55] citeseer | uniform 0.4 | lnpcc | run  6/10 | seed=3005 | acc=0.5170 | mean=0.5997 | time=18.62s
  [HPO] Applying optimized params for citeseer_uniform_0.4
    [16:06:18] citeseer | uniform 0.4 | lnpcc | run  7/10 | seed=3006 | acc=0.6720 | mean=0.6100 | time=21.19s
  [HPO] Applying optimized params for citeseer_uniform_0.4
    [16:06:57] citeseer | uniform 0.4 | lnpcc | run  8/10 | seed=3007 | acc=0.6150 | mean=0.6106 | time=36.45s
  [HPO] Applying optimized params for citeseer_uniform_0.4
    [16:07:29] citeseer | uniform 0.4 | lnpcc | run  9/10 | seed=3008 | acc=0.5600 | mean=0.6050 | time=29.33s
  [HPO] Applying optimized params for citeseer_uniform_0.4
    [16:08:08] citeseer | uniform 0.4 | lnpcc | run 10/10 | seed=3009 | acc=0.6110 | mean=0.6056 | time=37.70s
  -> mean=0.6056 +/- 0.0410

[OK] Partial CSV: ./log\partial\partial_lnpcc_citeseer_uniform_0.4.csv
End: 2026-04-21 16:08:08

[worker] OK DONE  lnpcc_citeseer_uniform_0.4  gpu=0  5.1 min  rc=0
