[worker] START  lnpcc_pubmed_uniform_0.2  gpu=0
======================================================================
GCN + LN-PCC -- NoisyGL Benchmark (Unified)
Start          : 2026-04-21 15:53:28
Variants       : ['lnpcc']
Datasets       : ['pubmed']
Noise          : [[0.2, 'uniform']]
Runs           : 10  (seeds 3000..3009)
Device         : cuda:0
======================================================================
[HPO] Loaded 160 optimized scenarios from log/hpo_db.json
----Data statistics------'
                Name: pubmed
                #Nodes 19717
                #Edges 44324
                #Classes 3
                #Ave_degree 4.50
----Split statistics------'
                #Train samples 60 (default)
                #Val samples 500 (default)
                #Test samples 1000 (default)

============================================================
  lnpcc | pubmed | uniform 0.2
============================================================
  [HPO] Applying optimized params for pubmed_uniform_0.2
    [15:54:46] pubmed | uniform 0.2 | lnpcc | run  1/10 | seed=3000 | acc=0.7030 | mean=0.7030 | time=49.75s
  [HPO] Applying optimized params for pubmed_uniform_0.2
    [15:55:54] pubmed | uniform 0.2 | lnpcc | run  2/10 | seed=3001 | acc=0.7200 | mean=0.7115 | time=51.95s
  [HPO] Applying optimized params for pubmed_uniform_0.2
    [15:56:49] pubmed | uniform 0.2 | lnpcc | run  3/10 | seed=3002 | acc=0.6500 | mean=0.6910 | time=46.91s
  [HPO] Applying optimized params for pubmed_uniform_0.2
    [15:57:30] pubmed | uniform 0.2 | lnpcc | run  4/10 | seed=3003 | acc=0.6890 | mean=0.6905 | time=36.94s
  [HPO] Applying optimized params for pubmed_uniform_0.2
    [15:58:09] pubmed | uniform 0.2 | lnpcc | run  5/10 | seed=3004 | acc=0.6900 | mean=0.6904 | time=33.65s
  [HPO] Applying optimized params for pubmed_uniform_0.2
    [15:59:06] pubmed | uniform 0.2 | lnpcc | run  6/10 | seed=3005 | acc=0.6610 | mean=0.6855 | time=47.82s
  [HPO] Applying optimized params for pubmed_uniform_0.2
    [15:59:54] pubmed | uniform 0.2 | lnpcc | run  7/10 | seed=3006 | acc=0.7600 | mean=0.6961 | time=40.81s
  [HPO] Applying optimized params for pubmed_uniform_0.2
    [16:00:54] pubmed | uniform 0.2 | lnpcc | run  8/10 | seed=3007 | acc=0.7180 | mean=0.6989 | time=37.99s
  [HPO] Applying optimized params for pubmed_uniform_0.2
    [16:01:54] pubmed | uniform 0.2 | lnpcc | run  9/10 | seed=3008 | acc=0.7550 | mean=0.7051 | time=56.01s
  [HPO] Applying optimized params for pubmed_uniform_0.2
    [16:02:39] pubmed | uniform 0.2 | lnpcc | run 10/10 | seed=3009 | acc=0.7560 | mean=0.7102 | time=39.25s
  -> mean=0.7102 +/- 0.0370

[OK] Partial CSV: ./log\partial\partial_lnpcc_pubmed_uniform_0.2.csv
End: 2026-04-21 16:02:39

[worker] OK DONE  lnpcc_pubmed_uniform_0.2  gpu=0  9.4 min  rc=0
