[worker] START  lnpcc_amazon-ratings_uniform_0.5  gpu=1
======================================================================
GCN + LN-PCC -- NoisyGL Benchmark (Unified)
Start          : 2026-04-21 11:24:02
Variants       : ['lnpcc']
Datasets       : ['amazon-ratings']
Noise          : [[0.5, 'uniform']]
Runs           : 10  (seeds 3000..3009)
Device         : cuda:1
======================================================================
[HPO] Loaded 160 optimized scenarios from log/hpo_db.json
----Data statistics------'
                Name: amazon-ratings
                #Nodes 24492
                #Edges 93050
                #Classes 5
                #Ave_degree 7.60
----Split statistics------'
                #Train samples 1224 (5.0 % of nodes)
                #Val samples 3673 (15.0 % of nodes)
                #Test samples 19595 (remaining)

============================================================
  lnpcc | amazon-ratings | uniform 0.5
============================================================
  [HPO] Applying optimized params for amazon-ratings_uniform_0.5
    [11:25:21] amazon-ratings | uniform 0.5 | lnpcc | run  1/10 | seed=3000 | acc=0.3861 | mean=0.3861 | time=74.96s
  [HPO] Applying optimized params for amazon-ratings_uniform_0.5
    [11:26:40] amazon-ratings | uniform 0.5 | lnpcc | run  2/10 | seed=3001 | acc=0.3770 | mean=0.3816 | time=70.18s
  [HPO] Applying optimized params for amazon-ratings_uniform_0.5
    [11:28:02] amazon-ratings | uniform 0.5 | lnpcc | run  3/10 | seed=3002 | acc=0.3351 | mean=0.3661 | time=80.27s
  [HPO] Applying optimized params for amazon-ratings_uniform_0.5
    [11:29:34] amazon-ratings | uniform 0.5 | lnpcc | run  4/10 | seed=3003 | acc=0.3721 | mean=0.3676 | time=80.80s
  [HPO] Applying optimized params for amazon-ratings_uniform_0.5
    [11:31:27] amazon-ratings | uniform 0.5 | lnpcc | run  5/10 | seed=3004 | acc=0.3680 | mean=0.3677 | time=106.02s
  [HPO] Applying optimized params for amazon-ratings_uniform_0.5
    [11:33:02] amazon-ratings | uniform 0.5 | lnpcc | run  6/10 | seed=3005 | acc=0.3705 | mean=0.3681 | time=86.26s
  [HPO] Applying optimized params for amazon-ratings_uniform_0.5
    [11:34:31] amazon-ratings | uniform 0.5 | lnpcc | run  7/10 | seed=3006 | acc=0.3637 | mean=0.3675 | time=85.24s
  [HPO] Applying optimized params for amazon-ratings_uniform_0.5
    [11:36:06] amazon-ratings | uniform 0.5 | lnpcc | run  8/10 | seed=3007 | acc=0.3544 | mean=0.3659 | time=91.71s
  [HPO] Applying optimized params for amazon-ratings_uniform_0.5
    [11:37:54] amazon-ratings | uniform 0.5 | lnpcc | run  9/10 | seed=3008 | acc=0.3695 | mean=0.3663 | time=95.09s
  [HPO] Applying optimized params for amazon-ratings_uniform_0.5
    [11:39:38] amazon-ratings | uniform 0.5 | lnpcc | run 10/10 | seed=3009 | acc=0.3686 | mean=0.3665 | time=92.36s
  -> mean=0.3665 +/- 0.0130

[OK] Partial CSV: ./log\partial\partial_lnpcc_amazon-ratings_uniform_0.5.csv
End: 2026-04-21 11:39:38
[worker] OK DONE  lnpcc_amazon-ratings_uniform_0.5  gpu=1  15.7 min  rc=0
