[worker] START  hpo_blogcatalog_pair_0.2  gpu=1
======================================================================
GCN + LN-PCC -- NoisyGL Benchmark (Unified)
Start          : 2026-04-20 01:03:38
Variants       : ['lnpcc']
Datasets       : ['blogcatalog']
Noise          : [[0.2, 'pair']]
Runs           : 10  (seeds 3000..3009)
Device         : cuda:1
======================================================================

[HPO] Optimizing lnpcc on blogcatalog_pair_0.2 (max_trials=200, max_k_same=60)

[Optuna] Scenario: blogcatalog_pair_0.2  (max_trials=200, startup=20)
  [Trial   1] blogcatalog_pair_0.2 | acc=0.2395  (99.4s)  knn=d  k= 14  dexp=7.40  p_grd=0.421  unc_rem=0.161  unc_rel=0.537  drop=0.52  h=128  L=3  lr=0.1  wd=0.05
  [Trial   2] blogcatalog_pair_0.2 | acc=0.1765  (69.0s)  knn=d  k= 17  dexp=0.88  p_grd=0.193  unc_rem=0.850  unc_rel=0.092  drop=0.89  h=128  L=3  lr=1e-05  wd=0.1
  [Trial   3] blogcatalog_pair_0.2 | acc=0.1671  (60.8s)  knn=s  k= 60  dexp=4.63  p_grd=0.375  unc_rem=0.959  unc_rel=0.839  drop=0.11  h=16  L=4  lr=1e-05  wd=0.1
  [Trial   4] blogcatalog_pair_0.2 | acc=0.6152  (102.0s)  knn=s  k= 20  dexp=3.86  p_grd=0.215  unc_rem=0.881  unc_rel=0.612  drop=0.58  h=32  L=3  lr=0.005  wd=0.001
  [Trial   5] blogcatalog_pair_0.2 | acc=0.5236  (33.8s)  knn=u  k=-    dexp=8.18  p_grd=0.344  unc_rem=0.346  unc_rel=0.828  drop=0.50  h=64  L=4  lr=0.001  wd=0.001
  [Trial   6] blogcatalog_pair_0.2 | acc=0.6431  (81.6s)  knn=s  k= 60  dexp=9.63  p_grd=0.431  unc_rem=0.779  unc_rel=0.683  drop=0.44  h=32  L=1  lr=0.1  wd=0.01
  [Trial   7] blogcatalog_pair_0.2 | acc=0.3163  (90.8s)  knn=d  k= 22  dexp=8.98  p_grd=0.186  unc_rem=0.562  unc_rel=0.930  drop=0.36  h=32  L=3  lr=0.0001  wd=0.005
  [Trial   8] blogcatalog_pair_0.2 | acc=0.3608  (68.5s)  knn=d  k= 15  dexp=2.27  p_grd=0.167  unc_rem=0.876  unc_rel=0.021  drop=0.20  h=128  L=3  lr=0.1  wd=0.005
  [Trial   9] blogcatalog_pair_0.2 | acc=0.7039  (67.9s)  knn=p  k= 21  dexp=7.05  p_grd=0.405  unc_rem=0.819  unc_rel=0.209  drop=0.56  h=32  L=2  lr=0.01  wd=1e-05
  [Trial  10] blogcatalog_pair_0.2 | acc=0.4627  (97.5s)  knn=d  k= 23  dexp=5.37  p_grd=0.494  unc_rem=0.196  unc_rel=0.286  drop=0.68  h=64  L=3  lr=0.05  wd=0.005
  [Trial  11] blogcatalog_pair_0.2 | acc=0.2508  (74.8s)  knn=s  k= 10  dexp=6.60  p_grd=0.444  unc_rem=0.958  unc_rel=0.876  drop=0.66  h=16  L=4  lr=0.05  wd=1e-05
  [Trial  12] blogcatalog_pair_0.2 | acc=0.6046  (75.6s)  knn=u  k=-    dexp=8.76  p_grd=0.091  unc_rem=0.305  unc_rel=0.438  drop=0.14  h=64  L=3  lr=0.001  wd=0.0001
  [Trial  13] blogcatalog_pair_0.2 | acc=0.2217  (285.2s)  knn=p  k=  9  dexp=7.90  p_grd=0.228  unc_rem=0.196  unc_rel=0.065  drop=0.88  h=16  L=4  lr=0.1  wd=0.005
  [Trial  14] blogcatalog_pair_0.2 | acc=0.5534  (53.9s)  knn=s  k= 20  dexp=4.82  p_grd=0.311  unc_rem=0.084  unc_rel=0.251  drop=0.17  h=32  L=2  lr=0.0005  wd=0.005
  [Trial  15] blogcatalog_pair_0.2 | acc=0.3689  (63.7s)  knn=d  k=  5  dexp=1.73  p_grd=0.294  unc_rem=0.145  unc_rel=0.870  drop=0.67  h=32  L=1  lr=0.0001  wd=0.001
  [Trial  16] blogcatalog_pair_0.2 | acc=0.1758  (81.4s)  knn=p  k= 15  dexp=1.15  p_grd=0.289  unc_rem=0.335  unc_rel=0.495  drop=0.39  h=64  L=4  lr=1e-05  wd=0.0005
  [Trial  17] blogcatalog_pair_0.2 | acc=0.4574  (141.1s)  knn=p  k= 10  dexp=8.27  p_grd=0.189  unc_rem=0.042  unc_rel=0.304  drop=0.53  h=32  L=4  lr=0.005  wd=0.005
  [Trial  18] blogcatalog_pair_0.2 | acc=0.4743  (54.6s)  knn=d  k=  3  dexp=2.21  p_grd=0.206  unc_rem=0.616  unc_rel=0.167  drop=0.40  h=64  L=3  lr=0.005  wd=0.01
  [Trial  19] blogcatalog_pair_0.2 | acc=0.6145  (61.8s)  knn=p  k= 13  dexp=3.83  p_grd=0.476  unc_rem=0.774  unc_rel=0.043  drop=0.57  h=128  L=1  lr=0.001  wd=5e-05
  [Trial  20] blogcatalog_pair_0.2 | acc=0.7210  (32.1s)  knn=u  k=-    dexp=6.93  p_grd=0.170  unc_rem=0.841  unc_rel=0.089  drop=0.61  h=16  L=2  lr=0.01  wd=5e-05
  [Trial  21] blogcatalog_pair_0.2 | acc=0.7323  (29.0s)  knn=u  k=-    dexp=6.27  p_grd=0.160  unc_rem=0.801  unc_rel=0.098  drop=0.63  h=64  L=2  lr=0.01  wd=5e-05
  [Trial  22] blogcatalog_pair_0.2 | acc=0.6994  (182.5s)  knn=p  k= 23  dexp=8.50  p_grd=0.268  unc_rem=0.954  unc_rel=0.078  drop=0.64  h=32  L=2  lr=0.01  wd=1e-05
  [Trial  23] blogcatalog_pair_0.2 | acc=0.7080  (115.4s)  knn=u  k=-    dexp=6.98  p_grd=0.235  unc_rem=0.741  unc_rel=0.154  drop=0.60  h=16  L=2  lr=0.005  wd=5e-05
  [Trial  24] blogcatalog_pair_0.2 | acc=0.6674  (94.2s)  knn=u  k=-    dexp=6.46  p_grd=0.154  unc_rem=0.788  unc_rel=0.162  drop=0.72  h=64  L=2  lr=0.0005  wd=5e-05
  [Trial  25] blogcatalog_pair_0.2 | acc=0.7177  (88.0s)  knn=s  k= 40  dexp=7.62  p_grd=0.291  unc_rem=0.450  unc_rel=0.177  drop=0.48  h=16  L=2  lr=0.005  wd=5e-05
  [Trial  26] blogcatalog_pair_0.2 | acc=0.2946  (71.2s)  knn=s  k= 40  dexp=6.78  p_grd=0.183  unc_rem=0.429  unc_rel=0.228  drop=0.42  h=16  L=2  lr=1e-05  wd=0.01
  [Trial  27] blogcatalog_pair_0.2 | acc=0.6527  (102.9s)  knn=p  k= 24  dexp=5.69  p_grd=0.129  unc_rem=0.603  unc_rel=0.017  drop=0.39  h=16  L=3  lr=0.01  wd=5e-05
  [Trial  28] blogcatalog_pair_0.2 | acc=0.3235  (83.3s)  knn=s  k= 45  dexp=6.48  p_grd=0.450  unc_rem=0.377  unc_rel=0.138  drop=0.30  h=16  L=2  lr=0.005  wd=0.05
  [Trial  29] blogcatalog_pair_0.2 | acc=0.6421  (60.7s)  knn=u  k=-    dexp=8.29  p_grd=0.082  unc_rem=0.997  unc_rel=0.102  drop=0.52  h=64  L=1  lr=0.01  wd=0.0005
  [Trial  30] blogcatalog_pair_0.2 | acc=0.7237  (38.8s)  knn=s  k= 40  dexp=9.77  p_grd=0.198  unc_rem=0.284  unc_rel=0.193  drop=0.37  h=16  L=2  lr=0.005  wd=5e-05
  [Trial  31] blogcatalog_pair_0.2 | acc=0.7239  (115.7s)  knn=s  k= 50  dexp=6.01  p_grd=0.170  unc_rem=0.722  unc_rel=0.269  drop=0.68  h=128  L=2  lr=0.01  wd=5e-05
  [Trial  32] blogcatalog_pair_0.2 | acc=0.6448  (38.2s)  knn=s  k= 50  dexp=7.84  p_grd=0.218  unc_rem=0.745  unc_rel=0.223  drop=0.67  h=128  L=1  lr=0.01  wd=0.01
  [Trial  33] blogcatalog_pair_0.2 | acc=0.2949  (106.9s)  knn=u  k=-    dexp=7.45  p_grd=0.031  unc_rem=0.580  unc_rel=0.274  drop=0.88  h=16  L=2  lr=0.01  wd=0.05
  [Trial  34] blogcatalog_pair_0.2 | acc=0.3266  (208.7s)  knn=s  k= 40  dexp=6.14  p_grd=0.236  unc_rem=0.695  unc_rel=0.033  drop=0.53  h=64  L=2  lr=0.01  wd=0.05
  [Trial  35] blogcatalog_pair_0.2 | acc=0.7225  (107.9s)  knn=s  k= 50  dexp=6.67  p_grd=0.166  unc_rem=0.461  unc_rel=0.251  drop=0.60  h=128  L=2  lr=0.01  wd=0.005
  [Trial  36] blogcatalog_pair_0.2 | acc=0.2063  (58.3s)  knn=s  k= 50  dexp=4.75  p_grd=0.221  unc_rem=0.570  unc_rel=0.561  drop=0.62  h=128  L=2  lr=1e-05  wd=5e-05
  [Trial  37] blogcatalog_pair_0.2 | acc=0.7234  (83.2s)  knn=p  k= 24  dexp=3.70  p_grd=0.193  unc_rem=0.683  unc_rel=0.296  drop=0.62  h=128  L=2  lr=0.01  wd=0.005
  [Trial  38] blogcatalog_pair_0.2 | acc=0.1926  (74.4s)  knn=s  k= 35  dexp=9.77  p_grd=0.127  unc_rem=0.227  unc_rel=0.186  drop=0.32  h=16  L=4  lr=0.1  wd=0.05
  [Trial  39] blogcatalog_pair_0.2 | acc=0.3254  (67.5s)  knn=p  k= 24  dexp=2.08  p_grd=0.254  unc_rem=0.720  unc_rel=0.232  drop=0.58  h=128  L=2  lr=0.01  wd=0.1
  [Trial  40] blogcatalog_pair_0.2 | acc=0.7066  (137.1s)  knn=s  k= 35  dexp=9.87  p_grd=0.242  unc_rem=0.028  unc_rel=0.047  drop=0.44  h=128  L=2  lr=0.05  wd=5e-05
  [Trial  41] blogcatalog_pair_0.2 | acc=0.3187  (71.6s)  knn=p  k= 24  dexp=2.48  p_grd=0.340  unc_rem=0.803  unc_rel=0.289  drop=0.62  h=128  L=4  lr=0.0001  wd=0.005
  [Trial  42] blogcatalog_pair_0.2 | acc=0.7285  (54.4s)  knn=s  k= 50  dexp=8.01  p_grd=0.162  unc_rem=0.229  unc_rel=0.165  drop=0.51  h=128  L=2  lr=0.01  wd=0.005
  [Trial  43] blogcatalog_pair_0.2 | acc=0.5931  (55.9s)  knn=s  k= 55  dexp=8.16  p_grd=0.201  unc_rem=0.198  unc_rel=0.160  drop=0.46  h=128  L=1  lr=0.001  wd=0.005
  [Trial  44] blogcatalog_pair_0.2 | acc=0.6368  (57.3s)  knn=s  k= 50  dexp=3.39  p_grd=0.020  unc_rem=0.760  unc_rel=0.032  drop=0.65  h=128  L=2  lr=0.01  wd=5e-05
  [Trial  45] blogcatalog_pair_0.2 | acc=0.7167  (104.2s)  knn=p  k= 24  dexp=1.56  p_grd=0.152  unc_rem=0.800  unc_rel=0.639  drop=0.72  h=128  L=2  lr=0.01  wd=0.005
  [Trial  46] blogcatalog_pair_0.2 | acc=0.6816  (40.8s)  knn=u  k=-    dexp=4.00  p_grd=0.288  unc_rem=0.762  unc_rel=0.166  drop=0.41  h=128  L=2  lr=0.05  wd=0.005
  [Trial  47] blogcatalog_pair_0.2 | acc=0.6693  (123.0s)  knn=s  k= 60  dexp=8.98  p_grd=0.271  unc_rem=0.181  unc_rel=0.398  drop=0.48  h=128  L=3  lr=0.005  wd=1e-05
  [Trial  48] blogcatalog_pair_0.2 | acc=0.4846  (42.1s)  knn=u  k=-    dexp=8.83  p_grd=0.123  unc_rem=0.149  unc_rel=0.257  drop=0.21  h=128  L=2  lr=0.0001  wd=0.005
  [Trial  49] blogcatalog_pair_0.2 | acc=0.2431  (38.4s)  knn=s  k= 45  dexp=9.10  p_grd=0.082  unc_rem=0.183  unc_rel=0.200  drop=0.14  h=16  L=2  lr=0.001  wd=0.1
  [Trial  50] blogcatalog_pair_0.2 | acc=0.6813  (148.9s)  knn=p  k= 24  dexp=4.62  p_grd=0.047  unc_rem=0.968  unc_rel=0.238  drop=0.55  h=128  L=2  lr=0.005  wd=0.005
  [Trial  51] blogcatalog_pair_0.2 | acc=0.5238  (130.0s)  knn=u  k=-    dexp=6.49  p_grd=0.309  unc_rem=0.808  unc_rel=0.057  drop=0.45  h=64  L=2  lr=0.0001  wd=0.0001
  [Trial  52] blogcatalog_pair_0.2 | acc=0.7290  (37.1s)  knn=s  k= 50  dexp=8.79  p_grd=0.174  unc_rem=0.522  unc_rel=0.147  drop=0.55  h=32  L=2  lr=0.01  wd=0.005
  [Trial  53] blogcatalog_pair_0.2 | acc=0.7333  (38.4s)  knn=s  k= 50  dexp=7.95  p_grd=0.177  unc_rem=0.716  unc_rel=0.053  drop=0.37  h=32  L=2  lr=0.005  wd=0.005
  [Trial  54] blogcatalog_pair_0.2 | acc=0.7210  (105.6s)  knn=s  k= 50  dexp=6.57  p_grd=0.204  unc_rem=0.711  unc_rel=0.020  drop=0.39  h=32  L=2  lr=0.005  wd=0.005
  [Trial  55] blogcatalog_pair_0.2 | acc=0.7229  (59.3s)  knn=s  k= 55  dexp=9.75  p_grd=0.211  unc_rem=0.301  unc_rel=0.129  drop=0.67  h=32  L=2  lr=0.01  wd=0.005
  [Trial  56] blogcatalog_pair_0.2 | acc=0.4108  (61.0s)  knn=s  k= 45  dexp=7.79  p_grd=0.155  unc_rem=0.424  unc_rel=0.234  drop=0.37  h=32  L=1  lr=0.01  wd=0.1
  [Trial  57] blogcatalog_pair_0.2 | acc=0.6118  (45.5s)  knn=s  k= 55  dexp=6.91  p_grd=0.241  unc_rem=0.877  unc_rel=0.147  drop=0.56  h=128  L=2  lr=0.1  wd=5e-05
  [Trial  58] blogcatalog_pair_0.2 | acc=0.6708  (60.3s)  knn=u  k=-    dexp=9.12  p_grd=0.071  unc_rem=0.412  unc_rel=0.064  drop=0.37  h=32  L=2  lr=0.005  wd=0.001
  [Trial  59] blogcatalog_pair_0.2 | acc=0.4060  (111.4s)  knn=s  k= 45  dexp=5.32  p_grd=0.228  unc_rem=0.182  unc_rel=0.050  drop=0.43  h=64  L=2  lr=0.1  wd=0.005
  [Trial  60] blogcatalog_pair_0.2 | acc=0.7143  (210.0s)  knn=d  k= 24  dexp=8.44  p_grd=0.122  unc_rem=0.379  unc_rel=0.075  drop=0.36  h=64  L=2  lr=0.01  wd=0.005
  [Trial  61] blogcatalog_pair_0.2 | acc=0.6455  (150.2s)  knn=s  k= 60  dexp=9.98  p_grd=0.165  unc_rem=0.372  unc_rel=0.376  drop=0.41  h=32  L=2  lr=0.05  wd=0.0001
  [Trial  62] blogcatalog_pair_0.2 | acc=0.7311  (53.6s)  knn=s  k= 45  dexp=9.27  p_grd=0.141  unc_rem=0.147  unc_rel=0.537  drop=0.54  h=16  L=2  lr=0.005  wd=5e-05
  [Trial  63] blogcatalog_pair_0.2 | acc=0.7150  (85.5s)  knn=u  k=-    dexp=7.81  p_grd=0.241  unc_rem=0.146  unc_rel=0.178  drop=0.67  h=128  L=2  lr=0.01  wd=0.0001
  [Trial  64] blogcatalog_pair_0.2 | acc=0.6421  (150.1s)  knn=s  k= 45  dexp=7.76  p_grd=0.088  unc_rem=0.037  unc_rel=0.421  drop=0.47  h=16  L=2  lr=0.005  wd=5e-05
  [Trial  65] blogcatalog_pair_0.2 | acc=0.6241  (46.5s)  knn=s  k= 45  dexp=9.87  p_grd=0.233  unc_rem=0.312  unc_rel=0.117  drop=0.25  h=32  L=1  lr=0.005  wd=5e-05
  [Trial  66] blogcatalog_pair_0.2 | acc=0.2189  (256.7s)  knn=s  k= 50  dexp=8.12  p_grd=0.019  unc_rem=0.967  unc_rel=0.091  drop=0.40  h=32  L=3  lr=0.0001  wd=0.005
  [Trial  67] blogcatalog_pair_0.2 | acc=0.7152  (50.1s)  knn=d  k= 25  dexp=9.11  p_grd=0.133  unc_rem=0.485  unc_rel=0.661  drop=0.56  h=16  L=2  lr=0.005  wd=5e-05
  [Trial  68] blogcatalog_pair_0.2 | acc=0.5414  (45.9s)  knn=p  k= 24  dexp=7.02  p_grd=0.078  unc_rem=0.880  unc_rel=0.377  drop=0.71  h=64  L=4  lr=0.01  wd=5e-05
  [Trial  69] blogcatalog_pair_0.2 | acc=0.7241  (118.6s)  knn=s  k= 40  dexp=7.18  p_grd=0.135  unc_rem=0.893  unc_rel=0.404  drop=0.72  h=128  L=2  lr=0.01  wd=5e-05
  [Trial  70] blogcatalog_pair_0.2 | acc=0.3242  (71.9s)  knn=u  k=-    dexp=3.07  p_grd=0.103  unc_rem=0.986  unc_rel=0.109  drop=0.79  h=64  L=2  lr=0.01  wd=0.05
  [Trial  71] blogcatalog_pair_0.2 | acc=0.6575  (42.8s)  knn=s  k= 50  dexp=9.74  p_grd=0.091  unc_rem=0.949  unc_rel=0.314  drop=0.86  h=128  L=2  lr=0.01  wd=0.001
  [Trial  72] blogcatalog_pair_0.2 | acc=0.7155  (134.1s)  knn=s  k= 40  dexp=7.60  p_grd=0.304  unc_rem=0.694  unc_rel=0.568  drop=0.88  h=128  L=2  lr=0.01  wd=5e-05
  [Trial  73] blogcatalog_pair_0.2 | acc=0.7213  (291.1s)  knn=u  k=-    dexp=8.16  p_grd=0.088  unc_rem=0.739  unc_rel=0.056  drop=0.63  h=64  L=2  lr=0.01  wd=0.0001
  [Trial  74] blogcatalog_pair_0.2 | acc=0.7015  (76.2s)  knn=d  k= 24  dexp=8.14  p_grd=0.089  unc_rem=0.834  unc_rel=0.466  drop=0.64  h=128  L=2  lr=0.01  wd=5e-05
  [Trial  75] blogcatalog_pair_0.2 | acc=0.7412  (84.4s)  knn=s  k= 40  dexp=9.56  p_grd=0.171  unc_rem=0.257  unc_rel=0.180  drop=0.40  h=16  L=2  lr=0.005  wd=0.0005
  [Trial  76] blogcatalog_pair_0.2 | acc=0.5765  (82.3s)  knn=s  k= 40  dexp=6.00  p_grd=0.170  unc_rem=0.593  unc_rel=0.162  drop=0.79  h=16  L=4  lr=0.01  wd=5e-05
  [Trial  77] blogcatalog_pair_0.2 | acc=0.5880  (43.7s)  knn=s  k= 45  dexp=8.97  p_grd=0.015  unc_rem=0.922  unc_rel=0.549  drop=0.73  h=32  L=2  lr=0.005  wd=5e-05
  [Trial  78] blogcatalog_pair_0.2 | acc=0.7249  (67.6s)  knn=u  k=-    dexp=9.60  p_grd=0.178  unc_rem=0.310  unc_rel=0.157  drop=0.50  h=16  L=2  lr=0.005  wd=0.0005
  [Trial  79] blogcatalog_pair_0.2 | acc=0.4274  (54.7s)  knn=u  k=-    dexp=7.13  p_grd=0.051  unc_rem=0.156  unc_rel=0.476  drop=0.57  h=16  L=4  lr=0.005  wd=0.0005
  [Trial  80] blogcatalog_pair_0.2 | acc=0.7102  (174.6s)  knn=u  k=-    dexp=9.38  p_grd=0.164  unc_rem=0.046  unc_rel=0.112  drop=0.36  h=16  L=2  lr=0.005  wd=0.0005
  [Trial  81] blogcatalog_pair_0.2 | acc=0.2944  (110.9s)  knn=s  k= 40  dexp=9.96  p_grd=0.052  unc_rem=0.282  unc_rel=0.299  drop=0.49  h=16  L=2  lr=0.1  wd=0.0005
  [Trial  82] blogcatalog_pair_0.2 | acc=0.6106  (57.1s)  knn=u  k=-    dexp=9.71  p_grd=0.149  unc_rem=0.448  unc_rel=0.020  drop=0.56  h=16  L=2  lr=0.005  wd=0.01
  [Trial  83] blogcatalog_pair_0.2 | acc=0.6219  (191.6s)  knn=p  k= 24  dexp=8.89  p_grd=0.218  unc_rem=0.134  unc_rel=0.693  drop=0.43  h=16  L=1  lr=0.005  wd=5e-05
  [Trial  84] blogcatalog_pair_0.2 | acc=0.7407  (148.3s)  knn=s  k= 50  dexp=7.93  p_grd=0.113  unc_rem=0.795  unc_rel=0.116  drop=0.41  h=32  L=2  lr=0.01  wd=0.001
  [Trial  85] blogcatalog_pair_0.2 | acc=0.5373  (124.1s)  knn=s  k= 50  dexp=4.71  p_grd=0.034  unc_rem=0.733  unc_rel=0.178  drop=0.44  h=32  L=2  lr=0.01  wd=1e-05
  [Trial  86] blogcatalog_pair_0.2 | acc=0.7374  (44.6s)  knn=s  k= 40  dexp=7.86  p_grd=0.128  unc_rem=0.790  unc_rel=0.038  drop=0.30  h=32  L=2  lr=0.01  wd=0.001
  [Trial  87] blogcatalog_pair_0.2 | acc=0.7369  (119.1s)  knn=s  k= 55  dexp=7.25  p_grd=0.148  unc_rem=0.787  unc_rel=0.307  drop=0.20  h=32  L=2  lr=0.01  wd=0.001
  [Trial  88] blogcatalog_pair_0.2 | acc=0.2696  (52.4s)  knn=s  k= 60  dexp=6.64  p_grd=0.249  unc_rem=0.732  unc_rel=0.306  drop=0.10  h=16  L=2  lr=0.0001  wd=0.0005
  [Trial  89] blogcatalog_pair_0.2 | acc=0.7152  (85.2s)  knn=p  k= 24  dexp=9.78  p_grd=0.164  unc_rem=0.101  unc_rel=0.315  drop=0.50  h=128  L=2  lr=0.01  wd=0.005
  [Trial  90] blogcatalog_pair_0.2 | acc=0.7338  (66.7s)  knn=p  k= 24  dexp=8.87  p_grd=0.238  unc_rem=0.908  unc_rel=0.360  drop=0.16  h=32  L=2  lr=0.01  wd=0.001
  [Trial  91] blogcatalog_pair_0.2 | acc=0.7256  (82.1s)  knn=p  k= 24  dexp=9.94  p_grd=0.118  unc_rem=0.915  unc_rel=0.677  drop=0.21  h=32  L=2  lr=0.01  wd=0.001
  [Trial  92] blogcatalog_pair_0.2 | acc=0.3213  (43.6s)  knn=p  k= 24  dexp=8.41  p_grd=0.220  unc_rem=0.873  unc_rel=0.219  drop=0.17  h=16  L=2  lr=0.01  wd=0.05
  [Trial  93] blogcatalog_pair_0.2 | acc=0.6378  (41.0s)  knn=s  k= 55  dexp=9.72  p_grd=0.225  unc_rem=0.584  unc_rel=0.186  drop=0.28  h=32  L=2  lr=0.0005  wd=0.001
  [Trial  94] blogcatalog_pair_0.2 | acc=0.6198  (61.4s)  knn=p  k= 17  dexp=9.33  p_grd=0.275  unc_rem=0.724  unc_rel=0.341  drop=0.18  h=32  L=4  lr=0.01  wd=5e-05
  [Trial  95] blogcatalog_pair_0.2 | acc=0.6248  (77.8s)  knn=s  k= 50  dexp=6.34  p_grd=0.047  unc_rem=0.633  unc_rel=0.061  drop=0.12  h=32  L=2  lr=0.01  wd=0.001
  [Trial  96] blogcatalog_pair_0.2 | acc=0.5719  (57.4s)  knn=s  k= 50  dexp=9.06  p_grd=0.295  unc_rem=0.903  unc_rel=0.066  drop=0.22  h=32  L=4  lr=0.01  wd=0.001
  [Trial  97] blogcatalog_pair_0.2 | acc=0.2116  (44.1s)  knn=p  k=  2  dexp=5.59  p_grd=0.243  unc_rem=0.830  unc_rel=0.178  drop=0.10  h=32  L=2  lr=1e-05  wd=0.001
  [Trial  98] blogcatalog_pair_0.2 | acc=0.6546  (91.5s)  knn=d  k= 24  dexp=7.06  p_grd=0.274  unc_rem=0.720  unc_rel=0.399  drop=0.17  h=32  L=1  lr=0.01  wd=0.001
  [Trial  99] blogcatalog_pair_0.2 | acc=0.6152  (29.3s)  knn=u  k=-    dexp=6.09  p_grd=0.304  unc_rem=0.752  unc_rel=0.036  drop=0.63  h=64  L=1  lr=0.01  wd=5e-05
  [Trial 100] blogcatalog_pair_0.2 | acc=0.7333  (42.2s)  knn=p  k=  7  dexp=7.87  p_grd=0.176  unc_rem=0.815  unc_rel=0.413  drop=0.35  h=64  L=2  lr=0.005  wd=0.001
  [Trial 101] blogcatalog_pair_0.2 | acc=0.7258  (170.4s)  knn=p  k= 12  dexp=6.51  p_grd=0.137  unc_rem=0.755  unc_rel=0.427  drop=0.45  h=64  L=2  lr=0.005  wd=0.001
  [Trial 102] blogcatalog_pair_0.2 | acc=0.7201  (43.7s)  knn=p  k=  5  dexp=7.02  p_grd=0.350  unc_rem=0.814  unc_rel=0.550  drop=0.16  h=32  L=2  lr=0.01  wd=0.0001
  [Trial 103] blogcatalog_pair_0.2 | acc=0.1900  (107.0s)  knn=s  k= 35  dexp=6.83  p_grd=0.080  unc_rem=0.854  unc_rel=0.311  drop=0.25  h=32  L=2  lr=1e-05  wd=0.0001
  [Trial 104] blogcatalog_pair_0.2 | acc=0.6789  (57.8s)  knn=s  k= 50  dexp=7.24  p_grd=0.207  unc_rem=0.764  unc_rel=0.587  drop=0.16  h=32  L=3  lr=0.01  wd=0.0005
  [Trial 105] blogcatalog_pair_0.2 | acc=0.7388  (105.0s)  knn=s  k= 55  dexp=6.79  p_grd=0.246  unc_rem=0.827  unc_rel=0.197  drop=0.49  h=32  L=2  lr=0.01  wd=0.001
  [Trial 106] blogcatalog_pair_0.2 | acc=0.4933  (301.0s)  knn=s  k= 60  dexp=4.71  p_grd=0.190  unc_rem=0.945  unc_rel=0.310  drop=0.69  h=32  L=2  lr=0.0001  wd=0.001
  [Trial 107] blogcatalog_pair_0.2 | acc=0.5952  (62.5s)  knn=s  k= 55  dexp=8.87  p_grd=0.207  unc_rem=0.347  unc_rel=0.178  drop=0.31  h=16  L=3  lr=0.01  wd=0.0005
  [Trial 108] blogcatalog_pair_0.2 | acc=0.3235  (84.7s)  knn=d  k= 24  dexp=9.49  p_grd=0.082  unc_rem=0.735  unc_rel=0.093  drop=0.35  h=32  L=2  lr=0.01  wd=0.1
  [Trial 109] blogcatalog_pair_0.2 | acc=0.6970  (146.8s)  knn=u  k=-    dexp=9.33  p_grd=0.205  unc_rem=0.768  unc_rel=0.397  drop=0.20  h=64  L=2  lr=0.05  wd=0.001
  [Trial 110] blogcatalog_pair_0.2 | acc=0.7222  (58.8s)  knn=s  k= 40  dexp=9.09  p_grd=0.144  unc_rem=0.610  unc_rel=0.264  drop=0.28  h=32  L=2  lr=0.01  wd=0.005
  [Trial 111] blogcatalog_pair_0.2 | acc=0.7499  (101.5s)  knn=s  k= 55  dexp=5.76  p_grd=0.165  unc_rem=0.819  unc_rel=0.440  drop=0.43  h=32  L=2  lr=0.01  wd=0.001
  [Trial 112] blogcatalog_pair_0.2 | acc=0.7400  (157.1s)  knn=s  k= 60  dexp=7.34  p_grd=0.223  unc_rem=0.681  unc_rel=0.465  drop=0.38  h=32  L=2  lr=0.01  wd=0.001
  [Trial 113] blogcatalog_pair_0.2 | acc=0.7244  (80.4s)  knn=s  k= 60  dexp=3.86  p_grd=0.356  unc_rem=0.841  unc_rel=0.177  drop=0.27  h=32  L=2  lr=0.01  wd=0.001
  [Trial 114] blogcatalog_pair_0.2 | acc=0.4161  (102.3s)  knn=u  k=-    dexp=5.02  p_grd=0.012  unc_rem=0.844  unc_rel=0.686  drop=0.52  h=32  L=2  lr=0.01  wd=0.001
  [Trial 115] blogcatalog_pair_0.2 | acc=0.6294  (70.8s)  knn=s  k= 60  dexp=8.18  p_grd=0.310  unc_rem=0.253  unc_rel=0.394  drop=0.45  h=16  L=2  lr=0.001  wd=0.0005
  [Trial 116] blogcatalog_pair_0.2 | acc=0.7422  (183.8s)  knn=s  k= 60  dexp=3.64  p_grd=0.156  unc_rem=0.879  unc_rel=0.463  drop=0.53  h=64  L=2  lr=0.01  wd=0.001
  [Trial 117] blogcatalog_pair_0.2 | acc=0.6765  (60.7s)  knn=s  k= 60  dexp=0.89  p_grd=0.140  unc_rem=0.785  unc_rel=0.337  drop=0.35  h=64  L=2  lr=0.01  wd=0.001
  [Trial 118] blogcatalog_pair_0.2 | acc=0.7333  (99.4s)  knn=s  k= 60  dexp=7.97  p_grd=0.267  unc_rem=0.983  unc_rel=0.376  drop=0.46  h=32  L=2  lr=0.01  wd=0.001
  [Trial 119] blogcatalog_pair_0.2 | acc=0.7427  (80.1s)  knn=s  k= 60  dexp=8.70  p_grd=0.250  unc_rem=0.617  unc_rel=0.795  drop=0.45  h=32  L=2  lr=0.01  wd=0.001
  [Trial 120] blogcatalog_pair_0.2 | acc=0.3353  (80.0s)  knn=s  k= 25  dexp=9.50  p_grd=0.263  unc_rem=0.777  unc_rel=0.820  drop=0.37  h=32  L=2  lr=0.01  wd=0.05
  [Trial 121] blogcatalog_pair_0.2 | acc=0.5762  (93.0s)  knn=s  k= 60  dexp=8.35  p_grd=0.275  unc_rem=0.404  unc_rel=0.865  drop=0.63  h=32  L=4  lr=0.01  wd=0.0005
  [Trial 122] blogcatalog_pair_0.2 | acc=0.7270  (102.6s)  knn=s  k= 60  dexp=9.65  p_grd=0.251  unc_rem=0.547  unc_rel=0.600  drop=0.54  h=32  L=2  lr=0.01  wd=0.001
  [Trial 123] blogcatalog_pair_0.2 | acc=0.6561  (41.4s)  knn=s  k= 60  dexp=6.54  p_grd=0.000  unc_rem=0.763  unc_rel=0.151  drop=0.51  h=32  L=2  lr=0.005  wd=0.001
  [Trial 124] blogcatalog_pair_0.2 | acc=0.7499  (73.5s)  knn=s  k=  5  dexp=4.30  p_grd=0.281  unc_rem=0.925  unc_rel=0.685  drop=0.55  h=64  L=2  lr=0.01  wd=0.001
  [Trial 125] blogcatalog_pair_0.2 | acc=0.6308  (82.9s)  knn=s  k= 55  dexp=8.20  p_grd=0.167  unc_rem=0.702  unc_rel=0.154  drop=0.40  h=128  L=3  lr=0.01  wd=0.001
  [Trial 126] blogcatalog_pair_0.2 | acc=0.7201  (50.5s)  knn=s  k= 10  dexp=4.33  p_grd=0.127  unc_rem=0.854  unc_rel=0.471  drop=0.76  h=64  L=2  lr=0.01  wd=0.001
  [Trial 127] blogcatalog_pair_0.2 | acc=0.6703  (87.6s)  knn=s  k=  5  dexp=9.23  p_grd=0.400  unc_rem=0.597  unc_rel=0.959  drop=0.29  h=32  L=3  lr=0.01  wd=0.001
  [Trial 128] blogcatalog_pair_0.2 | acc=0.7251  (112.8s)  knn=s  k= 55  dexp=5.83  p_grd=0.403  unc_rem=0.741  unc_rel=0.589  drop=0.67  h=64  L=2  lr=0.01  wd=0.001
  [Trial 129] blogcatalog_pair_0.2 | acc=0.6710  (79.1s)  knn=p  k=  6  dexp=9.58  p_grd=0.278  unc_rem=0.936  unc_rel=0.289  drop=0.26  h=32  L=2  lr=0.001  wd=0.001
  [Trial 130] blogcatalog_pair_0.2 | acc=0.6248  (74.8s)  knn=s  k= 55  dexp=1.34  p_grd=0.277  unc_rem=0.956  unc_rel=0.675  drop=0.67  h=64  L=2  lr=0.01  wd=1e-05
  [Trial 131] blogcatalog_pair_0.2 | acc=0.5387  (38.1s)  knn=s  k= 60  dexp=5.07  p_grd=0.268  unc_rem=0.784  unc_rel=0.936  drop=0.35  h=64  L=4  lr=0.01  wd=0.001
  [Trial 132] blogcatalog_pair_0.2 | acc=0.3482  (40.9s)  knn=s  k= 60  dexp=5.49  p_grd=0.300  unc_rem=0.681  unc_rel=0.133  drop=0.55  h=32  L=4  lr=0.1  wd=0.001
  [Trial 133] blogcatalog_pair_0.2 | acc=0.6210  (80.7s)  knn=s  k= 60  dexp=4.25  p_grd=0.200  unc_rem=0.925  unc_rel=0.447  drop=0.44  h=32  L=1  lr=0.01  wd=5e-05
  [Trial 134] blogcatalog_pair_0.2 | acc=0.3598  (72.9s)  knn=s  k= 25  dexp=3.21  p_grd=0.192  unc_rem=0.920  unc_rel=0.688  drop=0.51  h=64  L=2  lr=1e-05  wd=0.0001
  [Trial 135] blogcatalog_pair_0.2 | acc=0.7302  (70.0s)  knn=u  k=-    dexp=7.74  p_grd=0.223  unc_rem=0.866  unc_rel=0.135  drop=0.53  h=32  L=2  lr=0.01  wd=0.001
  [Trial 136] blogcatalog_pair_0.2 | acc=0.7210  (233.5s)  knn=s  k= 55  dexp=6.28  p_grd=0.097  unc_rem=0.875  unc_rel=0.571  drop=0.33  h=32  L=2  lr=0.01  wd=0.001
  [Trial 137] blogcatalog_pair_0.2 | acc=0.6313  (153.1s)  knn=s  k= 60  dexp=8.42  p_grd=0.014  unc_rem=0.809  unc_rel=0.070  drop=0.48  h=32  L=1  lr=0.01  wd=0.001
  [Trial 138] blogcatalog_pair_0.2 | acc=0.7359  (145.3s)  knn=s  k= 50  dexp=6.61  p_grd=0.125  unc_rem=0.261  unc_rel=0.171  drop=0.33  h=16  L=2  lr=0.005  wd=0.0005
  [Trial 139] blogcatalog_pair_0.2 | acc=0.7338  (45.6s)  knn=p  k=  7  dexp=7.66  p_grd=0.245  unc_rem=0.761  unc_rel=0.297  drop=0.16  h=64  L=2  lr=0.01  wd=0.001
  [Trial 140] blogcatalog_pair_0.2 | acc=0.7107  (40.2s)  knn=p  k=  8  dexp=9.28  p_grd=0.216  unc_rem=0.859  unc_rel=0.284  drop=0.14  h=64  L=2  lr=0.01  wd=5e-05
  [Trial 141] blogcatalog_pair_0.2 | acc=0.5216  (52.9s)  knn=s  k= 50  dexp=5.84  p_grd=0.114  unc_rem=0.587  unc_rel=0.173  drop=0.41  h=16  L=4  lr=0.005  wd=0.0005
  [Trial 142] blogcatalog_pair_0.2 | acc=0.7253  (105.1s)  knn=s  k= 10  dexp=5.66  p_grd=0.225  unc_rem=0.238  unc_rel=0.200  drop=0.26  h=16  L=2  lr=0.005  wd=0.0005
  [Trial 143] blogcatalog_pair_0.2 | acc=0.7405  (106.1s)  knn=s  k=  5  dexp=9.89  p_grd=0.123  unc_rem=0.787  unc_rel=0.022  drop=0.43  h=32  L=2  lr=0.01  wd=0.001
  [Trial 144] blogcatalog_pair_0.2 | acc=0.6751  (110.5s)  knn=d  k=  9  dexp=7.77  p_grd=0.027  unc_rem=0.406  unc_rel=0.036  drop=0.13  h=16  L=2  lr=0.005  wd=0.0005
  [Trial 145] blogcatalog_pair_0.2 | acc=0.6833  (62.7s)  knn=s  k= 50  dexp=6.45  p_grd=0.088  unc_rem=0.225  unc_rel=0.082  drop=0.38  h=64  L=2  lr=0.005  wd=1e-05
  [Trial 146] blogcatalog_pair_0.2 | acc=0.7374  (55.0s)  knn=p  k=  2  dexp=7.58  p_grd=0.319  unc_rem=0.504  unc_rel=0.448  drop=0.30  h=64  L=2  lr=0.01  wd=0.001
  [Trial 147] blogcatalog_pair_0.2 | acc=0.4291  (71.1s)  knn=s  k=  5  dexp=7.71  p_grd=0.141  unc_rem=0.200  unc_rel=0.098  drop=0.48  h=16  L=1  lr=0.005  wd=0.05
  [Trial 148] blogcatalog_pair_0.2 | acc=0.7388  (163.0s)  knn=p  k=  4  dexp=8.31  p_grd=0.252  unc_rem=0.456  unc_rel=0.395  drop=0.26  h=64  L=2  lr=0.01  wd=0.001
  [Trial 149] blogcatalog_pair_0.2 | acc=0.5106  (61.4s)  knn=p  k=  2  dexp=9.00  p_grd=0.403  unc_rem=0.322  unc_rel=0.357  drop=0.32  h=64  L=2  lr=0.0001  wd=0.001
  [Trial 150] blogcatalog_pair_0.2 | acc=0.7304  (48.1s)  knn=s  k=  5  dexp=5.43  p_grd=0.331  unc_rem=0.750  unc_rel=0.730  drop=0.33  h=16  L=2  lr=0.01  wd=0.001
  [Trial 151] blogcatalog_pair_0.2 | acc=0.7131  (71.6s)  knn=s  k=  5  dexp=9.23  p_grd=0.126  unc_rem=0.650  unc_rel=0.087  drop=0.50  h=64  L=2  lr=0.001  wd=0.001
  [Trial 152] blogcatalog_pair_0.2 | acc=0.4959  (146.9s)  knn=p  k=  2  dexp=9.45  p_grd=0.024  unc_rem=0.343  unc_rel=0.336  drop=0.12  h=64  L=1  lr=0.01  wd=0.001
  [Trial 153] blogcatalog_pair_0.2 | acc=0.7511  (101.7s)  knn=p  k=  1  dexp=8.28  p_grd=0.384  unc_rem=0.578  unc_rel=0.347  drop=0.55  h=64  L=2  lr=0.01  wd=0.001
  [Trial 154] blogcatalog_pair_0.2 | acc=0.6717  (35.0s)  knn=p  k=  1  dexp=7.23  p_grd=0.391  unc_rem=0.619  unc_rel=0.501  drop=0.55  h=64  L=2  lr=0.0005  wd=0.0001
  [Trial 155] blogcatalog_pair_0.2 | acc=0.3280  (65.2s)  knn=p  k=  1  dexp=7.79  p_grd=0.239  unc_rem=0.263  unc_rel=0.214  drop=0.19  h=64  L=2  lr=0.01  wd=0.05
  [Trial 156] blogcatalog_pair_0.2 | acc=0.7369  (81.3s)  knn=p  k=  1  dexp=5.88  p_grd=0.303  unc_rem=0.574  unc_rel=0.366  drop=0.65  h=64  L=2  lr=0.01  wd=0.001
  [Trial 157] blogcatalog_pair_0.2 | acc=0.6178  (51.7s)  knn=s  k=  5  dexp=9.11  p_grd=0.029  unc_rem=0.842  unc_rel=0.098  drop=0.33  h=128  L=2  lr=0.01  wd=0.0005
  [Trial 158] blogcatalog_pair_0.2 | acc=0.7383  (70.0s)  knn=p  k=  1  dexp=6.27  p_grd=0.177  unc_rem=0.388  unc_rel=0.330  drop=0.44  h=16  L=2  lr=0.01  wd=0.001
  [Trial 159] blogcatalog_pair_0.2 | acc=0.7229  (49.5s)  knn=s  k=  5  dexp=9.02  p_grd=0.162  unc_rem=0.966  unc_rel=0.133  drop=0.37  h=32  L=2  lr=0.01  wd=5e-05
  [Trial 160] blogcatalog_pair_0.2 | acc=0.2804  (70.2s)  knn=s  k=  5  dexp=3.13  p_grd=0.121  unc_rem=0.939  unc_rel=0.546  drop=0.43  h=64  L=3  lr=0.01  wd=0.05
  [Trial 161] blogcatalog_pair_0.2 | acc=0.7225  (132.1s)  knn=p  k=  1  dexp=7.15  p_grd=0.333  unc_rem=0.734  unc_rel=0.348  drop=0.63  h=64  L=2  lr=0.01  wd=0.001
  [Trial 162] blogcatalog_pair_0.2 | acc=0.7278  (37.5s)  knn=p  k=  1  dexp=8.93  p_grd=0.288  unc_rem=0.502  unc_rel=0.513  drop=0.26  h=16  L=2  lr=0.01  wd=0.0005
  [Trial 163] blogcatalog_pair_0.2 | acc=0.6486  (54.7s)  knn=p  k=  2  dexp=5.70  p_grd=0.243  unc_rem=0.521  unc_rel=0.378  drop=0.42  h=16  L=2  lr=0.05  wd=0.001
  [Trial 164] blogcatalog_pair_0.2 | acc=0.7278  (67.1s)  knn=p  k=  1  dexp=8.94  p_grd=0.349  unc_rem=0.463  unc_rel=0.477  drop=0.41  h=128  L=2  lr=0.01  wd=0.001
  [Trial 165] blogcatalog_pair_0.2 | acc=0.7302  (207.2s)  knn=p  k=  1  dexp=6.79  p_grd=0.230  unc_rem=0.252  unc_rel=0.349  drop=0.61  h=16  L=2  lr=0.01  wd=0.001
  [Trial 166] blogcatalog_pair_0.2 | acc=0.7227  (90.9s)  knn=s  k= 50  dexp=9.45  p_grd=0.260  unc_rem=0.229  unc_rel=0.016  drop=0.44  h=16  L=2  lr=0.005  wd=0.0005
  [Trial 167] blogcatalog_pair_0.2 | acc=0.5390  (44.0s)  knn=p  k=  3  dexp=7.19  p_grd=0.286  unc_rem=0.552  unc_rel=0.648  drop=0.29  h=64  L=4  lr=0.01  wd=0.001
  [Trial 168] blogcatalog_pair_0.2 | acc=0.4913  (89.6s)  knn=s  k= 40  dexp=7.94  p_grd=0.147  unc_rem=0.799  unc_rel=0.019  drop=0.28  h=32  L=2  lr=0.0001  wd=0.001
  [Trial 169] blogcatalog_pair_0.2 | acc=0.6938  (87.0s)  knn=p  k=  2  dexp=3.47  p_grd=0.174  unc_rem=0.207  unc_rel=0.573  drop=0.36  h=128  L=2  lr=0.01  wd=0.001
  [Trial 170] blogcatalog_pair_0.2 | acc=0.6578  (54.2s)  knn=s  k= 50  dexp=9.96  p_grd=0.104  unc_rem=0.636  unc_rel=0.792  drop=0.39  h=64  L=2  lr=0.0005  wd=0.001
  [Trial 171] blogcatalog_pair_0.2 | acc=0.7285  (79.9s)  knn=d  k=  1  dexp=4.51  p_grd=0.218  unc_rem=0.891  unc_rel=0.423  drop=0.43  h=64  L=2  lr=0.01  wd=0.0001
  [Trial 172] blogcatalog_pair_0.2 | acc=0.7294  (42.2s)  knn=p  k=  4  dexp=2.71  p_grd=0.341  unc_rem=0.466  unc_rel=0.123  drop=0.82  h=64  L=2  lr=0.01  wd=1e-05
  [Trial 173] blogcatalog_pair_0.2 | acc=0.7386  (114.6s)  knn=p  k=  4  dexp=8.27  p_grd=0.222  unc_rem=0.317  unc_rel=0.529  drop=0.26  h=64  L=2  lr=0.01  wd=0.001
  [Trial 174] blogcatalog_pair_0.2 | acc=0.7309  (134.8s)  knn=p  k=  4  dexp=8.51  p_grd=0.363  unc_rem=0.075  unc_rel=0.482  drop=0.26  h=64  L=2  lr=0.01  wd=0.001
  [Trial 175] blogcatalog_pair_0.2 | acc=0.7008  (92.2s)  knn=p  k=  3  dexp=8.60  p_grd=0.254  unc_rem=0.308  unc_rel=0.622  drop=0.20  h=64  L=2  lr=0.01  wd=1e-05
  [Trial 176] blogcatalog_pair_0.2 | acc=0.7362  (66.4s)  knn=p  k=  4  dexp=9.62  p_grd=0.396  unc_rem=0.333  unc_rel=0.042  drop=0.59  h=64  L=2  lr=0.01  wd=0.001
  [Trial 177] blogcatalog_pair_0.2 | acc=0.5034  (59.5s)  knn=p  k=  4  dexp=9.42  p_grd=0.271  unc_rem=0.066  unc_rel=0.070  drop=0.71  h=64  L=4  lr=0.01  wd=0.001
  [Trial 178] blogcatalog_pair_0.2 | acc=0.7398  (97.6s)  knn=p  k=  4  dexp=7.61  p_grd=0.492  unc_rem=0.444  unc_rel=0.250  drop=0.51  h=64  L=2  lr=0.01  wd=0.0005
  [Trial 179] blogcatalog_pair_0.2 | acc=0.7311  (44.8s)  knn=p  k=  1  dexp=6.16  p_grd=0.400  unc_rem=0.354  unc_rel=0.219  drop=0.58  h=64  L=2  lr=0.01  wd=0.0005
  [Trial 180] blogcatalog_pair_0.2 | acc=0.7422  (85.1s)  knn=p  k=  5  dexp=9.32  p_grd=0.409  unc_rem=0.526  unc_rel=0.384  drop=0.31  h=64  L=2  lr=0.01  wd=0.005
  [Trial 181] blogcatalog_pair_0.2 | acc=0.3413  (64.6s)  knn=p  k=  7  dexp=8.53  p_grd=0.470  unc_rem=0.621  unc_rel=0.357  drop=0.23  h=64  L=2  lr=1e-05  wd=0.1
  [Trial 182] blogcatalog_pair_0.2 | acc=0.7294  (39.3s)  knn=p  k=  5  dexp=9.24  p_grd=0.450  unc_rem=0.715  unc_rel=0.255  drop=0.39  h=64  L=2  lr=0.01  wd=0.005
  [Trial 183] blogcatalog_pair_0.2 | acc=0.7114  (73.2s)  knn=p  k=  4  dexp=5.12  p_grd=0.155  unc_rem=0.230  unc_rel=0.518  drop=0.33  h=16  L=2  lr=0.01  wd=0.005
  [Trial 184] blogcatalog_pair_0.2 | acc=0.6501  (53.1s)  knn=p  k=  5  dexp=7.60  p_grd=0.124  unc_rem=0.299  unc_rel=0.433  drop=0.10  h=128  L=2  lr=0.1  wd=0.001
  [Trial 185] blogcatalog_pair_0.2 | acc=0.7350  (30.6s)  knn=u  k=-    dexp=7.87  p_grd=0.419  unc_rem=0.579  unc_rel=0.051  drop=0.37  h=64  L=2  lr=0.01  wd=0.0005
  [Trial 186] blogcatalog_pair_0.2 | acc=0.7352  (84.5s)  knn=s  k= 15  dexp=3.71  p_grd=0.295  unc_rem=0.912  unc_rel=0.770  drop=0.48  h=64  L=2  lr=0.01  wd=0.001
  [Trial 187] blogcatalog_pair_0.2 | acc=0.4687  (71.4s)  knn=s  k= 10  dexp=9.02  p_grd=0.006  unc_rem=0.824  unc_rel=0.337  drop=0.33  h=16  L=2  lr=0.01  wd=0.001
  [Trial 188] blogcatalog_pair_0.2 | acc=0.5798  (83.9s)  knn=s  k= 15  dexp=8.78  p_grd=0.223  unc_rem=0.942  unc_rel=0.819  drop=0.47  h=32  L=4  lr=0.005  wd=0.001
  [Trial 189] blogcatalog_pair_0.2 | acc=0.6138  (61.9s)  knn=p  k=  4  dexp=8.16  p_grd=0.172  unc_rem=0.372  unc_rel=0.296  drop=0.34  h=16  L=1  lr=0.001  wd=0.001
  [Trial 190] blogcatalog_pair_0.2 | acc=0.6847  (45.5s)  knn=p  k=  1  dexp=5.11  p_grd=0.320  unc_rem=0.314  unc_rel=0.487  drop=0.65  h=64  L=2  lr=0.001  wd=0.001
  [Trial 191] blogcatalog_pair_0.2 | acc=0.4389  (37.7s)  knn=s  k= 60  dexp=9.50  p_grd=0.066  unc_rem=0.769  unc_rel=0.037  drop=0.55  h=32  L=2  lr=0.01  wd=0.05
  [Trial 192] blogcatalog_pair_0.2 | acc=0.6525  (159.2s)  knn=p  k=  5  dexp=7.98  p_grd=0.412  unc_rem=0.582  unc_rel=0.227  drop=0.37  h=64  L=1  lr=0.01  wd=0.0005
  [Trial 193] blogcatalog_pair_0.2 | acc=0.7419  (62.6s)  knn=p  k=  4  dexp=9.92  p_grd=0.408  unc_rem=0.219  unc_rel=0.041  drop=0.56  h=64  L=2  lr=0.01  wd=0.001
  [Trial 194] blogcatalog_pair_0.2 | acc=0.7367  (82.7s)  knn=p  k=  4  dexp=8.81  p_grd=0.477  unc_rem=0.703  unc_rel=0.060  drop=0.61  h=64  L=2  lr=0.005  wd=0.0005
  [Trial 195] blogcatalog_pair_0.2 | acc=0.5469  (186.4s)  knn=p  k=  6  dexp=4.33  p_grd=0.364  unc_rem=0.430  unc_rel=0.483  drop=0.69  h=64  L=3  lr=0.01  wd=0.005
  [Trial 196] blogcatalog_pair_0.2 | acc=0.7518  (84.5s)  knn=s  k= 15  dexp=9.32  p_grd=0.168  unc_rem=0.443  unc_rel=0.468  drop=0.22  h=64  L=2  lr=0.01  wd=0.001
  [Trial 197] blogcatalog_pair_0.2 | acc=0.7400  (53.3s)  knn=p  k=  7  dexp=8.20  p_grd=0.223  unc_rem=0.396  unc_rel=0.549  drop=0.12  h=64  L=2  lr=0.01  wd=0.001
  [Trial 198] blogcatalog_pair_0.2 | acc=0.7193  (192.3s)  knn=s  k=  5  dexp=7.52  p_grd=0.197  unc_rem=0.211  unc_rel=0.504  drop=0.24  h=64  L=2  lr=0.01  wd=0.001
  [Trial 199] blogcatalog_pair_0.2 | acc=0.7513  (55.6s)  knn=d  k=  8  dexp=9.94  p_grd=0.114  unc_rem=0.412  unc_rel=0.537  drop=0.46  h=64  L=2  lr=0.01  wd=0.001
  [Trial 200] blogcatalog_pair_0.2 | acc=0.6975  (88.7s)  knn=s  k= 15  dexp=9.39  p_grd=0.206  unc_rem=0.574  unc_rel=0.626  drop=0.32  h=64  L=2  lr=0.01  wd=0.0001

[Optuna] Optimization done. 200/200 trials completed.

[Retest] (blogcatalog_pair_0.2) Testing top-5 configs × 10 seeds...

  [Retest] (blogcatalog_pair_0.2) Config 1/5: (Trial #195, Orig Acc: 0.7518)
           Params: {'knn_mode': 's', 'k': 15, 'dexp': 9.322138214662715, 'p_grd': 0.16800054312070148, 'unc_rem': 0.44303860052919936, 'unc_rel': 0.46769141798571096, 'dropout': 0.21825236482728416, 'n_hidden': 64, 'n_layer': 2, 'lr': 0.01, 'weight_decay': 0.001}
    [Retest] blogcatalog | Config 1 | Run 1/10 | seed=3000 | Acc: 0.7518 | Mean: 0.7518 | Time: 37.7s
    [Retest] blogcatalog | Config 1 | Run 2/10 | seed=3001 | Acc: 0.6962 | Mean: 0.7240 | Time: 68.7s
    [Retest] blogcatalog | Config 1 | Run 3/10 | seed=3002 | Acc: 0.6871 | Mean: 0.7117 | Time: 154.8s
    [Retest] blogcatalog | Config 1 | Run 4/10 | seed=3003 | Acc: 0.7213 | Mean: 0.7141 | Time: 48.4s
    [Retest] blogcatalog | Config 1 | Run 5/10 | seed=3004 | Acc: 0.6708 | Mean: 0.7054 | Time: 122.4s
    [Retest] blogcatalog | Config 1 | Run 6/10 | seed=3005 | Acc: 0.7090 | Mean: 0.7060 | Time: 35.3s
    [Retest] blogcatalog | Config 1 | Run 7/10 | seed=3006 | Acc: 0.6616 | Mean: 0.6997 | Time: 96.0s
    [Retest] blogcatalog | Config 1 | Run 8/10 | seed=3007 | Acc: 0.7025 | Mean: 0.7000 | Time: 51.9s
    [Retest] blogcatalog | Config 1 | Run 9/10 | seed=3008 | Acc: 0.6883 | Mean: 0.6987 | Time: 52.5s
    [Retest] blogcatalog | Config 1 | Run 10/10 | seed=3009 | Acc: 0.6811 | Mean: 0.6970 | Time: 85.1s
  [Retest] Config 1: mean=0.6970 ± 0.0248

  [Retest] (blogcatalog_pair_0.2) Config 2/5: (Trial #198, Orig Acc: 0.7513)
           Params: {'knn_mode': 'd', 'k': 8, 'dexp': 9.935504354757763, 'p_grd': 0.11419375306562335, 'unc_rem': 0.41227833942260605, 'unc_rel': 0.5368879596447937, 'dropout': 0.4565425164474255, 'n_hidden': 64, 'n_layer': 2, 'lr': 0.01, 'weight_decay': 0.001}
    [Retest] blogcatalog | Config 2 | Run 1/10 | seed=3000 | Acc: 0.7516 | Mean: 0.7516 | Time: 142.7s
    [Retest] blogcatalog | Config 2 | Run 2/10 | seed=3001 | Acc: 0.6984 | Mean: 0.7250 | Time: 104.1s
    [Retest] blogcatalog | Config 2 | Run 3/10 | seed=3002 | Acc: 0.6910 | Mean: 0.7136 | Time: 63.7s
    [Retest] blogcatalog | Config 2 | Run 4/10 | seed=3003 | Acc: 0.7148 | Mean: 0.7139 | Time: 40.1s
    [Retest] blogcatalog | Config 2 | Run 5/10 | seed=3004 | Acc: 0.6522 | Mean: 0.7016 | Time: 113.3s
    [Retest] blogcatalog | Config 2 | Run 6/10 | seed=3005 | Acc: 0.7184 | Mean: 0.7044 | Time: 39.7s
    [Retest] blogcatalog | Config 2 | Run 7/10 | seed=3006 | Acc: 0.6852 | Mean: 0.7016 | Time: 44.2s
    [Retest] blogcatalog | Config 2 | Run 8/10 | seed=3007 | Acc: 0.6994 | Mean: 0.7014 | Time: 170.7s
    [Retest] blogcatalog | Config 2 | Run 9/10 | seed=3008 | Acc: 0.6917 | Mean: 0.7003 | Time: 38.1s
    [Retest] blogcatalog | Config 2 | Run 10/10 | seed=3009 | Acc: 0.6833 | Mean: 0.6986 | Time: 115.2s
  [Retest] Config 2: mean=0.6986 ± 0.0248

  [Retest] (blogcatalog_pair_0.2) Config 3/5: (Trial #152, Orig Acc: 0.7511)
           Params: {'knn_mode': 'p', 'k': 1, 'dexp': 8.282246582624861, 'p_grd': 0.38432848480337445, 'unc_rem': 0.5777715115127064, 'unc_rel': 0.34722351014845004, 'dropout': 0.5450589683820876, 'n_hidden': 64, 'n_layer': 2, 'lr': 0.01, 'weight_decay': 0.001}
    [Retest] blogcatalog | Config 3 | Run 1/10 | seed=3000 | Acc: 0.7511 | Mean: 0.7511 | Time: 103.7s
    [Retest] blogcatalog | Config 3 | Run 2/10 | seed=3001 | Acc: 0.7109 | Mean: 0.7310 | Time: 103.6s
    [Retest] blogcatalog | Config 3 | Run 3/10 | seed=3002 | Acc: 0.6797 | Mean: 0.7139 | Time: 200.8s
    [Retest] blogcatalog | Config 3 | Run 4/10 | seed=3003 | Acc: 0.6914 | Mean: 0.7083 | Time: 36.1s
    [Retest] blogcatalog | Config 3 | Run 5/10 | seed=3004 | Acc: 0.6979 | Mean: 0.7062 | Time: 93.6s
    [Retest] blogcatalog | Config 3 | Run 6/10 | seed=3005 | Acc: 0.6924 | Mean: 0.7039 | Time: 159.1s
    [Retest] blogcatalog | Config 3 | Run 7/10 | seed=3006 | Acc: 0.6486 | Mean: 0.6960 | Time: 206.0s
    [Retest] blogcatalog | Config 3 | Run 8/10 | seed=3007 | Acc: 0.7003 | Mean: 0.6965 | Time: 54.8s
    [Retest] blogcatalog | Config 3 | Run 9/10 | seed=3008 | Acc: 0.6849 | Mean: 0.6953 | Time: 37.9s
    [Retest] blogcatalog | Config 3 | Run 10/10 | seed=3009 | Acc: 0.6924 | Mean: 0.6950 | Time: 40.9s
  [Retest] Config 3: mean=0.6950 ± 0.0244

  [Retest] (blogcatalog_pair_0.2) Config 4/5: (Trial #110, Orig Acc: 0.7499)
           Params: {'knn_mode': 's', 'k': 55, 'dexp': 5.758709119974224, 'p_grd': 0.1652817184960239, 'unc_rem': 0.8194952319461639, 'unc_rel': 0.44001244891289304, 'dropout': 0.42894708145943483, 'n_hidden': 32, 'n_layer': 2, 'lr': 0.01, 'weight_decay': 0.001}
    [Retest] blogcatalog | Config 4 | Run 1/10 | seed=3000 | Acc: 0.7499 | Mean: 0.7499 | Time: 63.9s
    [Retest] blogcatalog | Config 4 | Run 2/10 | seed=3001 | Acc: 0.7049 | Mean: 0.7274 | Time: 78.9s
    [Retest] blogcatalog | Config 4 | Run 3/10 | seed=3002 | Acc: 0.6676 | Mean: 0.7075 | Time: 68.5s
    [Retest] blogcatalog | Config 4 | Run 4/10 | seed=3003 | Acc: 0.6878 | Mean: 0.7026 | Time: 41.4s
    [Retest] blogcatalog | Config 4 | Run 5/10 | seed=3004 | Acc: 0.6972 | Mean: 0.7015 | Time: 36.2s
    [Retest] blogcatalog | Config 4 | Run 6/10 | seed=3005 | Acc: 0.7076 | Mean: 0.7025 | Time: 124.1s
    [Retest] blogcatalog | Config 4 | Run 7/10 | seed=3006 | Acc: 0.7008 | Mean: 0.7023 | Time: 65.1s
    [Retest] blogcatalog | Config 4 | Run 8/10 | seed=3007 | Acc: 0.7177 | Mean: 0.7042 | Time: 91.5s
    [Retest] blogcatalog | Config 4 | Run 9/10 | seed=3008 | Acc: 0.6948 | Mean: 0.7031 | Time: 108.1s
    [Retest] blogcatalog | Config 4 | Run 10/10 | seed=3009 | Acc: 0.6926 | Mean: 0.7021 | Time: 182.8s
  [Retest] Config 4: mean=0.7021 ± 0.0203

  [Retest] (blogcatalog_pair_0.2) Config 5/5: (Trial #123, Orig Acc: 0.7499)
           Params: {'knn_mode': 's', 'k': 5, 'dexp': 4.3009352876985325, 'p_grd': 0.28099264464954, 'unc_rem': 0.9253750553118176, 'unc_rel': 0.6845864073308238, 'dropout': 0.5489109530077266, 'n_hidden': 64, 'n_layer': 2, 'lr': 0.01, 'weight_decay': 0.001}
    [Retest] blogcatalog | Config 5 | Run 1/10 | seed=3000 | Acc: 0.7499 | Mean: 0.7499 | Time: 100.9s
    [Retest] blogcatalog | Config 5 | Run 2/10 | seed=3001 | Acc: 0.6962 | Mean: 0.7231 | Time: 68.3s
    [Retest] blogcatalog | Config 5 | Run 3/10 | seed=3002 | Acc: 0.6736 | Mean: 0.7066 | Time: 62.9s
    [Retest] blogcatalog | Config 5 | Run 4/10 | seed=3003 | Acc: 0.6929 | Mean: 0.7032 | Time: 148.4s
    [Retest] blogcatalog | Config 5 | Run 5/10 | seed=3004 | Acc: 0.6886 | Mean: 0.7002 | Time: 199.4s
    [Retest] blogcatalog | Config 5 | Run 6/10 | seed=3005 | Acc: 0.7196 | Mean: 0.7035 | Time: 55.6s
    [Retest] blogcatalog | Config 5 | Run 7/10 | seed=3006 | Acc: 0.6837 | Mean: 0.7006 | Time: 113.2s
    [Retest] blogcatalog | Config 5 | Run 8/10 | seed=3007 | Acc: 0.6835 | Mean: 0.6985 | Time: 64.7s
    [Retest] blogcatalog | Config 5 | Run 9/10 | seed=3008 | Acc: 0.6931 | Mean: 0.6979 | Time: 210.1s
    [Retest] blogcatalog | Config 5 | Run 10/10 | seed=3009 | Acc: 0.6782 | Mean: 0.6959 | Time: 43.9s
  [Retest] Config 5: mean=0.6959 ± 0.0216

[Optuna] Success: Best config saved to log/hpo_db.json:
         {'knn_mode': 's', 'k': 55, 'dexp': 5.758709119974224, 'p_grd': 0.1652817184960239, 'unc_rem': 0.8194952319461639, 'unc_rel': 0.44001244891289304, 'dropout': 0.42894708145943483, 'n_hidden': 32, 'n_layer': 2, 'lr': 0.01, 'weight_decay': 0.001}
[Optuna] Success: Best retest mean accuracy: 0.7021
[Optuna] Success: Done marker: ./log/nni_done\lnpcc_blogcatalog_pair_0.2.done
  [HPO] Done marker saved: ./log/nni_done\lnpcc_blogcatalog_pair_0.2.done
[total_exp] --hpo_only: skipping benchmark runs.
[worker] OK DONE  hpo_blogcatalog_pair_0.2  gpu=1  369.4 min  rc=0
