[worker] START  hpo_roman-empire_pair_0.4  gpu=1
======================================================================
GCN + LN-PCC -- NoisyGL Benchmark (Unified)
Start          : 2026-04-17 23:43:31
Variants       : ['lnpcc']
Datasets       : ['roman-empire']
Noise          : [[0.4, 'pair']]
Runs           : 10  (seeds 3000..3009)
Device         : cuda:1
======================================================================

[HPO] Optimizing lnpcc on roman-empire_pair_0.4 (max_trials=200, max_k_same=60)

[Optuna] Scenario: roman-empire_pair_0.4  (max_trials=200, startup=20)
  [Trial   1] roman-empire_pair_0.4 | acc=0.1436  (493.1s)  knn=d  k= 14  dexp=7.40  p_grd=0.421  unc_rem=0.161  unc_rel=0.537  drop=0.52  h=128  L=3  lr=0.1  wd=0.05
  [Trial   2] roman-empire_pair_0.4 | acc=0.1317  (237.2s)  knn=d  k= 17  dexp=0.88  p_grd=0.193  unc_rem=0.850  unc_rel=0.092  drop=0.89  h=128  L=3  lr=1e-05  wd=0.1
  [Trial   3] roman-empire_pair_0.4 | acc=0.0699  (209.7s)  knn=s  k= 60  dexp=4.63  p_grd=0.375  unc_rem=0.959  unc_rel=0.839  drop=0.11  h=16  L=4  lr=1e-05  wd=0.1
  [Trial   4] roman-empire_pair_0.4 | acc=0.2187  (119.9s)  knn=s  k= 20  dexp=3.86  p_grd=0.215  unc_rem=0.881  unc_rel=0.612  drop=0.58  h=32  L=3  lr=0.005  wd=0.001
  [Trial   5] roman-empire_pair_0.4 | acc=0.2083  (213.4s)  knn=u  k=-    dexp=8.18  p_grd=0.344  unc_rem=0.346  unc_rel=0.828  drop=0.50  h=64  L=4  lr=0.001  wd=0.001
  [Trial   6] roman-empire_pair_0.4 | acc=0.2173  (246.2s)  knn=s  k= 60  dexp=9.63  p_grd=0.431  unc_rem=0.779  unc_rel=0.683  drop=0.44  h=32  L=1  lr=0.1  wd=0.01
  [Trial   7] roman-empire_pair_0.4 | acc=0.1540  (337.1s)  knn=d  k= 22  dexp=8.98  p_grd=0.186  unc_rem=0.562  unc_rel=0.930  drop=0.36  h=32  L=3  lr=0.0001  wd=0.005
  [Trial   8] roman-empire_pair_0.4 | acc=0.2293  (277.9s)  knn=d  k= 15  dexp=2.27  p_grd=0.167  unc_rem=0.876  unc_rel=0.021  drop=0.20  h=128  L=3  lr=0.1  wd=0.005
  [Trial   9] roman-empire_pair_0.4 | acc=0.2719  (494.8s)  knn=p  k= 21  dexp=7.05  p_grd=0.405  unc_rem=0.819  unc_rel=0.209  drop=0.56  h=32  L=2  lr=0.01  wd=1e-05
  [Trial  10] roman-empire_pair_0.4 | acc=0.2389  (714.4s)  knn=d  k= 23  dexp=5.37  p_grd=0.494  unc_rem=0.196  unc_rel=0.286  drop=0.68  h=64  L=3  lr=0.05  wd=0.005
  [Trial  11] roman-empire_pair_0.4 | acc=0.2027  (235.9s)  knn=s  k= 10  dexp=6.60  p_grd=0.444  unc_rem=0.958  unc_rel=0.876  drop=0.66  h=16  L=4  lr=0.05  wd=1e-05
  [Trial  12] roman-empire_pair_0.4 | acc=0.2170  (121.3s)  knn=u  k=-    dexp=8.76  p_grd=0.091  unc_rem=0.305  unc_rel=0.438  drop=0.14  h=64  L=3  lr=0.001  wd=0.0001
  [Trial  13] roman-empire_pair_0.4 | acc=0.1849  (266.0s)  knn=p  k=  9  dexp=7.90  p_grd=0.228  unc_rem=0.196  unc_rel=0.065  drop=0.88  h=16  L=4  lr=0.1  wd=0.005
  [Trial  14] roman-empire_pair_0.4 | acc=0.1493  (154.0s)  knn=s  k= 20  dexp=4.82  p_grd=0.311  unc_rem=0.084  unc_rel=0.251  drop=0.17  h=32  L=2  lr=0.0005  wd=0.005
  [Trial  15] roman-empire_pair_0.4 | acc=0.1713  (289.1s)  knn=d  k=  5  dexp=1.73  p_grd=0.294  unc_rem=0.145  unc_rel=0.870  drop=0.67  h=32  L=1  lr=0.0001  wd=0.001
  [Trial  16] roman-empire_pair_0.4 | acc=0.0700  (363.2s)  knn=p  k= 15  dexp=1.15  p_grd=0.289  unc_rem=0.335  unc_rel=0.495  drop=0.39  h=64  L=4  lr=1e-05  wd=0.0005
  [Trial  17] roman-empire_pair_0.4 | acc=0.1730  (221.3s)  knn=p  k= 10  dexp=8.27  p_grd=0.189  unc_rem=0.042  unc_rel=0.304  drop=0.53  h=32  L=4  lr=0.005  wd=0.005
  [Trial  18] roman-empire_pair_0.4 | acc=0.2116  (225.4s)  knn=d  k=  3  dexp=2.21  p_grd=0.206  unc_rem=0.616  unc_rel=0.167  drop=0.40  h=64  L=3  lr=0.005  wd=0.01
  [Trial  19] roman-empire_pair_0.4 | acc=0.2454  (588.7s)  knn=p  k= 13  dexp=3.83  p_grd=0.476  unc_rem=0.774  unc_rel=0.043  drop=0.57  h=128  L=1  lr=0.001  wd=5e-05
  [Trial  20] roman-empire_pair_0.4 | acc=0.2692  (174.5s)  knn=u  k=-    dexp=6.93  p_grd=0.170  unc_rem=0.841  unc_rel=0.089  drop=0.61  h=16  L=2  lr=0.01  wd=5e-05
  [Trial  21] roman-empire_pair_0.4 | acc=0.2661  (131.6s)  knn=u  k=-    dexp=6.27  p_grd=0.160  unc_rem=0.801  unc_rel=0.098  drop=0.63  h=64  L=2  lr=0.01  wd=5e-05
  [Trial  22] roman-empire_pair_0.4 | acc=0.2929  (431.9s)  knn=p  k= 23  dexp=8.50  p_grd=0.268  unc_rem=0.954  unc_rel=0.078  drop=0.64  h=32  L=2  lr=0.01  wd=1e-05
  [Trial  23] roman-empire_pair_0.4 | acc=0.2619  (492.7s)  knn=d  k= 24  dexp=8.28  p_grd=0.346  unc_rem=0.639  unc_rel=0.069  drop=0.62  h=32  L=2  lr=0.01  wd=0.005
  [Trial  24] roman-empire_pair_0.4 | acc=0.2627  (694.9s)  knn=p  k= 24  dexp=6.24  p_grd=0.449  unc_rem=0.884  unc_rel=0.288  drop=0.57  h=32  L=2  lr=0.01  wd=1e-05
  [Trial  25] roman-empire_pair_0.4 | acc=0.1427  (241.2s)  knn=p  k= 19  dexp=7.62  p_grd=0.127  unc_rem=0.969  unc_rel=0.073  drop=0.37  h=16  L=2  lr=0.01  wd=0.1
  [Trial  26] roman-empire_pair_0.4 | acc=0.2896  (405.3s)  knn=p  k= 24  dexp=7.93  p_grd=0.246  unc_rem=0.996  unc_rel=0.154  drop=0.68  h=16  L=1  lr=0.05  wd=1e-05
  [Trial  27] roman-empire_pair_0.4 | acc=0.1707  (387.1s)  knn=p  k= 24  dexp=8.69  p_grd=0.191  unc_rem=0.752  unc_rel=0.178  drop=0.82  h=16  L=3  lr=0.05  wd=1e-05
  [Trial  28] roman-empire_pair_0.4 | acc=0.2880  (491.0s)  knn=p  k= 24  dexp=8.90  p_grd=0.257  unc_rem=0.999  unc_rel=0.298  drop=0.52  h=16  L=1  lr=0.1  wd=1e-05
  [Trial  29] roman-empire_pair_0.4 | acc=0.3001  (478.0s)  knn=p  k= 24  dexp=9.13  p_grd=0.288  unc_rem=0.977  unc_rel=0.239  drop=0.53  h=16  L=1  lr=0.1  wd=0.0005
  [Trial  30] roman-empire_pair_0.4 | acc=0.2665  (130.8s)  knn=s  k= 40  dexp=8.01  p_grd=0.180  unc_rem=0.934  unc_rel=0.164  drop=0.62  h=32  L=2  lr=0.005  wd=1e-05
  [Trial  31] roman-empire_pair_0.4 | acc=0.2044  (577.0s)  knn=d  k= 24  dexp=9.49  p_grd=0.399  unc_rem=0.978  unc_rel=0.112  drop=0.51  h=128  L=4  lr=0.0005  wd=1e-05
  [Trial  32] roman-empire_pair_0.4 | acc=0.2944  (502.2s)  knn=p  k= 24  dexp=8.68  p_grd=0.359  unc_rem=0.876  unc_rel=0.143  drop=0.70  h=16  L=1  lr=0.1  wd=0.0001
  [Trial  33] roman-empire_pair_0.4 | acc=0.2511  (226.9s)  knn=d  k= 24  dexp=7.50  p_grd=0.124  unc_rem=0.952  unc_rel=0.273  drop=0.67  h=128  L=1  lr=0.05  wd=0.0005
  [Trial  34] roman-empire_pair_0.4 | acc=0.2549  (745.2s)  knn=p  k= 24  dexp=9.87  p_grd=0.440  unc_rem=0.585  unc_rel=0.017  drop=0.86  h=16  L=2  lr=0.005  wd=0.0001
  [Trial  35] roman-empire_pair_0.4 | acc=0.0922  (438.1s)  knn=p  k= 20  dexp=6.80  p_grd=0.321  unc_rem=0.992  unc_rel=0.177  drop=0.88  h=16  L=1  lr=1e-05  wd=0.0001
  [Trial  36] roman-empire_pair_0.4 | acc=0.3015  (796.1s)  knn=p  k= 24  dexp=6.86  p_grd=0.488  unc_rem=0.677  unc_rel=0.328  drop=0.62  h=64  L=1  lr=0.1  wd=0.0001
  [Trial  37] roman-empire_pair_0.4 | acc=0.2217  (656.7s)  knn=p  k= 20  dexp=5.71  p_grd=0.444  unc_rem=0.735  unc_rel=0.247  drop=0.64  h=64  L=3  lr=0.05  wd=0.0001
  [Trial  38] roman-empire_pair_0.4 | acc=0.2954  (636.6s)  knn=p  k= 24  dexp=7.47  p_grd=0.414  unc_rem=0.761  unc_rel=0.233  drop=0.65  h=32  L=1  lr=0.1  wd=0.0001
  [Trial  39] roman-empire_pair_0.4 | acc=0.2661  (232.5s)  knn=s  k= 35  dexp=8.78  p_grd=0.354  unc_rem=0.654  unc_rel=0.080  drop=0.73  h=64  L=1  lr=0.1  wd=0.005
  [Trial  40] roman-empire_pair_0.4 | acc=0.2973  (548.8s)  knn=p  k= 19  dexp=8.91  p_grd=0.421  unc_rem=0.547  unc_rel=0.458  drop=0.58  h=128  L=1  lr=0.1  wd=0.0001
  [Trial  41] roman-empire_pair_0.4 | acc=0.2996  (502.3s)  knn=p  k= 18  dexp=9.08  p_grd=0.363  unc_rem=0.542  unc_rel=0.509  drop=0.66  h=128  L=2  lr=0.1  wd=0.001
  [Trial  42] roman-empire_pair_0.4 | acc=0.3018  (354.9s)  knn=p  k= 17  dexp=8.83  p_grd=0.376  unc_rem=0.577  unc_rel=0.509  drop=0.46  h=128  L=1  lr=0.1  wd=0.0001
  [Trial  43] roman-empire_pair_0.4 | acc=0.2924  (365.8s)  knn=p  k= 16  dexp=8.93  p_grd=0.295  unc_rem=0.651  unc_rel=0.654  drop=0.44  h=128  L=1  lr=0.05  wd=0.0001
  [Trial  44] roman-empire_pair_0.4 | acc=0.2687  (408.6s)  knn=p  k= 17  dexp=9.97  p_grd=0.318  unc_rem=0.446  unc_rel=0.471  drop=0.77  h=128  L=2  lr=0.1  wd=0.01
  [Trial  45] roman-empire_pair_0.4 | acc=0.1393  (572.6s)  knn=p  k= 17  dexp=9.75  p_grd=0.454  unc_rem=0.522  unc_rel=0.622  drop=0.29  h=128  L=3  lr=0.1  wd=0.1
  [Trial  46] roman-empire_pair_0.4 | acc=0.3065  (498.2s)  knn=p  k= 17  dexp=6.09  p_grd=0.366  unc_rem=0.547  unc_rel=0.408  drop=0.58  h=64  L=2  lr=0.1  wd=0.001
  [Trial  47] roman-empire_pair_0.4 | acc=0.3238  (419.0s)  knn=d  k= 16  dexp=5.13  p_grd=0.313  unc_rem=0.505  unc_rel=0.458  drop=0.46  h=64  L=2  lr=0.1  wd=0.001
  [Trial  48] roman-empire_pair_0.4 | acc=0.1393  (406.4s)  knn=d  k= 14  dexp=5.61  p_grd=0.271  unc_rem=0.533  unc_rel=0.367  drop=0.26  h=64  L=2  lr=0.1  wd=0.1
  [Trial  49] roman-empire_pair_0.4 | acc=0.2981  (183.8s)  knn=s  k= 15  dexp=5.50  p_grd=0.287  unc_rem=0.572  unc_rel=0.428  drop=0.75  h=64  L=2  lr=0.1  wd=0.001
  [Trial  50] roman-empire_pair_0.4 | acc=0.1578  (439.7s)  knn=d  k= 16  dexp=6.25  p_grd=0.340  unc_rem=0.571  unc_rel=0.717  drop=0.49  h=64  L=1  lr=0.1  wd=0.05
  [Trial  51] roman-empire_pair_0.4 | acc=0.2260  (454.9s)  knn=p  k= 17  dexp=7.92  p_grd=0.295  unc_rem=0.557  unc_rel=0.281  drop=0.41  h=64  L=2  lr=0.0005  wd=0.001
  [Trial  52] roman-empire_pair_0.4 | acc=0.3014  (510.5s)  knn=d  k= 18  dexp=5.58  p_grd=0.440  unc_rem=0.174  unc_rel=0.262  drop=0.51  h=128  L=2  lr=0.1  wd=0.001
  [Trial  53] roman-empire_pair_0.4 | acc=0.2151  (632.7s)  knn=d  k= 18  dexp=4.78  p_grd=0.484  unc_rem=0.269  unc_rel=0.237  drop=0.58  h=128  L=4  lr=0.1  wd=0.001
  [Trial  54] roman-empire_pair_0.4 | acc=0.1387  (493.0s)  knn=d  k= 14  dexp=6.29  p_grd=0.423  unc_rem=0.133  unc_rel=0.301  drop=0.31  h=128  L=2  lr=0.005  wd=0.05
  [Trial  55] roman-empire_pair_0.4 | acc=0.2900  (349.3s)  knn=d  k= 18  dexp=5.61  p_grd=0.259  unc_rem=0.489  unc_rel=0.626  drop=0.49  h=16  L=2  lr=0.1  wd=1e-05
  [Trial  56] roman-empire_pair_0.4 | acc=0.1394  (532.0s)  knn=p  k= 19  dexp=6.94  p_grd=0.460  unc_rem=0.581  unc_rel=0.202  drop=0.51  h=64  L=2  lr=0.1  wd=0.05
  [Trial  57] roman-empire_pair_0.4 | acc=0.1392  (238.9s)  knn=s  k= 50  dexp=4.07  p_grd=0.401  unc_rem=0.220  unc_rel=0.371  drop=0.38  h=128  L=2  lr=0.1  wd=0.1
  [Trial  58] roman-empire_pair_0.4 | acc=0.2187  (318.9s)  knn=p  k= 12  dexp=9.72  p_grd=0.258  unc_rem=0.927  unc_rel=0.289  drop=0.50  h=64  L=1  lr=0.0005  wd=0.0005
  [Trial  59] roman-empire_pair_0.4 | acc=0.2914  (458.8s)  knn=d  k= 19  dexp=2.38  p_grd=0.327  unc_rem=0.456  unc_rel=0.265  drop=0.33  h=64  L=1  lr=0.1  wd=0.001
  [Trial  60] roman-empire_pair_0.4 | acc=0.1660  (418.3s)  knn=d  k= 14  dexp=7.70  p_grd=0.305  unc_rem=0.237  unc_rel=0.229  drop=0.55  h=128  L=2  lr=0.0001  wd=0.001
  [Trial  61] roman-empire_pair_0.4 | acc=0.1304  (548.3s)  knn=p  k= 20  dexp=7.30  p_grd=0.379  unc_rem=0.993  unc_rel=0.230  drop=0.53  h=16  L=4  lr=0.0001  wd=0.0005
  [Trial  62] roman-empire_pair_0.4 | acc=0.3292  (506.4s)  knn=p  k= 17  dexp=3.03  p_grd=0.378  unc_rem=0.627  unc_rel=0.515  drop=0.34  h=128  L=2  lr=0.1  wd=0.001
  [Trial  63] roman-empire_pair_0.4 | acc=0.2652  (477.4s)  knn=p  k= 16  dexp=0.09  p_grd=0.429  unc_rem=0.389  unc_rel=0.331  drop=0.32  h=128  L=2  lr=0.001  wd=0.001
  [Trial  64] roman-empire_pair_0.4 | acc=0.3268  (412.9s)  knn=p  k= 16  dexp=3.73  p_grd=0.348  unc_rem=0.556  unc_rel=0.434  drop=0.26  h=128  L=2  lr=0.1  wd=0.001
  [Trial  65] roman-empire_pair_0.4 | acc=0.2242  (517.7s)  knn=p  k= 15  dexp=4.18  p_grd=0.432  unc_rem=0.616  unc_rel=0.262  drop=0.29  h=128  L=3  lr=0.1  wd=0.001
  [Trial  66] roman-empire_pair_0.4 | acc=0.2752  (339.2s)  knn=p  k= 15  dexp=2.26  p_grd=0.245  unc_rem=0.634  unc_rel=0.425  drop=0.51  h=128  L=2  lr=0.1  wd=5e-05
  [Trial  67] roman-empire_pair_0.4 | acc=0.2533  (541.4s)  knn=p  k= 17  dexp=5.40  p_grd=0.400  unc_rem=0.624  unc_rel=0.580  drop=0.23  h=128  L=2  lr=0.0005  wd=0.001
  [Trial  68] roman-empire_pair_0.4 | acc=0.2870  (187.5s)  knn=s  k=  5  dexp=3.95  p_grd=0.303  unc_rem=0.604  unc_rel=0.595  drop=0.34  h=128  L=2  lr=0.1  wd=0.001
  [Trial  69] roman-empire_pair_0.4 | acc=0.2841  (593.9s)  knn=p  k= 12  dexp=0.92  p_grd=0.473  unc_rem=0.660  unc_rel=0.103  drop=0.66  h=64  L=1  lr=0.1  wd=0.0001
  [Trial  70] roman-empire_pair_0.4 | acc=0.2761  (306.2s)  knn=d  k=  1  dexp=6.10  p_grd=0.442  unc_rem=0.734  unc_rel=0.640  drop=0.31  h=64  L=2  lr=0.005  wd=0.001
  [Trial  71] roman-empire_pair_0.4 | acc=0.2981  (204.0s)  knn=u  k=-    dexp=5.44  p_grd=0.447  unc_rem=0.589  unc_rel=0.341  drop=0.59  h=64  L=1  lr=0.1  wd=0.0001
  [Trial  72] roman-empire_pair_0.4 | acc=0.2057  (384.7s)  knn=p  k= 19  dexp=9.64  p_grd=0.296  unc_rem=0.658  unc_rel=0.278  drop=0.44  h=16  L=3  lr=0.1  wd=0.0005
  [Trial  73] roman-empire_pair_0.4 | acc=0.2377  (681.4s)  knn=p  k= 20  dexp=5.61  p_grd=0.488  unc_rem=0.773  unc_rel=0.399  drop=0.47  h=64  L=1  lr=0.001  wd=0.0001
  [Trial  74] roman-empire_pair_0.4 | acc=0.2842  (505.0s)  knn=p  k= 16  dexp=1.67  p_grd=0.484  unc_rem=0.646  unc_rel=0.459  drop=0.19  h=32  L=2  lr=0.1  wd=5e-05
  [Trial  75] roman-empire_pair_0.4 | acc=0.2993  (446.3s)  knn=p  k= 21  dexp=8.41  p_grd=0.287  unc_rem=0.866  unc_rel=0.266  drop=0.25  h=32  L=1  lr=0.1  wd=0.0005
  [Trial  76] roman-empire_pair_0.4 | acc=0.3031  (645.4s)  knn=d  k= 21  dexp=9.53  p_grd=0.430  unc_rem=0.820  unc_rel=0.177  drop=0.35  h=16  L=1  lr=0.05  wd=0.0005
  [Trial  77] roman-empire_pair_0.4 | acc=0.3248  (599.0s)  knn=p  k= 18  dexp=2.22  p_grd=0.419  unc_rem=0.596  unc_rel=0.428  drop=0.63  h=16  L=2  lr=0.1  wd=0.001
  [Trial  78] roman-empire_pair_0.4 | acc=0.2954  (438.0s)  knn=d  k= 20  dexp=9.20  p_grd=0.283  unc_rem=0.694  unc_rel=0.313  drop=0.34  h=16  L=1  lr=0.05  wd=0.0005
  [Trial  79] roman-empire_pair_0.4 | acc=0.3197  (569.1s)  knn=p  k= 16  dexp=1.99  p_grd=0.463  unc_rem=0.572  unc_rel=0.432  drop=0.59  h=16  L=2  lr=0.1  wd=0.001
  [Trial  80] roman-empire_pair_0.4 | acc=0.3230  (477.8s)  knn=d  k= 14  dexp=1.68  p_grd=0.389  unc_rem=0.671  unc_rel=0.701  drop=0.75  h=16  L=2  lr=0.1  wd=0.001
  [Trial  81] roman-empire_pair_0.4 | acc=0.1326  (468.8s)  knn=p  k= 11  dexp=0.08  p_grd=0.445  unc_rem=0.780  unc_rel=0.316  drop=0.66  h=16  L=2  lr=0.0001  wd=0.001
  [Trial  82] roman-empire_pair_0.4 | acc=0.1883  (500.2s)  knn=d  k= 14  dexp=2.08  p_grd=0.385  unc_rem=0.538  unc_rel=0.716  drop=0.59  h=16  L=2  lr=0.0005  wd=0.001
  [Trial  83] roman-empire_pair_0.4 | acc=0.1721  (407.3s)  knn=d  k= 15  dexp=2.21  p_grd=0.342  unc_rem=0.730  unc_rel=0.429  drop=0.67  h=16  L=4  lr=0.1  wd=0.001
  [Trial  84] roman-empire_pair_0.4 | acc=0.1393  (604.3s)  knn=p  k= 15  dexp=2.30  p_grd=0.499  unc_rem=0.507  unc_rel=0.586  drop=0.78  h=16  L=2  lr=0.1  wd=0.1
  [Trial  85] roman-empire_pair_0.4 | acc=0.2205  (535.2s)  knn=p  k= 15  dexp=3.45  p_grd=0.413  unc_rem=0.591  unc_rel=0.609  drop=0.64  h=16  L=3  lr=0.005  wd=0.001
  [Trial  86] roman-empire_pair_0.4 | acc=0.3060  (621.3s)  knn=p  k= 16  dexp=8.33  p_grd=0.475  unc_rem=0.744  unc_rel=0.019  drop=0.17  h=16  L=1  lr=0.05  wd=0.0005
  [Trial  87] roman-empire_pair_0.4 | acc=0.2263  (497.9s)  knn=p  k= 12  dexp=6.22  p_grd=0.448  unc_rem=0.845  unc_rel=0.218  drop=0.18  h=16  L=3  lr=0.05  wd=0.0005
  [Trial  88] roman-empire_pair_0.4 | acc=0.3076  (492.1s)  knn=d  k= 16  dexp=0.55  p_grd=0.458  unc_rem=0.664  unc_rel=0.739  drop=0.83  h=32  L=2  lr=0.1  wd=0.001
  [Trial  89] roman-empire_pair_0.4 | acc=0.3204  (621.7s)  knn=d  k= 15  dexp=1.20  p_grd=0.427  unc_rem=0.519  unc_rel=0.981  drop=0.64  h=32  L=2  lr=0.1  wd=0.001
  [Trial  90] roman-empire_pair_0.4 | acc=0.1550  (90.1s)  knn=s  k= 60  dexp=0.25  p_grd=0.458  unc_rem=0.562  unc_rel=0.801  drop=0.89  h=32  L=2  lr=0.0005  wd=0.001
  [Trial  91] roman-empire_pair_0.4 | acc=0.2582  (462.9s)  knn=d  k= 13  dexp=0.91  p_grd=0.442  unc_rem=0.699  unc_rel=0.764  drop=0.86  h=32  L=1  lr=0.1  wd=0.005
  [Trial  92] roman-empire_pair_0.4 | acc=0.1672  (680.6s)  knn=d  k= 15  dexp=1.99  p_grd=0.463  unc_rem=0.536  unc_rel=0.985  drop=0.66  h=32  L=2  lr=0.1  wd=0.05
  [Trial  93] roman-empire_pair_0.4 | acc=0.2081  (607.0s)  knn=p  k= 16  dexp=7.11  p_grd=0.469  unc_rem=0.704  unc_rel=0.081  drop=0.23  h=16  L=1  lr=0.05  wd=0.01
  [Trial  94] roman-empire_pair_0.4 | acc=0.2115  (367.5s)  knn=d  k= 16  dexp=0.39  p_grd=0.294  unc_rem=0.782  unc_rel=0.763  drop=0.64  h=32  L=2  lr=0.001  wd=0.001
  [Trial  95] roman-empire_pair_0.4 | acc=0.2936  (500.5s)  knn=d  k= 16  dexp=3.68  p_grd=0.396  unc_rem=0.675  unc_rel=0.986  drop=0.88  h=16  L=2  lr=0.1  wd=0.001
  [Trial  96] roman-empire_pair_0.4 | acc=0.2905  (126.9s)  knn=u  k=-    dexp=0.96  p_grd=0.404  unc_rem=0.871  unc_rel=0.968  drop=0.72  h=32  L=2  lr=0.1  wd=0.001
  [Trial  97] roman-empire_pair_0.4 | acc=0.2846  (305.8s)  knn=p  k= 13  dexp=3.27  p_grd=0.221  unc_rem=0.404  unc_rel=0.304  drop=0.16  h=128  L=2  lr=0.1  wd=0.0001
  [Trial  98] roman-empire_pair_0.4 | acc=0.3170  (479.5s)  knn=p  k= 17  dexp=3.35  p_grd=0.367  unc_rem=0.580  unc_rel=0.373  drop=0.43  h=16  L=2  lr=0.1  wd=0.001
  [Trial  99] roman-empire_pair_0.4 | acc=0.0367  (473.8s)  knn=d  k= 17  dexp=0.82  p_grd=0.350  unc_rem=0.509  unc_rel=0.728  drop=0.83  h=32  L=2  lr=1e-05  wd=0.0001
  [Trial 100] roman-empire_pair_0.4 | acc=0.1376  (448.6s)  knn=p  k= 17  dexp=3.01  p_grd=0.380  unc_rem=0.897  unc_rel=0.630  drop=0.46  h=16  L=2  lr=0.1  wd=0.05
  [Trial 101] roman-empire_pair_0.4 | acc=0.3059  (389.8s)  knn=d  k=  9  dexp=7.19  p_grd=0.342  unc_rem=0.424  unc_rel=0.395  drop=0.50  h=64  L=2  lr=0.1  wd=0.001
  [Trial 102] roman-empire_pair_0.4 | acc=0.3090  (714.3s)  knn=p  k= 17  dexp=0.68  p_grd=0.484  unc_rem=0.495  unc_rel=0.243  drop=0.73  h=32  L=2  lr=0.1  wd=0.001
  [Trial 103] roman-empire_pair_0.4 | acc=0.3352  (432.2s)  knn=p  k= 17  dexp=2.08  p_grd=0.332  unc_rem=0.533  unc_rel=0.300  drop=0.47  h=16  L=2  lr=0.1  wd=0.001
  [Trial 104] roman-empire_pair_0.4 | acc=0.3085  (470.3s)  knn=p  k= 17  dexp=2.16  p_grd=0.361  unc_rem=0.533  unc_rel=0.197  drop=0.41  h=16  L=2  lr=0.1  wd=0.0005
  [Trial 105] roman-empire_pair_0.4 | acc=0.2609  (512.1s)  knn=p  k= 18  dexp=0.54  p_grd=0.412  unc_rem=0.530  unc_rel=0.406  drop=0.45  h=16  L=1  lr=0.1  wd=0.001
  [Trial 106] roman-empire_pair_0.4 | acc=0.3285  (531.1s)  knn=p  k= 18  dexp=2.83  p_grd=0.437  unc_rem=0.430  unc_rel=0.161  drop=0.83  h=128  L=2  lr=0.1  wd=0.001
  [Trial 107] roman-empire_pair_0.4 | acc=0.3066  (609.2s)  knn=p  k= 18  dexp=1.92  p_grd=0.484  unc_rem=0.779  unc_rel=0.147  drop=0.89  h=128  L=2  lr=0.1  wd=0.001
  [Trial 108] roman-empire_pair_0.4 | acc=0.3281  (404.0s)  knn=p  k= 18  dexp=3.07  p_grd=0.282  unc_rem=0.434  unc_rel=0.578  drop=0.55  h=16  L=2  lr=0.1  wd=0.001
  [Trial 109] roman-empire_pair_0.4 | acc=0.2719  (190.4s)  knn=p  k= 18  dexp=0.44  p_grd=0.078  unc_rem=0.082  unc_rel=0.640  drop=0.52  h=16  L=2  lr=0.1  wd=0.001
  [Trial 110] roman-empire_pair_0.4 | acc=0.3087  (551.8s)  knn=p  k= 19  dexp=4.34  p_grd=0.412  unc_rem=0.756  unc_rel=0.138  drop=0.54  h=16  L=2  lr=0.1  wd=0.001
  [Trial 111] roman-empire_pair_0.4 | acc=0.2982  (204.7s)  knn=u  k=-    dexp=3.23  p_grd=0.400  unc_rem=0.555  unc_rel=0.616  drop=0.51  h=16  L=2  lr=0.1  wd=0.001
  [Trial 112] roman-empire_pair_0.4 | acc=0.2955  (160.8s)  knn=s  k= 25  dexp=1.51  p_grd=0.496  unc_rem=0.528  unc_rel=0.298  drop=0.70  h=16  L=2  lr=0.1  wd=0.001
  [Trial 113] roman-empire_pair_0.4 | acc=0.2042  (662.1s)  knn=p  k= 18  dexp=1.39  p_grd=0.480  unc_rem=0.480  unc_rel=0.163  drop=0.71  h=32  L=2  lr=0.0005  wd=0.001
  [Trial 114] roman-empire_pair_0.4 | acc=0.3340  (389.0s)  knn=p  k= 14  dexp=3.12  p_grd=0.292  unc_rem=0.357  unc_rel=0.557  drop=0.58  h=16  L=2  lr=0.1  wd=0.001
  [Trial 115] roman-empire_pair_0.4 | acc=0.2935  (410.7s)  knn=p  k= 12  dexp=0.19  p_grd=0.409  unc_rem=0.802  unc_rel=0.680  drop=0.45  h=128  L=2  lr=0.1  wd=0.001
  [Trial 116] roman-empire_pair_0.4 | acc=0.3197  (408.4s)  knn=p  k= 14  dexp=4.49  p_grd=0.331  unc_rem=0.446  unc_rel=0.610  drop=0.65  h=32  L=2  lr=0.01  wd=0.001
  [Trial 117] roman-empire_pair_0.4 | acc=0.2921  (369.2s)  knn=p  k= 12  dexp=7.83  p_grd=0.303  unc_rem=0.478  unc_rel=0.499  drop=0.56  h=32  L=2  lr=0.01  wd=0.001
  [Trial 118] roman-empire_pair_0.4 | acc=0.2912  (312.1s)  knn=p  k= 13  dexp=2.21  p_grd=0.226  unc_rem=0.173  unc_rel=0.628  drop=0.60  h=32  L=2  lr=0.01  wd=0.0005
  [Trial 119] roman-empire_pair_0.4 | acc=0.2984  (368.2s)  knn=d  k= 13  dexp=1.53  p_grd=0.287  unc_rem=0.417  unc_rel=0.983  drop=0.34  h=32  L=2  lr=0.1  wd=0.001
  [Trial 120] roman-empire_pair_0.4 | acc=0.1344  (373.9s)  knn=p  k= 14  dexp=3.21  p_grd=0.317  unc_rem=0.532  unc_rel=0.733  drop=0.41  h=16  L=2  lr=0.0001  wd=0.005
  [Trial 121] roman-empire_pair_0.4 | acc=0.3313  (510.8s)  knn=p  k= 14  dexp=3.54  p_grd=0.390  unc_rem=0.162  unc_rel=0.154  drop=0.89  h=128  L=2  lr=0.1  wd=0.001
  [Trial 122] roman-empire_pair_0.4 | acc=0.2858  (413.1s)  knn=p  k= 13  dexp=3.43  p_grd=0.308  unc_rem=0.111  unc_rel=0.148  drop=0.72  h=128  L=2  lr=0.1  wd=0.0001
  [Trial 123] roman-empire_pair_0.4 | acc=0.3365  (594.2s)  knn=p  k= 14  dexp=2.86  p_grd=0.452  unc_rem=0.228  unc_rel=0.307  drop=0.90  h=128  L=2  lr=0.1  wd=0.001
  [Trial 124] roman-empire_pair_0.4 | acc=0.3084  (603.7s)  knn=p  k= 14  dexp=2.51  p_grd=0.500  unc_rem=0.048  unc_rel=0.369  drop=0.89  h=128  L=2  lr=0.1  wd=0.001
  [Trial 125] roman-empire_pair_0.4 | acc=0.2816  (275.6s)  knn=p  k= 15  dexp=2.84  p_grd=0.182  unc_rem=0.233  unc_rel=0.118  drop=0.77  h=64  L=1  lr=0.1  wd=0.001
  [Trial 126] roman-empire_pair_0.4 | acc=0.1733  (254.2s)  knn=p  k= 10  dexp=3.11  p_grd=0.200  unc_rem=0.433  unc_rel=0.596  drop=0.66  h=16  L=4  lr=0.1  wd=0.0001
  [Trial 127] roman-empire_pair_0.4 | acc=0.0664  (356.7s)  knn=p  k= 16  dexp=3.39  p_grd=0.226  unc_rem=0.363  unc_rel=0.606  drop=0.75  h=16  L=2  lr=1e-05  wd=0.001
  [Trial 128] roman-empire_pair_0.4 | acc=0.2094  (367.8s)  knn=p  k= 15  dexp=4.00  p_grd=0.278  unc_rem=0.668  unc_rel=0.447  drop=0.83  h=16  L=2  lr=0.1  wd=0.01
  [Trial 129] roman-empire_pair_0.4 | acc=0.1449  (237.9s)  knn=u  k=-    dexp=2.53  p_grd=0.396  unc_rem=0.342  unc_rel=0.294  drop=0.88  h=128  L=2  lr=0.1  wd=0.05
  [Trial 130] roman-empire_pair_0.4 | acc=0.2874  (663.9s)  knn=p  k= 19  dexp=6.02  p_grd=0.484  unc_rem=0.307  unc_rel=0.046  drop=0.82  h=128  L=2  lr=0.005  wd=0.001
  [Trial 131] roman-empire_pair_0.4 | acc=0.3072  (553.6s)  knn=d  k= 14  dexp=2.04  p_grd=0.438  unc_rem=0.580  unc_rel=0.596  drop=0.52  h=64  L=2  lr=0.1  wd=0.0001
  [Trial 132] roman-empire_pair_0.4 | acc=0.2725  (457.0s)  knn=p  k= 13  dexp=3.77  p_grd=0.389  unc_rem=0.301  unc_rel=0.232  drop=0.89  h=16  L=2  lr=0.1  wd=0.001
  [Trial 133] roman-empire_pair_0.4 | acc=0.3262  (466.1s)  knn=p  k= 14  dexp=2.40  p_grd=0.381  unc_rem=0.455  unc_rel=0.709  drop=0.56  h=32  L=2  lr=0.01  wd=0.001
  [Trial 134] roman-empire_pair_0.4 | acc=0.1493  (473.4s)  knn=p  k= 15  dexp=3.89  p_grd=0.342  unc_rem=0.390  unc_rel=0.334  drop=0.86  h=128  L=4  lr=0.1  wd=0.0005
  [Trial 135] roman-empire_pair_0.4 | acc=0.1276  (529.1s)  knn=p  k= 16  dexp=5.05  p_grd=0.380  unc_rem=0.024  unc_rel=0.163  drop=0.82  h=128  L=2  lr=0.0001  wd=0.005
  [Trial 136] roman-empire_pair_0.4 | acc=0.0741  (398.5s)  knn=p  k= 11  dexp=2.67  p_grd=0.310  unc_rem=0.273  unc_rel=0.183  drop=0.82  h=128  L=2  lr=1e-05  wd=0.001
  [Trial 137] roman-empire_pair_0.4 | acc=0.3217  (568.3s)  knn=p  k= 18  dexp=2.30  p_grd=0.379  unc_rem=0.550  unc_rel=0.704  drop=0.68  h=16  L=2  lr=0.1  wd=0.001
  [Trial 138] roman-empire_pair_0.4 | acc=0.2882  (348.3s)  knn=p  k= 20  dexp=1.90  p_grd=0.196  unc_rem=0.387  unc_rel=0.104  drop=0.54  h=16  L=2  lr=0.01  wd=0.001
  [Trial 139] roman-empire_pair_0.4 | acc=0.2286  (431.2s)  knn=p  k= 19  dexp=3.07  p_grd=0.243  unc_rem=0.329  unc_rel=0.668  drop=0.71  h=16  L=2  lr=0.1  wd=0.005
  [Trial 140] roman-empire_pair_0.4 | acc=0.2942  (498.1s)  knn=p  k= 18  dexp=3.24  p_grd=0.430  unc_rem=0.482  unc_rel=0.431  drop=0.81  h=128  L=2  lr=0.01  wd=1e-05
  [Trial 141] roman-empire_pair_0.4 | acc=0.1392  (504.1s)  knn=p  k= 15  dexp=2.47  p_grd=0.425  unc_rem=0.464  unc_rel=0.323  drop=0.59  h=16  L=4  lr=0.001  wd=0.005
  [Trial 142] roman-empire_pair_0.4 | acc=0.1894  (539.0s)  knn=p  k= 17  dexp=0.60  p_grd=0.424  unc_rem=0.305  unc_rel=0.740  drop=0.58  h=16  L=2  lr=0.001  wd=0.001
  [Trial 143] roman-empire_pair_0.4 | acc=0.3040  (581.1s)  knn=p  k= 16  dexp=2.45  p_grd=0.423  unc_rem=0.515  unc_rel=0.761  drop=0.26  h=32  L=2  lr=0.01  wd=0.001
  [Trial 144] roman-empire_pair_0.4 | acc=0.2816  (210.0s)  knn=u  k=-    dexp=5.59  p_grd=0.382  unc_rem=0.777  unc_rel=0.267  drop=0.23  h=128  L=2  lr=0.005  wd=0.001
  [Trial 145] roman-empire_pair_0.4 | acc=0.2153  (413.9s)  knn=p  k= 15  dexp=6.56  p_grd=0.403  unc_rem=0.166  unc_rel=0.056  drop=0.84  h=128  L=3  lr=0.1  wd=0.001
  [Trial 146] roman-empire_pair_0.4 | acc=0.3046  (661.7s)  knn=p  k= 19  dexp=5.15  p_grd=0.178  unc_rem=0.700  unc_rel=0.709  drop=0.60  h=16  L=2  lr=0.1  wd=0.001
  [Trial 147] roman-empire_pair_0.4 | acc=0.1570  (486.4s)  knn=p  k= 14  dexp=1.15  p_grd=0.367  unc_rem=0.799  unc_rel=0.255  drop=0.33  h=16  L=3  lr=0.0005  wd=0.001
  [Trial 148] roman-empire_pair_0.4 | acc=0.3058  (442.1s)  knn=p  k= 18  dexp=1.41  p_grd=0.271  unc_rem=0.587  unc_rel=0.533  drop=0.14  h=128  L=2  lr=0.1  wd=0.001
  [Trial 149] roman-empire_pair_0.4 | acc=0.2352  (497.4s)  knn=p  k= 16  dexp=2.67  p_grd=0.377  unc_rem=0.593  unc_rel=0.438  drop=0.30  h=128  L=2  lr=0.005  wd=0.01
  [Trial 150] roman-empire_pair_0.4 | acc=0.2221  (456.1s)  knn=d  k= 13  dexp=1.07  p_grd=0.350  unc_rem=0.817  unc_rel=0.816  drop=0.57  h=16  L=2  lr=0.1  wd=0.01
  [Trial 151] roman-empire_pair_0.4 | acc=0.2863  (574.2s)  knn=p  k= 18  dexp=4.64  p_grd=0.455  unc_rem=0.912  unc_rel=0.403  drop=0.27  h=128  L=2  lr=0.1  wd=0.0005
  [Trial 152] roman-empire_pair_0.4 | acc=0.2778  (313.1s)  knn=p  k= 12  dexp=5.26  p_grd=0.176  unc_rem=0.202  unc_rel=0.401  drop=0.44  h=16  L=2  lr=0.1  wd=5e-05
  [Trial 153] roman-empire_pair_0.4 | acc=0.3260  (315.5s)  knn=p  k= 14  dexp=3.41  p_grd=0.211  unc_rem=0.240  unc_rel=0.767  drop=0.78  h=32  L=2  lr=0.1  wd=0.001
  [Trial 154] roman-empire_pair_0.4 | acc=0.2682  (281.2s)  knn=p  k= 15  dexp=2.18  p_grd=0.195  unc_rem=0.248  unc_rel=0.708  drop=0.62  h=32  L=2  lr=0.1  wd=0.001
  [Trial 155] roman-empire_pair_0.4 | acc=0.3402  (734.8s)  knn=d  k= 14  dexp=1.51  p_grd=0.475  unc_rem=0.433  unc_rel=0.908  drop=0.66  h=32  L=2  lr=0.05  wd=0.001
  [Trial 156] roman-empire_pair_0.4 | acc=0.0933  (518.4s)  knn=d  k=  8  dexp=1.75  p_grd=0.467  unc_rem=0.545  unc_rel=0.944  drop=0.77  h=32  L=1  lr=1e-05  wd=0.001
  [Trial 157] roman-empire_pair_0.4 | acc=0.2815  (343.6s)  knn=p  k= 12  dexp=1.32  p_grd=0.228  unc_rem=0.722  unc_rel=0.762  drop=0.54  h=64  L=2  lr=0.01  wd=0.001
  [Trial 158] roman-empire_pair_0.4 | acc=0.3287  (492.1s)  knn=d  k= 13  dexp=1.96  p_grd=0.416  unc_rem=0.666  unc_rel=0.909  drop=0.66  h=32  L=2  lr=0.05  wd=0.001
  [Trial 159] roman-empire_pair_0.4 | acc=0.1546  (441.6s)  knn=d  k= 11  dexp=2.07  p_grd=0.421  unc_rem=0.588  unc_rel=0.761  drop=0.69  h=32  L=2  lr=0.05  wd=0.1
  [Trial 160] roman-empire_pair_0.4 | acc=0.3015  (413.1s)  knn=d  k= 12  dexp=2.95  p_grd=0.341  unc_rem=0.581  unc_rel=0.632  drop=0.71  h=64  L=2  lr=0.005  wd=0.001
  [Trial 161] roman-empire_pair_0.4 | acc=0.2445  (380.0s)  knn=d  k= 11  dexp=0.12  p_grd=0.372  unc_rem=0.701  unc_rel=0.988  drop=0.62  h=32  L=2  lr=0.05  wd=0.005
  [Trial 162] roman-empire_pair_0.4 | acc=0.1399  (315.9s)  knn=p  k= 14  dexp=2.73  p_grd=0.218  unc_rem=0.127  unc_rel=0.922  drop=0.87  h=32  L=4  lr=0.0001  wd=0.001
  [Trial 163] roman-empire_pair_0.4 | acc=0.3447  (521.2s)  knn=d  k= 14  dexp=1.89  p_grd=0.460  unc_rem=0.664  unc_rel=0.917  drop=0.73  h=32  L=2  lr=0.05  wd=0.001
  [Trial 164] roman-empire_pair_0.4 | acc=0.3149  (651.0s)  knn=d  k= 13  dexp=1.94  p_grd=0.485  unc_rem=0.084  unc_rel=0.916  drop=0.59  h=32  L=2  lr=0.05  wd=0.001
  [Trial 165] roman-empire_pair_0.4 | acc=0.3173  (326.8s)  knn=d  k= 14  dexp=2.90  p_grd=0.318  unc_rem=0.655  unc_rel=0.489  drop=0.39  h=64  L=2  lr=0.1  wd=0.001
  [Trial 166] roman-empire_pair_0.4 | acc=0.3041  (600.2s)  knn=d  k= 15  dexp=3.84  p_grd=0.446  unc_rem=0.678  unc_rel=0.725  drop=0.75  h=32  L=2  lr=0.05  wd=0.001
  [Trial 167] roman-empire_pair_0.4 | acc=0.3237  (466.0s)  knn=p  k= 16  dexp=4.37  p_grd=0.363  unc_rem=0.011  unc_rel=0.626  drop=0.52  h=16  L=2  lr=0.1  wd=0.001
  [Trial 168] roman-empire_pair_0.4 | acc=0.2912  (660.6s)  knn=p  k= 14  dexp=3.00  p_grd=0.459  unc_rem=0.571  unc_rel=0.819  drop=0.67  h=32  L=2  lr=0.005  wd=0.0001
  [Trial 169] roman-empire_pair_0.4 | acc=0.2261  (215.9s)  knn=s  k=  5  dexp=3.85  p_grd=0.358  unc_rem=0.047  unc_rel=0.670  drop=0.62  h=16  L=2  lr=0.1  wd=0.01
  [Trial 170] roman-empire_pair_0.4 | acc=0.2595  (244.6s)  knn=s  k= 30  dexp=5.43  p_grd=0.496  unc_rem=0.346  unc_rel=0.878  drop=0.71  h=32  L=2  lr=0.05  wd=0.005
  [Trial 171] roman-empire_pair_0.4 | acc=0.3075  (593.6s)  knn=p  k= 15  dexp=5.97  p_grd=0.441  unc_rem=0.169  unc_rel=0.527  drop=0.35  h=16  L=2  lr=0.1  wd=0.001
  [Trial 172] roman-empire_pair_0.4 | acc=0.2219  (477.0s)  knn=p  k= 18  dexp=5.08  p_grd=0.323  unc_rem=0.080  unc_rel=0.702  drop=0.83  h=32  L=3  lr=0.1  wd=0.001
  [Trial 173] roman-empire_pair_0.4 | acc=0.3060  (500.4s)  knn=p  k= 17  dexp=2.13  p_grd=0.364  unc_rem=0.574  unc_rel=0.921  drop=0.74  h=16  L=2  lr=0.1  wd=0.001
  [Trial 174] roman-empire_pair_0.4 | acc=0.2854  (416.4s)  knn=p  k= 16  dexp=4.05  p_grd=0.276  unc_rem=0.057  unc_rel=0.800  drop=0.47  h=64  L=2  lr=0.005  wd=0.001
  [Trial 175] roman-empire_pair_0.4 | acc=0.3384  (643.9s)  knn=d  k= 20  dexp=1.30  p_grd=0.369  unc_rem=0.399  unc_rel=0.059  drop=0.79  h=128  L=2  lr=0.1  wd=0.001
  [Trial 176] roman-empire_pair_0.4 | acc=0.2309  (395.2s)  knn=d  k= 21  dexp=0.94  p_grd=0.308  unc_rem=0.810  unc_rel=0.893  drop=0.86  h=16  L=1  lr=0.05  wd=0.001
  [Trial 177] roman-empire_pair_0.4 | acc=0.1506  (823.1s)  knn=d  k= 21  dexp=1.36  p_grd=0.482  unc_rem=0.317  unc_rel=0.807  drop=0.89  h=16  L=2  lr=0.05  wd=0.05
  [Trial 178] roman-empire_pair_0.4 | acc=0.2986  (427.1s)  knn=d  k= 12  dexp=2.25  p_grd=0.365  unc_rem=0.340  unc_rel=0.012  drop=0.77  h=128  L=1  lr=0.1  wd=0.001
  [Trial 179] roman-empire_pair_0.4 | acc=0.3445  (336.6s)  knn=d  k= 14  dexp=2.59  p_grd=0.389  unc_rem=0.287  unc_rel=0.221  drop=0.76  h=128  L=2  lr=0.1  wd=0.001
  [Trial 180] roman-empire_pair_0.4 | acc=0.2379  (149.3s)  knn=u  k=-    dexp=4.05  p_grd=0.010  unc_rem=0.088  unc_rel=0.835  drop=0.89  h=32  L=2  lr=0.1  wd=0.001
  [Trial 181] roman-empire_pair_0.4 | acc=0.2927  (126.1s)  knn=s  k= 30  dexp=2.51  p_grd=0.309  unc_rem=0.267  unc_rel=0.063  drop=0.63  h=128  L=2  lr=0.1  wd=0.001
  [Trial 182] roman-empire_pair_0.4 | acc=0.2205  (163.2s)  knn=u  k=-    dexp=1.11  p_grd=0.464  unc_rem=0.451  unc_rel=0.776  drop=0.60  h=32  L=3  lr=0.01  wd=0.001
  [Trial 183] roman-empire_pair_0.4 | acc=0.2076  (388.4s)  knn=p  k= 13  dexp=3.33  p_grd=0.259  unc_rem=0.114  unc_rel=0.455  drop=0.57  h=16  L=3  lr=0.1  wd=0.001
  [Trial 184] roman-empire_pair_0.4 | acc=0.2878  (407.2s)  knn=d  k= 14  dexp=1.07  p_grd=0.316  unc_rem=0.245  unc_rel=0.042  drop=0.82  h=128  L=2  lr=0.1  wd=5e-05
  [Trial 185] roman-empire_pair_0.4 | acc=0.3051  (335.7s)  knn=d  k= 15  dexp=2.08  p_grd=0.287  unc_rem=0.312  unc_rel=0.235  drop=0.67  h=128  L=2  lr=0.005  wd=0.001
  [Trial 186] roman-empire_pair_0.4 | acc=0.1393  (466.4s)  knn=d  k= 14  dexp=5.65  p_grd=0.366  unc_rem=0.053  unc_rel=0.602  drop=0.42  h=16  L=2  lr=0.0001  wd=0.001
  [Trial 187] roman-empire_pair_0.4 | acc=0.1393  (325.7s)  knn=p  k= 17  dexp=4.92  p_grd=0.225  unc_rem=0.281  unc_rel=0.837  drop=0.85  h=32  L=2  lr=0.1  wd=0.1
  [Trial 188] roman-empire_pair_0.4 | acc=0.1976  (574.7s)  knn=d  k= 11  dexp=1.74  p_grd=0.411  unc_rem=0.756  unc_rel=0.714  drop=0.66  h=16  L=3  lr=0.001  wd=0.001
  [Trial 189] roman-empire_pair_0.4 | acc=0.2641  (691.6s)  knn=d  k= 20  dexp=3.92  p_grd=0.413  unc_rem=0.626  unc_rel=0.032  drop=0.62  h=128  L=2  lr=0.1  wd=0.0001
  [Trial 190] roman-empire_pair_0.4 | acc=0.1515  (227.4s)  knn=u  k=-    dexp=2.06  p_grd=0.409  unc_rem=0.096  unc_rel=0.157  drop=0.80  h=128  L=2  lr=0.0001  wd=0.001
  [Trial 191] roman-empire_pair_0.4 | acc=0.1392  (588.7s)  knn=p  k= 16  dexp=3.99  p_grd=0.485  unc_rem=0.426  unc_rel=0.115  drop=0.82  h=128  L=2  lr=0.1  wd=0.1
  [Trial 192] roman-empire_pair_0.4 | acc=0.2957  (662.0s)  knn=p  k= 19  dexp=2.54  p_grd=0.463  unc_rem=0.491  unc_rel=0.617  drop=0.35  h=128  L=2  lr=0.1  wd=1e-05
  [Trial 193] roman-empire_pair_0.4 | acc=0.2355  (609.7s)  knn=p  k= 18  dexp=2.34  p_grd=0.427  unc_rem=0.397  unc_rel=0.124  drop=0.88  h=128  L=1  lr=0.1  wd=0.01
  [Trial 194] roman-empire_pair_0.4 | acc=0.2864  (713.2s)  knn=d  k= 17  dexp=2.78  p_grd=0.481  unc_rem=0.429  unc_rel=0.735  drop=0.58  h=32  L=1  lr=0.05  wd=5e-05
  [Trial 195] roman-empire_pair_0.4 | acc=0.1876  (490.7s)  knn=p  k= 15  dexp=5.68  p_grd=0.403  unc_rem=0.122  unc_rel=0.697  drop=0.56  h=16  L=4  lr=0.005  wd=0.001
  [Trial 196] roman-empire_pair_0.4 | acc=0.2833  (479.4s)  knn=d  k= 20  dexp=1.72  p_grd=0.304  unc_rem=0.462  unc_rel=0.529  drop=0.68  h=16  L=2  lr=0.1  wd=5e-05
  [Trial 197] roman-empire_pair_0.4 | acc=0.2994  (485.3s)  knn=p  k= 14  dexp=4.25  p_grd=0.367  unc_rem=0.115  unc_rel=0.580  drop=0.54  h=16  L=2  lr=0.1  wd=1e-05
  [Trial 198] roman-empire_pair_0.4 | acc=0.2886  (731.9s)  knn=p  k= 17  dexp=2.79  p_grd=0.494  unc_rem=0.019  unc_rel=0.624  drop=0.65  h=16  L=1  lr=0.1  wd=0.001
  [Trial 199] roman-empire_pair_0.4 | acc=0.2891  (590.2s)  knn=d  k= 13  dexp=0.91  p_grd=0.467  unc_rem=0.441  unc_rel=0.406  drop=0.61  h=128  L=2  lr=0.1  wd=0.0005
  [Trial 200] roman-empire_pair_0.4 | acc=0.2232  (609.4s)  knn=d  k= 17  dexp=1.48  p_grd=0.379  unc_rem=0.502  unc_rel=0.841  drop=0.35  h=32  L=3  lr=0.05  wd=0.001

[Optuna] Optimization done. 200/200 trials completed.

[Retest] (roman-empire_pair_0.4) Testing top-5 configs × 10 seeds...

  [Retest] (roman-empire_pair_0.4) Config 1/5: (Trial #162, Orig Acc: 0.3447)
           Params: {'knn_mode': 'd', 'k': 14, 'dexp': 1.8940245504954303, 'p_grd': 0.4598364880964579, 'unc_rem': 0.6643519175581459, 'unc_rel': 0.916585620592473, 'dropout': 0.7334441546300423, 'n_hidden': 32, 'n_layer': 2, 'lr': 0.05, 'weight_decay': 0.001}
    [Retest] roman-empire | Config 1 | Run 1/10 | seed=3000 | Acc: 0.3447 | Mean: 0.3447 | Time: 522.4s
    [Retest] roman-empire | Config 1 | Run 2/10 | seed=3001 | Acc: 0.3201 | Mean: 0.3324 | Time: 658.4s
    [Retest] roman-empire | Config 1 | Run 3/10 | seed=3002 | Acc: 0.2851 | Mean: 0.3166 | Time: 580.8s
    [Retest] roman-empire | Config 1 | Run 4/10 | seed=3003 | Acc: 0.3056 | Mean: 0.3139 | Time: 478.2s
    [Retest] roman-empire | Config 1 | Run 5/10 | seed=3004 | Acc: 0.2242 | Mean: 0.2959 | Time: 596.9s
    [Retest] roman-empire | Config 1 | Run 6/10 | seed=3005 | Acc: 0.2961 | Mean: 0.2960 | Time: 456.3s
    [Retest] roman-empire | Config 1 | Run 7/10 | seed=3006 | Acc: 0.3042 | Mean: 0.2971 | Time: 551.4s
    [Retest] roman-empire | Config 1 | Run 8/10 | seed=3007 | Acc: 0.3057 | Mean: 0.2982 | Time: 494.0s
    [Retest] roman-empire | Config 1 | Run 9/10 | seed=3008 | Acc: 0.3258 | Mean: 0.3013 | Time: 542.2s
    [Retest] roman-empire | Config 1 | Run 10/10 | seed=3009 | Acc: 0.2985 | Mean: 0.3010 | Time: 560.0s
  [Retest] Config 1: mean=0.3010 ± 0.0302

  [Retest] (roman-empire_pair_0.4) Config 2/5: (Trial #178, Orig Acc: 0.3445)
           Params: {'knn_mode': 'd', 'k': 14, 'dexp': 2.590272750392026, 'p_grd': 0.3892673621407935, 'unc_rem': 0.287172858533162, 'unc_rel': 0.22069780200849734, 'dropout': 0.7560413079716545, 'n_hidden': 128, 'n_layer': 2, 'lr': 0.1, 'weight_decay': 0.001}
    [Retest] roman-empire | Config 2 | Run 1/10 | seed=3000 | Acc: 0.3463 | Mean: 0.3463 | Time: 433.6s
    [Retest] roman-empire | Config 2 | Run 2/10 | seed=3001 | Acc: 0.3106 | Mean: 0.3285 | Time: 508.3s
    [Retest] roman-empire | Config 2 | Run 3/10 | seed=3002 | Acc: 0.2817 | Mean: 0.3129 | Time: 502.2s
    [Retest] roman-empire | Config 2 | Run 4/10 | seed=3003 | Acc: 0.3332 | Mean: 0.3180 | Time: 433.8s
    [Retest] roman-empire | Config 2 | Run 5/10 | seed=3004 | Acc: 0.2295 | Mean: 0.3003 | Time: 482.5s
    [Retest] roman-empire | Config 2 | Run 6/10 | seed=3005 | Acc: 0.3399 | Mean: 0.3069 | Time: 409.9s
    [Retest] roman-empire | Config 2 | Run 7/10 | seed=3006 | Acc: 0.3154 | Mean: 0.3081 | Time: 375.3s
    [Retest] roman-empire | Config 2 | Run 8/10 | seed=3007 | Acc: 0.3056 | Mean: 0.3078 | Time: 404.7s
    [Retest] roman-empire | Config 2 | Run 9/10 | seed=3008 | Acc: 0.3138 | Mean: 0.3085 | Time: 463.2s
    [Retest] roman-empire | Config 2 | Run 10/10 | seed=3009 | Acc: 0.3436 | Mean: 0.3120 | Time: 393.4s
  [Retest] Config 2: mean=0.3120 ± 0.0335

  [Retest] (roman-empire_pair_0.4) Config 3/5: (Trial #154, Orig Acc: 0.3402)
           Params: {'knn_mode': 'd', 'k': 14, 'dexp': 1.5096844788351858, 'p_grd': 0.475252483542958, 'unc_rem': 0.4333065171414937, 'unc_rel': 0.9076707363734875, 'dropout': 0.658030629297687, 'n_hidden': 32, 'n_layer': 2, 'lr': 0.05, 'weight_decay': 0.001}
    [Retest] roman-empire | Config 3 | Run 1/10 | seed=3000 | Acc: 0.3408 | Mean: 0.3408 | Time: 601.1s
    [Retest] roman-empire | Config 3 | Run 2/10 | seed=3001 | Acc: 0.3103 | Mean: 0.3255 | Time: 547.8s
    [Retest] roman-empire | Config 3 | Run 3/10 | seed=3002 | Acc: 0.2718 | Mean: 0.3076 | Time: 504.9s
    [Retest] roman-empire | Config 3 | Run 4/10 | seed=3003 | Acc: 0.3058 | Mean: 0.3072 | Time: 557.6s
    [Retest] roman-empire | Config 3 | Run 5/10 | seed=3004 | Acc: 0.2151 | Mean: 0.2887 | Time: 570.9s
    [Retest] roman-empire | Config 3 | Run 6/10 | seed=3005 | Acc: 0.3147 | Mean: 0.2931 | Time: 555.1s
    [Retest] roman-empire | Config 3 | Run 7/10 | seed=3006 | Acc: 0.2942 | Mean: 0.2932 | Time: 520.8s
    [Retest] roman-empire | Config 3 | Run 8/10 | seed=3007 | Acc: 0.3129 | Mean: 0.2957 | Time: 509.1s
    [Retest] roman-empire | Config 3 | Run 9/10 | seed=3008 | Acc: 0.3160 | Mean: 0.2979 | Time: 488.0s
    [Retest] roman-empire | Config 3 | Run 10/10 | seed=3009 | Acc: 0.3225 | Mean: 0.3004 | Time: 473.3s
  [Retest] Config 3: mean=0.3004 ± 0.0332

  [Retest] (roman-empire_pair_0.4) Config 4/5: (Trial #174, Orig Acc: 0.3384)
           Params: {'knn_mode': 'd', 'k': 20, 'dexp': 1.2996909548007038, 'p_grd': 0.3687295747856197, 'unc_rem': 0.3991461198233346, 'unc_rel': 0.05869050745938395, 'dropout': 0.7916561435121793, 'n_hidden': 128, 'n_layer': 2, 'lr': 0.1, 'weight_decay': 0.001}
    [Retest] roman-empire | Config 4 | Run 1/10 | seed=3000 | Acc: 0.3429 | Mean: 0.3429 | Time: 521.4s
    [Retest] roman-empire | Config 4 | Run 2/10 | seed=3001 | Acc: 0.3186 | Mean: 0.3307 | Time: 378.5s
    [Retest] roman-empire | Config 4 | Run 3/10 | seed=3002 | Acc: 0.2765 | Mean: 0.3126 | Time: 407.8s
    [Retest] roman-empire | Config 4 | Run 4/10 | seed=3003 | Acc: 0.3049 | Mean: 0.3107 | Time: 428.1s
    [Retest] roman-empire | Config 4 | Run 5/10 | seed=3004 | Acc: 0.2292 | Mean: 0.2944 | Time: 410.2s
    [Retest] roman-empire | Config 4 | Run 6/10 | seed=3005 | Acc: 0.3204 | Mean: 0.2987 | Time: 488.7s
    [Retest] roman-empire | Config 4 | Run 7/10 | seed=3006 | Acc: 0.2991 | Mean: 0.2988 | Time: 455.9s
    [Retest] roman-empire | Config 4 | Run 8/10 | seed=3007 | Acc: 0.2861 | Mean: 0.2972 | Time: 419.0s
    [Retest] roman-empire | Config 4 | Run 9/10 | seed=3008 | Acc: 0.3279 | Mean: 0.3006 | Time: 378.3s
    [Retest] roman-empire | Config 4 | Run 10/10 | seed=3009 | Acc: 0.3305 | Mean: 0.3036 | Time: 418.5s
  [Retest] Config 4: mean=0.3036 ± 0.0315

  [Retest] (roman-empire_pair_0.4) Config 5/5: (Trial #122, Orig Acc: 0.3365)
           Params: {'knn_mode': 'p', 'k': 14, 'dexp': 2.858782101671446, 'p_grd': 0.45182313573611, 'unc_rem': 0.22771870059564037, 'unc_rel': 0.30665200494287825, 'dropout': 0.8985170173017069, 'n_hidden': 128, 'n_layer': 2, 'lr': 0.1, 'weight_decay': 0.001}
    [Retest] roman-empire | Config 5 | Run 1/10 | seed=3000 | Acc: 0.3364 | Mean: 0.3364 | Time: 452.0s
    [Retest] roman-empire | Config 5 | Run 2/10 | seed=3001 | Acc: 0.3034 | Mean: 0.3199 | Time: 481.7s
    [Retest] roman-empire | Config 5 | Run 3/10 | seed=3002 | Acc: 0.2685 | Mean: 0.3027 | Time: 473.0s
    [Retest] roman-empire | Config 5 | Run 4/10 | seed=3003 | Acc: 0.3093 | Mean: 0.3044 | Time: 469.2s
    [Retest] roman-empire | Config 5 | Run 5/10 | seed=3004 | Acc: 0.2526 | Mean: 0.2940 | Time: 411.1s
    [Retest] roman-empire | Config 5 | Run 6/10 | seed=3005 | Acc: 0.2985 | Mean: 0.2948 | Time: 487.3s
    [Retest] roman-empire | Config 5 | Run 7/10 | seed=3006 | Acc: 0.2782 | Mean: 0.2924 | Time: 335.0s
    [Retest] roman-empire | Config 5 | Run 8/10 | seed=3007 | Acc: 0.3039 | Mean: 0.2938 | Time: 464.1s
    [Retest] roman-empire | Config 5 | Run 9/10 | seed=3008 | Acc: 0.3041 | Mean: 0.2950 | Time: 415.6s
    [Retest] roman-empire | Config 5 | Run 10/10 | seed=3009 | Acc: 0.3242 | Mean: 0.2979 | Time: 299.4s
  [Retest] Config 5: mean=0.2979 ± 0.0239

[Optuna] Success: Best config saved to log/hpo_db.json:
         {'knn_mode': 'd', 'k': 14, 'dexp': 2.590272750392026, 'p_grd': 0.3892673621407935, 'unc_rem': 0.287172858533162, 'unc_rel': 0.22069780200849734, 'dropout': 0.7560413079716545, 'n_hidden': 128, 'n_layer': 2, 'lr': 0.1, 'weight_decay': 0.001}
[Optuna] Success: Best retest mean accuracy: 0.3120
[Optuna] Success: Done marker: ./log/nni_done\lnpcc_roman-empire_pair_0.4.done
  [HPO] Done marker saved: ./log/nni_done\lnpcc_roman-empire_pair_0.4.done
[total_exp] --hpo_only: skipping benchmark runs.
[worker] OK DONE  hpo_roman-empire_pair_0.4  gpu=1  1863.0 min  rc=0
