[worker] START  lnpcc_amazonpho_pair_0.3  gpu=0
======================================================================
GCN + LN-PCC -- NoisyGL Benchmark (Unified)
Start          : 2026-04-21 14:24:26
Variants       : ['lnpcc']
Datasets       : ['amazonpho']
Noise          : [[0.3, 'pair']]
Runs           : 10  (seeds 3000..3009)
Device         : cuda:0
======================================================================
[HPO] Loaded 160 optimized scenarios from log/hpo_db.json
----Data statistics------'
                Name: amazonpho
                #Nodes 7650
                #Edges 119081
                #Classes 8
                #Ave_degree 31.13
----Split statistics------'
                #Train samples 160 (20 nodes per class)
                #Val samples 500 (specified)
                #Test samples 1000 (specified)

============================================================
  lnpcc | amazonpho | pair 0.3
============================================================
  [HPO] Applying optimized params for amazonpho_pair_0.3
    [14:24:55] amazonpho | pair 0.3 | lnpcc | run  1/10 | seed=3000 | acc=0.8710 | mean=0.8710 | time=27.49s
  [HPO] Applying optimized params for amazonpho_pair_0.3
    [14:25:23] amazonpho | pair 0.3 | lnpcc | run  2/10 | seed=3001 | acc=0.8250 | mean=0.8480 | time=25.36s
  [HPO] Applying optimized params for amazonpho_pair_0.3
    [14:26:01] amazonpho | pair 0.3 | lnpcc | run  3/10 | seed=3002 | acc=0.6850 | mean=0.7937 | time=35.29s
  [HPO] Applying optimized params for amazonpho_pair_0.3
    [14:26:29] amazonpho | pair 0.3 | lnpcc | run  4/10 | seed=3003 | acc=0.8050 | mean=0.7965 | time=27.35s
  [HPO] Applying optimized params for amazonpho_pair_0.3
    [14:26:55] amazonpho | pair 0.3 | lnpcc | run  5/10 | seed=3004 | acc=0.7960 | mean=0.7964 | time=24.48s
  [HPO] Applying optimized params for amazonpho_pair_0.3
    [14:27:25] amazonpho | pair 0.3 | lnpcc | run  6/10 | seed=3005 | acc=0.7200 | mean=0.7837 | time=27.43s
  [HPO] Applying optimized params for amazonpho_pair_0.3
    [14:27:51] amazonpho | pair 0.3 | lnpcc | run  7/10 | seed=3006 | acc=0.7520 | mean=0.7791 | time=24.10s
  [HPO] Applying optimized params for amazonpho_pair_0.3
    [14:28:21] amazonpho | pair 0.3 | lnpcc | run  8/10 | seed=3007 | acc=0.8080 | mean=0.7828 | time=28.12s
  [HPO] Applying optimized params for amazonpho_pair_0.3
    [14:28:54] amazonpho | pair 0.3 | lnpcc | run  9/10 | seed=3008 | acc=0.8550 | mean=0.7908 | time=32.09s
  [HPO] Applying optimized params for amazonpho_pair_0.3
    [14:29:26] amazonpho | pair 0.3 | lnpcc | run 10/10 | seed=3009 | acc=0.7100 | mean=0.7827 | time=29.38s
  -> mean=0.7827 +/- 0.0599

[OK] Partial CSV: ./log\partial\partial_lnpcc_amazonpho_pair_0.3.csv
End: 2026-04-21 14:29:26

[worker] OK DONE  lnpcc_amazonpho_pair_0.3  gpu=0  5.2 min  rc=0
