[worker] START  lnpcc_amazonpho_uniform_0.4  gpu=0
======================================================================
GCN + LN-PCC -- NoisyGL Benchmark (Unified)
Start          : 2026-04-21 14:20:05
Variants       : ['lnpcc']
Datasets       : ['amazonpho']
Noise          : [[0.4, 'uniform']]
Runs           : 10  (seeds 3000..3009)
Device         : cuda:0
======================================================================
[HPO] Loaded 160 optimized scenarios from log/hpo_db.json
----Data statistics------'
                Name: amazonpho
                #Nodes 7650
                #Edges 119081
                #Classes 8
                #Ave_degree 31.13
----Split statistics------'
                #Train samples 160 (20 nodes per class)
                #Val samples 500 (specified)
                #Test samples 1000 (specified)

============================================================
  lnpcc | amazonpho | uniform 0.4
============================================================
  [HPO] Applying optimized params for amazonpho_uniform_0.4
    [14:20:57] amazonpho | uniform 0.4 | lnpcc | run  1/10 | seed=3000 | acc=0.8890 | mean=0.8890 | time=44.63s
  [HPO] Applying optimized params for amazonpho_uniform_0.4
    [14:21:33] amazonpho | uniform 0.4 | lnpcc | run  2/10 | seed=3001 | acc=0.8670 | mean=0.8780 | time=28.77s
  [HPO] Applying optimized params for amazonpho_uniform_0.4
    [14:22:14] amazonpho | uniform 0.4 | lnpcc | run  3/10 | seed=3002 | acc=0.7540 | mean=0.8367 | time=36.50s
  [HPO] Applying optimized params for amazonpho_uniform_0.4
    [14:22:49] amazonpho | uniform 0.4 | lnpcc | run  4/10 | seed=3003 | acc=0.8350 | mean=0.8362 | time=29.14s
  [HPO] Applying optimized params for amazonpho_uniform_0.4
    [14:23:30] amazonpho | uniform 0.4 | lnpcc | run  5/10 | seed=3004 | acc=0.8560 | mean=0.8402 | time=36.89s
  [HPO] Applying optimized params for amazonpho_uniform_0.4
    [14:24:02] amazonpho | uniform 0.4 | lnpcc | run  6/10 | seed=3005 | acc=0.7910 | mean=0.8320 | time=29.31s
  [HPO] Applying optimized params for amazonpho_uniform_0.4
    [14:24:39] amazonpho | uniform 0.4 | lnpcc | run  7/10 | seed=3006 | acc=0.8060 | mean=0.8283 | time=32.38s
  [HPO] Applying optimized params for amazonpho_uniform_0.4
    [14:25:17] amazonpho | uniform 0.4 | lnpcc | run  8/10 | seed=3007 | acc=0.8250 | mean=0.8279 | time=34.32s
  [HPO] Applying optimized params for amazonpho_uniform_0.4
    [14:25:48] amazonpho | uniform 0.4 | lnpcc | run  9/10 | seed=3008 | acc=0.8390 | mean=0.8291 | time=28.00s
  [HPO] Applying optimized params for amazonpho_uniform_0.4
    [14:26:22] amazonpho | uniform 0.4 | lnpcc | run 10/10 | seed=3009 | acc=0.8540 | mean=0.8316 | time=28.49s
  -> mean=0.8316 +/- 0.0375

[OK] Partial CSV: ./log\partial\partial_lnpcc_amazonpho_uniform_0.4.csv
End: 2026-04-21 14:26:22

[worker] OK DONE  lnpcc_amazonpho_uniform_0.4  gpu=0  6.5 min  rc=0
