[worker] START  hpo_citeseer_pair_0.3  gpu=1
======================================================================
GCN + LN-PCC -- NoisyGL Benchmark (Unified)
Start          : 2026-04-20 20:10:34
Variants       : ['lnpcc']
Datasets       : ['citeseer']
Noise          : [[0.3, 'pair']]
Runs           : 10  (seeds 3000..3009)
Device         : cuda:1
======================================================================

[HPO] Optimizing lnpcc on citeseer_pair_0.3 (max_trials=200, max_k_same=60)

[Optuna] Scenario: citeseer_pair_0.3  (max_trials=200, startup=20)
  [Trial   1] citeseer_pair_0.3 | acc=0.5550  (33.8s)  knn=d  k= 14  dexp=7.40  p_grd=0.421  unc_rem=0.161  unc_rel=0.537  drop=0.52  h=128  L=3  lr=0.1  wd=0.05
  [Trial   2] citeseer_pair_0.3 | acc=0.2240  (34.2s)  knn=d  k= 17  dexp=0.88  p_grd=0.193  unc_rem=0.850  unc_rel=0.092  drop=0.89  h=128  L=3  lr=1e-05  wd=0.1
  [Trial   3] citeseer_pair_0.3 | acc=0.2170  (25.7s)  knn=s  k= 60  dexp=4.63  p_grd=0.375  unc_rem=0.959  unc_rel=0.839  drop=0.11  h=16  L=4  lr=1e-05  wd=0.1
  [Trial   4] citeseer_pair_0.3 | acc=0.4620  (26.7s)  knn=s  k= 20  dexp=3.86  p_grd=0.215  unc_rem=0.881  unc_rel=0.612  drop=0.58  h=32  L=3  lr=0.005  wd=0.001
  [Trial   5] citeseer_pair_0.3 | acc=0.4480  (33.0s)  knn=u  k=-    dexp=8.18  p_grd=0.344  unc_rem=0.346  unc_rel=0.828  drop=0.50  h=64  L=4  lr=0.001  wd=0.001
  [Trial   6] citeseer_pair_0.3 | acc=0.4820  (26.1s)  knn=s  k= 60  dexp=9.63  p_grd=0.431  unc_rem=0.779  unc_rel=0.683  drop=0.44  h=32  L=1  lr=0.1  wd=0.01
  [Trial   7] citeseer_pair_0.3 | acc=0.4650  (29.9s)  knn=d  k= 22  dexp=8.98  p_grd=0.186  unc_rem=0.562  unc_rel=0.930  drop=0.36  h=32  L=3  lr=0.0001  wd=0.005
  [Trial   8] citeseer_pair_0.3 | acc=0.5260  (40.2s)  knn=d  k= 15  dexp=2.27  p_grd=0.167  unc_rem=0.876  unc_rel=0.021  drop=0.20  h=128  L=3  lr=0.1  wd=0.005
  [Trial   9] citeseer_pair_0.3 | acc=0.4960  (31.9s)  knn=p  k= 21  dexp=7.05  p_grd=0.405  unc_rem=0.819  unc_rel=0.209  drop=0.56  h=32  L=2  lr=0.01  wd=1e-05
  [Trial  10] citeseer_pair_0.3 | acc=0.5220  (43.7s)  knn=d  k= 23  dexp=5.37  p_grd=0.494  unc_rem=0.196  unc_rel=0.286  drop=0.68  h=64  L=3  lr=0.05  wd=0.005
  [Trial  11] citeseer_pair_0.3 | acc=0.4610  (38.0s)  knn=s  k= 10  dexp=6.60  p_grd=0.444  unc_rem=0.958  unc_rel=0.876  drop=0.66  h=16  L=4  lr=0.05  wd=1e-05
  [Trial  12] citeseer_pair_0.3 | acc=0.4750  (23.9s)  knn=u  k=-    dexp=8.76  p_grd=0.091  unc_rem=0.305  unc_rel=0.438  drop=0.14  h=64  L=3  lr=0.001  wd=0.0001
  [Trial  13] citeseer_pair_0.3 | acc=0.1660  (72.3s)  knn=p  k=  9  dexp=7.90  p_grd=0.228  unc_rem=0.196  unc_rel=0.065  drop=0.88  h=16  L=4  lr=0.1  wd=0.005
  [Trial  14] citeseer_pair_0.3 | acc=0.4370  (30.2s)  knn=s  k= 20  dexp=4.82  p_grd=0.311  unc_rem=0.084  unc_rel=0.251  drop=0.17  h=32  L=2  lr=0.0005  wd=0.005
  [Trial  15] citeseer_pair_0.3 | acc=0.4090  (33.3s)  knn=d  k=  5  dexp=1.73  p_grd=0.294  unc_rem=0.145  unc_rel=0.870  drop=0.67  h=32  L=1  lr=0.0001  wd=0.001
  [Trial  16] citeseer_pair_0.3 | acc=0.2760  (50.1s)  knn=p  k= 15  dexp=1.15  p_grd=0.289  unc_rem=0.335  unc_rel=0.495  drop=0.39  h=64  L=4  lr=1e-05  wd=0.0005
  [Trial  17] citeseer_pair_0.3 | acc=0.5240  (38.2s)  knn=p  k= 10  dexp=8.27  p_grd=0.189  unc_rem=0.042  unc_rel=0.304  drop=0.53  h=32  L=4  lr=0.005  wd=0.005
  [Trial  18] citeseer_pair_0.3 | acc=0.5300  (40.8s)  knn=d  k=  3  dexp=2.21  p_grd=0.206  unc_rem=0.616  unc_rel=0.167  drop=0.40  h=64  L=3  lr=0.005  wd=0.01
  [Trial  19] citeseer_pair_0.3 | acc=0.4780  (58.9s)  knn=p  k= 13  dexp=3.83  p_grd=0.476  unc_rem=0.774  unc_rel=0.043  drop=0.57  h=128  L=1  lr=0.001  wd=5e-05
  [Trial  20] citeseer_pair_0.3 | acc=0.4830  (28.8s)  knn=u  k=-    dexp=6.93  p_grd=0.170  unc_rem=0.841  unc_rel=0.089  drop=0.61  h=16  L=2  lr=0.01  wd=5e-05
  [Trial  21] citeseer_pair_0.3 | acc=0.5590  (30.7s)  knn=d  k=  1  dexp=8.10  p_grd=0.402  unc_rem=0.175  unc_rel=0.624  drop=0.48  h=128  L=3  lr=0.0001  wd=0.05
  [Trial  22] citeseer_pair_0.3 | acc=0.5490  (39.4s)  knn=p  k=  2  dexp=1.77  p_grd=0.225  unc_rem=0.775  unc_rel=0.207  drop=0.48  h=64  L=3  lr=0.005  wd=0.01
  [Trial  23] citeseer_pair_0.3 | acc=0.5480  (34.1s)  knn=d  k=  1  dexp=8.50  p_grd=0.358  unc_rem=0.108  unc_rel=0.284  drop=0.59  h=128  L=2  lr=0.1  wd=0.05
  [Trial  24] citeseer_pair_0.3 | acc=0.5510  (32.1s)  knn=d  k=  1  dexp=8.98  p_grd=0.474  unc_rem=0.127  unc_rel=0.619  drop=0.19  h=128  L=3  lr=0.0001  wd=0.05
  [Trial  25] citeseer_pair_0.3 | acc=0.5650  (30.8s)  knn=d  k=  1  dexp=7.65  p_grd=0.405  unc_rem=0.160  unc_rel=0.596  drop=0.28  h=128  L=3  lr=0.0001  wd=0.05
  [Trial  26] citeseer_pair_0.3 | acc=0.3420  (32.1s)  knn=s  k=  5  dexp=6.25  p_grd=0.332  unc_rem=0.306  unc_rel=0.692  drop=0.62  h=16  L=3  lr=0.0001  wd=0.05
  [Trial  27] citeseer_pair_0.3 | acc=0.4860  (34.8s)  knn=d  k=  1  dexp=8.53  p_grd=0.334  unc_rem=0.105  unc_rel=0.547  drop=0.48  h=32  L=3  lr=0.01  wd=1e-05
  [Trial  28] citeseer_pair_0.3 | acc=0.4050  (51.9s)  knn=d  k=  5  dexp=4.47  p_grd=0.364  unc_rem=0.011  unc_rel=0.791  drop=0.41  h=128  L=4  lr=0.0001  wd=0.1
  [Trial  29] citeseer_pair_0.3 | acc=0.4790  (33.8s)  knn=d  k=  1  dexp=9.43  p_grd=0.389  unc_rem=0.247  unc_rel=0.821  drop=0.46  h=128  L=1  lr=0.001  wd=0.0005
  [Trial  30] citeseer_pair_0.3 | acc=0.4520  (34.9s)  knn=s  k= 45  dexp=7.83  p_grd=0.303  unc_rem=0.262  unc_rel=0.634  drop=0.16  h=32  L=4  lr=0.0001  wd=0.05
  [Trial  31] citeseer_pair_0.3 | acc=0.5210  (30.7s)  knn=s  k= 35  dexp=3.66  p_grd=0.431  unc_rem=0.033  unc_rel=0.462  drop=0.27  h=64  L=3  lr=0.1  wd=0.05
  [Trial  32] citeseer_pair_0.3 | acc=0.5500  (36.7s)  knn=p  k=  1  dexp=6.44  p_grd=0.444  unc_rem=0.116  unc_rel=0.545  drop=0.12  h=128  L=3  lr=0.0001  wd=0.05
  [Trial  33] citeseer_pair_0.3 | acc=0.5500  (41.3s)  knn=d  k=  1  dexp=8.19  p_grd=0.461  unc_rem=0.466  unc_rel=0.642  drop=0.38  h=128  L=3  lr=0.0001  wd=0.1
  [Trial  34] citeseer_pair_0.3 | acc=0.3910  (36.5s)  knn=d  k=  1  dexp=8.10  p_grd=0.327  unc_rem=0.023  unc_rel=0.723  drop=0.30  h=16  L=2  lr=0.0001  wd=0.05
  [Trial  35] citeseer_pair_0.3 | acc=0.5420  (35.5s)  knn=u  k=-    dexp=9.02  p_grd=0.496  unc_rem=0.151  unc_rel=0.510  drop=0.60  h=128  L=3  lr=0.001  wd=0.05
  [Trial  36] citeseer_pair_0.3 | acc=0.4800  (34.0s)  knn=d  k=  6  dexp=8.57  p_grd=0.400  unc_rem=0.074  unc_rel=0.506  drop=0.29  h=64  L=3  lr=0.0001  wd=5e-05
  [Trial  37] citeseer_pair_0.3 | acc=0.5450  (34.3s)  knn=d  k=  1  dexp=8.55  p_grd=0.451  unc_rem=0.029  unc_rel=0.727  drop=0.18  h=128  L=3  lr=0.01  wd=0.05
  [Trial  38] citeseer_pair_0.3 | acc=0.5120  (41.4s)  knn=d  k=  6  dexp=9.31  p_grd=0.410  unc_rem=0.157  unc_rel=0.284  drop=0.22  h=128  L=4  lr=0.0001  wd=1e-05
  [Trial  39] citeseer_pair_0.3 | acc=0.5530  (44.0s)  knn=d  k=  1  dexp=9.17  p_grd=0.401  unc_rem=0.104  unc_rel=0.777  drop=0.69  h=128  L=3  lr=0.0001  wd=0.05
  [Trial  40] citeseer_pair_0.3 | acc=0.5110  (43.6s)  knn=d  k= 15  dexp=7.07  p_grd=0.312  unc_rem=0.018  unc_rel=0.894  drop=0.84  h=128  L=3  lr=0.0001  wd=0.05
  [Trial  41] citeseer_pair_0.3 | acc=0.3860  (45.2s)  knn=d  k=  6  dexp=7.32  p_grd=0.408  unc_rem=0.312  unc_rel=0.717  drop=0.64  h=128  L=3  lr=1e-05  wd=0.001
  [Trial  42] citeseer_pair_0.3 | acc=0.5920  (46.2s)  knn=d  k=  1  dexp=9.24  p_grd=0.429  unc_rem=0.377  unc_rel=0.645  drop=0.56  h=128  L=3  lr=0.1  wd=0.05
  [Trial  43] citeseer_pair_0.3 | acc=0.4960  (41.2s)  knn=d  k=  1  dexp=9.50  p_grd=0.437  unc_rem=0.678  unc_rel=0.533  drop=0.76  h=32  L=3  lr=0.1  wd=0.0001
  [Trial  44] citeseer_pair_0.3 | acc=0.5310  (42.1s)  knn=d  k=  1  dexp=9.75  p_grd=0.489  unc_rem=0.536  unc_rel=0.800  drop=0.26  h=128  L=2  lr=0.1  wd=0.05
  [Trial  45] citeseer_pair_0.3 | acc=0.5560  (42.6s)  knn=d  k=  1  dexp=9.10  p_grd=0.439  unc_rem=0.367  unc_rel=0.901  drop=0.64  h=128  L=3  lr=0.1  wd=0.05
  [Trial  46] citeseer_pair_0.3 | acc=0.4980  (47.3s)  knn=d  k= 15  dexp=6.97  p_grd=0.341  unc_rem=0.479  unc_rel=0.886  drop=0.64  h=128  L=3  lr=0.1  wd=0.05
  [Trial  47] citeseer_pair_0.3 | acc=0.2270  (39.1s)  knn=d  k=  1  dexp=6.28  p_grd=0.373  unc_rem=0.167  unc_rel=0.500  drop=0.46  h=32  L=1  lr=1e-05  wd=0.05
  [Trial  48] citeseer_pair_0.3 | acc=0.5220  (37.0s)  knn=s  k= 50  dexp=7.86  p_grd=0.478  unc_rem=0.219  unc_rel=0.614  drop=0.49  h=128  L=3  lr=0.05  wd=0.01
  [Trial  49] citeseer_pair_0.3 | acc=0.5030  (33.1s)  knn=p  k=  4  dexp=8.90  p_grd=0.416  unc_rem=0.263  unc_rel=0.851  drop=0.39  h=16  L=3  lr=0.1  wd=0.05
  [Trial  50] citeseer_pair_0.3 | acc=0.5270  (46.3s)  knn=d  k= 18  dexp=4.42  p_grd=0.447  unc_rem=0.386  unc_rel=0.269  drop=0.46  h=128  L=3  lr=0.005  wd=0.05
  [Trial  51] citeseer_pair_0.3 | acc=0.4860  (37.1s)  knn=d  k= 11  dexp=6.52  p_grd=0.207  unc_rem=0.138  unc_rel=0.478  drop=0.30  h=128  L=3  lr=0.1  wd=0.0005
  [Trial  52] citeseer_pair_0.3 | acc=0.5180  (36.9s)  knn=p  k=  1  dexp=8.87  p_grd=0.497  unc_rem=0.183  unc_rel=0.675  drop=0.72  h=128  L=1  lr=0.1  wd=0.05
  [Trial  53] citeseer_pair_0.3 | acc=0.5460  (32.9s)  knn=d  k=  1  dexp=8.71  p_grd=0.294  unc_rem=0.129  unc_rel=0.493  drop=0.48  h=128  L=3  lr=0.0005  wd=0.05
  [Trial  54] citeseer_pair_0.3 | acc=0.5260  (35.6s)  knn=p  k=  5  dexp=9.57  p_grd=0.303  unc_rem=0.595  unc_rel=0.652  drop=0.47  h=128  L=3  lr=0.01  wd=5e-05
  [Trial  55] citeseer_pair_0.3 | acc=0.4080  (42.6s)  knn=d  k=  1  dexp=6.07  p_grd=0.444  unc_rem=0.415  unc_rel=0.758  drop=0.47  h=64  L=4  lr=0.1  wd=1e-05
  [Trial  56] citeseer_pair_0.3 | acc=0.4930  (34.5s)  knn=d  k=  4  dexp=8.44  p_grd=0.446  unc_rem=0.569  unc_rel=0.650  drop=0.74  h=128  L=2  lr=0.001  wd=0.0001
  [Trial  57] citeseer_pair_0.3 | acc=0.5010  (32.1s)  knn=d  k=  1  dexp=7.59  p_grd=0.353  unc_rem=0.088  unc_rel=0.635  drop=0.56  h=128  L=3  lr=0.0001  wd=0.0005
  [Trial  58] citeseer_pair_0.3 | acc=0.4670  (29.7s)  knn=d  k=  5  dexp=9.81  p_grd=0.419  unc_rem=0.080  unc_rel=0.979  drop=0.71  h=128  L=3  lr=0.1  wd=0.005
  [Trial  59] citeseer_pair_0.3 | acc=0.5130  (34.0s)  knn=d  k=  1  dexp=6.38  p_grd=0.474  unc_rem=0.068  unc_rel=0.580  drop=0.28  h=128  L=2  lr=0.05  wd=0.0005
  [Trial  60] citeseer_pair_0.3 | acc=0.5050  (36.3s)  knn=d  k= 13  dexp=7.73  p_grd=0.476  unc_rem=0.350  unc_rel=0.891  drop=0.73  h=64  L=3  lr=0.0005  wd=0.0005
  [Trial  61] citeseer_pair_0.3 | acc=0.5370  (36.4s)  knn=d  k=  5  dexp=8.08  p_grd=0.466  unc_rem=0.328  unc_rel=0.651  drop=0.72  h=128  L=3  lr=0.005  wd=0.05
  [Trial  62] citeseer_pair_0.3 | acc=0.2680  (32.4s)  knn=s  k= 15  dexp=6.98  p_grd=0.475  unc_rem=0.290  unc_rel=0.443  drop=0.60  h=128  L=4  lr=0.1  wd=5e-05
  [Trial  63] citeseer_pair_0.3 | acc=0.2310  (31.6s)  knn=d  k=  1  dexp=7.53  p_grd=0.463  unc_rem=0.062  unc_rel=0.610  drop=0.55  h=16  L=4  lr=0.1  wd=0.05
  [Trial  64] citeseer_pair_0.3 | acc=0.5010  (29.0s)  knn=u  k=-    dexp=6.68  p_grd=0.442  unc_rem=0.085  unc_rel=0.979  drop=0.19  h=128  L=3  lr=0.0001  wd=0.001
  [Trial  65] citeseer_pair_0.3 | acc=0.4520  (27.8s)  knn=d  k=  1  dexp=8.31  p_grd=0.351  unc_rem=0.135  unc_rel=0.434  drop=0.17  h=128  L=1  lr=0.0001  wd=0.05
  [Trial  66] citeseer_pair_0.3 | acc=0.3500  (25.0s)  knn=d  k=  1  dexp=8.49  p_grd=0.423  unc_rem=0.373  unc_rel=0.527  drop=0.26  h=16  L=3  lr=0.0001  wd=0.05
  [Trial  67] citeseer_pair_0.3 | acc=0.4090  (36.6s)  knn=d  k=  4  dexp=8.61  p_grd=0.429  unc_rem=0.273  unc_rel=0.865  drop=0.62  h=32  L=3  lr=0.0001  wd=0.05
  [Trial  68] citeseer_pair_0.3 | acc=0.5720  (33.3s)  knn=d  k=  1  dexp=7.08  p_grd=0.445  unc_rem=0.030  unc_rel=0.427  drop=0.73  h=128  L=3  lr=0.1  wd=0.05
  [Trial  69] citeseer_pair_0.3 | acc=0.4230  (29.0s)  knn=d  k=  1  dexp=4.20  p_grd=0.458  unc_rem=0.101  unc_rel=0.422  drop=0.78  h=64  L=1  lr=0.0001  wd=0.05
  [Trial  70] citeseer_pair_0.3 | acc=0.4890  (31.3s)  knn=d  k=  4  dexp=9.91  p_grd=0.492  unc_rem=0.190  unc_rel=0.683  drop=0.53  h=128  L=2  lr=0.0001  wd=5e-05
  [Trial  71] citeseer_pair_0.3 | acc=0.5700  (28.9s)  knn=u  k=-    dexp=9.66  p_grd=0.361  unc_rem=0.616  unc_rel=0.275  drop=0.78  h=128  L=3  lr=0.1  wd=0.05
  [Trial  72] citeseer_pair_0.3 | acc=0.5130  (30.2s)  knn=d  k=  1  dexp=9.00  p_grd=0.272  unc_rem=0.431  unc_rel=0.366  drop=0.72  h=128  L=3  lr=0.1  wd=0.01
  [Trial  73] citeseer_pair_0.3 | acc=0.4590  (29.4s)  knn=u  k=-    dexp=9.17  p_grd=0.206  unc_rem=0.601  unc_rel=0.095  drop=0.80  h=128  L=3  lr=0.1  wd=0.05
  [Trial  74] citeseer_pair_0.3 | acc=0.4860  (25.8s)  knn=u  k=-    dexp=7.33  p_grd=0.442  unc_rem=0.531  unc_rel=0.358  drop=0.75  h=16  L=3  lr=0.1  wd=0.05
  [Trial  75] citeseer_pair_0.3 | acc=0.3390  (28.9s)  knn=u  k=-    dexp=4.92  p_grd=0.456  unc_rem=0.101  unc_rel=0.436  drop=0.85  h=128  L=3  lr=0.1  wd=0.1
  [Trial  76] citeseer_pair_0.3 | acc=0.5590  (36.5s)  knn=s  k= 30  dexp=9.06  p_grd=0.483  unc_rem=0.449  unc_rel=0.445  drop=0.89  h=128  L=3  lr=0.1  wd=0.05
  [Trial  77] citeseer_pair_0.3 | acc=0.5170  (30.4s)  knn=s  k= 30  dexp=8.35  p_grd=0.465  unc_rem=0.367  unc_rel=0.479  drop=0.86  h=128  L=3  lr=0.1  wd=0.05
  [Trial  78] citeseer_pair_0.3 | acc=0.4450  (23.7s)  knn=u  k=-    dexp=7.83  p_grd=0.354  unc_rem=0.795  unc_rel=0.298  drop=0.78  h=32  L=3  lr=0.0001  wd=0.005
  [Trial  79] citeseer_pair_0.3 | acc=0.4600  (32.6s)  knn=s  k= 25  dexp=9.67  p_grd=0.494  unc_rem=0.521  unc_rel=0.525  drop=0.89  h=128  L=1  lr=0.05  wd=0.0005
  [Trial  80] citeseer_pair_0.3 | acc=0.3140  (36.3s)  knn=d  k= 24  dexp=6.43  p_grd=0.443  unc_rem=0.147  unc_rel=0.638  drop=0.88  h=128  L=4  lr=0.05  wd=0.0001
  [Trial  81] citeseer_pair_0.3 | acc=0.5370  (30.1s)  knn=d  k= 24  dexp=6.92  p_grd=0.422  unc_rem=0.066  unc_rel=0.708  drop=0.47  h=128  L=3  lr=0.1  wd=0.05
  [Trial  82] citeseer_pair_0.3 | acc=0.4960  (32.5s)  knn=p  k=  4  dexp=9.07  p_grd=0.385  unc_rem=0.036  unc_rel=0.452  drop=0.56  h=128  L=3  lr=0.1  wd=0.0001
  [Trial  83] citeseer_pair_0.3 | acc=0.5280  (35.0s)  knn=u  k=-    dexp=9.95  p_grd=0.440  unc_rem=0.596  unc_rel=0.283  drop=0.52  h=128  L=3  lr=0.005  wd=1e-05
  [Trial  84] citeseer_pair_0.3 | acc=0.5350  (30.0s)  knn=d  k=  1  dexp=5.19  p_grd=0.423  unc_rem=0.037  unc_rel=0.313  drop=0.77  h=128  L=3  lr=0.1  wd=0.05
  [Trial  85] citeseer_pair_0.3 | acc=0.4110  (31.2s)  knn=u  k=-    dexp=9.44  p_grd=0.427  unc_rem=0.273  unc_rel=0.098  drop=0.86  h=128  L=3  lr=0.1  wd=0.0001
  [Trial  86] citeseer_pair_0.3 | acc=0.5040  (30.7s)  knn=u  k=-    dexp=8.18  p_grd=0.460  unc_rem=0.190  unc_rel=0.811  drop=0.79  h=128  L=3  lr=0.0001  wd=0.05
  [Trial  87] citeseer_pair_0.3 | acc=0.5220  (32.8s)  knn=p  k= 24  dexp=9.83  p_grd=0.312  unc_rem=0.354  unc_rel=0.334  drop=0.77  h=128  L=3  lr=0.05  wd=0.05
  [Trial  88] citeseer_pair_0.3 | acc=0.4870  (33.0s)  knn=d  k= 24  dexp=9.56  p_grd=0.454  unc_rem=0.446  unc_rel=0.637  drop=0.49  h=128  L=1  lr=0.05  wd=0.05
  [Trial  89] citeseer_pair_0.3 | acc=0.4830  (35.5s)  knn=d  k=  1  dexp=7.77  p_grd=0.453  unc_rem=0.303  unc_rel=0.729  drop=0.53  h=16  L=3  lr=0.001  wd=1e-05
  [Trial  90] citeseer_pair_0.3 | acc=0.5250  (28.1s)  knn=s  k=  5  dexp=7.62  p_grd=0.380  unc_rem=0.175  unc_rel=0.596  drop=0.44  h=128  L=3  lr=0.0001  wd=0.05
  [Trial  91] citeseer_pair_0.3 | acc=0.4720  (31.6s)  knn=d  k=  1  dexp=7.67  p_grd=0.409  unc_rem=0.192  unc_rel=0.469  drop=0.70  h=64  L=3  lr=0.1  wd=5e-05
  [Trial  92] citeseer_pair_0.3 | acc=0.5600  (33.1s)  knn=d  k=  1  dexp=9.79  p_grd=0.482  unc_rem=0.284  unc_rel=0.668  drop=0.14  h=128  L=3  lr=0.0001  wd=0.05
  [Trial  93] citeseer_pair_0.3 | acc=0.5540  (30.1s)  knn=d  k=  1  dexp=8.54  p_grd=0.498  unc_rem=0.064  unc_rel=0.449  drop=0.58  h=128  L=3  lr=0.0001  wd=0.05
  [Trial  94] citeseer_pair_0.3 | acc=0.5260  (32.5s)  knn=d  k=  1  dexp=8.08  p_grd=0.441  unc_rem=0.356  unc_rel=0.205  drop=0.53  h=128  L=3  lr=0.0001  wd=0.001
  [Trial  95] citeseer_pair_0.3 | acc=0.3060  (30.5s)  knn=s  k= 35  dexp=8.27  p_grd=0.489  unc_rem=0.046  unc_rel=0.134  drop=0.76  h=16  L=3  lr=0.0001  wd=0.05
  [Trial  96] citeseer_pair_0.3 | acc=0.2030  (28.3s)  knn=s  k= 40  dexp=9.29  p_grd=0.402  unc_rem=0.850  unc_rel=0.298  drop=0.80  h=128  L=4  lr=0.1  wd=1e-05
  [Trial  97] citeseer_pair_0.3 | acc=0.4690  (36.7s)  knn=d  k= 10  dexp=9.95  p_grd=0.453  unc_rem=0.147  unc_rel=0.265  drop=0.71  h=128  L=1  lr=0.1  wd=5e-05
  [Trial  98] citeseer_pair_0.3 | acc=0.4750  (33.4s)  knn=s  k= 15  dexp=8.06  p_grd=0.452  unc_rem=0.587  unc_rel=0.393  drop=0.84  h=64  L=3  lr=0.005  wd=0.05
  [Trial  99] citeseer_pair_0.3 | acc=0.4950  (25.6s)  knn=u  k=-    dexp=9.70  p_grd=0.350  unc_rem=0.970  unc_rel=0.073  drop=0.78  h=64  L=1  lr=0.1  wd=0.05
  [Trial 100] citeseer_pair_0.3 | acc=0.4970  (30.4s)  knn=u  k=-    dexp=8.38  p_grd=0.492  unc_rem=0.885  unc_rel=0.205  drop=0.74  h=128  L=3  lr=0.1  wd=0.05
  [Trial 101] citeseer_pair_0.3 | acc=0.5350  (39.8s)  knn=d  k=  4  dexp=7.98  p_grd=0.434  unc_rem=0.293  unc_rel=0.994  drop=0.17  h=128  L=3  lr=0.0001  wd=0.005
  [Trial 102] citeseer_pair_0.3 | acc=0.5230  (37.9s)  knn=d  k=  1  dexp=9.74  p_grd=0.401  unc_rem=0.204  unc_rel=0.431  drop=0.71  h=128  L=3  lr=0.0001  wd=0.0001
  [Trial 103] citeseer_pair_0.3 | acc=0.5080  (33.5s)  knn=d  k=  1  dexp=9.79  p_grd=0.388  unc_rem=0.247  unc_rel=0.443  drop=0.66  h=128  L=4  lr=0.01  wd=0.05
  [Trial 104] citeseer_pair_0.3 | acc=0.5500  (30.8s)  knn=d  k=  4  dexp=8.74  p_grd=0.401  unc_rem=0.543  unc_rel=0.500  drop=0.37  h=128  L=3  lr=0.1  wd=0.05
  [Trial 105] citeseer_pair_0.3 | acc=0.5290  (38.6s)  knn=s  k= 15  dexp=7.37  p_grd=0.469  unc_rem=0.622  unc_rel=0.110  drop=0.81  h=128  L=3  lr=0.001  wd=0.005
  [Trial 106] citeseer_pair_0.3 | acc=0.5270  (31.7s)  knn=p  k=  1  dexp=5.13  p_grd=0.376  unc_rem=0.193  unc_rel=0.397  drop=0.50  h=32  L=3  lr=0.01  wd=0.05
  [Trial 107] citeseer_pair_0.3 | acc=0.2080  (32.8s)  knn=d  k=  4  dexp=9.39  p_grd=0.421  unc_rem=0.585  unc_rel=0.914  drop=0.76  h=16  L=4  lr=1e-05  wd=0.05
  [Trial 108] citeseer_pair_0.3 | acc=0.4800  (31.6s)  knn=s  k= 15  dexp=9.97  p_grd=0.488  unc_rem=0.474  unc_rel=0.572  drop=0.64  h=16  L=3  lr=0.1  wd=0.001
  [Trial 109] citeseer_pair_0.3 | acc=0.4340  (30.7s)  knn=d  k=  1  dexp=9.38  p_grd=0.450  unc_rem=0.489  unc_rel=0.761  drop=0.73  h=128  L=3  lr=0.1  wd=5e-05
  [Trial 110] citeseer_pair_0.3 | acc=0.3740  (32.5s)  knn=u  k=-    dexp=9.15  p_grd=0.262  unc_rem=0.071  unc_rel=0.621  drop=0.29  h=32  L=3  lr=0.0001  wd=0.05
  [Trial 111] citeseer_pair_0.3 | acc=0.4470  (31.9s)  knn=d  k=  4  dexp=8.43  p_grd=0.418  unc_rem=0.051  unc_rel=0.700  drop=0.65  h=128  L=1  lr=0.0001  wd=0.05
  [Trial 112] citeseer_pair_0.3 | acc=0.4930  (28.0s)  knn=d  k=  1  dexp=5.95  p_grd=0.310  unc_rem=0.318  unc_rel=0.592  drop=0.46  h=128  L=2  lr=0.0001  wd=0.05
  [Trial 113] citeseer_pair_0.3 | acc=0.5460  (54.1s)  knn=d  k=  1  dexp=7.99  p_grd=0.475  unc_rem=0.402  unc_rel=0.747  drop=0.16  h=128  L=3  lr=0.0001  wd=0.05
  [Trial 114] citeseer_pair_0.3 | acc=0.5400  (37.5s)  knn=d  k=  1  dexp=8.57  p_grd=0.467  unc_rem=0.148  unc_rel=0.557  drop=0.55  h=128  L=3  lr=0.0001  wd=0.05
  [Trial 115] citeseer_pair_0.3 | acc=0.5090  (40.5s)  knn=d  k=  4  dexp=9.83  p_grd=0.452  unc_rem=0.024  unc_rel=0.442  drop=0.20  h=128  L=3  lr=0.0001  wd=0.0001
  [Trial 116] citeseer_pair_0.3 | acc=0.5360  (33.1s)  knn=u  k=-    dexp=9.64  p_grd=0.402  unc_rem=0.183  unc_rel=0.550  drop=0.28  h=128  L=3  lr=0.0001  wd=0.05
  [Trial 117] citeseer_pair_0.3 | acc=0.5170  (30.8s)  knn=d  k=  1  dexp=6.98  p_grd=0.376  unc_rem=0.227  unc_rel=0.593  drop=0.20  h=32  L=3  lr=0.05  wd=0.05
  [Trial 118] citeseer_pair_0.3 | acc=0.3000  (33.7s)  knn=d  k=  1  dexp=7.70  p_grd=0.469  unc_rem=0.304  unc_rel=0.287  drop=0.18  h=128  L=3  lr=1e-05  wd=0.05
  [Trial 119] citeseer_pair_0.3 | acc=0.4690  (35.3s)  knn=d  k=  4  dexp=8.61  p_grd=0.340  unc_rem=0.249  unc_rel=0.497  drop=0.71  h=16  L=3  lr=0.05  wd=0.05
  [Trial 120] citeseer_pair_0.3 | acc=0.5470  (28.1s)  knn=u  k=-    dexp=7.30  p_grd=0.354  unc_rem=0.607  unc_rel=0.448  drop=0.80  h=128  L=3  lr=0.0005  wd=0.05
  [Trial 121] citeseer_pair_0.3 | acc=0.5570  (31.6s)  knn=d  k=  1  dexp=9.50  p_grd=0.374  unc_rem=0.130  unc_rel=0.486  drop=0.14  h=128  L=3  lr=0.0001  wd=0.05
  [Trial 122] citeseer_pair_0.3 | acc=0.5430  (33.7s)  knn=p  k=  1  dexp=9.94  p_grd=0.372  unc_rem=0.089  unc_rel=0.875  drop=0.86  h=128  L=3  lr=0.0005  wd=0.05
  [Trial 123] citeseer_pair_0.3 | acc=0.5300  (31.6s)  knn=d  k=  1  dexp=9.16  p_grd=0.207  unc_rem=0.133  unc_rel=0.335  drop=0.24  h=128  L=3  lr=0.0001  wd=0.1
  [Trial 124] citeseer_pair_0.3 | acc=0.3370  (30.6s)  knn=d  k=  4  dexp=9.35  p_grd=0.296  unc_rem=0.234  unc_rel=0.850  drop=0.81  h=16  L=3  lr=0.0001  wd=0.001
  [Trial 125] citeseer_pair_0.3 | acc=0.5390  (32.4s)  knn=d  k=  1  dexp=6.01  p_grd=0.412  unc_rem=0.087  unc_rel=0.486  drop=0.18  h=128  L=3  lr=0.0001  wd=0.05
  [Trial 126] citeseer_pair_0.3 | acc=0.3840  (37.1s)  knn=d  k=  4  dexp=7.91  p_grd=0.414  unc_rem=0.391  unc_rel=0.964  drop=0.50  h=128  L=4  lr=0.1  wd=0.0005
  [Trial 127] citeseer_pair_0.3 | acc=0.5450  (32.3s)  knn=d  k=  1  dexp=8.44  p_grd=0.439  unc_rem=0.037  unc_rel=0.808  drop=0.69  h=128  L=3  lr=0.0001  wd=0.01
  [Trial 128] citeseer_pair_0.3 | acc=0.3490  (32.3s)  knn=d  k=  1  dexp=7.46  p_grd=0.383  unc_rem=0.019  unc_rel=0.626  drop=0.65  h=128  L=4  lr=0.1  wd=1e-05
  [Trial 129] citeseer_pair_0.3 | acc=0.1740  (28.5s)  knn=u  k=-    dexp=9.18  p_grd=0.374  unc_rem=0.664  unc_rel=0.341  drop=0.74  h=32  L=4  lr=0.1  wd=0.1
  [Trial 130] citeseer_pair_0.3 | acc=0.4450  (60.7s)  knn=u  k=-    dexp=8.50  p_grd=0.345  unc_rem=0.484  unc_rel=0.246  drop=0.84  h=128  L=1  lr=0.01  wd=0.05
  [Trial 131] citeseer_pair_0.3 | acc=0.4670  (31.2s)  knn=u  k=-    dexp=9.69  p_grd=0.331  unc_rem=0.630  unc_rel=0.292  drop=0.87  h=128  L=3  lr=0.001  wd=0.0005
  [Trial 132] citeseer_pair_0.3 | acc=0.5150  (32.6s)  knn=p  k=  1  dexp=4.74  p_grd=0.496  unc_rem=0.233  unc_rel=0.618  drop=0.32  h=128  L=3  lr=0.05  wd=0.005
  [Trial 133] citeseer_pair_0.3 | acc=0.5480  (37.2s)  knn=p  k=  4  dexp=7.33  p_grd=0.430  unc_rem=0.086  unc_rel=0.424  drop=0.10  h=128  L=3  lr=0.0001  wd=0.001
  [Trial 134] citeseer_pair_0.3 | acc=0.5000  (36.8s)  knn=d  k=  1  dexp=9.23  p_grd=0.412  unc_rem=0.257  unc_rel=0.644  drop=0.20  h=128  L=3  lr=0.05  wd=0.01
  [Trial 135] citeseer_pair_0.3 | acc=0.5070  (47.2s)  knn=d  k=  1  dexp=8.55  p_grd=0.321  unc_rem=0.340  unc_rel=0.334  drop=0.28  h=64  L=4  lr=0.001  wd=0.05
  [Trial 136] citeseer_pair_0.3 | acc=0.5510  (36.6s)  knn=p  k=  4  dexp=9.75  p_grd=0.482  unc_rem=0.065  unc_rel=0.222  drop=0.69  h=128  L=3  lr=0.0001  wd=0.05
  [Trial 137] citeseer_pair_0.3 | acc=0.5260  (29.0s)  knn=u  k=-    dexp=9.83  p_grd=0.457  unc_rem=0.462  unc_rel=0.993  drop=0.77  h=128  L=3  lr=0.1  wd=0.05
  [Trial 138] citeseer_pair_0.3 | acc=0.5230  (35.9s)  knn=p  k=  7  dexp=6.29  p_grd=0.434  unc_rem=0.281  unc_rel=0.238  drop=0.79  h=128  L=3  lr=0.0001  wd=1e-05
  [Trial 139] citeseer_pair_0.3 | acc=0.5230  (35.6s)  knn=p  k=  5  dexp=9.68  p_grd=0.472  unc_rem=0.115  unc_rel=0.102  drop=0.70  h=128  L=3  lr=0.0001  wd=0.0001
  [Trial 140] citeseer_pair_0.3 | acc=0.5180  (33.0s)  knn=p  k=  5  dexp=9.66  p_grd=0.477  unc_rem=0.155  unc_rel=0.431  drop=0.69  h=128  L=3  lr=0.01  wd=0.05
  [Trial 141] citeseer_pair_0.3 | acc=0.3020  (34.5s)  knn=d  k=  4  dexp=9.35  p_grd=0.343  unc_rem=0.301  unc_rel=0.699  drop=0.27  h=128  L=3  lr=1e-05  wd=0.05
  [Trial 142] citeseer_pair_0.3 | acc=0.4790  (32.6s)  knn=d  k=  1  dexp=9.98  p_grd=0.437  unc_rem=0.254  unc_rel=0.555  drop=0.13  h=128  L=2  lr=0.0001  wd=0.001
  [Trial 143] citeseer_pair_0.3 | acc=0.5640  (30.1s)  knn=p  k=  4  dexp=8.25  p_grd=0.359  unc_rem=0.081  unc_rel=0.132  drop=0.56  h=128  L=3  lr=0.001  wd=0.05
  [Trial 144] citeseer_pair_0.3 | acc=0.5550  (51.2s)  knn=p  k=  8  dexp=8.30  p_grd=0.342  unc_rem=0.243  unc_rel=0.238  drop=0.67  h=128  L=3  lr=0.0001  wd=0.05
  [Trial 145] citeseer_pair_0.3 | acc=0.5230  (30.5s)  knn=u  k=-    dexp=9.82  p_grd=0.379  unc_rem=0.749  unc_rel=0.279  drop=0.69  h=64  L=3  lr=0.1  wd=0.01
  [Trial 146] citeseer_pair_0.3 | acc=0.5140  (35.5s)  knn=p  k= 12  dexp=4.02  p_grd=0.215  unc_rem=0.310  unc_rel=0.033  drop=0.62  h=128  L=4  lr=0.001  wd=0.05
  [Trial 147] citeseer_pair_0.3 | acc=0.5320  (35.8s)  knn=p  k=  9  dexp=5.94  p_grd=0.469  unc_rem=0.011  unc_rel=0.328  drop=0.58  h=128  L=3  lr=0.001  wd=0.001
  [Trial 148] citeseer_pair_0.3 | acc=0.4930  (27.8s)  knn=p  k= 10  dexp=9.26  p_grd=0.206  unc_rem=0.119  unc_rel=0.016  drop=0.64  h=128  L=2  lr=0.001  wd=1e-05
  [Trial 149] citeseer_pair_0.3 | acc=0.5110  (28.3s)  knn=s  k= 15  dexp=8.55  p_grd=0.410  unc_rem=0.377  unc_rel=0.043  drop=0.84  h=128  L=1  lr=0.1  wd=0.05
  [Trial 150] citeseer_pair_0.3 | acc=0.5130  (33.2s)  knn=p  k=  8  dexp=8.57  p_grd=0.406  unc_rem=0.262  unc_rel=0.027  drop=0.62  h=128  L=2  lr=0.001  wd=0.05
  [Trial 151] citeseer_pair_0.3 | acc=0.5150  (29.4s)  knn=d  k=  4  dexp=9.79  p_grd=0.477  unc_rem=0.243  unc_rel=0.463  drop=0.39  h=128  L=2  lr=0.001  wd=0.05
  [Trial 152] citeseer_pair_0.3 | acc=0.4380  (36.6s)  knn=p  k=  7  dexp=8.84  p_grd=0.286  unc_rem=0.167  unc_rel=0.313  drop=0.70  h=128  L=4  lr=0.0001  wd=0.05
  [Trial 153] citeseer_pair_0.3 | acc=0.5580  (35.1s)  knn=p  k= 24  dexp=8.26  p_grd=0.295  unc_rem=0.177  unc_rel=0.190  drop=0.62  h=128  L=3  lr=0.0001  wd=0.05
  [Trial 154] citeseer_pair_0.3 | acc=0.3260  (30.8s)  knn=p  k=  1  dexp=8.81  p_grd=0.339  unc_rem=0.449  unc_rel=0.163  drop=0.71  h=16  L=3  lr=0.0001  wd=0.05
  [Trial 155] citeseer_pair_0.3 | acc=0.5710  (32.5s)  knn=p  k= 24  dexp=7.03  p_grd=0.268  unc_rem=0.293  unc_rel=0.087  drop=0.43  h=128  L=3  lr=0.001  wd=0.05
  [Trial 156] citeseer_pair_0.3 | acc=0.4200  (31.5s)  knn=p  k= 22  dexp=8.31  p_grd=0.137  unc_rem=0.301  unc_rel=0.104  drop=0.32  h=128  L=3  lr=0.001  wd=0.05
  [Trial 157] citeseer_pair_0.3 | acc=0.5360  (30.7s)  knn=u  k=-    dexp=5.80  p_grd=0.224  unc_rem=0.405  unc_rel=0.123  drop=0.42  h=128  L=3  lr=0.001  wd=0.001
  [Trial 158] citeseer_pair_0.3 | acc=0.3010  (37.3s)  knn=p  k= 23  dexp=5.94  p_grd=0.325  unc_rem=0.280  unc_rel=0.282  drop=0.42  h=128  L=3  lr=1e-05  wd=0.05
  [Trial 159] citeseer_pair_0.3 | acc=0.4080  (34.1s)  knn=p  k= 20  dexp=7.85  p_grd=0.286  unc_rem=0.125  unc_rel=0.293  drop=0.85  h=32  L=3  lr=0.0001  wd=5e-05
  [Trial 160] citeseer_pair_0.3 | acc=0.3960  (26.7s)  knn=u  k=-    dexp=8.03  p_grd=0.225  unc_rem=0.046  unc_rel=0.297  drop=0.65  h=128  L=3  lr=0.0001  wd=0.05
  [Trial 161] citeseer_pair_0.3 | acc=0.4600  (35.6s)  knn=p  k= 23  dexp=6.98  p_grd=0.166  unc_rem=0.154  unc_rel=0.560  drop=0.88  h=128  L=3  lr=0.0001  wd=0.001
  [Trial 162] citeseer_pair_0.3 | acc=0.5460  (31.1s)  knn=p  k= 24  dexp=9.88  p_grd=0.302  unc_rem=0.481  unc_rel=0.370  drop=0.56  h=128  L=3  lr=0.0001  wd=0.1
  [Trial 163] citeseer_pair_0.3 | acc=0.5100  (37.0s)  knn=d  k=  1  dexp=9.55  p_grd=0.496  unc_rem=0.319  unc_rel=0.703  drop=0.14  h=128  L=3  lr=0.005  wd=5e-05
  [Trial 164] citeseer_pair_0.3 | acc=0.5570  (43.1s)  knn=p  k= 24  dexp=5.92  p_grd=0.208  unc_rem=0.351  unc_rel=0.384  drop=0.63  h=128  L=3  lr=0.0001  wd=0.05
  [Trial 165] citeseer_pair_0.3 | acc=0.5720  (38.5s)  knn=p  k= 24  dexp=6.89  p_grd=0.187  unc_rem=0.463  unc_rel=0.398  drop=0.53  h=128  L=3  lr=0.0001  wd=0.05
  [Trial 166] citeseer_pair_0.3 | acc=0.2310  (34.3s)  knn=p  k= 24  dexp=4.61  p_grd=0.114  unc_rem=0.460  unc_rel=0.415  drop=0.64  h=128  L=3  lr=0.0001  wd=0.05
  [Trial 167] citeseer_pair_0.3 | acc=0.2120  (28.5s)  knn=p  k= 24  dexp=7.15  p_grd=0.220  unc_rem=0.714  unc_rel=0.368  drop=0.72  h=128  L=1  lr=1e-05  wd=0.05
  [Trial 168] citeseer_pair_0.3 | acc=0.5450  (33.7s)  knn=d  k= 24  dexp=5.72  p_grd=0.315  unc_rem=0.402  unc_rel=0.016  drop=0.78  h=128  L=3  lr=0.0001  wd=0.05
  [Trial 169] citeseer_pair_0.3 | acc=0.5590  (32.1s)  knn=p  k= 20  dexp=6.50  p_grd=0.325  unc_rem=0.012  unc_rel=0.110  drop=0.55  h=128  L=3  lr=0.001  wd=0.05
  [Trial 170] citeseer_pair_0.3 | acc=0.5160  (35.4s)  knn=p  k= 20  dexp=6.55  p_grd=0.226  unc_rem=0.099  unc_rel=0.079  drop=0.58  h=64  L=3  lr=0.001  wd=0.05
  [Trial 171] citeseer_pair_0.3 | acc=0.5510  (43.0s)  knn=p  k= 19  dexp=8.24  p_grd=0.217  unc_rem=0.306  unc_rel=0.124  drop=0.70  h=128  L=3  lr=0.0001  wd=0.05
  [Trial 172] citeseer_pair_0.3 | acc=0.5770  (37.8s)  knn=p  k= 21  dexp=8.16  p_grd=0.371  unc_rem=0.194  unc_rel=0.045  drop=0.40  h=128  L=3  lr=0.001  wd=0.05
  [Trial 173] citeseer_pair_0.3 | acc=0.5730  (34.4s)  knn=p  k= 21  dexp=7.07  p_grd=0.442  unc_rem=0.068  unc_rel=0.180  drop=0.63  h=128  L=3  lr=0.001  wd=0.05
  [Trial 174] citeseer_pair_0.3 | acc=0.4880  (34.2s)  knn=p  k= 21  dexp=8.68  p_grd=0.343  unc_rem=0.111  unc_rel=0.104  drop=0.44  h=16  L=1  lr=0.001  wd=0.05
  [Trial 175] citeseer_pair_0.3 | acc=0.5660  (38.5s)  knn=p  k= 20  dexp=6.48  p_grd=0.320  unc_rem=0.165  unc_rel=0.093  drop=0.50  h=128  L=3  lr=0.001  wd=0.1
  [Trial 176] citeseer_pair_0.3 | acc=0.5710  (33.5s)  knn=p  k= 20  dexp=6.95  p_grd=0.314  unc_rem=0.145  unc_rel=0.085  drop=0.44  h=128  L=3  lr=0.001  wd=0.1
  [Trial 177] citeseer_pair_0.3 | acc=0.5770  (37.3s)  knn=p  k= 19  dexp=8.63  p_grd=0.399  unc_rem=0.164  unc_rel=0.228  drop=0.27  h=128  L=3  lr=0.001  wd=0.05
  [Trial 178] citeseer_pair_0.3 | acc=0.5160  (32.9s)  knn=p  k= 19  dexp=7.03  p_grd=0.392  unc_rem=0.049  unc_rel=0.053  drop=0.40  h=128  L=3  lr=0.01  wd=1e-05
  [Trial 179] citeseer_pair_0.3 | acc=0.5810  (36.6s)  knn=p  k= 19  dexp=9.18  p_grd=0.421  unc_rem=0.356  unc_rel=0.139  drop=0.19  h=128  L=3  lr=0.001  wd=0.05
  [Trial 180] citeseer_pair_0.3 | acc=0.5740  (39.2s)  knn=p  k= 19  dexp=7.80  p_grd=0.360  unc_rem=0.022  unc_rel=0.041  drop=0.52  h=128  L=3  lr=0.001  wd=0.1
  [Trial 181] citeseer_pair_0.3 | acc=0.5760  (42.2s)  knn=p  k= 19  dexp=6.64  p_grd=0.484  unc_rem=0.544  unc_rel=0.258  drop=0.32  h=128  L=3  lr=0.001  wd=0.05
  [Trial 182] citeseer_pair_0.3 | acc=0.5820  (93.1s)  knn=p  k= 19  dexp=7.57  p_grd=0.397  unc_rem=0.633  unc_rel=0.364  drop=0.19  h=128  L=3  lr=0.001  wd=0.05
  [Trial 183] citeseer_pair_0.3 | acc=0.5750  (85.7s)  knn=p  k= 18  dexp=5.57  p_grd=0.444  unc_rem=0.705  unc_rel=0.224  drop=0.32  h=128  L=3  lr=0.001  wd=0.05
  [Trial 184] citeseer_pair_0.3 | acc=0.5180  (33.0s)  knn=p  k= 18  dexp=5.25  p_grd=0.353  unc_rem=0.639  unc_rel=0.392  drop=0.23  h=32  L=3  lr=0.001  wd=0.05
  [Trial 185] citeseer_pair_0.3 | acc=0.5780  (33.5s)  knn=p  k= 19  dexp=8.67  p_grd=0.396  unc_rem=0.346  unc_rel=0.274  drop=0.27  h=128  L=3  lr=0.001  wd=0.05
  [Trial 186] citeseer_pair_0.3 | acc=0.4840  (42.2s)  knn=p  k= 18  dexp=5.51  p_grd=0.422  unc_rem=0.113  unc_rel=0.166  drop=0.35  h=16  L=3  lr=0.001  wd=0.1
  [Trial 187] citeseer_pair_0.3 | acc=0.5400  (35.4s)  knn=p  k= 19  dexp=9.35  p_grd=0.499  unc_rem=0.514  unc_rel=0.180  drop=0.21  h=128  L=3  lr=0.01  wd=0.05
  [Trial 188] citeseer_pair_0.3 | acc=0.5360  (71.2s)  knn=p  k= 19  dexp=7.98  p_grd=0.266  unc_rem=0.247  unc_rel=0.019  drop=0.31  h=128  L=3  lr=0.005  wd=0.1
  [Trial 189] citeseer_pair_0.3 | acc=0.5550  (32.4s)  knn=p  k= 19  dexp=6.15  p_grd=0.400  unc_rem=0.681  unc_rel=0.151  drop=0.60  h=128  L=3  lr=0.001  wd=0.05
  [Trial 190] citeseer_pair_0.3 | acc=0.5330  (35.3s)  knn=p  k= 19  dexp=6.30  p_grd=0.483  unc_rem=0.404  unc_rel=0.239  drop=0.13  h=128  L=3  lr=0.001  wd=1e-05
  [Trial 191] citeseer_pair_0.3 | acc=0.5400  (26.0s)  knn=s  k= 20  dexp=8.66  p_grd=0.412  unc_rem=0.598  unc_rel=0.215  drop=0.19  h=128  L=3  lr=0.001  wd=0.05
  [Trial 192] citeseer_pair_0.3 | acc=0.5330  (31.7s)  knn=p  k= 18  dexp=8.52  p_grd=0.407  unc_rem=0.079  unc_rel=0.224  drop=0.28  h=128  L=4  lr=0.001  wd=0.05
  [Trial 193] citeseer_pair_0.3 | acc=0.4990  (31.4s)  knn=p  k= 20  dexp=9.93  p_grd=0.361  unc_rem=0.376  unc_rel=0.306  drop=0.18  h=64  L=3  lr=0.001  wd=0.0005
  [Trial 194] citeseer_pair_0.3 | acc=0.5200  (37.8s)  knn=p  k= 17  dexp=7.48  p_grd=0.424  unc_rem=0.753  unc_rel=0.407  drop=0.18  h=128  L=2  lr=0.001  wd=0.05
  [Trial 195] citeseer_pair_0.3 | acc=0.4990  (38.7s)  knn=p  k= 20  dexp=2.35  p_grd=0.404  unc_rem=0.680  unc_rel=0.247  drop=0.18  h=128  L=3  lr=0.1  wd=0.05
  [Trial 196] citeseer_pair_0.3 | acc=0.5220  (34.8s)  knn=p  k= 21  dexp=7.62  p_grd=0.432  unc_rem=0.615  unc_rel=0.353  drop=0.10  h=16  L=3  lr=0.001  wd=0.05
  [Trial 197] citeseer_pair_0.3 | acc=0.5670  (32.7s)  knn=p  k= 18  dexp=8.15  p_grd=0.263  unc_rem=0.641  unc_rel=0.345  drop=0.30  h=128  L=3  lr=0.001  wd=0.01
  [Trial 198] citeseer_pair_0.3 | acc=0.4920  (32.3s)  knn=p  k= 17  dexp=5.38  p_grd=0.247  unc_rem=0.913  unc_rel=0.319  drop=0.40  h=128  L=3  lr=0.05  wd=0.01
  [Trial 199] citeseer_pair_0.3 | acc=0.4940  (33.9s)  knn=p  k= 18  dexp=7.41  p_grd=0.157  unc_rem=0.732  unc_rel=0.640  drop=0.35  h=128  L=3  lr=0.001  wd=0.001
  [Trial 200] citeseer_pair_0.3 | acc=0.5630  (32.2s)  knn=p  k= 21  dexp=7.01  p_grd=0.297  unc_rem=0.219  unc_rel=0.040  drop=0.46  h=128  L=3  lr=0.001  wd=0.1

[Optuna] Optimization done. 200/200 trials completed.

[Retest] (citeseer_pair_0.3) Testing top-5 configs × 10 seeds...

  [Retest] (citeseer_pair_0.3) Config 1/5: (Trial #41, Orig Acc: 0.5920)
           Params: {'knn_mode': 'd', 'k': 1, 'dexp': 9.236096986143282, 'p_grd': 0.42870327265915215, 'unc_rem': 0.3770502711970384, 'unc_rel': 0.6453438267238479, 'dropout': 0.5630611005530093, 'n_hidden': 128, 'n_layer': 3, 'lr': 0.1, 'weight_decay': 0.05}
    [Retest] citeseer | Config 1 | Run 1/10 | seed=3000 | Acc: 0.5470 | Mean: 0.5470 | Time: 32.3s
    [Retest] citeseer | Config 1 | Run 2/10 | seed=3001 | Acc: 0.5950 | Mean: 0.5710 | Time: 31.3s
    [Retest] citeseer | Config 1 | Run 3/10 | seed=3002 | Acc: 0.5880 | Mean: 0.5767 | Time: 33.5s
    [Retest] citeseer | Config 1 | Run 4/10 | seed=3003 | Acc: 0.5980 | Mean: 0.5820 | Time: 30.6s
    [Retest] citeseer | Config 1 | Run 5/10 | seed=3004 | Acc: 0.6940 | Mean: 0.6044 | Time: 30.6s
    [Retest] citeseer | Config 1 | Run 6/10 | seed=3005 | Acc: 0.4560 | Mean: 0.5797 | Time: 37.0s
    [Retest] citeseer | Config 1 | Run 7/10 | seed=3006 | Acc: 0.5380 | Mean: 0.5737 | Time: 29.8s
    [Retest] citeseer | Config 1 | Run 8/10 | seed=3007 | Acc: 0.6470 | Mean: 0.5829 | Time: 32.6s
    [Retest] citeseer | Config 1 | Run 9/10 | seed=3008 | Acc: 0.5110 | Mean: 0.5749 | Time: 30.9s
    [Retest] citeseer | Config 1 | Run 10/10 | seed=3009 | Acc: 0.6510 | Mean: 0.5825 | Time: 32.3s
  [Retest] Config 1: mean=0.5825 ± 0.0679

  [Retest] (citeseer_pair_0.3) Config 2/5: (Trial #181, Orig Acc: 0.5820)
           Params: {'knn_mode': 'p', 'k': 19, 'dexp': 7.573374492992232, 'p_grd': 0.39728120469809514, 'unc_rem': 0.6326553724492096, 'unc_rel': 0.3643032189062666, 'dropout': 0.18894523319456843, 'n_hidden': 128, 'n_layer': 3, 'lr': 0.001, 'weight_decay': 0.05}
    [Retest] citeseer | Config 2 | Run 1/10 | seed=3000 | Acc: 0.5820 | Mean: 0.5820 | Time: 33.7s
    [Retest] citeseer | Config 2 | Run 2/10 | seed=3001 | Acc: 0.6110 | Mean: 0.5965 | Time: 37.3s
    [Retest] citeseer | Config 2 | Run 3/10 | seed=3002 | Acc: 0.5950 | Mean: 0.5960 | Time: 30.7s
    [Retest] citeseer | Config 2 | Run 4/10 | seed=3003 | Acc: 0.6170 | Mean: 0.6013 | Time: 28.6s
    [Retest] citeseer | Config 2 | Run 5/10 | seed=3004 | Acc: 0.5660 | Mean: 0.5942 | Time: 33.9s
    [Retest] citeseer | Config 2 | Run 6/10 | seed=3005 | Acc: 0.4540 | Mean: 0.5708 | Time: 34.8s
    [Retest] citeseer | Config 2 | Run 7/10 | seed=3006 | Acc: 0.5530 | Mean: 0.5683 | Time: 34.1s
    [Retest] citeseer | Config 2 | Run 8/10 | seed=3007 | Acc: 0.5860 | Mean: 0.5705 | Time: 30.5s
    [Retest] citeseer | Config 2 | Run 9/10 | seed=3008 | Acc: 0.4480 | Mean: 0.5569 | Time: 37.2s
    [Retest] citeseer | Config 2 | Run 10/10 | seed=3009 | Acc: 0.6400 | Mean: 0.5652 | Time: 43.1s
  [Retest] Config 2: mean=0.5652 ± 0.0618

  [Retest] (citeseer_pair_0.3) Config 3/5: (Trial #178, Orig Acc: 0.5810)
           Params: {'knn_mode': 'p', 'k': 19, 'dexp': 9.175042897455382, 'p_grd': 0.42092010779162864, 'unc_rem': 0.3560635481119127, 'unc_rel': 0.1385587429086098, 'dropout': 0.18710547865193533, 'n_hidden': 128, 'n_layer': 3, 'lr': 0.001, 'weight_decay': 0.05}
    [Retest] citeseer | Config 3 | Run 1/10 | seed=3000 | Acc: 0.5810 | Mean: 0.5810 | Time: 34.3s
    [Retest] citeseer | Config 3 | Run 2/10 | seed=3001 | Acc: 0.6110 | Mean: 0.5960 | Time: 38.4s
    [Retest] citeseer | Config 3 | Run 3/10 | seed=3002 | Acc: 0.5970 | Mean: 0.5963 | Time: 33.4s
    [Retest] citeseer | Config 3 | Run 4/10 | seed=3003 | Acc: 0.6160 | Mean: 0.6012 | Time: 34.1s
    [Retest] citeseer | Config 3 | Run 5/10 | seed=3004 | Acc: 0.5700 | Mean: 0.5950 | Time: 35.1s
    [Retest] citeseer | Config 3 | Run 6/10 | seed=3005 | Acc: 0.4540 | Mean: 0.5715 | Time: 49.5s
    [Retest] citeseer | Config 3 | Run 7/10 | seed=3006 | Acc: 0.5520 | Mean: 0.5687 | Time: 29.6s
    [Retest] citeseer | Config 3 | Run 8/10 | seed=3007 | Acc: 0.5870 | Mean: 0.5710 | Time: 34.1s
    [Retest] citeseer | Config 3 | Run 9/10 | seed=3008 | Acc: 0.4480 | Mean: 0.5573 | Time: 33.3s
    [Retest] citeseer | Config 3 | Run 10/10 | seed=3009 | Acc: 0.6450 | Mean: 0.5661 | Time: 33.4s
  [Retest] Config 3: mean=0.5661 ± 0.0625

  [Retest] (citeseer_pair_0.3) Config 4/5: (Trial #184, Orig Acc: 0.5780)
           Params: {'knn_mode': 'p', 'k': 19, 'dexp': 8.671814406102246, 'p_grd': 0.3958465783291281, 'unc_rem': 0.3457570629807829, 'unc_rel': 0.2744754400921516, 'dropout': 0.26863381077385523, 'n_hidden': 128, 'n_layer': 3, 'lr': 0.001, 'weight_decay': 0.05}
    [Retest] citeseer | Config 4 | Run 1/10 | seed=3000 | Acc: 0.5780 | Mean: 0.5780 | Time: 38.1s
    [Retest] citeseer | Config 4 | Run 2/10 | seed=3001 | Acc: 0.6140 | Mean: 0.5960 | Time: 35.5s
    [Retest] citeseer | Config 4 | Run 3/10 | seed=3002 | Acc: 0.5740 | Mean: 0.5887 | Time: 35.8s
    [Retest] citeseer | Config 4 | Run 4/10 | seed=3003 | Acc: 0.6120 | Mean: 0.5945 | Time: 31.7s
    [Retest] citeseer | Config 4 | Run 5/10 | seed=3004 | Acc: 0.5620 | Mean: 0.5880 | Time: 35.4s
    [Retest] citeseer | Config 4 | Run 6/10 | seed=3005 | Acc: 0.4730 | Mean: 0.5688 | Time: 40.5s
    [Retest] citeseer | Config 4 | Run 7/10 | seed=3006 | Acc: 0.5520 | Mean: 0.5664 | Time: 30.5s
    [Retest] citeseer | Config 4 | Run 8/10 | seed=3007 | Acc: 0.5870 | Mean: 0.5690 | Time: 39.1s
    [Retest] citeseer | Config 4 | Run 9/10 | seed=3008 | Acc: 0.4500 | Mean: 0.5558 | Time: 33.0s
    [Retest] citeseer | Config 4 | Run 10/10 | seed=3009 | Acc: 0.6430 | Mean: 0.5645 | Time: 35.9s
  [Retest] Config 4: mean=0.5645 ± 0.0577

  [Retest] (citeseer_pair_0.3) Config 5/5: (Trial #171, Orig Acc: 0.5770)
           Params: {'knn_mode': 'p', 'k': 21, 'dexp': 8.162881274120323, 'p_grd': 0.3709188345623202, 'unc_rem': 0.19371046321158186, 'unc_rel': 0.045021829273009996, 'dropout': 0.4038631226888518, 'n_hidden': 128, 'n_layer': 3, 'lr': 0.001, 'weight_decay': 0.05}
    [Retest] citeseer | Config 5 | Run 1/10 | seed=3000 | Acc: 0.5770 | Mean: 0.5770 | Time: 33.3s
    [Retest] citeseer | Config 5 | Run 2/10 | seed=3001 | Acc: 0.6100 | Mean: 0.5935 | Time: 30.9s
    [Retest] citeseer | Config 5 | Run 3/10 | seed=3002 | Acc: 0.5980 | Mean: 0.5950 | Time: 35.2s
    [Retest] citeseer | Config 5 | Run 4/10 | seed=3003 | Acc: 0.6140 | Mean: 0.5997 | Time: 32.2s
    [Retest] citeseer | Config 5 | Run 5/10 | seed=3004 | Acc: 0.5680 | Mean: 0.5934 | Time: 31.4s
    [Retest] citeseer | Config 5 | Run 6/10 | seed=3005 | Acc: 0.4700 | Mean: 0.5728 | Time: 31.5s
    [Retest] citeseer | Config 5 | Run 7/10 | seed=3006 | Acc: 0.5490 | Mean: 0.5694 | Time: 34.2s
    [Retest] citeseer | Config 5 | Run 8/10 | seed=3007 | Acc: 0.5860 | Mean: 0.5715 | Time: 40.4s
    [Retest] citeseer | Config 5 | Run 9/10 | seed=3008 | Acc: 0.4530 | Mean: 0.5583 | Time: 36.1s
    [Retest] citeseer | Config 5 | Run 10/10 | seed=3009 | Acc: 0.6360 | Mean: 0.5661 | Time: 35.1s
  [Retest] Config 5: mean=0.5661 ± 0.0574

[Optuna] Success: Best config saved to log/hpo_db.json:
         {'knn_mode': 'd', 'k': 1, 'dexp': 9.236096986143282, 'p_grd': 0.42870327265915215, 'unc_rem': 0.3770502711970384, 'unc_rel': 0.6453438267238479, 'dropout': 0.5630611005530093, 'n_hidden': 128, 'n_layer': 3, 'lr': 0.1, 'weight_decay': 0.05}
[Optuna] Success: Best retest mean accuracy: 0.5825
[Optuna] Success: Done marker: ./log/nni_done\lnpcc_citeseer_pair_0.3.done
  [HPO] Done marker saved: ./log/nni_done\lnpcc_citeseer_pair_0.3.done
[total_exp] --hpo_only: skipping benchmark runs.
[worker] OK DONE  hpo_citeseer_pair_0.3  gpu=1  147.6 min  rc=0
