Fatal Python error: init_import_site: Failed to import the site module
Python runtime state: initialized
Traceback (most recent call last):
  File "<frozen importlib._bootstrap>", line 1176, in _find_and_load
  File "<frozen importlib._bootstrap>", line 1147, in _find_and_load_unlocked
  File "<frozen importlib._bootstrap>", line 690, in _load_unlocked
  File "<frozen importlib._bootstrap>", line 980, in exec_module
  File "<frozen site>", line 626, in <module>
  File "<frozen site>", line 613, in main
  File "<frozen site>", line 394, in addsitepackages
  File "<frozen site>", line 236, in addsitedir
  File "<frozen site>", line 195, in addpackage
  File "<string>", line 1, in <module>
  File "<frozen importlib._bootstrap>", line 1176, in _find_and_load
  File "<frozen importlib._bootstrap>", line 1147, in _find_and_load_unlocked
  File "<frozen importlib._bootstrap>", line 690, in _load_unlocked
  File "<frozen importlib._bootstrap>", line 980, in exec_module
  File "<frozen importlib.util>", line 14, in <module>
  File "C:\Users\fbrev\anaconda3\envs\noisygl\Lib\contextlib.py", line 6, in <module>
    from collections import deque
  File "C:\Users\fbrev\anaconda3\envs\noisygl\Lib\collections\__init__.py", line 78, in <module>
    class OrderedDict(dict):
  File "C:\Users\fbrev\anaconda3\envs\noisygl\Lib\collections\__init__.py", line 267, in OrderedDict
    @_recursive_repr()
     ^^^^^^^^^^^^^^^^^
  File "C:\Users\fbrev\anaconda3\envs\noisygl\Lib\reprlib.py", line 27, in decorating_function
    wrapper.__module__ = getattr(user_function, '__module__')
                         ^^^^^^^^^^^^^^^^^^^^^^^^^^^^^^^^^^^^
KeyboardInterrupt
