Process SpawnProcess-1:
Traceback (most recent call last):
  File "C:\Users\fbrev\anaconda3\envs\noisygl\Lib\multiprocessing\process.py", line 314, in _bootstrap
    self.run()
  File "C:\Users\fbrev\anaconda3\envs\noisygl\Lib\multiprocessing\process.py", line 108, in run
    self._target(*self._args, **self._kwargs)
  File "C:\Users\fbrev\Documents\Acadêmico\Simulações\Python\NoisyGL\predictor\LNPCC_Predictor.py", line 574, in _lnpcc_worker_func
    worker_thread.join()
  File "C:\Users\fbrev\anaconda3\envs\noisygl\Lib\threading.py", line 1119, in join
    self._wait_for_tstate_lock()
  File "C:\Users\fbrev\anaconda3\envs\noisygl\Lib\threading.py", line 1139, in _wait_for_tstate_lock
    if lock.acquire(block, timeout):
       ^^^^^^^^^^^^^^^^^^^^^^^^^^^^
KeyboardInterrupt
Namespace(dataset='citeseer', method='lnpcc', noise_type='random', noise_rate=0.2, device='cuda:1', seed=3006, params_json='{"knn_mode": "d", "k": 15, "dexp": 1.3281229319436796, "p_grd": 0.3249214773458548, "unc_rem": 0.14739373817929768, "unc_rel": 0.22418426856930257, "dropout": 0.3661767777887317, "n_hidden": 128, "n_layer": 2, "lr": 0.1, "weight_decay": 0.1}', priority='normal')
----Data statistics------'
                Name: citeseer
                #Nodes 3327
                #Edges 4552
                #Classes 6
                #Ave_degree 2.74
----Split statistics------'
                #Train samples 120 (default)
                #Val samples 500 (default)
                #Test samples 1000 (default)
Current device: cpu
[Params] Overriding from --params_json: {'knn_mode': 'd', 'k': 15, 'dexp': 1.3281229319436796, 'p_grd': 0.3249214773458548, 'unc_rem': 0.14739373817929768, 'unc_rel': 0.22418426856930257, 'dropout': 0.3661767777887317, 'n_hidden': 128, 'n_layer': 2, 'lr': 0.1, 'weight_decay': 0.1}
----label noise information:------
Random noise
#Actual noise rate 0.20 
[2026-04-20 22:48:45] [32mIntermediate result: 0.242  (Index 0)[0m
Epoch 00001 | Time 0.2763s | L(tr) 1.7995 | A(tr) 0.1610 | L(val) 1.7378 | A(val) 0.2420 *
[2026-04-20 22:48:45] [32mIntermediate result: 0.23  (Index 1)[0m
Epoch 00002 | Time 0.0079s | L(tr) 1.5412 | A(tr) 0.4492 | L(val) 1.7455 | A(val) 0.2300 
[2026-04-20 22:48:45] [32mIntermediate result: 0.298  (Index 2)[0m
Epoch 00003 | Time 0.0083s | L(tr) 1.6286 | A(tr) 0.3644 | L(val) 1.7344 | A(val) 0.2980 *
[2026-04-20 22:48:45] [32mIntermediate result: 0.22  (Index 3)[0m
Epoch 00004 | Time 0.0084s | L(tr) 1.6911 | A(tr) 0.3475 | L(val) 1.7629 | A(val) 0.2200 
[2026-04-20 22:48:45] [32mIntermediate result: 0.33  (Index 4)[0m
Epoch 00005 | Time 0.0091s | L(tr) 1.7174 | A(tr) 0.2627 | L(val) 1.6568 | A(val) 0.3300 *
[2026-04-20 22:48:45] [32mIntermediate result: 0.574  (Index 5)[0m
Epoch 00006 | Time 0.0084s | L(tr) 1.3636 | A(tr) 0.6864 | L(val) 1.4917 | A(val) 0.5740 *
[2026-04-20 22:48:45] [32mIntermediate result: 0.598  (Index 6)[0m
Epoch 00007 | Time 0.0077s | L(tr) 1.0305 | A(tr) 0.8898 | L(val) 1.4140 | A(val) 0.5980 *
[2026-04-20 22:48:45] [32mIntermediate result: 0.522  (Index 7)[0m
Epoch 00008 | Time 0.0072s | L(tr) 0.9152 | A(tr) 0.8983 | L(val) 1.4859 | A(val) 0.5220 
[2026-04-20 22:48:45] [32mIntermediate result: 0.524  (Index 8)[0m
Epoch 00009 | Time 0.0082s | L(tr) 1.0526 | A(tr) 0.8644 | L(val) 1.5346 | A(val) 0.5240 
[2026-04-20 22:48:45] [32mIntermediate result: 0.536  (Index 9)[0m
Epoch 00010 | Time 0.0097s | L(tr) 1.1293 | A(tr) 0.8559 | L(val) 1.5052 | A(val) 0.5360 
[2026-04-20 22:48:45] [32mIntermediate result: 0.522  (Index 10)[0m
Epoch 00011 | Time 0.0083s | L(tr) 1.0724 | A(tr) 0.8644 | L(val) 1.4721 | A(val) 0.5220 
[2026-04-20 22:48:45] [32mIntermediate result: 0.598  (Index 11)[0m
Epoch 00012 | Time 0.0087s | L(tr) 0.9718 | A(tr) 0.9068 | L(val) 1.4449 | A(val) 0.5980 
[2026-04-20 22:48:45] [32mIntermediate result: 0.624  (Index 12)[0m
Epoch 00013 | Time 0.0079s | L(tr) 0.9193 | A(tr) 0.9237 | L(val) 1.4499 | A(val) 0.6240 *
[2026-04-20 22:48:45] [32mIntermediate result: 0.562  (Index 13)[0m
Epoch 00014 | Time 0.0075s | L(tr) 0.9739 | A(tr) 0.8983 | L(val) 1.5101 | A(val) 0.5620 
[2026-04-20 22:48:45] [32mIntermediate result: 0.54  (Index 14)[0m
Epoch 00015 | Time 0.0078s | L(tr) 1.1022 | A(tr) 0.8983 | L(val) 1.5617 | A(val) 0.5400 
[2026-04-20 22:48:45] [32mIntermediate result: 0.566  (Index 15)[0m
Epoch 00016 | Time 0.0108s | L(tr) 1.2170 | A(tr) 0.8729 | L(val) 1.5728 | A(val) 0.5660 
[2026-04-20 22:48:45] [32mIntermediate result: 0.55  (Index 16)[0m
Epoch 00017 | Time 0.0066s | L(tr) 1.2563 | A(tr) 0.8644 | L(val) 1.5622 | A(val) 0.5500 
[2026-04-20 22:48:45] [32mIntermediate result: 0.544  (Index 17)[0m
Epoch 00018 | Time 0.0090s | L(tr) 1.2766 | A(tr) 0.7797 | L(val) 1.5725 | A(val) 0.5440 
[2026-04-20 22:48:45] [32mIntermediate result: 0.526  (Index 18)[0m
Epoch 00019 | Time 0.0080s | L(tr) 1.2881 | A(tr) 0.8305 | L(val) 1.5814 | A(val) 0.5260 
[2026-04-20 22:48:45] [32mIntermediate result: 0.556  (Index 19)[0m
Epoch 00020 | Time 0.0078s | L(tr) 1.2877 | A(tr) 0.8305 | L(val) 1.5587 | A(val) 0.5560 
[2026-04-20 22:48:45] [32mIntermediate result: 0.56  (Index 20)[0m
Epoch 00021 | Time 0.0074s | L(tr) 1.2447 | A(tr) 0.8644 | L(val) 1.5326 | A(val) 0.5600 
[2026-04-20 22:48:45] [32mIntermediate result: 0.566  (Index 21)[0m
Epoch 00022 | Time 0.0101s | L(tr) 1.2084 | A(tr) 0.8051 | L(val) 1.5257 | A(val) 0.5660 
[2026-04-20 22:48:45] [32mIntermediate result: 0.564  (Index 22)[0m
Epoch 00023 | Time 0.0095s | L(tr) 1.1570 | A(tr) 0.8475 | L(val) 1.5207 | A(val) 0.5640 
[2026-04-20 22:48:45] [32mIntermediate result: 0.598  (Index 23)[0m
Epoch 00024 | Time 0.0134s | L(tr) 1.1085 | A(tr) 0.9068 | L(val) 1.5080 | A(val) 0.5980 
[2026-04-20 22:48:45] [32mIntermediate result: 0.562  (Index 24)[0m
Epoch 00025 | Time 0.0106s | L(tr) 1.0982 | A(tr) 0.8644 | L(val) 1.5151 | A(val) 0.5620 
[2026-04-20 22:48:45] [32mIntermediate result: 0.572  (Index 25)[0m
Epoch 00026 | Time 0.0070s | L(tr) 1.1056 | A(tr) 0.8898 | L(val) 1.5062 | A(val) 0.5720 
[2026-04-20 22:48:45] [32mIntermediate result: 0.6  (Index 26)[0m
Epoch 00027 | Time 0.0077s | L(tr) 1.0933 | A(tr) 0.8983 | L(val) 1.4947 | A(val) 0.6000 
[2026-04-20 22:48:45] [32mIntermediate result: 0.598  (Index 27)[0m
Epoch 00028 | Time 0.0075s | L(tr) 1.0994 | A(tr) 0.8983 | L(val) 1.4927 | A(val) 0.5980 
[2026-04-20 22:48:45] [32mIntermediate result: 0.588  (Index 28)[0m
Epoch 00029 | Time 0.0078s | L(tr) 1.0740 | A(tr) 0.8814 | L(val) 1.4963 | A(val) 0.5880 
[2026-04-20 22:48:45] [32mIntermediate result: 0.594  (Index 29)[0m
Epoch 00030 | Time 0.0104s | L(tr) 1.0893 | A(tr) 0.8814 | L(val) 1.5049 | A(val) 0.5940 
[2026-04-20 22:48:45] [32mIntermediate result: 0.586  (Index 30)[0m
Epoch 00031 | Time 0.0073s | L(tr) 1.1238 | A(tr) 0.8644 | L(val) 1.5157 | A(val) 0.5860 
[2026-04-20 22:48:45] [32mIntermediate result: 0.586  (Index 31)[0m
Epoch 00032 | Time 0.0085s | L(tr) 1.1227 | A(tr) 0.8983 | L(val) 1.5228 | A(val) 0.5860 
[2026-04-20 22:48:45] [32mIntermediate result: 0.576  (Index 32)[0m
Epoch 00033 | Time 0.0074s | L(tr) 1.1273 | A(tr) 0.8983 | L(val) 1.5296 | A(val) 0.5760 
[2026-04-20 22:48:45] [32mIntermediate result: 0.58  (Index 33)[0m
Epoch 00034 | Time 0.0082s | L(tr) 1.1778 | A(tr) 0.8898 | L(val) 1.5334 | A(val) 0.5800 
[2026-04-20 22:48:45] [32mIntermediate result: 0.578  (Index 34)[0m
Epoch 00035 | Time 0.0105s | L(tr) 1.1486 | A(tr) 0.8983 | L(val) 1.5283 | A(val) 0.5780 
[2026-04-20 22:48:45] [32mIntermediate result: 0.576  (Index 35)[0m
Epoch 00036 | Time 0.0092s | L(tr) 1.1455 | A(tr) 0.8729 | L(val) 1.5136 | A(val) 0.5760 
[2026-04-20 22:48:45] [32mIntermediate result: 0.586  (Index 36)[0m
Epoch 00037 | Time 0.0094s | L(tr) 1.1604 | A(tr) 0.8559 | L(val) 1.5169 | A(val) 0.5860 
[2026-04-20 22:48:45] [32mIntermediate result: 0.594  (Index 37)[0m
Epoch 00038 | Time 0.0073s | L(tr) 1.1499 | A(tr) 0.8729 | L(val) 1.5260 | A(val) 0.5940 
[2026-04-20 22:48:45] [32mIntermediate result: 0.582  (Index 38)[0m
Epoch 00039 | Time 0.0102s | L(tr) 1.1397 | A(tr) 0.8983 | L(val) 1.5272 | A(val) 0.5820 
[2026-04-20 22:48:45] [32mIntermediate result: 0.596  (Index 39)[0m
Epoch 00040 | Time 0.0091s | L(tr) 1.1293 | A(tr) 0.8814 | L(val) 1.5104 | A(val) 0.5960 
[2026-04-20 22:48:45] [32mIntermediate result: 0.57  (Index 40)[0m
Epoch 00041 | Time 0.0080s | L(tr) 1.1265 | A(tr) 0.8729 | L(val) 1.5142 | A(val) 0.5700 
[2026-04-20 22:48:45] [32mIntermediate result: 0.566  (Index 41)[0m
Epoch 00042 | Time 0.0091s | L(tr) 1.1085 | A(tr) 0.8644 | L(val) 1.5123 | A(val) 0.5660 
[2026-04-20 22:48:45] [32mIntermediate result: 0.592  (Index 42)[0m
Epoch 00043 | Time 0.0094s | L(tr) 1.0880 | A(tr) 0.8983 | L(val) 1.5082 | A(val) 0.5920 
[2026-04-20 22:48:45] [32mIntermediate result: 0.566  (Index 43)[0m
Epoch 00044 | Time 0.0122s | L(tr) 1.0994 | A(tr) 0.9068 | L(val) 1.5025 | A(val) 0.5660 
[2026-04-20 22:48:45] [32mIntermediate result: 0.552  (Index 44)[0m
Epoch 00045 | Time 0.0137s | L(tr) 1.0961 | A(tr) 0.8814 | L(val) 1.5135 | A(val) 0.5520 
[2026-04-20 22:48:45] [32mIntermediate result: 0.58  (Index 45)[0m
Epoch 00046 | Time 0.0136s | L(tr) 1.1192 | A(tr) 0.8729 | L(val) 1.5218 | A(val) 0.5800 
[2026-04-20 22:48:45] [32mIntermediate result: 0.602  (Index 46)[0m
Epoch 00047 | Time 0.0112s | L(tr) 1.1334 | A(tr) 0.8983 | L(val) 1.5105 | A(val) 0.6020 
[2026-04-20 22:48:45] [32mIntermediate result: 0.578  (Index 47)[0m
Epoch 00048 | Time 0.0127s | L(tr) 1.1743 | A(tr) 0.8475 | L(val) 1.5288 | A(val) 0.5780 
[2026-04-20 22:48:45] [32mIntermediate result: 0.57  (Index 48)[0m
Epoch 00049 | Time 0.0117s | L(tr) 1.1548 | A(tr) 0.8898 | L(val) 1.5389 | A(val) 0.5700 
[2026-04-20 22:48:45] [32mIntermediate result: 0.614  (Index 49)[0m
Epoch 00050 | Time 0.0131s | L(tr) 1.1810 | A(tr) 0.8814 | L(val) 1.5177 | A(val) 0.6140 
[2026-04-20 22:48:45] [32mIntermediate result: 0.582  (Index 50)[0m
Epoch 00051 | Time 0.0107s | L(tr) 1.1714 | A(tr) 0.8390 | L(val) 1.5180 | A(val) 0.5820 
[2026-04-20 22:48:45] [32mIntermediate result: 0.572  (Index 51)[0m
Epoch 00052 | Time 0.0086s | L(tr) 1.1755 | A(tr) 0.8390 | L(val) 1.5358 | A(val) 0.5720 
[2026-04-20 22:48:45] [32mIntermediate result: 0.582  (Index 52)[0m
Epoch 00053 | Time 0.0069s | L(tr) 1.1430 | A(tr) 0.8475 | L(val) 1.5288 | A(val) 0.5820 
[2026-04-20 22:48:45] [32mIntermediate result: 0.572  (Index 53)[0m
Epoch 00054 | Time 0.0083s | L(tr) 1.1367 | A(tr) 0.8559 | L(val) 1.5196 | A(val) 0.5720 
[2026-04-20 22:48:45] [32mIntermediate result: 0.562  (Index 54)[0m
Epoch 00055 | Time 0.0084s | L(tr) 1.1382 | A(tr) 0.8305 | L(val) 1.5192 | A(val) 0.5620 
[2026-04-20 22:48:45] [32mIntermediate result: 0.568  (Index 55)[0m
Epoch 00056 | Time 0.0074s | L(tr) 1.1220 | A(tr) 0.8814 | L(val) 1.5007 | A(val) 0.5680 
[2026-04-20 22:48:45] [32mIntermediate result: 0.592  (Index 56)[0m
Epoch 00057 | Time 0.0092s | L(tr) 1.0947 | A(tr) 0.8814 | L(val) 1.4981 | A(val) 0.5920 
[2026-04-20 22:48:45] [32mIntermediate result: 0.592  (Index 57)[0m
Epoch 00058 | Time 0.0080s | L(tr) 1.0853 | A(tr) 0.8983 | L(val) 1.5024 | A(val) 0.5920 
[2026-04-20 22:48:45] [32mIntermediate result: 0.574  (Index 58)[0m
Epoch 00059 | Time 0.0084s | L(tr) 1.0891 | A(tr) 0.8644 | L(val) 1.5082 | A(val) 0.5740 
[2026-04-20 22:48:45] [32mIntermediate result: 0.56  (Index 59)[0m
Epoch 00060 | Time 0.0071s | L(tr) 1.0803 | A(tr) 0.8559 | L(val) 1.5202 | A(val) 0.5600 
[2026-04-20 22:48:45] [32mIntermediate result: 0.58  (Index 60)[0m
Epoch 00061 | Time 0.0099s | L(tr) 1.0793 | A(tr) 0.8814 | L(val) 1.5046 | A(val) 0.5800 
[2026-04-20 22:48:45] [32mIntermediate result: 0.578  (Index 61)[0m
Epoch 00062 | Time 0.0085s | L(tr) 1.1246 | A(tr) 0.8898 | L(val) 1.5241 | A(val) 0.5780 
[2026-04-20 22:48:45] [32mIntermediate result: 0.564  (Index 62)[0m
Epoch 00063 | Time 0.0087s | L(tr) 1.1004 | A(tr) 0.8983 | L(val) 1.5213 | A(val) 0.5640 
[2026-04-20 22:48:45] [32mIntermediate result: 0.59  (Index 63)[0m
Epoch 00064 | Time 0.0091s | L(tr) 1.1313 | A(tr) 0.8729 | L(val) 1.5058 | A(val) 0.5900 
[2026-04-20 22:48:45] [32mIntermediate result: 0.57  (Index 64)[0m
Epoch 00065 | Time 0.0073s | L(tr) 1.1118 | A(tr) 0.8983 | L(val) 1.5285 | A(val) 0.5700 
[2026-04-20 22:48:45] [32mIntermediate result: 0.594  (Index 65)[0m
Epoch 00066 | Time 0.0068s | L(tr) 1.1713 | A(tr) 0.8644 | L(val) 1.5170 | A(val) 0.5940 
[2026-04-20 22:48:45] [32mIntermediate result: 0.568  (Index 66)[0m
Epoch 00067 | Time 0.0075s | L(tr) 1.1307 | A(tr) 0.8729 | L(val) 1.5177 | A(val) 0.5680 
[2026-04-20 22:48:45] [32mIntermediate result: 0.6  (Index 67)[0m
Epoch 00068 | Time 0.0071s | L(tr) 1.1476 | A(tr) 0.8559 | L(val) 1.5165 | A(val) 0.6000 
[2026-04-20 22:48:45] [32mIntermediate result: 0.58  (Index 68)[0m
Epoch 00069 | Time 0.0075s | L(tr) 1.1634 | A(tr) 0.8559 | L(val) 1.5269 | A(val) 0.5800 
[2026-04-20 22:48:45] [32mIntermediate result: 0.564  (Index 69)[0m
Epoch 00070 | Time 0.0076s | L(tr) 1.1244 | A(tr) 0.8898 | L(val) 1.5206 | A(val) 0.5640 
[2026-04-20 22:48:45] [32mIntermediate result: 0.596  (Index 70)[0m
Epoch 00071 | Time 0.0067s | L(tr) 1.1665 | A(tr) 0.8305 | L(val) 1.5029 | A(val) 0.5960 
[2026-04-20 22:48:45] [32mIntermediate result: 0.584  (Index 71)[0m
Epoch 00072 | Time 0.0086s | L(tr) 1.1233 | A(tr) 0.8559 | L(val) 1.5287 | A(val) 0.5840 
[2026-04-20 22:48:45] [32mIntermediate result: 0.576  (Index 72)[0m
Epoch 00073 | Time 0.0066s | L(tr) 1.1139 | A(tr) 0.9237 | L(val) 1.5226 | A(val) 0.5760 
[2026-04-20 22:48:45] [32mIntermediate result: 0.594  (Index 73)[0m
Epoch 00074 | Time 0.0057s | L(tr) 1.1286 | A(tr) 0.8898 | L(val) 1.4984 | A(val) 0.5940 
[2026-04-20 22:48:45] [32mIntermediate result: 0.58  (Index 74)[0m
Epoch 00075 | Time 0.0066s | L(tr) 1.1014 | A(tr) 0.8729 | L(val) 1.5128 | A(val) 0.5800 
[2026-04-20 22:48:45] [32mIntermediate result: 0.572  (Index 75)[0m
Epoch 00076 | Time 0.0082s | L(tr) 1.1045 | A(tr) 0.8305 | L(val) 1.5100 | A(val) 0.5720 
[2026-04-20 22:48:45] [32mIntermediate result: 0.588  (Index 76)[0m
Epoch 00077 | Time 0.0073s | L(tr) 1.1222 | A(tr) 0.8729 | L(val) 1.5088 | A(val) 0.5880 
[2026-04-20 22:48:45] [32mIntermediate result: 0.586  (Index 77)[0m
Epoch 00078 | Time 0.0072s | L(tr) 1.1346 | A(tr) 0.8559 | L(val) 1.5251 | A(val) 0.5860 
[2026-04-20 22:48:45] [32mIntermediate result: 0.556  (Index 78)[0m
Epoch 00079 | Time 0.0057s | L(tr) 1.1477 | A(tr) 0.8559 | L(val) 1.5288 | A(val) 0.5560 
[2026-04-20 22:48:45] [32mIntermediate result: 0.604  (Index 79)[0m
Epoch 00080 | Time 0.0081s | L(tr) 1.1605 | A(tr) 0.8644 | L(val) 1.5114 | A(val) 0.6040 
[2026-04-20 22:48:45] [32mIntermediate result: 0.586  (Index 80)[0m
Epoch 00081 | Time 0.0067s | L(tr) 1.1560 | A(tr) 0.8644 | L(val) 1.5319 | A(val) 0.5860 
[2026-04-20 22:48:45] [32mIntermediate result: 0.566  (Index 81)[0m
Epoch 00082 | Time 0.0075s | L(tr) 1.1808 | A(tr) 0.8051 | L(val) 1.5271 | A(val) 0.5660 
[2026-04-20 22:48:45] [32mIntermediate result: 0.586  (Index 82)[0m
Epoch 00083 | Time 0.0068s | L(tr) 1.1833 | A(tr) 0.8475 | L(val) 1.5308 | A(val) 0.5860 
[2026-04-20 22:48:45] [32mIntermediate result: 0.57  (Index 83)[0m
Epoch 00084 | Time 0.0066s | L(tr) 1.2008 | A(tr) 0.8475 | L(val) 1.5454 | A(val) 0.5700 
[2026-04-20 22:48:45] [32mIntermediate result: 0.584  (Index 84)[0m
Epoch 00085 | Time 0.0065s | L(tr) 1.1927 | A(tr) 0.8136 | L(val) 1.5240 | A(val) 0.5840 
[2026-04-20 22:48:45] [32mIntermediate result: 0.568  (Index 85)[0m
Epoch 00086 | Time 0.0077s | L(tr) 1.1907 | A(tr) 0.8390 | L(val) 1.5242 | A(val) 0.5680 
[2026-04-20 22:48:45] [32mIntermediate result: 0.58  (Index 86)[0m
Epoch 00087 | Time 0.0083s | L(tr) 1.1573 | A(tr) 0.8559 | L(val) 1.5218 | A(val) 0.5800 
[2026-04-20 22:48:45] [32mIntermediate result: 0.564  (Index 87)[0m
Epoch 00088 | Time 0.0075s | L(tr) 1.1556 | A(tr) 0.8644 | L(val) 1.5117 | A(val) 0.5640 
[2026-04-20 22:48:45] [32mIntermediate result: 0.588  (Index 88)[0m
Epoch 00089 | Time 0.0079s | L(tr) 1.1475 | A(tr) 0.8305 | L(val) 1.5176 | A(val) 0.5880 
[2026-04-20 22:48:45] [32mIntermediate result: 0.562  (Index 89)[0m
Epoch 00090 | Time 0.0069s | L(tr) 1.1265 | A(tr) 0.8644 | L(val) 1.5342 | A(val) 0.5620 
[2026-04-20 22:48:45] [32mIntermediate result: 0.608  (Index 90)[0m
Epoch 00091 | Time 0.0067s | L(tr) 1.1370 | A(tr) 0.8644 | L(val) 1.5067 | A(val) 0.6080 
[2026-04-20 22:48:45] [32mIntermediate result: 0.566  (Index 91)[0m
Epoch 00092 | Time 0.0069s | L(tr) 1.1485 | A(tr) 0.8220 | L(val) 1.5327 | A(val) 0.5660 
[2026-04-20 22:48:46] [32mIntermediate result: 0.584  (Index 92)[0m
Epoch 00093 | Time 0.0061s | L(tr) 1.1403 | A(tr) 0.8475 | L(val) 1.5303 | A(val) 0.5840 
[2026-04-20 22:48:46] [32mIntermediate result: 0.614  (Index 93)[0m
Epoch 00094 | Time 0.0084s | L(tr) 1.1559 | A(tr) 0.8644 | L(val) 1.5247 | A(val) 0.6140 
[2026-04-20 22:48:46] [32mIntermediate result: 0.562  (Index 94)[0m
Epoch 00095 | Time 0.0065s | L(tr) 1.1646 | A(tr) 0.8729 | L(val) 1.5326 | A(val) 0.5620 
[2026-04-20 22:48:46] [32mIntermediate result: 0.594  (Index 95)[0m
Epoch 00096 | Time 0.0075s | L(tr) 1.1684 | A(tr) 0.8898 | L(val) 1.5227 | A(val) 0.5940 
[2026-04-20 22:48:46] [32mIntermediate result: 0.594  (Index 96)[0m
Epoch 00097 | Time 0.0084s | L(tr) 1.1502 | A(tr) 0.8983 | L(val) 1.5220 | A(val) 0.5940 
[2026-04-20 22:48:46] [32mIntermediate result: 0.54  (Index 97)[0m
Epoch 00098 | Time 0.0063s | L(tr) 1.1583 | A(tr) 0.8729 | L(val) 1.5299 | A(val) 0.5400 
[2026-04-20 22:48:46] [32mIntermediate result: 0.578  (Index 98)[0m
Epoch 00099 | Time 0.0052s | L(tr) 1.1422 | A(tr) 0.8559 | L(val) 1.5078 | A(val) 0.5780 
[2026-04-20 22:48:46] [32mIntermediate result: 0.538  (Index 99)[0m
Epoch 00100 | Time 0.0076s | L(tr) 1.1083 | A(tr) 0.8814 | L(val) 1.5306 | A(val) 0.5380 
[2026-04-20 22:48:46] [32mIntermediate result: 0.6  (Index 100)[0m
Epoch 00101 | Time 0.0065s | L(tr) 1.1210 | A(tr) 0.8814 | L(val) 1.4903 | A(val) 0.6000 
[2026-04-20 22:48:46] [32mIntermediate result: 0.592  (Index 101)[0m
Epoch 00102 | Time 0.0065s | L(tr) 1.0973 | A(tr) 0.8305 | L(val) 1.4958 | A(val) 0.5920 
[2026-04-20 22:48:46] [32mIntermediate result: 0.57  (Index 102)[0m
Epoch 00103 | Time 0.0067s | L(tr) 1.1033 | A(tr) 0.8475 | L(val) 1.5182 | A(val) 0.5700 
[2026-04-20 22:48:46] [32mIntermediate result: 0.592  (Index 103)[0m
Epoch 00104 | Time 0.0073s | L(tr) 1.1198 | A(tr) 0.8729 | L(val) 1.5108 | A(val) 0.5920 
[2026-04-20 22:48:46] [32mIntermediate result: 0.59  (Index 104)[0m
Epoch 00105 | Time 0.0064s | L(tr) 1.1446 | A(tr) 0.8390 | L(val) 1.5106 | A(val) 0.5900 
[2026-04-20 22:48:46] [32mIntermediate result: 0.538  (Index 105)[0m
Epoch 00106 | Time 0.0060s | L(tr) 1.1202 | A(tr) 0.8729 | L(val) 1.5421 | A(val) 0.5380 
[2026-04-20 22:48:46] [32mIntermediate result: 0.558  (Index 106)[0m
Epoch 00107 | Time 0.0063s | L(tr) 1.1378 | A(tr) 0.8475 | L(val) 1.5432 | A(val) 0.5580 
[2026-04-20 22:48:46] [32mIntermediate result: 0.582  (Index 107)[0m
Epoch 00108 | Time 0.0063s | L(tr) 1.1459 | A(tr) 0.8305 | L(val) 1.5031 | A(val) 0.5820 
[2026-04-20 22:48:46] [32mIntermediate result: 0.512  (Index 108)[0m
Epoch 00109 | Time 0.0065s | L(tr) 1.1212 | A(tr) 0.8220 | L(val) 1.5430 | A(val) 0.5120 
[2026-04-20 22:48:46] [32mIntermediate result: 0.592  (Index 109)[0m
Epoch 00110 | Time 0.0064s | L(tr) 1.1341 | A(tr) 0.8559 | L(val) 1.5092 | A(val) 0.5920 
[2026-04-20 22:48:46] [32mIntermediate result: 0.528  (Index 110)[0m
Epoch 00111 | Time 0.0064s | L(tr) 1.1444 | A(tr) 0.8390 | L(val) 1.5296 | A(val) 0.5280 
[2026-04-20 22:48:46] [32mIntermediate result: 0.576  (Index 111)[0m
Epoch 00112 | Time 0.0066s | L(tr) 1.1337 | A(tr) 0.8390 | L(val) 1.5263 | A(val) 0.5760 
[2026-04-20 22:48:46] [32mIntermediate result: 0.582  (Index 112)[0m
Epoch 00113 | Time 0.0059s | L(tr) 1.1266 | A(tr) 0.8220 | L(val) 1.5065 | A(val) 0.5820 
[2026-04-20 22:48:46] [32mIntermediate result: 0.512  (Index 113)[0m
Epoch 00114 | Time 0.0072s | L(tr) 1.1673 | A(tr) 0.8305 | L(val) 1.5638 | A(val) 0.5120 
[2026-04-20 22:48:46] [32mIntermediate result: 0.574  (Index 114)[0m
Epoch 00115 | Time 0.0067s | L(tr) 1.1895 | A(tr) 0.7881 | L(val) 1.5410 | A(val) 0.5740 
[2026-04-20 22:48:46] [32mIntermediate result: 0.6  (Index 115)[0m
Epoch 00116 | Time 0.0065s | L(tr) 1.1690 | A(tr) 0.8729 | L(val) 1.5388 | A(val) 0.6000 
[2026-04-20 22:48:46] [32mIntermediate result: 0.442  (Index 116)[0m
Epoch 00117 | Time 0.0061s | L(tr) 1.1981 | A(tr) 0.8898 | L(val) 1.5738 | A(val) 0.4420 
[2026-04-20 22:48:46] [32mIntermediate result: 0.592  (Index 117)[0m
Epoch 00118 | Time 0.0066s | L(tr) 1.2104 | A(tr) 0.8051 | L(val) 1.5404 | A(val) 0.5920 
[2026-04-20 22:48:46] [32mIntermediate result: 0.592  (Index 118)[0m
Epoch 00119 | Time 0.0066s | L(tr) 1.2134 | A(tr) 0.8305 | L(val) 1.5231 | A(val) 0.5920 
[2026-04-20 22:48:46] [32mIntermediate result: 0.508  (Index 119)[0m
Epoch 00120 | Time 0.0060s | L(tr) 1.2005 | A(tr) 0.8559 | L(val) 1.5580 | A(val) 0.5080 
[2026-04-20 22:48:46] [32mIntermediate result: 0.572  (Index 120)[0m
Epoch 00121 | Time 0.0063s | L(tr) 1.2102 | A(tr) 0.8136 | L(val) 1.5252 | A(val) 0.5720 
[2026-04-20 22:48:46] [32mIntermediate result: 0.558  (Index 121)[0m
Epoch 00122 | Time 0.0064s | L(tr) 1.1875 | A(tr) 0.8390 | L(val) 1.5162 | A(val) 0.5580 
[2026-04-20 22:48:46] [32mIntermediate result: 0.576  (Index 122)[0m
Epoch 00123 | Time 0.0066s | L(tr) 1.1605 | A(tr) 0.8390 | L(val) 1.5379 | A(val) 0.5760 
[2026-04-20 22:48:46] [32mIntermediate result: 0.57  (Index 123)[0m
Epoch 00124 | Time 0.0071s | L(tr) 1.1727 | A(tr) 0.8559 | L(val) 1.5276 | A(val) 0.5700 
[2026-04-20 22:48:46] [32mIntermediate result: 0.508  (Index 124)[0m
Epoch 00125 | Time 0.0069s | L(tr) 1.1039 | A(tr) 0.8644 | L(val) 1.5279 | A(val) 0.5080 
[2026-04-20 22:48:46] [32mIntermediate result: 0.57  (Index 125)[0m
Epoch 00126 | Time 0.0062s | L(tr) 1.1351 | A(tr) 0.7881 | L(val) 1.5125 | A(val) 0.5700 
[2026-04-20 22:48:46] [32mIntermediate result: 0.53  (Index 126)[0m
Epoch 00127 | Time 0.0066s | L(tr) 1.0976 | A(tr) 0.7966 | L(val) 1.5484 | A(val) 0.5300 
[2026-04-20 22:48:46] [32mIntermediate result: 0.594  (Index 127)[0m
Epoch 00128 | Time 0.0073s | L(tr) 1.1084 | A(tr) 0.8898 | L(val) 1.5008 | A(val) 0.5940 
[2026-04-20 22:48:46] [32mIntermediate result: 0.552  (Index 128)[0m
Epoch 00129 | Time 0.0066s | L(tr) 1.1462 | A(tr) 0.8475 | L(val) 1.5201 | A(val) 0.5520 
[2026-04-20 22:48:46] [32mIntermediate result: 0.564  (Index 129)[0m
Epoch 00130 | Time 0.0066s | L(tr) 1.1234 | A(tr) 0.8390 | L(val) 1.5225 | A(val) 0.5640 
[2026-04-20 22:48:46] [32mIntermediate result: 0.584  (Index 130)[0m
Epoch 00131 | Time 0.0061s | L(tr) 1.1751 | A(tr) 0.8729 | L(val) 1.5373 | A(val) 0.5840 
[2026-04-20 22:48:46] [32mIntermediate result: 0.496  (Index 131)[0m
Epoch 00132 | Time 0.0063s | L(tr) 1.1438 | A(tr) 0.8729 | L(val) 1.5611 | A(val) 0.4960 
[2026-04-20 22:48:46] [32mIntermediate result: 0.566  (Index 132)[0m
Epoch 00133 | Time 0.0066s | L(tr) 1.2020 | A(tr) 0.7627 | L(val) 1.5364 | A(val) 0.5660 
[2026-04-20 22:48:46] [32mIntermediate result: 0.584  (Index 133)[0m
Epoch 00134 | Time 0.0066s | L(tr) 1.1744 | A(tr) 0.8898 | L(val) 1.5324 | A(val) 0.5840 
[2026-04-20 22:48:46] [32mIntermediate result: 0.536  (Index 134)[0m
Epoch 00135 | Time 0.0065s | L(tr) 1.1646 | A(tr) 0.8559 | L(val) 1.5425 | A(val) 0.5360 
[2026-04-20 22:48:46] [32mIntermediate result: 0.538  (Index 135)[0m
Epoch 00136 | Time 0.0061s | L(tr) 1.1944 | A(tr) 0.8814 | L(val) 1.5347 | A(val) 0.5380 
[2026-04-20 22:48:46] [32mIntermediate result: 0.528  (Index 136)[0m
Epoch 00137 | Time 0.0070s | L(tr) 1.1966 | A(tr) 0.8390 | L(val) 1.5421 | A(val) 0.5280 
[2026-04-20 22:48:46] [32mIntermediate result: 0.552  (Index 137)[0m
Epoch 00138 | Time 0.0065s | L(tr) 1.2003 | A(tr) 0.8220 | L(val) 1.5380 | A(val) 0.5520 
[2026-04-20 22:48:46] [32mIntermediate result: 0.558  (Index 138)[0m
Epoch 00139 | Time 0.0071s | L(tr) 1.1685 | A(tr) 0.8729 | L(val) 1.5277 | A(val) 0.5580 
[2026-04-20 22:48:46] [32mIntermediate result: 0.566  (Index 139)[0m
Epoch 00140 | Time 0.0064s | L(tr) 1.1633 | A(tr) 0.8220 | L(val) 1.5203 | A(val) 0.5660 
[2026-04-20 22:48:46] [32mIntermediate result: 0.586  (Index 140)[0m
Epoch 00141 | Time 0.0065s | L(tr) 1.1673 | A(tr) 0.8390 | L(val) 1.5432 | A(val) 0.5860 
[2026-04-20 22:48:46] [32mIntermediate result: 0.578  (Index 141)[0m
Epoch 00142 | Time 0.0070s | L(tr) 1.1889 | A(tr) 0.8390 | L(val) 1.5064 | A(val) 0.5780 
[2026-04-20 22:48:46] [32mIntermediate result: 0.56  (Index 142)[0m
Epoch 00143 | Time 0.0066s | L(tr) 1.1308 | A(tr) 0.8475 | L(val) 1.5167 | A(val) 0.5600 
[2026-04-20 22:48:46] [32mIntermediate result: 0.568  (Index 143)[0m
Epoch 00144 | Time 0.0063s | L(tr) 1.1210 | A(tr) 0.8898 | L(val) 1.5186 | A(val) 0.5680 
[2026-04-20 22:48:46] [32mIntermediate result: 0.598  (Index 144)[0m
Epoch 00145 | Time 0.0069s | L(tr) 1.1133 | A(tr) 0.8814 | L(val) 1.4907 | A(val) 0.5980 
[2026-04-20 22:48:46] [32mIntermediate result: 0.502  (Index 145)[0m
Epoch 00146 | Time 0.0064s | L(tr) 1.1037 | A(tr) 0.8559 | L(val) 1.5441 | A(val) 0.5020 
[2026-04-20 22:48:46] [32mIntermediate result: 0.552  (Index 146)[0m
Epoch 00147 | Time 0.0064s | L(tr) 1.0946 | A(tr) 0.8898 | L(val) 1.5131 | A(val) 0.5520 
[2026-04-20 22:48:46] [32mIntermediate result: 0.47  (Index 147)[0m
Epoch 00148 | Time 0.0056s | L(tr) 1.1254 | A(tr) 0.7797 | L(val) 1.5574 | A(val) 0.4700 
[2026-04-20 22:48:46] [32mIntermediate result: 0.616  (Index 148)[0m
Epoch 00149 | Time 0.0060s | L(tr) 1.1949 | A(tr) 0.7712 | L(val) 1.5358 | A(val) 0.6160 
[2026-04-20 22:48:46] [32mIntermediate result: 0.468  (Index 149)[0m
Epoch 00150 | Time 0.0070s | L(tr) 1.1801 | A(tr) 0.8898 | L(val) 1.5587 | A(val) 0.4680 
[2026-04-20 22:48:46] [32mIntermediate result: 0.542  (Index 150)[0m
Epoch 00151 | Time 0.0060s | L(tr) 1.1740 | A(tr) 0.7881 | L(val) 1.5289 | A(val) 0.5420 
[2026-04-20 22:48:46] [32mIntermediate result: 0.546  (Index 151)[0m
Epoch 00152 | Time 0.0074s | L(tr) 1.1838 | A(tr) 0.7966 | L(val) 1.5510 | A(val) 0.5460 
[2026-04-20 22:48:46] [32mIntermediate result: 0.586  (Index 152)[0m
Epoch 00153 | Time 0.0059s | L(tr) 1.1666 | A(tr) 0.8559 | L(val) 1.5298 | A(val) 0.5860 
[2026-04-20 22:48:46] [32mIntermediate result: 0.536  (Index 153)[0m
Epoch 00154 | Time 0.0067s | L(tr) 1.1803 | A(tr) 0.8644 | L(val) 1.5317 | A(val) 0.5360 
[2026-04-20 22:48:46] [32mIntermediate result: 0.552  (Index 154)[0m
Epoch 00155 | Time 0.0069s | L(tr) 1.1810 | A(tr) 0.8220 | L(val) 1.5266 | A(val) 0.5520 
[2026-04-20 22:48:46] [32mIntermediate result: 0.534  (Index 155)[0m
Epoch 00156 | Time 0.0061s | L(tr) 1.1938 | A(tr) 0.8390 | L(val) 1.5484 | A(val) 0.5340 
[2026-04-20 22:48:46] [32mIntermediate result: 0.596  (Index 156)[0m
Epoch 00157 | Time 0.0061s | L(tr) 1.1482 | A(tr) 0.8729 | L(val) 1.5004 | A(val) 0.5960 
[2026-04-20 22:48:46] [32mIntermediate result: 0.532  (Index 157)[0m
Epoch 00158 | Time 0.0070s | L(tr) 1.1368 | A(tr) 0.8390 | L(val) 1.5301 | A(val) 0.5320 
[2026-04-20 22:48:46] [32mIntermediate result: 0.582  (Index 158)[0m
Epoch 00159 | Time 0.0065s | L(tr) 1.1116 | A(tr) 0.9068 | L(val) 1.5190 | A(val) 0.5820 
[2026-04-20 22:48:46] [32mIntermediate result: 0.552  (Index 159)[0m
Epoch 00160 | Time 0.0058s | L(tr) 1.1425 | A(tr) 0.8475 | L(val) 1.5180 | A(val) 0.5520 
[2026-04-20 22:48:46] [32mIntermediate result: 0.47  (Index 160)[0m
Epoch 00161 | Time 0.0066s | L(tr) 1.1302 | A(tr) 0.8220 | L(val) 1.5460 | A(val) 0.4700 
[2026-04-20 22:48:46] [32mIntermediate result: 0.578  (Index 161)[0m
Epoch 00162 | Time 0.0058s | L(tr) 1.1514 | A(tr) 0.8390 | L(val) 1.5295 | A(val) 0.5780 
[2026-04-20 22:48:46] [32mIntermediate result: 0.55  (Index 162)[0m
Epoch 00163 | Time 0.0065s | L(tr) 1.1798 | A(tr) 0.8051 | L(val) 1.5378 | A(val) 0.5500 
[2026-04-20 22:48:46] [32mIntermediate result: 0.49  (Index 163)[0m
Epoch 00164 | Time 0.0058s | L(tr) 1.1427 | A(tr) 0.8729 | L(val) 1.5215 | A(val) 0.4900 
[2026-04-20 22:48:46] [32mIntermediate result: 0.542  (Index 164)[0m
Epoch 00165 | Time 0.0063s | L(tr) 1.1635 | A(tr) 0.8559 | L(val) 1.5390 | A(val) 0.5420 
[2026-04-20 22:48:46] [32mIntermediate result: 0.568  (Index 165)[0m
Epoch 00166 | Time 0.0063s | L(tr) 1.1674 | A(tr) 0.7881 | L(val) 1.5405 | A(val) 0.5680 
[2026-04-20 22:48:46] [32mIntermediate result: 0.436  (Index 166)[0m
Epoch 00167 | Time 0.0055s | L(tr) 1.1971 | A(tr) 0.8136 | L(val) 1.5517 | A(val) 0.4360 
[2026-04-20 22:48:46] [32mIntermediate result: 0.492  (Index 167)[0m
Epoch 00168 | Time 0.0072s | L(tr) 1.2159 | A(tr) 0.7373 | L(val) 1.5559 | A(val) 0.4920 
[2026-04-20 22:48:46] [32mIntermediate result: 0.476  (Index 168)[0m
Epoch 00169 | Time 0.0068s | L(tr) 1.2280 | A(tr) 0.8136 | L(val) 1.5785 | A(val) 0.4760 
[2026-04-20 22:48:46] [32mIntermediate result: 0.566  (Index 169)[0m
Epoch 00170 | Time 0.0063s | L(tr) 1.2298 | A(tr) 0.7966 | L(val) 1.5223 | A(val) 0.5660 
[2026-04-20 22:48:46] [32mIntermediate result: 0.46  (Index 170)[0m
Epoch 00171 | Time 0.0066s | L(tr) 1.2047 | A(tr) 0.8136 | L(val) 1.5822 | A(val) 0.4600 
[2026-04-20 22:48:46] [32mIntermediate result: 0.55  (Index 171)[0m
Epoch 00172 | Time 0.0059s | L(tr) 1.2546 | A(tr) 0.7881 | L(val) 1.5870 | A(val) 0.5500 
[2026-04-20 22:48:46] [32mIntermediate result: 0.584  (Index 172)[0m
Epoch 00173 | Time 0.0071s | L(tr) 1.2291 | A(tr) 0.8305 | L(val) 1.5277 | A(val) 0.5840 
[2026-04-20 22:48:46] [32mIntermediate result: 0.512  (Index 173)[0m
Epoch 00174 | Time 0.0061s | L(tr) 1.2174 | A(tr) 0.8051 | L(val) 1.5411 | A(val) 0.5120 
[2026-04-20 22:48:46] [32mIntermediate result: 0.566  (Index 174)[0m
Epoch 00175 | Time 0.0073s | L(tr) 1.2226 | A(tr) 0.7373 | L(val) 1.5444 | A(val) 0.5660 
[2026-04-20 22:48:46] [32mIntermediate result: 0.556  (Index 175)[0m
Epoch 00176 | Time 0.0066s | L(tr) 1.1718 | A(tr) 0.8898 | L(val) 1.5241 | A(val) 0.5560 
[2026-04-20 22:48:46] [32mIntermediate result: 0.464  (Index 176)[0m
Epoch 00177 | Time 0.0070s | L(tr) 1.1853 | A(tr) 0.8559 | L(val) 1.5621 | A(val) 0.4640 
[2026-04-20 22:48:46] [32mIntermediate result: 0.526  (Index 177)[0m
Epoch 00178 | Time 0.0064s | L(tr) 1.1451 | A(tr) 0.7712 | L(val) 1.5221 | A(val) 0.5260 
[2026-04-20 22:48:46] [32mIntermediate result: 0.478  (Index 178)[0m
Epoch 00179 | Time 0.0068s | L(tr) 1.1519 | A(tr) 0.8644 | L(val) 1.5634 | A(val) 0.4780 
[2026-04-20 22:48:46] [32mIntermediate result: 0.572  (Index 179)[0m
Epoch 00180 | Time 0.0068s | L(tr) 1.1552 | A(tr) 0.8475 | L(val) 1.5070 | A(val) 0.5720 
[2026-04-20 22:48:46] [32mIntermediate result: 0.524  (Index 180)[0m
Epoch 00181 | Time 0.0070s | L(tr) 1.1474 | A(tr) 0.8559 | L(val) 1.5453 | A(val) 0.5240 
[2026-04-20 22:48:46] [32mIntermediate result: 0.524  (Index 181)[0m
Epoch 00182 | Time 0.0061s | L(tr) 1.1591 | A(tr) 0.8220 | L(val) 1.5486 | A(val) 0.5240 
[2026-04-20 22:48:46] [32mIntermediate result: 0.49  (Index 182)[0m
Epoch 00183 | Time 0.0073s | L(tr) 1.1738 | A(tr) 0.8305 | L(val) 1.5646 | A(val) 0.4900 
[2026-04-20 22:48:46] [32mIntermediate result: 0.5  (Index 183)[0m
Epoch 00184 | Time 0.0060s | L(tr) 1.2136 | A(tr) 0.7288 | L(val) 1.5627 | A(val) 0.5000 
[2026-04-20 22:48:46] [32mIntermediate result: 0.612  (Index 184)[0m
Epoch 00185 | Time 0.0065s | L(tr) 1.1972 | A(tr) 0.8136 | L(val) 1.5151 | A(val) 0.6120 
[2026-04-20 22:48:46] [32mIntermediate result: 0.53  (Index 185)[0m
Epoch 00186 | Time 0.0079s | L(tr) 1.1996 | A(tr) 0.8390 | L(val) 1.5410 | A(val) 0.5300 
[2026-04-20 22:48:46] [32mIntermediate result: 0.568  (Index 186)[0m
Epoch 00187 | Time 0.0066s | L(tr) 1.1888 | A(tr) 0.7797 | L(val) 1.5185 | A(val) 0.5680 
[2026-04-20 22:48:46] [32mIntermediate result: 0.572  (Index 187)[0m
Epoch 00188 | Time 0.0073s | L(tr) 1.1494 | A(tr) 0.8220 | L(val) 1.5241 | A(val) 0.5720 
[2026-04-20 22:48:46] [32mIntermediate result: 0.52  (Index 188)[0m
Epoch 00189 | Time 0.0071s | L(tr) 1.1635 | A(tr) 0.8644 | L(val) 1.5199 | A(val) 0.5200 
[2026-04-20 22:48:46] [32mIntermediate result: 0.566  (Index 189)[0m
Epoch 00190 | Time 0.0069s | L(tr) 1.1059 | A(tr) 0.8136 | L(val) 1.5044 | A(val) 0.5660 
[2026-04-20 22:48:46] [32mIntermediate result: 0.56  (Index 190)[0m
Epoch 00191 | Time 0.0068s | L(tr) 1.1273 | A(tr) 0.8898 | L(val) 1.5415 | A(val) 0.5600 
[2026-04-20 22:48:46] [32mIntermediate result: 0.506  (Index 191)[0m
Epoch 00192 | Time 0.0070s | L(tr) 1.1381 | A(tr) 0.8220 | L(val) 1.5460 | A(val) 0.5060 
[2026-04-20 22:48:46] [32mIntermediate result: 0.506  (Index 192)[0m
Epoch 00193 | Time 0.0061s | L(tr) 1.1437 | A(tr) 0.8559 | L(val) 1.5319 | A(val) 0.5060 
[2026-04-20 22:48:46] [32mIntermediate result: 0.516  (Index 193)[0m
Epoch 00194 | Time 0.0075s | L(tr) 1.1558 | A(tr) 0.7966 | L(val) 1.5405 | A(val) 0.5160 
[2026-04-20 22:48:46] [32mIntermediate result: 0.462  (Index 194)[0m
Epoch 00195 | Time 0.0078s | L(tr) 1.1653 | A(tr) 0.7881 | L(val) 1.5613 | A(val) 0.4620 
[2026-04-20 22:48:46] [32mIntermediate result: 0.48  (Index 195)[0m
Epoch 00196 | Time 0.0070s | L(tr) 1.1656 | A(tr) 0.8051 | L(val) 1.5409 | A(val) 0.4800 
[2026-04-20 22:48:46] [32mIntermediate result: 0.478  (Index 196)[0m
Epoch 00197 | Time 0.0074s | L(tr) 1.2243 | A(tr) 0.6864 | L(val) 1.5812 | A(val) 0.4780 
[2026-04-20 22:48:46] [32mIntermediate result: 0.518  (Index 197)[0m
Epoch 00198 | Time 0.0066s | L(tr) 1.2131 | A(tr) 0.7966 | L(val) 1.5256 | A(val) 0.5180 
[2026-04-20 22:48:46] [32mIntermediate result: 0.53  (Index 198)[0m
Epoch 00199 | Time 0.0066s | L(tr) 1.1917 | A(tr) 0.8390 | L(val) 1.5479 | A(val) 0.5300 
[2026-04-20 22:48:46] [32mIntermediate result: 0.552  (Index 199)[0m
Epoch 00200 | Time 0.0076s | L(tr) 1.2347 | A(tr) 0.7712 | L(val) 1.5388 | A(val) 0.5520 
Traceback (most recent call last):
  File "C:\Users\fbrev\Documents\Acadêmico\Simulações\Python\NoisyGL\single_exp.py", line 247, in <module>
    train_thread.join()
  File "C:\Users\fbrev\anaconda3\envs\noisygl\Lib\threading.py", line 1119, in join
    self._wait_for_tstate_lock()
  File "C:\Users\fbrev\anaconda3\envs\noisygl\Lib\threading.py", line 1139, in _wait_for_tstate_lock
    if lock.acquire(block, timeout):
       ^^^^^^^^^^^^^^^^^^^^^^^^^^^^
KeyboardInterrupt
