Process SpawnProcess-1:
Traceback (most recent call last):
  File "C:\Users\fbrev\anaconda3\envs\noisygl\Lib\multiprocessing\process.py", line 314, in _bootstrap
    self.run()
  File "C:\Users\fbrev\anaconda3\envs\noisygl\Lib\multiprocessing\process.py", line 108, in run
    self._target(*self._args, **self._kwargs)
  File "C:\Users\fbrev\Documents\Acadêmico\Simulações\Python\NoisyGL\predictor\LNPCC_Predictor.py", line 607, in _lnpcc_worker_func
    worker_thread.join()
  File "C:\Users\fbrev\anaconda3\envs\noisygl\Lib\threading.py", line 1119, in join
    self._wait_for_tstate_lock()
  File "C:\Users\fbrev\anaconda3\envs\noisygl\Lib\threading.py", line 1139, in _wait_for_tstate_lock
    if lock.acquire(block, timeout):
       ^^^^^^^^^^^^^^^^^^^^^^^^^^^^
KeyboardInterrupt

During handling of the above exception, another exception occurred:

Traceback (most recent call last):
  File "<string>", line 1, in <module>
  File "C:\Users\fbrev\anaconda3\envs\noisygl\Lib\multiprocessing\spawn.py", line 122, in spawn_main
    exitcode = _main(fd, parent_sentinel)
               ^^^^^^^^^^^^^^^^^^^^^^^^^^
  File "C:\Users\fbrev\anaconda3\envs\noisygl\Lib\multiprocessing\spawn.py", line 135, in _main
    return self._bootstrap(parent_sentinel)
           ^^^^^^^^^^^^^^^^^^^^^^^^^^^^^^^^
  File "C:\Users\fbrev\anaconda3\envs\noisygl\Lib\multiprocessing\process.py", line 330, in _bootstrap
    traceback.print_exc()
  File "C:\Users\fbrev\anaconda3\envs\noisygl\Lib\traceback.py", line 180, in print_exc
    print_exception(*sys.exc_info(), limit=limit, file=file, chain=chain)
  File "C:\Users\fbrev\anaconda3\envs\noisygl\Lib\traceback.py", line 124, in print_exception
    te = TracebackException(type(value), value, tb, limit=limit, compact=True)
         ^^^^^^^^^^^^^^^^^^^^^^^^^^^^^^^^^^^^^^^^^^^^^^^^^^^^^^^^^^^^^^^^^^^^^
  File "C:\Users\fbrev\anaconda3\envs\noisygl\Lib\traceback.py", line 728, in __init__
    self.stack = StackSummary._extract_from_extended_frame_gen(
                 ^^^^^^^^^^^^^^^^^^^^^^^^^^^^^^^^^^^^^^^^^^^^^^
  File "C:\Users\fbrev\anaconda3\envs\noisygl\Lib\traceback.py", line 433, in _extract_from_extended_frame_gen
    f.line
  File "C:\Users\fbrev\anaconda3\envs\noisygl\Lib\traceback.py", line 318, in line
    self._line = linecache.getline(self.filename, self.lineno)
                 ^^^^^^^^^^^^^^^^^^^^^^^^^^^^^^^^^^^^^^^^^^^^^
  File "C:\Users\fbrev\anaconda3\envs\noisygl\Lib\linecache.py", line 30, in getline
    lines = getlines(filename, module_globals)
            ^^^^^^^^^^^^^^^^^^^^^^^^^^^^^^^^^^
  File "C:\Users\fbrev\anaconda3\envs\noisygl\Lib\linecache.py", line 46, in getlines
    return updatecache(filename, module_globals)
           ^^^^^^^^^^^^^^^^^^^^^^^^^^^^^^^^^^^^^
  File "C:\Users\fbrev\anaconda3\envs\noisygl\Lib\linecache.py", line 136, in updatecache
    with tokenize.open(fullname) as fp:
         ^^^^^^^^^^^^^^^^^^^^^^^
  File "C:\Users\fbrev\anaconda3\envs\noisygl\Lib\tokenize.py", line 396, in open
    buffer = _builtin_open(filename, 'rb')
             ^^^^^^^^^^^^^^^^^^^^^^^^^^^^^
KeyboardInterrupt
Namespace(dataset='amazon-ratings', method='lnpcc', noise_type='pair', noise_rate=0.5, device='cuda:0', seed=3008, params_json='{"knn_mode": "u", "dexp": 8.347965729538782, "p_grd": 0.4624677048747462, "unc_rem": 0.939615569876484, "unc_rel": 0.6646542306474097, "dropout": 0.523202916977068, "n_hidden": 32, "n_layer": 4, "lr": 0.001, "weight_decay": 0.001}')
----Data statistics------'
                Name: amazon-ratings
                #Nodes 24492
                #Edges 93050
                #Classes 5
                #Ave_degree 7.60
----Split statistics------'
                #Train samples 1224 (5.0 % of nodes)
                #Val samples 3673 (15.0 % of nodes)
                #Test samples 19595 (remaining)
Current device: cpu
[Params] Overriding from --params_json: {'knn_mode': 'u', 'dexp': 8.347965729538782, 'p_grd': 0.4624677048747462, 'unc_rem': 0.939615569876484, 'unc_rel': 0.6646542306474097, 'dropout': 0.523202916977068, 'n_hidden': 32, 'n_layer': 4, 'lr': 0.001, 'weight_decay': 0.001}
----label noise information:------
Pair noise
#Actual noise rate 0.50 
[2026-04-17 16:38:43] [32mIntermediate result: 0.18295671113531173  (Index 0)[0m
Epoch 00001 | Time 0.8936s | L(tr) 1.6083 | A(tr) 0.1830 | L(val) 1.6058 | A(val) 0.1830 *
[2026-04-17 16:38:43] [32mIntermediate result: 0.27007895453307923  (Index 1)[0m
Epoch 00002 | Time 0.1570s | L(tr) 1.6055 | A(tr) 0.2010 | L(val) 1.6030 | A(val) 0.2701 *
[2026-04-17 16:38:43] [32mIntermediate result: 0.31554587530628914  (Index 2)[0m
Epoch 00003 | Time 0.0896s | L(tr) 1.6030 | A(tr) 0.2345 | L(val) 1.6001 | A(val) 0.3155 *
[2026-04-17 16:38:43] [32mIntermediate result: 0.32044650149741355  (Index 3)[0m
Epoch 00004 | Time 0.0262s | L(tr) 1.5996 | A(tr) 0.2990 | L(val) 1.5972 | A(val) 0.3204 *
[2026-04-17 16:38:43] [32mIntermediate result: 0.3212632725292676  (Index 4)[0m
Epoch 00005 | Time 0.0226s | L(tr) 1.5972 | A(tr) 0.2917 | L(val) 1.5942 | A(val) 0.3213 *
[2026-04-17 16:38:43] [32mIntermediate result: 0.3163626463381432  (Index 5)[0m
Epoch 00006 | Time 0.0241s | L(tr) 1.5936 | A(tr) 0.3325 | L(val) 1.5911 | A(val) 0.3164 
[2026-04-17 16:38:43] [32mIntermediate result: 0.313912333242581  (Index 6)[0m
Epoch 00007 | Time 0.0216s | L(tr) 1.5907 | A(tr) 0.3129 | L(val) 1.5878 | A(val) 0.3139 
[2026-04-17 16:38:43] [32mIntermediate result: 0.3062891369452763  (Index 7)[0m
Epoch 00008 | Time 0.0226s | L(tr) 1.5869 | A(tr) 0.3252 | L(val) 1.5844 | A(val) 0.3063 
[2026-04-17 16:38:43] [32mIntermediate result: 0.30737816498774845  (Index 8)[0m
Epoch 00009 | Time 0.0236s | L(tr) 1.5830 | A(tr) 0.3072 | L(val) 1.5809 | A(val) 0.3074 
[2026-04-17 16:38:43] [32mIntermediate result: 0.3081949360196025  (Index 9)[0m
Epoch 00010 | Time 0.0246s | L(tr) 1.5805 | A(tr) 0.2998 | L(val) 1.5771 | A(val) 0.3082 
[2026-04-17 16:38:43] [32mIntermediate result: 0.30520010890280425  (Index 10)[0m
Epoch 00011 | Time 0.0266s | L(tr) 1.5757 | A(tr) 0.3088 | L(val) 1.5733 | A(val) 0.3052 
[2026-04-17 16:38:43] [32mIntermediate result: 0.3065613939558944  (Index 11)[0m
Epoch 00012 | Time 0.0243s | L(tr) 1.5719 | A(tr) 0.3072 | L(val) 1.5693 | A(val) 0.3066 
[2026-04-17 16:38:43] [32mIntermediate result: 0.30274979580724204  (Index 12)[0m
Epoch 00013 | Time 0.0236s | L(tr) 1.5672 | A(tr) 0.3162 | L(val) 1.5651 | A(val) 0.3027 
[2026-04-17 16:38:43] [32mIntermediate result: 0.3008439967329159  (Index 13)[0m
Epoch 00014 | Time 0.0261s | L(tr) 1.5611 | A(tr) 0.3064 | L(val) 1.5608 | A(val) 0.3008 
[2026-04-17 16:38:43] [32mIntermediate result: 0.30193302477538797  (Index 14)[0m
Epoch 00015 | Time 0.0275s | L(tr) 1.5569 | A(tr) 0.3047 | L(val) 1.5564 | A(val) 0.3019 
[2026-04-17 16:38:43] [32mIntermediate result: 0.30166076776476997  (Index 15)[0m
Epoch 00016 | Time 0.0237s | L(tr) 1.5532 | A(tr) 0.3154 | L(val) 1.5518 | A(val) 0.3017 
[2026-04-17 16:38:43] [32mIntermediate result: 0.3013885107541519  (Index 16)[0m
Epoch 00017 | Time 0.0230s | L(tr) 1.5489 | A(tr) 0.3105 | L(val) 1.5471 | A(val) 0.3014 
[2026-04-17 16:38:43] [32mIntermediate result: 0.30166076776476997  (Index 17)[0m
Epoch 00018 | Time 0.0217s | L(tr) 1.5442 | A(tr) 0.3178 | L(val) 1.5423 | A(val) 0.3017 
[2026-04-17 16:38:43] [32mIntermediate result: 0.30193302477538797  (Index 18)[0m
Epoch 00019 | Time 0.0189s | L(tr) 1.5402 | A(tr) 0.3113 | L(val) 1.5375 | A(val) 0.3019 
[2026-04-17 16:38:43] [32mIntermediate result: 0.302205281786006  (Index 19)[0m
Epoch 00020 | Time 0.0211s | L(tr) 1.5334 | A(tr) 0.3178 | L(val) 1.5326 | A(val) 0.3022 
[2026-04-17 16:38:43] [32mIntermediate result: 0.302205281786006  (Index 20)[0m
Epoch 00021 | Time 0.0207s | L(tr) 1.5287 | A(tr) 0.3178 | L(val) 1.5277 | A(val) 0.3022 
[2026-04-17 16:38:43] [32mIntermediate result: 0.302205281786006  (Index 21)[0m
Epoch 00022 | Time 0.0212s | L(tr) 1.5242 | A(tr) 0.3186 | L(val) 1.5228 | A(val) 0.3022 
[2026-04-17 16:38:43] [32mIntermediate result: 0.302205281786006  (Index 22)[0m
Epoch 00023 | Time 0.0195s | L(tr) 1.5188 | A(tr) 0.3113 | L(val) 1.5181 | A(val) 0.3022 
[2026-04-17 16:38:43] [32mIntermediate result: 0.302205281786006  (Index 23)[0m
Epoch 00024 | Time 0.0220s | L(tr) 1.5114 | A(tr) 0.3203 | L(val) 1.5134 | A(val) 0.3022 
[2026-04-17 16:38:43] [32mIntermediate result: 0.302205281786006  (Index 24)[0m
Epoch 00025 | Time 0.0230s | L(tr) 1.5009 | A(tr) 0.3325 | L(val) 1.5090 | A(val) 0.3022 
[2026-04-17 16:38:43] [32mIntermediate result: 0.302205281786006  (Index 25)[0m
Epoch 00026 | Time 0.0228s | L(tr) 1.5017 | A(tr) 0.3113 | L(val) 1.5049 | A(val) 0.3022 
[2026-04-17 16:38:44] [32mIntermediate result: 0.302205281786006  (Index 26)[0m
Epoch 00027 | Time 0.0226s | L(tr) 1.4983 | A(tr) 0.3145 | L(val) 1.5013 | A(val) 0.3022 
[2026-04-17 16:38:44] [32mIntermediate result: 0.302205281786006  (Index 27)[0m
Epoch 00028 | Time 0.0207s | L(tr) 1.4942 | A(tr) 0.3113 | L(val) 1.4981 | A(val) 0.3022 
[2026-04-17 16:38:44] [32mIntermediate result: 0.302205281786006  (Index 28)[0m
Epoch 00029 | Time 0.0231s | L(tr) 1.4931 | A(tr) 0.3096 | L(val) 1.4954 | A(val) 0.3022 
[2026-04-17 16:38:44] [32mIntermediate result: 0.302205281786006  (Index 29)[0m
Epoch 00030 | Time 0.0253s | L(tr) 1.4932 | A(tr) 0.3015 | L(val) 1.4934 | A(val) 0.3022 
[2026-04-17 16:38:44] [32mIntermediate result: 0.302205281786006  (Index 30)[0m
Epoch 00031 | Time 0.0213s | L(tr) 1.4888 | A(tr) 0.3243 | L(val) 1.4920 | A(val) 0.3022 
[2026-04-17 16:38:44] [32mIntermediate result: 0.302205281786006  (Index 31)[0m
Epoch 00032 | Time 0.0244s | L(tr) 1.4809 | A(tr) 0.3072 | L(val) 1.4911 | A(val) 0.3022 
[2026-04-17 16:38:44] [32mIntermediate result: 0.302205281786006  (Index 32)[0m
Epoch 00033 | Time 0.0227s | L(tr) 1.4806 | A(tr) 0.3211 | L(val) 1.4907 | A(val) 0.3022 
[2026-04-17 16:38:44] [32mIntermediate result: 0.302205281786006  (Index 33)[0m
Epoch 00034 | Time 0.0279s | L(tr) 1.4896 | A(tr) 0.3137 | L(val) 1.4907 | A(val) 0.3022 
[2026-04-17 16:38:44] [32mIntermediate result: 0.302205281786006  (Index 34)[0m
Epoch 00035 | Time 0.0215s | L(tr) 1.4773 | A(tr) 0.3227 | L(val) 1.4909 | A(val) 0.3022 
[2026-04-17 16:38:44] [32mIntermediate result: 0.302205281786006  (Index 35)[0m
Epoch 00036 | Time 0.0228s | L(tr) 1.4894 | A(tr) 0.3080 | L(val) 1.4911 | A(val) 0.3022 
[2026-04-17 16:38:44] [32mIntermediate result: 0.302205281786006  (Index 36)[0m
Epoch 00037 | Time 0.0241s | L(tr) 1.4870 | A(tr) 0.2974 | L(val) 1.4914 | A(val) 0.3022 
[2026-04-17 16:38:44] [32mIntermediate result: 0.302205281786006  (Index 37)[0m
Epoch 00038 | Time 0.0216s | L(tr) 1.4829 | A(tr) 0.3162 | L(val) 1.4915 | A(val) 0.3022 
[2026-04-17 16:38:44] [32mIntermediate result: 0.302205281786006  (Index 38)[0m
Epoch 00039 | Time 0.0220s | L(tr) 1.4807 | A(tr) 0.3292 | L(val) 1.4915 | A(val) 0.3022 
[2026-04-17 16:38:44] [32mIntermediate result: 0.302205281786006  (Index 39)[0m
Epoch 00040 | Time 0.0210s | L(tr) 1.4784 | A(tr) 0.3350 | L(val) 1.4912 | A(val) 0.3022 
[2026-04-17 16:38:44] [32mIntermediate result: 0.302205281786006  (Index 40)[0m
Epoch 00041 | Time 0.0196s | L(tr) 1.4753 | A(tr) 0.3211 | L(val) 1.4909 | A(val) 0.3022 
[2026-04-17 16:38:44] [32mIntermediate result: 0.30166076776476997  (Index 41)[0m
Epoch 00042 | Time 0.0208s | L(tr) 1.4810 | A(tr) 0.3015 | L(val) 1.4903 | A(val) 0.3017 
[2026-04-17 16:38:44] [32mIntermediate result: 0.30166076776476997  (Index 42)[0m
Epoch 00043 | Time 0.0216s | L(tr) 1.4763 | A(tr) 0.3194 | L(val) 1.4898 | A(val) 0.3017 
[2026-04-17 16:38:44] [32mIntermediate result: 0.3038388238497141  (Index 43)[0m
Epoch 00044 | Time 0.0206s | L(tr) 1.4867 | A(tr) 0.3170 | L(val) 1.4893 | A(val) 0.3038 
[2026-04-17 16:38:44] [32mIntermediate result: 0.3109175061257827  (Index 44)[0m
Epoch 00045 | Time 0.0212s | L(tr) 1.4867 | A(tr) 0.3072 | L(val) 1.4888 | A(val) 0.3109 
[2026-04-17 16:38:44] [32mIntermediate result: 0.31336781922134493  (Index 45)[0m
Epoch 00046 | Time 0.0207s | L(tr) 1.4841 | A(tr) 0.3105 | L(val) 1.4884 | A(val) 0.3134 
[2026-04-17 16:38:44] [32mIntermediate result: 0.3160903893275252  (Index 46)[0m
Epoch 00047 | Time 0.0248s | L(tr) 1.4801 | A(tr) 0.3056 | L(val) 1.4881 | A(val) 0.3161 
[2026-04-17 16:38:44] [32mIntermediate result: 0.31554587530628914  (Index 47)[0m
Epoch 00048 | Time 0.0217s | L(tr) 1.4789 | A(tr) 0.3227 | L(val) 1.4879 | A(val) 0.3155 
[2026-04-17 16:38:44] [32mIntermediate result: 0.3163626463381432  (Index 48)[0m
Epoch 00049 | Time 0.0243s | L(tr) 1.4880 | A(tr) 0.2917 | L(val) 1.4878 | A(val) 0.3164 
[2026-04-17 16:38:44] [32mIntermediate result: 0.31581813231690714  (Index 49)[0m
Epoch 00050 | Time 0.0219s | L(tr) 1.4820 | A(tr) 0.3088 | L(val) 1.4878 | A(val) 0.3158 
[2026-04-17 16:38:44] [32mIntermediate result: 0.31581813231690714  (Index 50)[0m
Epoch 00051 | Time 0.0213s | L(tr) 1.4806 | A(tr) 0.2958 | L(val) 1.4878 | A(val) 0.3158 
[2026-04-17 16:38:44] [32mIntermediate result: 0.313912333242581  (Index 51)[0m
Epoch 00052 | Time 0.0229s | L(tr) 1.4840 | A(tr) 0.3015 | L(val) 1.4879 | A(val) 0.3139 
[2026-04-17 16:38:44] [32mIntermediate result: 0.30982847808331065  (Index 52)[0m
Epoch 00053 | Time 0.0213s | L(tr) 1.4743 | A(tr) 0.3194 | L(val) 1.4880 | A(val) 0.3098 
[2026-04-17 16:38:44] [32mIntermediate result: 0.3062891369452763  (Index 53)[0m
Epoch 00054 | Time 0.0203s | L(tr) 1.4778 | A(tr) 0.3194 | L(val) 1.4880 | A(val) 0.3063 
[2026-04-17 16:38:44] [32mIntermediate result: 0.30247753879662403  (Index 54)[0m
Epoch 00055 | Time 0.0230s | L(tr) 1.4762 | A(tr) 0.3178 | L(val) 1.4881 | A(val) 0.3025 
[2026-04-17 16:38:44] [32mIntermediate result: 0.3013885107541519  (Index 55)[0m
Epoch 00056 | Time 0.0228s | L(tr) 1.4805 | A(tr) 0.3007 | L(val) 1.4880 | A(val) 0.3014 
[2026-04-17 16:38:44] [32mIntermediate result: 0.3013885107541519  (Index 56)[0m
Epoch 00057 | Time 0.0280s | L(tr) 1.4780 | A(tr) 0.3203 | L(val) 1.4880 | A(val) 0.3014 
[2026-04-17 16:38:44] [32mIntermediate result: 0.3011162537435339  (Index 57)[0m
Epoch 00058 | Time 0.0235s | L(tr) 1.4802 | A(tr) 0.3023 | L(val) 1.4879 | A(val) 0.3011 
[2026-04-17 16:38:44] [32mIntermediate result: 0.302205281786006  (Index 58)[0m
Epoch 00059 | Time 0.0214s | L(tr) 1.4781 | A(tr) 0.3072 | L(val) 1.4879 | A(val) 0.3022 
[2026-04-17 16:38:44] [32mIntermediate result: 0.30029948271167983  (Index 59)[0m
Epoch 00060 | Time 0.0223s | L(tr) 1.4757 | A(tr) 0.3301 | L(val) 1.4878 | A(val) 0.3003 
[2026-04-17 16:38:44] [32mIntermediate result: 0.30057173972229784  (Index 60)[0m
Epoch 00061 | Time 0.0225s | L(tr) 1.4786 | A(tr) 0.3219 | L(val) 1.4876 | A(val) 0.3006 
[2026-04-17 16:38:44] [32mIntermediate result: 0.3013885107541519  (Index 61)[0m
Epoch 00062 | Time 0.0230s | L(tr) 1.4830 | A(tr) 0.2925 | L(val) 1.4875 | A(val) 0.3014 
[2026-04-17 16:38:44] [32mIntermediate result: 0.30193302477538797  (Index 62)[0m
Epoch 00063 | Time 0.0248s | L(tr) 1.4733 | A(tr) 0.3186 | L(val) 1.4874 | A(val) 0.3019 
[2026-04-17 16:38:44] [32mIntermediate result: 0.30166076776476997  (Index 63)[0m
Epoch 00064 | Time 0.0213s | L(tr) 1.4750 | A(tr) 0.3154 | L(val) 1.4873 | A(val) 0.3017 
[2026-04-17 16:38:44] [32mIntermediate result: 0.30166076776476997  (Index 64)[0m
Epoch 00065 | Time 0.0247s | L(tr) 1.4744 | A(tr) 0.3186 | L(val) 1.4872 | A(val) 0.3017 
[2026-04-17 16:38:44] [32mIntermediate result: 0.30166076776476997  (Index 65)[0m
Epoch 00066 | Time 0.0220s | L(tr) 1.4773 | A(tr) 0.3088 | L(val) 1.4871 | A(val) 0.3017 
[2026-04-17 16:38:44] [32mIntermediate result: 0.30166076776476997  (Index 66)[0m
Epoch 00067 | Time 0.0216s | L(tr) 1.4703 | A(tr) 0.3309 | L(val) 1.4870 | A(val) 0.3017 
[2026-04-17 16:38:44] [32mIntermediate result: 0.30166076776476997  (Index 67)[0m
Epoch 00068 | Time 0.0240s | L(tr) 1.4735 | A(tr) 0.3211 | L(val) 1.4869 | A(val) 0.3017 
[2026-04-17 16:38:44] [32mIntermediate result: 0.30166076776476997  (Index 68)[0m
Epoch 00069 | Time 0.0214s | L(tr) 1.4779 | A(tr) 0.3211 | L(val) 1.4868 | A(val) 0.3017 
[2026-04-17 16:38:44] [32mIntermediate result: 0.3013885107541519  (Index 69)[0m
Epoch 00070 | Time 0.0220s | L(tr) 1.4804 | A(tr) 0.2982 | L(val) 1.4868 | A(val) 0.3014 
[2026-04-17 16:38:45] [32mIntermediate result: 0.3013885107541519  (Index 70)[0m
Epoch 00071 | Time 0.0226s | L(tr) 1.4764 | A(tr) 0.3145 | L(val) 1.4867 | A(val) 0.3014 
[2026-04-17 16:38:45] [32mIntermediate result: 0.30057173972229784  (Index 71)[0m
Epoch 00072 | Time 0.0224s | L(tr) 1.4736 | A(tr) 0.3096 | L(val) 1.4867 | A(val) 0.3006 
[2026-04-17 16:38:45] [32mIntermediate result: 0.3008439967329159  (Index 72)[0m
Epoch 00073 | Time 0.1370s | L(tr) 1.4733 | A(tr) 0.3260 | L(val) 1.4866 | A(val) 0.3008 
[2026-04-17 16:38:45] [32mIntermediate result: 0.302205281786006  (Index 73)[0m
Epoch 00074 | Time 0.0846s | L(tr) 1.4790 | A(tr) 0.3227 | L(val) 1.4865 | A(val) 0.3022 
[2026-04-17 16:38:45] [32mIntermediate result: 0.30193302477538797  (Index 74)[0m
Epoch 00075 | Time 0.0258s | L(tr) 1.4751 | A(tr) 0.3121 | L(val) 1.4865 | A(val) 0.3019 
[2026-04-17 16:38:45] [32mIntermediate result: 0.30247753879662403  (Index 75)[0m
Epoch 00076 | Time 0.0246s | L(tr) 1.4740 | A(tr) 0.3162 | L(val) 1.4864 | A(val) 0.3025 
[2026-04-17 16:38:45] [32mIntermediate result: 0.30193302477538797  (Index 76)[0m
Epoch 00077 | Time 0.0261s | L(tr) 1.4790 | A(tr) 0.3080 | L(val) 1.4863 | A(val) 0.3019 
[2026-04-17 16:38:45] [32mIntermediate result: 0.3013885107541519  (Index 77)[0m
Epoch 00078 | Time 0.0245s | L(tr) 1.4722 | A(tr) 0.3178 | L(val) 1.4863 | A(val) 0.3014 
[2026-04-17 16:38:45] [32mIntermediate result: 0.302205281786006  (Index 78)[0m
Epoch 00079 | Time 0.0275s | L(tr) 1.4785 | A(tr) 0.3007 | L(val) 1.4862 | A(val) 0.3022 
[2026-04-17 16:38:45] [32mIntermediate result: 0.3013885107541519  (Index 79)[0m
Epoch 00080 | Time 0.0219s | L(tr) 1.4728 | A(tr) 0.3039 | L(val) 1.4862 | A(val) 0.3014 
[2026-04-17 16:38:45] [32mIntermediate result: 0.3008439967329159  (Index 80)[0m
Epoch 00081 | Time 0.0218s | L(tr) 1.4756 | A(tr) 0.3325 | L(val) 1.4861 | A(val) 0.3008 
[2026-04-17 16:38:45] [32mIntermediate result: 0.3008439967329159  (Index 81)[0m
Epoch 00082 | Time 0.0201s | L(tr) 1.4677 | A(tr) 0.3252 | L(val) 1.4861 | A(val) 0.3008 
[2026-04-17 16:38:45] [32mIntermediate result: 0.302205281786006  (Index 82)[0m
Epoch 00083 | Time 0.0217s | L(tr) 1.4705 | A(tr) 0.3170 | L(val) 1.4860 | A(val) 0.3022 
[2026-04-17 16:38:45] [32mIntermediate result: 0.30492785189218624  (Index 83)[0m
Epoch 00084 | Time 0.0268s | L(tr) 1.4746 | A(tr) 0.3064 | L(val) 1.4859 | A(val) 0.3049 
[2026-04-17 16:38:45] [32mIntermediate result: 0.3046555948815682  (Index 84)[0m
Epoch 00085 | Time 0.0217s | L(tr) 1.4749 | A(tr) 0.3154 | L(val) 1.4859 | A(val) 0.3047 
[2026-04-17 16:38:45] [32mIntermediate result: 0.30547236591342225  (Index 85)[0m
Epoch 00086 | Time 0.0219s | L(tr) 1.4704 | A(tr) 0.3088 | L(val) 1.4858 | A(val) 0.3055 
[2026-04-17 16:38:45] [32mIntermediate result: 0.30547236591342225  (Index 86)[0m
Epoch 00087 | Time 0.0222s | L(tr) 1.4699 | A(tr) 0.3260 | L(val) 1.4858 | A(val) 0.3055 
[2026-04-17 16:38:45] [32mIntermediate result: 0.30520010890280425  (Index 87)[0m
Epoch 00088 | Time 0.0212s | L(tr) 1.4768 | A(tr) 0.2925 | L(val) 1.4858 | A(val) 0.3052 
[2026-04-17 16:38:45] [32mIntermediate result: 0.3043833378709502  (Index 88)[0m
Epoch 00089 | Time 0.0287s | L(tr) 1.4681 | A(tr) 0.3235 | L(val) 1.4858 | A(val) 0.3044 
[2026-04-17 16:38:45] [32mIntermediate result: 0.3046555948815682  (Index 89)[0m
Epoch 00090 | Time 0.0219s | L(tr) 1.4732 | A(tr) 0.3243 | L(val) 1.4859 | A(val) 0.3047 
[2026-04-17 16:38:45] [32mIntermediate result: 0.3060168799346583  (Index 90)[0m
Epoch 00091 | Time 0.0223s | L(tr) 1.4661 | A(tr) 0.3382 | L(val) 1.4859 | A(val) 0.3060 
[2026-04-17 16:38:45] [32mIntermediate result: 0.3043833378709502  (Index 91)[0m
Epoch 00092 | Time 0.0232s | L(tr) 1.4674 | A(tr) 0.3374 | L(val) 1.4860 | A(val) 0.3044 
[2026-04-17 16:38:45] [32mIntermediate result: 0.30274979580724204  (Index 92)[0m
Epoch 00093 | Time 0.0231s | L(tr) 1.4702 | A(tr) 0.3096 | L(val) 1.4860 | A(val) 0.3027 
[2026-04-17 16:38:45] [32mIntermediate result: 0.30193302477538797  (Index 93)[0m
Epoch 00094 | Time 0.0222s | L(tr) 1.4715 | A(tr) 0.3211 | L(val) 1.4860 | A(val) 0.3019 
[2026-04-17 16:38:45] [32mIntermediate result: 0.302205281786006  (Index 94)[0m
Epoch 00095 | Time 0.0223s | L(tr) 1.4657 | A(tr) 0.3366 | L(val) 1.4861 | A(val) 0.3022 
[2026-04-17 16:38:45] [32mIntermediate result: 0.30274979580724204  (Index 95)[0m
Epoch 00096 | Time 0.0219s | L(tr) 1.4689 | A(tr) 0.3342 | L(val) 1.4860 | A(val) 0.3027 
[2026-04-17 16:38:45] [32mIntermediate result: 0.30247753879662403  (Index 96)[0m
Epoch 00097 | Time 0.0242s | L(tr) 1.4723 | A(tr) 0.3292 | L(val) 1.4860 | A(val) 0.3025 
[2026-04-17 16:38:45] [32mIntermediate result: 0.3038388238497141  (Index 97)[0m
Epoch 00098 | Time 0.0216s | L(tr) 1.4665 | A(tr) 0.3268 | L(val) 1.4860 | A(val) 0.3038 
[2026-04-17 16:38:45] [32mIntermediate result: 0.3043833378709502  (Index 98)[0m
Epoch 00099 | Time 0.0194s | L(tr) 1.4725 | A(tr) 0.3276 | L(val) 1.4859 | A(val) 0.3044 
[2026-04-17 16:38:45] [32mIntermediate result: 0.3095562210726926  (Index 99)[0m
Epoch 00100 | Time 0.0221s | L(tr) 1.4661 | A(tr) 0.3456 | L(val) 1.4858 | A(val) 0.3096 
[2026-04-17 16:38:45] [32mIntermediate result: 0.3087394500408385  (Index 100)[0m
Epoch 00101 | Time 0.0218s | L(tr) 1.4693 | A(tr) 0.3227 | L(val) 1.4856 | A(val) 0.3087 
[2026-04-17 16:38:45] [32mIntermediate result: 0.3095562210726926  (Index 101)[0m
Epoch 00102 | Time 0.0209s | L(tr) 1.4641 | A(tr) 0.3333 | L(val) 1.4855 | A(val) 0.3096 
[2026-04-17 16:38:45] [32mIntermediate result: 0.313640076231963  (Index 102)[0m
Epoch 00103 | Time 0.0228s | L(tr) 1.4682 | A(tr) 0.3292 | L(val) 1.4853 | A(val) 0.3136 
[2026-04-17 16:38:45] [32mIntermediate result: 0.3171794173699973  (Index 103)[0m
Epoch 00104 | Time 0.0215s | L(tr) 1.4614 | A(tr) 0.3472 | L(val) 1.4852 | A(val) 0.3172 
[2026-04-17 16:38:45] [32mIntermediate result: 0.3171794173699973  (Index 104)[0m
Epoch 00105 | Time 0.0195s | L(tr) 1.4671 | A(tr) 0.3350 | L(val) 1.4850 | A(val) 0.3172 
[2026-04-17 16:38:45] [32mIntermediate result: 0.3174516743806153  (Index 105)[0m
Epoch 00106 | Time 0.0199s | L(tr) 1.4672 | A(tr) 0.3317 | L(val) 1.4849 | A(val) 0.3175 
[2026-04-17 16:38:46] [32mIntermediate result: 0.3188129594337054  (Index 106)[0m
Epoch 00107 | Time 0.0219s | L(tr) 1.4682 | A(tr) 0.3325 | L(val) 1.4847 | A(val) 0.3188 
[2026-04-17 16:38:46] [32mIntermediate result: 0.3237135856248298  (Index 107)[0m
Epoch 00108 | Time 0.0220s | L(tr) 1.4612 | A(tr) 0.3284 | L(val) 1.4846 | A(val) 0.3237 *
[2026-04-17 16:38:46] [32mIntermediate result: 0.325891641709774  (Index 108)[0m
Epoch 00109 | Time 0.0232s | L(tr) 1.4689 | A(tr) 0.3276 | L(val) 1.4845 | A(val) 0.3259 *
[2026-04-17 16:38:46] [32mIntermediate result: 0.32480261366730195  (Index 109)[0m
Epoch 00110 | Time 0.0225s | L(tr) 1.4648 | A(tr) 0.3407 | L(val) 1.4844 | A(val) 0.3248 
[2026-04-17 16:38:46] [32mIntermediate result: 0.32480261366730195  (Index 110)[0m
Epoch 00111 | Time 0.0216s | L(tr) 1.4667 | A(tr) 0.3342 | L(val) 1.4843 | A(val) 0.3248 
[2026-04-17 16:38:46] [32mIntermediate result: 0.325619384699156  (Index 111)[0m
Epoch 00112 | Time 0.0218s | L(tr) 1.4662 | A(tr) 0.3121 | L(val) 1.4843 | A(val) 0.3256 
[2026-04-17 16:38:46] [32mIntermediate result: 0.32534712768853796  (Index 112)[0m
Epoch 00113 | Time 0.0226s | L(tr) 1.4652 | A(tr) 0.3137 | L(val) 1.4842 | A(val) 0.3253 
[2026-04-17 16:38:46] [32mIntermediate result: 0.32507487067791996  (Index 113)[0m
Epoch 00114 | Time 0.0216s | L(tr) 1.4633 | A(tr) 0.3284 | L(val) 1.4842 | A(val) 0.3251 
[2026-04-17 16:38:46] [32mIntermediate result: 0.3220800435611217  (Index 114)[0m
Epoch 00115 | Time 0.0217s | L(tr) 1.4624 | A(tr) 0.3415 | L(val) 1.4842 | A(val) 0.3221 
[2026-04-17 16:38:46] [32mIntermediate result: 0.32017424448679555  (Index 115)[0m
Epoch 00116 | Time 0.0220s | L(tr) 1.4580 | A(tr) 0.3480 | L(val) 1.4842 | A(val) 0.3202 
[2026-04-17 16:38:46] [32mIntermediate result: 0.32044650149741355  (Index 116)[0m
Epoch 00117 | Time 0.0239s | L(tr) 1.4637 | A(tr) 0.3325 | L(val) 1.4843 | A(val) 0.3204 
[2026-04-17 16:38:46] [32mIntermediate result: 0.3185407024230874  (Index 117)[0m
Epoch 00118 | Time 0.0209s | L(tr) 1.4623 | A(tr) 0.3480 | L(val) 1.4843 | A(val) 0.3185 
[2026-04-17 16:38:46] [32mIntermediate result: 0.31799618840185134  (Index 118)[0m
Epoch 00119 | Time 0.0198s | L(tr) 1.4614 | A(tr) 0.3391 | L(val) 1.4843 | A(val) 0.3180 
[2026-04-17 16:38:46] [32mIntermediate result: 0.3188129594337054  (Index 119)[0m
Epoch 00120 | Time 0.0230s | L(tr) 1.4624 | A(tr) 0.3194 | L(val) 1.4843 | A(val) 0.3188 
[2026-04-17 16:38:46] [32mIntermediate result: 0.3215355295398857  (Index 120)[0m
Epoch 00121 | Time 0.0201s | L(tr) 1.4625 | A(tr) 0.3284 | L(val) 1.4842 | A(val) 0.3215 
[2026-04-17 16:38:46] [32mIntermediate result: 0.3218077865505037  (Index 121)[0m
Epoch 00122 | Time 0.0255s | L(tr) 1.4609 | A(tr) 0.3301 | L(val) 1.4841 | A(val) 0.3218 
[2026-04-17 16:38:46] [32mIntermediate result: 0.3237135856248298  (Index 122)[0m
Epoch 00123 | Time 0.0207s | L(tr) 1.4576 | A(tr) 0.3325 | L(val) 1.4839 | A(val) 0.3237 
[2026-04-17 16:38:46] [32mIntermediate result: 0.3245303566566839  (Index 123)[0m
Epoch 00124 | Time 0.0222s | L(tr) 1.4578 | A(tr) 0.3399 | L(val) 1.4838 | A(val) 0.3245 
[2026-04-17 16:38:46] [32mIntermediate result: 0.32725292676286416  (Index 124)[0m
Epoch 00125 | Time 0.0233s | L(tr) 1.4585 | A(tr) 0.3611 | L(val) 1.4836 | A(val) 0.3273 *
[2026-04-17 16:38:46] [32mIntermediate result: 0.32534712768853796  (Index 125)[0m
Epoch 00126 | Time 0.0209s | L(tr) 1.4570 | A(tr) 0.3342 | L(val) 1.4835 | A(val) 0.3253 
[2026-04-17 16:38:46] [32mIntermediate result: 0.32480261366730195  (Index 126)[0m
Epoch 00127 | Time 0.0219s | L(tr) 1.4587 | A(tr) 0.3513 | L(val) 1.4834 | A(val) 0.3248 
[2026-04-17 16:38:46] [32mIntermediate result: 0.32534712768853796  (Index 127)[0m
Epoch 00128 | Time 0.0216s | L(tr) 1.4546 | A(tr) 0.3652 | L(val) 1.4834 | A(val) 0.3253 
[2026-04-17 16:38:46] [32mIntermediate result: 0.325619384699156  (Index 128)[0m
Epoch 00129 | Time 0.0233s | L(tr) 1.4555 | A(tr) 0.3587 | L(val) 1.4833 | A(val) 0.3256 
[2026-04-17 16:38:46] [32mIntermediate result: 0.3264361557310101  (Index 129)[0m
Epoch 00130 | Time 0.0217s | L(tr) 1.4575 | A(tr) 0.3562 | L(val) 1.4833 | A(val) 0.3264 
[2026-04-17 16:38:46] [32mIntermediate result: 0.3267084127416281  (Index 130)[0m
Epoch 00131 | Time 0.0212s | L(tr) 1.4499 | A(tr) 0.3562 | L(val) 1.4833 | A(val) 0.3267 
[2026-04-17 16:38:46] [32mIntermediate result: 0.32725292676286416  (Index 131)[0m
Epoch 00132 | Time 0.0210s | L(tr) 1.4552 | A(tr) 0.3554 | L(val) 1.4833 | A(val) 0.3273 
[2026-04-17 16:38:46] [32mIntermediate result: 0.3269806697522461  (Index 132)[0m
Epoch 00133 | Time 0.0215s | L(tr) 1.4558 | A(tr) 0.3358 | L(val) 1.4832 | A(val) 0.3270 
[2026-04-17 16:38:46] [32mIntermediate result: 0.3269806697522461  (Index 133)[0m
Epoch 00134 | Time 0.0231s | L(tr) 1.4534 | A(tr) 0.3562 | L(val) 1.4832 | A(val) 0.3270 
[2026-04-17 16:38:46] [32mIntermediate result: 0.325891641709774  (Index 134)[0m
Epoch 00135 | Time 0.0214s | L(tr) 1.4496 | A(tr) 0.3464 | L(val) 1.4832 | A(val) 0.3259 
[2026-04-17 16:38:46] [32mIntermediate result: 0.3267084127416281  (Index 135)[0m
Epoch 00136 | Time 0.0212s | L(tr) 1.4496 | A(tr) 0.3570 | L(val) 1.4832 | A(val) 0.3267 
[2026-04-17 16:38:46] [32mIntermediate result: 0.3267084127416281  (Index 136)[0m
Epoch 00137 | Time 0.0225s | L(tr) 1.4478 | A(tr) 0.3652 | L(val) 1.4832 | A(val) 0.3267 
[2026-04-17 16:38:46] [32mIntermediate result: 0.32725292676286416  (Index 137)[0m
Epoch 00138 | Time 0.0221s | L(tr) 1.4487 | A(tr) 0.3587 | L(val) 1.4832 | A(val) 0.3273 
[2026-04-17 16:38:46] [32mIntermediate result: 0.32779744078410017  (Index 138)[0m
Epoch 00139 | Time 0.0225s | L(tr) 1.4485 | A(tr) 0.3734 | L(val) 1.4832 | A(val) 0.3278 *
[2026-04-17 16:38:46] [32mIntermediate result: 0.3291587258371903  (Index 139)[0m
Epoch 00140 | Time 0.0218s | L(tr) 1.4490 | A(tr) 0.3619 | L(val) 1.4831 | A(val) 0.3292 *
[2026-04-17 16:38:46] [32mIntermediate result: 0.33106452491151644  (Index 140)[0m
Epoch 00141 | Time 0.0222s | L(tr) 1.4475 | A(tr) 0.3636 | L(val) 1.4828 | A(val) 0.3311 *
[2026-04-17 16:38:46] [32mIntermediate result: 0.33052001089028044  (Index 141)[0m
Epoch 00142 | Time 0.0211s | L(tr) 1.4446 | A(tr) 0.3750 | L(val) 1.4826 | A(val) 0.3305 
[2026-04-17 16:38:46] [32mIntermediate result: 0.32997549686904437  (Index 142)[0m
Epoch 00143 | Time 0.0237s | L(tr) 1.4414 | A(tr) 0.3807 | L(val) 1.4825 | A(val) 0.3300 
[2026-04-17 16:38:46] [32mIntermediate result: 0.3294309828478083  (Index 143)[0m
Epoch 00144 | Time 0.0252s | L(tr) 1.4397 | A(tr) 0.3856 | L(val) 1.4825 | A(val) 0.3294 
[2026-04-17 16:38:46] [32mIntermediate result: 0.3294309828478083  (Index 144)[0m
Epoch 00145 | Time 0.0213s | L(tr) 1.4428 | A(tr) 0.3668 | L(val) 1.4826 | A(val) 0.3294 
[2026-04-17 16:38:46] [32mIntermediate result: 0.3294309828478083  (Index 145)[0m
Epoch 00146 | Time 0.0236s | L(tr) 1.4417 | A(tr) 0.3562 | L(val) 1.4828 | A(val) 0.3294 
[2026-04-17 16:38:46] [32mIntermediate result: 0.33106452491151644  (Index 146)[0m
Epoch 00147 | Time 0.0248s | L(tr) 1.4433 | A(tr) 0.3717 | L(val) 1.4829 | A(val) 0.3311 
[2026-04-17 16:38:46] [32mIntermediate result: 0.33269806697522464  (Index 147)[0m
Epoch 00148 | Time 0.0217s | L(tr) 1.4450 | A(tr) 0.3701 | L(val) 1.4830 | A(val) 0.3327 *
[2026-04-17 16:38:46] [32mIntermediate result: 0.33106452491151644  (Index 148)[0m
Epoch 00149 | Time 0.0220s | L(tr) 1.4491 | A(tr) 0.3538 | L(val) 1.4832 | A(val) 0.3311 
[2026-04-17 16:38:46] [32mIntermediate result: 0.33052001089028044  (Index 149)[0m
Epoch 00150 | Time 0.0221s | L(tr) 1.4477 | A(tr) 0.3766 | L(val) 1.4831 | A(val) 0.3305 
[2026-04-17 16:38:46] [32mIntermediate result: 0.33188129594337057  (Index 150)[0m
Epoch 00151 | Time 0.0222s | L(tr) 1.4401 | A(tr) 0.3725 | L(val) 1.4829 | A(val) 0.3319 
[2026-04-17 16:38:47] [32mIntermediate result: 0.32997549686904437  (Index 151)[0m
Epoch 00152 | Time 0.0221s | L(tr) 1.4372 | A(tr) 0.3873 | L(val) 1.4827 | A(val) 0.3300 
[2026-04-17 16:38:47] [32mIntermediate result: 0.3288864688265723  (Index 152)[0m
Epoch 00153 | Time 0.0215s | L(tr) 1.4425 | A(tr) 0.3750 | L(val) 1.4827 | A(val) 0.3289 
[2026-04-17 16:38:47] [32mIntermediate result: 0.32997549686904437  (Index 153)[0m
Epoch 00154 | Time 0.0227s | L(tr) 1.4340 | A(tr) 0.3848 | L(val) 1.4828 | A(val) 0.3300 
[2026-04-17 16:38:47] [32mIntermediate result: 0.32997549686904437  (Index 154)[0m
Epoch 00155 | Time 0.0251s | L(tr) 1.4377 | A(tr) 0.3856 | L(val) 1.4830 | A(val) 0.3300 
[2026-04-17 16:38:47] [32mIntermediate result: 0.32970323985842637  (Index 155)[0m
Epoch 00156 | Time 0.0220s | L(tr) 1.4356 | A(tr) 0.3693 | L(val) 1.4832 | A(val) 0.3297 
[2026-04-17 16:38:47] [32mIntermediate result: 0.32970323985842637  (Index 156)[0m
Epoch 00157 | Time 0.0234s | L(tr) 1.4375 | A(tr) 0.3676 | L(val) 1.4835 | A(val) 0.3297 
[2026-04-17 16:38:47] [32mIntermediate result: 0.33106452491151644  (Index 157)[0m
Epoch 00158 | Time 0.0294s | L(tr) 1.4316 | A(tr) 0.3922 | L(val) 1.4837 | A(val) 0.3311 
[2026-04-17 16:38:47] [32mIntermediate result: 0.3291587258371903  (Index 158)[0m
Epoch 00159 | Time 0.0228s | L(tr) 1.4299 | A(tr) 0.3815 | L(val) 1.4841 | A(val) 0.3292 
[2026-04-17 16:38:47] [32mIntermediate result: 0.32970323985842637  (Index 159)[0m
Epoch 00160 | Time 0.0225s | L(tr) 1.4334 | A(tr) 0.3725 | L(val) 1.4843 | A(val) 0.3297 
[2026-04-17 16:38:47] [32mIntermediate result: 0.32997549686904437  (Index 160)[0m
Epoch 00161 | Time 0.0274s | L(tr) 1.4334 | A(tr) 0.3693 | L(val) 1.4844 | A(val) 0.3300 
[2026-04-17 16:38:47] [32mIntermediate result: 0.3294309828478083  (Index 161)[0m
Epoch 00162 | Time 0.0217s | L(tr) 1.4320 | A(tr) 0.3922 | L(val) 1.4841 | A(val) 0.3294 
[2026-04-17 16:38:47] [32mIntermediate result: 0.3291587258371903  (Index 162)[0m
Epoch 00163 | Time 0.0235s | L(tr) 1.4286 | A(tr) 0.3897 | L(val) 1.4839 | A(val) 0.3292 
[2026-04-17 16:38:47] [32mIntermediate result: 0.32806969779471823  (Index 163)[0m
Epoch 00164 | Time 0.0239s | L(tr) 1.4258 | A(tr) 0.3889 | L(val) 1.4838 | A(val) 0.3281 
[2026-04-17 16:38:47] [32mIntermediate result: 0.3302477538796624  (Index 164)[0m
Epoch 00165 | Time 0.0275s | L(tr) 1.4255 | A(tr) 0.3938 | L(val) 1.4839 | A(val) 0.3302 
[2026-04-17 16:38:47] [32mIntermediate result: 0.32970323985842637  (Index 165)[0m
Epoch 00166 | Time 0.0234s | L(tr) 1.4247 | A(tr) 0.3881 | L(val) 1.4843 | A(val) 0.3297 
[2026-04-17 16:38:47] [32mIntermediate result: 0.3291587258371903  (Index 166)[0m
Epoch 00167 | Time 0.0251s | L(tr) 1.4255 | A(tr) 0.3734 | L(val) 1.4849 | A(val) 0.3292 
[2026-04-17 16:38:47] [32mIntermediate result: 0.32861421181595424  (Index 167)[0m
Epoch 00168 | Time 0.0237s | L(tr) 1.4234 | A(tr) 0.3946 | L(val) 1.4856 | A(val) 0.3286 
[2026-04-17 16:38:47] [32mIntermediate result: 0.3291587258371903  (Index 168)[0m
Epoch 00169 | Time 0.0251s | L(tr) 1.4244 | A(tr) 0.3905 | L(val) 1.4862 | A(val) 0.3292 
[2026-04-17 16:38:47] [32mIntermediate result: 0.32861421181595424  (Index 169)[0m
Epoch 00170 | Time 0.0237s | L(tr) 1.4193 | A(tr) 0.3881 | L(val) 1.4864 | A(val) 0.3286 
[2026-04-17 16:38:47] [32mIntermediate result: 0.3288864688265723  (Index 170)[0m
Epoch 00171 | Time 0.0235s | L(tr) 1.4221 | A(tr) 0.3840 | L(val) 1.4860 | A(val) 0.3289 
[2026-04-17 16:38:47] [32mIntermediate result: 0.3302477538796624  (Index 171)[0m
Epoch 00172 | Time 0.0244s | L(tr) 1.4187 | A(tr) 0.3889 | L(val) 1.4856 | A(val) 0.3302 
[2026-04-17 16:38:47] [32mIntermediate result: 0.32806969779471823  (Index 172)[0m
Epoch 00173 | Time 0.0226s | L(tr) 1.4159 | A(tr) 0.3962 | L(val) 1.4858 | A(val) 0.3281 
[2026-04-17 16:38:47] [32mIntermediate result: 0.3269806697522461  (Index 173)[0m
Epoch 00174 | Time 0.0244s | L(tr) 1.4133 | A(tr) 0.4011 | L(val) 1.4862 | A(val) 0.3270 
[2026-04-17 16:38:47] [32mIntermediate result: 0.3288864688265723  (Index 174)[0m
Epoch 00175 | Time 0.0225s | L(tr) 1.4103 | A(tr) 0.3979 | L(val) 1.4871 | A(val) 0.3289 
[2026-04-17 16:38:47] [32mIntermediate result: 0.32834195480533623  (Index 175)[0m
Epoch 00176 | Time 0.0275s | L(tr) 1.4119 | A(tr) 0.4060 | L(val) 1.4878 | A(val) 0.3283 
[2026-04-17 16:38:47] [32mIntermediate result: 0.32752518377348216  (Index 176)[0m
Epoch 00177 | Time 0.0255s | L(tr) 1.4076 | A(tr) 0.4118 | L(val) 1.4883 | A(val) 0.3275 
[2026-04-17 16:38:47] [32mIntermediate result: 0.32725292676286416  (Index 177)[0m
Epoch 00178 | Time 0.0246s | L(tr) 1.4090 | A(tr) 0.3995 | L(val) 1.4884 | A(val) 0.3273 
[2026-04-17 16:38:47] [32mIntermediate result: 0.32616389872039203  (Index 178)[0m
Epoch 00179 | Time 0.0216s | L(tr) 1.4101 | A(tr) 0.4093 | L(val) 1.4884 | A(val) 0.3262 
[2026-04-17 16:38:47] [32mIntermediate result: 0.32834195480533623  (Index 179)[0m
Epoch 00180 | Time 0.0239s | L(tr) 1.4046 | A(tr) 0.4093 | L(val) 1.4885 | A(val) 0.3283 
[2026-04-17 16:38:47] [32mIntermediate result: 0.32997549686904437  (Index 180)[0m
Epoch 00181 | Time 0.0224s | L(tr) 1.4026 | A(tr) 0.4093 | L(val) 1.4889 | A(val) 0.3300 
[2026-04-17 16:38:47] [32mIntermediate result: 0.3264361557310101  (Index 181)[0m
Epoch 00182 | Time 0.0224s | L(tr) 1.4070 | A(tr) 0.4167 | L(val) 1.4899 | A(val) 0.3264 
[2026-04-17 16:38:47] [32mIntermediate result: 0.32534712768853796  (Index 182)[0m
Epoch 00183 | Time 0.0246s | L(tr) 1.4010 | A(tr) 0.4208 | L(val) 1.4913 | A(val) 0.3253 
[2026-04-17 16:38:47] [32mIntermediate result: 0.32534712768853796  (Index 183)[0m
Epoch 00184 | Time 0.0227s | L(tr) 1.4073 | A(tr) 0.4109 | L(val) 1.4918 | A(val) 0.3253 
[2026-04-17 16:38:47] [32mIntermediate result: 0.32534712768853796  (Index 184)[0m
Epoch 00185 | Time 0.0229s | L(tr) 1.4069 | A(tr) 0.3987 | L(val) 1.4916 | A(val) 0.3253 
[2026-04-17 16:38:47] [32mIntermediate result: 0.3269806697522461  (Index 185)[0m
Epoch 00186 | Time 0.0223s | L(tr) 1.3995 | A(tr) 0.4101 | L(val) 1.4915 | A(val) 0.3270 
[2026-04-17 16:38:47] [32mIntermediate result: 0.32725292676286416  (Index 186)[0m
Epoch 00187 | Time 0.0265s | L(tr) 1.3971 | A(tr) 0.4175 | L(val) 1.4919 | A(val) 0.3273 
[2026-04-17 16:38:47] [32mIntermediate result: 0.3267084127416281  (Index 187)[0m
Epoch 00188 | Time 0.0281s | L(tr) 1.3949 | A(tr) 0.4150 | L(val) 1.4927 | A(val) 0.3267 
[2026-04-17 16:38:47] [32mIntermediate result: 0.3264361557310101  (Index 188)[0m
Epoch 00189 | Time 0.0276s | L(tr) 1.3914 | A(tr) 0.4158 | L(val) 1.4936 | A(val) 0.3264 
[2026-04-17 16:38:47] [32mIntermediate result: 0.325619384699156  (Index 189)[0m
Epoch 00190 | Time 0.0285s | L(tr) 1.3883 | A(tr) 0.4142 | L(val) 1.4943 | A(val) 0.3256 
[2026-04-17 16:38:47] [32mIntermediate result: 0.325891641709774  (Index 190)[0m
Epoch 00191 | Time 0.0250s | L(tr) 1.3927 | A(tr) 0.4044 | L(val) 1.4948 | A(val) 0.3259 
[2026-04-17 16:38:47] [32mIntermediate result: 0.32752518377348216  (Index 191)[0m
Epoch 00192 | Time 0.0299s | L(tr) 1.3901 | A(tr) 0.4191 | L(val) 1.4950 | A(val) 0.3275 
[2026-04-17 16:38:48] [32mIntermediate result: 0.32861421181595424  (Index 192)[0m
Epoch 00193 | Time 0.0263s | L(tr) 1.3859 | A(tr) 0.4257 | L(val) 1.4954 | A(val) 0.3286 
[2026-04-17 16:38:48] [32mIntermediate result: 0.32834195480533623  (Index 193)[0m
Epoch 00194 | Time 0.0278s | L(tr) 1.3812 | A(tr) 0.4265 | L(val) 1.4966 | A(val) 0.3283 
[2026-04-17 16:38:48] [32mIntermediate result: 0.32806969779471823  (Index 194)[0m
Epoch 00195 | Time 0.0263s | L(tr) 1.3890 | A(tr) 0.4101 | L(val) 1.4975 | A(val) 0.3281 
[2026-04-17 16:38:48] [32mIntermediate result: 0.32752518377348216  (Index 195)[0m
Epoch 00196 | Time 0.0259s | L(tr) 1.3825 | A(tr) 0.4224 | L(val) 1.4989 | A(val) 0.3275 
[2026-04-17 16:38:48] [32mIntermediate result: 0.3291587258371903  (Index 196)[0m
Epoch 00197 | Time 0.0288s | L(tr) 1.3728 | A(tr) 0.4355 | L(val) 1.4999 | A(val) 0.3292 
[2026-04-17 16:38:48] [32mIntermediate result: 0.32779744078410017  (Index 197)[0m
Epoch 00198 | Time 0.0304s | L(tr) 1.3803 | A(tr) 0.4330 | L(val) 1.4998 | A(val) 0.3278 
[2026-04-17 16:38:48] [32mIntermediate result: 0.3269806697522461  (Index 198)[0m
Epoch 00199 | Time 0.0247s | L(tr) 1.3763 | A(tr) 0.4338 | L(val) 1.5000 | A(val) 0.3270 
[2026-04-17 16:38:48] [32mIntermediate result: 0.32616389872039203  (Index 199)[0m
Epoch 00200 | Time 0.0310s | L(tr) 1.3848 | A(tr) 0.4224 | L(val) 1.5000 | A(val) 0.3262 
Traceback (most recent call last):
  File "C:\Users\fbrev\Documents\Acadêmico\Simulações\Python\NoisyGL\single_exp.py", line 226, in <module>
    train_thread.join()
  File "C:\Users\fbrev\anaconda3\envs\noisygl\Lib\threading.py", line 1119, in join
    self._wait_for_tstate_lock()
  File "C:\Users\fbrev\anaconda3\envs\noisygl\Lib\threading.py", line 1139, in _wait_for_tstate_lock
    if lock.acquire(block, timeout):
       ^^^^^^^^^^^^^^^^^^^^^^^^^^^^
KeyboardInterrupt
