Traceback (most recent call last):
  File "C:\Users\fbrev\Documents\Acadêmico\Simulações\Python\NoisyGL\single_exp.py", line 34, in <module>
    from utils.dataloader import Dataset
  File "C:\Users\fbrev\Documents\Acadêmico\Simulações\Python\NoisyGL\utils\__init__.py", line 1, in <module>
    from .dataloader import *
  File "C:\Users\fbrev\Documents\Acadêmico\Simulações\Python\NoisyGL\utils\dataloader.py", line 4, in <module>
    from torch_geometric.datasets import Planetoid, Amazon, Coauthor, WikiCS, WikipediaNetwork, WebKB, Actor, \
  File "C:\Users\fbrev\anaconda3\envs\noisygl\Lib\site-packages\torch_geometric\__init__.py", line 14, in <module>
    from .isinstance import is_torch_instance
  File "C:\Users\fbrev\anaconda3\envs\noisygl\Lib\site-packages\torch_geometric\isinstance.py", line 8, in <module>
    import torch._dynamo
  File "C:\Users\fbrev\anaconda3\envs\noisygl\Lib\site-packages\torch\_dynamo\__init__.py", line 2, in <module>
    from . import convert_frame, eval_frame, resume_execution
  File "C:\Users\fbrev\anaconda3\envs\noisygl\Lib\site-packages\torch\_dynamo\convert_frame.py", line 40, in <module>
    from . import config, exc, trace_rules
  File "C:\Users\fbrev\anaconda3\envs\noisygl\Lib\site-packages\torch\_dynamo\trace_rules.py", line 3383, in <module>
    add(_name)
  File "C:\Users\fbrev\anaconda3\envs\noisygl\Lib\site-packages\torch\_dynamo\trace_rules.py", line 3258, in add
    module_spec = find_spec(import_name)
                  ^^^^^^^^^^^^^^^^^^^^^^
  File "<frozen importlib.util>", line 104, in find_spec
  File "<frozen importlib._bootstrap>", line 1078, in _find_spec
  File "<frozen importlib._bootstrap_external>", line 1507, in find_spec
  File "<frozen importlib._bootstrap_external>", line 1479, in _get_spec
  File "<frozen importlib._bootstrap_external>", line 1615, in find_spec
  File "<frozen importlib._bootstrap_external>", line 147, in _path_stat
KeyboardInterrupt
