Namespace(dataset='dblp', method='lnpcc', noise_type='random', noise_rate=0.3, device='cuda:1', seed=3000, params_json='{"knn_mode": "p", "dexp": 1.049152047321574, "p_grd": 0.342930850447893, "unc_rem": 0.06513786300060091, "unc_rel": 0.07327953412357227, "dropout": 0.25599946882960267, "n_hidden": 32, "n_layer": 2, "lr": 0.0005, "weight_decay": 0.0005, "k": 23}')
----Data statistics------'
                Name: dblp
                #Nodes 17716
                #Edges 52867
                #Classes 4
                #Ave_degree 5.97
----Split statistics------'
                #Train samples 177 (1.0 % of nodes)
                #Val samples 2657 (15.0 % of nodes)
                #Test samples 14882 (remaining)
Current device: cpu
[Params] Overriding from --params_json: {'knn_mode': 'p', 'dexp': 1.049152047321574, 'p_grd': 0.342930850447893, 'unc_rem': 0.06513786300060091, 'unc_rel': 0.07327953412357227, 'dropout': 0.25599946882960267, 'n_hidden': 32, 'n_layer': 2, 'lr': 0.0005, 'weight_decay': 0.0005, 'k': 23}
----label noise information:------
Random noise
#Actual noise rate 0.30 
[2026-04-20 12:46:56] [32mIntermediate result: 0.17651486639066616  (Index 0)[0m
Epoch 00001 | Time 0.3589s | L(tr) 1.3979 | A(tr) 0.1356 | L(val) 1.3919 | A(val) 0.1765 *
[2026-04-20 12:46:56] [32mIntermediate result: 0.1878057960105382  (Index 1)[0m
Epoch 00002 | Time 0.0147s | L(tr) 1.3916 | A(tr) 0.1186 | L(val) 1.3900 | A(val) 0.1878 *
[2026-04-20 12:46:56] [32mIntermediate result: 0.20323673315769666  (Index 2)[0m
Epoch 00003 | Time 0.0113s | L(tr) 1.3870 | A(tr) 0.1780 | L(val) 1.3881 | A(val) 0.2032 *
[2026-04-20 12:46:56] [32mIntermediate result: 0.23146405720737673  (Index 3)[0m
Epoch 00004 | Time 0.0090s | L(tr) 1.3820 | A(tr) 0.2458 | L(val) 1.3864 | A(val) 0.2315 *
[2026-04-20 12:46:56] [32mIntermediate result: 0.26759503199096724  (Index 4)[0m
Epoch 00005 | Time 0.0114s | L(tr) 1.3774 | A(tr) 0.3475 | L(val) 1.3847 | A(val) 0.2676 *
[2026-04-20 12:46:56] [32mIntermediate result: 0.3018441851712458  (Index 5)[0m
Epoch 00006 | Time 0.0116s | L(tr) 1.3734 | A(tr) 0.4068 | L(val) 1.3830 | A(val) 0.3018 *
[2026-04-20 12:46:56] [32mIntermediate result: 0.3391042529168235  (Index 6)[0m
Epoch 00007 | Time 0.0137s | L(tr) 1.3690 | A(tr) 0.5085 | L(val) 1.3814 | A(val) 0.3391 *
[2026-04-20 12:46:56] [32mIntermediate result: 0.36281520511855475  (Index 7)[0m
Epoch 00008 | Time 0.0144s | L(tr) 1.3629 | A(tr) 0.5763 | L(val) 1.3799 | A(val) 0.3628 *
[2026-04-20 12:46:56] [32mIntermediate result: 0.39104252916823484  (Index 8)[0m
Epoch 00009 | Time 0.0140s | L(tr) 1.3599 | A(tr) 0.6780 | L(val) 1.3784 | A(val) 0.3910 *
[2026-04-20 12:46:56] [32mIntermediate result: 0.4042152803914189  (Index 9)[0m
Epoch 00010 | Time 0.0123s | L(tr) 1.3564 | A(tr) 0.6780 | L(val) 1.3770 | A(val) 0.4042 *
[2026-04-20 12:46:56] [32mIntermediate result: 0.4181407602559277  (Index 10)[0m
Epoch 00011 | Time 0.0138s | L(tr) 1.3523 | A(tr) 0.7119 | L(val) 1.3756 | A(val) 0.4181 *
[2026-04-20 12:46:56] [32mIntermediate result: 0.4309371471584494  (Index 11)[0m
Epoch 00012 | Time 0.0138s | L(tr) 1.3457 | A(tr) 0.7627 | L(val) 1.3742 | A(val) 0.4309 *
[2026-04-20 12:46:56] [32mIntermediate result: 0.43507715468573577  (Index 12)[0m
Epoch 00013 | Time 0.0113s | L(tr) 1.3457 | A(tr) 0.7542 | L(val) 1.3728 | A(val) 0.4351 *
[2026-04-20 12:46:56] [32mIntermediate result: 0.4388407978923598  (Index 13)[0m
Epoch 00014 | Time 0.0091s | L(tr) 1.3391 | A(tr) 0.8051 | L(val) 1.3715 | A(val) 0.4388 *
[2026-04-20 12:46:56] [32mIntermediate result: 0.45013172751223185  (Index 14)[0m
Epoch 00015 | Time 0.0139s | L(tr) 1.3342 | A(tr) 0.8220 | L(val) 1.3702 | A(val) 0.4501 *
[2026-04-20 12:46:56] [32mIntermediate result: 0.45201354911554387  (Index 15)[0m
Epoch 00016 | Time 0.0142s | L(tr) 1.3327 | A(tr) 0.7881 | L(val) 1.3689 | A(val) 0.4520 *
[2026-04-20 12:46:56] [32mIntermediate result: 0.45540082800150544  (Index 16)[0m
Epoch 00017 | Time 0.0093s | L(tr) 1.3265 | A(tr) 0.7881 | L(val) 1.3676 | A(val) 0.4554 *
[2026-04-20 12:46:56] [32mIntermediate result: 0.45765901392547986  (Index 17)[0m
Epoch 00018 | Time 0.0096s | L(tr) 1.3226 | A(tr) 0.8220 | L(val) 1.3664 | A(val) 0.4577 *
[2026-04-20 12:46:56] [32mIntermediate result: 0.45803537824614227  (Index 18)[0m
Epoch 00019 | Time 0.0122s | L(tr) 1.3202 | A(tr) 0.8390 | L(val) 1.3651 | A(val) 0.4580 *
[2026-04-20 12:46:56] [32mIntermediate result: 0.4587881068874671  (Index 19)[0m
Epoch 00020 | Time 0.0100s | L(tr) 1.3148 | A(tr) 0.8305 | L(val) 1.3638 | A(val) 0.4588 *
[2026-04-20 12:46:56] [32mIntermediate result: 0.4587881068874671  (Index 20)[0m
Epoch 00021 | Time 0.0139s | L(tr) 1.3116 | A(tr) 0.8305 | L(val) 1.3626 | A(val) 0.4588 
[2026-04-20 12:46:56] [32mIntermediate result: 0.4606699284907791  (Index 21)[0m
Epoch 00022 | Time 0.0147s | L(tr) 1.3097 | A(tr) 0.8644 | L(val) 1.3613 | A(val) 0.4607 *
[2026-04-20 12:46:56] [32mIntermediate result: 0.4610462928114415  (Index 22)[0m
Epoch 00023 | Time 0.0147s | L(tr) 1.3009 | A(tr) 0.8305 | L(val) 1.3601 | A(val) 0.4610 *
[2026-04-20 12:46:56] [32mIntermediate result: 0.4655626646593903  (Index 23)[0m
Epoch 00024 | Time 0.0138s | L(tr) 1.2988 | A(tr) 0.8644 | L(val) 1.3588 | A(val) 0.4656 *
[2026-04-20 12:46:56] [32mIntermediate result: 0.4659390289800527  (Index 24)[0m
Epoch 00025 | Time 0.0133s | L(tr) 1.2955 | A(tr) 0.8644 | L(val) 1.3576 | A(val) 0.4659 *
[2026-04-20 12:46:56] [32mIntermediate result: 0.4663153933007151  (Index 25)[0m
Epoch 00026 | Time 0.0152s | L(tr) 1.2951 | A(tr) 0.8305 | L(val) 1.3563 | A(val) 0.4663 *
[2026-04-20 12:46:56] [32mIntermediate result: 0.4678208505833647  (Index 26)[0m
Epoch 00027 | Time 0.0135s | L(tr) 1.2886 | A(tr) 0.8475 | L(val) 1.3550 | A(val) 0.4678 *
[2026-04-20 12:46:56] [32mIntermediate result: 0.4689499435453519  (Index 27)[0m
Epoch 00028 | Time 0.0133s | L(tr) 1.2798 | A(tr) 0.8475 | L(val) 1.3538 | A(val) 0.4689 *
[2026-04-20 12:46:56] [32mIntermediate result: 0.4727135867519759  (Index 28)[0m
Epoch 00029 | Time 0.0094s | L(tr) 1.2793 | A(tr) 0.8644 | L(val) 1.3525 | A(val) 0.4727 *
[2026-04-20 12:46:56] [32mIntermediate result: 0.4730899510726383  (Index 29)[0m
Epoch 00030 | Time 0.0121s | L(tr) 1.2751 | A(tr) 0.8559 | L(val) 1.3512 | A(val) 0.4731 *
[2026-04-20 12:46:56] [32mIntermediate result: 0.4727135867519759  (Index 30)[0m
Epoch 00031 | Time 0.0113s | L(tr) 1.2706 | A(tr) 0.8729 | L(val) 1.3500 | A(val) 0.4727 
[2026-04-20 12:46:56] [32mIntermediate result: 0.4742190440346255  (Index 31)[0m
Epoch 00032 | Time 0.0112s | L(tr) 1.2685 | A(tr) 0.8390 | L(val) 1.3487 | A(val) 0.4742 *
[2026-04-20 12:46:56] [32mIntermediate result: 0.4738426797139631  (Index 32)[0m
Epoch 00033 | Time 0.0102s | L(tr) 1.2610 | A(tr) 0.8644 | L(val) 1.3474 | A(val) 0.4738 
[2026-04-20 12:46:56] [32mIntermediate result: 0.4734663153933007  (Index 33)[0m
Epoch 00034 | Time 0.0100s | L(tr) 1.2578 | A(tr) 0.8729 | L(val) 1.3461 | A(val) 0.4735 
[2026-04-20 12:46:56] [32mIntermediate result: 0.4730899510726383  (Index 34)[0m
Epoch 00035 | Time 0.0109s | L(tr) 1.2523 | A(tr) 0.8729 | L(val) 1.3449 | A(val) 0.4731 
[2026-04-20 12:46:56] [32mIntermediate result: 0.4738426797139631  (Index 35)[0m
Epoch 00036 | Time 0.0106s | L(tr) 1.2503 | A(tr) 0.8644 | L(val) 1.3436 | A(val) 0.4738 
[2026-04-20 12:46:56] [32mIntermediate result: 0.4749717726759503  (Index 36)[0m
Epoch 00037 | Time 0.0140s | L(tr) 1.2426 | A(tr) 0.8814 | L(val) 1.3423 | A(val) 0.4750 *
[2026-04-20 12:46:56] [32mIntermediate result: 0.4753481369966127  (Index 37)[0m
Epoch 00038 | Time 0.0153s | L(tr) 1.2367 | A(tr) 0.8644 | L(val) 1.3410 | A(val) 0.4753 *
[2026-04-20 12:46:56] [32mIntermediate result: 0.47760632292058713  (Index 38)[0m
Epoch 00039 | Time 0.0151s | L(tr) 1.2354 | A(tr) 0.8729 | L(val) 1.3397 | A(val) 0.4776 *
[2026-04-20 12:46:56] [32mIntermediate result: 0.47911178020323675  (Index 39)[0m
Epoch 00040 | Time 0.0140s | L(tr) 1.2332 | A(tr) 0.8814 | L(val) 1.3384 | A(val) 0.4791 *
[2026-04-20 12:46:56] [32mIntermediate result: 0.48061723748588636  (Index 40)[0m
Epoch 00041 | Time 0.0119s | L(tr) 1.2263 | A(tr) 0.8559 | L(val) 1.3371 | A(val) 0.4806 *
[2026-04-20 12:46:56] [32mIntermediate result: 0.48099360180654877  (Index 41)[0m
Epoch 00042 | Time 0.0128s | L(tr) 1.2219 | A(tr) 0.8644 | L(val) 1.3358 | A(val) 0.4810 *
[2026-04-20 12:46:56] [32mIntermediate result: 0.48099360180654877  (Index 42)[0m
Epoch 00043 | Time 0.0120s | L(tr) 1.2154 | A(tr) 0.8644 | L(val) 1.3345 | A(val) 0.4810 
[2026-04-20 12:46:56] [32mIntermediate result: 0.48099360180654877  (Index 43)[0m
Epoch 00044 | Time 0.0120s | L(tr) 1.2101 | A(tr) 0.8644 | L(val) 1.3332 | A(val) 0.4810 
[2026-04-20 12:46:56] [32mIntermediate result: 0.48061723748588636  (Index 44)[0m
Epoch 00045 | Time 0.0106s | L(tr) 1.2065 | A(tr) 0.8814 | L(val) 1.3319 | A(val) 0.4806 
[2026-04-20 12:46:56] [32mIntermediate result: 0.4821226947685359  (Index 45)[0m
Epoch 00046 | Time 0.0091s | L(tr) 1.1999 | A(tr) 0.8729 | L(val) 1.3307 | A(val) 0.4821 *
[2026-04-20 12:46:56] [32mIntermediate result: 0.48362815205118553  (Index 46)[0m
Epoch 00047 | Time 0.0128s | L(tr) 1.1940 | A(tr) 0.8729 | L(val) 1.3294 | A(val) 0.4836 *
[2026-04-20 12:46:56] [32mIntermediate result: 0.48325178773052313  (Index 47)[0m
Epoch 00048 | Time 0.0100s | L(tr) 1.1941 | A(tr) 0.8559 | L(val) 1.3281 | A(val) 0.4833 
[2026-04-20 12:46:56] [32mIntermediate result: 0.48362815205118553  (Index 48)[0m
Epoch 00049 | Time 0.0098s | L(tr) 1.1892 | A(tr) 0.8729 | L(val) 1.3268 | A(val) 0.4836 
[2026-04-20 12:46:56] [32mIntermediate result: 0.48400451637184794  (Index 49)[0m
Epoch 00050 | Time 0.0110s | L(tr) 1.1861 | A(tr) 0.8644 | L(val) 1.3255 | A(val) 0.4840 *
[2026-04-20 12:46:56] [32mIntermediate result: 0.48588633797515995  (Index 50)[0m
Epoch 00051 | Time 0.0130s | L(tr) 1.1750 | A(tr) 0.8729 | L(val) 1.3242 | A(val) 0.4859 *
[2026-04-20 12:46:56] [32mIntermediate result: 0.48663906661648476  (Index 51)[0m
Epoch 00052 | Time 0.0102s | L(tr) 1.1727 | A(tr) 0.8814 | L(val) 1.3229 | A(val) 0.4866 *
[2026-04-20 12:46:56] [32mIntermediate result: 0.4881445238991344  (Index 52)[0m
Epoch 00053 | Time 0.0113s | L(tr) 1.1679 | A(tr) 0.8898 | L(val) 1.3216 | A(val) 0.4881 *
[2026-04-20 12:46:56] [32mIntermediate result: 0.4892736168611216  (Index 53)[0m
Epoch 00054 | Time 0.0114s | L(tr) 1.1639 | A(tr) 0.8814 | L(val) 1.3204 | A(val) 0.4893 *
[2026-04-20 12:46:56] [32mIntermediate result: 0.4888972525404592  (Index 54)[0m
Epoch 00055 | Time 0.0122s | L(tr) 1.1556 | A(tr) 0.8814 | L(val) 1.3191 | A(val) 0.4889 
[2026-04-20 12:46:56] [32mIntermediate result: 0.4892736168611216  (Index 55)[0m
Epoch 00056 | Time 0.0118s | L(tr) 1.1488 | A(tr) 0.8814 | L(val) 1.3179 | A(val) 0.4893 
[2026-04-20 12:46:56] [32mIntermediate result: 0.4892736168611216  (Index 56)[0m
Epoch 00057 | Time 0.0138s | L(tr) 1.1428 | A(tr) 0.8729 | L(val) 1.3166 | A(val) 0.4893 
[2026-04-20 12:46:56] [32mIntermediate result: 0.4888972525404592  (Index 57)[0m
Epoch 00058 | Time 0.0129s | L(tr) 1.1436 | A(tr) 0.8898 | L(val) 1.3153 | A(val) 0.4889 
[2026-04-20 12:46:56] [32mIntermediate result: 0.4892736168611216  (Index 58)[0m
Epoch 00059 | Time 0.0136s | L(tr) 1.1381 | A(tr) 0.8729 | L(val) 1.3141 | A(val) 0.4893 
[2026-04-20 12:46:56] [32mIntermediate result: 0.4888972525404592  (Index 59)[0m
Epoch 00060 | Time 0.0130s | L(tr) 1.1338 | A(tr) 0.8644 | L(val) 1.3129 | A(val) 0.4889 
[2026-04-20 12:46:56] [32mIntermediate result: 0.489649981181784  (Index 60)[0m
Epoch 00061 | Time 0.0112s | L(tr) 1.1321 | A(tr) 0.8814 | L(val) 1.3116 | A(val) 0.4896 *
[2026-04-20 12:46:56] [32mIntermediate result: 0.4888972525404592  (Index 61)[0m
Epoch 00062 | Time 0.0116s | L(tr) 1.1204 | A(tr) 0.8898 | L(val) 1.3104 | A(val) 0.4889 
[2026-04-20 12:46:56] [32mIntermediate result: 0.4888972525404592  (Index 62)[0m
Epoch 00063 | Time 0.0132s | L(tr) 1.1170 | A(tr) 0.8814 | L(val) 1.3092 | A(val) 0.4889 
[2026-04-20 12:46:56] [32mIntermediate result: 0.4888972525404592  (Index 63)[0m
Epoch 00064 | Time 0.0118s | L(tr) 1.1073 | A(tr) 0.8983 | L(val) 1.3080 | A(val) 0.4889 
[2026-04-20 12:46:56] [32mIntermediate result: 0.4888972525404592  (Index 64)[0m
Epoch 00065 | Time 0.0120s | L(tr) 1.1055 | A(tr) 0.8898 | L(val) 1.3068 | A(val) 0.4889 
[2026-04-20 12:46:57] [32mIntermediate result: 0.4888972525404592  (Index 65)[0m
Epoch 00066 | Time 0.0138s | L(tr) 1.0975 | A(tr) 0.8898 | L(val) 1.3056 | A(val) 0.4889 
[2026-04-20 12:46:57] [32mIntermediate result: 0.4881445238991344  (Index 66)[0m
Epoch 00067 | Time 0.0124s | L(tr) 1.0927 | A(tr) 0.8983 | L(val) 1.3044 | A(val) 0.4881 
[2026-04-20 12:46:57] [32mIntermediate result: 0.48776815957847197  (Index 67)[0m
Epoch 00068 | Time 0.0097s | L(tr) 1.0886 | A(tr) 0.8814 | L(val) 1.3032 | A(val) 0.4878 
[2026-04-20 12:46:57] [32mIntermediate result: 0.4881445238991344  (Index 68)[0m
Epoch 00069 | Time 0.0089s | L(tr) 1.0847 | A(tr) 0.8475 | L(val) 1.3020 | A(val) 0.4881 
[2026-04-20 12:46:57] [32mIntermediate result: 0.48776815957847197  (Index 69)[0m
Epoch 00070 | Time 0.0082s | L(tr) 1.0814 | A(tr) 0.8729 | L(val) 1.3008 | A(val) 0.4878 
[2026-04-20 12:46:57] [32mIntermediate result: 0.48701543093714716  (Index 70)[0m
Epoch 00071 | Time 0.0108s | L(tr) 1.0741 | A(tr) 0.8729 | L(val) 1.2997 | A(val) 0.4870 
[2026-04-20 12:46:57] [32mIntermediate result: 0.48701543093714716  (Index 71)[0m
Epoch 00072 | Time 0.0120s | L(tr) 1.0655 | A(tr) 0.8814 | L(val) 1.2985 | A(val) 0.4870 
[2026-04-20 12:46:57] [32mIntermediate result: 0.48663906661648476  (Index 72)[0m
Epoch 00073 | Time 0.0105s | L(tr) 1.0605 | A(tr) 0.8898 | L(val) 1.2974 | A(val) 0.4866 
[2026-04-20 12:46:57] [32mIntermediate result: 0.48701543093714716  (Index 73)[0m
Epoch 00074 | Time 0.0106s | L(tr) 1.0576 | A(tr) 0.8983 | L(val) 1.2962 | A(val) 0.4870 
[2026-04-20 12:46:57] [32mIntermediate result: 0.48739179525780957  (Index 74)[0m
Epoch 00075 | Time 0.0095s | L(tr) 1.0436 | A(tr) 0.8814 | L(val) 1.2951 | A(val) 0.4874 
[2026-04-20 12:46:57] [32mIntermediate result: 0.48739179525780957  (Index 75)[0m
Epoch 00076 | Time 0.0106s | L(tr) 1.0448 | A(tr) 0.8729 | L(val) 1.2939 | A(val) 0.4874 
[2026-04-20 12:46:57] [32mIntermediate result: 0.48701543093714716  (Index 76)[0m
Epoch 00077 | Time 0.0106s | L(tr) 1.0366 | A(tr) 0.8814 | L(val) 1.2928 | A(val) 0.4870 
[2026-04-20 12:46:57] [32mIntermediate result: 0.48588633797515995  (Index 77)[0m
Epoch 00078 | Time 0.0111s | L(tr) 1.0369 | A(tr) 0.8983 | L(val) 1.2917 | A(val) 0.4859 
[2026-04-20 12:46:57] [32mIntermediate result: 0.48626270229582236  (Index 78)[0m
Epoch 00079 | Time 0.0106s | L(tr) 1.0248 | A(tr) 0.9068 | L(val) 1.2906 | A(val) 0.4863 
[2026-04-20 12:46:57] [32mIntermediate result: 0.48739179525780957  (Index 79)[0m
Epoch 00080 | Time 0.0095s | L(tr) 1.0204 | A(tr) 0.8814 | L(val) 1.2895 | A(val) 0.4874 
[2026-04-20 12:46:57] [32mIntermediate result: 0.48739179525780957  (Index 80)[0m
Epoch 00081 | Time 0.0116s | L(tr) 1.0240 | A(tr) 0.8898 | L(val) 1.2884 | A(val) 0.4874 
[2026-04-20 12:46:57] [32mIntermediate result: 0.48701543093714716  (Index 81)[0m
Epoch 00082 | Time 0.0105s | L(tr) 1.0166 | A(tr) 0.8814 | L(val) 1.2874 | A(val) 0.4870 
[2026-04-20 12:46:57] [32mIntermediate result: 0.48626270229582236  (Index 82)[0m
Epoch 00083 | Time 0.0104s | L(tr) 1.0136 | A(tr) 0.8983 | L(val) 1.2863 | A(val) 0.4863 
[2026-04-20 12:46:57] [32mIntermediate result: 0.48626270229582236  (Index 83)[0m
Epoch 00084 | Time 0.0122s | L(tr) 1.0041 | A(tr) 0.8814 | L(val) 1.2852 | A(val) 0.4863 
[2026-04-20 12:46:57] [32mIntermediate result: 0.48663906661648476  (Index 84)[0m
Epoch 00085 | Time 0.0112s | L(tr) 0.9888 | A(tr) 0.8898 | L(val) 1.2842 | A(val) 0.4866 
[2026-04-20 12:46:57] [32mIntermediate result: 0.48626270229582236  (Index 85)[0m
Epoch 00086 | Time 0.0115s | L(tr) 0.9885 | A(tr) 0.8898 | L(val) 1.2832 | A(val) 0.4863 
[2026-04-20 12:46:57] [32mIntermediate result: 0.48550997365449755  (Index 86)[0m
Epoch 00087 | Time 0.0085s | L(tr) 0.9844 | A(tr) 0.8983 | L(val) 1.2821 | A(val) 0.4855 
[2026-04-20 12:46:57] [32mIntermediate result: 0.48513360933383515  (Index 87)[0m
Epoch 00088 | Time 0.0138s | L(tr) 0.9829 | A(tr) 0.8729 | L(val) 1.2811 | A(val) 0.4851 
[2026-04-20 12:46:57] [32mIntermediate result: 0.48475724501317274  (Index 88)[0m
Epoch 00089 | Time 0.0099s | L(tr) 0.9725 | A(tr) 0.8814 | L(val) 1.2801 | A(val) 0.4848 
[2026-04-20 12:46:57] [32mIntermediate result: 0.48438088069251034  (Index 89)[0m
Epoch 00090 | Time 0.0121s | L(tr) 0.9694 | A(tr) 0.8814 | L(val) 1.2791 | A(val) 0.4844 
[2026-04-20 12:46:57] [32mIntermediate result: 0.48438088069251034  (Index 90)[0m
Epoch 00091 | Time 0.0125s | L(tr) 0.9607 | A(tr) 0.8814 | L(val) 1.2782 | A(val) 0.4844 
[2026-04-20 12:46:57] [32mIntermediate result: 0.48362815205118553  (Index 91)[0m
Epoch 00092 | Time 0.0120s | L(tr) 0.9557 | A(tr) 0.8983 | L(val) 1.2772 | A(val) 0.4836 
[2026-04-20 12:46:57] [32mIntermediate result: 0.4828754234098607  (Index 92)[0m
Epoch 00093 | Time 0.0137s | L(tr) 0.9545 | A(tr) 0.9068 | L(val) 1.2762 | A(val) 0.4829 
[2026-04-20 12:46:57] [32mIntermediate result: 0.4828754234098607  (Index 93)[0m
Epoch 00094 | Time 0.0128s | L(tr) 0.9433 | A(tr) 0.8898 | L(val) 1.2753 | A(val) 0.4829 
[2026-04-20 12:46:57] [32mIntermediate result: 0.4828754234098607  (Index 94)[0m
Epoch 00095 | Time 0.0129s | L(tr) 0.9391 | A(tr) 0.8814 | L(val) 1.2744 | A(val) 0.4829 
[2026-04-20 12:46:57] [32mIntermediate result: 0.48325178773052313  (Index 95)[0m
Epoch 00096 | Time 0.0100s | L(tr) 0.9345 | A(tr) 0.9068 | L(val) 1.2734 | A(val) 0.4833 
[2026-04-20 12:46:57] [32mIntermediate result: 0.4828754234098607  (Index 96)[0m
Epoch 00097 | Time 0.0133s | L(tr) 0.9283 | A(tr) 0.8898 | L(val) 1.2725 | A(val) 0.4829 
[2026-04-20 12:46:57] [32mIntermediate result: 0.4824990590891983  (Index 97)[0m
Epoch 00098 | Time 0.0110s | L(tr) 0.9198 | A(tr) 0.8814 | L(val) 1.2716 | A(val) 0.4825 
[2026-04-20 12:46:57] [32mIntermediate result: 0.4821226947685359  (Index 98)[0m
Epoch 00099 | Time 0.0118s | L(tr) 0.9217 | A(tr) 0.8814 | L(val) 1.2707 | A(val) 0.4821 
[2026-04-20 12:46:57] [32mIntermediate result: 0.4821226947685359  (Index 99)[0m
Epoch 00100 | Time 0.0100s | L(tr) 0.9129 | A(tr) 0.8814 | L(val) 1.2699 | A(val) 0.4821 
[2026-04-20 12:46:57] [32mIntermediate result: 0.4821226947685359  (Index 100)[0m
Epoch 00101 | Time 0.0101s | L(tr) 0.9086 | A(tr) 0.8814 | L(val) 1.2690 | A(val) 0.4821 
[2026-04-20 12:46:57] [32mIntermediate result: 0.4821226947685359  (Index 101)[0m
Epoch 00102 | Time 0.0121s | L(tr) 0.9019 | A(tr) 0.8814 | L(val) 1.2682 | A(val) 0.4821 
[2026-04-20 12:46:57] [32mIntermediate result: 0.4824990590891983  (Index 102)[0m
Epoch 00103 | Time 0.0120s | L(tr) 0.8915 | A(tr) 0.8814 | L(val) 1.2673 | A(val) 0.4825 
[2026-04-20 12:46:57] [32mIntermediate result: 0.4824990590891983  (Index 103)[0m
Epoch 00104 | Time 0.0119s | L(tr) 0.8929 | A(tr) 0.8898 | L(val) 1.2665 | A(val) 0.4825 
[2026-04-20 12:46:57] [32mIntermediate result: 0.4824990590891983  (Index 104)[0m
Epoch 00105 | Time 0.0115s | L(tr) 0.8769 | A(tr) 0.8898 | L(val) 1.2657 | A(val) 0.4825 
[2026-04-20 12:46:57] [32mIntermediate result: 0.4824990590891983  (Index 105)[0m
Epoch 00106 | Time 0.0153s | L(tr) 0.8765 | A(tr) 0.8898 | L(val) 1.2650 | A(val) 0.4825 
[2026-04-20 12:46:57] [32mIntermediate result: 0.4817463304478735  (Index 106)[0m
Epoch 00107 | Time 0.0125s | L(tr) 0.8643 | A(tr) 0.8983 | L(val) 1.2642 | A(val) 0.4817 
[2026-04-20 12:46:57] [32mIntermediate result: 0.4817463304478735  (Index 107)[0m
Epoch 00108 | Time 0.0135s | L(tr) 0.8705 | A(tr) 0.9153 | L(val) 1.2634 | A(val) 0.4817 
[2026-04-20 12:46:57] [32mIntermediate result: 0.4817463304478735  (Index 108)[0m
Epoch 00109 | Time 0.0152s | L(tr) 0.8730 | A(tr) 0.8983 | L(val) 1.2627 | A(val) 0.4817 
[2026-04-20 12:46:57] [32mIntermediate result: 0.4813699661272111  (Index 109)[0m
Epoch 00110 | Time 0.0102s | L(tr) 0.8573 | A(tr) 0.8898 | L(val) 1.2620 | A(val) 0.4814 
[2026-04-20 12:46:57] [32mIntermediate result: 0.4813699661272111  (Index 110)[0m
Epoch 00111 | Time 0.0134s | L(tr) 0.8543 | A(tr) 0.9153 | L(val) 1.2613 | A(val) 0.4814 
[2026-04-20 12:46:57] [32mIntermediate result: 0.4813699661272111  (Index 111)[0m
Epoch 00112 | Time 0.0118s | L(tr) 0.8484 | A(tr) 0.8983 | L(val) 1.2606 | A(val) 0.4814 
[2026-04-20 12:46:57] [32mIntermediate result: 0.48099360180654877  (Index 112)[0m
Epoch 00113 | Time 0.0105s | L(tr) 0.8431 | A(tr) 0.9153 | L(val) 1.2599 | A(val) 0.4810 
[2026-04-20 12:46:57] [32mIntermediate result: 0.48099360180654877  (Index 113)[0m
Epoch 00114 | Time 0.0105s | L(tr) 0.8344 | A(tr) 0.8898 | L(val) 1.2592 | A(val) 0.4810 
[2026-04-20 12:46:57] [32mIntermediate result: 0.48099360180654877  (Index 114)[0m
Epoch 00115 | Time 0.0102s | L(tr) 0.8379 | A(tr) 0.9153 | L(val) 1.2586 | A(val) 0.4810 
[2026-04-20 12:46:57] [32mIntermediate result: 0.48099360180654877  (Index 115)[0m
Epoch 00116 | Time 0.0162s | L(tr) 0.8187 | A(tr) 0.8898 | L(val) 1.2579 | A(val) 0.4810 
[2026-04-20 12:46:57] [32mIntermediate result: 0.48061723748588636  (Index 116)[0m
Epoch 00117 | Time 0.0120s | L(tr) 0.8275 | A(tr) 0.8983 | L(val) 1.2573 | A(val) 0.4806 
[2026-04-20 12:46:57] [32mIntermediate result: 0.4813699661272111  (Index 117)[0m
Epoch 00118 | Time 0.0089s | L(tr) 0.8127 | A(tr) 0.8983 | L(val) 1.2567 | A(val) 0.4814 
[2026-04-20 12:46:57] [32mIntermediate result: 0.4813699661272111  (Index 118)[0m
Epoch 00119 | Time 0.0087s | L(tr) 0.8100 | A(tr) 0.9153 | L(val) 1.2561 | A(val) 0.4814 
[2026-04-20 12:46:57] [32mIntermediate result: 0.4813699661272111  (Index 119)[0m
Epoch 00120 | Time 0.0133s | L(tr) 0.8056 | A(tr) 0.8898 | L(val) 1.2555 | A(val) 0.4814 
[2026-04-20 12:46:57] [32mIntermediate result: 0.48099360180654877  (Index 120)[0m
Epoch 00121 | Time 0.0142s | L(tr) 0.7984 | A(tr) 0.8983 | L(val) 1.2549 | A(val) 0.4810 
[2026-04-20 12:46:57] [32mIntermediate result: 0.47986450884456155  (Index 121)[0m
Epoch 00122 | Time 0.0095s | L(tr) 0.8033 | A(tr) 0.8898 | L(val) 1.2544 | A(val) 0.4799 
[2026-04-20 12:46:57] [32mIntermediate result: 0.47948814452389915  (Index 122)[0m
Epoch 00123 | Time 0.0093s | L(tr) 0.7924 | A(tr) 0.9068 | L(val) 1.2539 | A(val) 0.4795 
[2026-04-20 12:46:57] [32mIntermediate result: 0.47911178020323675  (Index 123)[0m
Epoch 00124 | Time 0.0123s | L(tr) 0.7777 | A(tr) 0.9068 | L(val) 1.2533 | A(val) 0.4791 
[2026-04-20 12:46:57] [32mIntermediate result: 0.47911178020323675  (Index 124)[0m
Epoch 00125 | Time 0.0118s | L(tr) 0.7857 | A(tr) 0.9068 | L(val) 1.2528 | A(val) 0.4791 
[2026-04-20 12:46:57] [32mIntermediate result: 0.47911178020323675  (Index 125)[0m
Epoch 00126 | Time 0.0119s | L(tr) 0.7841 | A(tr) 0.9068 | L(val) 1.2524 | A(val) 0.4791 
[2026-04-20 12:46:57] [32mIntermediate result: 0.47911178020323675  (Index 126)[0m
Epoch 00127 | Time 0.0102s | L(tr) 0.7765 | A(tr) 0.8898 | L(val) 1.2519 | A(val) 0.4791 
[2026-04-20 12:46:57] [32mIntermediate result: 0.47911178020323675  (Index 127)[0m
Epoch 00128 | Time 0.0104s | L(tr) 0.7642 | A(tr) 0.9068 | L(val) 1.2514 | A(val) 0.4791 
[2026-04-20 12:46:57] [32mIntermediate result: 0.47873541588257434  (Index 128)[0m
Epoch 00129 | Time 0.0149s | L(tr) 0.7582 | A(tr) 0.8983 | L(val) 1.2510 | A(val) 0.4787 
[2026-04-20 12:46:57] [32mIntermediate result: 0.47873541588257434  (Index 129)[0m
Epoch 00130 | Time 0.0144s | L(tr) 0.7572 | A(tr) 0.8983 | L(val) 1.2506 | A(val) 0.4787 
[2026-04-20 12:46:57] [32mIntermediate result: 0.47835905156191194  (Index 130)[0m
Epoch 00131 | Time 0.0122s | L(tr) 0.7473 | A(tr) 0.9068 | L(val) 1.2502 | A(val) 0.4784 
[2026-04-20 12:46:57] [32mIntermediate result: 0.47798268724124954  (Index 131)[0m
Epoch 00132 | Time 0.0118s | L(tr) 0.7530 | A(tr) 0.9322 | L(val) 1.2498 | A(val) 0.4780 
[2026-04-20 12:46:57] [32mIntermediate result: 0.47798268724124954  (Index 132)[0m
Epoch 00133 | Time 0.0112s | L(tr) 0.7381 | A(tr) 0.9237 | L(val) 1.2494 | A(val) 0.4780 
[2026-04-20 12:46:57] [32mIntermediate result: 0.47760632292058713  (Index 133)[0m
Epoch 00134 | Time 0.0154s | L(tr) 0.7370 | A(tr) 0.9068 | L(val) 1.2490 | A(val) 0.4776 
[2026-04-20 12:46:57] [32mIntermediate result: 0.47760632292058713  (Index 134)[0m
Epoch 00135 | Time 0.0178s | L(tr) 0.7353 | A(tr) 0.8983 | L(val) 1.2487 | A(val) 0.4776 
[2026-04-20 12:46:57] [32mIntermediate result: 0.47760632292058713  (Index 135)[0m
Epoch 00136 | Time 0.0164s | L(tr) 0.7244 | A(tr) 0.9068 | L(val) 1.2484 | A(val) 0.4776 
[2026-04-20 12:46:57] [32mIntermediate result: 0.47798268724124954  (Index 136)[0m
Epoch 00137 | Time 0.0132s | L(tr) 0.7160 | A(tr) 0.8898 | L(val) 1.2480 | A(val) 0.4780 
[2026-04-20 12:46:57] [32mIntermediate result: 0.47798268724124954  (Index 137)[0m
Epoch 00138 | Time 0.0137s | L(tr) 0.7190 | A(tr) 0.9322 | L(val) 1.2477 | A(val) 0.4780 
[2026-04-20 12:46:57] [32mIntermediate result: 0.47798268724124954  (Index 138)[0m
Epoch 00139 | Time 0.0132s | L(tr) 0.7164 | A(tr) 0.8983 | L(val) 1.2475 | A(val) 0.4780 
[2026-04-20 12:46:57] [32mIntermediate result: 0.47798268724124954  (Index 139)[0m
Epoch 00140 | Time 0.0138s | L(tr) 0.7069 | A(tr) 0.9153 | L(val) 1.2472 | A(val) 0.4780 
[2026-04-20 12:46:57] [32mIntermediate result: 0.47835905156191194  (Index 140)[0m
Epoch 00141 | Time 0.0112s | L(tr) 0.7097 | A(tr) 0.9068 | L(val) 1.2469 | A(val) 0.4784 
[2026-04-20 12:46:57] [32mIntermediate result: 0.47798268724124954  (Index 141)[0m
Epoch 00142 | Time 0.0120s | L(tr) 0.7061 | A(tr) 0.9068 | L(val) 1.2467 | A(val) 0.4780 
[2026-04-20 12:46:57] [32mIntermediate result: 0.47798268724124954  (Index 142)[0m
Epoch 00143 | Time 0.0124s | L(tr) 0.6879 | A(tr) 0.8983 | L(val) 1.2465 | A(val) 0.4780 
[2026-04-20 12:46:57] [32mIntermediate result: 0.47873541588257434  (Index 143)[0m
Epoch 00144 | Time 0.0127s | L(tr) 0.6969 | A(tr) 0.8983 | L(val) 1.2463 | A(val) 0.4787 
[2026-04-20 12:46:57] [32mIntermediate result: 0.47911178020323675  (Index 144)[0m
Epoch 00145 | Time 0.0111s | L(tr) 0.6827 | A(tr) 0.9068 | L(val) 1.2461 | A(val) 0.4791 
[2026-04-20 12:46:57] [32mIntermediate result: 0.47948814452389915  (Index 145)[0m
Epoch 00146 | Time 0.0123s | L(tr) 0.6838 | A(tr) 0.9407 | L(val) 1.2459 | A(val) 0.4795 
[2026-04-20 12:46:57] [32mIntermediate result: 0.47948814452389915  (Index 146)[0m
Epoch 00147 | Time 0.0122s | L(tr) 0.6656 | A(tr) 0.9153 | L(val) 1.2457 | A(val) 0.4795 
[2026-04-20 12:46:57] [32mIntermediate result: 0.47873541588257434  (Index 147)[0m
Epoch 00148 | Time 0.0140s | L(tr) 0.6746 | A(tr) 0.9068 | L(val) 1.2456 | A(val) 0.4787 
[2026-04-20 12:46:58] [32mIntermediate result: 0.47835905156191194  (Index 148)[0m
Epoch 00149 | Time 0.0135s | L(tr) 0.6563 | A(tr) 0.9153 | L(val) 1.2454 | A(val) 0.4784 
[2026-04-20 12:46:58] [32mIntermediate result: 0.47873541588257434  (Index 149)[0m
Epoch 00150 | Time 0.0135s | L(tr) 0.6654 | A(tr) 0.9322 | L(val) 1.2453 | A(val) 0.4787 
[2026-04-20 12:46:58] [32mIntermediate result: 0.47835905156191194  (Index 150)[0m
Epoch 00151 | Time 0.0131s | L(tr) 0.6484 | A(tr) 0.9237 | L(val) 1.2452 | A(val) 0.4784 
[2026-04-20 12:46:58] [32mIntermediate result: 0.47835905156191194  (Index 151)[0m
Epoch 00152 | Time 0.0109s | L(tr) 0.6621 | A(tr) 0.8983 | L(val) 1.2451 | A(val) 0.4784 
[2026-04-20 12:46:58] [32mIntermediate result: 0.47835905156191194  (Index 152)[0m
Epoch 00153 | Time 0.0114s | L(tr) 0.6458 | A(tr) 0.9322 | L(val) 1.2450 | A(val) 0.4784 
[2026-04-20 12:46:58] [32mIntermediate result: 0.47798268724124954  (Index 153)[0m
Epoch 00154 | Time 0.0114s | L(tr) 0.6364 | A(tr) 0.9322 | L(val) 1.2449 | A(val) 0.4780 
[2026-04-20 12:46:58] [32mIntermediate result: 0.47798268724124954  (Index 154)[0m
Epoch 00155 | Time 0.0134s | L(tr) 0.6344 | A(tr) 0.9322 | L(val) 1.2449 | A(val) 0.4780 
[2026-04-20 12:46:58] [32mIntermediate result: 0.47798268724124954  (Index 155)[0m
Epoch 00156 | Time 0.0133s | L(tr) 0.6431 | A(tr) 0.9237 | L(val) 1.2448 | A(val) 0.4780 
[2026-04-20 12:46:58] [32mIntermediate result: 0.47835905156191194  (Index 156)[0m
Epoch 00157 | Time 0.0151s | L(tr) 0.6350 | A(tr) 0.9322 | L(val) 1.2448 | A(val) 0.4784 
[2026-04-20 12:46:58] [32mIntermediate result: 0.47835905156191194  (Index 157)[0m
Epoch 00158 | Time 0.0129s | L(tr) 0.6295 | A(tr) 0.9237 | L(val) 1.2448 | A(val) 0.4784 
[2026-04-20 12:46:58] [32mIntermediate result: 0.47835905156191194  (Index 158)[0m
Epoch 00159 | Time 0.0128s | L(tr) 0.6269 | A(tr) 0.9153 | L(val) 1.2448 | A(val) 0.4784 
[2026-04-20 12:46:58] [32mIntermediate result: 0.47798268724124954  (Index 159)[0m
Epoch 00160 | Time 0.0124s | L(tr) 0.6191 | A(tr) 0.9153 | L(val) 1.2448 | A(val) 0.4780 
[2026-04-20 12:46:58] [32mIntermediate result: 0.47798268724124954  (Index 160)[0m
Epoch 00161 | Time 0.0112s | L(tr) 0.6119 | A(tr) 0.9492 | L(val) 1.2448 | A(val) 0.4780 
[2026-04-20 12:46:58] [32mIntermediate result: 0.47798268724124954  (Index 161)[0m
Epoch 00162 | Time 0.0101s | L(tr) 0.6102 | A(tr) 0.9237 | L(val) 1.2448 | A(val) 0.4780 
[2026-04-20 12:46:58] [32mIntermediate result: 0.47835905156191194  (Index 162)[0m
Epoch 00163 | Time 0.0121s | L(tr) 0.6165 | A(tr) 0.9237 | L(val) 1.2449 | A(val) 0.4784 
[2026-04-20 12:46:58] [32mIntermediate result: 0.47873541588257434  (Index 163)[0m
Epoch 00164 | Time 0.0131s | L(tr) 0.6061 | A(tr) 0.9322 | L(val) 1.2450 | A(val) 0.4787 
[2026-04-20 12:46:58] [32mIntermediate result: 0.47798268724124954  (Index 164)[0m
Epoch 00165 | Time 0.0138s | L(tr) 0.6016 | A(tr) 0.9322 | L(val) 1.2450 | A(val) 0.4780 
[2026-04-20 12:46:58] [32mIntermediate result: 0.47798268724124954  (Index 165)[0m
Epoch 00166 | Time 0.0115s | L(tr) 0.5890 | A(tr) 0.9237 | L(val) 1.2451 | A(val) 0.4780 
[2026-04-20 12:46:58] [32mIntermediate result: 0.47798268724124954  (Index 166)[0m
Epoch 00167 | Time 0.0109s | L(tr) 0.5783 | A(tr) 0.9407 | L(val) 1.2453 | A(val) 0.4780 
[2026-04-20 12:46:58] [32mIntermediate result: 0.47760632292058713  (Index 167)[0m
Epoch 00168 | Time 0.0104s | L(tr) 0.5801 | A(tr) 0.9322 | L(val) 1.2454 | A(val) 0.4776 
[2026-04-20 12:46:58] [32mIntermediate result: 0.47760632292058713  (Index 168)[0m
Epoch 00169 | Time 0.0122s | L(tr) 0.5832 | A(tr) 0.9322 | L(val) 1.2455 | A(val) 0.4776 
[2026-04-20 12:46:58] [32mIntermediate result: 0.47760632292058713  (Index 169)[0m
Epoch 00170 | Time 0.0114s | L(tr) 0.5812 | A(tr) 0.9407 | L(val) 1.2457 | A(val) 0.4776 
[2026-04-20 12:46:58] [32mIntermediate result: 0.47722995859992473  (Index 170)[0m
Epoch 00171 | Time 0.0115s | L(tr) 0.5623 | A(tr) 0.9237 | L(val) 1.2458 | A(val) 0.4772 
[2026-04-20 12:46:58] [32mIntermediate result: 0.4768535942792623  (Index 171)[0m
Epoch 00172 | Time 0.0119s | L(tr) 0.5694 | A(tr) 0.9407 | L(val) 1.2460 | A(val) 0.4769 
[2026-04-20 12:46:58] [32mIntermediate result: 0.4764772299585999  (Index 172)[0m
Epoch 00173 | Time 0.0099s | L(tr) 0.5741 | A(tr) 0.9407 | L(val) 1.2462 | A(val) 0.4765 
[2026-04-20 12:46:58] [32mIntermediate result: 0.4768535942792623  (Index 173)[0m
Epoch 00174 | Time 0.0103s | L(tr) 0.5667 | A(tr) 0.9492 | L(val) 1.2464 | A(val) 0.4769 
[2026-04-20 12:46:58] [32mIntermediate result: 0.4764772299585999  (Index 174)[0m
Epoch 00175 | Time 0.0099s | L(tr) 0.5534 | A(tr) 0.9407 | L(val) 1.2466 | A(val) 0.4765 
[2026-04-20 12:46:58] [32mIntermediate result: 0.47722995859992473  (Index 175)[0m
Epoch 00176 | Time 0.0106s | L(tr) 0.5444 | A(tr) 0.9407 | L(val) 1.2468 | A(val) 0.4772 
[2026-04-20 12:46:58] [32mIntermediate result: 0.47760632292058713  (Index 176)[0m
Epoch 00177 | Time 0.0116s | L(tr) 0.5497 | A(tr) 0.9407 | L(val) 1.2470 | A(val) 0.4776 
[2026-04-20 12:46:58] [32mIntermediate result: 0.47760632292058713  (Index 177)[0m
Epoch 00178 | Time 0.0121s | L(tr) 0.5470 | A(tr) 0.9492 | L(val) 1.2473 | A(val) 0.4776 
[2026-04-20 12:46:58] [32mIntermediate result: 0.47760632292058713  (Index 178)[0m
Epoch 00179 | Time 0.0110s | L(tr) 0.5401 | A(tr) 0.9492 | L(val) 1.2475 | A(val) 0.4776 
[2026-04-20 12:46:58] [32mIntermediate result: 0.47722995859992473  (Index 179)[0m
Epoch 00180 | Time 0.0105s | L(tr) 0.5328 | A(tr) 0.9492 | L(val) 1.2478 | A(val) 0.4772 
[2026-04-20 12:46:58] [32mIntermediate result: 0.4768535942792623  (Index 180)[0m
Epoch 00181 | Time 0.0130s | L(tr) 0.5412 | A(tr) 0.9407 | L(val) 1.2481 | A(val) 0.4769 
[2026-04-20 12:46:58] [32mIntermediate result: 0.4768535942792623  (Index 181)[0m
Epoch 00182 | Time 0.0132s | L(tr) 0.5400 | A(tr) 0.9492 | L(val) 1.2483 | A(val) 0.4769 
[2026-04-20 12:46:58] [32mIntermediate result: 0.47722995859992473  (Index 182)[0m
Epoch 00183 | Time 0.0099s | L(tr) 0.5271 | A(tr) 0.9492 | L(val) 1.2486 | A(val) 0.4772 
[2026-04-20 12:46:58] [32mIntermediate result: 0.4768535942792623  (Index 183)[0m
Epoch 00184 | Time 0.0105s | L(tr) 0.5198 | A(tr) 0.9407 | L(val) 1.2489 | A(val) 0.4769 
[2026-04-20 12:46:58] [32mIntermediate result: 0.4768535942792623  (Index 184)[0m
Epoch 00185 | Time 0.0094s | L(tr) 0.5098 | A(tr) 0.9576 | L(val) 1.2492 | A(val) 0.4769 
[2026-04-20 12:46:58] [32mIntermediate result: 0.4764772299585999  (Index 185)[0m
Epoch 00186 | Time 0.0109s | L(tr) 0.5243 | A(tr) 0.9492 | L(val) 1.2496 | A(val) 0.4765 
[2026-04-20 12:46:58] [32mIntermediate result: 0.4764772299585999  (Index 186)[0m
Epoch 00187 | Time 0.0104s | L(tr) 0.5059 | A(tr) 0.9576 | L(val) 1.2499 | A(val) 0.4765 
[2026-04-20 12:46:58] [32mIntermediate result: 0.4761008656379375  (Index 187)[0m
Epoch 00188 | Time 0.0097s | L(tr) 0.5036 | A(tr) 0.9661 | L(val) 1.2502 | A(val) 0.4761 
[2026-04-20 12:46:58] [32mIntermediate result: 0.4757245013172751  (Index 188)[0m
Epoch 00189 | Time 0.0112s | L(tr) 0.5053 | A(tr) 0.9661 | L(val) 1.2505 | A(val) 0.4757 
[2026-04-20 12:46:58] [32mIntermediate result: 0.4753481369966127  (Index 189)[0m
Epoch 00190 | Time 0.0111s | L(tr) 0.5028 | A(tr) 0.9492 | L(val) 1.2509 | A(val) 0.4753 
[2026-04-20 12:46:58] [32mIntermediate result: 0.4757245013172751  (Index 190)[0m
Epoch 00191 | Time 0.0090s | L(tr) 0.5010 | A(tr) 0.9576 | L(val) 1.2512 | A(val) 0.4757 
[2026-04-20 12:46:58] [32mIntermediate result: 0.4753481369966127  (Index 191)[0m
Epoch 00192 | Time 0.0111s | L(tr) 0.4871 | A(tr) 0.9492 | L(val) 1.2516 | A(val) 0.4753 
[2026-04-20 12:46:58] [32mIntermediate result: 0.4749717726759503  (Index 192)[0m
Epoch 00193 | Time 0.0127s | L(tr) 0.4933 | A(tr) 0.9576 | L(val) 1.2520 | A(val) 0.4750 
[2026-04-20 12:46:58] [32mIntermediate result: 0.4745954083552879  (Index 193)[0m
Epoch 00194 | Time 0.0117s | L(tr) 0.4795 | A(tr) 0.9576 | L(val) 1.2523 | A(val) 0.4746 
[2026-04-20 12:46:58] [32mIntermediate result: 0.4742190440346255  (Index 194)[0m
Epoch 00195 | Time 0.0142s | L(tr) 0.4862 | A(tr) 0.9576 | L(val) 1.2527 | A(val) 0.4742 
[2026-04-20 12:46:58] [32mIntermediate result: 0.4745954083552879  (Index 195)[0m
Epoch 00196 | Time 0.0132s | L(tr) 0.4893 | A(tr) 0.9576 | L(val) 1.2531 | A(val) 0.4746 
[2026-04-20 12:46:58] [32mIntermediate result: 0.4745954083552879  (Index 196)[0m
Epoch 00197 | Time 0.0089s | L(tr) 0.4686 | A(tr) 0.9576 | L(val) 1.2535 | A(val) 0.4746 
[2026-04-20 12:46:58] [32mIntermediate result: 0.4749717726759503  (Index 197)[0m
Epoch 00198 | Time 0.0120s | L(tr) 0.4795 | A(tr) 0.9492 | L(val) 1.2539 | A(val) 0.4750 
[2026-04-20 12:46:58] [32mIntermediate result: 0.4745954083552879  (Index 198)[0m
Epoch 00199 | Time 0.0091s | L(tr) 0.4631 | A(tr) 0.9661 | L(val) 1.2544 | A(val) 0.4746 
[2026-04-20 12:46:58] [32mIntermediate result: 0.4745954083552879  (Index 199)[0m
Epoch 00200 | Time 0.0089s | L(tr) 0.4553 | A(tr) 0.9492 | L(val) 1.2548 | A(val) 0.4746 
FINAL_RESULT: {'train': 0.8813559322033898, 'valid': 0.489649981181784, 'test': 0.6426555570487837}
