 [LN-PCC] BREADCRUMB: Repeat 1/10
 [LN-PCC] BREADCRUMB: Repeat 2/10
 [LN-PCC] BREADCRUMB: Repeat 3/10
 [LN-PCC] BREADCRUMB: Repeat 4/10
 [LN-PCC] BREADCRUMB: Repeat 5/10
 [LN-PCC] BREADCRUMB: Repeat 6/10
 [LN-PCC] BREADCRUMB: Repeat 7/10
 [LN-PCC] BREADCRUMB: Repeat 8/10
 [LN-PCC] BREADCRUMB: Repeat 9/10
 [LN-PCC] BREADCRUMB: Repeat 10/10
Process SpawnProcess-1:
Traceback (most recent call last):
  File "C:\Users\fbrev\anaconda3\envs\noisygl\Lib\multiprocessing\process.py", line 314, in _bootstrap
    self.run()
  File "C:\Users\fbrev\anaconda3\envs\noisygl\Lib\multiprocessing\process.py", line 108, in run
    self._target(*self._args, **self._kwargs)
  File "C:\Users\fbrev\Documents\Acadêmico\Simulações\Python\NoisyGL\predictor\LNPCC_Predictor.py", line 599, in _lnpcc_worker_func
    worker_thread.join()
  File "C:\Users\fbrev\anaconda3\envs\noisygl\Lib\threading.py", line 1119, in join
    self._wait_for_tstate_lock()
  File "C:\Users\fbrev\anaconda3\envs\noisygl\Lib\threading.py", line 1139, in _wait_for_tstate_lock
    if lock.acquire(block, timeout):
       ^^^^^^^^^^^^^^^^^^^^^^^^^^^^
KeyboardInterrupt
Namespace(dataset='amazon-ratings', method='lnpcc', noise_type='random', noise_rate=0.3, device='cuda:1', seed=3000, params_json='{"knn_mode": "d", "dexp": 7.395819324105462, "p_grd": 0.4211067492240028, "unc_rem": 0.16098041755946596, "unc_rel": 0.537103121359717, "dropout": 0.522701626205314, "n_hidden": 128, "n_layer": 3, "lr": 0.1, "weight_decay": 0.05, "k": 14}')
----Data statistics------'
                Name: amazon-ratings
                #Nodes 24492
                #Edges 93050
                #Classes 5
                #Ave_degree 7.60
----Split statistics------'
                #Train samples 1224 (5.0 % of nodes)
                #Val samples 3673 (15.0 % of nodes)
                #Test samples 19595 (remaining)
Current device: cpu
[Params] Overriding from --params_json: {'knn_mode': 'd', 'dexp': 7.395819324105462, 'p_grd': 0.4211067492240028, 'unc_rem': 0.16098041755946596, 'unc_rel': 0.537103121359717, 'dropout': 0.522701626205314, 'n_hidden': 128, 'n_layer': 3, 'lr': 0.1, 'weight_decay': 0.05, 'k': 14}
----label noise information:------
Random noise
#Actual noise rate 0.30 
[2026-04-17 00:13:15] [32mIntermediate result: 0.26490607133133676  (Index 0)[0m
Epoch 00001 | Time 0.3596s | L(tr) 1.6083 | A(tr) 0.1936 | L(val) 1.5424 | A(val) 0.2649 *
[2026-04-17 00:13:15] [32mIntermediate result: 0.29921045466920776  (Index 1)[0m
Epoch 00002 | Time 0.0299s | L(tr) 1.5408 | A(tr) 0.2691 | L(val) 1.6696 | A(val) 0.2992 *
[2026-04-17 00:13:15] [32mIntermediate result: 0.26490607133133676  (Index 2)[0m
Epoch 00003 | Time 0.0279s | L(tr) 1.6290 | A(tr) 0.3216 | L(val) 1.5593 | A(val) 0.2649 
[2026-04-17 00:13:15] [32mIntermediate result: 0.26490607133133676  (Index 3)[0m
Epoch 00004 | Time 0.0271s | L(tr) 1.5617 | A(tr) 0.2461 | L(val) 1.5376 | A(val) 0.2649 
[2026-04-17 00:13:15] [32mIntermediate result: 0.29921045466920776  (Index 4)[0m
Epoch 00005 | Time 0.0270s | L(tr) 1.5352 | A(tr) 0.2461 | L(val) 1.5323 | A(val) 0.2992 
[2026-04-17 00:13:15] [32mIntermediate result: 0.29921045466920776  (Index 5)[0m
Epoch 00006 | Time 0.0296s | L(tr) 1.5189 | A(tr) 0.3216 | L(val) 1.5286 | A(val) 0.2992 
[2026-04-17 00:13:15] [32mIntermediate result: 0.29921045466920776  (Index 6)[0m
Epoch 00007 | Time 0.0258s | L(tr) 1.5157 | A(tr) 0.3216 | L(val) 1.5276 | A(val) 0.2992 
[2026-04-17 00:13:15] [32mIntermediate result: 0.29921045466920776  (Index 7)[0m
Epoch 00008 | Time 0.0238s | L(tr) 1.5175 | A(tr) 0.3216 | L(val) 1.5290 | A(val) 0.2992 
[2026-04-17 00:13:15] [32mIntermediate result: 0.29921045466920776  (Index 8)[0m
Epoch 00009 | Time 0.0249s | L(tr) 1.5193 | A(tr) 0.3216 | L(val) 1.5295 | A(val) 0.2992 
[2026-04-17 00:13:15] [32mIntermediate result: 0.29921045466920776  (Index 9)[0m
Epoch 00010 | Time 0.0250s | L(tr) 1.5198 | A(tr) 0.3216 | L(val) 1.5292 | A(val) 0.2992 
[2026-04-17 00:13:15] [32mIntermediate result: 0.29921045466920776  (Index 10)[0m
Epoch 00011 | Time 0.0258s | L(tr) 1.5201 | A(tr) 0.3216 | L(val) 1.5288 | A(val) 0.2992 
[2026-04-17 00:13:15] [32mIntermediate result: 0.29921045466920776  (Index 11)[0m
Epoch 00012 | Time 0.0258s | L(tr) 1.5190 | A(tr) 0.3216 | L(val) 1.5289 | A(val) 0.2992 
[2026-04-17 00:13:15] [32mIntermediate result: 0.29921045466920776  (Index 12)[0m
Epoch 00013 | Time 0.0261s | L(tr) 1.5186 | A(tr) 0.3216 | L(val) 1.5294 | A(val) 0.2992 
[2026-04-17 00:13:15] [32mIntermediate result: 0.29921045466920776  (Index 13)[0m
Epoch 00014 | Time 0.0250s | L(tr) 1.5188 | A(tr) 0.3216 | L(val) 1.5297 | A(val) 0.2992 
[2026-04-17 00:13:15] [32mIntermediate result: 0.29921045466920776  (Index 14)[0m
Epoch 00015 | Time 0.0258s | L(tr) 1.5180 | A(tr) 0.3216 | L(val) 1.5296 | A(val) 0.2992 
[2026-04-17 00:13:15] [32mIntermediate result: 0.29921045466920776  (Index 15)[0m
Epoch 00016 | Time 0.0281s | L(tr) 1.5179 | A(tr) 0.3216 | L(val) 1.5296 | A(val) 0.2992 
[2026-04-17 00:13:15] [32mIntermediate result: 0.29921045466920776  (Index 16)[0m
Epoch 00017 | Time 0.0250s | L(tr) 1.5179 | A(tr) 0.3216 | L(val) 1.5301 | A(val) 0.2992 
[2026-04-17 00:13:15] [32mIntermediate result: 0.29921045466920776  (Index 17)[0m
Epoch 00018 | Time 0.0265s | L(tr) 1.5180 | A(tr) 0.3216 | L(val) 1.5308 | A(val) 0.2992 
[2026-04-17 00:13:15] [32mIntermediate result: 0.29921045466920776  (Index 18)[0m
Epoch 00019 | Time 0.0272s | L(tr) 1.5186 | A(tr) 0.3216 | L(val) 1.5312 | A(val) 0.2992 
[2026-04-17 00:13:15] [32mIntermediate result: 0.29921045466920776  (Index 19)[0m
Epoch 00020 | Time 0.0277s | L(tr) 1.5190 | A(tr) 0.3216 | L(val) 1.5313 | A(val) 0.2992 
[2026-04-17 00:13:15] [32mIntermediate result: 0.29921045466920776  (Index 20)[0m
Epoch 00021 | Time 0.0279s | L(tr) 1.5193 | A(tr) 0.3216 | L(val) 1.5310 | A(val) 0.2992 
[2026-04-17 00:13:15] [32mIntermediate result: 0.29921045466920776  (Index 21)[0m
Epoch 00022 | Time 0.0273s | L(tr) 1.5191 | A(tr) 0.3216 | L(val) 1.5305 | A(val) 0.2992 
[2026-04-17 00:13:15] [32mIntermediate result: 0.29921045466920776  (Index 22)[0m
Epoch 00023 | Time 0.0257s | L(tr) 1.5189 | A(tr) 0.3216 | L(val) 1.5302 | A(val) 0.2992 
[2026-04-17 00:13:16] [32mIntermediate result: 0.29921045466920776  (Index 23)[0m
Epoch 00024 | Time 0.0252s | L(tr) 1.5194 | A(tr) 0.3216 | L(val) 1.5299 | A(val) 0.2992 
[2026-04-17 00:13:16] [32mIntermediate result: 0.29921045466920776  (Index 24)[0m
Epoch 00025 | Time 0.0295s | L(tr) 1.5194 | A(tr) 0.3216 | L(val) 1.5298 | A(val) 0.2992 
[2026-04-17 00:13:16] [32mIntermediate result: 0.29921045466920776  (Index 25)[0m
Epoch 00026 | Time 0.0283s | L(tr) 1.5199 | A(tr) 0.3216 | L(val) 1.5298 | A(val) 0.2992 
[2026-04-17 00:13:16] [32mIntermediate result: 0.29921045466920776  (Index 26)[0m
Epoch 00027 | Time 0.0288s | L(tr) 1.5202 | A(tr) 0.3216 | L(val) 1.5298 | A(val) 0.2992 
[2026-04-17 00:13:16] [32mIntermediate result: 0.29921045466920776  (Index 27)[0m
Epoch 00028 | Time 0.0266s | L(tr) 1.5205 | A(tr) 0.3216 | L(val) 1.5299 | A(val) 0.2992 
[2026-04-17 00:13:16] [32mIntermediate result: 0.29921045466920776  (Index 28)[0m
Epoch 00029 | Time 0.0267s | L(tr) 1.5208 | A(tr) 0.3216 | L(val) 1.5300 | A(val) 0.2992 
[2026-04-17 00:13:16] [32mIntermediate result: 0.29921045466920776  (Index 29)[0m
Epoch 00030 | Time 0.0245s | L(tr) 1.5209 | A(tr) 0.3216 | L(val) 1.5302 | A(val) 0.2992 
[2026-04-17 00:13:16] [32mIntermediate result: 0.29921045466920776  (Index 30)[0m
Epoch 00031 | Time 0.0259s | L(tr) 1.5212 | A(tr) 0.3216 | L(val) 1.5304 | A(val) 0.2992 
[2026-04-17 00:13:16] [32mIntermediate result: 0.29921045466920776  (Index 31)[0m
Epoch 00032 | Time 0.0265s | L(tr) 1.5212 | A(tr) 0.3216 | L(val) 1.5305 | A(val) 0.2992 
[2026-04-17 00:13:16] [32mIntermediate result: 0.29921045466920776  (Index 32)[0m
Epoch 00033 | Time 0.0264s | L(tr) 1.5214 | A(tr) 0.3216 | L(val) 1.5306 | A(val) 0.2992 
[2026-04-17 00:13:16] [32mIntermediate result: 0.29921045466920776  (Index 33)[0m
Epoch 00034 | Time 0.0244s | L(tr) 1.5214 | A(tr) 0.3216 | L(val) 1.5306 | A(val) 0.2992 
[2026-04-17 00:13:16] [32mIntermediate result: 0.29921045466920776  (Index 34)[0m
Epoch 00035 | Time 0.0274s | L(tr) 1.5214 | A(tr) 0.3216 | L(val) 1.5307 | A(val) 0.2992 
[2026-04-17 00:13:16] [32mIntermediate result: 0.29921045466920776  (Index 35)[0m
Epoch 00036 | Time 0.0244s | L(tr) 1.5216 | A(tr) 0.3216 | L(val) 1.5307 | A(val) 0.2992 
[2026-04-17 00:13:16] [32mIntermediate result: 0.29921045466920776  (Index 36)[0m
Epoch 00037 | Time 0.0242s | L(tr) 1.5212 | A(tr) 0.3216 | L(val) 1.5306 | A(val) 0.2992 
[2026-04-17 00:13:16] [32mIntermediate result: 0.29921045466920776  (Index 37)[0m
Epoch 00038 | Time 0.0272s | L(tr) 1.5210 | A(tr) 0.3216 | L(val) 1.5304 | A(val) 0.2992 
[2026-04-17 00:13:16] [32mIntermediate result: 0.29921045466920776  (Index 38)[0m
Epoch 00039 | Time 0.0261s | L(tr) 1.5208 | A(tr) 0.3216 | L(val) 1.5302 | A(val) 0.2992 
[2026-04-17 00:13:16] [32mIntermediate result: 0.29921045466920776  (Index 39)[0m
Epoch 00040 | Time 0.0269s | L(tr) 1.5208 | A(tr) 0.3216 | L(val) 1.5301 | A(val) 0.2992 
[2026-04-17 00:13:16] [32mIntermediate result: 0.29921045466920776  (Index 40)[0m
Epoch 00041 | Time 0.0266s | L(tr) 1.5207 | A(tr) 0.3216 | L(val) 1.5302 | A(val) 0.2992 
[2026-04-17 00:13:16] [32mIntermediate result: 0.29921045466920776  (Index 41)[0m
Epoch 00042 | Time 0.0257s | L(tr) 1.5207 | A(tr) 0.3216 | L(val) 1.5303 | A(val) 0.2992 
[2026-04-17 00:13:16] [32mIntermediate result: 0.29921045466920776  (Index 42)[0m
Epoch 00043 | Time 0.0274s | L(tr) 1.5208 | A(tr) 0.3216 | L(val) 1.5303 | A(val) 0.2992 
[2026-04-17 00:13:16] [32mIntermediate result: 0.29921045466920776  (Index 43)[0m
Epoch 00044 | Time 0.0246s | L(tr) 1.5208 | A(tr) 0.3216 | L(val) 1.5303 | A(val) 0.2992 
[2026-04-17 00:13:16] [32mIntermediate result: 0.29921045466920776  (Index 44)[0m
Epoch 00045 | Time 0.0260s | L(tr) 1.5208 | A(tr) 0.3216 | L(val) 1.5302 | A(val) 0.2992 
[2026-04-17 00:13:16] [32mIntermediate result: 0.29921045466920776  (Index 45)[0m
Epoch 00046 | Time 0.0241s | L(tr) 1.5209 | A(tr) 0.3216 | L(val) 1.5302 | A(val) 0.2992 
[2026-04-17 00:13:16] [32mIntermediate result: 0.29921045466920776  (Index 46)[0m
Epoch 00047 | Time 0.0260s | L(tr) 1.5210 | A(tr) 0.3216 | L(val) 1.5301 | A(val) 0.2992 
[2026-04-17 00:13:16] [32mIntermediate result: 0.29921045466920776  (Index 47)[0m
Epoch 00048 | Time 0.0264s | L(tr) 1.5210 | A(tr) 0.3216 | L(val) 1.5301 | A(val) 0.2992 
[2026-04-17 00:13:16] [32mIntermediate result: 0.29921045466920776  (Index 48)[0m
Epoch 00049 | Time 0.0269s | L(tr) 1.5211 | A(tr) 0.3216 | L(val) 1.5301 | A(val) 0.2992 
[2026-04-17 00:13:16] [32mIntermediate result: 0.29921045466920776  (Index 49)[0m
Epoch 00050 | Time 0.0234s | L(tr) 1.5211 | A(tr) 0.3216 | L(val) 1.5301 | A(val) 0.2992 
[2026-04-17 00:13:16] [32mIntermediate result: 0.29921045466920776  (Index 50)[0m
Epoch 00051 | Time 0.0260s | L(tr) 1.5212 | A(tr) 0.3216 | L(val) 1.5301 | A(val) 0.2992 
[2026-04-17 00:13:16] [32mIntermediate result: 0.29921045466920776  (Index 51)[0m
Epoch 00052 | Time 0.0265s | L(tr) 1.5212 | A(tr) 0.3216 | L(val) 1.5302 | A(val) 0.2992 
[2026-04-17 00:13:16] [32mIntermediate result: 0.29921045466920776  (Index 52)[0m
Epoch 00053 | Time 0.0244s | L(tr) 1.5212 | A(tr) 0.3216 | L(val) 1.5303 | A(val) 0.2992 
[2026-04-17 00:13:16] [32mIntermediate result: 0.29921045466920776  (Index 53)[0m
Epoch 00054 | Time 0.0252s | L(tr) 1.5213 | A(tr) 0.3216 | L(val) 1.5303 | A(val) 0.2992 
[2026-04-17 00:13:16] [32mIntermediate result: 0.29921045466920776  (Index 54)[0m
Epoch 00055 | Time 0.0249s | L(tr) 1.5213 | A(tr) 0.3216 | L(val) 1.5303 | A(val) 0.2992 
[2026-04-17 00:13:16] [32mIntermediate result: 0.29921045466920776  (Index 55)[0m
Epoch 00056 | Time 0.0266s | L(tr) 1.5214 | A(tr) 0.3216 | L(val) 1.5303 | A(val) 0.2992 
[2026-04-17 00:13:16] [32mIntermediate result: 0.29921045466920776  (Index 56)[0m
Epoch 00057 | Time 0.0258s | L(tr) 1.5214 | A(tr) 0.3216 | L(val) 1.5304 | A(val) 0.2992 
[2026-04-17 00:13:16] [32mIntermediate result: 0.29921045466920776  (Index 57)[0m
Epoch 00058 | Time 0.0238s | L(tr) 1.5214 | A(tr) 0.3216 | L(val) 1.5304 | A(val) 0.2992 
[2026-04-17 00:13:16] [32mIntermediate result: 0.29921045466920776  (Index 58)[0m
Epoch 00059 | Time 0.0244s | L(tr) 1.5214 | A(tr) 0.3216 | L(val) 1.5304 | A(val) 0.2992 
[2026-04-17 00:13:16] [32mIntermediate result: 0.29921045466920776  (Index 59)[0m
Epoch 00060 | Time 0.0256s | L(tr) 1.5215 | A(tr) 0.3216 | L(val) 1.5305 | A(val) 0.2992 
[2026-04-17 00:13:16] [32mIntermediate result: 0.29921045466920776  (Index 60)[0m
Epoch 00061 | Time 0.0253s | L(tr) 1.5215 | A(tr) 0.3216 | L(val) 1.5305 | A(val) 0.2992 
[2026-04-17 00:13:17] [32mIntermediate result: 0.29921045466920776  (Index 61)[0m
Epoch 00062 | Time 0.0277s | L(tr) 1.5215 | A(tr) 0.3216 | L(val) 1.5305 | A(val) 0.2992 
[2026-04-17 00:13:17] [32mIntermediate result: 0.29921045466920776  (Index 62)[0m
Epoch 00063 | Time 0.0243s | L(tr) 1.5216 | A(tr) 0.3216 | L(val) 1.5305 | A(val) 0.2992 
[2026-04-17 00:13:17] [32mIntermediate result: 0.29921045466920776  (Index 63)[0m
Epoch 00064 | Time 0.0282s | L(tr) 1.5216 | A(tr) 0.3216 | L(val) 1.5305 | A(val) 0.2992 
[2026-04-17 00:13:17] [32mIntermediate result: 0.29921045466920776  (Index 64)[0m
Epoch 00065 | Time 0.0249s | L(tr) 1.5216 | A(tr) 0.3216 | L(val) 1.5305 | A(val) 0.2992 
[2026-04-17 00:13:17] [32mIntermediate result: 0.29921045466920776  (Index 65)[0m
Epoch 00066 | Time 0.0262s | L(tr) 1.5216 | A(tr) 0.3216 | L(val) 1.5305 | A(val) 0.2992 
[2026-04-17 00:13:17] [32mIntermediate result: 0.29921045466920776  (Index 66)[0m
Epoch 00067 | Time 0.0280s | L(tr) 1.5216 | A(tr) 0.3216 | L(val) 1.5305 | A(val) 0.2992 
[2026-04-17 00:13:17] [32mIntermediate result: 0.29921045466920776  (Index 67)[0m
Epoch 00068 | Time 0.0281s | L(tr) 1.5215 | A(tr) 0.3216 | L(val) 1.5304 | A(val) 0.2992 
[2026-04-17 00:13:17] [32mIntermediate result: 0.29921045466920776  (Index 68)[0m
Epoch 00069 | Time 0.0278s | L(tr) 1.5215 | A(tr) 0.3216 | L(val) 1.5304 | A(val) 0.2992 
[2026-04-17 00:13:17] [32mIntermediate result: 0.29921045466920776  (Index 69)[0m
Epoch 00070 | Time 0.0270s | L(tr) 1.5214 | A(tr) 0.3216 | L(val) 1.5303 | A(val) 0.2992 
[2026-04-17 00:13:17] [32mIntermediate result: 0.29921045466920776  (Index 70)[0m
Epoch 00071 | Time 0.0253s | L(tr) 1.5214 | A(tr) 0.3216 | L(val) 1.5303 | A(val) 0.2992 
[2026-04-17 00:13:17] [32mIntermediate result: 0.29921045466920776  (Index 71)[0m
Epoch 00072 | Time 0.0250s | L(tr) 1.5214 | A(tr) 0.3216 | L(val) 1.5303 | A(val) 0.2992 
[2026-04-17 00:13:17] [32mIntermediate result: 0.29921045466920776  (Index 72)[0m
Epoch 00073 | Time 0.0287s | L(tr) 1.5214 | A(tr) 0.3216 | L(val) 1.5303 | A(val) 0.2992 
[2026-04-17 00:13:17] [32mIntermediate result: 0.29921045466920776  (Index 73)[0m
Epoch 00074 | Time 0.0250s | L(tr) 1.5214 | A(tr) 0.3216 | L(val) 1.5303 | A(val) 0.2992 
[2026-04-17 00:13:17] [32mIntermediate result: 0.29921045466920776  (Index 74)[0m
Epoch 00075 | Time 0.0267s | L(tr) 1.5214 | A(tr) 0.3216 | L(val) 1.5304 | A(val) 0.2992 
[2026-04-17 00:13:17] [32mIntermediate result: 0.29921045466920776  (Index 75)[0m
Epoch 00076 | Time 0.0253s | L(tr) 1.5214 | A(tr) 0.3216 | L(val) 1.5304 | A(val) 0.2992 
[2026-04-17 00:13:17] [32mIntermediate result: 0.29921045466920776  (Index 76)[0m
Epoch 00077 | Time 0.0259s | L(tr) 1.5214 | A(tr) 0.3216 | L(val) 1.5304 | A(val) 0.2992 
[2026-04-17 00:13:17] [32mIntermediate result: 0.29921045466920776  (Index 77)[0m
Epoch 00078 | Time 0.0273s | L(tr) 1.5215 | A(tr) 0.3216 | L(val) 1.5305 | A(val) 0.2992 
[2026-04-17 00:13:17] [32mIntermediate result: 0.29921045466920776  (Index 78)[0m
Epoch 00079 | Time 0.0256s | L(tr) 1.5215 | A(tr) 0.3216 | L(val) 1.5305 | A(val) 0.2992 
[2026-04-17 00:13:17] [32mIntermediate result: 0.29921045466920776  (Index 79)[0m
Epoch 00080 | Time 0.0276s | L(tr) 1.5215 | A(tr) 0.3216 | L(val) 1.5305 | A(val) 0.2992 
[2026-04-17 00:13:17] [32mIntermediate result: 0.29921045466920776  (Index 80)[0m
Epoch 00081 | Time 0.0275s | L(tr) 1.5215 | A(tr) 0.3216 | L(val) 1.5305 | A(val) 0.2992 
[2026-04-17 00:13:17] [32mIntermediate result: 0.29921045466920776  (Index 81)[0m
Epoch 00082 | Time 0.0266s | L(tr) 1.5216 | A(tr) 0.3216 | L(val) 1.5305 | A(val) 0.2992 
[2026-04-17 00:13:17] [32mIntermediate result: 0.29921045466920776  (Index 82)[0m
Epoch 00083 | Time 0.0276s | L(tr) 1.5216 | A(tr) 0.3216 | L(val) 1.5305 | A(val) 0.2992 
[2026-04-17 00:13:17] [32mIntermediate result: 0.29921045466920776  (Index 83)[0m
Epoch 00084 | Time 0.0282s | L(tr) 1.5216 | A(tr) 0.3216 | L(val) 1.5304 | A(val) 0.2992 
[2026-04-17 00:13:17] [32mIntermediate result: 0.29921045466920776  (Index 84)[0m
Epoch 00085 | Time 0.0250s | L(tr) 1.5215 | A(tr) 0.3216 | L(val) 1.5304 | A(val) 0.2992 
[2026-04-17 00:13:17] [32mIntermediate result: 0.29921045466920776  (Index 85)[0m
Epoch 00086 | Time 0.0224s | L(tr) 1.5215 | A(tr) 0.3216 | L(val) 1.5304 | A(val) 0.2992 
[2026-04-17 00:13:17] [32mIntermediate result: 0.29921045466920776  (Index 86)[0m
Epoch 00087 | Time 0.0249s | L(tr) 1.5215 | A(tr) 0.3216 | L(val) 1.5304 | A(val) 0.2992 
[2026-04-17 00:13:17] [32mIntermediate result: 0.29921045466920776  (Index 87)[0m
Epoch 00088 | Time 0.0250s | L(tr) 1.5215 | A(tr) 0.3216 | L(val) 1.5304 | A(val) 0.2992 
[2026-04-17 00:13:17] [32mIntermediate result: 0.29921045466920776  (Index 88)[0m
Epoch 00089 | Time 0.0256s | L(tr) 1.5215 | A(tr) 0.3216 | L(val) 1.5304 | A(val) 0.2992 
[2026-04-17 00:13:17] [32mIntermediate result: 0.29921045466920776  (Index 89)[0m
Epoch 00090 | Time 0.0264s | L(tr) 1.5215 | A(tr) 0.3216 | L(val) 1.5304 | A(val) 0.2992 
[2026-04-17 00:13:17] [32mIntermediate result: 0.29921045466920776  (Index 90)[0m
Epoch 00091 | Time 0.0260s | L(tr) 1.5215 | A(tr) 0.3216 | L(val) 1.5304 | A(val) 0.2992 
[2026-04-17 00:13:17] [32mIntermediate result: 0.29921045466920776  (Index 91)[0m
Epoch 00092 | Time 0.0245s | L(tr) 1.5215 | A(tr) 0.3216 | L(val) 1.5304 | A(val) 0.2992 
[2026-04-17 00:13:17] [32mIntermediate result: 0.29921045466920776  (Index 92)[0m
Epoch 00093 | Time 0.0254s | L(tr) 1.5215 | A(tr) 0.3216 | L(val) 1.5304 | A(val) 0.2992 
[2026-04-17 00:13:17] [32mIntermediate result: 0.29921045466920776  (Index 93)[0m
Epoch 00094 | Time 0.0247s | L(tr) 1.5215 | A(tr) 0.3216 | L(val) 1.5304 | A(val) 0.2992 
[2026-04-17 00:13:17] [32mIntermediate result: 0.29921045466920776  (Index 94)[0m
Epoch 00095 | Time 0.0261s | L(tr) 1.5215 | A(tr) 0.3216 | L(val) 1.5304 | A(val) 0.2992 
[2026-04-17 00:13:17] [32mIntermediate result: 0.29921045466920776  (Index 95)[0m
Epoch 00096 | Time 0.0276s | L(tr) 1.5215 | A(tr) 0.3216 | L(val) 1.5304 | A(val) 0.2992 
[2026-04-17 00:13:17] [32mIntermediate result: 0.29921045466920776  (Index 96)[0m
Epoch 00097 | Time 0.0265s | L(tr) 1.5215 | A(tr) 0.3216 | L(val) 1.5304 | A(val) 0.2992 
[2026-04-17 00:13:17] [32mIntermediate result: 0.29921045466920776  (Index 97)[0m
Epoch 00098 | Time 0.0253s | L(tr) 1.5215 | A(tr) 0.3216 | L(val) 1.5304 | A(val) 0.2992 
[2026-04-17 00:13:17] [32mIntermediate result: 0.29921045466920776  (Index 98)[0m
Epoch 00099 | Time 0.0263s | L(tr) 1.5215 | A(tr) 0.3216 | L(val) 1.5304 | A(val) 0.2992 
[2026-04-17 00:13:18] [32mIntermediate result: 0.29921045466920776  (Index 99)[0m
Epoch 00100 | Time 0.0283s | L(tr) 1.5215 | A(tr) 0.3216 | L(val) 1.5304 | A(val) 0.2992 
[2026-04-17 00:13:18] [32mIntermediate result: 0.29921045466920776  (Index 100)[0m
Epoch 00101 | Time 0.0276s | L(tr) 1.5215 | A(tr) 0.3216 | L(val) 1.5304 | A(val) 0.2992 
[2026-04-17 00:13:18] [32mIntermediate result: 0.29921045466920776  (Index 101)[0m
Epoch 00102 | Time 0.0251s | L(tr) 1.5215 | A(tr) 0.3216 | L(val) 1.5304 | A(val) 0.2992 
[2026-04-17 00:13:18] [32mIntermediate result: 0.29921045466920776  (Index 102)[0m
Epoch 00103 | Time 0.0283s | L(tr) 1.5215 | A(tr) 0.3216 | L(val) 1.5304 | A(val) 0.2992 
[2026-04-17 00:13:18] [32mIntermediate result: 0.29921045466920776  (Index 103)[0m
Epoch 00104 | Time 0.0246s | L(tr) 1.5215 | A(tr) 0.3216 | L(val) 1.5304 | A(val) 0.2992 
[2026-04-17 00:13:18] [32mIntermediate result: 0.29921045466920776  (Index 104)[0m
Epoch 00105 | Time 0.0252s | L(tr) 1.5215 | A(tr) 0.3216 | L(val) 1.5304 | A(val) 0.2992 
[2026-04-17 00:13:18] [32mIntermediate result: 0.29921045466920776  (Index 105)[0m
Epoch 00106 | Time 0.0283s | L(tr) 1.5215 | A(tr) 0.3216 | L(val) 1.5304 | A(val) 0.2992 
[2026-04-17 00:13:18] [32mIntermediate result: 0.29921045466920776  (Index 106)[0m
Epoch 00107 | Time 0.0266s | L(tr) 1.5215 | A(tr) 0.3216 | L(val) 1.5304 | A(val) 0.2992 
[2026-04-17 00:13:18] [32mIntermediate result: 0.29921045466920776  (Index 107)[0m
Epoch 00108 | Time 0.0243s | L(tr) 1.5215 | A(tr) 0.3216 | L(val) 1.5304 | A(val) 0.2992 
[2026-04-17 00:13:18] [32mIntermediate result: 0.29921045466920776  (Index 108)[0m
Epoch 00109 | Time 0.0236s | L(tr) 1.5215 | A(tr) 0.3216 | L(val) 1.5304 | A(val) 0.2992 
[2026-04-17 00:13:18] [32mIntermediate result: 0.29921045466920776  (Index 109)[0m
Epoch 00110 | Time 0.0269s | L(tr) 1.5215 | A(tr) 0.3216 | L(val) 1.5304 | A(val) 0.2992 
[2026-04-17 00:13:18] [32mIntermediate result: 0.29921045466920776  (Index 110)[0m
Epoch 00111 | Time 0.0280s | L(tr) 1.5215 | A(tr) 0.3216 | L(val) 1.5304 | A(val) 0.2992 
[2026-04-17 00:13:18] [32mIntermediate result: 0.29921045466920776  (Index 111)[0m
Epoch 00112 | Time 0.0278s | L(tr) 1.5215 | A(tr) 0.3216 | L(val) 1.5304 | A(val) 0.2992 
[2026-04-17 00:13:18] [32mIntermediate result: 0.29921045466920776  (Index 112)[0m
Epoch 00113 | Time 0.0270s | L(tr) 1.5215 | A(tr) 0.3216 | L(val) 1.5304 | A(val) 0.2992 
[2026-04-17 00:13:18] [32mIntermediate result: 0.29921045466920776  (Index 113)[0m
Epoch 00114 | Time 0.0289s | L(tr) 1.5215 | A(tr) 0.3216 | L(val) 1.5304 | A(val) 0.2992 
[2026-04-17 00:13:18] [32mIntermediate result: 0.29921045466920776  (Index 114)[0m
Epoch 00115 | Time 0.0240s | L(tr) 1.5215 | A(tr) 0.3216 | L(val) 1.5304 | A(val) 0.2992 
[2026-04-17 00:13:18] [32mIntermediate result: 0.29921045466920776  (Index 115)[0m
Epoch 00116 | Time 0.0248s | L(tr) 1.5215 | A(tr) 0.3216 | L(val) 1.5304 | A(val) 0.2992 
[2026-04-17 00:13:18] [32mIntermediate result: 0.29921045466920776  (Index 116)[0m
Epoch 00117 | Time 0.0247s | L(tr) 1.5215 | A(tr) 0.3216 | L(val) 1.5304 | A(val) 0.2992 
[2026-04-17 00:13:18] [32mIntermediate result: 0.29921045466920776  (Index 117)[0m
Epoch 00118 | Time 0.0263s | L(tr) 1.5215 | A(tr) 0.3216 | L(val) 1.5304 | A(val) 0.2992 
[2026-04-17 00:13:18] [32mIntermediate result: 0.29921045466920776  (Index 118)[0m
Epoch 00119 | Time 0.0257s | L(tr) 1.5215 | A(tr) 0.3216 | L(val) 1.5304 | A(val) 0.2992 
[2026-04-17 00:13:18] [32mIntermediate result: 0.29921045466920776  (Index 119)[0m
Epoch 00120 | Time 0.0270s | L(tr) 1.5215 | A(tr) 0.3216 | L(val) 1.5304 | A(val) 0.2992 
[2026-04-17 00:13:18] [32mIntermediate result: 0.29921045466920776  (Index 120)[0m
Epoch 00121 | Time 0.0268s | L(tr) 1.5215 | A(tr) 0.3216 | L(val) 1.5304 | A(val) 0.2992 
[2026-04-17 00:13:18] [32mIntermediate result: 0.29921045466920776  (Index 121)[0m
Epoch 00122 | Time 0.0270s | L(tr) 1.5215 | A(tr) 0.3216 | L(val) 1.5304 | A(val) 0.2992 
[2026-04-17 00:13:18] [32mIntermediate result: 0.29921045466920776  (Index 122)[0m
Epoch 00123 | Time 0.0249s | L(tr) 1.5215 | A(tr) 0.3216 | L(val) 1.5304 | A(val) 0.2992 
[2026-04-17 00:13:18] [32mIntermediate result: 0.29921045466920776  (Index 123)[0m
Epoch 00124 | Time 0.0241s | L(tr) 1.5215 | A(tr) 0.3216 | L(val) 1.5304 | A(val) 0.2992 
[2026-04-17 00:13:18] [32mIntermediate result: 0.29921045466920776  (Index 124)[0m
Epoch 00125 | Time 0.0241s | L(tr) 1.5215 | A(tr) 0.3216 | L(val) 1.5304 | A(val) 0.2992 
[2026-04-17 00:13:18] [32mIntermediate result: 0.29921045466920776  (Index 125)[0m
Epoch 00126 | Time 0.0265s | L(tr) 1.5215 | A(tr) 0.3216 | L(val) 1.5304 | A(val) 0.2992 
[2026-04-17 00:13:18] [32mIntermediate result: 0.29921045466920776  (Index 126)[0m
Epoch 00127 | Time 0.0237s | L(tr) 1.5215 | A(tr) 0.3216 | L(val) 1.5304 | A(val) 0.2992 
[2026-04-17 00:13:18] [32mIntermediate result: 0.29921045466920776  (Index 127)[0m
Epoch 00128 | Time 0.0245s | L(tr) 1.5215 | A(tr) 0.3216 | L(val) 1.5304 | A(val) 0.2992 
[2026-04-17 00:13:18] [32mIntermediate result: 0.29921045466920776  (Index 128)[0m
Epoch 00129 | Time 0.0250s | L(tr) 1.5215 | A(tr) 0.3216 | L(val) 1.5304 | A(val) 0.2992 
[2026-04-17 00:13:18] [32mIntermediate result: 0.29921045466920776  (Index 129)[0m
Epoch 00130 | Time 0.0268s | L(tr) 1.5215 | A(tr) 0.3216 | L(val) 1.5304 | A(val) 0.2992 
[2026-04-17 00:13:18] [32mIntermediate result: 0.29921045466920776  (Index 130)[0m
Epoch 00131 | Time 0.0235s | L(tr) 1.5215 | A(tr) 0.3216 | L(val) 1.5304 | A(val) 0.2992 
[2026-04-17 00:13:18] [32mIntermediate result: 0.29921045466920776  (Index 131)[0m
Epoch 00132 | Time 0.0261s | L(tr) 1.5215 | A(tr) 0.3216 | L(val) 1.5304 | A(val) 0.2992 
[2026-04-17 00:13:18] [32mIntermediate result: 0.29921045466920776  (Index 132)[0m
Epoch 00133 | Time 0.0261s | L(tr) 1.5215 | A(tr) 0.3216 | L(val) 1.5304 | A(val) 0.2992 
[2026-04-17 00:13:18] [32mIntermediate result: 0.29921045466920776  (Index 133)[0m
Epoch 00134 | Time 0.0261s | L(tr) 1.5215 | A(tr) 0.3216 | L(val) 1.5304 | A(val) 0.2992 
[2026-04-17 00:13:18] [32mIntermediate result: 0.29921045466920776  (Index 134)[0m
Epoch 00135 | Time 0.0262s | L(tr) 1.5215 | A(tr) 0.3216 | L(val) 1.5304 | A(val) 0.2992 
[2026-04-17 00:13:18] [32mIntermediate result: 0.29921045466920776  (Index 135)[0m
Epoch 00136 | Time 0.0240s | L(tr) 1.5215 | A(tr) 0.3216 | L(val) 1.5304 | A(val) 0.2992 
[2026-04-17 00:13:18] [32mIntermediate result: 0.29921045466920776  (Index 136)[0m
Epoch 00137 | Time 0.0263s | L(tr) 1.5215 | A(tr) 0.3216 | L(val) 1.5304 | A(val) 0.2992 
[2026-04-17 00:13:19] [32mIntermediate result: 0.29921045466920776  (Index 137)[0m
Epoch 00138 | Time 0.0257s | L(tr) 1.5215 | A(tr) 0.3216 | L(val) 1.5304 | A(val) 0.2992 
[2026-04-17 00:13:19] [32mIntermediate result: 0.29921045466920776  (Index 138)[0m
Epoch 00139 | Time 0.0269s | L(tr) 1.5215 | A(tr) 0.3216 | L(val) 1.5304 | A(val) 0.2992 
[2026-04-17 00:13:19] [32mIntermediate result: 0.29921045466920776  (Index 139)[0m
Epoch 00140 | Time 0.0270s | L(tr) 1.5215 | A(tr) 0.3216 | L(val) 1.5304 | A(val) 0.2992 
[2026-04-17 00:13:19] [32mIntermediate result: 0.29921045466920776  (Index 140)[0m
Epoch 00141 | Time 0.0281s | L(tr) 1.5215 | A(tr) 0.3216 | L(val) 1.5304 | A(val) 0.2992 
[2026-04-17 00:13:19] [32mIntermediate result: 0.29921045466920776  (Index 141)[0m
Epoch 00142 | Time 0.0248s | L(tr) 1.5215 | A(tr) 0.3216 | L(val) 1.5304 | A(val) 0.2992 
[2026-04-17 00:13:19] [32mIntermediate result: 0.29921045466920776  (Index 142)[0m
Epoch 00143 | Time 0.0258s | L(tr) 1.5215 | A(tr) 0.3216 | L(val) 1.5304 | A(val) 0.2992 
[2026-04-17 00:13:19] [32mIntermediate result: 0.29921045466920776  (Index 143)[0m
Epoch 00144 | Time 0.0254s | L(tr) 1.5215 | A(tr) 0.3216 | L(val) 1.5304 | A(val) 0.2992 
[2026-04-17 00:13:19] [32mIntermediate result: 0.29921045466920776  (Index 144)[0m
Epoch 00145 | Time 0.0250s | L(tr) 1.5215 | A(tr) 0.3216 | L(val) 1.5304 | A(val) 0.2992 
[2026-04-17 00:13:19] [32mIntermediate result: 0.29921045466920776  (Index 145)[0m
Epoch 00146 | Time 0.0249s | L(tr) 1.5215 | A(tr) 0.3216 | L(val) 1.5304 | A(val) 0.2992 
[2026-04-17 00:13:19] [32mIntermediate result: 0.29921045466920776  (Index 146)[0m
Epoch 00147 | Time 0.0295s | L(tr) 1.5215 | A(tr) 0.3216 | L(val) 1.5304 | A(val) 0.2992 
[2026-04-17 00:13:19] [32mIntermediate result: 0.29921045466920776  (Index 147)[0m
Epoch 00148 | Time 0.0283s | L(tr) 1.5215 | A(tr) 0.3216 | L(val) 1.5304 | A(val) 0.2992 
[2026-04-17 00:13:19] [32mIntermediate result: 0.29921045466920776  (Index 148)[0m
Epoch 00149 | Time 0.0252s | L(tr) 1.5215 | A(tr) 0.3216 | L(val) 1.5304 | A(val) 0.2992 
[2026-04-17 00:13:19] [32mIntermediate result: 0.29921045466920776  (Index 149)[0m
Epoch 00150 | Time 0.0244s | L(tr) 1.5215 | A(tr) 0.3216 | L(val) 1.5304 | A(val) 0.2992 
[2026-04-17 00:13:19] [32mIntermediate result: 0.29921045466920776  (Index 150)[0m
Epoch 00151 | Time 0.0244s | L(tr) 1.5215 | A(tr) 0.3216 | L(val) 1.5304 | A(val) 0.2992 
[2026-04-17 00:13:19] [32mIntermediate result: 0.29921045466920776  (Index 151)[0m
Epoch 00152 | Time 0.0269s | L(tr) 1.5215 | A(tr) 0.3216 | L(val) 1.5304 | A(val) 0.2992 
[2026-04-17 00:13:19] [32mIntermediate result: 0.29921045466920776  (Index 152)[0m
Epoch 00153 | Time 0.0268s | L(tr) 1.5215 | A(tr) 0.3216 | L(val) 1.5304 | A(val) 0.2992 
[2026-04-17 00:13:19] [32mIntermediate result: 0.29921045466920776  (Index 153)[0m
Epoch 00154 | Time 0.0273s | L(tr) 1.5215 | A(tr) 0.3216 | L(val) 1.5304 | A(val) 0.2992 
[2026-04-17 00:13:19] [32mIntermediate result: 0.29921045466920776  (Index 154)[0m
Epoch 00155 | Time 0.0262s | L(tr) 1.5215 | A(tr) 0.3216 | L(val) 1.5304 | A(val) 0.2992 
[2026-04-17 00:13:19] [32mIntermediate result: 0.29921045466920776  (Index 155)[0m
Epoch 00156 | Time 0.0230s | L(tr) 1.5215 | A(tr) 0.3216 | L(val) 1.5304 | A(val) 0.2992 
[2026-04-17 00:13:19] [32mIntermediate result: 0.29921045466920776  (Index 156)[0m
Epoch 00157 | Time 0.0277s | L(tr) 1.5215 | A(tr) 0.3216 | L(val) 1.5304 | A(val) 0.2992 
[2026-04-17 00:13:19] [32mIntermediate result: 0.29921045466920776  (Index 157)[0m
Epoch 00158 | Time 0.0279s | L(tr) 1.5215 | A(tr) 0.3216 | L(val) 1.5304 | A(val) 0.2992 
[2026-04-17 00:13:19] [32mIntermediate result: 0.29921045466920776  (Index 158)[0m
Epoch 00159 | Time 0.0277s | L(tr) 1.5215 | A(tr) 0.3216 | L(val) 1.5304 | A(val) 0.2992 
[2026-04-17 00:13:19] [32mIntermediate result: 0.29921045466920776  (Index 159)[0m
Epoch 00160 | Time 0.0284s | L(tr) 1.5215 | A(tr) 0.3216 | L(val) 1.5304 | A(val) 0.2992 
[2026-04-17 00:13:19] [32mIntermediate result: 0.29921045466920776  (Index 160)[0m
Epoch 00161 | Time 0.0267s | L(tr) 1.5215 | A(tr) 0.3216 | L(val) 1.5304 | A(val) 0.2992 
[2026-04-17 00:13:19] [32mIntermediate result: 0.29921045466920776  (Index 161)[0m
Epoch 00162 | Time 0.0267s | L(tr) 1.5215 | A(tr) 0.3216 | L(val) 1.5304 | A(val) 0.2992 
[2026-04-17 00:13:19] [32mIntermediate result: 0.29921045466920776  (Index 162)[0m
Epoch 00163 | Time 0.0249s | L(tr) 1.5215 | A(tr) 0.3216 | L(val) 1.5304 | A(val) 0.2992 
[2026-04-17 00:13:19] [32mIntermediate result: 0.29921045466920776  (Index 163)[0m
Epoch 00164 | Time 0.0271s | L(tr) 1.5215 | A(tr) 0.3216 | L(val) 1.5304 | A(val) 0.2992 
[2026-04-17 00:13:19] [32mIntermediate result: 0.29921045466920776  (Index 164)[0m
Epoch 00165 | Time 0.0242s | L(tr) 1.5215 | A(tr) 0.3216 | L(val) 1.5304 | A(val) 0.2992 
[2026-04-17 00:13:19] [32mIntermediate result: 0.29921045466920776  (Index 165)[0m
Epoch 00166 | Time 0.0279s | L(tr) 1.5215 | A(tr) 0.3216 | L(val) 1.5304 | A(val) 0.2992 
[2026-04-17 00:13:19] [32mIntermediate result: 0.29921045466920776  (Index 166)[0m
Epoch 00167 | Time 0.0256s | L(tr) 1.5215 | A(tr) 0.3216 | L(val) 1.5304 | A(val) 0.2992 
[2026-04-17 00:13:19] [32mIntermediate result: 0.29921045466920776  (Index 167)[0m
Epoch 00168 | Time 0.0244s | L(tr) 1.5215 | A(tr) 0.3216 | L(val) 1.5304 | A(val) 0.2992 
[2026-04-17 00:13:19] [32mIntermediate result: 0.29921045466920776  (Index 168)[0m
Epoch 00169 | Time 0.0289s | L(tr) 1.5215 | A(tr) 0.3216 | L(val) 1.5304 | A(val) 0.2992 
[2026-04-17 00:13:19] [32mIntermediate result: 0.29921045466920776  (Index 169)[0m
Epoch 00170 | Time 0.0272s | L(tr) 1.5215 | A(tr) 0.3216 | L(val) 1.5304 | A(val) 0.2992 
[2026-04-17 00:13:19] [32mIntermediate result: 0.29921045466920776  (Index 170)[0m
Epoch 00171 | Time 0.0283s | L(tr) 1.5215 | A(tr) 0.3216 | L(val) 1.5304 | A(val) 0.2992 
[2026-04-17 00:13:19] [32mIntermediate result: 0.29921045466920776  (Index 171)[0m
Epoch 00172 | Time 0.0257s | L(tr) 1.5215 | A(tr) 0.3216 | L(val) 1.5304 | A(val) 0.2992 
[2026-04-17 00:13:19] [32mIntermediate result: 0.29921045466920776  (Index 172)[0m
Epoch 00173 | Time 0.0252s | L(tr) 1.5215 | A(tr) 0.3216 | L(val) 1.5304 | A(val) 0.2992 
[2026-04-17 00:13:19] [32mIntermediate result: 0.29921045466920776  (Index 173)[0m
Epoch 00174 | Time 0.0253s | L(tr) 1.5215 | A(tr) 0.3216 | L(val) 1.5304 | A(val) 0.2992 
[2026-04-17 00:13:19] [32mIntermediate result: 0.29921045466920776  (Index 174)[0m
Epoch 00175 | Time 0.0275s | L(tr) 1.5215 | A(tr) 0.3216 | L(val) 1.5304 | A(val) 0.2992 
[2026-04-17 00:13:20] [32mIntermediate result: 0.29921045466920776  (Index 175)[0m
Epoch 00176 | Time 0.0262s | L(tr) 1.5215 | A(tr) 0.3216 | L(val) 1.5304 | A(val) 0.2992 
[2026-04-17 00:13:20] [32mIntermediate result: 0.29921045466920776  (Index 176)[0m
Epoch 00177 | Time 0.0252s | L(tr) 1.5215 | A(tr) 0.3216 | L(val) 1.5304 | A(val) 0.2992 
[2026-04-17 00:13:20] [32mIntermediate result: 0.29921045466920776  (Index 177)[0m
Epoch 00178 | Time 0.0246s | L(tr) 1.5215 | A(tr) 0.3216 | L(val) 1.5304 | A(val) 0.2992 
[2026-04-17 00:13:20] [32mIntermediate result: 0.29921045466920776  (Index 178)[0m
Epoch 00179 | Time 0.0247s | L(tr) 1.5215 | A(tr) 0.3216 | L(val) 1.5304 | A(val) 0.2992 
[2026-04-17 00:13:20] [32mIntermediate result: 0.29921045466920776  (Index 179)[0m
Epoch 00180 | Time 0.0244s | L(tr) 1.5215 | A(tr) 0.3216 | L(val) 1.5304 | A(val) 0.2992 
[2026-04-17 00:13:20] [32mIntermediate result: 0.29921045466920776  (Index 180)[0m
Epoch 00181 | Time 0.0279s | L(tr) 1.5215 | A(tr) 0.3216 | L(val) 1.5304 | A(val) 0.2992 
[2026-04-17 00:13:20] [32mIntermediate result: 0.29921045466920776  (Index 181)[0m
Epoch 00182 | Time 0.0274s | L(tr) 1.5215 | A(tr) 0.3216 | L(val) 1.5304 | A(val) 0.2992 
[2026-04-17 00:13:20] [32mIntermediate result: 0.29921045466920776  (Index 182)[0m
Epoch 00183 | Time 0.0252s | L(tr) 1.5215 | A(tr) 0.3216 | L(val) 1.5304 | A(val) 0.2992 
[2026-04-17 00:13:20] [32mIntermediate result: 0.29921045466920776  (Index 183)[0m
Epoch 00184 | Time 0.0237s | L(tr) 1.5215 | A(tr) 0.3216 | L(val) 1.5304 | A(val) 0.2992 
[2026-04-17 00:13:20] [32mIntermediate result: 0.29921045466920776  (Index 184)[0m
Epoch 00185 | Time 0.0245s | L(tr) 1.5215 | A(tr) 0.3216 | L(val) 1.5304 | A(val) 0.2992 
[2026-04-17 00:13:20] [32mIntermediate result: 0.29921045466920776  (Index 185)[0m
Epoch 00186 | Time 0.0249s | L(tr) 1.5215 | A(tr) 0.3216 | L(val) 1.5304 | A(val) 0.2992 
[2026-04-17 00:13:20] [32mIntermediate result: 0.29921045466920776  (Index 186)[0m
Epoch 00187 | Time 0.0252s | L(tr) 1.5215 | A(tr) 0.3216 | L(val) 1.5304 | A(val) 0.2992 
[2026-04-17 00:13:20] [32mIntermediate result: 0.29921045466920776  (Index 187)[0m
Epoch 00188 | Time 0.0260s | L(tr) 1.5215 | A(tr) 0.3216 | L(val) 1.5304 | A(val) 0.2992 
[2026-04-17 00:13:20] [32mIntermediate result: 0.29921045466920776  (Index 188)[0m
Epoch 00189 | Time 0.0256s | L(tr) 1.5215 | A(tr) 0.3216 | L(val) 1.5304 | A(val) 0.2992 
[2026-04-17 00:13:20] [32mIntermediate result: 0.29921045466920776  (Index 189)[0m
Epoch 00190 | Time 0.0249s | L(tr) 1.5215 | A(tr) 0.3216 | L(val) 1.5304 | A(val) 0.2992 
[2026-04-17 00:13:20] [32mIntermediate result: 0.29921045466920776  (Index 190)[0m
Epoch 00191 | Time 0.0259s | L(tr) 1.5215 | A(tr) 0.3216 | L(val) 1.5304 | A(val) 0.2992 
[2026-04-17 00:13:20] [32mIntermediate result: 0.29921045466920776  (Index 191)[0m
Epoch 00192 | Time 0.0259s | L(tr) 1.5215 | A(tr) 0.3216 | L(val) 1.5304 | A(val) 0.2992 
[2026-04-17 00:13:20] [32mIntermediate result: 0.29921045466920776  (Index 192)[0m
Epoch 00193 | Time 0.0252s | L(tr) 1.5215 | A(tr) 0.3216 | L(val) 1.5304 | A(val) 0.2992 
[2026-04-17 00:13:20] [32mIntermediate result: 0.29921045466920776  (Index 193)[0m
Epoch 00194 | Time 0.0243s | L(tr) 1.5215 | A(tr) 0.3216 | L(val) 1.5304 | A(val) 0.2992 
[2026-04-17 00:13:20] [32mIntermediate result: 0.29921045466920776  (Index 194)[0m
Epoch 00195 | Time 0.0251s | L(tr) 1.5215 | A(tr) 0.3216 | L(val) 1.5304 | A(val) 0.2992 
[2026-04-17 00:13:20] [32mIntermediate result: 0.29921045466920776  (Index 195)[0m
Epoch 00196 | Time 0.0266s | L(tr) 1.5215 | A(tr) 0.3216 | L(val) 1.5304 | A(val) 0.2992 
[2026-04-17 00:13:20] [32mIntermediate result: 0.29921045466920776  (Index 196)[0m
Epoch 00197 | Time 0.0267s | L(tr) 1.5215 | A(tr) 0.3216 | L(val) 1.5304 | A(val) 0.2992 
[2026-04-17 00:13:20] [32mIntermediate result: 0.29921045466920776  (Index 197)[0m
Epoch 00198 | Time 0.0260s | L(tr) 1.5215 | A(tr) 0.3216 | L(val) 1.5304 | A(val) 0.2992 
[2026-04-17 00:13:20] [32mIntermediate result: 0.29921045466920776  (Index 198)[0m
Epoch 00199 | Time 0.0292s | L(tr) 1.5215 | A(tr) 0.3216 | L(val) 1.5304 | A(val) 0.2992 
[2026-04-17 00:13:20] [32mIntermediate result: 0.29921045466920776  (Index 199)[0m
Epoch 00200 | Time 0.0248s | L(tr) 1.5215 | A(tr) 0.3216 | L(val) 1.5304 | A(val) 0.2992 
Traceback (most recent call last):
  File "C:\Users\fbrev\Documents\Acadêmico\Simulações\Python\NoisyGL\single_exp.py", line 226, in <module>
    train_thread.join()
  File "C:\Users\fbrev\anaconda3\envs\noisygl\Lib\threading.py", line 1119, in join
    self._wait_for_tstate_lock()
  File "C:\Users\fbrev\anaconda3\envs\noisygl\Lib\threading.py", line 1139, in _wait_for_tstate_lock
    if lock.acquire(block, timeout):
       ^^^^^^^^^^^^^^^^^^^^^^^^^^^^
KeyboardInterrupt
