Process SpawnProcess-1:
Traceback (most recent call last):
  File "C:\Users\fbrev\anaconda3\envs\noisygl\Lib\multiprocessing\process.py", line 314, in _bootstrap
    self.run()
  File "C:\Users\fbrev\anaconda3\envs\noisygl\Lib\multiprocessing\process.py", line 108, in run
    self._target(*self._args, **self._kwargs)
  File "C:\Users\fbrev\Documents\Acadêmico\Simulações\Python\NoisyGL\predictor\LNPCC_Predictor.py", line 574, in _lnpcc_worker_func
    worker_thread.join()
  File "C:\Users\fbrev\anaconda3\envs\noisygl\Lib\threading.py", line 1119, in join
    self._wait_for_tstate_lock()
  File "C:\Users\fbrev\anaconda3\envs\noisygl\Lib\threading.py", line 1139, in _wait_for_tstate_lock
    if lock.acquire(block, timeout):
       ^^^^^^^^^^^^^^^^^^^^^^^^^^^^
KeyboardInterrupt
Namespace(dataset='cora', method='lnpcc', noise_type='uniform', noise_rate=0.4, device='cuda:1', seed=3000, params_json='{"knn_mode": "d", "dexp": 2.359611543339308, "p_grd": 0.24178135307136114, "unc_rem": 0.8282867588560414, "unc_rel": 0.3119648896965918, "dropout": 0.7838427359138049, "n_hidden": 128, "n_layer": 2, "lr": 0.001, "weight_decay": 0.05, "k": 24}', priority='normal')
----Data statistics------'
                Name: cora
                #Nodes 2708
                #Edges 5278
                #Classes 7
                #Ave_degree 3.90
----Split statistics------'
                #Train samples 140 (default)
                #Val samples 500 (default)
                #Test samples 1000 (default)
Current device: cpu
[Params] Overriding from --params_json: {'knn_mode': 'd', 'dexp': 2.359611543339308, 'p_grd': 0.24178135307136114, 'unc_rem': 0.8282867588560414, 'unc_rel': 0.3119648896965918, 'dropout': 0.7838427359138049, 'n_hidden': 128, 'n_layer': 2, 'lr': 0.001, 'weight_decay': 0.05, 'k': 24}
----label noise information:------
Uniform noise
#Actual noise rate 0.40 
[2026-04-20 22:48:39] [32mIntermediate result: 0.154  (Index 0)[0m
Epoch 00001 | Time 0.3079s | L(tr) 1.9515 | A(tr) 0.1500 | L(val) 1.9524 | A(val) 0.1540 *
[2026-04-20 22:48:39] [32mIntermediate result: 0.174  (Index 1)[0m
Epoch 00002 | Time 0.0083s | L(tr) 1.9380 | A(tr) 0.1786 | L(val) 1.9503 | A(val) 0.1740 *
[2026-04-20 22:48:39] [32mIntermediate result: 0.176  (Index 2)[0m
Epoch 00003 | Time 0.0067s | L(tr) 1.9350 | A(tr) 0.1500 | L(val) 1.9480 | A(val) 0.1760 *
[2026-04-20 22:48:39] [32mIntermediate result: 0.182  (Index 3)[0m
Epoch 00004 | Time 0.0073s | L(tr) 1.9268 | A(tr) 0.2429 | L(val) 1.9458 | A(val) 0.1820 *
[2026-04-20 22:48:39] [32mIntermediate result: 0.186  (Index 4)[0m
Epoch 00005 | Time 0.0067s | L(tr) 1.9258 | A(tr) 0.2286 | L(val) 1.9437 | A(val) 0.1860 *
[2026-04-20 22:48:39] [32mIntermediate result: 0.19  (Index 5)[0m
Epoch 00006 | Time 0.0079s | L(tr) 1.9054 | A(tr) 0.2714 | L(val) 1.9416 | A(val) 0.1900 *
[2026-04-20 22:48:39] [32mIntermediate result: 0.196  (Index 6)[0m
Epoch 00007 | Time 0.0070s | L(tr) 1.9008 | A(tr) 0.3143 | L(val) 1.9396 | A(val) 0.1960 *
[2026-04-20 22:48:39] [32mIntermediate result: 0.2  (Index 7)[0m
Epoch 00008 | Time 0.0084s | L(tr) 1.9030 | A(tr) 0.2929 | L(val) 1.9377 | A(val) 0.2000 *
[2026-04-20 22:48:39] [32mIntermediate result: 0.204  (Index 8)[0m
Epoch 00009 | Time 0.0082s | L(tr) 1.8960 | A(tr) 0.3500 | L(val) 1.9358 | A(val) 0.2040 *
[2026-04-20 22:48:39] [32mIntermediate result: 0.214  (Index 9)[0m
Epoch 00010 | Time 0.0085s | L(tr) 1.8808 | A(tr) 0.3500 | L(val) 1.9341 | A(val) 0.2140 *
[2026-04-20 22:48:39] [32mIntermediate result: 0.216  (Index 10)[0m
Epoch 00011 | Time 0.0084s | L(tr) 1.8767 | A(tr) 0.4071 | L(val) 1.9323 | A(val) 0.2160 *
[2026-04-20 22:48:39] [32mIntermediate result: 0.226  (Index 11)[0m
Epoch 00012 | Time 0.0078s | L(tr) 1.8667 | A(tr) 0.4071 | L(val) 1.9307 | A(val) 0.2260 *
[2026-04-20 22:48:39] [32mIntermediate result: 0.236  (Index 12)[0m
Epoch 00013 | Time 0.0070s | L(tr) 1.8656 | A(tr) 0.4071 | L(val) 1.9289 | A(val) 0.2360 *
[2026-04-20 22:48:39] [32mIntermediate result: 0.252  (Index 13)[0m
Epoch 00014 | Time 0.0076s | L(tr) 1.8606 | A(tr) 0.4143 | L(val) 1.9272 | A(val) 0.2520 *
[2026-04-20 22:48:39] [32mIntermediate result: 0.26  (Index 14)[0m
Epoch 00015 | Time 0.0063s | L(tr) 1.8501 | A(tr) 0.4500 | L(val) 1.9254 | A(val) 0.2600 *
[2026-04-20 22:48:39] [32mIntermediate result: 0.262  (Index 15)[0m
Epoch 00016 | Time 0.0056s | L(tr) 1.8497 | A(tr) 0.4786 | L(val) 1.9236 | A(val) 0.2620 *
[2026-04-20 22:48:39] [32mIntermediate result: 0.266  (Index 16)[0m
Epoch 00017 | Time 0.0081s | L(tr) 1.8394 | A(tr) 0.4714 | L(val) 1.9218 | A(val) 0.2660 *
[2026-04-20 22:48:39] [32mIntermediate result: 0.27  (Index 17)[0m
Epoch 00018 | Time 0.0083s | L(tr) 1.8315 | A(tr) 0.5429 | L(val) 1.9201 | A(val) 0.2700 *
[2026-04-20 22:48:39] [32mIntermediate result: 0.27  (Index 18)[0m
Epoch 00019 | Time 0.0072s | L(tr) 1.8284 | A(tr) 0.5071 | L(val) 1.9182 | A(val) 0.2700 
[2026-04-20 22:48:39] [32mIntermediate result: 0.278  (Index 19)[0m
Epoch 00020 | Time 0.0072s | L(tr) 1.8207 | A(tr) 0.5143 | L(val) 1.9163 | A(val) 0.2780 *
[2026-04-20 22:48:39] [32mIntermediate result: 0.28  (Index 20)[0m
Epoch 00021 | Time 0.0070s | L(tr) 1.8146 | A(tr) 0.4929 | L(val) 1.9144 | A(val) 0.2800 *
[2026-04-20 22:48:39] [32mIntermediate result: 0.282  (Index 21)[0m
Epoch 00022 | Time 0.0093s | L(tr) 1.8043 | A(tr) 0.5429 | L(val) 1.9125 | A(val) 0.2820 *
[2026-04-20 22:48:39] [32mIntermediate result: 0.282  (Index 22)[0m
Epoch 00023 | Time 0.0080s | L(tr) 1.8029 | A(tr) 0.5286 | L(val) 1.9105 | A(val) 0.2820 
[2026-04-20 22:48:39] [32mIntermediate result: 0.286  (Index 23)[0m
Epoch 00024 | Time 0.0067s | L(tr) 1.7750 | A(tr) 0.6214 | L(val) 1.9085 | A(val) 0.2860 *
[2026-04-20 22:48:39] [32mIntermediate result: 0.288  (Index 24)[0m
Epoch 00025 | Time 0.0068s | L(tr) 1.7977 | A(tr) 0.5286 | L(val) 1.9063 | A(val) 0.2880 *
[2026-04-20 22:48:39] [32mIntermediate result: 0.288  (Index 25)[0m
Epoch 00026 | Time 0.0067s | L(tr) 1.7890 | A(tr) 0.5857 | L(val) 1.9042 | A(val) 0.2880 
[2026-04-20 22:48:39] [32mIntermediate result: 0.286  (Index 26)[0m
Epoch 00027 | Time 0.0074s | L(tr) 1.7818 | A(tr) 0.5571 | L(val) 1.9020 | A(val) 0.2860 
[2026-04-20 22:48:39] [32mIntermediate result: 0.288  (Index 27)[0m
Epoch 00028 | Time 0.0068s | L(tr) 1.7642 | A(tr) 0.6000 | L(val) 1.8997 | A(val) 0.2880 
[2026-04-20 22:48:39] [32mIntermediate result: 0.292  (Index 28)[0m
Epoch 00029 | Time 0.0066s | L(tr) 1.7562 | A(tr) 0.5643 | L(val) 1.8974 | A(val) 0.2920 *
[2026-04-20 22:48:39] [32mIntermediate result: 0.294  (Index 29)[0m
Epoch 00030 | Time 0.0072s | L(tr) 1.7650 | A(tr) 0.6214 | L(val) 1.8949 | A(val) 0.2940 *
[2026-04-20 22:48:39] [32mIntermediate result: 0.296  (Index 30)[0m
Epoch 00031 | Time 0.0071s | L(tr) 1.7493 | A(tr) 0.5714 | L(val) 1.8925 | A(val) 0.2960 *
[2026-04-20 22:48:39] [32mIntermediate result: 0.296  (Index 31)[0m
Epoch 00032 | Time 0.0069s | L(tr) 1.7433 | A(tr) 0.6214 | L(val) 1.8901 | A(val) 0.2960 
[2026-04-20 22:48:39] [32mIntermediate result: 0.3  (Index 32)[0m
Epoch 00033 | Time 0.0072s | L(tr) 1.7432 | A(tr) 0.6143 | L(val) 1.8877 | A(val) 0.3000 *
[2026-04-20 22:48:39] [32mIntermediate result: 0.306  (Index 33)[0m
Epoch 00034 | Time 0.0124s | L(tr) 1.7534 | A(tr) 0.5857 | L(val) 1.8854 | A(val) 0.3060 *
[2026-04-20 22:48:39] [32mIntermediate result: 0.316  (Index 34)[0m
Epoch 00035 | Time 0.0115s | L(tr) 1.7159 | A(tr) 0.6429 | L(val) 1.8831 | A(val) 0.3160 *
[2026-04-20 22:48:39] [32mIntermediate result: 0.322  (Index 35)[0m
Epoch 00036 | Time 0.0084s | L(tr) 1.7190 | A(tr) 0.6214 | L(val) 1.8809 | A(val) 0.3220 *
[2026-04-20 22:48:39] [32mIntermediate result: 0.32  (Index 36)[0m
Epoch 00037 | Time 0.0077s | L(tr) 1.7062 | A(tr) 0.6929 | L(val) 1.8787 | A(val) 0.3200 
[2026-04-20 22:48:39] [32mIntermediate result: 0.324  (Index 37)[0m
Epoch 00038 | Time 0.0098s | L(tr) 1.6996 | A(tr) 0.6571 | L(val) 1.8766 | A(val) 0.3240 *
[2026-04-20 22:48:39] [32mIntermediate result: 0.322  (Index 38)[0m
Epoch 00039 | Time 0.0067s | L(tr) 1.6979 | A(tr) 0.6929 | L(val) 1.8745 | A(val) 0.3220 
[2026-04-20 22:48:39] [32mIntermediate result: 0.324  (Index 39)[0m
Epoch 00040 | Time 0.0076s | L(tr) 1.7000 | A(tr) 0.6857 | L(val) 1.8725 | A(val) 0.3240 
[2026-04-20 22:48:39] [32mIntermediate result: 0.33  (Index 40)[0m
Epoch 00041 | Time 0.0060s | L(tr) 1.6920 | A(tr) 0.6429 | L(val) 1.8705 | A(val) 0.3300 *
[2026-04-20 22:48:39] [32mIntermediate result: 0.328  (Index 41)[0m
Epoch 00042 | Time 0.0071s | L(tr) 1.6823 | A(tr) 0.6357 | L(val) 1.8685 | A(val) 0.3280 
[2026-04-20 22:48:39] [32mIntermediate result: 0.334  (Index 42)[0m
Epoch 00043 | Time 0.0067s | L(tr) 1.6751 | A(tr) 0.6857 | L(val) 1.8664 | A(val) 0.3340 *
[2026-04-20 22:48:39] [32mIntermediate result: 0.336  (Index 43)[0m
Epoch 00044 | Time 0.0077s | L(tr) 1.6721 | A(tr) 0.6929 | L(val) 1.8643 | A(val) 0.3360 *
[2026-04-20 22:48:39] [32mIntermediate result: 0.338  (Index 44)[0m
Epoch 00045 | Time 0.0073s | L(tr) 1.6777 | A(tr) 0.6929 | L(val) 1.8622 | A(val) 0.3380 *
[2026-04-20 22:48:39] [32mIntermediate result: 0.344  (Index 45)[0m
Epoch 00046 | Time 0.0067s | L(tr) 1.6589 | A(tr) 0.6786 | L(val) 1.8602 | A(val) 0.3440 *
[2026-04-20 22:48:39] [32mIntermediate result: 0.346  (Index 46)[0m
Epoch 00047 | Time 0.0067s | L(tr) 1.6499 | A(tr) 0.7143 | L(val) 1.8582 | A(val) 0.3460 *
[2026-04-20 22:48:39] [32mIntermediate result: 0.35  (Index 47)[0m
Epoch 00048 | Time 0.0062s | L(tr) 1.6504 | A(tr) 0.6786 | L(val) 1.8564 | A(val) 0.3500 *
[2026-04-20 22:48:39] [32mIntermediate result: 0.352  (Index 48)[0m
Epoch 00049 | Time 0.0074s | L(tr) 1.6289 | A(tr) 0.7500 | L(val) 1.8545 | A(val) 0.3520 *
[2026-04-20 22:48:39] [32mIntermediate result: 0.358  (Index 49)[0m
Epoch 00050 | Time 0.0077s | L(tr) 1.6552 | A(tr) 0.6929 | L(val) 1.8528 | A(val) 0.3580 *
[2026-04-20 22:48:39] [32mIntermediate result: 0.358  (Index 50)[0m
Epoch 00051 | Time 0.0072s | L(tr) 1.6222 | A(tr) 0.7214 | L(val) 1.8511 | A(val) 0.3580 
[2026-04-20 22:48:39] [32mIntermediate result: 0.358  (Index 51)[0m
Epoch 00052 | Time 0.0071s | L(tr) 1.6208 | A(tr) 0.7429 | L(val) 1.8495 | A(val) 0.3580 
[2026-04-20 22:48:39] [32mIntermediate result: 0.364  (Index 52)[0m
Epoch 00053 | Time 0.0084s | L(tr) 1.6203 | A(tr) 0.7286 | L(val) 1.8480 | A(val) 0.3640 *
[2026-04-20 22:48:39] [32mIntermediate result: 0.364  (Index 53)[0m
Epoch 00054 | Time 0.0073s | L(tr) 1.6249 | A(tr) 0.7000 | L(val) 1.8466 | A(val) 0.3640 
[2026-04-20 22:48:39] [32mIntermediate result: 0.37  (Index 54)[0m
Epoch 00055 | Time 0.0075s | L(tr) 1.6118 | A(tr) 0.7357 | L(val) 1.8452 | A(val) 0.3700 *
[2026-04-20 22:48:39] [32mIntermediate result: 0.37  (Index 55)[0m
Epoch 00056 | Time 0.0071s | L(tr) 1.5994 | A(tr) 0.7214 | L(val) 1.8438 | A(val) 0.3700 
[2026-04-20 22:48:39] [32mIntermediate result: 0.374  (Index 56)[0m
Epoch 00057 | Time 0.0069s | L(tr) 1.6050 | A(tr) 0.7429 | L(val) 1.8424 | A(val) 0.3740 *
[2026-04-20 22:48:39] [32mIntermediate result: 0.376  (Index 57)[0m
Epoch 00058 | Time 0.0072s | L(tr) 1.6067 | A(tr) 0.7214 | L(val) 1.8411 | A(val) 0.3760 *
[2026-04-20 22:48:39] [32mIntermediate result: 0.376  (Index 58)[0m
Epoch 00059 | Time 0.0067s | L(tr) 1.5848 | A(tr) 0.7143 | L(val) 1.8399 | A(val) 0.3760 
[2026-04-20 22:48:39] [32mIntermediate result: 0.376  (Index 59)[0m
Epoch 00060 | Time 0.0072s | L(tr) 1.6097 | A(tr) 0.7071 | L(val) 1.8386 | A(val) 0.3760 
[2026-04-20 22:48:39] [32mIntermediate result: 0.372  (Index 60)[0m
Epoch 00061 | Time 0.0073s | L(tr) 1.5707 | A(tr) 0.7357 | L(val) 1.8375 | A(val) 0.3720 
[2026-04-20 22:48:40] [32mIntermediate result: 0.37  (Index 61)[0m
Epoch 00062 | Time 0.0062s | L(tr) 1.5874 | A(tr) 0.7571 | L(val) 1.8364 | A(val) 0.3700 
[2026-04-20 22:48:40] [32mIntermediate result: 0.372  (Index 62)[0m
Epoch 00063 | Time 0.0062s | L(tr) 1.5798 | A(tr) 0.7286 | L(val) 1.8354 | A(val) 0.3720 
[2026-04-20 22:48:40] [32mIntermediate result: 0.372  (Index 63)[0m
Epoch 00064 | Time 0.0072s | L(tr) 1.5852 | A(tr) 0.6929 | L(val) 1.8343 | A(val) 0.3720 
[2026-04-20 22:48:40] [32mIntermediate result: 0.374  (Index 64)[0m
Epoch 00065 | Time 0.0067s | L(tr) 1.5781 | A(tr) 0.7071 | L(val) 1.8332 | A(val) 0.3740 
[2026-04-20 22:48:40] [32mIntermediate result: 0.374  (Index 65)[0m
Epoch 00066 | Time 0.0062s | L(tr) 1.5648 | A(tr) 0.7571 | L(val) 1.8323 | A(val) 0.3740 
[2026-04-20 22:48:40] [32mIntermediate result: 0.376  (Index 66)[0m
Epoch 00067 | Time 0.0069s | L(tr) 1.5773 | A(tr) 0.7143 | L(val) 1.8315 | A(val) 0.3760 
[2026-04-20 22:48:40] [32mIntermediate result: 0.376  (Index 67)[0m
Epoch 00068 | Time 0.0082s | L(tr) 1.5627 | A(tr) 0.7571 | L(val) 1.8307 | A(val) 0.3760 
[2026-04-20 22:48:40] [32mIntermediate result: 0.376  (Index 68)[0m
Epoch 00069 | Time 0.0111s | L(tr) 1.5552 | A(tr) 0.7214 | L(val) 1.8300 | A(val) 0.3760 
[2026-04-20 22:48:40] [32mIntermediate result: 0.376  (Index 69)[0m
Epoch 00070 | Time 0.0074s | L(tr) 1.5642 | A(tr) 0.7571 | L(val) 1.8292 | A(val) 0.3760 
[2026-04-20 22:48:40] [32mIntermediate result: 0.376  (Index 70)[0m
Epoch 00071 | Time 0.0067s | L(tr) 1.5678 | A(tr) 0.7429 | L(val) 1.8283 | A(val) 0.3760 
[2026-04-20 22:48:40] [32mIntermediate result: 0.376  (Index 71)[0m
Epoch 00072 | Time 0.0117s | L(tr) 1.5581 | A(tr) 0.7286 | L(val) 1.8274 | A(val) 0.3760 
[2026-04-20 22:48:40] [32mIntermediate result: 0.378  (Index 72)[0m
Epoch 00073 | Time 0.0067s | L(tr) 1.5610 | A(tr) 0.7286 | L(val) 1.8264 | A(val) 0.3780 *
[2026-04-20 22:48:40] [32mIntermediate result: 0.378  (Index 73)[0m
Epoch 00074 | Time 0.0066s | L(tr) 1.5552 | A(tr) 0.7286 | L(val) 1.8254 | A(val) 0.3780 
[2026-04-20 22:48:40] [32mIntermediate result: 0.382  (Index 74)[0m
Epoch 00075 | Time 0.0062s | L(tr) 1.5575 | A(tr) 0.7357 | L(val) 1.8244 | A(val) 0.3820 *
[2026-04-20 22:48:40] [32mIntermediate result: 0.386  (Index 75)[0m
Epoch 00076 | Time 0.0069s | L(tr) 1.5450 | A(tr) 0.7714 | L(val) 1.8233 | A(val) 0.3860 *
[2026-04-20 22:48:40] [32mIntermediate result: 0.384  (Index 76)[0m
Epoch 00077 | Time 0.0068s | L(tr) 1.5662 | A(tr) 0.7500 | L(val) 1.8223 | A(val) 0.3840 
[2026-04-20 22:48:40] [32mIntermediate result: 0.388  (Index 77)[0m
Epoch 00078 | Time 0.0100s | L(tr) 1.5309 | A(tr) 0.7786 | L(val) 1.8214 | A(val) 0.3880 *
[2026-04-20 22:48:40] [32mIntermediate result: 0.39  (Index 78)[0m
Epoch 00079 | Time 0.0062s | L(tr) 1.5351 | A(tr) 0.7357 | L(val) 1.8204 | A(val) 0.3900 *
[2026-04-20 22:48:40] [32mIntermediate result: 0.394  (Index 79)[0m
Epoch 00080 | Time 0.0063s | L(tr) 1.5277 | A(tr) 0.7571 | L(val) 1.8196 | A(val) 0.3940 *
[2026-04-20 22:48:40] [32mIntermediate result: 0.396  (Index 80)[0m
Epoch 00081 | Time 0.0071s | L(tr) 1.5547 | A(tr) 0.7571 | L(val) 1.8188 | A(val) 0.3960 *
[2026-04-20 22:48:40] [32mIntermediate result: 0.396  (Index 81)[0m
Epoch 00082 | Time 0.0068s | L(tr) 1.5232 | A(tr) 0.7357 | L(val) 1.8181 | A(val) 0.3960 
[2026-04-20 22:48:40] [32mIntermediate result: 0.398  (Index 82)[0m
Epoch 00083 | Time 0.0079s | L(tr) 1.5140 | A(tr) 0.7357 | L(val) 1.8173 | A(val) 0.3980 *
[2026-04-20 22:48:40] [32mIntermediate result: 0.398  (Index 83)[0m
Epoch 00084 | Time 0.0057s | L(tr) 1.5323 | A(tr) 0.7500 | L(val) 1.8166 | A(val) 0.3980 
[2026-04-20 22:48:40] [32mIntermediate result: 0.396  (Index 84)[0m
Epoch 00085 | Time 0.0068s | L(tr) 1.5306 | A(tr) 0.7286 | L(val) 1.8159 | A(val) 0.3960 
[2026-04-20 22:48:40] [32mIntermediate result: 0.396  (Index 85)[0m
Epoch 00086 | Time 0.0096s | L(tr) 1.5360 | A(tr) 0.7286 | L(val) 1.8152 | A(val) 0.3960 
[2026-04-20 22:48:40] [32mIntermediate result: 0.398  (Index 86)[0m
Epoch 00087 | Time 0.0078s | L(tr) 1.5205 | A(tr) 0.7429 | L(val) 1.8145 | A(val) 0.3980 
[2026-04-20 22:48:40] [32mIntermediate result: 0.398  (Index 87)[0m
Epoch 00088 | Time 0.0073s | L(tr) 1.5277 | A(tr) 0.7143 | L(val) 1.8138 | A(val) 0.3980 
[2026-04-20 22:48:40] [32mIntermediate result: 0.398  (Index 88)[0m
Epoch 00089 | Time 0.0069s | L(tr) 1.5240 | A(tr) 0.7571 | L(val) 1.8133 | A(val) 0.3980 
[2026-04-20 22:48:40] [32mIntermediate result: 0.396  (Index 89)[0m
Epoch 00090 | Time 0.0073s | L(tr) 1.5169 | A(tr) 0.7429 | L(val) 1.8127 | A(val) 0.3960 
[2026-04-20 22:48:40] [32mIntermediate result: 0.396  (Index 90)[0m
Epoch 00091 | Time 0.0099s | L(tr) 1.5175 | A(tr) 0.7429 | L(val) 1.8122 | A(val) 0.3960 
[2026-04-20 22:48:40] [32mIntermediate result: 0.394  (Index 91)[0m
Epoch 00092 | Time 0.0085s | L(tr) 1.5076 | A(tr) 0.7357 | L(val) 1.8116 | A(val) 0.3940 
[2026-04-20 22:48:40] [32mIntermediate result: 0.394  (Index 92)[0m
Epoch 00093 | Time 0.0063s | L(tr) 1.5022 | A(tr) 0.7571 | L(val) 1.8111 | A(val) 0.3940 
[2026-04-20 22:48:40] [32mIntermediate result: 0.394  (Index 93)[0m
Epoch 00094 | Time 0.0089s | L(tr) 1.4968 | A(tr) 0.7643 | L(val) 1.8106 | A(val) 0.3940 
[2026-04-20 22:48:40] [32mIntermediate result: 0.39  (Index 94)[0m
Epoch 00095 | Time 0.0079s | L(tr) 1.5117 | A(tr) 0.7143 | L(val) 1.8101 | A(val) 0.3900 
[2026-04-20 22:48:40] [32mIntermediate result: 0.386  (Index 95)[0m
Epoch 00096 | Time 0.0066s | L(tr) 1.5003 | A(tr) 0.7286 | L(val) 1.8097 | A(val) 0.3860 
[2026-04-20 22:48:40] [32mIntermediate result: 0.386  (Index 96)[0m
Epoch 00097 | Time 0.0073s | L(tr) 1.5051 | A(tr) 0.7500 | L(val) 1.8092 | A(val) 0.3860 
[2026-04-20 22:48:40] [32mIntermediate result: 0.384  (Index 97)[0m
Epoch 00098 | Time 0.0072s | L(tr) 1.5099 | A(tr) 0.7143 | L(val) 1.8088 | A(val) 0.3840 
[2026-04-20 22:48:40] [32mIntermediate result: 0.382  (Index 98)[0m
Epoch 00099 | Time 0.0059s | L(tr) 1.4890 | A(tr) 0.7357 | L(val) 1.8083 | A(val) 0.3820 
[2026-04-20 22:48:40] [32mIntermediate result: 0.382  (Index 99)[0m
Epoch 00100 | Time 0.0066s | L(tr) 1.4885 | A(tr) 0.7143 | L(val) 1.8078 | A(val) 0.3820 
[2026-04-20 22:48:40] [32mIntermediate result: 0.384  (Index 100)[0m
Epoch 00101 | Time 0.0069s | L(tr) 1.5069 | A(tr) 0.7214 | L(val) 1.8073 | A(val) 0.3840 
[2026-04-20 22:48:40] [32mIntermediate result: 0.384  (Index 101)[0m
Epoch 00102 | Time 0.0066s | L(tr) 1.4834 | A(tr) 0.7500 | L(val) 1.8067 | A(val) 0.3840 
[2026-04-20 22:48:40] [32mIntermediate result: 0.386  (Index 102)[0m
Epoch 00103 | Time 0.0074s | L(tr) 1.5016 | A(tr) 0.7571 | L(val) 1.8061 | A(val) 0.3860 
[2026-04-20 22:48:40] [32mIntermediate result: 0.386  (Index 103)[0m
Epoch 00104 | Time 0.0076s | L(tr) 1.4898 | A(tr) 0.7571 | L(val) 1.8056 | A(val) 0.3860 
[2026-04-20 22:48:40] [32mIntermediate result: 0.386  (Index 104)[0m
Epoch 00105 | Time 0.0064s | L(tr) 1.4987 | A(tr) 0.7214 | L(val) 1.8051 | A(val) 0.3860 
[2026-04-20 22:48:40] [32mIntermediate result: 0.388  (Index 105)[0m
Epoch 00106 | Time 0.0072s | L(tr) 1.4940 | A(tr) 0.7643 | L(val) 1.8046 | A(val) 0.3880 
[2026-04-20 22:48:40] [32mIntermediate result: 0.39  (Index 106)[0m
Epoch 00107 | Time 0.0068s | L(tr) 1.4850 | A(tr) 0.7429 | L(val) 1.8041 | A(val) 0.3900 
[2026-04-20 22:48:40] [32mIntermediate result: 0.39  (Index 107)[0m
Epoch 00108 | Time 0.0062s | L(tr) 1.4986 | A(tr) 0.7071 | L(val) 1.8036 | A(val) 0.3900 
[2026-04-20 22:48:40] [32mIntermediate result: 0.39  (Index 108)[0m
Epoch 00109 | Time 0.0093s | L(tr) 1.4671 | A(tr) 0.7357 | L(val) 1.8030 | A(val) 0.3900 
[2026-04-20 22:48:40] [32mIntermediate result: 0.39  (Index 109)[0m
Epoch 00110 | Time 0.0068s | L(tr) 1.4683 | A(tr) 0.7786 | L(val) 1.8025 | A(val) 0.3900 
[2026-04-20 22:48:40] [32mIntermediate result: 0.39  (Index 110)[0m
Epoch 00111 | Time 0.0060s | L(tr) 1.4957 | A(tr) 0.7286 | L(val) 1.8020 | A(val) 0.3900 
[2026-04-20 22:48:40] [32mIntermediate result: 0.39  (Index 111)[0m
Epoch 00112 | Time 0.0078s | L(tr) 1.4728 | A(tr) 0.7643 | L(val) 1.8016 | A(val) 0.3900 
[2026-04-20 22:48:40] [32mIntermediate result: 0.39  (Index 112)[0m
Epoch 00113 | Time 0.0067s | L(tr) 1.4854 | A(tr) 0.7357 | L(val) 1.8013 | A(val) 0.3900 
[2026-04-20 22:48:40] [32mIntermediate result: 0.39  (Index 113)[0m
Epoch 00114 | Time 0.0083s | L(tr) 1.4610 | A(tr) 0.7429 | L(val) 1.8010 | A(val) 0.3900 
[2026-04-20 22:48:40] [32mIntermediate result: 0.39  (Index 114)[0m
Epoch 00115 | Time 0.0099s | L(tr) 1.4813 | A(tr) 0.7357 | L(val) 1.8006 | A(val) 0.3900 
[2026-04-20 22:48:40] [32mIntermediate result: 0.386  (Index 115)[0m
Epoch 00116 | Time 0.0075s | L(tr) 1.4611 | A(tr) 0.7714 | L(val) 1.8002 | A(val) 0.3860 
[2026-04-20 22:48:40] [32mIntermediate result: 0.386  (Index 116)[0m
Epoch 00117 | Time 0.0067s | L(tr) 1.4623 | A(tr) 0.7500 | L(val) 1.7997 | A(val) 0.3860 
[2026-04-20 22:48:40] [32mIntermediate result: 0.386  (Index 117)[0m
Epoch 00118 | Time 0.0074s | L(tr) 1.4636 | A(tr) 0.7714 | L(val) 1.7992 | A(val) 0.3860 
[2026-04-20 22:48:40] [32mIntermediate result: 0.386  (Index 118)[0m
Epoch 00119 | Time 0.0069s | L(tr) 1.4629 | A(tr) 0.7571 | L(val) 1.7988 | A(val) 0.3860 
[2026-04-20 22:48:40] [32mIntermediate result: 0.386  (Index 119)[0m
Epoch 00120 | Time 0.0064s | L(tr) 1.4513 | A(tr) 0.7429 | L(val) 1.7983 | A(val) 0.3860 
[2026-04-20 22:48:40] [32mIntermediate result: 0.386  (Index 120)[0m
Epoch 00121 | Time 0.0065s | L(tr) 1.4497 | A(tr) 0.7357 | L(val) 1.7978 | A(val) 0.3860 
[2026-04-20 22:48:40] [32mIntermediate result: 0.388  (Index 121)[0m
Epoch 00122 | Time 0.0086s | L(tr) 1.4592 | A(tr) 0.7429 | L(val) 1.7972 | A(val) 0.3880 
[2026-04-20 22:48:40] [32mIntermediate result: 0.394  (Index 122)[0m
Epoch 00123 | Time 0.0105s | L(tr) 1.4657 | A(tr) 0.7357 | L(val) 1.7967 | A(val) 0.3940 
[2026-04-20 22:48:40] [32mIntermediate result: 0.392  (Index 123)[0m
Epoch 00124 | Time 0.0088s | L(tr) 1.4434 | A(tr) 0.7500 | L(val) 1.7963 | A(val) 0.3920 
[2026-04-20 22:48:40] [32mIntermediate result: 0.39  (Index 124)[0m
Epoch 00125 | Time 0.0068s | L(tr) 1.4647 | A(tr) 0.7857 | L(val) 1.7958 | A(val) 0.3900 
[2026-04-20 22:48:40] [32mIntermediate result: 0.39  (Index 125)[0m
Epoch 00126 | Time 0.0069s | L(tr) 1.4747 | A(tr) 0.7286 | L(val) 1.7952 | A(val) 0.3900 
[2026-04-20 22:48:40] [32mIntermediate result: 0.39  (Index 126)[0m
Epoch 00127 | Time 0.0066s | L(tr) 1.4385 | A(tr) 0.7714 | L(val) 1.7945 | A(val) 0.3900 
[2026-04-20 22:48:40] [32mIntermediate result: 0.394  (Index 127)[0m
Epoch 00128 | Time 0.0116s | L(tr) 1.4474 | A(tr) 0.7643 | L(val) 1.7940 | A(val) 0.3940 
[2026-04-20 22:48:40] [32mIntermediate result: 0.396  (Index 128)[0m
Epoch 00129 | Time 0.0077s | L(tr) 1.4435 | A(tr) 0.7500 | L(val) 1.7934 | A(val) 0.3960 
[2026-04-20 22:48:40] [32mIntermediate result: 0.398  (Index 129)[0m
Epoch 00130 | Time 0.0064s | L(tr) 1.4427 | A(tr) 0.7357 | L(val) 1.7929 | A(val) 0.3980 
[2026-04-20 22:48:40] [32mIntermediate result: 0.4  (Index 130)[0m
Epoch 00131 | Time 0.0068s | L(tr) 1.4458 | A(tr) 0.7429 | L(val) 1.7924 | A(val) 0.4000 *
[2026-04-20 22:48:40] [32mIntermediate result: 0.4  (Index 131)[0m
Epoch 00132 | Time 0.0069s | L(tr) 1.4421 | A(tr) 0.7429 | L(val) 1.7919 | A(val) 0.4000 
[2026-04-20 22:48:40] [32mIntermediate result: 0.4  (Index 132)[0m
Epoch 00133 | Time 0.0063s | L(tr) 1.4524 | A(tr) 0.7286 | L(val) 1.7914 | A(val) 0.4000 
[2026-04-20 22:48:40] [32mIntermediate result: 0.4  (Index 133)[0m
Epoch 00134 | Time 0.0063s | L(tr) 1.4293 | A(tr) 0.7571 | L(val) 1.7908 | A(val) 0.4000 
[2026-04-20 22:48:40] [32mIntermediate result: 0.398  (Index 134)[0m
Epoch 00135 | Time 0.0081s | L(tr) 1.4357 | A(tr) 0.7571 | L(val) 1.7903 | A(val) 0.3980 
[2026-04-20 22:48:40] [32mIntermediate result: 0.398  (Index 135)[0m
Epoch 00136 | Time 0.0060s | L(tr) 1.4409 | A(tr) 0.7714 | L(val) 1.7898 | A(val) 0.3980 
[2026-04-20 22:48:40] [32mIntermediate result: 0.398  (Index 136)[0m
Epoch 00137 | Time 0.0067s | L(tr) 1.4425 | A(tr) 0.7786 | L(val) 1.7894 | A(val) 0.3980 
[2026-04-20 22:48:40] [32mIntermediate result: 0.398  (Index 137)[0m
Epoch 00138 | Time 0.0070s | L(tr) 1.4395 | A(tr) 0.7357 | L(val) 1.7889 | A(val) 0.3980 
[2026-04-20 22:48:40] [32mIntermediate result: 0.4  (Index 138)[0m
Epoch 00139 | Time 0.0073s | L(tr) 1.4299 | A(tr) 0.7857 | L(val) 1.7883 | A(val) 0.4000 
[2026-04-20 22:48:40] [32mIntermediate result: 0.398  (Index 139)[0m
Epoch 00140 | Time 0.0117s | L(tr) 1.4324 | A(tr) 0.7643 | L(val) 1.7878 | A(val) 0.3980 
[2026-04-20 22:48:40] [32mIntermediate result: 0.398  (Index 140)[0m
Epoch 00141 | Time 0.0104s | L(tr) 1.4382 | A(tr) 0.7429 | L(val) 1.7873 | A(val) 0.3980 
[2026-04-20 22:48:40] [32mIntermediate result: 0.394  (Index 141)[0m
Epoch 00142 | Time 0.0088s | L(tr) 1.4099 | A(tr) 0.7643 | L(val) 1.7868 | A(val) 0.3940 
[2026-04-20 22:48:40] [32mIntermediate result: 0.394  (Index 142)[0m
Epoch 00143 | Time 0.0086s | L(tr) 1.4477 | A(tr) 0.7286 | L(val) 1.7863 | A(val) 0.3940 
[2026-04-20 22:48:40] [32mIntermediate result: 0.396  (Index 143)[0m
Epoch 00144 | Time 0.0063s | L(tr) 1.4335 | A(tr) 0.7214 | L(val) 1.7859 | A(val) 0.3960 
[2026-04-20 22:48:40] [32mIntermediate result: 0.394  (Index 144)[0m
Epoch 00145 | Time 0.0078s | L(tr) 1.4243 | A(tr) 0.7857 | L(val) 1.7855 | A(val) 0.3940 
[2026-04-20 22:48:40] [32mIntermediate result: 0.396  (Index 145)[0m
Epoch 00146 | Time 0.0096s | L(tr) 1.4368 | A(tr) 0.7643 | L(val) 1.7851 | A(val) 0.3960 
[2026-04-20 22:48:40] [32mIntermediate result: 0.396  (Index 146)[0m
Epoch 00147 | Time 0.0084s | L(tr) 1.4335 | A(tr) 0.7214 | L(val) 1.7848 | A(val) 0.3960 
[2026-04-20 22:48:40] [32mIntermediate result: 0.396  (Index 147)[0m
Epoch 00148 | Time 0.0057s | L(tr) 1.4197 | A(tr) 0.7429 | L(val) 1.7845 | A(val) 0.3960 
[2026-04-20 22:48:40] [32mIntermediate result: 0.4  (Index 148)[0m
Epoch 00149 | Time 0.0061s | L(tr) 1.4343 | A(tr) 0.7643 | L(val) 1.7843 | A(val) 0.4000 
[2026-04-20 22:48:40] [32mIntermediate result: 0.4  (Index 149)[0m
Epoch 00150 | Time 0.0062s | L(tr) 1.4372 | A(tr) 0.7786 | L(val) 1.7841 | A(val) 0.4000 
[2026-04-20 22:48:40] [32mIntermediate result: 0.4  (Index 150)[0m
Epoch 00151 | Time 0.0068s | L(tr) 1.4135 | A(tr) 0.7500 | L(val) 1.7838 | A(val) 0.4000 
[2026-04-20 22:48:40] [32mIntermediate result: 0.404  (Index 151)[0m
Epoch 00152 | Time 0.0070s | L(tr) 1.4266 | A(tr) 0.7357 | L(val) 1.7835 | A(val) 0.4040 *
[2026-04-20 22:48:40] [32mIntermediate result: 0.404  (Index 152)[0m
Epoch 00153 | Time 0.0080s | L(tr) 1.4105 | A(tr) 0.7714 | L(val) 1.7832 | A(val) 0.4040 
[2026-04-20 22:48:40] [32mIntermediate result: 0.404  (Index 153)[0m
Epoch 00154 | Time 0.0070s | L(tr) 1.4215 | A(tr) 0.7214 | L(val) 1.7829 | A(val) 0.4040 
[2026-04-20 22:48:40] [32mIntermediate result: 0.404  (Index 154)[0m
Epoch 00155 | Time 0.0073s | L(tr) 1.4130 | A(tr) 0.7357 | L(val) 1.7826 | A(val) 0.4040 
[2026-04-20 22:48:40] [32mIntermediate result: 0.404  (Index 155)[0m
Epoch 00156 | Time 0.0065s | L(tr) 1.4425 | A(tr) 0.7286 | L(val) 1.7823 | A(val) 0.4040 
[2026-04-20 22:48:40] [32mIntermediate result: 0.404  (Index 156)[0m
Epoch 00157 | Time 0.0120s | L(tr) 1.4045 | A(tr) 0.7857 | L(val) 1.7820 | A(val) 0.4040 
[2026-04-20 22:48:40] [32mIntermediate result: 0.406  (Index 157)[0m
Epoch 00158 | Time 0.0074s | L(tr) 1.3911 | A(tr) 0.7786 | L(val) 1.7817 | A(val) 0.4060 *
[2026-04-20 22:48:40] [32mIntermediate result: 0.4  (Index 158)[0m
Epoch 00159 | Time 0.0078s | L(tr) 1.4384 | A(tr) 0.7500 | L(val) 1.7814 | A(val) 0.4000 
[2026-04-20 22:48:40] [32mIntermediate result: 0.402  (Index 159)[0m
Epoch 00160 | Time 0.0078s | L(tr) 1.4144 | A(tr) 0.7286 | L(val) 1.7811 | A(val) 0.4020 
[2026-04-20 22:48:40] [32mIntermediate result: 0.4  (Index 160)[0m
Epoch 00161 | Time 0.0061s | L(tr) 1.4002 | A(tr) 0.7643 | L(val) 1.7808 | A(val) 0.4000 
[2026-04-20 22:48:40] [32mIntermediate result: 0.4  (Index 161)[0m
Epoch 00162 | Time 0.0097s | L(tr) 1.4278 | A(tr) 0.7500 | L(val) 1.7806 | A(val) 0.4000 
[2026-04-20 22:48:40] [32mIntermediate result: 0.4  (Index 162)[0m
Epoch 00163 | Time 0.0079s | L(tr) 1.4310 | A(tr) 0.7357 | L(val) 1.7802 | A(val) 0.4000 
[2026-04-20 22:48:40] [32mIntermediate result: 0.398  (Index 163)[0m
Epoch 00164 | Time 0.0068s | L(tr) 1.3972 | A(tr) 0.7786 | L(val) 1.7799 | A(val) 0.3980 
[2026-04-20 22:48:40] [32mIntermediate result: 0.402  (Index 164)[0m
Epoch 00165 | Time 0.0066s | L(tr) 1.4181 | A(tr) 0.7643 | L(val) 1.7796 | A(val) 0.4020 
[2026-04-20 22:48:40] [32mIntermediate result: 0.402  (Index 165)[0m
Epoch 00166 | Time 0.0065s | L(tr) 1.4146 | A(tr) 0.7429 | L(val) 1.7793 | A(val) 0.4020 
[2026-04-20 22:48:40] [32mIntermediate result: 0.402  (Index 166)[0m
Epoch 00167 | Time 0.0063s | L(tr) 1.4001 | A(tr) 0.7357 | L(val) 1.7789 | A(val) 0.4020 
[2026-04-20 22:48:40] [32mIntermediate result: 0.402  (Index 167)[0m
Epoch 00168 | Time 0.0059s | L(tr) 1.4193 | A(tr) 0.7429 | L(val) 1.7786 | A(val) 0.4020 
[2026-04-20 22:48:40] [32mIntermediate result: 0.402  (Index 168)[0m
Epoch 00169 | Time 0.0062s | L(tr) 1.4084 | A(tr) 0.7429 | L(val) 1.7784 | A(val) 0.4020 
[2026-04-20 22:48:40] [32mIntermediate result: 0.402  (Index 169)[0m
Epoch 00170 | Time 0.0057s | L(tr) 1.4017 | A(tr) 0.7571 | L(val) 1.7782 | A(val) 0.4020 
[2026-04-20 22:48:40] [32mIntermediate result: 0.402  (Index 170)[0m
Epoch 00171 | Time 0.0062s | L(tr) 1.4037 | A(tr) 0.7571 | L(val) 1.7780 | A(val) 0.4020 
[2026-04-20 22:48:40] [32mIntermediate result: 0.402  (Index 171)[0m
Epoch 00172 | Time 0.0060s | L(tr) 1.4045 | A(tr) 0.7214 | L(val) 1.7778 | A(val) 0.4020 
[2026-04-20 22:48:40] [32mIntermediate result: 0.402  (Index 172)[0m
Epoch 00173 | Time 0.0058s | L(tr) 1.4019 | A(tr) 0.7643 | L(val) 1.7776 | A(val) 0.4020 
[2026-04-20 22:48:40] [32mIntermediate result: 0.4  (Index 173)[0m
Epoch 00174 | Time 0.0063s | L(tr) 1.4089 | A(tr) 0.7714 | L(val) 1.7773 | A(val) 0.4000 
[2026-04-20 22:48:40] [32mIntermediate result: 0.396  (Index 174)[0m
Epoch 00175 | Time 0.0058s | L(tr) 1.4175 | A(tr) 0.7429 | L(val) 1.7772 | A(val) 0.3960 
[2026-04-20 22:48:40] [32mIntermediate result: 0.396  (Index 175)[0m
Epoch 00176 | Time 0.0067s | L(tr) 1.3897 | A(tr) 0.7786 | L(val) 1.7771 | A(val) 0.3960 
[2026-04-20 22:48:40] [32mIntermediate result: 0.398  (Index 176)[0m
Epoch 00177 | Time 0.0061s | L(tr) 1.4081 | A(tr) 0.7500 | L(val) 1.7771 | A(val) 0.3980 
[2026-04-20 22:48:40] [32mIntermediate result: 0.398  (Index 177)[0m
Epoch 00178 | Time 0.0070s | L(tr) 1.4007 | A(tr) 0.7857 | L(val) 1.7769 | A(val) 0.3980 
[2026-04-20 22:48:40] [32mIntermediate result: 0.402  (Index 178)[0m
Epoch 00179 | Time 0.0063s | L(tr) 1.4175 | A(tr) 0.7714 | L(val) 1.7769 | A(val) 0.4020 
[2026-04-20 22:48:40] [32mIntermediate result: 0.402  (Index 179)[0m
Epoch 00180 | Time 0.0066s | L(tr) 1.3935 | A(tr) 0.7571 | L(val) 1.7768 | A(val) 0.4020 
[2026-04-20 22:48:40] [32mIntermediate result: 0.4  (Index 180)[0m
Epoch 00181 | Time 0.0073s | L(tr) 1.4103 | A(tr) 0.7071 | L(val) 1.7767 | A(val) 0.4000 
[2026-04-20 22:48:40] [32mIntermediate result: 0.4  (Index 181)[0m
Epoch 00182 | Time 0.0065s | L(tr) 1.3897 | A(tr) 0.7571 | L(val) 1.7766 | A(val) 0.4000 
[2026-04-20 22:48:40] [32mIntermediate result: 0.4  (Index 182)[0m
Epoch 00183 | Time 0.0066s | L(tr) 1.4012 | A(tr) 0.7500 | L(val) 1.7765 | A(val) 0.4000 
[2026-04-20 22:48:40] [32mIntermediate result: 0.4  (Index 183)[0m
Epoch 00184 | Time 0.0062s | L(tr) 1.4103 | A(tr) 0.7714 | L(val) 1.7763 | A(val) 0.4000 
[2026-04-20 22:48:40] [32mIntermediate result: 0.4  (Index 184)[0m
Epoch 00185 | Time 0.0090s | L(tr) 1.4134 | A(tr) 0.7571 | L(val) 1.7760 | A(val) 0.4000 
[2026-04-20 22:48:40] [32mIntermediate result: 0.398  (Index 185)[0m
Epoch 00186 | Time 0.0078s | L(tr) 1.3764 | A(tr) 0.7571 | L(val) 1.7755 | A(val) 0.3980 
[2026-04-20 22:48:40] [32mIntermediate result: 0.398  (Index 186)[0m
Epoch 00187 | Time 0.0075s | L(tr) 1.4003 | A(tr) 0.7857 | L(val) 1.7751 | A(val) 0.3980 
[2026-04-20 22:48:40] [32mIntermediate result: 0.396  (Index 187)[0m
Epoch 00188 | Time 0.0094s | L(tr) 1.4310 | A(tr) 0.7357 | L(val) 1.7747 | A(val) 0.3960 
[2026-04-20 22:48:40] [32mIntermediate result: 0.4  (Index 188)[0m
Epoch 00189 | Time 0.0063s | L(tr) 1.3814 | A(tr) 0.7571 | L(val) 1.7743 | A(val) 0.4000 
[2026-04-20 22:48:40] [32mIntermediate result: 0.402  (Index 189)[0m
Epoch 00190 | Time 0.0067s | L(tr) 1.3992 | A(tr) 0.7500 | L(val) 1.7739 | A(val) 0.4020 
[2026-04-20 22:48:40] [32mIntermediate result: 0.404  (Index 190)[0m
Epoch 00191 | Time 0.0065s | L(tr) 1.3973 | A(tr) 0.7714 | L(val) 1.7736 | A(val) 0.4040 
[2026-04-20 22:48:40] [32mIntermediate result: 0.404  (Index 191)[0m
Epoch 00192 | Time 0.0064s | L(tr) 1.3853 | A(tr) 0.7071 | L(val) 1.7733 | A(val) 0.4040 
[2026-04-20 22:48:40] [32mIntermediate result: 0.404  (Index 192)[0m
Epoch 00193 | Time 0.0067s | L(tr) 1.3892 | A(tr) 0.7643 | L(val) 1.7731 | A(val) 0.4040 
[2026-04-20 22:48:40] [32mIntermediate result: 0.406  (Index 193)[0m
Epoch 00194 | Time 0.0063s | L(tr) 1.3892 | A(tr) 0.7500 | L(val) 1.7730 | A(val) 0.4060 
[2026-04-20 22:48:40] [32mIntermediate result: 0.406  (Index 194)[0m
Epoch 00195 | Time 0.0052s | L(tr) 1.3828 | A(tr) 0.7429 | L(val) 1.7729 | A(val) 0.4060 
[2026-04-20 22:48:40] [32mIntermediate result: 0.41  (Index 195)[0m
Epoch 00196 | Time 0.0059s | L(tr) 1.3912 | A(tr) 0.7286 | L(val) 1.7729 | A(val) 0.4100 *
[2026-04-20 22:48:40] [32mIntermediate result: 0.412  (Index 196)[0m
Epoch 00197 | Time 0.0062s | L(tr) 1.4013 | A(tr) 0.7429 | L(val) 1.7729 | A(val) 0.4120 *
[2026-04-20 22:48:41] [32mIntermediate result: 0.41  (Index 197)[0m
Epoch 00198 | Time 0.0070s | L(tr) 1.3830 | A(tr) 0.7714 | L(val) 1.7730 | A(val) 0.4100 
[2026-04-20 22:48:41] [32mIntermediate result: 0.408  (Index 198)[0m
Epoch 00199 | Time 0.0080s | L(tr) 1.4070 | A(tr) 0.7214 | L(val) 1.7731 | A(val) 0.4080 
[2026-04-20 22:48:41] [32mIntermediate result: 0.408  (Index 199)[0m
Epoch 00200 | Time 0.0069s | L(tr) 1.3656 | A(tr) 0.7643 | L(val) 1.7731 | A(val) 0.4080 
Traceback (most recent call last):
  File "C:\Users\fbrev\Documents\Acadêmico\Simulações\Python\NoisyGL\single_exp.py", line 247, in <module>
    train_thread.join()
  File "C:\Users\fbrev\anaconda3\envs\noisygl\Lib\threading.py", line 1119, in join
    self._wait_for_tstate_lock()
  File "C:\Users\fbrev\anaconda3\envs\noisygl\Lib\threading.py", line 1139, in _wait_for_tstate_lock
    if lock.acquire(block, timeout):
       ^^^^^^^^^^^^^^^^^^^^^^^^^^^^
KeyboardInterrupt
