Traceback (most recent call last):
  File "C:\Users\fbrev\Documents\Acadêmico\Simulações\Python\NoisyGL\single_exp.py", line 34, in <module>
    from utils.dataloader import Dataset
  File "C:\Users\fbrev\Documents\Acadêmico\Simulações\Python\NoisyGL\utils\__init__.py", line 1, in <module>
    from .dataloader import *
  File "C:\Users\fbrev\Documents\Acadêmico\Simulações\Python\NoisyGL\utils\dataloader.py", line 4, in <module>
    from torch_geometric.datasets import Planetoid, Amazon, Coauthor, WikiCS, WikipediaNetwork, WebKB, Actor, \
  File "C:\Users\fbrev\anaconda3\envs\noisygl\Lib\site-packages\torch_geometric\__init__.py", line 14, in <module>
    from .isinstance import is_torch_instance
  File "C:\Users\fbrev\anaconda3\envs\noisygl\Lib\site-packages\torch_geometric\isinstance.py", line 8, in <module>
    import torch._dynamo
  File "C:\Users\fbrev\anaconda3\envs\noisygl\Lib\site-packages\torch\_dynamo\__init__.py", line 2, in <module>
    from . import convert_frame, eval_frame, resume_execution
  File "C:\Users\fbrev\anaconda3\envs\noisygl\Lib\site-packages\torch\_dynamo\convert_frame.py", line 31, in <module>
    from torch.fx.experimental.symbolic_shapes import (
  File "C:\Users\fbrev\anaconda3\envs\noisygl\Lib\site-packages\torch\fx\experimental\symbolic_shapes.py", line 63, in <module>
    from torch.utils._sympy.functions import FloorDiv, Mod, IsNonOverlappingAndDenseIndicator
  File "C:\Users\fbrev\anaconda3\envs\noisygl\Lib\site-packages\torch\utils\_sympy\functions.py", line 1, in <module>
    import sympy
  File "C:\Users\fbrev\anaconda3\envs\noisygl\Lib\site-packages\sympy\__init__.py", line 77, in <module>
    from .polys import (Poly, PurePoly, poly_from_expr, parallel_poly_from_expr,
  File "C:\Users\fbrev\anaconda3\envs\noisygl\Lib\site-packages\sympy\polys\__init__.py", line 79, in <module>
    from .polyfuncs import (symmetrize, horner, interpolate,
  File "C:\Users\fbrev\anaconda3\envs\noisygl\Lib\site-packages\sympy\polys\polyfuncs.py", line 10, in <module>
    from sympy.polys.specialpolys import (
  File "C:\Users\fbrev\anaconda3\envs\noisygl\Lib\site-packages\sympy\polys\specialpolys.py", line 298, in <module>
    from sympy.polys.rings import ring
  File "C:\Users\fbrev\anaconda3\envs\noisygl\Lib\site-packages\sympy\polys\rings.py", line 31, in <module>
    from sympy.printing.defaults import DefaultPrinting
  File "C:\Users\fbrev\anaconda3\envs\noisygl\Lib\site-packages\sympy\printing\__init__.py", line 11, in <module>
    from .pycode import pycode
  File "C:\Users\fbrev\anaconda3\envs\noisygl\Lib\site-packages\sympy\printing\pycode.py", line 11, in <module>
    from .codeprinter import CodePrinter
  File "C:\Users\fbrev\anaconda3\envs\noisygl\Lib\site-packages\sympy\printing\codeprinter.py", line 13, in <module>
    from sympy.functions.elementary.complexes import re
  File "C:\Users\fbrev\anaconda3\envs\noisygl\Lib\site-packages\sympy\functions\__init__.py", line 37, in <module>
    from sympy.functions.special.singularity_functions import SingularityFunction
  File "C:\Users\fbrev\anaconda3\envs\noisygl\Lib\site-packages\sympy\functions\special\singularity_functions.py", line 7, in <module>
    from sympy.functions.special.delta_functions import Heaviside
  File "C:\Users\fbrev\anaconda3\envs\noisygl\Lib\site-packages\sympy\functions\special\delta_functions.py", line 17, in <module>
    class DiracDelta(DefinedFunction):
  File "C:\Users\fbrev\anaconda3\envs\noisygl\Lib\site-packages\sympy\core\basic.py", line 218, in __init_subclass__
    _prepare_class_assumptions(cls)
  File "C:\Users\fbrev\anaconda3\envs\noisygl\Lib\site-packages\sympy\core\assumptions.py", line 666, in _prepare_class_assumptions
    if not hasattr(cls, pname):
           ^^^^^^^^^^^^^^^^^^^
KeyboardInterrupt
