Process SpawnProcess-1:
Traceback (most recent call last):
  File "C:\Users\fbrev\anaconda3\envs\noisygl\Lib\multiprocessing\process.py", line 314, in _bootstrap
    self.run()
  File "C:\Users\fbrev\anaconda3\envs\noisygl\Lib\multiprocessing\process.py", line 108, in run
    self._target(*self._args, **self._kwargs)
  File "C:\Users\fbrev\Documents\Acadêmico\Simulações\Python\NoisyGL\predictor\LNPCC_Predictor.py", line 607, in _lnpcc_worker_func
    worker_thread.join()
  File "C:\Users\fbrev\anaconda3\envs\noisygl\Lib\threading.py", line 1119, in join
    self._wait_for_tstate_lock()
  File "C:\Users\fbrev\anaconda3\envs\noisygl\Lib\threading.py", line 1139, in _wait_for_tstate_lock
    if lock.acquire(block, timeout):
       ^^^^^^^^^^^^^^^^^^^^^^^^^^^^
KeyboardInterrupt
Namespace(dataset='amazon-ratings', method='lnpcc', noise_type='uniform', noise_rate=0.5, device='cuda:1', seed=3007, params_json='{"knn_mode": "u", "dexp": 8.495456328266528, "p_grd": 0.4478940150099753, "unc_rem": 0.13244146622710887, "unc_rel": 0.6907018768505773, "dropout": 0.4563970214295106, "n_hidden": 128, "n_layer": 4, "lr": 0.0005, "weight_decay": 0.001}')
----Data statistics------'
                Name: amazon-ratings
                #Nodes 24492
                #Edges 93050
                #Classes 5
                #Ave_degree 7.60
----Split statistics------'
                #Train samples 1224 (5.0 % of nodes)
                #Val samples 3673 (15.0 % of nodes)
                #Test samples 19595 (remaining)
Current device: cpu
[Params] Overriding from --params_json: {'knn_mode': 'u', 'dexp': 8.495456328266528, 'p_grd': 0.4478940150099753, 'unc_rem': 0.13244146622710887, 'unc_rel': 0.6907018768505773, 'dropout': 0.4563970214295106, 'n_hidden': 128, 'n_layer': 4, 'lr': 0.0005, 'weight_decay': 0.001}
----label noise information:------
Uniform noise
#Actual noise rate 0.50 
[2026-04-17 16:39:14] [32mIntermediate result: 0.22270623468554315  (Index 0)[0m
Epoch 00001 | Time 0.4331s | L(tr) 1.6055 | A(tr) 0.2545 | L(val) 1.6047 | A(val) 0.2227 *
[2026-04-17 16:39:14] [32mIntermediate result: 0.22760686087666757  (Index 1)[0m
Epoch 00002 | Time 0.0406s | L(tr) 1.6038 | A(tr) 0.2266 | L(val) 1.6030 | A(val) 0.2276 *
[2026-04-17 16:39:14] [32mIntermediate result: 0.2188946365368908  (Index 2)[0m
Epoch 00003 | Time 0.0394s | L(tr) 1.6019 | A(tr) 0.2373 | L(val) 1.6015 | A(val) 0.2189 
[2026-04-17 16:39:14] [32mIntermediate result: 0.2243397767492513  (Index 3)[0m
Epoch 00004 | Time 0.0386s | L(tr) 1.6006 | A(tr) 0.2200 | L(val) 1.6001 | A(val) 0.2243 
[2026-04-17 16:39:14] [32mIntermediate result: 0.23686359923768038  (Index 4)[0m
Epoch 00005 | Time 0.0393s | L(tr) 1.5988 | A(tr) 0.2406 | L(val) 1.5987 | A(val) 0.2369 *
[2026-04-17 16:39:14] [32mIntermediate result: 0.24720936564116525  (Index 5)[0m
Epoch 00006 | Time 0.0409s | L(tr) 1.5969 | A(tr) 0.2504 | L(val) 1.5974 | A(val) 0.2472 *
[2026-04-17 16:39:14] [32mIntermediate result: 0.25456030492785187  (Index 6)[0m
Epoch 00007 | Time 0.0414s | L(tr) 1.5961 | A(tr) 0.2348 | L(val) 1.5961 | A(val) 0.2546 *
[2026-04-17 16:39:14] [32mIntermediate result: 0.2512932208004356  (Index 7)[0m
Epoch 00008 | Time 0.0392s | L(tr) 1.5937 | A(tr) 0.2529 | L(val) 1.5949 | A(val) 0.2513 
[2026-04-17 16:39:14] [32mIntermediate result: 0.25401579090661586  (Index 8)[0m
Epoch 00009 | Time 0.0369s | L(tr) 1.5934 | A(tr) 0.2578 | L(val) 1.5938 | A(val) 0.2540 
[2026-04-17 16:39:14] [32mIntermediate result: 0.2548325619384699  (Index 9)[0m
Epoch 00010 | Time 0.0395s | L(tr) 1.5906 | A(tr) 0.2668 | L(val) 1.5928 | A(val) 0.2548 *
[2026-04-17 16:39:14] [32mIntermediate result: 0.25646610400217806  (Index 10)[0m
Epoch 00011 | Time 0.0385s | L(tr) 1.5900 | A(tr) 0.2438 | L(val) 1.5918 | A(val) 0.2565 *
[2026-04-17 16:39:14] [32mIntermediate result: 0.25619384699156006  (Index 11)[0m
Epoch 00012 | Time 0.0358s | L(tr) 1.5890 | A(tr) 0.2504 | L(val) 1.5910 | A(val) 0.2562 
[2026-04-17 16:39:14] [32mIntermediate result: 0.25701061802341413  (Index 12)[0m
Epoch 00013 | Time 0.1063s | L(tr) 1.5867 | A(tr) 0.2479 | L(val) 1.5903 | A(val) 0.2570 *
[2026-04-17 16:39:14] [32mIntermediate result: 0.25728287503403213  (Index 13)[0m
Epoch 00014 | Time 0.0395s | L(tr) 1.5864 | A(tr) 0.2668 | L(val) 1.5897 | A(val) 0.2573 *
[2026-04-17 16:39:15] [32mIntermediate result: 0.25755513204465014  (Index 14)[0m
Epoch 00015 | Time 0.0388s | L(tr) 1.5863 | A(tr) 0.2652 | L(val) 1.5894 | A(val) 0.2576 *
[2026-04-17 16:39:15] [32mIntermediate result: 0.2578273890552682  (Index 15)[0m
Epoch 00016 | Time 0.0360s | L(tr) 1.5849 | A(tr) 0.2537 | L(val) 1.5891 | A(val) 0.2578 *
[2026-04-17 16:39:15] [32mIntermediate result: 0.25755513204465014  (Index 16)[0m
Epoch 00017 | Time 0.0373s | L(tr) 1.5835 | A(tr) 0.2570 | L(val) 1.5890 | A(val) 0.2576 
[2026-04-17 16:39:15] [32mIntermediate result: 0.25755513204465014  (Index 17)[0m
Epoch 00018 | Time 0.0390s | L(tr) 1.5843 | A(tr) 0.2709 | L(val) 1.5891 | A(val) 0.2576 
[2026-04-17 16:39:15] [32mIntermediate result: 0.25755513204465014  (Index 18)[0m
Epoch 00019 | Time 0.0382s | L(tr) 1.5839 | A(tr) 0.2570 | L(val) 1.5892 | A(val) 0.2576 
[2026-04-17 16:39:15] [32mIntermediate result: 0.25755513204465014  (Index 19)[0m
Epoch 00020 | Time 0.0350s | L(tr) 1.5846 | A(tr) 0.2545 | L(val) 1.5894 | A(val) 0.2576 
[2026-04-17 16:39:15] [32mIntermediate result: 0.25755513204465014  (Index 20)[0m
Epoch 00021 | Time 0.0351s | L(tr) 1.5844 | A(tr) 0.2652 | L(val) 1.5896 | A(val) 0.2576 
[2026-04-17 16:39:15] [32mIntermediate result: 0.25755513204465014  (Index 21)[0m
Epoch 00022 | Time 0.0374s | L(tr) 1.5834 | A(tr) 0.2553 | L(val) 1.5898 | A(val) 0.2576 
[2026-04-17 16:39:15] [32mIntermediate result: 0.25701061802341413  (Index 22)[0m
Epoch 00023 | Time 0.0357s | L(tr) 1.5847 | A(tr) 0.2553 | L(val) 1.5900 | A(val) 0.2570 
[2026-04-17 16:39:15] [32mIntermediate result: 0.25701061802341413  (Index 23)[0m
Epoch 00024 | Time 0.0363s | L(tr) 1.5836 | A(tr) 0.2545 | L(val) 1.5900 | A(val) 0.2570 
[2026-04-17 16:39:15] [32mIntermediate result: 0.25701061802341413  (Index 24)[0m
Epoch 00025 | Time 0.0376s | L(tr) 1.5841 | A(tr) 0.2521 | L(val) 1.5900 | A(val) 0.2570 
[2026-04-17 16:39:15] [32mIntermediate result: 0.25701061802341413  (Index 25)[0m
Epoch 00026 | Time 0.0388s | L(tr) 1.5810 | A(tr) 0.2570 | L(val) 1.5900 | A(val) 0.2570 
[2026-04-17 16:39:15] [32mIntermediate result: 0.25701061802341413  (Index 26)[0m
Epoch 00027 | Time 0.0368s | L(tr) 1.5828 | A(tr) 0.2570 | L(val) 1.5899 | A(val) 0.2570 
[2026-04-17 16:39:15] [32mIntermediate result: 0.25701061802341413  (Index 27)[0m
Epoch 00028 | Time 0.0805s | L(tr) 1.5832 | A(tr) 0.2578 | L(val) 1.5897 | A(val) 0.2570 
[2026-04-17 16:39:15] [32mIntermediate result: 0.25755513204465014  (Index 28)[0m
Epoch 00029 | Time 0.0535s | L(tr) 1.5841 | A(tr) 0.2562 | L(val) 1.5896 | A(val) 0.2576 
[2026-04-17 16:39:15] [32mIntermediate result: 0.25755513204465014  (Index 29)[0m
Epoch 00030 | Time 0.0428s | L(tr) 1.5828 | A(tr) 0.2562 | L(val) 1.5894 | A(val) 0.2576 
[2026-04-17 16:39:15] [32mIntermediate result: 0.25755513204465014  (Index 30)[0m
Epoch 00031 | Time 0.0395s | L(tr) 1.5830 | A(tr) 0.2603 | L(val) 1.5893 | A(val) 0.2576 
[2026-04-17 16:39:15] [32mIntermediate result: 0.25755513204465014  (Index 31)[0m
Epoch 00032 | Time 0.0399s | L(tr) 1.5834 | A(tr) 0.2586 | L(val) 1.5891 | A(val) 0.2576 
[2026-04-17 16:39:15] [32mIntermediate result: 0.25755513204465014  (Index 32)[0m
Epoch 00033 | Time 0.0382s | L(tr) 1.5810 | A(tr) 0.2570 | L(val) 1.5890 | A(val) 0.2576 
[2026-04-17 16:39:15] [32mIntermediate result: 0.25755513204465014  (Index 33)[0m
Epoch 00034 | Time 0.0379s | L(tr) 1.5824 | A(tr) 0.2562 | L(val) 1.5890 | A(val) 0.2576 
[2026-04-17 16:39:15] [32mIntermediate result: 0.25755513204465014  (Index 34)[0m
Epoch 00035 | Time 0.0365s | L(tr) 1.5815 | A(tr) 0.2603 | L(val) 1.5889 | A(val) 0.2576 
[2026-04-17 16:39:15] [32mIntermediate result: 0.25755513204465014  (Index 35)[0m
Epoch 00036 | Time 0.0384s | L(tr) 1.5813 | A(tr) 0.2611 | L(val) 1.5889 | A(val) 0.2576 
[2026-04-17 16:39:15] [32mIntermediate result: 0.25755513204465014  (Index 36)[0m
Epoch 00037 | Time 0.0396s | L(tr) 1.5804 | A(tr) 0.2586 | L(val) 1.5889 | A(val) 0.2576 
[2026-04-17 16:39:15] [32mIntermediate result: 0.25755513204465014  (Index 37)[0m
Epoch 00038 | Time 0.0351s | L(tr) 1.5813 | A(tr) 0.2603 | L(val) 1.5889 | A(val) 0.2576 
[2026-04-17 16:39:15] [32mIntermediate result: 0.2578273890552682  (Index 38)[0m
Epoch 00039 | Time 0.0380s | L(tr) 1.5805 | A(tr) 0.2677 | L(val) 1.5889 | A(val) 0.2578 
[2026-04-17 16:39:16] [32mIntermediate result: 0.25701061802341413  (Index 39)[0m
Epoch 00040 | Time 0.0370s | L(tr) 1.5821 | A(tr) 0.2603 | L(val) 1.5889 | A(val) 0.2570 
[2026-04-17 16:39:16] [32mIntermediate result: 0.25673836101279607  (Index 40)[0m
Epoch 00041 | Time 0.0387s | L(tr) 1.5811 | A(tr) 0.2644 | L(val) 1.5889 | A(val) 0.2567 
[2026-04-17 16:39:16] [32mIntermediate result: 0.25701061802341413  (Index 41)[0m
Epoch 00042 | Time 0.0352s | L(tr) 1.5803 | A(tr) 0.2652 | L(val) 1.5889 | A(val) 0.2570 
[2026-04-17 16:39:16] [32mIntermediate result: 0.2578273890552682  (Index 42)[0m
Epoch 00043 | Time 0.0367s | L(tr) 1.5799 | A(tr) 0.2701 | L(val) 1.5889 | A(val) 0.2578 
[2026-04-17 16:39:16] [32mIntermediate result: 0.2583719030765042  (Index 43)[0m
Epoch 00044 | Time 0.0380s | L(tr) 1.5791 | A(tr) 0.2693 | L(val) 1.5889 | A(val) 0.2584 *
[2026-04-17 16:39:16] [32mIntermediate result: 0.2583719030765042  (Index 44)[0m
Epoch 00045 | Time 0.0362s | L(tr) 1.5810 | A(tr) 0.2562 | L(val) 1.5890 | A(val) 0.2584 
[2026-04-17 16:39:16] [32mIntermediate result: 0.26000544514021234  (Index 45)[0m
Epoch 00046 | Time 0.0386s | L(tr) 1.5799 | A(tr) 0.2668 | L(val) 1.5890 | A(val) 0.2600 *
[2026-04-17 16:39:16] [32mIntermediate result: 0.2605499591614484  (Index 46)[0m
Epoch 00047 | Time 0.0376s | L(tr) 1.5799 | A(tr) 0.2627 | L(val) 1.5890 | A(val) 0.2605 *
[2026-04-17 16:39:16] [32mIntermediate result: 0.2610944731826845  (Index 47)[0m
Epoch 00048 | Time 0.0371s | L(tr) 1.5795 | A(tr) 0.2701 | L(val) 1.5891 | A(val) 0.2611 *
[2026-04-17 16:39:16] [32mIntermediate result: 0.2616389872039205  (Index 48)[0m
Epoch 00049 | Time 0.0331s | L(tr) 1.5806 | A(tr) 0.2627 | L(val) 1.5891 | A(val) 0.2616 *
[2026-04-17 16:39:16] [32mIntermediate result: 0.26245575823577455  (Index 49)[0m
Epoch 00050 | Time 0.0361s | L(tr) 1.5796 | A(tr) 0.2767 | L(val) 1.5891 | A(val) 0.2625 *
[2026-04-17 16:39:16] [32mIntermediate result: 0.2613667301933025  (Index 50)[0m
Epoch 00051 | Time 0.0351s | L(tr) 1.5789 | A(tr) 0.2627 | L(val) 1.5891 | A(val) 0.2614 
[2026-04-17 16:39:16] [32mIntermediate result: 0.2613667301933025  (Index 51)[0m
Epoch 00052 | Time 0.0361s | L(tr) 1.5777 | A(tr) 0.2693 | L(val) 1.5891 | A(val) 0.2614 
[2026-04-17 16:39:16] [32mIntermediate result: 0.26245575823577455  (Index 52)[0m
Epoch 00053 | Time 0.0337s | L(tr) 1.5769 | A(tr) 0.2726 | L(val) 1.5891 | A(val) 0.2625 
[2026-04-17 16:39:16] [32mIntermediate result: 0.26245575823577455  (Index 53)[0m
Epoch 00054 | Time 0.0336s | L(tr) 1.5760 | A(tr) 0.2767 | L(val) 1.5891 | A(val) 0.2625 
[2026-04-17 16:39:16] [32mIntermediate result: 0.26191124421453854  (Index 54)[0m
Epoch 00055 | Time 0.0333s | L(tr) 1.5770 | A(tr) 0.2808 | L(val) 1.5891 | A(val) 0.2619 
[2026-04-17 16:39:16] [32mIntermediate result: 0.26218350122515655  (Index 55)[0m
Epoch 00056 | Time 0.0370s | L(tr) 1.5771 | A(tr) 0.2750 | L(val) 1.5891 | A(val) 0.2622 
[2026-04-17 16:39:16] [32mIntermediate result: 0.26191124421453854  (Index 56)[0m
Epoch 00057 | Time 0.0346s | L(tr) 1.5749 | A(tr) 0.2726 | L(val) 1.5891 | A(val) 0.2619 
[2026-04-17 16:39:16] [32mIntermediate result: 0.26191124421453854  (Index 57)[0m
Epoch 00058 | Time 0.0361s | L(tr) 1.5760 | A(tr) 0.2652 | L(val) 1.5891 | A(val) 0.2619 
[2026-04-17 16:39:16] [32mIntermediate result: 0.2610944731826845  (Index 58)[0m
Epoch 00059 | Time 0.0346s | L(tr) 1.5743 | A(tr) 0.2816 | L(val) 1.5891 | A(val) 0.2611 
[2026-04-17 16:39:16] [32mIntermediate result: 0.2608222161720664  (Index 59)[0m
Epoch 00060 | Time 0.0351s | L(tr) 1.5749 | A(tr) 0.2718 | L(val) 1.5892 | A(val) 0.2608 
[2026-04-17 16:39:16] [32mIntermediate result: 0.2602777021508304  (Index 60)[0m
Epoch 00061 | Time 0.0357s | L(tr) 1.5753 | A(tr) 0.2816 | L(val) 1.5892 | A(val) 0.2603 
[2026-04-17 16:39:16] [32mIntermediate result: 0.25891641709774027  (Index 61)[0m
Epoch 00062 | Time 0.0367s | L(tr) 1.5731 | A(tr) 0.2898 | L(val) 1.5892 | A(val) 0.2589 
[2026-04-17 16:39:16] [32mIntermediate result: 0.25891641709774027  (Index 62)[0m
Epoch 00063 | Time 0.0397s | L(tr) 1.5745 | A(tr) 0.2750 | L(val) 1.5893 | A(val) 0.2589 
[2026-04-17 16:39:16] [32mIntermediate result: 0.2580996460658862  (Index 63)[0m
Epoch 00064 | Time 0.0325s | L(tr) 1.5741 | A(tr) 0.2824 | L(val) 1.5893 | A(val) 0.2581 
[2026-04-17 16:39:16] [32mIntermediate result: 0.25701061802341413  (Index 64)[0m
Epoch 00065 | Time 0.0361s | L(tr) 1.5738 | A(tr) 0.2783 | L(val) 1.5894 | A(val) 0.2570 
[2026-04-17 16:39:16] [32mIntermediate result: 0.2591886741083583  (Index 65)[0m
Epoch 00066 | Time 0.0352s | L(tr) 1.5727 | A(tr) 0.2734 | L(val) 1.5895 | A(val) 0.2592 
[2026-04-17 16:39:16] [32mIntermediate result: 0.2602777021508304  (Index 66)[0m
Epoch 00067 | Time 0.0335s | L(tr) 1.5730 | A(tr) 0.2890 | L(val) 1.5896 | A(val) 0.2603 
[2026-04-17 16:39:17] [32mIntermediate result: 0.25946093111897633  (Index 67)[0m
Epoch 00068 | Time 0.0368s | L(tr) 1.5701 | A(tr) 0.2915 | L(val) 1.5897 | A(val) 0.2595 
[2026-04-17 16:39:17] [32mIntermediate result: 0.25891641709774027  (Index 68)[0m
Epoch 00069 | Time 0.0364s | L(tr) 1.5723 | A(tr) 0.2857 | L(val) 1.5898 | A(val) 0.2589 
[2026-04-17 16:39:17] [32mIntermediate result: 0.25973318812959434  (Index 69)[0m
Epoch 00070 | Time 0.0334s | L(tr) 1.5692 | A(tr) 0.2833 | L(val) 1.5899 | A(val) 0.2597 
[2026-04-17 16:39:17] [32mIntermediate result: 0.25946093111897633  (Index 70)[0m
Epoch 00071 | Time 0.0373s | L(tr) 1.5694 | A(tr) 0.2898 | L(val) 1.5900 | A(val) 0.2595 
[2026-04-17 16:39:17] [32mIntermediate result: 0.2602777021508304  (Index 71)[0m
Epoch 00072 | Time 0.0370s | L(tr) 1.5704 | A(tr) 0.2841 | L(val) 1.5901 | A(val) 0.2603 
[2026-04-17 16:39:17] [32mIntermediate result: 0.2608222161720664  (Index 72)[0m
Epoch 00073 | Time 0.0352s | L(tr) 1.5703 | A(tr) 0.2857 | L(val) 1.5902 | A(val) 0.2608 
[2026-04-17 16:39:17] [32mIntermediate result: 0.2605499591614484  (Index 73)[0m
Epoch 00074 | Time 0.0385s | L(tr) 1.5677 | A(tr) 0.2849 | L(val) 1.5903 | A(val) 0.2605 
[2026-04-17 16:39:17] [32mIntermediate result: 0.26000544514021234  (Index 74)[0m
Epoch 00075 | Time 0.0352s | L(tr) 1.5659 | A(tr) 0.2824 | L(val) 1.5904 | A(val) 0.2600 
[2026-04-17 16:39:17] [32mIntermediate result: 0.25973318812959434  (Index 75)[0m
Epoch 00076 | Time 0.0366s | L(tr) 1.5683 | A(tr) 0.2734 | L(val) 1.5905 | A(val) 0.2597 
[2026-04-17 16:39:17] [32mIntermediate result: 0.2605499591614484  (Index 76)[0m
Epoch 00077 | Time 0.0319s | L(tr) 1.5675 | A(tr) 0.2915 | L(val) 1.5907 | A(val) 0.2605 
[2026-04-17 16:39:17] [32mIntermediate result: 0.2608222161720664  (Index 77)[0m
Epoch 00078 | Time 0.0351s | L(tr) 1.5661 | A(tr) 0.2939 | L(val) 1.5909 | A(val) 0.2608 
[2026-04-17 16:39:17] [32mIntermediate result: 0.2605499591614484  (Index 78)[0m
Epoch 00079 | Time 0.0323s | L(tr) 1.5655 | A(tr) 0.2849 | L(val) 1.5910 | A(val) 0.2605 
[2026-04-17 16:39:17] [32mIntermediate result: 0.2602777021508304  (Index 79)[0m
Epoch 00080 | Time 0.0344s | L(tr) 1.5644 | A(tr) 0.2841 | L(val) 1.5911 | A(val) 0.2603 
[2026-04-17 16:39:17] [32mIntermediate result: 0.25973318812959434  (Index 80)[0m
Epoch 00081 | Time 0.0329s | L(tr) 1.5636 | A(tr) 0.2964 | L(val) 1.5913 | A(val) 0.2597 
[2026-04-17 16:39:17] [32mIntermediate result: 0.25946093111897633  (Index 81)[0m
Epoch 00082 | Time 0.0318s | L(tr) 1.5633 | A(tr) 0.2906 | L(val) 1.5915 | A(val) 0.2595 
[2026-04-17 16:39:17] [32mIntermediate result: 0.26000544514021234  (Index 82)[0m
Epoch 00083 | Time 0.0356s | L(tr) 1.5618 | A(tr) 0.2915 | L(val) 1.5918 | A(val) 0.2600 
[2026-04-17 16:39:17] [32mIntermediate result: 0.2591886741083583  (Index 83)[0m
Epoch 00084 | Time 0.0371s | L(tr) 1.5633 | A(tr) 0.2824 | L(val) 1.5921 | A(val) 0.2592 
[2026-04-17 16:39:17] [32mIntermediate result: 0.2578273890552682  (Index 84)[0m
Epoch 00085 | Time 0.0336s | L(tr) 1.5604 | A(tr) 0.2931 | L(val) 1.5924 | A(val) 0.2578 
[2026-04-17 16:39:17] [32mIntermediate result: 0.25728287503403213  (Index 85)[0m
Epoch 00086 | Time 0.0356s | L(tr) 1.5581 | A(tr) 0.2956 | L(val) 1.5927 | A(val) 0.2573 
[2026-04-17 16:39:17] [32mIntermediate result: 0.25537707595970593  (Index 86)[0m
Epoch 00087 | Time 0.0341s | L(tr) 1.5607 | A(tr) 0.2931 | L(val) 1.5931 | A(val) 0.2554 
[2026-04-17 16:39:17] [32mIntermediate result: 0.25646610400217806  (Index 87)[0m
Epoch 00088 | Time 0.0346s | L(tr) 1.5590 | A(tr) 0.2989 | L(val) 1.5934 | A(val) 0.2565 
[2026-04-17 16:39:17] [32mIntermediate result: 0.25510481894908793  (Index 88)[0m
Epoch 00089 | Time 0.0325s | L(tr) 1.5587 | A(tr) 0.2841 | L(val) 1.5938 | A(val) 0.2551 
[2026-04-17 16:39:17] [32mIntermediate result: 0.255649332970324  (Index 89)[0m
Epoch 00090 | Time 0.0341s | L(tr) 1.5551 | A(tr) 0.3021 | L(val) 1.5941 | A(val) 0.2556 
[2026-04-17 16:39:17] [32mIntermediate result: 0.25673836101279607  (Index 90)[0m
Epoch 00091 | Time 0.0368s | L(tr) 1.5542 | A(tr) 0.2890 | L(val) 1.5943 | A(val) 0.2567 
[2026-04-17 16:39:17] [32mIntermediate result: 0.2578273890552682  (Index 91)[0m
Epoch 00092 | Time 0.0356s | L(tr) 1.5538 | A(tr) 0.2964 | L(val) 1.5946 | A(val) 0.2578 
[2026-04-17 16:39:17] [32mIntermediate result: 0.25864416008712227  (Index 92)[0m
Epoch 00093 | Time 0.0362s | L(tr) 1.5511 | A(tr) 0.2989 | L(val) 1.5948 | A(val) 0.2586 
[2026-04-17 16:39:17] [32mIntermediate result: 0.25891641709774027  (Index 93)[0m
Epoch 00094 | Time 0.0355s | L(tr) 1.5494 | A(tr) 0.2989 | L(val) 1.5951 | A(val) 0.2589 
[2026-04-17 16:39:17] [32mIntermediate result: 0.2591886741083583  (Index 94)[0m
Epoch 00095 | Time 0.0349s | L(tr) 1.5529 | A(tr) 0.2989 | L(val) 1.5954 | A(val) 0.2592 
[2026-04-17 16:39:18] [32mIntermediate result: 0.25946093111897633  (Index 95)[0m
Epoch 00096 | Time 0.0359s | L(tr) 1.5508 | A(tr) 0.2898 | L(val) 1.5957 | A(val) 0.2595 
[2026-04-17 16:39:18] [32mIntermediate result: 0.25946093111897633  (Index 96)[0m
Epoch 00097 | Time 0.0352s | L(tr) 1.5514 | A(tr) 0.2997 | L(val) 1.5961 | A(val) 0.2595 
[2026-04-17 16:39:18] [32mIntermediate result: 0.255921589980942  (Index 97)[0m
Epoch 00098 | Time 0.0329s | L(tr) 1.5448 | A(tr) 0.3079 | L(val) 1.5966 | A(val) 0.2559 
[2026-04-17 16:39:18] [32mIntermediate result: 0.255649332970324  (Index 98)[0m
Epoch 00099 | Time 0.0326s | L(tr) 1.5469 | A(tr) 0.2980 | L(val) 1.5970 | A(val) 0.2556 
[2026-04-17 16:39:18] [32mIntermediate result: 0.25401579090661586  (Index 99)[0m
Epoch 00100 | Time 0.0311s | L(tr) 1.5458 | A(tr) 0.3038 | L(val) 1.5975 | A(val) 0.2540 
[2026-04-17 16:39:18] [32mIntermediate result: 0.25428804791723386  (Index 100)[0m
Epoch 00101 | Time 0.0354s | L(tr) 1.5450 | A(tr) 0.3054 | L(val) 1.5977 | A(val) 0.2543 
[2026-04-17 16:39:18] [32mIntermediate result: 0.2523822488429077  (Index 101)[0m
Epoch 00102 | Time 0.0348s | L(tr) 1.5422 | A(tr) 0.3030 | L(val) 1.5978 | A(val) 0.2524 
[2026-04-17 16:39:18] [32mIntermediate result: 0.2526545058535257  (Index 102)[0m
Epoch 00103 | Time 0.0351s | L(tr) 1.5417 | A(tr) 0.3112 | L(val) 1.5980 | A(val) 0.2527 
[2026-04-17 16:39:18] [32mIntermediate result: 0.25401579090661586  (Index 103)[0m
Epoch 00104 | Time 0.0368s | L(tr) 1.5414 | A(tr) 0.3046 | L(val) 1.5984 | A(val) 0.2540 
[2026-04-17 16:39:18] [32mIntermediate result: 0.255921589980942  (Index 104)[0m
Epoch 00105 | Time 0.0357s | L(tr) 1.5387 | A(tr) 0.3030 | L(val) 1.5988 | A(val) 0.2559 
[2026-04-17 16:39:18] [32mIntermediate result: 0.25646610400217806  (Index 105)[0m
Epoch 00106 | Time 0.0363s | L(tr) 1.5406 | A(tr) 0.3153 | L(val) 1.5992 | A(val) 0.2565 
[2026-04-17 16:39:18] [32mIntermediate result: 0.25401579090661586  (Index 106)[0m
Epoch 00107 | Time 0.0361s | L(tr) 1.5346 | A(tr) 0.3120 | L(val) 1.5995 | A(val) 0.2540 
[2026-04-17 16:39:18] [32mIntermediate result: 0.255649332970324  (Index 107)[0m
Epoch 00108 | Time 0.0364s | L(tr) 1.5359 | A(tr) 0.3046 | L(val) 1.5999 | A(val) 0.2556 
[2026-04-17 16:39:18] [32mIntermediate result: 0.25755513204465014  (Index 108)[0m
Epoch 00109 | Time 0.0349s | L(tr) 1.5328 | A(tr) 0.3235 | L(val) 1.6002 | A(val) 0.2576 
[2026-04-17 16:39:18] [32mIntermediate result: 0.25755513204465014  (Index 109)[0m
Epoch 00110 | Time 0.0347s | L(tr) 1.5319 | A(tr) 0.3144 | L(val) 1.6006 | A(val) 0.2576 
[2026-04-17 16:39:18] [32mIntermediate result: 0.25755513204465014  (Index 110)[0m
Epoch 00111 | Time 0.0356s | L(tr) 1.5293 | A(tr) 0.3112 | L(val) 1.6012 | A(val) 0.2576 
[2026-04-17 16:39:18] [32mIntermediate result: 0.25891641709774027  (Index 111)[0m
Epoch 00112 | Time 0.0345s | L(tr) 1.5287 | A(tr) 0.3169 | L(val) 1.6020 | A(val) 0.2589 
[2026-04-17 16:39:18] [32mIntermediate result: 0.25701061802341413  (Index 112)[0m
Epoch 00113 | Time 0.0366s | L(tr) 1.5245 | A(tr) 0.3202 | L(val) 1.6027 | A(val) 0.2570 
[2026-04-17 16:39:18] [32mIntermediate result: 0.25728287503403213  (Index 113)[0m
Epoch 00114 | Time 0.0373s | L(tr) 1.5256 | A(tr) 0.3144 | L(val) 1.6033 | A(val) 0.2573 
[2026-04-17 16:39:18] [32mIntermediate result: 0.25673836101279607  (Index 114)[0m
Epoch 00115 | Time 0.0360s | L(tr) 1.5236 | A(tr) 0.3218 | L(val) 1.6039 | A(val) 0.2567 
[2026-04-17 16:39:18] [32mIntermediate result: 0.2583719030765042  (Index 115)[0m
Epoch 00116 | Time 0.0382s | L(tr) 1.5199 | A(tr) 0.3128 | L(val) 1.6044 | A(val) 0.2584 
[2026-04-17 16:39:18] [32mIntermediate result: 0.2578273890552682  (Index 116)[0m
Epoch 00117 | Time 0.0367s | L(tr) 1.5184 | A(tr) 0.3251 | L(val) 1.6052 | A(val) 0.2578 
[2026-04-17 16:39:18] [32mIntermediate result: 0.25619384699156006  (Index 117)[0m
Epoch 00118 | Time 0.0366s | L(tr) 1.5174 | A(tr) 0.3210 | L(val) 1.6063 | A(val) 0.2562 
[2026-04-17 16:39:18] [32mIntermediate result: 0.25456030492785187  (Index 118)[0m
Epoch 00119 | Time 0.0336s | L(tr) 1.5127 | A(tr) 0.3251 | L(val) 1.6073 | A(val) 0.2546 
[2026-04-17 16:39:18] [32mIntermediate result: 0.25891641709774027  (Index 119)[0m
Epoch 00120 | Time 0.0386s | L(tr) 1.5137 | A(tr) 0.3202 | L(val) 1.6077 | A(val) 0.2589 
[2026-04-17 16:39:18] [32mIntermediate result: 0.25755513204465014  (Index 120)[0m
Epoch 00121 | Time 0.0361s | L(tr) 1.5136 | A(tr) 0.3210 | L(val) 1.6082 | A(val) 0.2576 
[2026-04-17 16:39:18] [32mIntermediate result: 0.2580996460658862  (Index 121)[0m
Epoch 00122 | Time 0.0331s | L(tr) 1.5090 | A(tr) 0.3276 | L(val) 1.6090 | A(val) 0.2581 
[2026-04-17 16:39:18] [32mIntermediate result: 0.25619384699156006  (Index 122)[0m
Epoch 00123 | Time 0.0346s | L(tr) 1.5052 | A(tr) 0.3284 | L(val) 1.6103 | A(val) 0.2562 
[2026-04-17 16:39:19] [32mIntermediate result: 0.25292676286414373  (Index 123)[0m
Epoch 00124 | Time 0.0370s | L(tr) 1.5061 | A(tr) 0.3243 | L(val) 1.6115 | A(val) 0.2529 
[2026-04-17 16:39:19] [32mIntermediate result: 0.25946093111897633  (Index 124)[0m
Epoch 00125 | Time 0.0381s | L(tr) 1.5040 | A(tr) 0.3251 | L(val) 1.6110 | A(val) 0.2595 
[2026-04-17 16:39:19] [32mIntermediate result: 0.2602777021508304  (Index 125)[0m
Epoch 00126 | Time 0.0370s | L(tr) 1.5003 | A(tr) 0.3292 | L(val) 1.6116 | A(val) 0.2603 
[2026-04-17 16:39:19] [32mIntermediate result: 0.25646610400217806  (Index 126)[0m
Epoch 00127 | Time 0.0368s | L(tr) 1.4992 | A(tr) 0.3284 | L(val) 1.6131 | A(val) 0.2565 
[2026-04-17 16:39:19] [32mIntermediate result: 0.25428804791723386  (Index 127)[0m
Epoch 00128 | Time 0.0351s | L(tr) 1.4959 | A(tr) 0.3399 | L(val) 1.6154 | A(val) 0.2543 
[2026-04-17 16:39:19] [32mIntermediate result: 0.25401579090661586  (Index 128)[0m
Epoch 00129 | Time 0.0347s | L(tr) 1.4970 | A(tr) 0.3342 | L(val) 1.6154 | A(val) 0.2540 
[2026-04-17 16:39:19] [32mIntermediate result: 0.25701061802341413  (Index 129)[0m
Epoch 00130 | Time 0.0367s | L(tr) 1.4933 | A(tr) 0.3383 | L(val) 1.6153 | A(val) 0.2570 
[2026-04-17 16:39:19] [32mIntermediate result: 0.255921589980942  (Index 130)[0m
Epoch 00131 | Time 0.0361s | L(tr) 1.4871 | A(tr) 0.3514 | L(val) 1.6165 | A(val) 0.2559 
[2026-04-17 16:39:19] [32mIntermediate result: 0.2534712768853798  (Index 131)[0m
Epoch 00132 | Time 0.0362s | L(tr) 1.4885 | A(tr) 0.3506 | L(val) 1.6192 | A(val) 0.2535 
[2026-04-17 16:39:19] [32mIntermediate result: 0.25401579090661586  (Index 132)[0m
Epoch 00133 | Time 0.0365s | L(tr) 1.4866 | A(tr) 0.3465 | L(val) 1.6202 | A(val) 0.2540 
[2026-04-17 16:39:19] [32mIntermediate result: 0.255649332970324  (Index 133)[0m
Epoch 00134 | Time 0.0374s | L(tr) 1.4817 | A(tr) 0.3539 | L(val) 1.6197 | A(val) 0.2556 
[2026-04-17 16:39:19] [32mIntermediate result: 0.25537707595970593  (Index 134)[0m
Epoch 00135 | Time 0.0378s | L(tr) 1.4797 | A(tr) 0.3374 | L(val) 1.6205 | A(val) 0.2554 
[2026-04-17 16:39:19] [32mIntermediate result: 0.25292676286414373  (Index 135)[0m
Epoch 00136 | Time 0.0382s | L(tr) 1.4832 | A(tr) 0.3539 | L(val) 1.6225 | A(val) 0.2529 
[2026-04-17 16:39:19] [32mIntermediate result: 0.2512932208004356  (Index 136)[0m
Epoch 00137 | Time 0.0381s | L(tr) 1.4738 | A(tr) 0.3703 | L(val) 1.6247 | A(val) 0.2513 
[2026-04-17 16:39:19] [32mIntermediate result: 0.2510209637898176  (Index 137)[0m
Epoch 00138 | Time 0.0378s | L(tr) 1.4706 | A(tr) 0.3645 | L(val) 1.6253 | A(val) 0.2510 
[2026-04-17 16:39:19] [32mIntermediate result: 0.2512932208004356  (Index 138)[0m
Epoch 00139 | Time 0.0391s | L(tr) 1.4701 | A(tr) 0.3662 | L(val) 1.6261 | A(val) 0.2513 
[2026-04-17 16:39:19] [32mIntermediate result: 0.2504764497685815  (Index 139)[0m
Epoch 00140 | Time 0.0385s | L(tr) 1.4691 | A(tr) 0.3629 | L(val) 1.6280 | A(val) 0.2505 
[2026-04-17 16:39:19] [32mIntermediate result: 0.2502041927579635  (Index 140)[0m
Epoch 00141 | Time 0.0348s | L(tr) 1.4664 | A(tr) 0.3612 | L(val) 1.6317 | A(val) 0.2502 
[2026-04-17 16:39:19] [32mIntermediate result: 0.2466648516199292  (Index 141)[0m
Epoch 00142 | Time 0.0317s | L(tr) 1.4649 | A(tr) 0.3785 | L(val) 1.6323 | A(val) 0.2467 
[2026-04-17 16:39:19] [32mIntermediate result: 0.24693710863054724  (Index 142)[0m
Epoch 00143 | Time 0.0344s | L(tr) 1.4558 | A(tr) 0.3826 | L(val) 1.6336 | A(val) 0.2469 
[2026-04-17 16:39:19] [32mIntermediate result: 0.24612033759869317  (Index 143)[0m
Epoch 00144 | Time 0.0352s | L(tr) 1.4523 | A(tr) 0.3711 | L(val) 1.6358 | A(val) 0.2461 
[2026-04-17 16:39:19] [32mIntermediate result: 0.24857065069425538  (Index 144)[0m
Epoch 00145 | Time 0.0312s | L(tr) 1.4553 | A(tr) 0.3818 | L(val) 1.6380 | A(val) 0.2486 
[2026-04-17 16:39:19] [32mIntermediate result: 0.24475905254560304  (Index 145)[0m
Epoch 00146 | Time 0.0364s | L(tr) 1.4482 | A(tr) 0.3867 | L(val) 1.6390 | A(val) 0.2448 
[2026-04-17 16:39:19] [32mIntermediate result: 0.24448679553498504  (Index 146)[0m
Epoch 00147 | Time 0.0378s | L(tr) 1.4444 | A(tr) 0.3777 | L(val) 1.6405 | A(val) 0.2445 
[2026-04-17 16:39:19] [32mIntermediate result: 0.2453035665668391  (Index 147)[0m
Epoch 00148 | Time 0.0348s | L(tr) 1.4459 | A(tr) 0.3908 | L(val) 1.6427 | A(val) 0.2453 
[2026-04-17 16:39:19] [32mIntermediate result: 0.2428532534712769  (Index 148)[0m
Epoch 00149 | Time 0.0376s | L(tr) 1.4421 | A(tr) 0.3826 | L(val) 1.6443 | A(val) 0.2429 
[2026-04-17 16:39:19] [32mIntermediate result: 0.24339776749251293  (Index 149)[0m
Epoch 00150 | Time 0.0338s | L(tr) 1.4374 | A(tr) 0.3974 | L(val) 1.6463 | A(val) 0.2434 
[2026-04-17 16:39:19] [32mIntermediate result: 0.2431255104818949  (Index 150)[0m
Epoch 00151 | Time 0.0346s | L(tr) 1.4310 | A(tr) 0.3842 | L(val) 1.6493 | A(val) 0.2431 
[2026-04-17 16:39:20] [32mIntermediate result: 0.2431255104818949  (Index 151)[0m
Epoch 00152 | Time 0.0356s | L(tr) 1.4320 | A(tr) 0.4048 | L(val) 1.6513 | A(val) 0.2431 
[2026-04-17 16:39:20] [32mIntermediate result: 0.24448679553498504  (Index 152)[0m
Epoch 00153 | Time 0.0371s | L(tr) 1.4263 | A(tr) 0.3974 | L(val) 1.6528 | A(val) 0.2445 
[2026-04-17 16:39:20] [32mIntermediate result: 0.2417642254288048  (Index 153)[0m
Epoch 00154 | Time 0.0377s | L(tr) 1.4270 | A(tr) 0.3974 | L(val) 1.6556 | A(val) 0.2418 
[2026-04-17 16:39:20] [32mIntermediate result: 0.2417642254288048  (Index 154)[0m
Epoch 00155 | Time 0.0361s | L(tr) 1.4203 | A(tr) 0.3908 | L(val) 1.6594 | A(val) 0.2418 
[2026-04-17 16:39:20] [32mIntermediate result: 0.24339776749251293  (Index 155)[0m
Epoch 00156 | Time 0.0367s | L(tr) 1.4271 | A(tr) 0.3957 | L(val) 1.6603 | A(val) 0.2434 
[2026-04-17 16:39:20] [32mIntermediate result: 0.24149196841818676  (Index 156)[0m
Epoch 00157 | Time 0.0358s | L(tr) 1.4147 | A(tr) 0.3916 | L(val) 1.6638 | A(val) 0.2415 
[2026-04-17 16:39:20] [32mIntermediate result: 0.23876939831200653  (Index 157)[0m
Epoch 00158 | Time 0.0360s | L(tr) 1.4070 | A(tr) 0.4105 | L(val) 1.6680 | A(val) 0.2388 
[2026-04-17 16:39:20] [32mIntermediate result: 0.24394228151374897  (Index 158)[0m
Epoch 00159 | Time 0.0325s | L(tr) 1.4053 | A(tr) 0.4064 | L(val) 1.6703 | A(val) 0.2439 
[2026-04-17 16:39:20] [32mIntermediate result: 0.23631908521644432  (Index 159)[0m
Epoch 00160 | Time 0.0336s | L(tr) 1.4033 | A(tr) 0.4039 | L(val) 1.6745 | A(val) 0.2363 
[2026-04-17 16:39:20] [32mIntermediate result: 0.2360468282058263  (Index 160)[0m
Epoch 00161 | Time 0.0337s | L(tr) 1.3966 | A(tr) 0.4031 | L(val) 1.6769 | A(val) 0.2360 
[2026-04-17 16:39:20] [32mIntermediate result: 0.2382248842907705  (Index 161)[0m
Epoch 00162 | Time 0.0343s | L(tr) 1.4033 | A(tr) 0.4105 | L(val) 1.6783 | A(val) 0.2382 
[2026-04-17 16:39:20] [32mIntermediate result: 0.23686359923768038  (Index 162)[0m
Epoch 00163 | Time 0.0319s | L(tr) 1.3930 | A(tr) 0.4097 | L(val) 1.6823 | A(val) 0.2369 
[2026-04-17 16:39:20] [32mIntermediate result: 0.2371358562482984  (Index 163)[0m
Epoch 00164 | Time 0.0324s | L(tr) 1.3913 | A(tr) 0.4154 | L(val) 1.6839 | A(val) 0.2371 
[2026-04-17 16:39:20] [32mIntermediate result: 0.23849714130138852  (Index 164)[0m
Epoch 00165 | Time 0.0328s | L(tr) 1.3820 | A(tr) 0.4310 | L(val) 1.6858 | A(val) 0.2385 
[2026-04-17 16:39:20] [32mIntermediate result: 0.2349578001633542  (Index 165)[0m
Epoch 00166 | Time 0.0326s | L(tr) 1.3845 | A(tr) 0.4130 | L(val) 1.6907 | A(val) 0.2350 
[2026-04-17 16:39:20] [32mIntermediate result: 0.23414102913150014  (Index 166)[0m
Epoch 00167 | Time 0.0330s | L(tr) 1.3840 | A(tr) 0.4212 | L(val) 1.6917 | A(val) 0.2341 
[2026-04-17 16:39:20] [32mIntermediate result: 0.23523005717397222  (Index 167)[0m
Epoch 00168 | Time 0.0342s | L(tr) 1.3773 | A(tr) 0.4228 | L(val) 1.6948 | A(val) 0.2352 
[2026-04-17 16:39:20] [32mIntermediate result: 0.23550231418459025  (Index 168)[0m
Epoch 00169 | Time 0.0358s | L(tr) 1.3768 | A(tr) 0.4319 | L(val) 1.6988 | A(val) 0.2355 
[2026-04-17 16:39:20] [32mIntermediate result: 0.22978491696161177  (Index 169)[0m
Epoch 00170 | Time 0.0373s | L(tr) 1.3716 | A(tr) 0.4245 | L(val) 1.7029 | A(val) 0.2298 
[2026-04-17 16:39:20] [32mIntermediate result: 0.22815137489790363  (Index 170)[0m
Epoch 00171 | Time 0.0363s | L(tr) 1.3666 | A(tr) 0.4261 | L(val) 1.7059 | A(val) 0.2282 
[2026-04-17 16:39:20] [32mIntermediate result: 0.22869588891913967  (Index 171)[0m
Epoch 00172 | Time 0.0383s | L(tr) 1.3648 | A(tr) 0.4319 | L(val) 1.7081 | A(val) 0.2287 
[2026-04-17 16:39:20] [32mIntermediate result: 0.2314184590253199  (Index 172)[0m
Epoch 00173 | Time 0.0350s | L(tr) 1.3629 | A(tr) 0.4228 | L(val) 1.7122 | A(val) 0.2314 
[2026-04-17 16:39:20] [32mIntermediate result: 0.23359651511026408  (Index 173)[0m
Epoch 00174 | Time 0.0342s | L(tr) 1.3529 | A(tr) 0.4187 | L(val) 1.7179 | A(val) 0.2336 
[2026-04-17 16:39:20] [32mIntermediate result: 0.22815137489790363  (Index 174)[0m
Epoch 00175 | Time 0.0360s | L(tr) 1.3589 | A(tr) 0.4376 | L(val) 1.7178 | A(val) 0.2282 
[2026-04-17 16:39:20] [32mIntermediate result: 0.22760686087666757  (Index 175)[0m
Epoch 00176 | Time 0.0377s | L(tr) 1.3449 | A(tr) 0.4335 | L(val) 1.7208 | A(val) 0.2276 
[2026-04-17 16:39:20] [32mIntermediate result: 0.23005717397222977  (Index 176)[0m
Epoch 00177 | Time 0.0349s | L(tr) 1.3539 | A(tr) 0.4360 | L(val) 1.7286 | A(val) 0.2301 
[2026-04-17 16:39:20] [32mIntermediate result: 0.23196297304655594  (Index 177)[0m
Epoch 00178 | Time 0.0350s | L(tr) 1.3394 | A(tr) 0.4516 | L(val) 1.7283 | A(val) 0.2320 
[2026-04-17 16:39:20] [32mIntermediate result: 0.22978491696161177  (Index 178)[0m
Epoch 00179 | Time 0.0359s | L(tr) 1.3350 | A(tr) 0.4433 | L(val) 1.7319 | A(val) 0.2298 
[2026-04-17 16:39:21] [32mIntermediate result: 0.22978491696161177  (Index 179)[0m
Epoch 00180 | Time 0.0364s | L(tr) 1.3342 | A(tr) 0.4310 | L(val) 1.7365 | A(val) 0.2298 
[2026-04-17 16:39:21] [32mIntermediate result: 0.2278791178872856  (Index 180)[0m
Epoch 00181 | Time 0.0357s | L(tr) 1.3300 | A(tr) 0.4540 | L(val) 1.7413 | A(val) 0.2279 
[2026-04-17 16:39:21] [32mIntermediate result: 0.2267900898448135  (Index 181)[0m
Epoch 00182 | Time 0.0340s | L(tr) 1.3339 | A(tr) 0.4360 | L(val) 1.7433 | A(val) 0.2268 
[2026-04-17 16:39:21] [32mIntermediate result: 0.232507487067792  (Index 182)[0m
Epoch 00183 | Time 0.0321s | L(tr) 1.3227 | A(tr) 0.4491 | L(val) 1.7471 | A(val) 0.2325 
[2026-04-17 16:39:21] [32mIntermediate result: 0.2292404029403757  (Index 183)[0m
Epoch 00184 | Time 0.0339s | L(tr) 1.3216 | A(tr) 0.4368 | L(val) 1.7553 | A(val) 0.2292 
[2026-04-17 16:39:21] [32mIntermediate result: 0.22733460386604956  (Index 184)[0m
Epoch 00185 | Time 0.0368s | L(tr) 1.3209 | A(tr) 0.4639 | L(val) 1.7536 | A(val) 0.2273 
[2026-04-17 16:39:21] [32mIntermediate result: 0.22461203375986932  (Index 185)[0m
Epoch 00186 | Time 0.0394s | L(tr) 1.3111 | A(tr) 0.4581 | L(val) 1.7576 | A(val) 0.2246 
[2026-04-17 16:39:21] [32mIntermediate result: 0.22869588891913967  (Index 186)[0m
Epoch 00187 | Time 0.0383s | L(tr) 1.3140 | A(tr) 0.4499 | L(val) 1.7636 | A(val) 0.2287 
[2026-04-17 16:39:21] [32mIntermediate result: 0.22842363190852163  (Index 187)[0m
Epoch 00188 | Time 0.0379s | L(tr) 1.3072 | A(tr) 0.4458 | L(val) 1.7693 | A(val) 0.2284 
[2026-04-17 16:39:21] [32mIntermediate result: 0.22624557582357746  (Index 188)[0m
Epoch 00189 | Time 0.0366s | L(tr) 1.3099 | A(tr) 0.4499 | L(val) 1.7694 | A(val) 0.2262 
[2026-04-17 16:39:21] [32mIntermediate result: 0.22406751973863326  (Index 189)[0m
Epoch 00190 | Time 0.0351s | L(tr) 1.3004 | A(tr) 0.4672 | L(val) 1.7727 | A(val) 0.2241 
[2026-04-17 16:39:21] [32mIntermediate result: 0.22515654778110536  (Index 190)[0m
Epoch 00191 | Time 0.0351s | L(tr) 1.2976 | A(tr) 0.4631 | L(val) 1.7787 | A(val) 0.2252 
[2026-04-17 16:39:21] [32mIntermediate result: 0.22570106180234142  (Index 191)[0m
Epoch 00192 | Time 0.0341s | L(tr) 1.2906 | A(tr) 0.4647 | L(val) 1.7832 | A(val) 0.2257 
[2026-04-17 16:39:21] [32mIntermediate result: 0.22570106180234142  (Index 192)[0m
Epoch 00193 | Time 0.0350s | L(tr) 1.2888 | A(tr) 0.4598 | L(val) 1.7848 | A(val) 0.2257 
[2026-04-17 16:39:21] [32mIntermediate result: 0.22488429077048733  (Index 193)[0m
Epoch 00194 | Time 0.0326s | L(tr) 1.2899 | A(tr) 0.4655 | L(val) 1.7885 | A(val) 0.2249 
[2026-04-17 16:39:21] [32mIntermediate result: 0.22352300571739722  (Index 194)[0m
Epoch 00195 | Time 0.0336s | L(tr) 1.2865 | A(tr) 0.4516 | L(val) 1.7944 | A(val) 0.2235 
[2026-04-17 16:39:21] [32mIntermediate result: 0.2289681459297577  (Index 195)[0m
Epoch 00196 | Time 0.0371s | L(tr) 1.2834 | A(tr) 0.4729 | L(val) 1.7963 | A(val) 0.2290 
[2026-04-17 16:39:21] [32mIntermediate result: 0.22570106180234142  (Index 196)[0m
Epoch 00197 | Time 0.0392s | L(tr) 1.2835 | A(tr) 0.4754 | L(val) 1.8004 | A(val) 0.2257 
[2026-04-17 16:39:21] [32mIntermediate result: 0.2267900898448135  (Index 197)[0m
Epoch 00198 | Time 0.0397s | L(tr) 1.2798 | A(tr) 0.4828 | L(val) 1.8042 | A(val) 0.2268 
[2026-04-17 16:39:21] [32mIntermediate result: 0.22515654778110536  (Index 198)[0m
Epoch 00199 | Time 0.0359s | L(tr) 1.2686 | A(tr) 0.4688 | L(val) 1.8086 | A(val) 0.2252 
[2026-04-17 16:39:21] [32mIntermediate result: 0.22216172066430712  (Index 199)[0m
Epoch 00200 | Time 0.0348s | L(tr) 1.2722 | A(tr) 0.4762 | L(val) 1.8095 | A(val) 0.2222 
Traceback (most recent call last):
  File "C:\Users\fbrev\Documents\Acadêmico\Simulações\Python\NoisyGL\single_exp.py", line 226, in <module>
    train_thread.join()
  File "C:\Users\fbrev\anaconda3\envs\noisygl\Lib\threading.py", line 1119, in join
    self._wait_for_tstate_lock()
  File "C:\Users\fbrev\anaconda3\envs\noisygl\Lib\threading.py", line 1139, in _wait_for_tstate_lock
    if lock.acquire(block, timeout):
       ^^^^^^^^^^^^^^^^^^^^^^^^^^^^
KeyboardInterrupt
