Process SpawnProcess-1:
Traceback (most recent call last):
  File "C:\Users\fbrev\anaconda3\envs\noisygl\Lib\multiprocessing\process.py", line 314, in _bootstrap
    self.run()
  File "C:\Users\fbrev\anaconda3\envs\noisygl\Lib\multiprocessing\process.py", line 108, in run
    self._target(*self._args, **self._kwargs)
  File "C:\Users\fbrev\Documents\Acadêmico\Simulações\Python\NoisyGL\predictor\LNPCC_Predictor.py", line 574, in _lnpcc_worker_func
    worker_thread.join()
  File "C:\Users\fbrev\anaconda3\envs\noisygl\Lib\threading.py", line 1119, in join
    self._wait_for_tstate_lock()
  File "C:\Users\fbrev\anaconda3\envs\noisygl\Lib\threading.py", line 1139, in _wait_for_tstate_lock
    if lock.acquire(block, timeout):
       ^^^^^^^^^^^^^^^^^^^^^^^^^^^^
KeyboardInterrupt
Namespace(dataset='cora', method='lnpcc', noise_type='random', noise_rate=0.1, device='cuda:0', seed=3000, params_json='{"knn_mode": "d", "dexp": 7.395819324105462, "p_grd": 0.4211067492240028, "unc_rem": 0.16098041755946596, "unc_rel": 0.537103121359717, "dropout": 0.522701626205314, "n_hidden": 128, "n_layer": 3, "lr": 0.1, "weight_decay": 0.05, "k": 14}', priority='normal')
----Data statistics------'
                Name: cora
                #Nodes 2708
                #Edges 5278
                #Classes 7
                #Ave_degree 3.90
----Split statistics------'
                #Train samples 140 (default)
                #Val samples 500 (default)
                #Test samples 1000 (default)
Current device: cpu
[Params] Overriding from --params_json: {'knn_mode': 'd', 'dexp': 7.395819324105462, 'p_grd': 0.4211067492240028, 'unc_rem': 0.16098041755946596, 'unc_rel': 0.537103121359717, 'dropout': 0.522701626205314, 'n_hidden': 128, 'n_layer': 3, 'lr': 0.1, 'weight_decay': 0.05, 'k': 14}
----label noise information:------
Random noise
#Actual noise rate 0.10 
[2026-04-20 22:48:38] [32mIntermediate result: 0.162  (Index 0)[0m
Epoch 00001 | Time 0.3112s | L(tr) 1.9455 | A(tr) 0.1571 | L(val) 1.9581 | A(val) 0.1620 *
[2026-04-20 22:48:38] [32mIntermediate result: 0.184  (Index 1)[0m
Epoch 00002 | Time 0.0111s | L(tr) 1.9497 | A(tr) 0.1571 | L(val) 1.9568 | A(val) 0.1840 *
[2026-04-20 22:48:38] [32mIntermediate result: 0.196  (Index 2)[0m
Epoch 00003 | Time 0.0129s | L(tr) 1.9286 | A(tr) 0.2143 | L(val) 1.9086 | A(val) 0.1960 *
[2026-04-20 22:48:38] [32mIntermediate result: 0.272  (Index 3)[0m
Epoch 00004 | Time 0.0124s | L(tr) 1.8877 | A(tr) 0.2357 | L(val) 1.8958 | A(val) 0.2720 *
[2026-04-20 22:48:38] [32mIntermediate result: 0.246  (Index 4)[0m
Epoch 00005 | Time 0.0121s | L(tr) 1.8533 | A(tr) 0.2714 | L(val) 1.8277 | A(val) 0.2460 
[2026-04-20 22:48:38] [32mIntermediate result: 0.248  (Index 5)[0m
Epoch 00006 | Time 0.0125s | L(tr) 1.7095 | A(tr) 0.3500 | L(val) 1.8341 | A(val) 0.2480 
[2026-04-20 22:48:38] [32mIntermediate result: 0.168  (Index 6)[0m
Epoch 00007 | Time 0.0122s | L(tr) 1.5643 | A(tr) 0.4143 | L(val) 2.1922 | A(val) 0.1680 
[2026-04-20 22:48:38] [32mIntermediate result: 0.192  (Index 7)[0m
Epoch 00008 | Time 0.0128s | L(tr) 2.3159 | A(tr) 0.2357 | L(val) 1.9996 | A(val) 0.1920 
[2026-04-20 22:48:38] [32mIntermediate result: 0.214  (Index 8)[0m
Epoch 00009 | Time 0.0125s | L(tr) 1.8179 | A(tr) 0.3000 | L(val) 1.8965 | A(val) 0.2140 
[2026-04-20 22:48:38] [32mIntermediate result: 0.228  (Index 9)[0m
Epoch 00010 | Time 0.0109s | L(tr) 1.7951 | A(tr) 0.3143 | L(val) 1.8593 | A(val) 0.2280 
[2026-04-20 22:48:38] [32mIntermediate result: 0.24  (Index 10)[0m
Epoch 00011 | Time 0.0104s | L(tr) 1.7293 | A(tr) 0.3571 | L(val) 1.8512 | A(val) 0.2400 
[2026-04-20 22:48:38] [32mIntermediate result: 0.236  (Index 11)[0m
Epoch 00012 | Time 0.0110s | L(tr) 1.6247 | A(tr) 0.3786 | L(val) 1.7846 | A(val) 0.2360 
[2026-04-20 22:48:38] [32mIntermediate result: 0.338  (Index 12)[0m
Epoch 00013 | Time 0.0110s | L(tr) 1.5249 | A(tr) 0.4000 | L(val) 1.7562 | A(val) 0.3380 *
[2026-04-20 22:48:39] [32mIntermediate result: 0.286  (Index 13)[0m
Epoch 00014 | Time 0.0093s | L(tr) 1.5002 | A(tr) 0.4143 | L(val) 1.7526 | A(val) 0.2860 
[2026-04-20 22:48:39] [32mIntermediate result: 0.23  (Index 14)[0m
Epoch 00015 | Time 0.0120s | L(tr) 1.4925 | A(tr) 0.4357 | L(val) 1.7497 | A(val) 0.2300 
[2026-04-20 22:48:39] [32mIntermediate result: 0.302  (Index 15)[0m
Epoch 00016 | Time 0.0088s | L(tr) 1.7086 | A(tr) 0.3357 | L(val) 1.7739 | A(val) 0.3020 
[2026-04-20 22:48:39] [32mIntermediate result: 0.376  (Index 16)[0m
Epoch 00017 | Time 0.0091s | L(tr) 1.5803 | A(tr) 0.4071 | L(val) 1.6927 | A(val) 0.3760 *
[2026-04-20 22:48:39] [32mIntermediate result: 0.356  (Index 17)[0m
Epoch 00018 | Time 0.0086s | L(tr) 1.4440 | A(tr) 0.5214 | L(val) 1.6584 | A(val) 0.3560 
[2026-04-20 22:48:39] [32mIntermediate result: 0.382  (Index 18)[0m
Epoch 00019 | Time 0.0090s | L(tr) 1.4112 | A(tr) 0.5000 | L(val) 1.6326 | A(val) 0.3820 *
[2026-04-20 22:48:39] [32mIntermediate result: 0.374  (Index 19)[0m
Epoch 00020 | Time 0.0090s | L(tr) 1.4162 | A(tr) 0.5500 | L(val) 1.6870 | A(val) 0.3740 
[2026-04-20 22:48:39] [32mIntermediate result: 0.22  (Index 20)[0m
Epoch 00021 | Time 0.0083s | L(tr) 1.3506 | A(tr) 0.5571 | L(val) 1.6728 | A(val) 0.2200 
[2026-04-20 22:48:39] [32mIntermediate result: 0.26  (Index 21)[0m
Epoch 00022 | Time 0.0088s | L(tr) 1.5590 | A(tr) 0.3571 | L(val) 1.9892 | A(val) 0.2600 
[2026-04-20 22:48:39] [32mIntermediate result: 0.426  (Index 22)[0m
Epoch 00023 | Time 0.0089s | L(tr) 1.6268 | A(tr) 0.4429 | L(val) 1.6590 | A(val) 0.4260 *
[2026-04-20 22:48:39] [32mIntermediate result: 0.34  (Index 23)[0m
Epoch 00024 | Time 0.0080s | L(tr) 1.4347 | A(tr) 0.5214 | L(val) 1.6429 | A(val) 0.3400 
[2026-04-20 22:48:39] [32mIntermediate result: 0.404  (Index 24)[0m
Epoch 00025 | Time 0.0098s | L(tr) 1.4916 | A(tr) 0.4500 | L(val) 1.6288 | A(val) 0.4040 
[2026-04-20 22:48:39] [32mIntermediate result: 0.31  (Index 25)[0m
Epoch 00026 | Time 0.0093s | L(tr) 1.3851 | A(tr) 0.5571 | L(val) 1.6952 | A(val) 0.3100 
[2026-04-20 22:48:39] [32mIntermediate result: 0.264  (Index 26)[0m
Epoch 00027 | Time 0.0086s | L(tr) 1.4000 | A(tr) 0.4714 | L(val) 1.7636 | A(val) 0.2640 
[2026-04-20 22:48:39] [32mIntermediate result: 0.214  (Index 27)[0m
Epoch 00028 | Time 0.0091s | L(tr) 1.5576 | A(tr) 0.3929 | L(val) 1.8316 | A(val) 0.2140 
[2026-04-20 22:48:39] [32mIntermediate result: 0.328  (Index 28)[0m
Epoch 00029 | Time 0.0091s | L(tr) 1.6998 | A(tr) 0.3786 | L(val) 1.7424 | A(val) 0.3280 
[2026-04-20 22:48:39] [32mIntermediate result: 0.242  (Index 29)[0m
Epoch 00030 | Time 0.0092s | L(tr) 1.5212 | A(tr) 0.4357 | L(val) 1.7844 | A(val) 0.2420 
[2026-04-20 22:48:39] [32mIntermediate result: 0.32  (Index 30)[0m
Epoch 00031 | Time 0.0115s | L(tr) 1.5573 | A(tr) 0.4071 | L(val) 1.7478 | A(val) 0.3200 
[2026-04-20 22:48:39] [32mIntermediate result: 0.364  (Index 31)[0m
Epoch 00032 | Time 0.0128s | L(tr) 1.5613 | A(tr) 0.4429 | L(val) 1.7259 | A(val) 0.3640 
[2026-04-20 22:48:39] [32mIntermediate result: 0.364  (Index 32)[0m
Epoch 00033 | Time 0.0089s | L(tr) 1.5282 | A(tr) 0.5286 | L(val) 1.6978 | A(val) 0.3640 
[2026-04-20 22:48:39] [32mIntermediate result: 0.376  (Index 33)[0m
Epoch 00034 | Time 0.0096s | L(tr) 1.4574 | A(tr) 0.4857 | L(val) 1.6255 | A(val) 0.3760 
[2026-04-20 22:48:39] [32mIntermediate result: 0.352  (Index 34)[0m
Epoch 00035 | Time 0.0089s | L(tr) 1.3927 | A(tr) 0.5071 | L(val) 1.5981 | A(val) 0.3520 
[2026-04-20 22:48:39] [32mIntermediate result: 0.398  (Index 35)[0m
Epoch 00036 | Time 0.0096s | L(tr) 1.3644 | A(tr) 0.5071 | L(val) 1.5811 | A(val) 0.3980 
[2026-04-20 22:48:39] [32mIntermediate result: 0.404  (Index 36)[0m
Epoch 00037 | Time 0.0079s | L(tr) 1.3020 | A(tr) 0.5000 | L(val) 1.4835 | A(val) 0.4040 
[2026-04-20 22:48:39] [32mIntermediate result: 0.408  (Index 37)[0m
Epoch 00038 | Time 0.0111s | L(tr) 1.2773 | A(tr) 0.5214 | L(val) 1.4739 | A(val) 0.4080 
[2026-04-20 22:48:39] [32mIntermediate result: 0.364  (Index 38)[0m
Epoch 00039 | Time 0.0109s | L(tr) 1.1360 | A(tr) 0.5929 | L(val) 1.5064 | A(val) 0.3640 
[2026-04-20 22:48:39] [32mIntermediate result: 0.352  (Index 39)[0m
Epoch 00040 | Time 0.0118s | L(tr) 1.3164 | A(tr) 0.4643 | L(val) 1.6221 | A(val) 0.3520 
[2026-04-20 22:48:39] [32mIntermediate result: 0.432  (Index 40)[0m
Epoch 00041 | Time 0.0094s | L(tr) 1.3006 | A(tr) 0.5071 | L(val) 1.4917 | A(val) 0.4320 *
[2026-04-20 22:48:39] [32mIntermediate result: 0.414  (Index 41)[0m
Epoch 00042 | Time 0.0129s | L(tr) 1.2421 | A(tr) 0.5857 | L(val) 1.4699 | A(val) 0.4140 
[2026-04-20 22:48:39] [32mIntermediate result: 0.378  (Index 42)[0m
Epoch 00043 | Time 0.0084s | L(tr) 1.2151 | A(tr) 0.5929 | L(val) 1.5764 | A(val) 0.3780 
[2026-04-20 22:48:39] [32mIntermediate result: 0.416  (Index 43)[0m
Epoch 00044 | Time 0.0118s | L(tr) 1.1925 | A(tr) 0.5929 | L(val) 1.4513 | A(val) 0.4160 
[2026-04-20 22:48:39] [32mIntermediate result: 0.338  (Index 44)[0m
Epoch 00045 | Time 0.0086s | L(tr) 1.2273 | A(tr) 0.5857 | L(val) 1.5670 | A(val) 0.3380 
[2026-04-20 22:48:39] [32mIntermediate result: 0.238  (Index 45)[0m
Epoch 00046 | Time 0.0088s | L(tr) 1.2918 | A(tr) 0.5000 | L(val) 1.7057 | A(val) 0.2380 
[2026-04-20 22:48:39] [32mIntermediate result: 0.29  (Index 46)[0m
Epoch 00047 | Time 0.0090s | L(tr) 1.4406 | A(tr) 0.3571 | L(val) 1.5872 | A(val) 0.2900 
[2026-04-20 22:48:39] [32mIntermediate result: 0.318  (Index 47)[0m
Epoch 00048 | Time 0.0132s | L(tr) 1.5205 | A(tr) 0.3929 | L(val) 1.6633 | A(val) 0.3180 
[2026-04-20 22:48:39] [32mIntermediate result: 0.362  (Index 48)[0m
Epoch 00049 | Time 0.0095s | L(tr) 1.4110 | A(tr) 0.5000 | L(val) 1.6411 | A(val) 0.3620 
[2026-04-20 22:48:39] [32mIntermediate result: 0.418  (Index 49)[0m
Epoch 00050 | Time 0.0094s | L(tr) 1.3677 | A(tr) 0.5643 | L(val) 1.6280 | A(val) 0.4180 
[2026-04-20 22:48:39] [32mIntermediate result: 0.44  (Index 50)[0m
Epoch 00051 | Time 0.0094s | L(tr) 1.3425 | A(tr) 0.5786 | L(val) 1.5733 | A(val) 0.4400 *
[2026-04-20 22:48:39] [32mIntermediate result: 0.412  (Index 51)[0m
Epoch 00052 | Time 0.0098s | L(tr) 1.2841 | A(tr) 0.6214 | L(val) 1.5282 | A(val) 0.4120 
[2026-04-20 22:48:39] [32mIntermediate result: 0.386  (Index 52)[0m
Epoch 00053 | Time 0.0098s | L(tr) 1.2728 | A(tr) 0.5571 | L(val) 1.5699 | A(val) 0.3860 
[2026-04-20 22:48:39] [32mIntermediate result: 0.39  (Index 53)[0m
Epoch 00054 | Time 0.0111s | L(tr) 1.2274 | A(tr) 0.5571 | L(val) 1.5358 | A(val) 0.3900 
[2026-04-20 22:48:39] [32mIntermediate result: 0.442  (Index 54)[0m
Epoch 00055 | Time 0.0105s | L(tr) 1.3140 | A(tr) 0.5286 | L(val) 1.4549 | A(val) 0.4420 *
[2026-04-20 22:48:39] [32mIntermediate result: 0.378  (Index 55)[0m
Epoch 00056 | Time 0.0090s | L(tr) 1.2221 | A(tr) 0.5929 | L(val) 1.4915 | A(val) 0.3780 
[2026-04-20 22:48:39] [32mIntermediate result: 0.434  (Index 56)[0m
Epoch 00057 | Time 0.0110s | L(tr) 1.2597 | A(tr) 0.5000 | L(val) 1.4738 | A(val) 0.4340 
[2026-04-20 22:48:39] [32mIntermediate result: 0.462  (Index 57)[0m
Epoch 00058 | Time 0.0091s | L(tr) 1.2033 | A(tr) 0.6429 | L(val) 1.4787 | A(val) 0.4620 *
[2026-04-20 22:48:39] [32mIntermediate result: 0.39  (Index 58)[0m
Epoch 00059 | Time 0.0101s | L(tr) 1.1750 | A(tr) 0.6143 | L(val) 1.4641 | A(val) 0.3900 
[2026-04-20 22:48:39] [32mIntermediate result: 0.432  (Index 59)[0m
Epoch 00060 | Time 0.0083s | L(tr) 1.1491 | A(tr) 0.5857 | L(val) 1.4329 | A(val) 0.4320 
[2026-04-20 22:48:39] [32mIntermediate result: 0.432  (Index 60)[0m
Epoch 00061 | Time 0.0102s | L(tr) 1.1180 | A(tr) 0.6357 | L(val) 1.4593 | A(val) 0.4320 
[2026-04-20 22:48:39] [32mIntermediate result: 0.418  (Index 61)[0m
Epoch 00062 | Time 0.0083s | L(tr) 1.1579 | A(tr) 0.6071 | L(val) 1.4578 | A(val) 0.4180 
[2026-04-20 22:48:39] [32mIntermediate result: 0.418  (Index 62)[0m
Epoch 00063 | Time 0.0138s | L(tr) 1.0844 | A(tr) 0.6286 | L(val) 1.3698 | A(val) 0.4180 
[2026-04-20 22:48:39] [32mIntermediate result: 0.282  (Index 63)[0m
Epoch 00064 | Time 0.0105s | L(tr) 1.0775 | A(tr) 0.6357 | L(val) 1.8481 | A(val) 0.2820 
[2026-04-20 22:48:39] [32mIntermediate result: 0.396  (Index 64)[0m
Epoch 00065 | Time 0.0105s | L(tr) 1.4344 | A(tr) 0.4429 | L(val) 1.4802 | A(val) 0.3960 
[2026-04-20 22:48:39] [32mIntermediate result: 0.456  (Index 65)[0m
Epoch 00066 | Time 0.0090s | L(tr) 1.3163 | A(tr) 0.5000 | L(val) 1.5007 | A(val) 0.4560 
[2026-04-20 22:48:39] [32mIntermediate result: 0.386  (Index 66)[0m
Epoch 00067 | Time 0.0099s | L(tr) 1.3598 | A(tr) 0.5357 | L(val) 1.5187 | A(val) 0.3860 
[2026-04-20 22:48:39] [32mIntermediate result: 0.422  (Index 67)[0m
Epoch 00068 | Time 0.0092s | L(tr) 1.3071 | A(tr) 0.4929 | L(val) 1.5068 | A(val) 0.4220 
[2026-04-20 22:48:39] [32mIntermediate result: 0.452  (Index 68)[0m
Epoch 00069 | Time 0.0124s | L(tr) 1.3154 | A(tr) 0.5071 | L(val) 1.5257 | A(val) 0.4520 
[2026-04-20 22:48:39] [32mIntermediate result: 0.444  (Index 69)[0m
Epoch 00070 | Time 0.0093s | L(tr) 1.3185 | A(tr) 0.6357 | L(val) 1.5185 | A(val) 0.4440 
[2026-04-20 22:48:39] [32mIntermediate result: 0.422  (Index 70)[0m
Epoch 00071 | Time 0.0099s | L(tr) 1.2684 | A(tr) 0.5786 | L(val) 1.4658 | A(val) 0.4220 
[2026-04-20 22:48:39] [32mIntermediate result: 0.404  (Index 71)[0m
Epoch 00072 | Time 0.0090s | L(tr) 1.1962 | A(tr) 0.5714 | L(val) 1.4575 | A(val) 0.4040 
[2026-04-20 22:48:39] [32mIntermediate result: 0.432  (Index 72)[0m
Epoch 00073 | Time 0.0079s | L(tr) 1.1706 | A(tr) 0.5643 | L(val) 1.4339 | A(val) 0.4320 
[2026-04-20 22:48:39] [32mIntermediate result: 0.5  (Index 73)[0m
Epoch 00074 | Time 0.0094s | L(tr) 1.1310 | A(tr) 0.6000 | L(val) 1.3938 | A(val) 0.5000 *
[2026-04-20 22:48:39] [32mIntermediate result: 0.6  (Index 74)[0m
Epoch 00075 | Time 0.0087s | L(tr) 1.1143 | A(tr) 0.6429 | L(val) 1.4034 | A(val) 0.6000 *
[2026-04-20 22:48:39] [32mIntermediate result: 0.388  (Index 75)[0m
Epoch 00076 | Time 0.0096s | L(tr) 1.1041 | A(tr) 0.6786 | L(val) 1.5332 | A(val) 0.3880 
[2026-04-20 22:48:39] [32mIntermediate result: 0.426  (Index 76)[0m
Epoch 00077 | Time 0.0083s | L(tr) 1.2295 | A(tr) 0.5643 | L(val) 1.4625 | A(val) 0.4260 
[2026-04-20 22:48:39] [32mIntermediate result: 0.436  (Index 77)[0m
Epoch 00078 | Time 0.0119s | L(tr) 1.1558 | A(tr) 0.6286 | L(val) 1.5154 | A(val) 0.4360 
[2026-04-20 22:48:39] [32mIntermediate result: 0.41  (Index 78)[0m
Epoch 00079 | Time 0.0090s | L(tr) 1.2763 | A(tr) 0.5214 | L(val) 1.4950 | A(val) 0.4100 
[2026-04-20 22:48:39] [32mIntermediate result: 0.334  (Index 79)[0m
Epoch 00080 | Time 0.0072s | L(tr) 1.2080 | A(tr) 0.5857 | L(val) 1.4758 | A(val) 0.3340 
[2026-04-20 22:48:39] [32mIntermediate result: 0.222  (Index 80)[0m
Epoch 00081 | Time 0.0137s | L(tr) 1.3170 | A(tr) 0.4571 | L(val) 2.1715 | A(val) 0.2220 
[2026-04-20 22:48:39] [32mIntermediate result: 0.502  (Index 81)[0m
Epoch 00082 | Time 0.0087s | L(tr) 1.8034 | A(tr) 0.3214 | L(val) 1.5243 | A(val) 0.5020 
[2026-04-20 22:48:39] [32mIntermediate result: 0.378  (Index 82)[0m
Epoch 00083 | Time 0.0087s | L(tr) 1.4937 | A(tr) 0.4643 | L(val) 1.5563 | A(val) 0.3780 
[2026-04-20 22:48:39] [32mIntermediate result: 0.34  (Index 83)[0m
Epoch 00084 | Time 0.0091s | L(tr) 1.5255 | A(tr) 0.3857 | L(val) 1.6255 | A(val) 0.3400 
[2026-04-20 22:48:39] [32mIntermediate result: 0.348  (Index 84)[0m
Epoch 00085 | Time 0.0083s | L(tr) 1.4670 | A(tr) 0.4357 | L(val) 1.5897 | A(val) 0.3480 
[2026-04-20 22:48:39] [32mIntermediate result: 0.38  (Index 85)[0m
Epoch 00086 | Time 0.0100s | L(tr) 1.3804 | A(tr) 0.5286 | L(val) 1.5266 | A(val) 0.3800 
[2026-04-20 22:48:39] [32mIntermediate result: 0.42  (Index 86)[0m
Epoch 00087 | Time 0.0135s | L(tr) 1.3063 | A(tr) 0.5286 | L(val) 1.4893 | A(val) 0.4200 
[2026-04-20 22:48:39] [32mIntermediate result: 0.372  (Index 87)[0m
Epoch 00088 | Time 0.0126s | L(tr) 1.2625 | A(tr) 0.5500 | L(val) 1.5191 | A(val) 0.3720 
[2026-04-20 22:48:39] [32mIntermediate result: 0.392  (Index 88)[0m
Epoch 00089 | Time 0.0083s | L(tr) 1.2392 | A(tr) 0.4857 | L(val) 1.5203 | A(val) 0.3920 
[2026-04-20 22:48:39] [32mIntermediate result: 0.34  (Index 89)[0m
Epoch 00090 | Time 0.0077s | L(tr) 1.4755 | A(tr) 0.4214 | L(val) 1.5660 | A(val) 0.3400 
[2026-04-20 22:48:39] [32mIntermediate result: 0.382  (Index 90)[0m
Epoch 00091 | Time 0.0092s | L(tr) 1.4071 | A(tr) 0.4500 | L(val) 1.5162 | A(val) 0.3820 
[2026-04-20 22:48:39] [32mIntermediate result: 0.42  (Index 91)[0m
Epoch 00092 | Time 0.0080s | L(tr) 1.3087 | A(tr) 0.5571 | L(val) 1.5182 | A(val) 0.4200 
[2026-04-20 22:48:39] [32mIntermediate result: 0.382  (Index 92)[0m
Epoch 00093 | Time 0.0088s | L(tr) 1.3319 | A(tr) 0.4643 | L(val) 1.5089 | A(val) 0.3820 
[2026-04-20 22:48:39] [32mIntermediate result: 0.392  (Index 93)[0m
Epoch 00094 | Time 0.0083s | L(tr) 1.2832 | A(tr) 0.4786 | L(val) 1.5328 | A(val) 0.3920 
[2026-04-20 22:48:39] [32mIntermediate result: 0.368  (Index 94)[0m
Epoch 00095 | Time 0.0077s | L(tr) 1.2789 | A(tr) 0.5500 | L(val) 1.5107 | A(val) 0.3680 
[2026-04-20 22:48:39] [32mIntermediate result: 0.388  (Index 95)[0m
Epoch 00096 | Time 0.0079s | L(tr) 1.3250 | A(tr) 0.5500 | L(val) 1.5822 | A(val) 0.3880 
[2026-04-20 22:48:39] [32mIntermediate result: 0.386  (Index 96)[0m
Epoch 00097 | Time 0.0095s | L(tr) 1.2831 | A(tr) 0.5429 | L(val) 1.5381 | A(val) 0.3860 
[2026-04-20 22:48:39] [32mIntermediate result: 0.364  (Index 97)[0m
Epoch 00098 | Time 0.0077s | L(tr) 1.3840 | A(tr) 0.5143 | L(val) 1.4971 | A(val) 0.3640 
[2026-04-20 22:48:39] [32mIntermediate result: 0.392  (Index 98)[0m
Epoch 00099 | Time 0.0118s | L(tr) 1.2598 | A(tr) 0.5429 | L(val) 1.5526 | A(val) 0.3920 
[2026-04-20 22:48:39] [32mIntermediate result: 0.354  (Index 99)[0m
Epoch 00100 | Time 0.0090s | L(tr) 1.2023 | A(tr) 0.5714 | L(val) 1.5736 | A(val) 0.3540 
[2026-04-20 22:48:39] [32mIntermediate result: 0.414  (Index 100)[0m
Epoch 00101 | Time 0.0082s | L(tr) 1.2670 | A(tr) 0.5357 | L(val) 1.4955 | A(val) 0.4140 
[2026-04-20 22:48:39] [32mIntermediate result: 0.43  (Index 101)[0m
Epoch 00102 | Time 0.0092s | L(tr) 1.2815 | A(tr) 0.5714 | L(val) 1.4756 | A(val) 0.4300 
[2026-04-20 22:48:39] [32mIntermediate result: 0.39  (Index 102)[0m
Epoch 00103 | Time 0.0107s | L(tr) 1.1631 | A(tr) 0.6214 | L(val) 1.5220 | A(val) 0.3900 
[2026-04-20 22:48:39] [32mIntermediate result: 0.422  (Index 103)[0m
Epoch 00104 | Time 0.0151s | L(tr) 1.2099 | A(tr) 0.5929 | L(val) 1.4415 | A(val) 0.4220 
[2026-04-20 22:48:39] [32mIntermediate result: 0.448  (Index 104)[0m
Epoch 00105 | Time 0.0139s | L(tr) 1.1655 | A(tr) 0.6000 | L(val) 1.4131 | A(val) 0.4480 
[2026-04-20 22:48:39] [32mIntermediate result: 0.41  (Index 105)[0m
Epoch 00106 | Time 0.0125s | L(tr) 1.1097 | A(tr) 0.6500 | L(val) 1.4625 | A(val) 0.4100 
[2026-04-20 22:48:39] [32mIntermediate result: 0.434  (Index 106)[0m
Epoch 00107 | Time 0.0083s | L(tr) 1.0915 | A(tr) 0.6214 | L(val) 1.3859 | A(val) 0.4340 
[2026-04-20 22:48:39] [32mIntermediate result: 0.424  (Index 107)[0m
Epoch 00108 | Time 0.0096s | L(tr) 1.0955 | A(tr) 0.6214 | L(val) 1.4777 | A(val) 0.4240 
[2026-04-20 22:48:39] [32mIntermediate result: 0.37  (Index 108)[0m
Epoch 00109 | Time 0.0095s | L(tr) 1.0887 | A(tr) 0.6286 | L(val) 1.5620 | A(val) 0.3700 
[2026-04-20 22:48:39] [32mIntermediate result: 0.22  (Index 109)[0m
Epoch 00110 | Time 0.0121s | L(tr) 1.3864 | A(tr) 0.5143 | L(val) 1.9449 | A(val) 0.2200 
[2026-04-20 22:48:39] [32mIntermediate result: 0.248  (Index 110)[0m
Epoch 00111 | Time 0.0082s | L(tr) 1.6414 | A(tr) 0.3571 | L(val) 1.7182 | A(val) 0.2480 
[2026-04-20 22:48:39] [32mIntermediate result: 0.166  (Index 111)[0m
Epoch 00112 | Time 0.0141s | L(tr) 1.5730 | A(tr) 0.3929 | L(val) 1.9155 | A(val) 0.1660 
[2026-04-20 22:48:39] [32mIntermediate result: 0.232  (Index 112)[0m
Epoch 00113 | Time 0.0134s | L(tr) 1.7322 | A(tr) 0.2429 | L(val) 1.7313 | A(val) 0.2320 
[2026-04-20 22:48:39] [32mIntermediate result: 0.234  (Index 113)[0m
Epoch 00114 | Time 0.0073s | L(tr) 1.6614 | A(tr) 0.3714 | L(val) 1.7323 | A(val) 0.2340 
[2026-04-20 22:48:40] [32mIntermediate result: 0.23  (Index 114)[0m
Epoch 00115 | Time 0.0082s | L(tr) 1.6976 | A(tr) 0.3143 | L(val) 1.7159 | A(val) 0.2300 
[2026-04-20 22:48:40] [32mIntermediate result: 0.242  (Index 115)[0m
Epoch 00116 | Time 0.0067s | L(tr) 1.7292 | A(tr) 0.3000 | L(val) 1.7149 | A(val) 0.2420 
[2026-04-20 22:48:40] [32mIntermediate result: 0.37  (Index 116)[0m
Epoch 00117 | Time 0.0078s | L(tr) 1.6503 | A(tr) 0.3571 | L(val) 1.7368 | A(val) 0.3700 
[2026-04-20 22:48:40] [32mIntermediate result: 0.346  (Index 117)[0m
Epoch 00118 | Time 0.0078s | L(tr) 1.6299 | A(tr) 0.4500 | L(val) 1.6927 | A(val) 0.3460 
[2026-04-20 22:48:40] [32mIntermediate result: 0.32  (Index 118)[0m
Epoch 00119 | Time 0.0105s | L(tr) 1.5839 | A(tr) 0.4643 | L(val) 1.8351 | A(val) 0.3200 
[2026-04-20 22:48:40] [32mIntermediate result: 0.304  (Index 119)[0m
Epoch 00120 | Time 0.0083s | L(tr) 1.5330 | A(tr) 0.4571 | L(val) 1.7276 | A(val) 0.3040 
[2026-04-20 22:48:40] [32mIntermediate result: 0.242  (Index 120)[0m
Epoch 00121 | Time 0.0115s | L(tr) 1.6376 | A(tr) 0.4143 | L(val) 1.7066 | A(val) 0.2420 
[2026-04-20 22:48:40] [32mIntermediate result: 0.356  (Index 121)[0m
Epoch 00122 | Time 0.0080s | L(tr) 1.4897 | A(tr) 0.4071 | L(val) 1.7338 | A(val) 0.3560 
[2026-04-20 22:48:40] [32mIntermediate result: 0.402  (Index 122)[0m
Epoch 00123 | Time 0.0094s | L(tr) 1.4602 | A(tr) 0.5000 | L(val) 1.6580 | A(val) 0.4020 
[2026-04-20 22:48:40] [32mIntermediate result: 0.338  (Index 123)[0m
Epoch 00124 | Time 0.0080s | L(tr) 1.4330 | A(tr) 0.5000 | L(val) 1.6189 | A(val) 0.3380 
[2026-04-20 22:48:40] [32mIntermediate result: 0.256  (Index 124)[0m
Epoch 00125 | Time 0.0117s | L(tr) 1.3906 | A(tr) 0.4643 | L(val) 1.7021 | A(val) 0.2560 
[2026-04-20 22:48:40] [32mIntermediate result: 0.388  (Index 125)[0m
Epoch 00126 | Time 0.0188s | L(tr) 1.4277 | A(tr) 0.4000 | L(val) 1.5691 | A(val) 0.3880 
[2026-04-20 22:48:40] [32mIntermediate result: 0.366  (Index 126)[0m
Epoch 00127 | Time 0.0120s | L(tr) 1.3200 | A(tr) 0.5286 | L(val) 1.5619 | A(val) 0.3660 
[2026-04-20 22:48:40] [32mIntermediate result: 0.37  (Index 127)[0m
Epoch 00128 | Time 0.0087s | L(tr) 1.2876 | A(tr) 0.5286 | L(val) 1.6305 | A(val) 0.3700 
[2026-04-20 22:48:40] [32mIntermediate result: 0.33  (Index 128)[0m
Epoch 00129 | Time 0.0073s | L(tr) 1.3664 | A(tr) 0.5357 | L(val) 1.6634 | A(val) 0.3300 
[2026-04-20 22:48:40] [32mIntermediate result: 0.368  (Index 129)[0m
Epoch 00130 | Time 0.0077s | L(tr) 1.4692 | A(tr) 0.4286 | L(val) 1.5381 | A(val) 0.3680 
[2026-04-20 22:48:40] [32mIntermediate result: 0.334  (Index 130)[0m
Epoch 00131 | Time 0.0076s | L(tr) 1.3871 | A(tr) 0.5143 | L(val) 1.6213 | A(val) 0.3340 
[2026-04-20 22:48:40] [32mIntermediate result: 0.348  (Index 131)[0m
Epoch 00132 | Time 0.0088s | L(tr) 1.4127 | A(tr) 0.4357 | L(val) 1.5565 | A(val) 0.3480 
[2026-04-20 22:48:40] [32mIntermediate result: 0.376  (Index 132)[0m
Epoch 00133 | Time 0.0109s | L(tr) 1.4705 | A(tr) 0.4429 | L(val) 1.5447 | A(val) 0.3760 
[2026-04-20 22:48:40] [32mIntermediate result: 0.37  (Index 133)[0m
Epoch 00134 | Time 0.0143s | L(tr) 1.3484 | A(tr) 0.5286 | L(val) 1.6344 | A(val) 0.3700 
[2026-04-20 22:48:40] [32mIntermediate result: 0.398  (Index 134)[0m
Epoch 00135 | Time 0.0121s | L(tr) 1.3910 | A(tr) 0.5500 | L(val) 1.5591 | A(val) 0.3980 
[2026-04-20 22:48:40] [32mIntermediate result: 0.4  (Index 135)[0m
Epoch 00136 | Time 0.0078s | L(tr) 1.2955 | A(tr) 0.5786 | L(val) 1.5089 | A(val) 0.4000 
[2026-04-20 22:48:40] [32mIntermediate result: 0.404  (Index 136)[0m
Epoch 00137 | Time 0.0103s | L(tr) 1.2539 | A(tr) 0.5429 | L(val) 1.4978 | A(val) 0.4040 
[2026-04-20 22:48:40] [32mIntermediate result: 0.398  (Index 137)[0m
Epoch 00138 | Time 0.0074s | L(tr) 1.2037 | A(tr) 0.5571 | L(val) 1.4562 | A(val) 0.3980 
[2026-04-20 22:48:40] [32mIntermediate result: 0.462  (Index 138)[0m
Epoch 00139 | Time 0.0068s | L(tr) 1.2352 | A(tr) 0.5643 | L(val) 1.4556 | A(val) 0.4620 
[2026-04-20 22:48:40] [32mIntermediate result: 0.4  (Index 139)[0m
Epoch 00140 | Time 0.0072s | L(tr) 1.2148 | A(tr) 0.5714 | L(val) 1.4530 | A(val) 0.4000 
[2026-04-20 22:48:40] [32mIntermediate result: 0.368  (Index 140)[0m
Epoch 00141 | Time 0.0069s | L(tr) 1.2045 | A(tr) 0.6071 | L(val) 1.5759 | A(val) 0.3680 
[2026-04-20 22:48:40] [32mIntermediate result: 0.34  (Index 141)[0m
Epoch 00142 | Time 0.0097s | L(tr) 1.2110 | A(tr) 0.5143 | L(val) 1.6277 | A(val) 0.3400 
[2026-04-20 22:48:40] [32mIntermediate result: 0.224  (Index 142)[0m
Epoch 00143 | Time 0.0083s | L(tr) 1.6428 | A(tr) 0.3714 | L(val) 1.9887 | A(val) 0.2240 
[2026-04-20 22:48:40] [32mIntermediate result: 0.118  (Index 143)[0m
Epoch 00144 | Time 0.0085s | L(tr) 1.8379 | A(tr) 0.2857 | L(val) 2.1839 | A(val) 0.1180 
[2026-04-20 22:48:40] [32mIntermediate result: 0.168  (Index 144)[0m
Epoch 00145 | Time 0.0077s | L(tr) 2.1345 | A(tr) 0.1786 | L(val) 1.8901 | A(val) 0.1680 
[2026-04-20 22:48:40] [32mIntermediate result: 0.248  (Index 145)[0m
Epoch 00146 | Time 0.0105s | L(tr) 1.8891 | A(tr) 0.2143 | L(val) 1.8501 | A(val) 0.2480 
[2026-04-20 22:48:40] [32mIntermediate result: 0.162  (Index 146)[0m
Epoch 00147 | Time 0.0098s | L(tr) 1.7937 | A(tr) 0.3000 | L(val) 1.8981 | A(val) 0.1620 
[2026-04-20 22:48:40] [32mIntermediate result: 0.214  (Index 147)[0m
Epoch 00148 | Time 0.0083s | L(tr) 1.7776 | A(tr) 0.2286 | L(val) 1.8035 | A(val) 0.2140 
[2026-04-20 22:48:40] [32mIntermediate result: 0.202  (Index 148)[0m
Epoch 00149 | Time 0.0079s | L(tr) 1.7209 | A(tr) 0.2857 | L(val) 1.8137 | A(val) 0.2020 
[2026-04-20 22:48:40] [32mIntermediate result: 0.268  (Index 149)[0m
Epoch 00150 | Time 0.0073s | L(tr) 1.7509 | A(tr) 0.3214 | L(val) 1.8206 | A(val) 0.2680 
[2026-04-20 22:48:40] [32mIntermediate result: 0.234  (Index 150)[0m
Epoch 00151 | Time 0.0074s | L(tr) 1.7242 | A(tr) 0.3500 | L(val) 1.8340 | A(val) 0.2340 
[2026-04-20 22:48:40] [32mIntermediate result: 0.26  (Index 151)[0m
Epoch 00152 | Time 0.0082s | L(tr) 1.7052 | A(tr) 0.3571 | L(val) 1.8150 | A(val) 0.2600 
[2026-04-20 22:48:40] [32mIntermediate result: 0.278  (Index 152)[0m
Epoch 00153 | Time 0.0073s | L(tr) 1.6416 | A(tr) 0.3786 | L(val) 1.7869 | A(val) 0.2780 
[2026-04-20 22:48:40] [32mIntermediate result: 0.282  (Index 153)[0m
Epoch 00154 | Time 0.0078s | L(tr) 1.6539 | A(tr) 0.4286 | L(val) 1.8076 | A(val) 0.2820 
[2026-04-20 22:48:40] [32mIntermediate result: 0.266  (Index 154)[0m
Epoch 00155 | Time 0.0102s | L(tr) 1.6034 | A(tr) 0.4143 | L(val) 1.7374 | A(val) 0.2660 
[2026-04-20 22:48:40] [32mIntermediate result: 0.224  (Index 155)[0m
Epoch 00156 | Time 0.0073s | L(tr) 1.5808 | A(tr) 0.4214 | L(val) 1.7935 | A(val) 0.2240 
[2026-04-20 22:48:40] [32mIntermediate result: 0.24  (Index 156)[0m
Epoch 00157 | Time 0.0099s | L(tr) 1.5148 | A(tr) 0.3714 | L(val) 1.7295 | A(val) 0.2400 
[2026-04-20 22:48:40] [32mIntermediate result: 0.286  (Index 157)[0m
Epoch 00158 | Time 0.0126s | L(tr) 1.5694 | A(tr) 0.3929 | L(val) 1.7187 | A(val) 0.2860 
[2026-04-20 22:48:40] [32mIntermediate result: 0.25  (Index 158)[0m
Epoch 00159 | Time 0.0105s | L(tr) 1.4971 | A(tr) 0.4357 | L(val) 1.7474 | A(val) 0.2500 
[2026-04-20 22:48:40] [32mIntermediate result: 0.328  (Index 159)[0m
Epoch 00160 | Time 0.0084s | L(tr) 1.5288 | A(tr) 0.4071 | L(val) 1.6876 | A(val) 0.3280 
[2026-04-20 22:48:40] [32mIntermediate result: 0.324  (Index 160)[0m
Epoch 00161 | Time 0.0090s | L(tr) 1.4643 | A(tr) 0.4643 | L(val) 1.6349 | A(val) 0.3240 
[2026-04-20 22:48:40] [32mIntermediate result: 0.318  (Index 161)[0m
Epoch 00162 | Time 0.0077s | L(tr) 1.4104 | A(tr) 0.4929 | L(val) 1.6538 | A(val) 0.3180 
[2026-04-20 22:48:40] [32mIntermediate result: 0.272  (Index 162)[0m
Epoch 00163 | Time 0.0078s | L(tr) 1.4121 | A(tr) 0.4714 | L(val) 1.7013 | A(val) 0.2720 
[2026-04-20 22:48:40] [32mIntermediate result: 0.126  (Index 163)[0m
Epoch 00164 | Time 0.0075s | L(tr) 1.5546 | A(tr) 0.4214 | L(val) 2.2699 | A(val) 0.1260 
[2026-04-20 22:48:40] [32mIntermediate result: 0.202  (Index 164)[0m
Epoch 00165 | Time 0.0103s | L(tr) 1.8847 | A(tr) 0.2571 | L(val) 1.8572 | A(val) 0.2020 
[2026-04-20 22:48:40] [32mIntermediate result: 0.184  (Index 165)[0m
Epoch 00166 | Time 0.0111s | L(tr) 1.7797 | A(tr) 0.3000 | L(val) 1.8160 | A(val) 0.1840 
[2026-04-20 22:48:40] [32mIntermediate result: 0.21  (Index 166)[0m
Epoch 00167 | Time 0.0100s | L(tr) 1.9119 | A(tr) 0.2286 | L(val) 1.7893 | A(val) 0.2100 
[2026-04-20 22:48:40] [32mIntermediate result: 0.286  (Index 167)[0m
Epoch 00168 | Time 0.0081s | L(tr) 1.8318 | A(tr) 0.2643 | L(val) 1.8087 | A(val) 0.2860 
[2026-04-20 22:48:40] [32mIntermediate result: 0.298  (Index 168)[0m
Epoch 00169 | Time 0.0087s | L(tr) 1.8016 | A(tr) 0.3357 | L(val) 1.8491 | A(val) 0.2980 
[2026-04-20 22:48:40] [32mIntermediate result: 0.306  (Index 169)[0m
Epoch 00170 | Time 0.0140s | L(tr) 1.8283 | A(tr) 0.3286 | L(val) 1.8515 | A(val) 0.3060 
[2026-04-20 22:48:40] [32mIntermediate result: 0.308  (Index 170)[0m
Epoch 00171 | Time 0.0141s | L(tr) 1.8039 | A(tr) 0.3571 | L(val) 1.8361 | A(val) 0.3080 
[2026-04-20 22:48:40] [32mIntermediate result: 0.302  (Index 171)[0m
Epoch 00172 | Time 0.0074s | L(tr) 1.7976 | A(tr) 0.3571 | L(val) 1.8327 | A(val) 0.3020 
[2026-04-20 22:48:40] [32mIntermediate result: 0.284  (Index 172)[0m
Epoch 00173 | Time 0.0108s | L(tr) 1.7456 | A(tr) 0.3929 | L(val) 1.7884 | A(val) 0.2840 
[2026-04-20 22:48:40] [32mIntermediate result: 0.162  (Index 173)[0m
Epoch 00174 | Time 0.0157s | L(tr) 1.6544 | A(tr) 0.4071 | L(val) 1.9351 | A(val) 0.1620 
[2026-04-20 22:48:40] [32mIntermediate result: 0.168  (Index 174)[0m
Epoch 00175 | Time 0.0139s | L(tr) 1.7175 | A(tr) 0.2500 | L(val) 1.8634 | A(val) 0.1680 
[2026-04-20 22:48:40] [32mIntermediate result: 0.248  (Index 175)[0m
Epoch 00176 | Time 0.0086s | L(tr) 1.9875 | A(tr) 0.1786 | L(val) 1.8343 | A(val) 0.2480 
[2026-04-20 22:48:40] [32mIntermediate result: 0.246  (Index 176)[0m
Epoch 00177 | Time 0.0088s | L(tr) 1.8500 | A(tr) 0.2786 | L(val) 1.8954 | A(val) 0.2460 
[2026-04-20 22:48:40] [32mIntermediate result: 0.188  (Index 177)[0m
Epoch 00178 | Time 0.0077s | L(tr) 1.8588 | A(tr) 0.2643 | L(val) 1.9245 | A(val) 0.1880 
[2026-04-20 22:48:40] [32mIntermediate result: 0.188  (Index 178)[0m
Epoch 00179 | Time 0.0073s | L(tr) 1.8899 | A(tr) 0.2000 | L(val) 1.9275 | A(val) 0.1880 
[2026-04-20 22:48:40] [32mIntermediate result: 0.256  (Index 179)[0m
Epoch 00180 | Time 0.0102s | L(tr) 1.8796 | A(tr) 0.2286 | L(val) 1.9121 | A(val) 0.2560 
[2026-04-20 22:48:40] [32mIntermediate result: 0.262  (Index 180)[0m
Epoch 00181 | Time 0.0068s | L(tr) 1.8688 | A(tr) 0.2714 | L(val) 1.8871 | A(val) 0.2620 
[2026-04-20 22:48:40] [32mIntermediate result: 0.25  (Index 181)[0m
Epoch 00182 | Time 0.0072s | L(tr) 1.8549 | A(tr) 0.3000 | L(val) 1.8595 | A(val) 0.2500 
[2026-04-20 22:48:40] [32mIntermediate result: 0.28  (Index 182)[0m
Epoch 00183 | Time 0.0076s | L(tr) 1.8369 | A(tr) 0.2714 | L(val) 1.8329 | A(val) 0.2800 
[2026-04-20 22:48:40] [32mIntermediate result: 0.284  (Index 183)[0m
Epoch 00184 | Time 0.0085s | L(tr) 1.7953 | A(tr) 0.2786 | L(val) 1.7976 | A(val) 0.2840 
[2026-04-20 22:48:40] [32mIntermediate result: 0.262  (Index 184)[0m
Epoch 00185 | Time 0.0067s | L(tr) 1.7674 | A(tr) 0.3071 | L(val) 1.7551 | A(val) 0.2620 
[2026-04-20 22:48:40] [32mIntermediate result: 0.252  (Index 185)[0m
Epoch 00186 | Time 0.0067s | L(tr) 1.7316 | A(tr) 0.3071 | L(val) 1.8961 | A(val) 0.2520 
[2026-04-20 22:48:40] [32mIntermediate result: 0.244  (Index 186)[0m
Epoch 00187 | Time 0.0113s | L(tr) 1.7973 | A(tr) 0.3000 | L(val) 1.7471 | A(val) 0.2440 
[2026-04-20 22:48:40] [32mIntermediate result: 0.28  (Index 187)[0m
Epoch 00188 | Time 0.0070s | L(tr) 1.6980 | A(tr) 0.2857 | L(val) 1.7443 | A(val) 0.2800 
[2026-04-20 22:48:40] [32mIntermediate result: 0.194  (Index 188)[0m
Epoch 00189 | Time 0.0075s | L(tr) 1.6512 | A(tr) 0.3857 | L(val) 1.7931 | A(val) 0.1940 
[2026-04-20 22:48:40] [32mIntermediate result: 0.214  (Index 189)[0m
Epoch 00190 | Time 0.0086s | L(tr) 1.6352 | A(tr) 0.3071 | L(val) 1.7226 | A(val) 0.2140 
[2026-04-20 22:48:40] [32mIntermediate result: 0.088  (Index 190)[0m
Epoch 00191 | Time 0.0073s | L(tr) 1.6302 | A(tr) 0.3429 | L(val) 2.1865 | A(val) 0.0880 
[2026-04-20 22:48:40] [32mIntermediate result: 0.168  (Index 191)[0m
Epoch 00192 | Time 0.0106s | L(tr) 1.8770 | A(tr) 0.1714 | L(val) 1.9155 | A(val) 0.1680 
[2026-04-20 22:48:40] [32mIntermediate result: 0.248  (Index 192)[0m
Epoch 00193 | Time 0.0074s | L(tr) 2.0082 | A(tr) 0.1714 | L(val) 1.8049 | A(val) 0.2480 
[2026-04-20 22:48:40] [32mIntermediate result: 0.256  (Index 193)[0m
Epoch 00194 | Time 0.0078s | L(tr) 1.7719 | A(tr) 0.3143 | L(val) 1.8715 | A(val) 0.2560 
[2026-04-20 22:48:40] [32mIntermediate result: 0.244  (Index 194)[0m
Epoch 00195 | Time 0.0069s | L(tr) 1.8228 | A(tr) 0.2357 | L(val) 1.8881 | A(val) 0.2440 
[2026-04-20 22:48:40] [32mIntermediate result: 0.258  (Index 195)[0m
Epoch 00196 | Time 0.0073s | L(tr) 1.8329 | A(tr) 0.2643 | L(val) 1.8874 | A(val) 0.2580 
[2026-04-20 22:48:40] [32mIntermediate result: 0.276  (Index 196)[0m
Epoch 00197 | Time 0.0085s | L(tr) 1.8292 | A(tr) 0.2714 | L(val) 1.8710 | A(val) 0.2760 
[2026-04-20 22:48:40] [32mIntermediate result: 0.28  (Index 197)[0m
Epoch 00198 | Time 0.0089s | L(tr) 1.8118 | A(tr) 0.2857 | L(val) 1.8444 | A(val) 0.2800 
[2026-04-20 22:48:40] [32mIntermediate result: 0.256  (Index 198)[0m
Epoch 00199 | Time 0.0106s | L(tr) 1.7826 | A(tr) 0.2857 | L(val) 1.8197 | A(val) 0.2560 
[2026-04-20 22:48:40] [32mIntermediate result: 0.288  (Index 199)[0m
Epoch 00200 | Time 0.0072s | L(tr) 1.7927 | A(tr) 0.2500 | L(val) 1.8009 | A(val) 0.2880 
Traceback (most recent call last):
  File "C:\Users\fbrev\Documents\Acadêmico\Simulações\Python\NoisyGL\single_exp.py", line 247, in <module>
    train_thread.join()
  File "C:\Users\fbrev\anaconda3\envs\noisygl\Lib\threading.py", line 1119, in join
    self._wait_for_tstate_lock()
  File "C:\Users\fbrev\anaconda3\envs\noisygl\Lib\threading.py", line 1139, in _wait_for_tstate_lock
    if lock.acquire(block, timeout):
       ^^^^^^^^^^^^^^^^^^^^^^^^^^^^
KeyboardInterrupt
