Process SpawnProcess-1:
Traceback (most recent call last):
  File "C:\Users\fbrev\anaconda3\envs\noisygl\Lib\multiprocessing\process.py", line 314, in _bootstrap
    self.run()
  File "C:\Users\fbrev\anaconda3\envs\noisygl\Lib\multiprocessing\process.py", line 108, in run
    self._target(*self._args, **self._kwargs)
  File "C:\Users\fbrev\Documents\Acadêmico\Simulações\Python\NoisyGL\predictor\LNPCC_Predictor.py", line 607, in _lnpcc_worker_func
    worker_thread.join()
  File "C:\Users\fbrev\anaconda3\envs\noisygl\Lib\threading.py", line 1119, in join
    self._wait_for_tstate_lock()
  File "C:\Users\fbrev\anaconda3\envs\noisygl\Lib\threading.py", line 1139, in _wait_for_tstate_lock
    if lock.acquire(block, timeout):
       ^^^^^^^^^^^^^^^^^^^^^^^^^^^^
KeyboardInterrupt
Namespace(dataset='roman-empire', method='lnpcc', noise_type='uniform', noise_rate=0.3, device='cuda:1', seed=3000, params_json='{"knn_mode": "d", "dexp": 0.8769464444981456, "p_grd": 0.19290702515768393, "unc_rem": 0.8495809906071238, "unc_rel": 0.0917739594464326, "dropout": 0.8878278360279385, "n_hidden": 128, "n_layer": 3, "lr": 1e-05, "weight_decay": 0.1, "k": 17}')
----Data statistics------'
                Name: roman-empire
                #Nodes 22662
                #Edges 32927
                #Classes 18
                #Ave_degree 2.91
----Split statistics------'
                #Train samples 1133 (5.0 % of nodes)
                #Val samples 3399 (15.0 % of nodes)
                #Test samples 18130 (remaining)
Current device: cpu
[Params] Overriding from --params_json: {'knn_mode': 'd', 'dexp': 0.8769464444981456, 'p_grd': 0.19290702515768393, 'unc_rem': 0.8495809906071238, 'unc_rel': 0.0917739594464326, 'dropout': 0.8878278360279385, 'n_hidden': 128, 'n_layer': 3, 'lr': 1e-05, 'weight_decay': 0.1, 'k': 17}
----label noise information:------
Uniform noise
#Actual noise rate 0.30 
[2026-04-17 16:41:17] [32mIntermediate result: 0.08443659899970579  (Index 0)[0m
Epoch 00001 | Time 0.5377s | L(tr) 2.8948 | A(tr) 0.0572 | L(val) 2.8850 | A(val) 0.0844 *
[2026-04-17 16:41:17] [32mIntermediate result: 0.08355398646660783  (Index 1)[0m
Epoch 00002 | Time 0.0218s | L(tr) 2.8939 | A(tr) 0.0592 | L(val) 2.8850 | A(val) 0.0836 
[2026-04-17 16:41:17] [32mIntermediate result: 0.08355398646660783  (Index 2)[0m
Epoch 00003 | Time 0.0208s | L(tr) 2.8900 | A(tr) 0.0592 | L(val) 2.8850 | A(val) 0.0836 
[2026-04-17 16:41:17] [32mIntermediate result: 0.0832597822889085  (Index 3)[0m
Epoch 00004 | Time 0.0202s | L(tr) 2.8920 | A(tr) 0.0713 | L(val) 2.8850 | A(val) 0.0833 
[2026-04-17 16:41:17] [32mIntermediate result: 0.0832597822889085  (Index 4)[0m
Epoch 00005 | Time 0.0211s | L(tr) 2.8857 | A(tr) 0.0612 | L(val) 2.8850 | A(val) 0.0833 
[2026-04-17 16:41:17] [32mIntermediate result: 0.0832597822889085  (Index 5)[0m
Epoch 00006 | Time 0.0207s | L(tr) 2.8926 | A(tr) 0.0602 | L(val) 2.8849 | A(val) 0.0833 
[2026-04-17 16:41:17] [32mIntermediate result: 0.0832597822889085  (Index 6)[0m
Epoch 00007 | Time 0.0217s | L(tr) 2.8878 | A(tr) 0.0552 | L(val) 2.8849 | A(val) 0.0833 
[2026-04-17 16:41:17] [32mIntermediate result: 0.08355398646660783  (Index 7)[0m
Epoch 00008 | Time 0.0209s | L(tr) 2.8836 | A(tr) 0.0743 | L(val) 2.8849 | A(val) 0.0836 
[2026-04-17 16:41:17] [32mIntermediate result: 0.08384819064430715  (Index 8)[0m
Epoch 00009 | Time 0.0212s | L(tr) 2.8916 | A(tr) 0.0582 | L(val) 2.8849 | A(val) 0.0838 
[2026-04-17 16:41:17] [32mIntermediate result: 0.08443659899970579  (Index 9)[0m
Epoch 00010 | Time 0.0212s | L(tr) 2.8834 | A(tr) 0.0813 | L(val) 2.8849 | A(val) 0.0844 
[2026-04-17 16:41:17] [32mIntermediate result: 0.08443659899970579  (Index 10)[0m
Epoch 00011 | Time 0.0198s | L(tr) 2.8886 | A(tr) 0.0622 | L(val) 2.8849 | A(val) 0.0844 
[2026-04-17 16:41:17] [32mIntermediate result: 0.08443659899970579  (Index 11)[0m
Epoch 00012 | Time 0.0222s | L(tr) 2.8920 | A(tr) 0.0602 | L(val) 2.8848 | A(val) 0.0844 
[2026-04-17 16:41:17] [32mIntermediate result: 0.08443659899970579  (Index 12)[0m
Epoch 00013 | Time 0.0202s | L(tr) 2.8888 | A(tr) 0.0773 | L(val) 2.8848 | A(val) 0.0844 
[2026-04-17 16:41:17] [32mIntermediate result: 0.08443659899970579  (Index 13)[0m
Epoch 00014 | Time 0.0202s | L(tr) 2.8926 | A(tr) 0.0572 | L(val) 2.8848 | A(val) 0.0844 
[2026-04-17 16:41:17] [32mIntermediate result: 0.08473080317740513  (Index 14)[0m
Epoch 00015 | Time 0.0210s | L(tr) 2.8873 | A(tr) 0.0572 | L(val) 2.8848 | A(val) 0.0847 *
[2026-04-17 16:41:17] [32mIntermediate result: 0.08473080317740513  (Index 15)[0m
Epoch 00016 | Time 0.0208s | L(tr) 2.8835 | A(tr) 0.0562 | L(val) 2.8848 | A(val) 0.0847 
[2026-04-17 16:41:17] [32mIntermediate result: 0.08473080317740513  (Index 16)[0m
Epoch 00017 | Time 0.0207s | L(tr) 2.8873 | A(tr) 0.0733 | L(val) 2.8848 | A(val) 0.0847 
[2026-04-17 16:41:17] [32mIntermediate result: 0.08502500735510445  (Index 17)[0m
Epoch 00018 | Time 0.0202s | L(tr) 2.8963 | A(tr) 0.0512 | L(val) 2.8847 | A(val) 0.0850 *
[2026-04-17 16:41:17] [32mIntermediate result: 0.08531921153280377  (Index 18)[0m
Epoch 00019 | Time 0.0202s | L(tr) 2.8851 | A(tr) 0.0592 | L(val) 2.8847 | A(val) 0.0853 *
[2026-04-17 16:41:17] [32mIntermediate result: 0.08531921153280377  (Index 19)[0m
Epoch 00020 | Time 0.0185s | L(tr) 2.8939 | A(tr) 0.0502 | L(val) 2.8847 | A(val) 0.0853 
[2026-04-17 16:41:17] [32mIntermediate result: 0.08531921153280377  (Index 20)[0m
Epoch 00021 | Time 0.0203s | L(tr) 2.8888 | A(tr) 0.0512 | L(val) 2.8847 | A(val) 0.0853 
[2026-04-17 16:41:17] [32mIntermediate result: 0.08531921153280377  (Index 21)[0m
Epoch 00022 | Time 0.0206s | L(tr) 2.8901 | A(tr) 0.0693 | L(val) 2.8847 | A(val) 0.0853 
[2026-04-17 16:41:17] [32mIntermediate result: 0.08590761988820242  (Index 22)[0m
Epoch 00023 | Time 0.0216s | L(tr) 2.8892 | A(tr) 0.0622 | L(val) 2.8846 | A(val) 0.0859 *
[2026-04-17 16:41:17] [32mIntermediate result: 0.08620182406590174  (Index 23)[0m
Epoch 00024 | Time 0.0206s | L(tr) 2.8878 | A(tr) 0.0592 | L(val) 2.8846 | A(val) 0.0862 *
[2026-04-17 16:41:17] [32mIntermediate result: 0.08620182406590174  (Index 24)[0m
Epoch 00025 | Time 0.0224s | L(tr) 2.8847 | A(tr) 0.0733 | L(val) 2.8846 | A(val) 0.0862 
[2026-04-17 16:41:17] [32mIntermediate result: 0.08649602824360106  (Index 25)[0m
Epoch 00026 | Time 0.0225s | L(tr) 2.8889 | A(tr) 0.0592 | L(val) 2.8846 | A(val) 0.0865 *
[2026-04-17 16:41:17] [32mIntermediate result: 0.08649602824360106  (Index 26)[0m
Epoch 00027 | Time 0.0201s | L(tr) 2.8941 | A(tr) 0.0522 | L(val) 2.8846 | A(val) 0.0865 
[2026-04-17 16:41:18] [32mIntermediate result: 0.08708443659899971  (Index 27)[0m
Epoch 00028 | Time 0.0227s | L(tr) 2.8878 | A(tr) 0.0643 | L(val) 2.8846 | A(val) 0.0871 *
[2026-04-17 16:41:18] [32mIntermediate result: 0.08796704913209767  (Index 28)[0m
Epoch 00029 | Time 0.0229s | L(tr) 2.8874 | A(tr) 0.0643 | L(val) 2.8845 | A(val) 0.0880 *
[2026-04-17 16:41:18] [32mIntermediate result: 0.08767284495439835  (Index 29)[0m
Epoch 00030 | Time 0.0207s | L(tr) 2.8925 | A(tr) 0.0462 | L(val) 2.8845 | A(val) 0.0877 
[2026-04-17 16:41:18] [32mIntermediate result: 0.08796704913209767  (Index 30)[0m
Epoch 00031 | Time 0.0223s | L(tr) 2.8899 | A(tr) 0.0713 | L(val) 2.8845 | A(val) 0.0880 
[2026-04-17 16:41:18] [32mIntermediate result: 0.08767284495439835  (Index 31)[0m
Epoch 00032 | Time 0.0200s | L(tr) 2.8858 | A(tr) 0.0713 | L(val) 2.8845 | A(val) 0.0877 
[2026-04-17 16:41:18] [32mIntermediate result: 0.08767284495439835  (Index 32)[0m
Epoch 00033 | Time 0.0200s | L(tr) 2.8925 | A(tr) 0.0572 | L(val) 2.8845 | A(val) 0.0877 
[2026-04-17 16:41:18] [32mIntermediate result: 0.08796704913209767  (Index 33)[0m
Epoch 00034 | Time 0.0211s | L(tr) 2.8927 | A(tr) 0.0612 | L(val) 2.8845 | A(val) 0.0880 
[2026-04-17 16:41:18] [32mIntermediate result: 0.08855545748749633  (Index 34)[0m
Epoch 00035 | Time 0.0223s | L(tr) 2.8894 | A(tr) 0.0612 | L(val) 2.8844 | A(val) 0.0886 *
[2026-04-17 16:41:18] [32mIntermediate result: 0.08855545748749633  (Index 35)[0m
Epoch 00036 | Time 0.0195s | L(tr) 2.8978 | A(tr) 0.0502 | L(val) 2.8844 | A(val) 0.0886 
[2026-04-17 16:41:18] [32mIntermediate result: 0.08855545748749633  (Index 36)[0m
Epoch 00037 | Time 0.0209s | L(tr) 2.8952 | A(tr) 0.0552 | L(val) 2.8844 | A(val) 0.0886 
[2026-04-17 16:41:18] [32mIntermediate result: 0.088261253309797  (Index 37)[0m
Epoch 00038 | Time 0.0203s | L(tr) 2.8890 | A(tr) 0.0653 | L(val) 2.8844 | A(val) 0.0883 
[2026-04-17 16:41:18] [32mIntermediate result: 0.088261253309797  (Index 38)[0m
Epoch 00039 | Time 0.0187s | L(tr) 2.8903 | A(tr) 0.0582 | L(val) 2.8844 | A(val) 0.0883 
[2026-04-17 16:41:18] [32mIntermediate result: 0.088261253309797  (Index 39)[0m
Epoch 00040 | Time 0.0200s | L(tr) 2.8854 | A(tr) 0.0582 | L(val) 2.8844 | A(val) 0.0883 
[2026-04-17 16:41:18] [32mIntermediate result: 0.088261253309797  (Index 40)[0m
Epoch 00041 | Time 0.0200s | L(tr) 2.8839 | A(tr) 0.0572 | L(val) 2.8843 | A(val) 0.0883 
[2026-04-17 16:41:18] [32mIntermediate result: 0.08855545748749633  (Index 41)[0m
Epoch 00042 | Time 0.0212s | L(tr) 2.8890 | A(tr) 0.0612 | L(val) 2.8843 | A(val) 0.0886 
[2026-04-17 16:41:18] [32mIntermediate result: 0.08884966166519565  (Index 42)[0m
Epoch 00043 | Time 0.0212s | L(tr) 2.8935 | A(tr) 0.0673 | L(val) 2.8843 | A(val) 0.0888 *
[2026-04-17 16:41:18] [32mIntermediate result: 0.08914386584289496  (Index 43)[0m
Epoch 00044 | Time 0.0216s | L(tr) 2.8932 | A(tr) 0.0602 | L(val) 2.8843 | A(val) 0.0891 *
[2026-04-17 16:41:18] [32mIntermediate result: 0.0894380700205943  (Index 44)[0m
Epoch 00045 | Time 0.0235s | L(tr) 2.8863 | A(tr) 0.0562 | L(val) 2.8843 | A(val) 0.0894 *
[2026-04-17 16:41:18] [32mIntermediate result: 0.0894380700205943  (Index 45)[0m
Epoch 00046 | Time 0.0201s | L(tr) 2.8931 | A(tr) 0.0673 | L(val) 2.8843 | A(val) 0.0894 
[2026-04-17 16:41:18] [32mIntermediate result: 0.08973227419829362  (Index 46)[0m
Epoch 00047 | Time 0.0219s | L(tr) 2.8842 | A(tr) 0.0512 | L(val) 2.8842 | A(val) 0.0897 *
[2026-04-17 16:41:18] [32mIntermediate result: 0.09032068255369226  (Index 47)[0m
Epoch 00048 | Time 0.0214s | L(tr) 2.8919 | A(tr) 0.0803 | L(val) 2.8842 | A(val) 0.0903 *
[2026-04-17 16:41:18] [32mIntermediate result: 0.09032068255369226  (Index 48)[0m
Epoch 00049 | Time 0.0189s | L(tr) 2.8876 | A(tr) 0.0693 | L(val) 2.8842 | A(val) 0.0903 
[2026-04-17 16:41:18] [32mIntermediate result: 0.09032068255369226  (Index 49)[0m
Epoch 00050 | Time 0.0213s | L(tr) 2.8895 | A(tr) 0.0673 | L(val) 2.8842 | A(val) 0.0903 
[2026-04-17 16:41:18] [32mIntermediate result: 0.09032068255369226  (Index 50)[0m
Epoch 00051 | Time 0.0199s | L(tr) 2.8869 | A(tr) 0.0663 | L(val) 2.8842 | A(val) 0.0903 
[2026-04-17 16:41:18] [32mIntermediate result: 0.09120329508679023  (Index 51)[0m
Epoch 00052 | Time 0.0226s | L(tr) 2.8898 | A(tr) 0.0472 | L(val) 2.8842 | A(val) 0.0912 *
[2026-04-17 16:41:18] [32mIntermediate result: 0.09179170344218888  (Index 52)[0m
Epoch 00053 | Time 0.0219s | L(tr) 2.8862 | A(tr) 0.0622 | L(val) 2.8841 | A(val) 0.0918 *
[2026-04-17 16:41:18] [32mIntermediate result: 0.0920859076198882  (Index 53)[0m
Epoch 00054 | Time 0.0204s | L(tr) 2.8921 | A(tr) 0.0502 | L(val) 2.8841 | A(val) 0.0921 *
[2026-04-17 16:41:18] [32mIntermediate result: 0.0920859076198882  (Index 54)[0m
Epoch 00055 | Time 0.0209s | L(tr) 2.8999 | A(tr) 0.0633 | L(val) 2.8841 | A(val) 0.0921 
[2026-04-17 16:41:18] [32mIntermediate result: 0.0920859076198882  (Index 55)[0m
Epoch 00056 | Time 0.0192s | L(tr) 2.8907 | A(tr) 0.0653 | L(val) 2.8841 | A(val) 0.0921 
[2026-04-17 16:41:18] [32mIntermediate result: 0.0920859076198882  (Index 56)[0m
Epoch 00057 | Time 0.0202s | L(tr) 2.8892 | A(tr) 0.0542 | L(val) 2.8841 | A(val) 0.0921 
[2026-04-17 16:41:18] [32mIntermediate result: 0.0932627243306855  (Index 57)[0m
Epoch 00058 | Time 0.0230s | L(tr) 2.8889 | A(tr) 0.0653 | L(val) 2.8841 | A(val) 0.0933 *
[2026-04-17 16:41:18] [32mIntermediate result: 0.0932627243306855  (Index 58)[0m
Epoch 00059 | Time 0.0213s | L(tr) 2.8886 | A(tr) 0.0693 | L(val) 2.8840 | A(val) 0.0933 
[2026-04-17 16:41:18] [32mIntermediate result: 0.0932627243306855  (Index 59)[0m
Epoch 00060 | Time 0.0204s | L(tr) 2.8887 | A(tr) 0.0602 | L(val) 2.8840 | A(val) 0.0933 
[2026-04-17 16:41:18] [32mIntermediate result: 0.09296852015298618  (Index 60)[0m
Epoch 00061 | Time 0.0221s | L(tr) 2.8908 | A(tr) 0.0572 | L(val) 2.8840 | A(val) 0.0930 
[2026-04-17 16:41:18] [32mIntermediate result: 0.09296852015298618  (Index 61)[0m
Epoch 00062 | Time 0.0222s | L(tr) 2.8892 | A(tr) 0.0502 | L(val) 2.8840 | A(val) 0.0930 
[2026-04-17 16:41:18] [32mIntermediate result: 0.09355692850838482  (Index 62)[0m
Epoch 00063 | Time 0.0223s | L(tr) 2.8883 | A(tr) 0.0653 | L(val) 2.8840 | A(val) 0.0936 *
[2026-04-17 16:41:18] [32mIntermediate result: 0.09385113268608414  (Index 63)[0m
Epoch 00064 | Time 0.0227s | L(tr) 2.8901 | A(tr) 0.0552 | L(val) 2.8840 | A(val) 0.0939 *
[2026-04-17 16:41:18] [32mIntermediate result: 0.09443954104148279  (Index 64)[0m
Epoch 00065 | Time 0.0216s | L(tr) 2.8888 | A(tr) 0.0592 | L(val) 2.8839 | A(val) 0.0944 *
[2026-04-17 16:41:18] [32mIntermediate result: 0.09414533686378347  (Index 65)[0m
Epoch 00066 | Time 0.0204s | L(tr) 2.8937 | A(tr) 0.0653 | L(val) 2.8839 | A(val) 0.0941 
[2026-04-17 16:41:18] [32mIntermediate result: 0.09443954104148279  (Index 66)[0m
Epoch 00067 | Time 0.0207s | L(tr) 2.8882 | A(tr) 0.0643 | L(val) 2.8839 | A(val) 0.0944 
[2026-04-17 16:41:18] [32mIntermediate result: 0.09473374521918211  (Index 67)[0m
Epoch 00068 | Time 0.0211s | L(tr) 2.8973 | A(tr) 0.0522 | L(val) 2.8839 | A(val) 0.0947 *
[2026-04-17 16:41:18] [32mIntermediate result: 0.09502794939688143  (Index 68)[0m
Epoch 00069 | Time 0.0204s | L(tr) 2.8880 | A(tr) 0.0663 | L(val) 2.8839 | A(val) 0.0950 *
[2026-04-17 16:41:18] [32mIntermediate result: 0.09502794939688143  (Index 69)[0m
Epoch 00070 | Time 0.0225s | L(tr) 2.8927 | A(tr) 0.0572 | L(val) 2.8839 | A(val) 0.0950 
[2026-04-17 16:41:18] [32mIntermediate result: 0.09561635775228008  (Index 70)[0m
Epoch 00071 | Time 0.0232s | L(tr) 2.8935 | A(tr) 0.0532 | L(val) 2.8838 | A(val) 0.0956 *
[2026-04-17 16:41:18] [32mIntermediate result: 0.0959105619299794  (Index 71)[0m
Epoch 00072 | Time 0.0218s | L(tr) 2.8854 | A(tr) 0.0622 | L(val) 2.8838 | A(val) 0.0959 *
[2026-04-17 16:41:18] [32mIntermediate result: 0.0959105619299794  (Index 72)[0m
Epoch 00073 | Time 0.0196s | L(tr) 2.8849 | A(tr) 0.0733 | L(val) 2.8838 | A(val) 0.0959 
[2026-04-17 16:41:18] [32mIntermediate result: 0.0959105619299794  (Index 73)[0m
Epoch 00074 | Time 0.0182s | L(tr) 2.8851 | A(tr) 0.0622 | L(val) 2.8838 | A(val) 0.0959 
[2026-04-17 16:41:19] [32mIntermediate result: 0.0959105619299794  (Index 74)[0m
Epoch 00075 | Time 0.0213s | L(tr) 2.8951 | A(tr) 0.0592 | L(val) 2.8838 | A(val) 0.0959 
[2026-04-17 16:41:19] [32mIntermediate result: 0.0959105619299794  (Index 75)[0m
Epoch 00076 | Time 0.0211s | L(tr) 2.8941 | A(tr) 0.0522 | L(val) 2.8838 | A(val) 0.0959 
[2026-04-17 16:41:19] [32mIntermediate result: 0.0959105619299794  (Index 76)[0m
Epoch 00077 | Time 0.0205s | L(tr) 2.8876 | A(tr) 0.0743 | L(val) 2.8837 | A(val) 0.0959 
[2026-04-17 16:41:19] [32mIntermediate result: 0.0959105619299794  (Index 77)[0m
Epoch 00078 | Time 0.0192s | L(tr) 2.8931 | A(tr) 0.0572 | L(val) 2.8837 | A(val) 0.0959 
[2026-04-17 16:41:19] [32mIntermediate result: 0.0959105619299794  (Index 78)[0m
Epoch 00079 | Time 0.0242s | L(tr) 2.8917 | A(tr) 0.0653 | L(val) 2.8837 | A(val) 0.0959 
[2026-04-17 16:41:19] [32mIntermediate result: 0.0959105619299794  (Index 79)[0m
Epoch 00080 | Time 0.0218s | L(tr) 2.8968 | A(tr) 0.0542 | L(val) 2.8837 | A(val) 0.0959 
[2026-04-17 16:41:19] [32mIntermediate result: 0.09561635775228008  (Index 80)[0m
Epoch 00081 | Time 0.0197s | L(tr) 2.8960 | A(tr) 0.0552 | L(val) 2.8837 | A(val) 0.0956 
[2026-04-17 16:41:19] [32mIntermediate result: 0.09561635775228008  (Index 81)[0m
Epoch 00082 | Time 0.0184s | L(tr) 2.8829 | A(tr) 0.0693 | L(val) 2.8837 | A(val) 0.0956 
[2026-04-17 16:41:19] [32mIntermediate result: 0.09561635775228008  (Index 82)[0m
Epoch 00083 | Time 0.0200s | L(tr) 2.8897 | A(tr) 0.0612 | L(val) 2.8836 | A(val) 0.0956 
[2026-04-17 16:41:19] [32mIntermediate result: 0.09561635775228008  (Index 83)[0m
Epoch 00084 | Time 0.0226s | L(tr) 2.8942 | A(tr) 0.0532 | L(val) 2.8836 | A(val) 0.0956 
[2026-04-17 16:41:19] [32mIntermediate result: 0.0959105619299794  (Index 84)[0m
Epoch 00085 | Time 0.0214s | L(tr) 2.8859 | A(tr) 0.0643 | L(val) 2.8836 | A(val) 0.0959 
[2026-04-17 16:41:19] [32mIntermediate result: 0.09620476610767872  (Index 85)[0m
Epoch 00086 | Time 0.0203s | L(tr) 2.8902 | A(tr) 0.0562 | L(val) 2.8836 | A(val) 0.0962 *
[2026-04-17 16:41:19] [32mIntermediate result: 0.0959105619299794  (Index 86)[0m
Epoch 00087 | Time 0.0189s | L(tr) 2.8848 | A(tr) 0.0633 | L(val) 2.8836 | A(val) 0.0959 
[2026-04-17 16:41:19] [32mIntermediate result: 0.0959105619299794  (Index 87)[0m
Epoch 00088 | Time 0.0209s | L(tr) 2.8886 | A(tr) 0.0633 | L(val) 2.8836 | A(val) 0.0959 
[2026-04-17 16:41:19] [32mIntermediate result: 0.0959105619299794  (Index 88)[0m
Epoch 00089 | Time 0.0197s | L(tr) 2.8836 | A(tr) 0.0663 | L(val) 2.8836 | A(val) 0.0959 
[2026-04-17 16:41:19] [32mIntermediate result: 0.0959105619299794  (Index 89)[0m
Epoch 00090 | Time 0.0216s | L(tr) 2.8861 | A(tr) 0.0602 | L(val) 2.8835 | A(val) 0.0959 
[2026-04-17 16:41:19] [32mIntermediate result: 0.0959105619299794  (Index 90)[0m
Epoch 00091 | Time 0.0219s | L(tr) 2.8883 | A(tr) 0.0572 | L(val) 2.8835 | A(val) 0.0959 
[2026-04-17 16:41:19] [32mIntermediate result: 0.09620476610767872  (Index 91)[0m
Epoch 00092 | Time 0.0199s | L(tr) 2.8820 | A(tr) 0.0723 | L(val) 2.8835 | A(val) 0.0962 
[2026-04-17 16:41:19] [32mIntermediate result: 0.09649897028537806  (Index 92)[0m
Epoch 00093 | Time 0.0197s | L(tr) 2.8876 | A(tr) 0.0572 | L(val) 2.8835 | A(val) 0.0965 *
[2026-04-17 16:41:19] [32mIntermediate result: 0.0970873786407767  (Index 93)[0m
Epoch 00094 | Time 0.0198s | L(tr) 2.8911 | A(tr) 0.0502 | L(val) 2.8835 | A(val) 0.0971 *
[2026-04-17 16:41:19] [32mIntermediate result: 0.0970873786407767  (Index 94)[0m
Epoch 00095 | Time 0.0212s | L(tr) 2.8911 | A(tr) 0.0723 | L(val) 2.8835 | A(val) 0.0971 
[2026-04-17 16:41:19] [32mIntermediate result: 0.09738158281847602  (Index 95)[0m
Epoch 00096 | Time 0.0212s | L(tr) 2.8888 | A(tr) 0.0582 | L(val) 2.8834 | A(val) 0.0974 *
[2026-04-17 16:41:19] [32mIntermediate result: 0.09767578699617535  (Index 96)[0m
Epoch 00097 | Time 0.0217s | L(tr) 2.8855 | A(tr) 0.0602 | L(val) 2.8834 | A(val) 0.0977 *
[2026-04-17 16:41:19] [32mIntermediate result: 0.09767578699617535  (Index 97)[0m
Epoch 00098 | Time 0.0198s | L(tr) 2.8929 | A(tr) 0.0763 | L(val) 2.8834 | A(val) 0.0977 
[2026-04-17 16:41:19] [32mIntermediate result: 0.09767578699617535  (Index 98)[0m
Epoch 00099 | Time 0.0219s | L(tr) 2.8860 | A(tr) 0.0643 | L(val) 2.8834 | A(val) 0.0977 
[2026-04-17 16:41:19] [32mIntermediate result: 0.09796999117387467  (Index 99)[0m
Epoch 00100 | Time 0.0219s | L(tr) 2.8899 | A(tr) 0.0582 | L(val) 2.8834 | A(val) 0.0980 *
[2026-04-17 16:41:19] [32mIntermediate result: 0.09796999117387467  (Index 100)[0m
Epoch 00101 | Time 0.0242s | L(tr) 2.8921 | A(tr) 0.0532 | L(val) 2.8834 | A(val) 0.0980 
[2026-04-17 16:41:19] [32mIntermediate result: 0.09796999117387467  (Index 101)[0m
Epoch 00102 | Time 0.0238s | L(tr) 2.8850 | A(tr) 0.0572 | L(val) 2.8833 | A(val) 0.0980 
[2026-04-17 16:41:19] [32mIntermediate result: 0.09796999117387467  (Index 102)[0m
Epoch 00103 | Time 0.0197s | L(tr) 2.8888 | A(tr) 0.0582 | L(val) 2.8833 | A(val) 0.0980 
[2026-04-17 16:41:19] [32mIntermediate result: 0.09796999117387467  (Index 103)[0m
Epoch 00104 | Time 0.0199s | L(tr) 2.8902 | A(tr) 0.0713 | L(val) 2.8833 | A(val) 0.0980 
[2026-04-17 16:41:19] [32mIntermediate result: 0.09826419535157399  (Index 104)[0m
Epoch 00105 | Time 0.0215s | L(tr) 2.8890 | A(tr) 0.0582 | L(val) 2.8833 | A(val) 0.0983 *
[2026-04-17 16:41:19] [32mIntermediate result: 0.09826419535157399  (Index 105)[0m
Epoch 00106 | Time 0.0208s | L(tr) 2.8861 | A(tr) 0.0633 | L(val) 2.8833 | A(val) 0.0983 
[2026-04-17 16:41:19] [32mIntermediate result: 0.09855839952927331  (Index 106)[0m
Epoch 00107 | Time 0.0216s | L(tr) 2.8863 | A(tr) 0.0452 | L(val) 2.8833 | A(val) 0.0986 *
[2026-04-17 16:41:19] [32mIntermediate result: 0.09855839952927331  (Index 107)[0m
Epoch 00108 | Time 0.0188s | L(tr) 2.8847 | A(tr) 0.0723 | L(val) 2.8832 | A(val) 0.0986 
[2026-04-17 16:41:19] [32mIntermediate result: 0.09885260370697264  (Index 108)[0m
Epoch 00109 | Time 0.0202s | L(tr) 2.8807 | A(tr) 0.0713 | L(val) 2.8832 | A(val) 0.0989 *
[2026-04-17 16:41:19] [32mIntermediate result: 0.09885260370697264  (Index 109)[0m
Epoch 00110 | Time 0.0197s | L(tr) 2.8864 | A(tr) 0.0693 | L(val) 2.8832 | A(val) 0.0989 
[2026-04-17 16:41:19] [32mIntermediate result: 0.09885260370697264  (Index 110)[0m
Epoch 00111 | Time 0.0194s | L(tr) 2.8946 | A(tr) 0.0602 | L(val) 2.8832 | A(val) 0.0989 
[2026-04-17 16:41:19] [32mIntermediate result: 0.09885260370697264  (Index 111)[0m
Epoch 00112 | Time 0.0202s | L(tr) 2.8923 | A(tr) 0.0512 | L(val) 2.8832 | A(val) 0.0989 
[2026-04-17 16:41:19] [32mIntermediate result: 0.09885260370697264  (Index 112)[0m
Epoch 00113 | Time 0.0206s | L(tr) 2.8868 | A(tr) 0.0572 | L(val) 2.8832 | A(val) 0.0989 
[2026-04-17 16:41:19] [32mIntermediate result: 0.09885260370697264  (Index 113)[0m
Epoch 00114 | Time 0.0198s | L(tr) 2.8885 | A(tr) 0.0562 | L(val) 2.8831 | A(val) 0.0989 
[2026-04-17 16:41:19] [32mIntermediate result: 0.09855839952927331  (Index 114)[0m
Epoch 00115 | Time 0.0218s | L(tr) 2.8944 | A(tr) 0.0492 | L(val) 2.8831 | A(val) 0.0986 
[2026-04-17 16:41:19] [32mIntermediate result: 0.09855839952927331  (Index 115)[0m
Epoch 00116 | Time 0.0219s | L(tr) 2.8888 | A(tr) 0.0532 | L(val) 2.8831 | A(val) 0.0986 
[2026-04-17 16:41:19] [32mIntermediate result: 0.09885260370697264  (Index 116)[0m
Epoch 00117 | Time 0.0206s | L(tr) 2.8849 | A(tr) 0.0693 | L(val) 2.8831 | A(val) 0.0989 
[2026-04-17 16:41:19] [32mIntermediate result: 0.09885260370697264  (Index 117)[0m
Epoch 00118 | Time 0.0205s | L(tr) 2.8901 | A(tr) 0.0683 | L(val) 2.8831 | A(val) 0.0989 
[2026-04-17 16:41:19] [32mIntermediate result: 0.09914680788467196  (Index 118)[0m
Epoch 00119 | Time 0.0205s | L(tr) 2.8882 | A(tr) 0.0653 | L(val) 2.8831 | A(val) 0.0991 *
[2026-04-17 16:41:19] [32mIntermediate result: 0.09944101206237128  (Index 119)[0m
Epoch 00120 | Time 0.0224s | L(tr) 2.8946 | A(tr) 0.0602 | L(val) 2.8831 | A(val) 0.0994 *
[2026-04-17 16:41:19] [32mIntermediate result: 0.09944101206237128  (Index 120)[0m
Epoch 00121 | Time 0.0220s | L(tr) 2.8854 | A(tr) 0.0622 | L(val) 2.8830 | A(val) 0.0994 
[2026-04-17 16:41:20] [32mIntermediate result: 0.10002942041776994  (Index 121)[0m
Epoch 00122 | Time 0.0222s | L(tr) 2.8927 | A(tr) 0.0663 | L(val) 2.8830 | A(val) 0.1000 *
[2026-04-17 16:41:20] [32mIntermediate result: 0.10002942041776994  (Index 122)[0m
Epoch 00123 | Time 0.0210s | L(tr) 2.8908 | A(tr) 0.0703 | L(val) 2.8830 | A(val) 0.1000 
[2026-04-17 16:41:20] [32mIntermediate result: 0.10002942041776994  (Index 123)[0m
Epoch 00124 | Time 0.0200s | L(tr) 2.8887 | A(tr) 0.0522 | L(val) 2.8830 | A(val) 0.1000 
[2026-04-17 16:41:20] [32mIntermediate result: 0.10032362459546926  (Index 124)[0m
Epoch 00125 | Time 0.0228s | L(tr) 2.8881 | A(tr) 0.0713 | L(val) 2.8830 | A(val) 0.1003 *
[2026-04-17 16:41:20] [32mIntermediate result: 0.10032362459546926  (Index 125)[0m
Epoch 00126 | Time 0.0211s | L(tr) 2.8886 | A(tr) 0.0552 | L(val) 2.8830 | A(val) 0.1003 
[2026-04-17 16:41:20] [32mIntermediate result: 0.10032362459546926  (Index 126)[0m
Epoch 00127 | Time 0.0206s | L(tr) 2.8837 | A(tr) 0.0683 | L(val) 2.8829 | A(val) 0.1003 
[2026-04-17 16:41:20] [32mIntermediate result: 0.10002942041776994  (Index 127)[0m
Epoch 00128 | Time 0.0209s | L(tr) 2.8909 | A(tr) 0.0602 | L(val) 2.8829 | A(val) 0.1000 
[2026-04-17 16:41:20] [32mIntermediate result: 0.0997352162400706  (Index 128)[0m
Epoch 00129 | Time 0.0243s | L(tr) 2.8906 | A(tr) 0.0542 | L(val) 2.8829 | A(val) 0.0997 
[2026-04-17 16:41:20] [32mIntermediate result: 0.10002942041776994  (Index 129)[0m
Epoch 00130 | Time 0.0215s | L(tr) 2.8886 | A(tr) 0.0643 | L(val) 2.8829 | A(val) 0.1000 
[2026-04-17 16:41:20] [32mIntermediate result: 0.10032362459546926  (Index 130)[0m
Epoch 00131 | Time 0.0210s | L(tr) 2.8863 | A(tr) 0.0572 | L(val) 2.8829 | A(val) 0.1003 
[2026-04-17 16:41:20] [32mIntermediate result: 0.10032362459546926  (Index 131)[0m
Epoch 00132 | Time 0.0239s | L(tr) 2.8868 | A(tr) 0.0673 | L(val) 2.8829 | A(val) 0.1003 
[2026-04-17 16:41:20] [32mIntermediate result: 0.10032362459546926  (Index 132)[0m
Epoch 00133 | Time 0.0209s | L(tr) 2.8887 | A(tr) 0.0773 | L(val) 2.8828 | A(val) 0.1003 
[2026-04-17 16:41:20] [32mIntermediate result: 0.10061782877316858  (Index 133)[0m
Epoch 00134 | Time 0.0217s | L(tr) 2.8833 | A(tr) 0.0633 | L(val) 2.8828 | A(val) 0.1006 *
[2026-04-17 16:41:20] [32mIntermediate result: 0.10061782877316858  (Index 134)[0m
Epoch 00135 | Time 0.0198s | L(tr) 2.8859 | A(tr) 0.0602 | L(val) 2.8828 | A(val) 0.1006 
[2026-04-17 16:41:20] [32mIntermediate result: 0.1009120329508679  (Index 135)[0m
Epoch 00136 | Time 0.0240s | L(tr) 2.8828 | A(tr) 0.0733 | L(val) 2.8828 | A(val) 0.1009 *
[2026-04-17 16:41:20] [32mIntermediate result: 0.10120623712856723  (Index 136)[0m
Epoch 00137 | Time 0.0240s | L(tr) 2.8765 | A(tr) 0.0582 | L(val) 2.8828 | A(val) 0.1012 *
[2026-04-17 16:41:20] [32mIntermediate result: 0.10150044130626655  (Index 137)[0m
Epoch 00138 | Time 0.0204s | L(tr) 2.8859 | A(tr) 0.0773 | L(val) 2.8828 | A(val) 0.1015 *
[2026-04-17 16:41:20] [32mIntermediate result: 0.10208884966166519  (Index 138)[0m
Epoch 00139 | Time 0.0195s | L(tr) 2.8856 | A(tr) 0.0663 | L(val) 2.8827 | A(val) 0.1021 *
[2026-04-17 16:41:20] [32mIntermediate result: 0.10208884966166519  (Index 139)[0m
Epoch 00140 | Time 0.0199s | L(tr) 2.8825 | A(tr) 0.0683 | L(val) 2.8827 | A(val) 0.1021 
[2026-04-17 16:41:20] [32mIntermediate result: 0.10208884966166519  (Index 140)[0m
Epoch 00141 | Time 0.0205s | L(tr) 2.8868 | A(tr) 0.0653 | L(val) 2.8827 | A(val) 0.1021 
[2026-04-17 16:41:20] [32mIntermediate result: 0.10208884966166519  (Index 141)[0m
Epoch 00142 | Time 0.0193s | L(tr) 2.8912 | A(tr) 0.0713 | L(val) 2.8827 | A(val) 0.1021 
[2026-04-17 16:41:20] [32mIntermediate result: 0.10208884966166519  (Index 142)[0m
Epoch 00143 | Time 0.0210s | L(tr) 2.8892 | A(tr) 0.0592 | L(val) 2.8827 | A(val) 0.1021 
[2026-04-17 16:41:20] [32mIntermediate result: 0.10238305383936452  (Index 143)[0m
Epoch 00144 | Time 0.0209s | L(tr) 2.8888 | A(tr) 0.0733 | L(val) 2.8827 | A(val) 0.1024 *
[2026-04-17 16:41:20] [32mIntermediate result: 0.10208884966166519  (Index 144)[0m
Epoch 00145 | Time 0.0214s | L(tr) 2.8837 | A(tr) 0.0643 | L(val) 2.8827 | A(val) 0.1021 
[2026-04-17 16:41:20] [32mIntermediate result: 0.10208884966166519  (Index 145)[0m
Epoch 00146 | Time 0.0215s | L(tr) 2.8863 | A(tr) 0.0673 | L(val) 2.8826 | A(val) 0.1021 
[2026-04-17 16:41:20] [32mIntermediate result: 0.10208884966166519  (Index 146)[0m
Epoch 00147 | Time 0.0250s | L(tr) 2.8848 | A(tr) 0.0653 | L(val) 2.8826 | A(val) 0.1021 
[2026-04-17 16:41:20] [32mIntermediate result: 0.10267725801706384  (Index 147)[0m
Epoch 00148 | Time 0.0219s | L(tr) 2.8894 | A(tr) 0.0482 | L(val) 2.8826 | A(val) 0.1027 *
[2026-04-17 16:41:20] [32mIntermediate result: 0.10267725801706384  (Index 148)[0m
Epoch 00149 | Time 0.0252s | L(tr) 2.8900 | A(tr) 0.0612 | L(val) 2.8826 | A(val) 0.1027 
[2026-04-17 16:41:20] [32mIntermediate result: 0.10267725801706384  (Index 149)[0m
Epoch 00150 | Time 0.0196s | L(tr) 2.8923 | A(tr) 0.0582 | L(val) 2.8826 | A(val) 0.1027 
[2026-04-17 16:41:20] [32mIntermediate result: 0.10297146219476316  (Index 150)[0m
Epoch 00151 | Time 0.0214s | L(tr) 2.8816 | A(tr) 0.0653 | L(val) 2.8826 | A(val) 0.1030 *
[2026-04-17 16:41:20] [32mIntermediate result: 0.10355987055016182  (Index 151)[0m
Epoch 00152 | Time 0.0214s | L(tr) 2.8796 | A(tr) 0.0853 | L(val) 2.8825 | A(val) 0.1036 *
[2026-04-17 16:41:20] [32mIntermediate result: 0.10326566637246248  (Index 152)[0m
Epoch 00153 | Time 0.0200s | L(tr) 2.8878 | A(tr) 0.0693 | L(val) 2.8825 | A(val) 0.1033 
[2026-04-17 16:41:20] [32mIntermediate result: 0.10355987055016182  (Index 153)[0m
Epoch 00154 | Time 0.0208s | L(tr) 2.8908 | A(tr) 0.0602 | L(val) 2.8825 | A(val) 0.1036 
[2026-04-17 16:41:20] [32mIntermediate result: 0.10326566637246248  (Index 154)[0m
Epoch 00155 | Time 0.0210s | L(tr) 2.8828 | A(tr) 0.0683 | L(val) 2.8825 | A(val) 0.1033 
[2026-04-17 16:41:20] [32mIntermediate result: 0.10326566637246248  (Index 155)[0m
Epoch 00156 | Time 0.0214s | L(tr) 2.8864 | A(tr) 0.0612 | L(val) 2.8825 | A(val) 0.1033 
[2026-04-17 16:41:20] [32mIntermediate result: 0.10414827890556046  (Index 156)[0m
Epoch 00157 | Time 0.0222s | L(tr) 2.8916 | A(tr) 0.0622 | L(val) 2.8825 | A(val) 0.1041 *
[2026-04-17 16:41:20] [32mIntermediate result: 0.10414827890556046  (Index 157)[0m
Epoch 00158 | Time 0.0228s | L(tr) 2.8851 | A(tr) 0.0592 | L(val) 2.8825 | A(val) 0.1041 
[2026-04-17 16:41:20] [32mIntermediate result: 0.10444248308325978  (Index 158)[0m
Epoch 00159 | Time 0.0206s | L(tr) 2.8824 | A(tr) 0.0673 | L(val) 2.8824 | A(val) 0.1044 *
[2026-04-17 16:41:20] [32mIntermediate result: 0.10444248308325978  (Index 159)[0m
Epoch 00160 | Time 0.0192s | L(tr) 2.8892 | A(tr) 0.0622 | L(val) 2.8824 | A(val) 0.1044 
[2026-04-17 16:41:20] [32mIntermediate result: 0.10473668726095911  (Index 160)[0m
Epoch 00161 | Time 0.0217s | L(tr) 2.8852 | A(tr) 0.0622 | L(val) 2.8824 | A(val) 0.1047 *
[2026-04-17 16:41:20] [32mIntermediate result: 0.10532509561635775  (Index 161)[0m
Epoch 00162 | Time 0.0209s | L(tr) 2.8861 | A(tr) 0.0683 | L(val) 2.8824 | A(val) 0.1053 *
[2026-04-17 16:41:20] [32mIntermediate result: 0.10561929979405707  (Index 162)[0m
Epoch 00163 | Time 0.0238s | L(tr) 2.8787 | A(tr) 0.0683 | L(val) 2.8824 | A(val) 0.1056 *
[2026-04-17 16:41:20] [32mIntermediate result: 0.10561929979405707  (Index 163)[0m
Epoch 00164 | Time 0.0219s | L(tr) 2.8866 | A(tr) 0.0612 | L(val) 2.8824 | A(val) 0.1056 
[2026-04-17 16:41:20] [32mIntermediate result: 0.10561929979405707  (Index 164)[0m
Epoch 00165 | Time 0.0206s | L(tr) 2.8864 | A(tr) 0.0502 | L(val) 2.8823 | A(val) 0.1056 
[2026-04-17 16:41:20] [32mIntermediate result: 0.1059135039717564  (Index 165)[0m
Epoch 00166 | Time 0.0218s | L(tr) 2.8815 | A(tr) 0.0703 | L(val) 2.8823 | A(val) 0.1059 *
[2026-04-17 16:41:20] [32mIntermediate result: 0.10561929979405707  (Index 166)[0m
Epoch 00167 | Time 0.0209s | L(tr) 2.8903 | A(tr) 0.0542 | L(val) 2.8823 | A(val) 0.1056 
[2026-04-17 16:41:20] [32mIntermediate result: 0.10561929979405707  (Index 167)[0m
Epoch 00168 | Time 0.0211s | L(tr) 2.8870 | A(tr) 0.0602 | L(val) 2.8823 | A(val) 0.1056 
[2026-04-17 16:41:21] [32mIntermediate result: 0.10561929979405707  (Index 168)[0m
Epoch 00169 | Time 0.0214s | L(tr) 2.8871 | A(tr) 0.0582 | L(val) 2.8823 | A(val) 0.1056 
[2026-04-17 16:41:21] [32mIntermediate result: 0.10561929979405707  (Index 169)[0m
Epoch 00170 | Time 0.0204s | L(tr) 2.8875 | A(tr) 0.0532 | L(val) 2.8823 | A(val) 0.1056 
[2026-04-17 16:41:21] [32mIntermediate result: 0.10561929979405707  (Index 170)[0m
Epoch 00171 | Time 0.0206s | L(tr) 2.8846 | A(tr) 0.0462 | L(val) 2.8822 | A(val) 0.1056 
[2026-04-17 16:41:21] [32mIntermediate result: 0.10532509561635775  (Index 171)[0m
Epoch 00172 | Time 0.0194s | L(tr) 2.8886 | A(tr) 0.0602 | L(val) 2.8822 | A(val) 0.1053 
[2026-04-17 16:41:21] [32mIntermediate result: 0.10532509561635775  (Index 172)[0m
Epoch 00173 | Time 0.0201s | L(tr) 2.8846 | A(tr) 0.0592 | L(val) 2.8822 | A(val) 0.1053 
[2026-04-17 16:41:21] [32mIntermediate result: 0.10561929979405707  (Index 173)[0m
Epoch 00174 | Time 0.0201s | L(tr) 2.8834 | A(tr) 0.0773 | L(val) 2.8822 | A(val) 0.1056 
[2026-04-17 16:41:21] [32mIntermediate result: 0.10561929979405707  (Index 174)[0m
Epoch 00175 | Time 0.0207s | L(tr) 2.8879 | A(tr) 0.0683 | L(val) 2.8822 | A(val) 0.1056 
[2026-04-17 16:41:21] [32mIntermediate result: 0.10532509561635775  (Index 175)[0m
Epoch 00176 | Time 0.0215s | L(tr) 2.8818 | A(tr) 0.0673 | L(val) 2.8822 | A(val) 0.1053 
[2026-04-17 16:41:21] [32mIntermediate result: 0.10503089143865843  (Index 176)[0m
Epoch 00177 | Time 0.0194s | L(tr) 2.8905 | A(tr) 0.0542 | L(val) 2.8821 | A(val) 0.1050 
[2026-04-17 16:41:21] [32mIntermediate result: 0.10473668726095911  (Index 177)[0m
Epoch 00178 | Time 0.0188s | L(tr) 2.8852 | A(tr) 0.0683 | L(val) 2.8821 | A(val) 0.1047 
[2026-04-17 16:41:21] [32mIntermediate result: 0.10503089143865843  (Index 178)[0m
Epoch 00179 | Time 0.0208s | L(tr) 2.8818 | A(tr) 0.0663 | L(val) 2.8821 | A(val) 0.1050 
[2026-04-17 16:41:21] [32mIntermediate result: 0.10561929979405707  (Index 179)[0m
Epoch 00180 | Time 0.0203s | L(tr) 2.8802 | A(tr) 0.0612 | L(val) 2.8821 | A(val) 0.1056 
[2026-04-17 16:41:21] [32mIntermediate result: 0.10561929979405707  (Index 180)[0m
Epoch 00181 | Time 0.0232s | L(tr) 2.8811 | A(tr) 0.0723 | L(val) 2.8821 | A(val) 0.1056 
[2026-04-17 16:41:21] [32mIntermediate result: 0.1059135039717564  (Index 181)[0m
Epoch 00182 | Time 0.0201s | L(tr) 2.8809 | A(tr) 0.0653 | L(val) 2.8821 | A(val) 0.1059 
[2026-04-17 16:41:21] [32mIntermediate result: 0.1059135039717564  (Index 182)[0m
Epoch 00183 | Time 0.0211s | L(tr) 2.8922 | A(tr) 0.0653 | L(val) 2.8821 | A(val) 0.1059 
[2026-04-17 16:41:21] [32mIntermediate result: 0.1059135039717564  (Index 183)[0m
Epoch 00184 | Time 0.0208s | L(tr) 2.8903 | A(tr) 0.0622 | L(val) 2.8820 | A(val) 0.1059 
[2026-04-17 16:41:21] [32mIntermediate result: 0.10650191232715504  (Index 184)[0m
Epoch 00185 | Time 0.0205s | L(tr) 2.8857 | A(tr) 0.0512 | L(val) 2.8820 | A(val) 0.1065 *
[2026-04-17 16:41:21] [32mIntermediate result: 0.10650191232715504  (Index 185)[0m
Epoch 00186 | Time 0.0196s | L(tr) 2.8918 | A(tr) 0.0622 | L(val) 2.8820 | A(val) 0.1065 
[2026-04-17 16:41:21] [32mIntermediate result: 0.10679611650485436  (Index 186)[0m
Epoch 00187 | Time 0.0211s | L(tr) 2.8881 | A(tr) 0.0673 | L(val) 2.8820 | A(val) 0.1068 *
[2026-04-17 16:41:21] [32mIntermediate result: 0.10679611650485436  (Index 187)[0m
Epoch 00188 | Time 0.0192s | L(tr) 2.8860 | A(tr) 0.0572 | L(val) 2.8820 | A(val) 0.1068 
[2026-04-17 16:41:21] [32mIntermediate result: 0.10650191232715504  (Index 188)[0m
Epoch 00189 | Time 0.0192s | L(tr) 2.8854 | A(tr) 0.0633 | L(val) 2.8820 | A(val) 0.1065 
[2026-04-17 16:41:21] [32mIntermediate result: 0.10650191232715504  (Index 189)[0m
Epoch 00190 | Time 0.0211s | L(tr) 2.8882 | A(tr) 0.0592 | L(val) 2.8819 | A(val) 0.1065 
[2026-04-17 16:41:21] [32mIntermediate result: 0.10650191232715504  (Index 190)[0m
Epoch 00191 | Time 0.0195s | L(tr) 2.8900 | A(tr) 0.0552 | L(val) 2.8819 | A(val) 0.1065 
[2026-04-17 16:41:21] [32mIntermediate result: 0.10650191232715504  (Index 191)[0m
Epoch 00192 | Time 0.0200s | L(tr) 2.8866 | A(tr) 0.0612 | L(val) 2.8819 | A(val) 0.1065 
[2026-04-17 16:41:21] [32mIntermediate result: 0.10650191232715504  (Index 192)[0m
Epoch 00193 | Time 0.0208s | L(tr) 2.8843 | A(tr) 0.0693 | L(val) 2.8819 | A(val) 0.1065 
[2026-04-17 16:41:21] [32mIntermediate result: 0.10650191232715504  (Index 193)[0m
Epoch 00194 | Time 0.0211s | L(tr) 2.8852 | A(tr) 0.0592 | L(val) 2.8819 | A(val) 0.1065 
[2026-04-17 16:41:21] [32mIntermediate result: 0.10650191232715504  (Index 194)[0m
Epoch 00195 | Time 0.0196s | L(tr) 2.8815 | A(tr) 0.0743 | L(val) 2.8819 | A(val) 0.1065 
[2026-04-17 16:41:21] [32mIntermediate result: 0.10620770814945572  (Index 195)[0m
Epoch 00196 | Time 0.0202s | L(tr) 2.8843 | A(tr) 0.0723 | L(val) 2.8818 | A(val) 0.1062 
[2026-04-17 16:41:21] [32mIntermediate result: 0.10620770814945572  (Index 196)[0m
Epoch 00197 | Time 0.0198s | L(tr) 2.8899 | A(tr) 0.0552 | L(val) 2.8818 | A(val) 0.1062 
[2026-04-17 16:41:21] [32mIntermediate result: 0.10620770814945572  (Index 197)[0m
Epoch 00198 | Time 0.0219s | L(tr) 2.8833 | A(tr) 0.0622 | L(val) 2.8818 | A(val) 0.1062 
[2026-04-17 16:41:21] [32mIntermediate result: 0.10620770814945572  (Index 198)[0m
Epoch 00199 | Time 0.0192s | L(tr) 2.8866 | A(tr) 0.0673 | L(val) 2.8818 | A(val) 0.1062 
[2026-04-17 16:41:21] [32mIntermediate result: 0.10679611650485436  (Index 199)[0m
Epoch 00200 | Time 0.0208s | L(tr) 2.8886 | A(tr) 0.0743 | L(val) 2.8818 | A(val) 0.1068 
Traceback (most recent call last):
  File "C:\Users\fbrev\Documents\Acadêmico\Simulações\Python\NoisyGL\single_exp.py", line 226, in <module>
    train_thread.join()
  File "C:\Users\fbrev\anaconda3\envs\noisygl\Lib\threading.py", line 1119, in join
    self._wait_for_tstate_lock()
  File "C:\Users\fbrev\anaconda3\envs\noisygl\Lib\threading.py", line 1139, in _wait_for_tstate_lock
    if lock.acquire(block, timeout):
       ^^^^^^^^^^^^^^^^^^^^^^^^^^^^
KeyboardInterrupt
