Process SpawnProcess-1:
Traceback (most recent call last):
  File "C:\Users\fbrev\anaconda3\envs\noisygl\Lib\multiprocessing\process.py", line 314, in _bootstrap
    self.run()
  File "C:\Users\fbrev\anaconda3\envs\noisygl\Lib\multiprocessing\process.py", line 108, in run
    self._target(*self._args, **self._kwargs)
  File "C:\Users\fbrev\Documents\Acadêmico\Simulações\Python\NoisyGL\predictor\LNPCC_Predictor.py", line 607, in _lnpcc_worker_func
    worker_thread.join()
  File "C:\Users\fbrev\anaconda3\envs\noisygl\Lib\threading.py", line 1119, in join
    self._wait_for_tstate_lock()
  File "C:\Users\fbrev\anaconda3\envs\noisygl\Lib\threading.py", line 1139, in _wait_for_tstate_lock
    if lock.acquire(block, timeout):
       ^^^^^^^^^^^^^^^^^^^^^^^^^^^^
KeyboardInterrupt
Namespace(dataset='amazon-ratings', method='lnpcc', noise_type='random', noise_rate=0.2, device='cuda:0', seed=3000, params_json='{"knn_mode": "d", "dexp": 8.978229362185049, "p_grd": 0.1861090791386376, "unc_rem": 0.56243128240485, "unc_rel": 0.9295402170025883, "dropout": 0.3599937754475828, "n_hidden": 32, "n_layer": 3, "lr": 0.0001, "weight_decay": 0.005, "k": 22}')
----Data statistics------'
                Name: amazon-ratings
                #Nodes 24492
                #Edges 93050
                #Classes 5
                #Ave_degree 7.60
----Split statistics------'
                #Train samples 1224 (5.0 % of nodes)
                #Val samples 3673 (15.0 % of nodes)
                #Test samples 19595 (remaining)
Current device: cpu
[Params] Overriding from --params_json: {'knn_mode': 'd', 'dexp': 8.978229362185049, 'p_grd': 0.1861090791386376, 'unc_rem': 0.56243128240485, 'unc_rel': 0.9295402170025883, 'dropout': 0.3599937754475828, 'n_hidden': 32, 'n_layer': 3, 'lr': 0.0001, 'weight_decay': 0.005, 'k': 22}
----label noise information:------
Random noise
#Actual noise rate 0.20 
[2026-04-17 16:49:46] [32mIntermediate result: 0.1568200381159815  (Index 0)[0m
Epoch 00001 | Time 0.4106s | L(tr) 1.6060 | A(tr) 0.1735 | L(val) 1.6089 | A(val) 0.1568 *
[2026-04-17 16:49:46] [32mIntermediate result: 0.1720664307105908  (Index 1)[0m
Epoch 00002 | Time 0.0486s | L(tr) 1.6054 | A(tr) 0.1904 | L(val) 1.6086 | A(val) 0.1721 *
[2026-04-17 16:49:46] [32mIntermediate result: 0.1824121971140757  (Index 2)[0m
Epoch 00003 | Time 0.0328s | L(tr) 1.6052 | A(tr) 0.2039 | L(val) 1.6083 | A(val) 0.1824 *
[2026-04-17 16:49:46] [32mIntermediate result: 0.1919411924857065  (Index 3)[0m
Epoch 00004 | Time 0.0304s | L(tr) 1.6047 | A(tr) 0.1988 | L(val) 1.6080 | A(val) 0.1919 *
[2026-04-17 16:49:46] [32mIntermediate result: 0.20310372992104547  (Index 4)[0m
Epoch 00005 | Time 0.0331s | L(tr) 1.6042 | A(tr) 0.2081 | L(val) 1.6077 | A(val) 0.2031 *
[2026-04-17 16:49:46] [32mIntermediate result: 0.2164443234413286  (Index 5)[0m
Epoch 00006 | Time 0.0292s | L(tr) 1.6021 | A(tr) 0.2671 | L(val) 1.6074 | A(val) 0.2164 *
[2026-04-17 16:49:46] [32mIntermediate result: 0.22706234685543153  (Index 6)[0m
Epoch 00007 | Time 0.0354s | L(tr) 1.6026 | A(tr) 0.2746 | L(val) 1.6071 | A(val) 0.2271 *
[2026-04-17 16:49:46] [32mIntermediate result: 0.23686359923768038  (Index 7)[0m
Epoch 00008 | Time 0.0447s | L(tr) 1.6021 | A(tr) 0.2822 | L(val) 1.6068 | A(val) 0.2369 *
[2026-04-17 16:49:46] [32mIntermediate result: 0.24965967873672748  (Index 8)[0m
Epoch 00009 | Time 0.0296s | L(tr) 1.6016 | A(tr) 0.2965 | L(val) 1.6065 | A(val) 0.2497 *
[2026-04-17 16:49:46] [32mIntermediate result: 0.25891641709774027  (Index 9)[0m
Epoch 00010 | Time 0.0248s | L(tr) 1.6013 | A(tr) 0.3235 | L(val) 1.6061 | A(val) 0.2589 *
[2026-04-17 16:49:46] [32mIntermediate result: 0.2662673563844269  (Index 10)[0m
Epoch 00011 | Time 0.0361s | L(tr) 1.6011 | A(tr) 0.3058 | L(val) 1.6058 | A(val) 0.2663 *
[2026-04-17 16:49:46] [32mIntermediate result: 0.2736182956711135  (Index 11)[0m
Epoch 00012 | Time 0.0191s | L(tr) 1.6001 | A(tr) 0.3454 | L(val) 1.6055 | A(val) 0.2736 *
[2026-04-17 16:49:46] [32mIntermediate result: 0.2801524639259461  (Index 12)[0m
Epoch 00013 | Time 0.0164s | L(tr) 1.5994 | A(tr) 0.3505 | L(val) 1.6052 | A(val) 0.2802 *
[2026-04-17 16:49:46] [32mIntermediate result: 0.28695888919139667  (Index 13)[0m
Epoch 00014 | Time 0.0177s | L(tr) 1.5995 | A(tr) 0.3656 | L(val) 1.6049 | A(val) 0.2870 *
[2026-04-17 16:49:46] [32mIntermediate result: 0.290770487340049  (Index 14)[0m
Epoch 00015 | Time 0.0150s | L(tr) 1.5982 | A(tr) 0.3858 | L(val) 1.6046 | A(val) 0.2908 *
[2026-04-17 16:49:46] [32mIntermediate result: 0.29512659950993736  (Index 15)[0m
Epoch 00016 | Time 0.0161s | L(tr) 1.5989 | A(tr) 0.3724 | L(val) 1.6042 | A(val) 0.2951 *
[2026-04-17 16:49:46] [32mIntermediate result: 0.2978491696161176  (Index 16)[0m
Epoch 00017 | Time 0.0175s | L(tr) 1.5975 | A(tr) 0.3917 | L(val) 1.6039 | A(val) 0.2978 *
[2026-04-17 16:49:46] [32mIntermediate result: 0.3011162537435339  (Index 17)[0m
Epoch 00018 | Time 0.0175s | L(tr) 1.5965 | A(tr) 0.4288 | L(val) 1.6036 | A(val) 0.3011 *
[2026-04-17 16:49:46] [32mIntermediate result: 0.30547236591342225  (Index 18)[0m
Epoch 00019 | Time 0.0155s | L(tr) 1.5960 | A(tr) 0.4145 | L(val) 1.6033 | A(val) 0.3055 *
[2026-04-17 16:49:46] [32mIntermediate result: 0.30765042199836645  (Index 19)[0m
Epoch 00020 | Time 0.0182s | L(tr) 1.5958 | A(tr) 0.4136 | L(val) 1.6029 | A(val) 0.3077 *
[2026-04-17 16:49:46] [32mIntermediate result: 0.3090117070514566  (Index 20)[0m
Epoch 00021 | Time 0.0152s | L(tr) 1.5952 | A(tr) 0.4212 | L(val) 1.6026 | A(val) 0.3090 *
[2026-04-17 16:49:46] [32mIntermediate result: 0.3128233052001089  (Index 21)[0m
Epoch 00022 | Time 0.0151s | L(tr) 1.5947 | A(tr) 0.4187 | L(val) 1.6023 | A(val) 0.3128 *
[2026-04-17 16:49:46] [32mIntermediate result: 0.313912333242581  (Index 22)[0m
Epoch 00023 | Time 0.0186s | L(tr) 1.5936 | A(tr) 0.4313 | L(val) 1.6019 | A(val) 0.3139 *
[2026-04-17 16:49:46] [32mIntermediate result: 0.31554587530628914  (Index 23)[0m
Epoch 00024 | Time 0.0161s | L(tr) 1.5942 | A(tr) 0.4330 | L(val) 1.6016 | A(val) 0.3155 *
[2026-04-17 16:49:46] [32mIntermediate result: 0.3163626463381432  (Index 24)[0m
Epoch 00025 | Time 0.0144s | L(tr) 1.5934 | A(tr) 0.4372 | L(val) 1.6013 | A(val) 0.3164 *
[2026-04-17 16:49:46] [32mIntermediate result: 0.31772393139123334  (Index 25)[0m
Epoch 00026 | Time 0.0150s | L(tr) 1.5920 | A(tr) 0.4414 | L(val) 1.6010 | A(val) 0.3177 *
[2026-04-17 16:49:46] [32mIntermediate result: 0.31772393139123334  (Index 26)[0m
Epoch 00027 | Time 0.0146s | L(tr) 1.5920 | A(tr) 0.4398 | L(val) 1.6006 | A(val) 0.3177 
[2026-04-17 16:49:46] [32mIntermediate result: 0.3174516743806153  (Index 27)[0m
Epoch 00028 | Time 0.0116s | L(tr) 1.5912 | A(tr) 0.4457 | L(val) 1.6003 | A(val) 0.3175 
[2026-04-17 16:49:46] [32mIntermediate result: 0.31799618840185134  (Index 28)[0m
Epoch 00029 | Time 0.0146s | L(tr) 1.5905 | A(tr) 0.4558 | L(val) 1.6000 | A(val) 0.3180 *
[2026-04-17 16:49:46] [32mIntermediate result: 0.3160903893275252  (Index 29)[0m
Epoch 00030 | Time 0.0150s | L(tr) 1.5904 | A(tr) 0.4499 | L(val) 1.5996 | A(val) 0.3161 
[2026-04-17 16:49:46] [32mIntermediate result: 0.31690716035937927  (Index 30)[0m
Epoch 00031 | Time 0.0112s | L(tr) 1.5898 | A(tr) 0.4617 | L(val) 1.5993 | A(val) 0.3169 
[2026-04-17 16:49:46] [32mIntermediate result: 0.31690716035937927  (Index 31)[0m
Epoch 00032 | Time 0.0114s | L(tr) 1.5891 | A(tr) 0.4431 | L(val) 1.5990 | A(val) 0.3169 
[2026-04-17 16:49:46] [32mIntermediate result: 0.31690716035937927  (Index 32)[0m
Epoch 00033 | Time 0.0126s | L(tr) 1.5882 | A(tr) 0.4499 | L(val) 1.5987 | A(val) 0.3169 
[2026-04-17 16:49:46] [32mIntermediate result: 0.31690716035937927  (Index 33)[0m
Epoch 00034 | Time 0.0136s | L(tr) 1.5886 | A(tr) 0.4423 | L(val) 1.5983 | A(val) 0.3169 
[2026-04-17 16:49:46] [32mIntermediate result: 0.3193574734549415  (Index 34)[0m
Epoch 00035 | Time 0.0167s | L(tr) 1.5870 | A(tr) 0.4532 | L(val) 1.5980 | A(val) 0.3194 *
[2026-04-17 16:49:46] [32mIntermediate result: 0.32017424448679555  (Index 35)[0m
Epoch 00036 | Time 0.0182s | L(tr) 1.5873 | A(tr) 0.4448 | L(val) 1.5977 | A(val) 0.3202 *
[2026-04-17 16:49:46] [32mIntermediate result: 0.3209910155186496  (Index 36)[0m
Epoch 00037 | Time 0.0171s | L(tr) 1.5868 | A(tr) 0.4339 | L(val) 1.5973 | A(val) 0.3210 *
[2026-04-17 16:49:46] [32mIntermediate result: 0.3212632725292676  (Index 37)[0m
Epoch 00038 | Time 0.0176s | L(tr) 1.5857 | A(tr) 0.4541 | L(val) 1.5970 | A(val) 0.3213 *
[2026-04-17 16:49:46] [32mIntermediate result: 0.3212632725292676  (Index 38)[0m
Epoch 00039 | Time 0.0162s | L(tr) 1.5860 | A(tr) 0.4473 | L(val) 1.5967 | A(val) 0.3213 
[2026-04-17 16:49:46] [32mIntermediate result: 0.3215355295398857  (Index 39)[0m
Epoch 00040 | Time 0.0181s | L(tr) 1.5842 | A(tr) 0.4600 | L(val) 1.5964 | A(val) 0.3215 *
[2026-04-17 16:49:46] [32mIntermediate result: 0.3209910155186496  (Index 40)[0m
Epoch 00041 | Time 0.0171s | L(tr) 1.5845 | A(tr) 0.4726 | L(val) 1.5960 | A(val) 0.3210 
[2026-04-17 16:49:46] [32mIntermediate result: 0.32017424448679555  (Index 41)[0m
Epoch 00042 | Time 0.0151s | L(tr) 1.5834 | A(tr) 0.4558 | L(val) 1.5957 | A(val) 0.3202 
[2026-04-17 16:49:46] [32mIntermediate result: 0.3212632725292676  (Index 42)[0m
Epoch 00043 | Time 0.0126s | L(tr) 1.5823 | A(tr) 0.4634 | L(val) 1.5954 | A(val) 0.3213 
[2026-04-17 16:49:46] [32mIntermediate result: 0.32235230057173975  (Index 43)[0m
Epoch 00044 | Time 0.0141s | L(tr) 1.5819 | A(tr) 0.4499 | L(val) 1.5951 | A(val) 0.3224 *
[2026-04-17 16:49:46] [32mIntermediate result: 0.32289681459297576  (Index 44)[0m
Epoch 00045 | Time 0.0142s | L(tr) 1.5823 | A(tr) 0.4372 | L(val) 1.5947 | A(val) 0.3229 *
[2026-04-17 16:49:46] [32mIntermediate result: 0.32235230057173975  (Index 45)[0m
Epoch 00046 | Time 0.0152s | L(tr) 1.5814 | A(tr) 0.4676 | L(val) 1.5944 | A(val) 0.3224 
[2026-04-17 16:49:46] [32mIntermediate result: 0.32289681459297576  (Index 46)[0m
Epoch 00047 | Time 0.0165s | L(tr) 1.5806 | A(tr) 0.4440 | L(val) 1.5941 | A(val) 0.3229 
[2026-04-17 16:49:46] [32mIntermediate result: 0.32262455758235775  (Index 47)[0m
Epoch 00048 | Time 0.0177s | L(tr) 1.5804 | A(tr) 0.4676 | L(val) 1.5938 | A(val) 0.3226 
[2026-04-17 16:49:47] [32mIntermediate result: 0.3231690716035938  (Index 48)[0m
Epoch 00049 | Time 0.0125s | L(tr) 1.5797 | A(tr) 0.4448 | L(val) 1.5935 | A(val) 0.3232 *
[2026-04-17 16:49:47] [32mIntermediate result: 0.3237135856248298  (Index 49)[0m
Epoch 00050 | Time 0.0163s | L(tr) 1.5803 | A(tr) 0.4558 | L(val) 1.5931 | A(val) 0.3237 *
[2026-04-17 16:49:47] [32mIntermediate result: 0.3242580996460659  (Index 50)[0m
Epoch 00051 | Time 0.0181s | L(tr) 1.5798 | A(tr) 0.4625 | L(val) 1.5928 | A(val) 0.3243 *
[2026-04-17 16:49:47] [32mIntermediate result: 0.3231690716035938  (Index 51)[0m
Epoch 00052 | Time 0.0167s | L(tr) 1.5780 | A(tr) 0.4575 | L(val) 1.5925 | A(val) 0.3232 
[2026-04-17 16:49:47] [32mIntermediate result: 0.3239858426354479  (Index 52)[0m
Epoch 00053 | Time 0.0168s | L(tr) 1.5781 | A(tr) 0.4532 | L(val) 1.5922 | A(val) 0.3240 
[2026-04-17 16:49:47] [32mIntermediate result: 0.3237135856248298  (Index 53)[0m
Epoch 00054 | Time 0.0167s | L(tr) 1.5757 | A(tr) 0.4701 | L(val) 1.5919 | A(val) 0.3237 
[2026-04-17 16:49:47] [32mIntermediate result: 0.3239858426354479  (Index 54)[0m
Epoch 00055 | Time 0.0168s | L(tr) 1.5764 | A(tr) 0.4549 | L(val) 1.5915 | A(val) 0.3240 
[2026-04-17 16:49:47] [32mIntermediate result: 0.3237135856248298  (Index 55)[0m
Epoch 00056 | Time 0.0157s | L(tr) 1.5756 | A(tr) 0.4575 | L(val) 1.5912 | A(val) 0.3237 
[2026-04-17 16:49:47] [32mIntermediate result: 0.3239858426354479  (Index 56)[0m
Epoch 00057 | Time 0.0153s | L(tr) 1.5752 | A(tr) 0.4566 | L(val) 1.5909 | A(val) 0.3240 
[2026-04-17 16:49:47] [32mIntermediate result: 0.3234413286142118  (Index 57)[0m
Epoch 00058 | Time 0.0162s | L(tr) 1.5744 | A(tr) 0.4650 | L(val) 1.5906 | A(val) 0.3234 
[2026-04-17 16:49:47] [32mIntermediate result: 0.3237135856248298  (Index 58)[0m
Epoch 00059 | Time 0.0165s | L(tr) 1.5735 | A(tr) 0.4676 | L(val) 1.5902 | A(val) 0.3237 
[2026-04-17 16:49:47] [32mIntermediate result: 0.3239858426354479  (Index 59)[0m
Epoch 00060 | Time 0.0147s | L(tr) 1.5736 | A(tr) 0.4608 | L(val) 1.5899 | A(val) 0.3240 
[2026-04-17 16:49:47] [32mIntermediate result: 0.32480261366730195  (Index 60)[0m
Epoch 00061 | Time 0.0148s | L(tr) 1.5724 | A(tr) 0.4718 | L(val) 1.5896 | A(val) 0.3248 *
[2026-04-17 16:49:47] [32mIntermediate result: 0.3239858426354479  (Index 61)[0m
Epoch 00062 | Time 0.0196s | L(tr) 1.5720 | A(tr) 0.4642 | L(val) 1.5893 | A(val) 0.3240 
[2026-04-17 16:49:47] [32mIntermediate result: 0.3237135856248298  (Index 62)[0m
Epoch 00063 | Time 0.0148s | L(tr) 1.5714 | A(tr) 0.4650 | L(val) 1.5889 | A(val) 0.3237 
[2026-04-17 16:49:47] [32mIntermediate result: 0.3231690716035938  (Index 63)[0m
Epoch 00064 | Time 0.0136s | L(tr) 1.5716 | A(tr) 0.4482 | L(val) 1.5886 | A(val) 0.3232 
[2026-04-17 16:49:47] [32mIntermediate result: 0.3231690716035938  (Index 64)[0m
Epoch 00065 | Time 0.0155s | L(tr) 1.5714 | A(tr) 0.4642 | L(val) 1.5883 | A(val) 0.3232 
[2026-04-17 16:49:47] [32mIntermediate result: 0.32262455758235775  (Index 65)[0m
Epoch 00066 | Time 0.0145s | L(tr) 1.5701 | A(tr) 0.4499 | L(val) 1.5880 | A(val) 0.3226 
[2026-04-17 16:49:47] [32mIntermediate result: 0.32289681459297576  (Index 66)[0m
Epoch 00067 | Time 0.0146s | L(tr) 1.5686 | A(tr) 0.4718 | L(val) 1.5876 | A(val) 0.3229 
[2026-04-17 16:49:47] [32mIntermediate result: 0.32262455758235775  (Index 67)[0m
Epoch 00068 | Time 0.0127s | L(tr) 1.5690 | A(tr) 0.4591 | L(val) 1.5873 | A(val) 0.3226 
[2026-04-17 16:49:47] [32mIntermediate result: 0.3231690716035938  (Index 68)[0m
Epoch 00069 | Time 0.0126s | L(tr) 1.5682 | A(tr) 0.4701 | L(val) 1.5870 | A(val) 0.3232 
[2026-04-17 16:49:47] [32mIntermediate result: 0.32262455758235775  (Index 69)[0m
Epoch 00070 | Time 0.0160s | L(tr) 1.5685 | A(tr) 0.4583 | L(val) 1.5867 | A(val) 0.3226 
[2026-04-17 16:49:47] [32mIntermediate result: 0.32289681459297576  (Index 70)[0m
Epoch 00071 | Time 0.0171s | L(tr) 1.5668 | A(tr) 0.4634 | L(val) 1.5863 | A(val) 0.3229 
[2026-04-17 16:49:47] [32mIntermediate result: 0.32262455758235775  (Index 71)[0m
Epoch 00072 | Time 0.0159s | L(tr) 1.5676 | A(tr) 0.4625 | L(val) 1.5860 | A(val) 0.3226 
[2026-04-17 16:49:47] [32mIntermediate result: 0.32235230057173975  (Index 72)[0m
Epoch 00073 | Time 0.0165s | L(tr) 1.5659 | A(tr) 0.4760 | L(val) 1.5857 | A(val) 0.3224 
[2026-04-17 16:49:47] [32mIntermediate result: 0.32235230057173975  (Index 73)[0m
Epoch 00074 | Time 0.0152s | L(tr) 1.5672 | A(tr) 0.4516 | L(val) 1.5854 | A(val) 0.3224 
[2026-04-17 16:49:47] [32mIntermediate result: 0.3215355295398857  (Index 74)[0m
Epoch 00075 | Time 0.0141s | L(tr) 1.5650 | A(tr) 0.4541 | L(val) 1.5850 | A(val) 0.3215 
[2026-04-17 16:49:47] [32mIntermediate result: 0.3209910155186496  (Index 75)[0m
Epoch 00076 | Time 0.0156s | L(tr) 1.5647 | A(tr) 0.4507 | L(val) 1.5847 | A(val) 0.3210 
[2026-04-17 16:49:47] [32mIntermediate result: 0.3215355295398857  (Index 76)[0m
Epoch 00077 | Time 0.0177s | L(tr) 1.5642 | A(tr) 0.4575 | L(val) 1.5844 | A(val) 0.3215 
[2026-04-17 16:49:47] [32mIntermediate result: 0.3218077865505037  (Index 77)[0m
Epoch 00078 | Time 0.0177s | L(tr) 1.5624 | A(tr) 0.4583 | L(val) 1.5841 | A(val) 0.3218 
[2026-04-17 16:49:47] [32mIntermediate result: 0.32044650149741355  (Index 78)[0m
Epoch 00079 | Time 0.0182s | L(tr) 1.5624 | A(tr) 0.4709 | L(val) 1.5837 | A(val) 0.3204 
[2026-04-17 16:49:47] [32mIntermediate result: 0.3212632725292676  (Index 79)[0m
Epoch 00080 | Time 0.0170s | L(tr) 1.5619 | A(tr) 0.4684 | L(val) 1.5834 | A(val) 0.3213 
[2026-04-17 16:49:47] [32mIntermediate result: 0.32044650149741355  (Index 80)[0m
Epoch 00081 | Time 0.0185s | L(tr) 1.5603 | A(tr) 0.4608 | L(val) 1.5831 | A(val) 0.3204 
[2026-04-17 16:49:47] [32mIntermediate result: 0.3190852164443234  (Index 81)[0m
Epoch 00082 | Time 0.0153s | L(tr) 1.5605 | A(tr) 0.4684 | L(val) 1.5827 | A(val) 0.3191 
[2026-04-17 16:49:47] [32mIntermediate result: 0.3196297304655595  (Index 82)[0m
Epoch 00083 | Time 0.0164s | L(tr) 1.5597 | A(tr) 0.4659 | L(val) 1.5824 | A(val) 0.3196 
[2026-04-17 16:49:47] [32mIntermediate result: 0.3199019874761775  (Index 83)[0m
Epoch 00084 | Time 0.0171s | L(tr) 1.5604 | A(tr) 0.4532 | L(val) 1.5821 | A(val) 0.3199 
[2026-04-17 16:49:47] [32mIntermediate result: 0.3193574734549415  (Index 84)[0m
Epoch 00085 | Time 0.0170s | L(tr) 1.5588 | A(tr) 0.4642 | L(val) 1.5818 | A(val) 0.3194 
[2026-04-17 16:49:47] [32mIntermediate result: 0.31826844541246935  (Index 85)[0m
Epoch 00086 | Time 0.0158s | L(tr) 1.5590 | A(tr) 0.4659 | L(val) 1.5814 | A(val) 0.3183 
[2026-04-17 16:49:47] [32mIntermediate result: 0.3188129594337054  (Index 86)[0m
Epoch 00087 | Time 0.0188s | L(tr) 1.5583 | A(tr) 0.4583 | L(val) 1.5811 | A(val) 0.3188 
[2026-04-17 16:49:47] [32mIntermediate result: 0.3190852164443234  (Index 87)[0m
Epoch 00088 | Time 0.0434s | L(tr) 1.5578 | A(tr) 0.4634 | L(val) 1.5808 | A(val) 0.3191 
[2026-04-17 16:49:47] [32mIntermediate result: 0.3188129594337054  (Index 88)[0m
Epoch 00089 | Time 0.0386s | L(tr) 1.5562 | A(tr) 0.4768 | L(val) 1.5804 | A(val) 0.3188 
[2026-04-17 16:49:47] [32mIntermediate result: 0.31826844541246935  (Index 89)[0m
Epoch 00090 | Time 0.0404s | L(tr) 1.5547 | A(tr) 0.4642 | L(val) 1.5801 | A(val) 0.3183 
[2026-04-17 16:49:47] [32mIntermediate result: 0.31826844541246935  (Index 90)[0m
Epoch 00091 | Time 0.0382s | L(tr) 1.5554 | A(tr) 0.4701 | L(val) 1.5798 | A(val) 0.3183 
[2026-04-17 16:49:47] [32mIntermediate result: 0.3193574734549415  (Index 91)[0m
Epoch 00092 | Time 0.0367s | L(tr) 1.5555 | A(tr) 0.4558 | L(val) 1.5795 | A(val) 0.3194 
[2026-04-17 16:49:47] [32mIntermediate result: 0.3196297304655595  (Index 92)[0m
Epoch 00093 | Time 0.0177s | L(tr) 1.5548 | A(tr) 0.4659 | L(val) 1.5791 | A(val) 0.3196 
[2026-04-17 16:49:47] [32mIntermediate result: 0.3199019874761775  (Index 93)[0m
Epoch 00094 | Time 0.0176s | L(tr) 1.5535 | A(tr) 0.4667 | L(val) 1.5788 | A(val) 0.3199 
[2026-04-17 16:49:47] [32mIntermediate result: 0.3199019874761775  (Index 94)[0m
Epoch 00095 | Time 0.0167s | L(tr) 1.5523 | A(tr) 0.4743 | L(val) 1.5785 | A(val) 0.3199 
[2026-04-17 16:49:47] [32mIntermediate result: 0.3199019874761775  (Index 95)[0m
Epoch 00096 | Time 0.0152s | L(tr) 1.5517 | A(tr) 0.4827 | L(val) 1.5782 | A(val) 0.3199 
[2026-04-17 16:49:47] [32mIntermediate result: 0.3196297304655595  (Index 96)[0m
Epoch 00097 | Time 0.0172s | L(tr) 1.5520 | A(tr) 0.4751 | L(val) 1.5778 | A(val) 0.3196 
[2026-04-17 16:49:47] [32mIntermediate result: 0.32017424448679555  (Index 97)[0m
Epoch 00098 | Time 0.0155s | L(tr) 1.5510 | A(tr) 0.4591 | L(val) 1.5775 | A(val) 0.3202 
[2026-04-17 16:49:47] [32mIntermediate result: 0.3196297304655595  (Index 98)[0m
Epoch 00099 | Time 0.0170s | L(tr) 1.5507 | A(tr) 0.4625 | L(val) 1.5772 | A(val) 0.3196 
[2026-04-17 16:49:47] [32mIntermediate result: 0.3196297304655595  (Index 99)[0m
Epoch 00100 | Time 0.0155s | L(tr) 1.5505 | A(tr) 0.4634 | L(val) 1.5768 | A(val) 0.3196 
[2026-04-17 16:49:47] [32mIntermediate result: 0.3193574734549415  (Index 100)[0m
Epoch 00101 | Time 0.0172s | L(tr) 1.5491 | A(tr) 0.4693 | L(val) 1.5765 | A(val) 0.3194 
[2026-04-17 16:49:47] [32mIntermediate result: 0.3193574734549415  (Index 101)[0m
Epoch 00102 | Time 0.0181s | L(tr) 1.5494 | A(tr) 0.4634 | L(val) 1.5762 | A(val) 0.3194 
[2026-04-17 16:49:48] [32mIntermediate result: 0.3190852164443234  (Index 102)[0m
Epoch 00103 | Time 0.0167s | L(tr) 1.5469 | A(tr) 0.4735 | L(val) 1.5759 | A(val) 0.3191 
[2026-04-17 16:49:48] [32mIntermediate result: 0.3193574734549415  (Index 103)[0m
Epoch 00104 | Time 0.0155s | L(tr) 1.5465 | A(tr) 0.4693 | L(val) 1.5755 | A(val) 0.3194 
[2026-04-17 16:49:48] [32mIntermediate result: 0.3190852164443234  (Index 104)[0m
Epoch 00105 | Time 0.0157s | L(tr) 1.5478 | A(tr) 0.4499 | L(val) 1.5752 | A(val) 0.3191 
[2026-04-17 16:49:48] [32mIntermediate result: 0.3193574734549415  (Index 105)[0m
Epoch 00106 | Time 0.0143s | L(tr) 1.5461 | A(tr) 0.4566 | L(val) 1.5749 | A(val) 0.3194 
[2026-04-17 16:49:48] [32mIntermediate result: 0.3190852164443234  (Index 106)[0m
Epoch 00107 | Time 0.0128s | L(tr) 1.5459 | A(tr) 0.4743 | L(val) 1.5746 | A(val) 0.3191 
[2026-04-17 16:49:48] [32mIntermediate result: 0.3188129594337054  (Index 107)[0m
Epoch 00108 | Time 0.0158s | L(tr) 1.5443 | A(tr) 0.4676 | L(val) 1.5743 | A(val) 0.3188 
[2026-04-17 16:49:48] [32mIntermediate result: 0.3190852164443234  (Index 108)[0m
Epoch 00109 | Time 0.0166s | L(tr) 1.5458 | A(tr) 0.4676 | L(val) 1.5739 | A(val) 0.3191 
[2026-04-17 16:49:48] [32mIntermediate result: 0.3188129594337054  (Index 109)[0m
Epoch 00110 | Time 0.0160s | L(tr) 1.5440 | A(tr) 0.4524 | L(val) 1.5736 | A(val) 0.3188 
[2026-04-17 16:49:48] [32mIntermediate result: 0.3188129594337054  (Index 110)[0m
Epoch 00111 | Time 0.0163s | L(tr) 1.5447 | A(tr) 0.4398 | L(val) 1.5733 | A(val) 0.3188 
[2026-04-17 16:49:48] [32mIntermediate result: 0.3190852164443234  (Index 111)[0m
Epoch 00112 | Time 0.0140s | L(tr) 1.5420 | A(tr) 0.4667 | L(val) 1.5730 | A(val) 0.3191 
[2026-04-17 16:49:48] [32mIntermediate result: 0.3196297304655595  (Index 112)[0m
Epoch 00113 | Time 0.0155s | L(tr) 1.5428 | A(tr) 0.4617 | L(val) 1.5727 | A(val) 0.3196 
[2026-04-17 16:49:48] [32mIntermediate result: 0.3199019874761775  (Index 113)[0m
Epoch 00114 | Time 0.0142s | L(tr) 1.5428 | A(tr) 0.4591 | L(val) 1.5723 | A(val) 0.3199 
[2026-04-17 16:49:48] [32mIntermediate result: 0.3188129594337054  (Index 114)[0m
Epoch 00115 | Time 0.0164s | L(tr) 1.5417 | A(tr) 0.4617 | L(val) 1.5720 | A(val) 0.3188 
[2026-04-17 16:49:48] [32mIntermediate result: 0.3190852164443234  (Index 115)[0m
Epoch 00116 | Time 0.0164s | L(tr) 1.5411 | A(tr) 0.4566 | L(val) 1.5717 | A(val) 0.3191 
[2026-04-17 16:49:48] [32mIntermediate result: 0.3185407024230874  (Index 116)[0m
Epoch 00117 | Time 0.0157s | L(tr) 1.5398 | A(tr) 0.4634 | L(val) 1.5714 | A(val) 0.3185 
[2026-04-17 16:49:48] [32mIntermediate result: 0.3188129594337054  (Index 117)[0m
Epoch 00118 | Time 0.0184s | L(tr) 1.5382 | A(tr) 0.4726 | L(val) 1.5711 | A(val) 0.3188 
[2026-04-17 16:49:48] [32mIntermediate result: 0.31826844541246935  (Index 118)[0m
Epoch 00119 | Time 0.0165s | L(tr) 1.5376 | A(tr) 0.4667 | L(val) 1.5707 | A(val) 0.3183 
[2026-04-17 16:49:48] [32mIntermediate result: 0.31826844541246935  (Index 119)[0m
Epoch 00120 | Time 0.0171s | L(tr) 1.5380 | A(tr) 0.4642 | L(val) 1.5704 | A(val) 0.3183 
[2026-04-17 16:49:48] [32mIntermediate result: 0.31799618840185134  (Index 120)[0m
Epoch 00121 | Time 0.0146s | L(tr) 1.5382 | A(tr) 0.4532 | L(val) 1.5701 | A(val) 0.3180 
[2026-04-17 16:49:48] [32mIntermediate result: 0.31772393139123334  (Index 121)[0m
Epoch 00122 | Time 0.0163s | L(tr) 1.5365 | A(tr) 0.4558 | L(val) 1.5698 | A(val) 0.3177 
[2026-04-17 16:49:48] [32mIntermediate result: 0.31772393139123334  (Index 122)[0m
Epoch 00123 | Time 0.0142s | L(tr) 1.5366 | A(tr) 0.4591 | L(val) 1.5695 | A(val) 0.3177 
[2026-04-17 16:49:48] [32mIntermediate result: 0.3174516743806153  (Index 123)[0m
Epoch 00124 | Time 0.0170s | L(tr) 1.5358 | A(tr) 0.4701 | L(val) 1.5692 | A(val) 0.3175 
[2026-04-17 16:49:48] [32mIntermediate result: 0.3174516743806153  (Index 124)[0m
Epoch 00125 | Time 0.0190s | L(tr) 1.5356 | A(tr) 0.4524 | L(val) 1.5688 | A(val) 0.3175 
[2026-04-17 16:49:48] [32mIntermediate result: 0.31799618840185134  (Index 125)[0m
Epoch 00126 | Time 0.0172s | L(tr) 1.5347 | A(tr) 0.4693 | L(val) 1.5685 | A(val) 0.3180 
[2026-04-17 16:49:48] [32mIntermediate result: 0.31772393139123334  (Index 126)[0m
Epoch 00127 | Time 0.0163s | L(tr) 1.5338 | A(tr) 0.4617 | L(val) 1.5682 | A(val) 0.3177 
[2026-04-17 16:49:48] [32mIntermediate result: 0.3171794173699973  (Index 127)[0m
Epoch 00128 | Time 0.0188s | L(tr) 1.5333 | A(tr) 0.4642 | L(val) 1.5679 | A(val) 0.3172 
[2026-04-17 16:49:48] [32mIntermediate result: 0.3171794173699973  (Index 128)[0m
Epoch 00129 | Time 0.0183s | L(tr) 1.5328 | A(tr) 0.4684 | L(val) 1.5676 | A(val) 0.3172 
[2026-04-17 16:49:48] [32mIntermediate result: 0.3174516743806153  (Index 129)[0m
Epoch 00130 | Time 0.0150s | L(tr) 1.5313 | A(tr) 0.4667 | L(val) 1.5673 | A(val) 0.3175 
[2026-04-17 16:49:48] [32mIntermediate result: 0.31772393139123334  (Index 130)[0m
Epoch 00131 | Time 0.0173s | L(tr) 1.5305 | A(tr) 0.4642 | L(val) 1.5670 | A(val) 0.3177 
[2026-04-17 16:49:48] [32mIntermediate result: 0.31799618840185134  (Index 131)[0m
Epoch 00132 | Time 0.0143s | L(tr) 1.5314 | A(tr) 0.4667 | L(val) 1.5666 | A(val) 0.3180 
[2026-04-17 16:49:48] [32mIntermediate result: 0.31826844541246935  (Index 132)[0m
Epoch 00133 | Time 0.0162s | L(tr) 1.5276 | A(tr) 0.4642 | L(val) 1.5663 | A(val) 0.3183 
[2026-04-17 16:49:48] [32mIntermediate result: 0.31826844541246935  (Index 133)[0m
Epoch 00134 | Time 0.0176s | L(tr) 1.5293 | A(tr) 0.4507 | L(val) 1.5660 | A(val) 0.3183 
[2026-04-17 16:49:48] [32mIntermediate result: 0.31826844541246935  (Index 134)[0m
Epoch 00135 | Time 0.0148s | L(tr) 1.5273 | A(tr) 0.4650 | L(val) 1.5657 | A(val) 0.3183 
[2026-04-17 16:49:48] [32mIntermediate result: 0.3188129594337054  (Index 135)[0m
Epoch 00136 | Time 0.0194s | L(tr) 1.5278 | A(tr) 0.4473 | L(val) 1.5654 | A(val) 0.3188 
[2026-04-17 16:49:48] [32mIntermediate result: 0.3190852164443234  (Index 136)[0m
Epoch 00137 | Time 0.0156s | L(tr) 1.5263 | A(tr) 0.4726 | L(val) 1.5651 | A(val) 0.3191 
[2026-04-17 16:49:48] [32mIntermediate result: 0.3190852164443234  (Index 137)[0m
Epoch 00138 | Time 0.0184s | L(tr) 1.5275 | A(tr) 0.4617 | L(val) 1.5648 | A(val) 0.3191 
[2026-04-17 16:49:48] [32mIntermediate result: 0.3193574734549415  (Index 138)[0m
Epoch 00139 | Time 0.0162s | L(tr) 1.5256 | A(tr) 0.4701 | L(val) 1.5645 | A(val) 0.3194 
[2026-04-17 16:49:48] [32mIntermediate result: 0.3193574734549415  (Index 139)[0m
Epoch 00140 | Time 0.0147s | L(tr) 1.5246 | A(tr) 0.4693 | L(val) 1.5642 | A(val) 0.3194 
[2026-04-17 16:49:48] [32mIntermediate result: 0.3193574734549415  (Index 140)[0m
Epoch 00141 | Time 0.0179s | L(tr) 1.5247 | A(tr) 0.4650 | L(val) 1.5638 | A(val) 0.3194 
[2026-04-17 16:49:48] [32mIntermediate result: 0.3185407024230874  (Index 141)[0m
Epoch 00142 | Time 0.0166s | L(tr) 1.5242 | A(tr) 0.4591 | L(val) 1.5635 | A(val) 0.3185 
[2026-04-17 16:49:48] [32mIntermediate result: 0.3185407024230874  (Index 142)[0m
Epoch 00143 | Time 0.0107s | L(tr) 1.5248 | A(tr) 0.4482 | L(val) 1.5632 | A(val) 0.3185 
[2026-04-17 16:49:48] [32mIntermediate result: 0.3185407024230874  (Index 143)[0m
Epoch 00144 | Time 0.0163s | L(tr) 1.5238 | A(tr) 0.4541 | L(val) 1.5629 | A(val) 0.3185 
[2026-04-17 16:49:48] [32mIntermediate result: 0.3188129594337054  (Index 144)[0m
Epoch 00145 | Time 0.0136s | L(tr) 1.5226 | A(tr) 0.4608 | L(val) 1.5626 | A(val) 0.3188 
[2026-04-17 16:49:48] [32mIntermediate result: 0.3188129594337054  (Index 145)[0m
Epoch 00146 | Time 0.0139s | L(tr) 1.5220 | A(tr) 0.4684 | L(val) 1.5623 | A(val) 0.3188 
[2026-04-17 16:49:48] [32mIntermediate result: 0.3188129594337054  (Index 146)[0m
Epoch 00147 | Time 0.0157s | L(tr) 1.5214 | A(tr) 0.4583 | L(val) 1.5620 | A(val) 0.3188 
[2026-04-17 16:49:48] [32mIntermediate result: 0.3185407024230874  (Index 147)[0m
Epoch 00148 | Time 0.0151s | L(tr) 1.5214 | A(tr) 0.4642 | L(val) 1.5617 | A(val) 0.3185 
[2026-04-17 16:49:48] [32mIntermediate result: 0.3188129594337054  (Index 148)[0m
Epoch 00149 | Time 0.0152s | L(tr) 1.5219 | A(tr) 0.4516 | L(val) 1.5614 | A(val) 0.3188 
[2026-04-17 16:49:48] [32mIntermediate result: 0.3185407024230874  (Index 149)[0m
Epoch 00150 | Time 0.0144s | L(tr) 1.5215 | A(tr) 0.4524 | L(val) 1.5611 | A(val) 0.3185 
[2026-04-17 16:49:48] [32mIntermediate result: 0.3185407024230874  (Index 150)[0m
Epoch 00151 | Time 0.0151s | L(tr) 1.5197 | A(tr) 0.4575 | L(val) 1.5608 | A(val) 0.3185 
[2026-04-17 16:49:48] [32mIntermediate result: 0.3188129594337054  (Index 151)[0m
Epoch 00152 | Time 0.0150s | L(tr) 1.5177 | A(tr) 0.4583 | L(val) 1.5604 | A(val) 0.3188 
[2026-04-17 16:49:48] [32mIntermediate result: 0.3185407024230874  (Index 152)[0m
Epoch 00153 | Time 0.0135s | L(tr) 1.5170 | A(tr) 0.4524 | L(val) 1.5601 | A(val) 0.3185 
[2026-04-17 16:49:48] [32mIntermediate result: 0.31799618840185134  (Index 153)[0m
Epoch 00154 | Time 0.0164s | L(tr) 1.5167 | A(tr) 0.4490 | L(val) 1.5598 | A(val) 0.3180 
[2026-04-17 16:49:48] [32mIntermediate result: 0.31799618840185134  (Index 154)[0m
Epoch 00155 | Time 0.0167s | L(tr) 1.5167 | A(tr) 0.4482 | L(val) 1.5595 | A(val) 0.3180 
[2026-04-17 16:49:48] [32mIntermediate result: 0.31772393139123334  (Index 155)[0m
Epoch 00156 | Time 0.0207s | L(tr) 1.5178 | A(tr) 0.4457 | L(val) 1.5592 | A(val) 0.3177 
[2026-04-17 16:49:48] [32mIntermediate result: 0.31799618840185134  (Index 156)[0m
Epoch 00157 | Time 0.0159s | L(tr) 1.5147 | A(tr) 0.4726 | L(val) 1.5589 | A(val) 0.3180 
[2026-04-17 16:49:48] [32mIntermediate result: 0.31799618840185134  (Index 157)[0m
Epoch 00158 | Time 0.0137s | L(tr) 1.5148 | A(tr) 0.4549 | L(val) 1.5586 | A(val) 0.3180 
[2026-04-17 16:49:48] [32mIntermediate result: 0.31799618840185134  (Index 158)[0m
Epoch 00159 | Time 0.0131s | L(tr) 1.5132 | A(tr) 0.4591 | L(val) 1.5583 | A(val) 0.3180 
[2026-04-17 16:49:48] [32mIntermediate result: 0.31826844541246935  (Index 159)[0m
Epoch 00160 | Time 0.0118s | L(tr) 1.5144 | A(tr) 0.4507 | L(val) 1.5580 | A(val) 0.3183 
[2026-04-17 16:49:48] [32mIntermediate result: 0.3185407024230874  (Index 160)[0m
Epoch 00161 | Time 0.0160s | L(tr) 1.5115 | A(tr) 0.4558 | L(val) 1.5577 | A(val) 0.3185 
[2026-04-17 16:49:48] [32mIntermediate result: 0.31826844541246935  (Index 161)[0m
Epoch 00162 | Time 0.0148s | L(tr) 1.5133 | A(tr) 0.4591 | L(val) 1.5574 | A(val) 0.3183 
[2026-04-17 16:49:48] [32mIntermediate result: 0.31826844541246935  (Index 162)[0m
Epoch 00163 | Time 0.0159s | L(tr) 1.5097 | A(tr) 0.4575 | L(val) 1.5571 | A(val) 0.3183 
[2026-04-17 16:49:48] [32mIntermediate result: 0.3185407024230874  (Index 163)[0m
Epoch 00164 | Time 0.0153s | L(tr) 1.5114 | A(tr) 0.4566 | L(val) 1.5568 | A(val) 0.3185 
[2026-04-17 16:49:48] [32mIntermediate result: 0.3185407024230874  (Index 164)[0m
Epoch 00165 | Time 0.0122s | L(tr) 1.5099 | A(tr) 0.4659 | L(val) 1.5564 | A(val) 0.3185 
[2026-04-17 16:49:48] [32mIntermediate result: 0.3185407024230874  (Index 165)[0m
Epoch 00166 | Time 0.0116s | L(tr) 1.5091 | A(tr) 0.4583 | L(val) 1.5561 | A(val) 0.3185 
[2026-04-17 16:49:49] [32mIntermediate result: 0.3185407024230874  (Index 166)[0m
Epoch 00167 | Time 0.0131s | L(tr) 1.5103 | A(tr) 0.4659 | L(val) 1.5558 | A(val) 0.3185 
[2026-04-17 16:49:49] [32mIntermediate result: 0.3185407024230874  (Index 167)[0m
Epoch 00168 | Time 0.0133s | L(tr) 1.5077 | A(tr) 0.4608 | L(val) 1.5555 | A(val) 0.3185 
[2026-04-17 16:49:49] [32mIntermediate result: 0.3185407024230874  (Index 168)[0m
Epoch 00169 | Time 0.0152s | L(tr) 1.5074 | A(tr) 0.4482 | L(val) 1.5552 | A(val) 0.3185 
[2026-04-17 16:49:49] [32mIntermediate result: 0.3185407024230874  (Index 169)[0m
Epoch 00170 | Time 0.0141s | L(tr) 1.5082 | A(tr) 0.4591 | L(val) 1.5549 | A(val) 0.3185 
[2026-04-17 16:49:49] [32mIntermediate result: 0.3185407024230874  (Index 170)[0m
Epoch 00171 | Time 0.0126s | L(tr) 1.5091 | A(tr) 0.4549 | L(val) 1.5546 | A(val) 0.3185 
[2026-04-17 16:49:49] [32mIntermediate result: 0.3185407024230874  (Index 171)[0m
Epoch 00172 | Time 0.0130s | L(tr) 1.5050 | A(tr) 0.4558 | L(val) 1.5543 | A(val) 0.3185 
[2026-04-17 16:49:49] [32mIntermediate result: 0.3185407024230874  (Index 172)[0m
Epoch 00173 | Time 0.0158s | L(tr) 1.5049 | A(tr) 0.4524 | L(val) 1.5540 | A(val) 0.3185 
[2026-04-17 16:49:49] [32mIntermediate result: 0.3185407024230874  (Index 173)[0m
Epoch 00174 | Time 0.0166s | L(tr) 1.5063 | A(tr) 0.4549 | L(val) 1.5537 | A(val) 0.3185 
[2026-04-17 16:49:49] [32mIntermediate result: 0.3188129594337054  (Index 174)[0m
Epoch 00175 | Time 0.0142s | L(tr) 1.5035 | A(tr) 0.4634 | L(val) 1.5534 | A(val) 0.3188 
[2026-04-17 16:49:49] [32mIntermediate result: 0.3188129594337054  (Index 175)[0m
Epoch 00176 | Time 0.0147s | L(tr) 1.5031 | A(tr) 0.4465 | L(val) 1.5531 | A(val) 0.3188 
[2026-04-17 16:49:49] [32mIntermediate result: 0.3185407024230874  (Index 176)[0m
Epoch 00177 | Time 0.0171s | L(tr) 1.5022 | A(tr) 0.4532 | L(val) 1.5528 | A(val) 0.3185 
[2026-04-17 16:49:49] [32mIntermediate result: 0.3185407024230874  (Index 177)[0m
Epoch 00178 | Time 0.0170s | L(tr) 1.5003 | A(tr) 0.4482 | L(val) 1.5525 | A(val) 0.3185 
[2026-04-17 16:49:49] [32mIntermediate result: 0.3185407024230874  (Index 178)[0m
Epoch 00179 | Time 0.0167s | L(tr) 1.5040 | A(tr) 0.4431 | L(val) 1.5522 | A(val) 0.3185 
[2026-04-17 16:49:49] [32mIntermediate result: 0.3185407024230874  (Index 179)[0m
Epoch 00180 | Time 0.0169s | L(tr) 1.4984 | A(tr) 0.4600 | L(val) 1.5519 | A(val) 0.3185 
[2026-04-17 16:49:49] [32mIntermediate result: 0.3185407024230874  (Index 180)[0m
Epoch 00181 | Time 0.0158s | L(tr) 1.5004 | A(tr) 0.4473 | L(val) 1.5516 | A(val) 0.3185 
[2026-04-17 16:49:49] [32mIntermediate result: 0.3185407024230874  (Index 181)[0m
Epoch 00182 | Time 0.0154s | L(tr) 1.5008 | A(tr) 0.4575 | L(val) 1.5513 | A(val) 0.3185 
[2026-04-17 16:49:49] [32mIntermediate result: 0.3185407024230874  (Index 182)[0m
Epoch 00183 | Time 0.0125s | L(tr) 1.4992 | A(tr) 0.4617 | L(val) 1.5510 | A(val) 0.3185 
[2026-04-17 16:49:49] [32mIntermediate result: 0.3185407024230874  (Index 183)[0m
Epoch 00184 | Time 0.0129s | L(tr) 1.4968 | A(tr) 0.4566 | L(val) 1.5507 | A(val) 0.3185 
[2026-04-17 16:49:49] [32mIntermediate result: 0.3185407024230874  (Index 184)[0m
Epoch 00185 | Time 0.0157s | L(tr) 1.4970 | A(tr) 0.4499 | L(val) 1.5504 | A(val) 0.3185 
[2026-04-17 16:49:49] [32mIntermediate result: 0.3185407024230874  (Index 185)[0m
Epoch 00186 | Time 0.0161s | L(tr) 1.4984 | A(tr) 0.4591 | L(val) 1.5501 | A(val) 0.3185 
[2026-04-17 16:49:49] [32mIntermediate result: 0.3185407024230874  (Index 186)[0m
Epoch 00187 | Time 0.0154s | L(tr) 1.4950 | A(tr) 0.4490 | L(val) 1.5498 | A(val) 0.3185 
[2026-04-17 16:49:49] [32mIntermediate result: 0.3185407024230874  (Index 187)[0m
Epoch 00188 | Time 0.0129s | L(tr) 1.4940 | A(tr) 0.4490 | L(val) 1.5495 | A(val) 0.3185 
[2026-04-17 16:49:49] [32mIntermediate result: 0.3185407024230874  (Index 188)[0m
Epoch 00189 | Time 0.0136s | L(tr) 1.4938 | A(tr) 0.4499 | L(val) 1.5492 | A(val) 0.3185 
[2026-04-17 16:49:49] [32mIntermediate result: 0.3185407024230874  (Index 189)[0m
Epoch 00190 | Time 0.0164s | L(tr) 1.4921 | A(tr) 0.4575 | L(val) 1.5489 | A(val) 0.3185 
[2026-04-17 16:49:49] [32mIntermediate result: 0.3185407024230874  (Index 190)[0m
Epoch 00191 | Time 0.0158s | L(tr) 1.4947 | A(tr) 0.4541 | L(val) 1.5486 | A(val) 0.3185 
[2026-04-17 16:49:49] [32mIntermediate result: 0.3188129594337054  (Index 191)[0m
Epoch 00192 | Time 0.0157s | L(tr) 1.4937 | A(tr) 0.4499 | L(val) 1.5483 | A(val) 0.3188 
[2026-04-17 16:49:49] [32mIntermediate result: 0.3188129594337054  (Index 192)[0m
Epoch 00193 | Time 0.0172s | L(tr) 1.4925 | A(tr) 0.4532 | L(val) 1.5480 | A(val) 0.3188 
[2026-04-17 16:49:49] [32mIntermediate result: 0.3188129594337054  (Index 193)[0m
Epoch 00194 | Time 0.0146s | L(tr) 1.4902 | A(tr) 0.4499 | L(val) 1.5477 | A(val) 0.3188 
[2026-04-17 16:49:49] [32mIntermediate result: 0.3185407024230874  (Index 194)[0m
Epoch 00195 | Time 0.0134s | L(tr) 1.4901 | A(tr) 0.4448 | L(val) 1.5474 | A(val) 0.3185 
[2026-04-17 16:49:49] [32mIntermediate result: 0.3185407024230874  (Index 195)[0m
Epoch 00196 | Time 0.0122s | L(tr) 1.4907 | A(tr) 0.4482 | L(val) 1.5471 | A(val) 0.3185 
[2026-04-17 16:49:49] [32mIntermediate result: 0.3185407024230874  (Index 196)[0m
Epoch 00197 | Time 0.0112s | L(tr) 1.4906 | A(tr) 0.4499 | L(val) 1.5468 | A(val) 0.3185 
[2026-04-17 16:49:49] [32mIntermediate result: 0.3185407024230874  (Index 197)[0m
Epoch 00198 | Time 0.0121s | L(tr) 1.4893 | A(tr) 0.4532 | L(val) 1.5466 | A(val) 0.3185 
[2026-04-17 16:49:49] [32mIntermediate result: 0.3185407024230874  (Index 198)[0m
Epoch 00199 | Time 0.0108s | L(tr) 1.4855 | A(tr) 0.4507 | L(val) 1.5463 | A(val) 0.3185 
[2026-04-17 16:49:49] [32mIntermediate result: 0.3185407024230874  (Index 199)[0m
Epoch 00200 | Time 0.0121s | L(tr) 1.4861 | A(tr) 0.4583 | L(val) 1.5460 | A(val) 0.3185 
Traceback (most recent call last):
  File "C:\Users\fbrev\Documents\Acadêmico\Simulações\Python\NoisyGL\single_exp.py", line 226, in <module>
    train_thread.join()
  File "C:\Users\fbrev\anaconda3\envs\noisygl\Lib\threading.py", line 1119, in join
    self._wait_for_tstate_lock()
  File "C:\Users\fbrev\anaconda3\envs\noisygl\Lib\threading.py", line 1139, in _wait_for_tstate_lock
    if lock.acquire(block, timeout):
       ^^^^^^^^^^^^^^^^^^^^^^^^^^^^
KeyboardInterrupt
