Namespace(dataset='amazon-ratings', method='lnpcc', noise_type='random', noise_rate=0.2, device='cuda:0', seed=3005, params_json='{"knn_mode": "p", "k": 20, "dexp": 8.0049824198425, "p_grd": 0.42392200337251207, "unc_rem": 0.8797320474881939, "unc_rel": 0.6719642934249541, "dropout": 0.6093840030345445, "n_hidden": 64, "n_layer": 4, "lr": 0.001, "weight_decay": 1e-05}')
----Data statistics------'
                Name: amazon-ratings
                #Nodes 24492
                #Edges 93050
                #Classes 5
                #Ave_degree 7.60
----Split statistics------'
                #Train samples 1224 (5.0 % of nodes)
                #Val samples 3673 (15.0 % of nodes)
                #Test samples 19595 (remaining)
Current device: cpu
[Params] Overriding from --params_json: {'knn_mode': 'p', 'k': 20, 'dexp': 8.0049824198425, 'p_grd': 0.42392200337251207, 'unc_rem': 0.8797320474881939, 'unc_rel': 0.6719642934249541, 'dropout': 0.6093840030345445, 'n_hidden': 64, 'n_layer': 4, 'lr': 0.001, 'weight_decay': 1e-05}
----label noise information:------
Random noise
#Actual noise rate 0.20 
[2026-04-17 16:38:36] [32mIntermediate result: 0.3267084127416281  (Index 0)[0m
Epoch 00001 | Time 0.5664s | L(tr) 1.6114 | A(tr) 0.1684 | L(val) 1.6059 | A(val) 0.3267 *
[2026-04-17 16:38:36] [32mIntermediate result: 0.32861421181595424  (Index 1)[0m
Epoch 00002 | Time 0.0382s | L(tr) 1.6060 | A(tr) 0.2862 | L(val) 1.6000 | A(val) 0.3286 *
[2026-04-17 16:38:36] [32mIntermediate result: 0.32861421181595424  (Index 2)[0m
Epoch 00003 | Time 0.0388s | L(tr) 1.5986 | A(tr) 0.3320 | L(val) 1.5942 | A(val) 0.3286 
[2026-04-17 16:38:36] [32mIntermediate result: 0.32861421181595424  (Index 3)[0m
Epoch 00004 | Time 0.0395s | L(tr) 1.5928 | A(tr) 0.3320 | L(val) 1.5888 | A(val) 0.3286 
[2026-04-17 16:38:36] [32mIntermediate result: 0.32861421181595424  (Index 4)[0m
Epoch 00005 | Time 0.0403s | L(tr) 1.5870 | A(tr) 0.3344 | L(val) 1.5834 | A(val) 0.3286 
[2026-04-17 16:38:36] [32mIntermediate result: 0.32861421181595424  (Index 5)[0m
Epoch 00006 | Time 0.0366s | L(tr) 1.5806 | A(tr) 0.3344 | L(val) 1.5778 | A(val) 0.3286 
[2026-04-17 16:38:36] [32mIntermediate result: 0.32861421181595424  (Index 6)[0m
Epoch 00007 | Time 0.0371s | L(tr) 1.5758 | A(tr) 0.3320 | L(val) 1.5717 | A(val) 0.3286 
[2026-04-17 16:38:36] [32mIntermediate result: 0.32861421181595424  (Index 7)[0m
Epoch 00008 | Time 0.0424s | L(tr) 1.5685 | A(tr) 0.3303 | L(val) 1.5652 | A(val) 0.3286 
[2026-04-17 16:38:36] [32mIntermediate result: 0.32861421181595424  (Index 8)[0m
Epoch 00009 | Time 0.0371s | L(tr) 1.5604 | A(tr) 0.3312 | L(val) 1.5585 | A(val) 0.3286 
[2026-04-17 16:38:36] [32mIntermediate result: 0.32861421181595424  (Index 9)[0m
Epoch 00010 | Time 0.0379s | L(tr) 1.5533 | A(tr) 0.3320 | L(val) 1.5516 | A(val) 0.3286 
[2026-04-17 16:38:36] [32mIntermediate result: 0.32861421181595424  (Index 10)[0m
Epoch 00011 | Time 0.0376s | L(tr) 1.5445 | A(tr) 0.3320 | L(val) 1.5446 | A(val) 0.3286 
[2026-04-17 16:38:36] [32mIntermediate result: 0.32861421181595424  (Index 11)[0m
Epoch 00012 | Time 0.0395s | L(tr) 1.5389 | A(tr) 0.3320 | L(val) 1.5377 | A(val) 0.3286 
[2026-04-17 16:38:36] [32mIntermediate result: 0.32861421181595424  (Index 12)[0m
Epoch 00013 | Time 0.0403s | L(tr) 1.5302 | A(tr) 0.3320 | L(val) 1.5309 | A(val) 0.3286 
[2026-04-17 16:38:36] [32mIntermediate result: 0.32861421181595424  (Index 13)[0m
Epoch 00014 | Time 0.0392s | L(tr) 1.5260 | A(tr) 0.3320 | L(val) 1.5245 | A(val) 0.3286 
[2026-04-17 16:38:36] [32mIntermediate result: 0.32861421181595424  (Index 14)[0m
Epoch 00015 | Time 0.0366s | L(tr) 1.5162 | A(tr) 0.3320 | L(val) 1.5186 | A(val) 0.3286 
[2026-04-17 16:38:36] [32mIntermediate result: 0.32861421181595424  (Index 15)[0m
Epoch 00016 | Time 0.0392s | L(tr) 1.5102 | A(tr) 0.3320 | L(val) 1.5134 | A(val) 0.3286 
[2026-04-17 16:38:36] [32mIntermediate result: 0.32861421181595424  (Index 16)[0m
Epoch 00017 | Time 0.0382s | L(tr) 1.5032 | A(tr) 0.3320 | L(val) 1.5091 | A(val) 0.3286 
[2026-04-17 16:38:36] [32mIntermediate result: 0.32861421181595424  (Index 17)[0m
Epoch 00018 | Time 0.0382s | L(tr) 1.4962 | A(tr) 0.3320 | L(val) 1.5060 | A(val) 0.3286 
[2026-04-17 16:38:36] [32mIntermediate result: 0.32861421181595424  (Index 18)[0m
Epoch 00019 | Time 0.0366s | L(tr) 1.4932 | A(tr) 0.3320 | L(val) 1.5039 | A(val) 0.3286 
[2026-04-17 16:38:36] [32mIntermediate result: 0.32861421181595424  (Index 19)[0m
Epoch 00020 | Time 0.0355s | L(tr) 1.4873 | A(tr) 0.3320 | L(val) 1.5028 | A(val) 0.3286 
[2026-04-17 16:38:36] [32mIntermediate result: 0.32861421181595424  (Index 20)[0m
Epoch 00021 | Time 0.0349s | L(tr) 1.4884 | A(tr) 0.3320 | L(val) 1.5024 | A(val) 0.3286 
[2026-04-17 16:38:36] [32mIntermediate result: 0.32861421181595424  (Index 21)[0m
Epoch 00022 | Time 0.0383s | L(tr) 1.4887 | A(tr) 0.3312 | L(val) 1.5023 | A(val) 0.3286 
[2026-04-17 16:38:37] [32mIntermediate result: 0.32861421181595424  (Index 22)[0m
Epoch 00023 | Time 0.1803s | L(tr) 1.4873 | A(tr) 0.3320 | L(val) 1.5023 | A(val) 0.3286 
[2026-04-17 16:38:37] [32mIntermediate result: 0.32861421181595424  (Index 23)[0m
Epoch 00024 | Time 0.0739s | L(tr) 1.4829 | A(tr) 0.3328 | L(val) 1.5021 | A(val) 0.3286 
[2026-04-17 16:38:37] [32mIntermediate result: 0.32861421181595424  (Index 24)[0m
Epoch 00025 | Time 0.0268s | L(tr) 1.4884 | A(tr) 0.3320 | L(val) 1.5018 | A(val) 0.3286 
[2026-04-17 16:38:37] [32mIntermediate result: 0.32861421181595424  (Index 25)[0m
Epoch 00026 | Time 0.0270s | L(tr) 1.4849 | A(tr) 0.3312 | L(val) 1.5013 | A(val) 0.3286 
[2026-04-17 16:38:37] [32mIntermediate result: 0.32861421181595424  (Index 26)[0m
Epoch 00027 | Time 0.0245s | L(tr) 1.4785 | A(tr) 0.3312 | L(val) 1.5010 | A(val) 0.3286 
[2026-04-17 16:38:37] [32mIntermediate result: 0.32861421181595424  (Index 27)[0m
Epoch 00028 | Time 0.0248s | L(tr) 1.4786 | A(tr) 0.3287 | L(val) 1.5006 | A(val) 0.3286 
[2026-04-17 16:38:37] [32mIntermediate result: 0.32861421181595424  (Index 28)[0m
Epoch 00029 | Time 0.0265s | L(tr) 1.4781 | A(tr) 0.3287 | L(val) 1.5005 | A(val) 0.3286 
[2026-04-17 16:38:37] [32mIntermediate result: 0.32861421181595424  (Index 29)[0m
Epoch 00030 | Time 0.0311s | L(tr) 1.4790 | A(tr) 0.3213 | L(val) 1.5004 | A(val) 0.3286 
[2026-04-17 16:38:37] [32mIntermediate result: 0.32861421181595424  (Index 30)[0m
Epoch 00031 | Time 0.0266s | L(tr) 1.4723 | A(tr) 0.3271 | L(val) 1.5005 | A(val) 0.3286 
[2026-04-17 16:38:37] [32mIntermediate result: 0.32861421181595424  (Index 31)[0m
Epoch 00032 | Time 0.0236s | L(tr) 1.4788 | A(tr) 0.3222 | L(val) 1.5006 | A(val) 0.3286 
[2026-04-17 16:38:37] [32mIntermediate result: 0.32861421181595424  (Index 32)[0m
Epoch 00033 | Time 0.0253s | L(tr) 1.4884 | A(tr) 0.3230 | L(val) 1.5005 | A(val) 0.3286 
[2026-04-17 16:38:37] [32mIntermediate result: 0.32861421181595424  (Index 33)[0m
Epoch 00034 | Time 0.0273s | L(tr) 1.4798 | A(tr) 0.3140 | L(val) 1.5003 | A(val) 0.3286 
[2026-04-17 16:38:37] [32mIntermediate result: 0.32861421181595424  (Index 34)[0m
Epoch 00035 | Time 0.0267s | L(tr) 1.4757 | A(tr) 0.3238 | L(val) 1.4999 | A(val) 0.3286 
[2026-04-17 16:38:37] [32mIntermediate result: 0.32861421181595424  (Index 35)[0m
Epoch 00036 | Time 0.0274s | L(tr) 1.4796 | A(tr) 0.3115 | L(val) 1.4993 | A(val) 0.3286 
[2026-04-17 16:38:37] [32mIntermediate result: 0.32861421181595424  (Index 36)[0m
Epoch 00037 | Time 0.0254s | L(tr) 1.4775 | A(tr) 0.3352 | L(val) 1.4986 | A(val) 0.3286 
[2026-04-17 16:38:37] [32mIntermediate result: 0.32861421181595424  (Index 37)[0m
Epoch 00038 | Time 0.0236s | L(tr) 1.4816 | A(tr) 0.3074 | L(val) 1.4978 | A(val) 0.3286 
[2026-04-17 16:38:37] [32mIntermediate result: 0.32861421181595424  (Index 38)[0m
Epoch 00039 | Time 0.0256s | L(tr) 1.4785 | A(tr) 0.3295 | L(val) 1.4970 | A(val) 0.3286 
[2026-04-17 16:38:37] [32mIntermediate result: 0.32861421181595424  (Index 39)[0m
Epoch 00040 | Time 0.0281s | L(tr) 1.4793 | A(tr) 0.3303 | L(val) 1.4963 | A(val) 0.3286 
[2026-04-17 16:38:37] [32mIntermediate result: 0.32861421181595424  (Index 40)[0m
Epoch 00041 | Time 0.0251s | L(tr) 1.4771 | A(tr) 0.3197 | L(val) 1.4956 | A(val) 0.3286 
[2026-04-17 16:38:37] [32mIntermediate result: 0.32861421181595424  (Index 41)[0m
Epoch 00042 | Time 0.0271s | L(tr) 1.4725 | A(tr) 0.3181 | L(val) 1.4950 | A(val) 0.3286 
[2026-04-17 16:38:37] [32mIntermediate result: 0.32861421181595424  (Index 42)[0m
Epoch 00043 | Time 0.0281s | L(tr) 1.4704 | A(tr) 0.3303 | L(val) 1.4946 | A(val) 0.3286 
[2026-04-17 16:38:37] [32mIntermediate result: 0.32861421181595424  (Index 43)[0m
Epoch 00044 | Time 0.0275s | L(tr) 1.4795 | A(tr) 0.3295 | L(val) 1.4943 | A(val) 0.3286 
[2026-04-17 16:38:37] [32mIntermediate result: 0.32861421181595424  (Index 44)[0m
Epoch 00045 | Time 0.0281s | L(tr) 1.4731 | A(tr) 0.3303 | L(val) 1.4941 | A(val) 0.3286 
[2026-04-17 16:38:37] [32mIntermediate result: 0.32861421181595424  (Index 45)[0m
Epoch 00046 | Time 0.0276s | L(tr) 1.4714 | A(tr) 0.3369 | L(val) 1.4940 | A(val) 0.3286 
[2026-04-17 16:38:37] [32mIntermediate result: 0.32861421181595424  (Index 46)[0m
Epoch 00047 | Time 0.0281s | L(tr) 1.4665 | A(tr) 0.3287 | L(val) 1.4939 | A(val) 0.3286 
[2026-04-17 16:38:37] [32mIntermediate result: 0.32861421181595424  (Index 47)[0m
Epoch 00048 | Time 0.0278s | L(tr) 1.4663 | A(tr) 0.3352 | L(val) 1.4940 | A(val) 0.3286 
[2026-04-17 16:38:37] [32mIntermediate result: 0.32861421181595424  (Index 48)[0m
Epoch 00049 | Time 0.0310s | L(tr) 1.4681 | A(tr) 0.3287 | L(val) 1.4940 | A(val) 0.3286 
[2026-04-17 16:38:37] [32mIntermediate result: 0.32861421181595424  (Index 49)[0m
Epoch 00050 | Time 0.0280s | L(tr) 1.4687 | A(tr) 0.3295 | L(val) 1.4940 | A(val) 0.3286 
[2026-04-17 16:38:37] [32mIntermediate result: 0.32861421181595424  (Index 50)[0m
Epoch 00051 | Time 0.0282s | L(tr) 1.4659 | A(tr) 0.3279 | L(val) 1.4938 | A(val) 0.3286 
[2026-04-17 16:38:37] [32mIntermediate result: 0.32861421181595424  (Index 51)[0m
Epoch 00052 | Time 0.0295s | L(tr) 1.4674 | A(tr) 0.3328 | L(val) 1.4936 | A(val) 0.3286 
[2026-04-17 16:38:37] [32mIntermediate result: 0.32861421181595424  (Index 52)[0m
Epoch 00053 | Time 0.0245s | L(tr) 1.4711 | A(tr) 0.3303 | L(val) 1.4933 | A(val) 0.3286 
[2026-04-17 16:38:37] [32mIntermediate result: 0.32861421181595424  (Index 53)[0m
Epoch 00054 | Time 0.0259s | L(tr) 1.4642 | A(tr) 0.3352 | L(val) 1.4929 | A(val) 0.3286 
[2026-04-17 16:38:37] [32mIntermediate result: 0.32861421181595424  (Index 54)[0m
Epoch 00055 | Time 0.0283s | L(tr) 1.4633 | A(tr) 0.3303 | L(val) 1.4925 | A(val) 0.3286 
[2026-04-17 16:38:37] [32mIntermediate result: 0.32834195480533623  (Index 55)[0m
Epoch 00056 | Time 0.0280s | L(tr) 1.4592 | A(tr) 0.3352 | L(val) 1.4922 | A(val) 0.3283 
[2026-04-17 16:38:37] [32mIntermediate result: 0.32834195480533623  (Index 56)[0m
Epoch 00057 | Time 0.0276s | L(tr) 1.4618 | A(tr) 0.3361 | L(val) 1.4920 | A(val) 0.3283 
[2026-04-17 16:38:37] [32mIntermediate result: 0.32806969779471823  (Index 57)[0m
Epoch 00058 | Time 0.0275s | L(tr) 1.4625 | A(tr) 0.3352 | L(val) 1.4919 | A(val) 0.3281 
[2026-04-17 16:38:38] [32mIntermediate result: 0.32806969779471823  (Index 58)[0m
Epoch 00059 | Time 0.0267s | L(tr) 1.4588 | A(tr) 0.3320 | L(val) 1.4918 | A(val) 0.3281 
[2026-04-17 16:38:38] [32mIntermediate result: 0.32806969779471823  (Index 59)[0m
Epoch 00060 | Time 0.0278s | L(tr) 1.4582 | A(tr) 0.3410 | L(val) 1.4917 | A(val) 0.3281 
[2026-04-17 16:38:38] [32mIntermediate result: 0.32806969779471823  (Index 60)[0m
Epoch 00061 | Time 0.0274s | L(tr) 1.4575 | A(tr) 0.3312 | L(val) 1.4916 | A(val) 0.3281 
[2026-04-17 16:38:38] [32mIntermediate result: 0.32779744078410017  (Index 61)[0m
Epoch 00062 | Time 0.0293s | L(tr) 1.4576 | A(tr) 0.3377 | L(val) 1.4916 | A(val) 0.3278 
[2026-04-17 16:38:38] [32mIntermediate result: 0.32779744078410017  (Index 62)[0m
Epoch 00063 | Time 0.0311s | L(tr) 1.4535 | A(tr) 0.3401 | L(val) 1.4915 | A(val) 0.3278 
[2026-04-17 16:38:38] [32mIntermediate result: 0.3267084127416281  (Index 63)[0m
Epoch 00064 | Time 0.0344s | L(tr) 1.4526 | A(tr) 0.3426 | L(val) 1.4914 | A(val) 0.3267 
[2026-04-17 16:38:38] [32mIntermediate result: 0.3267084127416281  (Index 64)[0m
Epoch 00065 | Time 0.0245s | L(tr) 1.4540 | A(tr) 0.3312 | L(val) 1.4913 | A(val) 0.3267 
[2026-04-17 16:38:38] [32mIntermediate result: 0.3267084127416281  (Index 65)[0m
Epoch 00066 | Time 0.0273s | L(tr) 1.4521 | A(tr) 0.3401 | L(val) 1.4911 | A(val) 0.3267 
[2026-04-17 16:38:38] [32mIntermediate result: 0.3264361557310101  (Index 66)[0m
Epoch 00067 | Time 0.0337s | L(tr) 1.4514 | A(tr) 0.3385 | L(val) 1.4908 | A(val) 0.3264 
[2026-04-17 16:38:38] [32mIntermediate result: 0.3269806697522461  (Index 67)[0m
Epoch 00068 | Time 0.0343s | L(tr) 1.4475 | A(tr) 0.3532 | L(val) 1.4905 | A(val) 0.3270 
[2026-04-17 16:38:38] [32mIntermediate result: 0.32725292676286416  (Index 68)[0m
Epoch 00069 | Time 0.0254s | L(tr) 1.4560 | A(tr) 0.3320 | L(val) 1.4900 | A(val) 0.3273 
[2026-04-17 16:38:38] [32mIntermediate result: 0.3264361557310101  (Index 69)[0m
Epoch 00070 | Time 0.0325s | L(tr) 1.4421 | A(tr) 0.3475 | L(val) 1.4894 | A(val) 0.3264 
[2026-04-17 16:38:38] [32mIntermediate result: 0.32616389872039203  (Index 70)[0m
Epoch 00071 | Time 0.0277s | L(tr) 1.4432 | A(tr) 0.3459 | L(val) 1.4888 | A(val) 0.3262 
[2026-04-17 16:38:38] [32mIntermediate result: 0.325619384699156  (Index 71)[0m
Epoch 00072 | Time 0.0305s | L(tr) 1.4418 | A(tr) 0.3516 | L(val) 1.4883 | A(val) 0.3256 
[2026-04-17 16:38:38] [32mIntermediate result: 0.32616389872039203  (Index 72)[0m
Epoch 00073 | Time 0.0252s | L(tr) 1.4438 | A(tr) 0.3328 | L(val) 1.4879 | A(val) 0.3262 
[2026-04-17 16:38:38] [32mIntermediate result: 0.32616389872039203  (Index 73)[0m
Epoch 00074 | Time 0.0276s | L(tr) 1.4391 | A(tr) 0.3508 | L(val) 1.4876 | A(val) 0.3262 
[2026-04-17 16:38:38] [32mIntermediate result: 0.32616389872039203  (Index 74)[0m
Epoch 00075 | Time 0.0248s | L(tr) 1.4407 | A(tr) 0.3410 | L(val) 1.4874 | A(val) 0.3262 
[2026-04-17 16:38:38] [32mIntermediate result: 0.3264361557310101  (Index 75)[0m
Epoch 00076 | Time 0.0249s | L(tr) 1.4409 | A(tr) 0.3467 | L(val) 1.4872 | A(val) 0.3264 
[2026-04-17 16:38:38] [32mIntermediate result: 0.32616389872039203  (Index 76)[0m
Epoch 00077 | Time 0.0248s | L(tr) 1.4368 | A(tr) 0.3590 | L(val) 1.4870 | A(val) 0.3262 
[2026-04-17 16:38:38] [32mIntermediate result: 0.3264361557310101  (Index 77)[0m
Epoch 00078 | Time 0.0259s | L(tr) 1.4361 | A(tr) 0.3540 | L(val) 1.4867 | A(val) 0.3264 
[2026-04-17 16:38:38] [32mIntermediate result: 0.32725292676286416  (Index 78)[0m
Epoch 00079 | Time 0.0295s | L(tr) 1.4363 | A(tr) 0.3491 | L(val) 1.4865 | A(val) 0.3273 
[2026-04-17 16:38:38] [32mIntermediate result: 0.3291587258371903  (Index 79)[0m
Epoch 00080 | Time 0.0246s | L(tr) 1.4270 | A(tr) 0.3483 | L(val) 1.4863 | A(val) 0.3292 *
[2026-04-17 16:38:38] [32mIntermediate result: 0.32970323985842637  (Index 80)[0m
Epoch 00081 | Time 0.0278s | L(tr) 1.4292 | A(tr) 0.3581 | L(val) 1.4859 | A(val) 0.3297 *
[2026-04-17 16:38:38] [32mIntermediate result: 0.3288864688265723  (Index 81)[0m
Epoch 00082 | Time 0.0253s | L(tr) 1.4275 | A(tr) 0.3524 | L(val) 1.4856 | A(val) 0.3289 
[2026-04-17 16:38:38] [32mIntermediate result: 0.3291587258371903  (Index 82)[0m
Epoch 00083 | Time 0.0272s | L(tr) 1.4224 | A(tr) 0.3630 | L(val) 1.4854 | A(val) 0.3292 
[2026-04-17 16:38:38] [32mIntermediate result: 0.32779744078410017  (Index 83)[0m
Epoch 00084 | Time 0.0274s | L(tr) 1.4245 | A(tr) 0.3622 | L(val) 1.4851 | A(val) 0.3278 
[2026-04-17 16:38:38] [32mIntermediate result: 0.3313367819221345  (Index 84)[0m
Epoch 00085 | Time 0.0268s | L(tr) 1.4174 | A(tr) 0.3786 | L(val) 1.4849 | A(val) 0.3313 *
[2026-04-17 16:38:38] [32mIntermediate result: 0.33106452491151644  (Index 85)[0m
Epoch 00086 | Time 0.0266s | L(tr) 1.4172 | A(tr) 0.3712 | L(val) 1.4846 | A(val) 0.3311 
[2026-04-17 16:38:38] [32mIntermediate result: 0.33188129594337057  (Index 86)[0m
Epoch 00087 | Time 0.0291s | L(tr) 1.4219 | A(tr) 0.3655 | L(val) 1.4842 | A(val) 0.3319 *
[2026-04-17 16:38:38] [32mIntermediate result: 0.32997549686904437  (Index 87)[0m
Epoch 00088 | Time 0.0272s | L(tr) 1.4154 | A(tr) 0.3639 | L(val) 1.4838 | A(val) 0.3300 
[2026-04-17 16:38:38] [32mIntermediate result: 0.3302477538796624  (Index 88)[0m
Epoch 00089 | Time 0.0286s | L(tr) 1.4096 | A(tr) 0.3835 | L(val) 1.4838 | A(val) 0.3302 
[2026-04-17 16:38:38] [32mIntermediate result: 0.3288864688265723  (Index 89)[0m
Epoch 00090 | Time 0.0281s | L(tr) 1.4057 | A(tr) 0.3794 | L(val) 1.4841 | A(val) 0.3289 
[2026-04-17 16:38:38] [32mIntermediate result: 0.32861421181595424  (Index 90)[0m
Epoch 00091 | Time 0.0271s | L(tr) 1.4027 | A(tr) 0.3704 | L(val) 1.4843 | A(val) 0.3286 
[2026-04-17 16:38:38] [32mIntermediate result: 0.3291587258371903  (Index 91)[0m
Epoch 00092 | Time 0.0271s | L(tr) 1.4038 | A(tr) 0.3794 | L(val) 1.4845 | A(val) 0.3292 
[2026-04-17 16:38:38] [32mIntermediate result: 0.33052001089028044  (Index 92)[0m
Epoch 00093 | Time 0.0256s | L(tr) 1.4033 | A(tr) 0.3859 | L(val) 1.4841 | A(val) 0.3305 
[2026-04-17 16:38:39] [32mIntermediate result: 0.33569289409202285  (Index 93)[0m
Epoch 00094 | Time 0.0266s | L(tr) 1.3923 | A(tr) 0.4007 | L(val) 1.4835 | A(val) 0.3357 *
[2026-04-17 16:38:39] [32mIntermediate result: 0.3343316090389328  (Index 94)[0m
Epoch 00095 | Time 0.0261s | L(tr) 1.3958 | A(tr) 0.3908 | L(val) 1.4832 | A(val) 0.3343 
[2026-04-17 16:38:39] [32mIntermediate result: 0.3340593520283147  (Index 95)[0m
Epoch 00096 | Time 0.0264s | L(tr) 1.3912 | A(tr) 0.3884 | L(val) 1.4835 | A(val) 0.3341 
[2026-04-17 16:38:39] [32mIntermediate result: 0.337326436155731  (Index 96)[0m
Epoch 00097 | Time 0.0266s | L(tr) 1.3884 | A(tr) 0.4056 | L(val) 1.4843 | A(val) 0.3373 *
[2026-04-17 16:38:39] [32mIntermediate result: 0.33514838007078684  (Index 97)[0m
Epoch 00098 | Time 0.0266s | L(tr) 1.3826 | A(tr) 0.3957 | L(val) 1.4855 | A(val) 0.3351 
[2026-04-17 16:38:39] [32mIntermediate result: 0.3337870950176967  (Index 98)[0m
Epoch 00099 | Time 0.0238s | L(tr) 1.3817 | A(tr) 0.3957 | L(val) 1.4855 | A(val) 0.3338 
[2026-04-17 16:38:39] [32mIntermediate result: 0.33052001089028044  (Index 99)[0m
Epoch 00100 | Time 0.0270s | L(tr) 1.3815 | A(tr) 0.3974 | L(val) 1.4852 | A(val) 0.3305 
[2026-04-17 16:38:39] [32mIntermediate result: 0.33188129594337057  (Index 100)[0m
Epoch 00101 | Time 0.0249s | L(tr) 1.3733 | A(tr) 0.4039 | L(val) 1.4853 | A(val) 0.3319 
[2026-04-17 16:38:39] [32mIntermediate result: 0.3324258099646066  (Index 101)[0m
Epoch 00102 | Time 0.0249s | L(tr) 1.3733 | A(tr) 0.4039 | L(val) 1.4859 | A(val) 0.3324 
[2026-04-17 16:38:39] [32mIntermediate result: 0.3340593520283147  (Index 102)[0m
Epoch 00103 | Time 0.0240s | L(tr) 1.3640 | A(tr) 0.4170 | L(val) 1.4875 | A(val) 0.3341 
[2026-04-17 16:38:39] [32mIntermediate result: 0.33106452491151644  (Index 103)[0m
Epoch 00104 | Time 0.0257s | L(tr) 1.3652 | A(tr) 0.4064 | L(val) 1.4893 | A(val) 0.3311 
[2026-04-17 16:38:39] [32mIntermediate result: 0.33297032398584264  (Index 104)[0m
Epoch 00105 | Time 0.0281s | L(tr) 1.3645 | A(tr) 0.4056 | L(val) 1.4912 | A(val) 0.3330 
[2026-04-17 16:38:39] [32mIntermediate result: 0.33297032398584264  (Index 105)[0m
Epoch 00106 | Time 0.0248s | L(tr) 1.3571 | A(tr) 0.3990 | L(val) 1.4909 | A(val) 0.3330 
[2026-04-17 16:38:39] [32mIntermediate result: 0.33269806697522464  (Index 106)[0m
Epoch 00107 | Time 0.0260s | L(tr) 1.3483 | A(tr) 0.4113 | L(val) 1.4915 | A(val) 0.3327 
[2026-04-17 16:38:39] [32mIntermediate result: 0.33324258099646065  (Index 107)[0m
Epoch 00108 | Time 0.0259s | L(tr) 1.3620 | A(tr) 0.4096 | L(val) 1.4930 | A(val) 0.3332 
[2026-04-17 16:38:39] [32mIntermediate result: 0.33106452491151644  (Index 108)[0m
Epoch 00109 | Time 0.0244s | L(tr) 1.3437 | A(tr) 0.4170 | L(val) 1.4950 | A(val) 0.3311 
[2026-04-17 16:38:39] [32mIntermediate result: 0.33269806697522464  (Index 109)[0m
Epoch 00110 | Time 0.0241s | L(tr) 1.3452 | A(tr) 0.4227 | L(val) 1.4966 | A(val) 0.3327 
[2026-04-17 16:38:39] [32mIntermediate result: 0.3337870950176967  (Index 110)[0m
Epoch 00111 | Time 0.0253s | L(tr) 1.3472 | A(tr) 0.4154 | L(val) 1.4965 | A(val) 0.3338 
[2026-04-17 16:38:39] [32mIntermediate result: 0.32834195480533623  (Index 111)[0m
Epoch 00112 | Time 0.0269s | L(tr) 1.3335 | A(tr) 0.4350 | L(val) 1.4970 | A(val) 0.3283 
[2026-04-17 16:38:39] [32mIntermediate result: 0.33106452491151644  (Index 112)[0m
Epoch 00113 | Time 0.0238s | L(tr) 1.3318 | A(tr) 0.4260 | L(val) 1.4986 | A(val) 0.3311 
[2026-04-17 16:38:39] [32mIntermediate result: 0.3335148380070787  (Index 113)[0m
Epoch 00114 | Time 0.0258s | L(tr) 1.3252 | A(tr) 0.4325 | L(val) 1.5011 | A(val) 0.3335 
[2026-04-17 16:38:39] [32mIntermediate result: 0.3340593520283147  (Index 114)[0m
Epoch 00115 | Time 0.0271s | L(tr) 1.3124 | A(tr) 0.4276 | L(val) 1.5043 | A(val) 0.3341 
[2026-04-17 16:38:39] [32mIntermediate result: 0.33297032398584264  (Index 115)[0m
Epoch 00116 | Time 0.0233s | L(tr) 1.3290 | A(tr) 0.4268 | L(val) 1.5037 | A(val) 0.3330 
[2026-04-17 16:38:39] [32mIntermediate result: 0.32861421181595424  (Index 116)[0m
Epoch 00117 | Time 0.0264s | L(tr) 1.3118 | A(tr) 0.4473 | L(val) 1.5046 | A(val) 0.3286 
[2026-04-17 16:38:39] [32mIntermediate result: 0.33079226790089844  (Index 117)[0m
Epoch 00118 | Time 0.0250s | L(tr) 1.3098 | A(tr) 0.4473 | L(val) 1.5067 | A(val) 0.3308 
[2026-04-17 16:38:39] [32mIntermediate result: 0.33106452491151644  (Index 118)[0m
Epoch 00119 | Time 0.0243s | L(tr) 1.3091 | A(tr) 0.4407 | L(val) 1.5104 | A(val) 0.3311 
[2026-04-17 16:38:39] [32mIntermediate result: 0.33514838007078684  (Index 119)[0m
Epoch 00120 | Time 0.0232s | L(tr) 1.3062 | A(tr) 0.4391 | L(val) 1.5157 | A(val) 0.3351 
[2026-04-17 16:38:39] [32mIntermediate result: 0.3335148380070787  (Index 120)[0m
Epoch 00121 | Time 0.0237s | L(tr) 1.3031 | A(tr) 0.4481 | L(val) 1.5164 | A(val) 0.3335 
[2026-04-17 16:38:39] [32mIntermediate result: 0.33324258099646065  (Index 121)[0m
Epoch 00122 | Time 0.0251s | L(tr) 1.2851 | A(tr) 0.4497 | L(val) 1.5170 | A(val) 0.3332 
[2026-04-17 16:38:39] [32mIntermediate result: 0.33542063708140485  (Index 122)[0m
Epoch 00123 | Time 0.0249s | L(tr) 1.2925 | A(tr) 0.4481 | L(val) 1.5193 | A(val) 0.3354 
[2026-04-17 16:38:39] [32mIntermediate result: 0.33297032398584264  (Index 123)[0m
Epoch 00124 | Time 0.0263s | L(tr) 1.2807 | A(tr) 0.4554 | L(val) 1.5224 | A(val) 0.3330 
[2026-04-17 16:38:39] [32mIntermediate result: 0.33514838007078684  (Index 124)[0m
Epoch 00125 | Time 0.0272s | L(tr) 1.2838 | A(tr) 0.4513 | L(val) 1.5255 | A(val) 0.3351 
[2026-04-17 16:38:39] [32mIntermediate result: 0.33514838007078684  (Index 125)[0m
Epoch 00126 | Time 0.0281s | L(tr) 1.2810 | A(tr) 0.4718 | L(val) 1.5283 | A(val) 0.3351 
[2026-04-17 16:38:39] [32mIntermediate result: 0.33542063708140485  (Index 126)[0m
Epoch 00127 | Time 0.0265s | L(tr) 1.2691 | A(tr) 0.4481 | L(val) 1.5299 | A(val) 0.3354 
[2026-04-17 16:38:39] [32mIntermediate result: 0.33514838007078684  (Index 127)[0m
Epoch 00128 | Time 0.0277s | L(tr) 1.2584 | A(tr) 0.4808 | L(val) 1.5314 | A(val) 0.3351 
[2026-04-17 16:38:39] [32mIntermediate result: 0.3359651511026409  (Index 128)[0m
Epoch 00129 | Time 0.0247s | L(tr) 1.2642 | A(tr) 0.4669 | L(val) 1.5342 | A(val) 0.3360 
[2026-04-17 16:38:39] [32mIntermediate result: 0.33787095017696706  (Index 129)[0m
Epoch 00130 | Time 0.0274s | L(tr) 1.2563 | A(tr) 0.4726 | L(val) 1.5374 | A(val) 0.3379 *
[2026-04-17 16:38:39] [32mIntermediate result: 0.33569289409202285  (Index 130)[0m
Epoch 00131 | Time 0.0257s | L(tr) 1.2509 | A(tr) 0.4710 | L(val) 1.5400 | A(val) 0.3357 
[2026-04-17 16:38:39] [32mIntermediate result: 0.337326436155731  (Index 131)[0m
Epoch 00132 | Time 0.0259s | L(tr) 1.2540 | A(tr) 0.4775 | L(val) 1.5419 | A(val) 0.3373 
[2026-04-17 16:38:40] [32mIntermediate result: 0.3348761230601688  (Index 132)[0m
Epoch 00133 | Time 0.0256s | L(tr) 1.2500 | A(tr) 0.4808 | L(val) 1.5453 | A(val) 0.3349 
[2026-04-17 16:38:40] [32mIntermediate result: 0.3337870950176967  (Index 133)[0m
Epoch 00134 | Time 0.0271s | L(tr) 1.2478 | A(tr) 0.4808 | L(val) 1.5487 | A(val) 0.3338 
[2026-04-17 16:38:40] [32mIntermediate result: 0.3335148380070787  (Index 134)[0m
Epoch 00135 | Time 0.0271s | L(tr) 1.2398 | A(tr) 0.4914 | L(val) 1.5512 | A(val) 0.3335 
[2026-04-17 16:38:40] [32mIntermediate result: 0.33106452491151644  (Index 135)[0m
Epoch 00136 | Time 0.0266s | L(tr) 1.2301 | A(tr) 0.4767 | L(val) 1.5534 | A(val) 0.3311 
[2026-04-17 16:38:40] [32mIntermediate result: 0.33269806697522464  (Index 136)[0m
Epoch 00137 | Time 0.0273s | L(tr) 1.2291 | A(tr) 0.4930 | L(val) 1.5559 | A(val) 0.3327 
[2026-04-17 16:38:40] [32mIntermediate result: 0.3348761230601688  (Index 137)[0m
Epoch 00138 | Time 0.0271s | L(tr) 1.2258 | A(tr) 0.4881 | L(val) 1.5594 | A(val) 0.3349 
[2026-04-17 16:38:40] [32mIntermediate result: 0.3362374081132589  (Index 138)[0m
Epoch 00139 | Time 0.0254s | L(tr) 1.2159 | A(tr) 0.5045 | L(val) 1.5638 | A(val) 0.3362 
[2026-04-17 16:38:40] [32mIntermediate result: 0.3365096651238769  (Index 139)[0m
Epoch 00140 | Time 0.0283s | L(tr) 1.2167 | A(tr) 0.4971 | L(val) 1.5660 | A(val) 0.3365 
[2026-04-17 16:38:40] [32mIntermediate result: 0.33787095017696706  (Index 140)[0m
Epoch 00141 | Time 0.0279s | L(tr) 1.2089 | A(tr) 0.4824 | L(val) 1.5691 | A(val) 0.3379 
[2026-04-17 16:38:40] [32mIntermediate result: 0.337054179145113  (Index 141)[0m
Epoch 00142 | Time 0.0264s | L(tr) 1.2122 | A(tr) 0.4857 | L(val) 1.5724 | A(val) 0.3371 
[2026-04-17 16:38:40] [32mIntermediate result: 0.3395044922406752  (Index 142)[0m
Epoch 00143 | Time 0.0297s | L(tr) 1.2022 | A(tr) 0.4824 | L(val) 1.5789 | A(val) 0.3395 *
[2026-04-17 16:38:40] [32mIntermediate result: 0.3392322352300572  (Index 143)[0m
Epoch 00144 | Time 0.0258s | L(tr) 1.1913 | A(tr) 0.5061 | L(val) 1.5838 | A(val) 0.3392 
[2026-04-17 16:38:40] [32mIntermediate result: 0.3392322352300572  (Index 144)[0m
Epoch 00145 | Time 0.0267s | L(tr) 1.1912 | A(tr) 0.5078 | L(val) 1.5872 | A(val) 0.3392 
[2026-04-17 16:38:40] [32mIntermediate result: 0.3386877212088211  (Index 145)[0m
Epoch 00146 | Time 0.0261s | L(tr) 1.1781 | A(tr) 0.5176 | L(val) 1.5915 | A(val) 0.3387 
[2026-04-17 16:38:40] [32mIntermediate result: 0.3408657772937653  (Index 146)[0m
Epoch 00147 | Time 0.0280s | L(tr) 1.1732 | A(tr) 0.5086 | L(val) 1.5957 | A(val) 0.3409 *
[2026-04-17 16:38:40] [32mIntermediate result: 0.336781922134495  (Index 147)[0m
Epoch 00148 | Time 0.0271s | L(tr) 1.1672 | A(tr) 0.5045 | L(val) 1.6038 | A(val) 0.3368 
[2026-04-17 16:38:40] [32mIntermediate result: 0.34249931935747346  (Index 148)[0m
Epoch 00149 | Time 0.0244s | L(tr) 1.1838 | A(tr) 0.5070 | L(val) 1.6036 | A(val) 0.3425 *
[2026-04-17 16:38:40] [32mIntermediate result: 0.3386877212088211  (Index 149)[0m
Epoch 00150 | Time 0.0246s | L(tr) 1.1674 | A(tr) 0.5249 | L(val) 1.6066 | A(val) 0.3387 
[2026-04-17 16:38:40] [32mIntermediate result: 0.337326436155731  (Index 150)[0m
Epoch 00151 | Time 0.0231s | L(tr) 1.1563 | A(tr) 0.5249 | L(val) 1.6084 | A(val) 0.3373 
[2026-04-17 16:38:40] [32mIntermediate result: 0.3395044922406752  (Index 151)[0m
Epoch 00152 | Time 0.0271s | L(tr) 1.1583 | A(tr) 0.5094 | L(val) 1.6115 | A(val) 0.3395 
[2026-04-17 16:38:40] [32mIntermediate result: 0.33895997821943913  (Index 152)[0m
Epoch 00153 | Time 0.0282s | L(tr) 1.1608 | A(tr) 0.5258 | L(val) 1.6180 | A(val) 0.3390 
[2026-04-17 16:38:40] [32mIntermediate result: 0.34113803430438333  (Index 153)[0m
Epoch 00154 | Time 0.0241s | L(tr) 1.1447 | A(tr) 0.5462 | L(val) 1.6263 | A(val) 0.3411 
[2026-04-17 16:38:40] [32mIntermediate result: 0.3397767492512932  (Index 154)[0m
Epoch 00155 | Time 0.0266s | L(tr) 1.1585 | A(tr) 0.5323 | L(val) 1.6218 | A(val) 0.3398 
[2026-04-17 16:38:40] [32mIntermediate result: 0.3359651511026409  (Index 155)[0m
Epoch 00156 | Time 0.0243s | L(tr) 1.1311 | A(tr) 0.5282 | L(val) 1.6247 | A(val) 0.3360 
[2026-04-17 16:38:40] [32mIntermediate result: 0.3365096651238769  (Index 156)[0m
Epoch 00157 | Time 0.0253s | L(tr) 1.1211 | A(tr) 0.5388 | L(val) 1.6285 | A(val) 0.3365 
[2026-04-17 16:38:40] [32mIntermediate result: 0.34059352028314727  (Index 157)[0m
Epoch 00158 | Time 0.0226s | L(tr) 1.1356 | A(tr) 0.5331 | L(val) 1.6331 | A(val) 0.3406 
[2026-04-17 16:38:40] [32mIntermediate result: 0.3408657772937653  (Index 158)[0m
Epoch 00159 | Time 0.0248s | L(tr) 1.1252 | A(tr) 0.5380 | L(val) 1.6390 | A(val) 0.3409 
[2026-04-17 16:38:40] [32mIntermediate result: 0.33895997821943913  (Index 159)[0m
Epoch 00160 | Time 0.0235s | L(tr) 1.1167 | A(tr) 0.5413 | L(val) 1.6446 | A(val) 0.3390 
[2026-04-17 16:38:40] [32mIntermediate result: 0.33787095017696706  (Index 160)[0m
Epoch 00161 | Time 0.0255s | L(tr) 1.1144 | A(tr) 0.5519 | L(val) 1.6486 | A(val) 0.3379 
[2026-04-17 16:38:40] [32mIntermediate result: 0.3340593520283147  (Index 161)[0m
Epoch 00162 | Time 0.0264s | L(tr) 1.1144 | A(tr) 0.5339 | L(val) 1.6506 | A(val) 0.3341 
[2026-04-17 16:38:40] [32mIntermediate result: 0.3386877212088211  (Index 162)[0m
Epoch 00163 | Time 0.0249s | L(tr) 1.1030 | A(tr) 0.5560 | L(val) 1.6566 | A(val) 0.3387 
[2026-04-17 16:38:40] [32mIntermediate result: 0.3343316090389328  (Index 163)[0m
Epoch 00164 | Time 0.0256s | L(tr) 1.0995 | A(tr) 0.5478 | L(val) 1.6655 | A(val) 0.3343 
[2026-04-17 16:38:40] [32mIntermediate result: 0.3359651511026409  (Index 164)[0m
Epoch 00165 | Time 0.0260s | L(tr) 1.0970 | A(tr) 0.5576 | L(val) 1.6643 | A(val) 0.3360 
[2026-04-17 16:38:40] [32mIntermediate result: 0.33324258099646065  (Index 165)[0m
Epoch 00166 | Time 0.0228s | L(tr) 1.1012 | A(tr) 0.5593 | L(val) 1.6675 | A(val) 0.3332 
[2026-04-17 16:38:40] [32mIntermediate result: 0.33569289409202285  (Index 166)[0m
Epoch 00167 | Time 0.0246s | L(tr) 1.0953 | A(tr) 0.5560 | L(val) 1.6731 | A(val) 0.3357 
[2026-04-17 16:38:40] [32mIntermediate result: 0.336781922134495  (Index 167)[0m
Epoch 00168 | Time 0.0224s | L(tr) 1.0709 | A(tr) 0.5666 | L(val) 1.6822 | A(val) 0.3368 
[2026-04-17 16:38:40] [32mIntermediate result: 0.337054179145113  (Index 168)[0m
Epoch 00169 | Time 0.0250s | L(tr) 1.0847 | A(tr) 0.5666 | L(val) 1.6899 | A(val) 0.3371 
[2026-04-17 16:38:40] [32mIntermediate result: 0.3340593520283147  (Index 169)[0m
Epoch 00170 | Time 0.0253s | L(tr) 1.0778 | A(tr) 0.5675 | L(val) 1.6904 | A(val) 0.3341 
[2026-04-17 16:38:40] [32mIntermediate result: 0.33569289409202285  (Index 170)[0m
Epoch 00171 | Time 0.0254s | L(tr) 1.0808 | A(tr) 0.5593 | L(val) 1.6965 | A(val) 0.3357 
[2026-04-17 16:38:41] [32mIntermediate result: 0.3348761230601688  (Index 171)[0m
Epoch 00172 | Time 0.0259s | L(tr) 1.0593 | A(tr) 0.5724 | L(val) 1.7023 | A(val) 0.3349 
[2026-04-17 16:38:41] [32mIntermediate result: 0.3348761230601688  (Index 172)[0m
Epoch 00173 | Time 0.0569s | L(tr) 1.0628 | A(tr) 0.5756 | L(val) 1.7069 | A(val) 0.3349 
[2026-04-17 16:38:41] [32mIntermediate result: 0.337054179145113  (Index 173)[0m
Epoch 00174 | Time 0.1819s | L(tr) 1.0543 | A(tr) 0.5765 | L(val) 1.7079 | A(val) 0.3371 
[2026-04-17 16:38:41] [32mIntermediate result: 0.33324258099646065  (Index 174)[0m
Epoch 00175 | Time 0.0282s | L(tr) 1.0521 | A(tr) 0.5789 | L(val) 1.7113 | A(val) 0.3332 
[2026-04-17 16:38:41] [32mIntermediate result: 0.33269806697522464  (Index 175)[0m
Epoch 00176 | Time 0.0280s | L(tr) 1.0535 | A(tr) 0.5756 | L(val) 1.7227 | A(val) 0.3327 
[2026-04-17 16:38:41] [32mIntermediate result: 0.337054179145113  (Index 176)[0m
Epoch 00177 | Time 0.0266s | L(tr) 1.0539 | A(tr) 0.5740 | L(val) 1.7239 | A(val) 0.3371 
[2026-04-17 16:38:41] [32mIntermediate result: 0.33106452491151644  (Index 177)[0m
Epoch 00178 | Time 0.0271s | L(tr) 1.0310 | A(tr) 0.5846 | L(val) 1.7299 | A(val) 0.3311 
[2026-04-17 16:38:41] [32mIntermediate result: 0.33324258099646065  (Index 178)[0m
Epoch 00179 | Time 0.0266s | L(tr) 1.0466 | A(tr) 0.5830 | L(val) 1.7298 | A(val) 0.3332 
[2026-04-17 16:38:41] [32mIntermediate result: 0.3359651511026409  (Index 179)[0m
Epoch 00180 | Time 0.0266s | L(tr) 1.0334 | A(tr) 0.5936 | L(val) 1.7420 | A(val) 0.3360 
[2026-04-17 16:38:41] [32mIntermediate result: 0.33759869316634905  (Index 180)[0m
Epoch 00181 | Time 0.0271s | L(tr) 1.0208 | A(tr) 0.5936 | L(val) 1.7514 | A(val) 0.3376 
[2026-04-17 16:38:41] [32mIntermediate result: 0.33106452491151644  (Index 181)[0m
Epoch 00182 | Time 0.0246s | L(tr) 1.0297 | A(tr) 0.5797 | L(val) 1.7478 | A(val) 0.3311 
[2026-04-17 16:38:41] [32mIntermediate result: 0.32970323985842637  (Index 182)[0m
Epoch 00183 | Time 0.0271s | L(tr) 1.0274 | A(tr) 0.5797 | L(val) 1.7549 | A(val) 0.3297 
[2026-04-17 16:38:41] [32mIntermediate result: 0.33188129594337057  (Index 183)[0m
Epoch 00184 | Time 0.0266s | L(tr) 1.0314 | A(tr) 0.5977 | L(val) 1.7587 | A(val) 0.3319 
[2026-04-17 16:38:41] [32mIntermediate result: 0.3346038660495508  (Index 184)[0m
Epoch 00185 | Time 0.0262s | L(tr) 1.0157 | A(tr) 0.5993 | L(val) 1.7676 | A(val) 0.3346 
[2026-04-17 16:38:41] [32mIntermediate result: 0.3321535529539886  (Index 185)[0m
Epoch 00186 | Time 0.0281s | L(tr) 1.0241 | A(tr) 0.6002 | L(val) 1.7672 | A(val) 0.3322 
[2026-04-17 16:38:41] [32mIntermediate result: 0.3294309828478083  (Index 186)[0m
Epoch 00187 | Time 0.0266s | L(tr) 1.0157 | A(tr) 0.5936 | L(val) 1.7652 | A(val) 0.3294 
[2026-04-17 16:38:41] [32mIntermediate result: 0.33269806697522464  (Index 187)[0m
Epoch 00188 | Time 0.0257s | L(tr) 1.0024 | A(tr) 0.6034 | L(val) 1.7701 | A(val) 0.3327 
[2026-04-17 16:38:41] [32mIntermediate result: 0.3359651511026409  (Index 188)[0m
Epoch 00189 | Time 0.0242s | L(tr) 1.0085 | A(tr) 0.6067 | L(val) 1.7720 | A(val) 0.3360 
[2026-04-17 16:38:41] [32mIntermediate result: 0.3324258099646066  (Index 189)[0m
Epoch 00190 | Time 0.0269s | L(tr) 1.0135 | A(tr) 0.5969 | L(val) 1.7731 | A(val) 0.3324 
[2026-04-17 16:38:41] [32mIntermediate result: 0.33324258099646065  (Index 190)[0m
Epoch 00191 | Time 0.0238s | L(tr) 0.9918 | A(tr) 0.5993 | L(val) 1.7774 | A(val) 0.3332 
[2026-04-17 16:38:41] [32mIntermediate result: 0.33324258099646065  (Index 191)[0m
Epoch 00192 | Time 0.0245s | L(tr) 0.9910 | A(tr) 0.6100 | L(val) 1.7829 | A(val) 0.3332 
[2026-04-17 16:38:41] [32mIntermediate result: 0.3343316090389328  (Index 192)[0m
Epoch 00193 | Time 0.0260s | L(tr) 0.9907 | A(tr) 0.6132 | L(val) 1.7867 | A(val) 0.3343 
[2026-04-17 16:38:41] [32mIntermediate result: 0.3337870950176967  (Index 193)[0m
Epoch 00194 | Time 0.0252s | L(tr) 0.9819 | A(tr) 0.6157 | L(val) 1.7940 | A(val) 0.3338 
[2026-04-17 16:38:41] [32mIntermediate result: 0.33542063708140485  (Index 194)[0m
Epoch 00195 | Time 0.0230s | L(tr) 0.9952 | A(tr) 0.6132 | L(val) 1.8006 | A(val) 0.3354 
[2026-04-17 16:38:41] [32mIntermediate result: 0.3340593520283147  (Index 195)[0m
Epoch 00196 | Time 0.0260s | L(tr) 0.9845 | A(tr) 0.6034 | L(val) 1.8016 | A(val) 0.3341 
[2026-04-17 16:38:41] [32mIntermediate result: 0.3343316090389328  (Index 196)[0m
Epoch 00197 | Time 0.0240s | L(tr) 0.9707 | A(tr) 0.6083 | L(val) 1.8050 | A(val) 0.3343 
[2026-04-17 16:38:41] [32mIntermediate result: 0.3335148380070787  (Index 197)[0m
Epoch 00198 | Time 0.0299s | L(tr) 0.9627 | A(tr) 0.6239 | L(val) 1.8102 | A(val) 0.3335 
[2026-04-17 16:38:41] [32mIntermediate result: 0.33297032398584264  (Index 198)[0m
Epoch 00199 | Time 0.0257s | L(tr) 0.9733 | A(tr) 0.6132 | L(val) 1.8157 | A(val) 0.3330 
[2026-04-17 16:38:41] [32mIntermediate result: 0.3340593520283147  (Index 199)[0m
Epoch 00200 | Time 0.0254s | L(tr) 0.9499 | A(tr) 0.6198 | L(val) 1.8238 | A(val) 0.3341 
Traceback (most recent call last):
  File "C:\Users\fbrev\Documents\Acadêmico\Simulações\Python\NoisyGL\single_exp.py", line 226, in <module>
    train_thread.join()
  File "C:\Users\fbrev\anaconda3\envs\noisygl\Lib\threading.py", line 1119, in join
    self._wait_for_tstate_lock()
  File "C:\Users\fbrev\anaconda3\envs\noisygl\Lib\threading.py", line 1139, in _wait_for_tstate_lock
    if lock.acquire(block, timeout):
       ^^^^^^^^^^^^^^^^^^^^^^^^^^^^
KeyboardInterrupt
