Traceback (most recent call last):
  File "C:\Users\fbrev\Documents\Acadêmico\Simulações\Python\NoisyGL\single_exp.py", line 25, in <module>
    import torch
  File "C:\Users\fbrev\anaconda3\envs\noisygl\Lib\site-packages\torch\__init__.py", line 1608, in <module>
    import torch.nn.quantized
  File "C:\Users\fbrev\anaconda3\envs\noisygl\Lib\site-packages\torch\nn\quantized\__init__.py", line 1, in <module>
    from . import dynamic  # noqa: F403
    ^^^^^^^^^^^^^^^^^^^^^
  File "C:\Users\fbrev\anaconda3\envs\noisygl\Lib\site-packages\torch\nn\quantized\dynamic\__init__.py", line 1, in <module>
    from torch.ao.nn.quantized.dynamic import *  # noqa: F403
    ^^^^^^^^^^^^^^^^^^^^^^^^^^^^^^^^^^^^^^^^^^^
  File "C:\Users\fbrev\anaconda3\envs\noisygl\Lib\site-packages\torch\ao\nn\quantized\__init__.py", line 1, in <module>
    from . import functional
  File "C:\Users\fbrev\anaconda3\envs\noisygl\Lib\site-packages\torch\ao\nn\quantized\functional.py", line 10, in <module>
    from .modules.utils import _pair_from_first
  File "C:\Users\fbrev\anaconda3\envs\noisygl\Lib\site-packages\torch\ao\nn\quantized\modules\__init__.py", line 23, in <module>
    from .functional_modules import FloatFunctional, FXFloatFunctional, QFunctional
  File "<frozen importlib._bootstrap>", line 1176, in _find_and_load
  File "<frozen importlib._bootstrap>", line 1147, in _find_and_load_unlocked
  File "<frozen importlib._bootstrap>", line 690, in _load_unlocked
  File "<frozen importlib._bootstrap_external>", line 936, in exec_module
  File "<frozen importlib._bootstrap_external>", line 1032, in get_code
  File "<frozen importlib._bootstrap_external>", line 1130, in get_data
KeyboardInterrupt
