Traceback (most recent call last):
  File "<string>", line 1, in <module>
  File "C:\Users\fbrev\anaconda3\envs\noisygl\Lib\multiprocessing\spawn.py", line 122, in spawn_main
    exitcode = _main(fd, parent_sentinel)
               ^^^^^^^^^^^^^^^^^^^^^^^^^^
  File "C:\Users\fbrev\anaconda3\envs\noisygl\Lib\multiprocessing\spawn.py", line 131, in _main
    prepare(preparation_data)
  File "C:\Users\fbrev\anaconda3\envs\noisygl\Lib\multiprocessing\spawn.py", line 246, in prepare
    _fixup_main_from_path(data['init_main_from_path'])
  File "C:\Users\fbrev\anaconda3\envs\noisygl\Lib\multiprocessing\spawn.py", line 297, in _fixup_main_from_path
    main_content = runpy.run_path(main_path,
                   ^^^^^^^^^^^^^^^^^^^^^^^^^
  File "<frozen runpy>", line 291, in run_path
  File "<frozen runpy>", line 98, in _run_module_code
  File "<frozen runpy>", line 88, in _run_code
  File "C:\Users\fbrev\Documents\Acadêmico\Simulações\Python\NoisyGL\single_exp.py", line 34, in <module>
    from utils.dataloader import Dataset
  File "C:\Users\fbrev\Documents\Acadêmico\Simulações\Python\NoisyGL\utils\__init__.py", line 1, in <module>
    from .dataloader import *
  File "C:\Users\fbrev\Documents\Acadêmico\Simulações\Python\NoisyGL\utils\dataloader.py", line 3, in <module>
    from utils.tools import get_npz_data, get_homophily
  File "C:\Users\fbrev\Documents\Acadêmico\Simulações\Python\NoisyGL\utils\tools.py", line 9, in <module>
    import matplotlib.pyplot as plt
  File "C:\Users\fbrev\anaconda3\envs\noisygl\Lib\site-packages\matplotlib\__init__.py", line 161, in <module>
    from . import _api, _version, cbook, _docstring, rcsetup
  File "C:\Users\fbrev\anaconda3\envs\noisygl\Lib\site-packages\matplotlib\rcsetup.py", line 28, in <module>
    from matplotlib.colors import Colormap, is_color_like
  File "C:\Users\fbrev\anaconda3\envs\noisygl\Lib\site-packages\matplotlib\colors.py", line 52, in <module>
    from PIL import Image
  File "C:\Users\fbrev\anaconda3\envs\noisygl\Lib\site-packages\PIL\Image.py", line 516, in <module>
    class Image:
  File "C:\Users\fbrev\anaconda3\envs\noisygl\Lib\site-packages\PIL\Image.py", line 1604, in Image
    @property
     ^^^^^^^^
KeyboardInterrupt
