Process SpawnProcess-1:
Traceback (most recent call last):
  File "C:\Users\fbrev\anaconda3\envs\noisygl\Lib\multiprocessing\process.py", line 314, in _bootstrap
    self.run()
  File "C:\Users\fbrev\anaconda3\envs\noisygl\Lib\multiprocessing\process.py", line 108, in run
    self._target(*self._args, **self._kwargs)
  File "C:\Users\fbrev\Documents\Acadêmico\Simulações\Python\NoisyGL\predictor\LNPCC_Predictor.py", line 574, in _lnpcc_worker_func
    worker_thread.join()
  File "C:\Users\fbrev\anaconda3\envs\noisygl\Lib\threading.py", line 1119, in join
    self._wait_for_tstate_lock()
  File "C:\Users\fbrev\anaconda3\envs\noisygl\Lib\threading.py", line 1139, in _wait_for_tstate_lock
    if lock.acquire(block, timeout):
       ^^^^^^^^^^^^^^^^^^^^^^^^^^^^
KeyboardInterrupt
Namespace(dataset='cora', method='lnpcc', noise_type='clean', noise_rate=0.0, device='cuda:1', seed=3003, params_json='{"knn_mode": "d", "k": 19, "dexp": 9.530269414119735, "p_grd": 0.40405657305222914, "unc_rem": 0.7897537675180519, "unc_rel": 0.7442111006919832, "dropout": 0.6959095904415841, "n_hidden": 128, "n_layer": 2, "lr": 0.01, "weight_decay": 0.01}', priority='normal')
----Data statistics------'
                Name: cora
                #Nodes 2708
                #Edges 5278
                #Classes 7
                #Ave_degree 3.90
----Split statistics------'
                #Train samples 140 (default)
                #Val samples 500 (default)
                #Test samples 1000 (default)
Current device: cpu
[Params] Overriding from --params_json: {'knn_mode': 'd', 'k': 19, 'dexp': 9.530269414119735, 'p_grd': 0.40405657305222914, 'unc_rem': 0.7897537675180519, 'unc_rel': 0.7442111006919832, 'dropout': 0.6959095904415841, 'n_hidden': 128, 'n_layer': 2, 'lr': 0.01, 'weight_decay': 0.01}
----label noise information:------
Clean data
#Actual noise rate 0.00 
[2026-04-20 22:48:47] [32mIntermediate result: 0.616  (Index 0)[0m
Epoch 00001 | Time 0.2909s | L(tr) 1.9627 | A(tr) 0.1143 | L(val) 1.8236 | A(val) 0.6160 *
[2026-04-20 22:48:47] [32mIntermediate result: 0.752  (Index 1)[0m
Epoch 00002 | Time 0.0084s | L(tr) 1.7211 | A(tr) 0.7286 | L(val) 1.6858 | A(val) 0.7520 *
[2026-04-20 22:48:47] [32mIntermediate result: 0.778  (Index 2)[0m
Epoch 00003 | Time 0.0070s | L(tr) 1.4756 | A(tr) 0.8929 | L(val) 1.5171 | A(val) 0.7780 *
[2026-04-20 22:48:47] [32mIntermediate result: 0.778  (Index 3)[0m
Epoch 00004 | Time 0.0069s | L(tr) 1.1848 | A(tr) 0.9571 | L(val) 1.3433 | A(val) 0.7780 
[2026-04-20 22:48:47] [32mIntermediate result: 0.782  (Index 4)[0m
Epoch 00005 | Time 0.0060s | L(tr) 0.9424 | A(tr) 0.9500 | L(val) 1.1840 | A(val) 0.7820 *
[2026-04-20 22:48:47] [32mIntermediate result: 0.782  (Index 5)[0m
Epoch 00006 | Time 0.0067s | L(tr) 0.7209 | A(tr) 0.9500 | L(val) 1.0522 | A(val) 0.7820 
[2026-04-20 22:48:47] [32mIntermediate result: 0.782  (Index 6)[0m
Epoch 00007 | Time 0.0064s | L(tr) 0.5606 | A(tr) 0.9429 | L(val) 0.9490 | A(val) 0.7820 
[2026-04-20 22:48:47] [32mIntermediate result: 0.786  (Index 7)[0m
Epoch 00008 | Time 0.0068s | L(tr) 0.4567 | A(tr) 0.9714 | L(val) 0.8777 | A(val) 0.7860 *
[2026-04-20 22:48:47] [32mIntermediate result: 0.786  (Index 8)[0m
Epoch 00009 | Time 0.0067s | L(tr) 0.3225 | A(tr) 0.9929 | L(val) 0.8218 | A(val) 0.7860 
[2026-04-20 22:48:47] [32mIntermediate result: 0.788  (Index 9)[0m
Epoch 00010 | Time 0.0068s | L(tr) 0.2823 | A(tr) 0.9786 | L(val) 0.7796 | A(val) 0.7880 *
[2026-04-20 22:48:47] [32mIntermediate result: 0.794  (Index 10)[0m
Epoch 00011 | Time 0.0067s | L(tr) 0.2318 | A(tr) 0.9857 | L(val) 0.7513 | A(val) 0.7940 *
[2026-04-20 22:48:47] [32mIntermediate result: 0.788  (Index 11)[0m
Epoch 00012 | Time 0.0064s | L(tr) 0.1903 | A(tr) 1.0000 | L(val) 0.7321 | A(val) 0.7880 
[2026-04-20 22:48:47] [32mIntermediate result: 0.788  (Index 12)[0m
Epoch 00013 | Time 0.0064s | L(tr) 0.1561 | A(tr) 0.9786 | L(val) 0.7203 | A(val) 0.7880 
[2026-04-20 22:48:47] [32mIntermediate result: 0.784  (Index 13)[0m
Epoch 00014 | Time 0.0057s | L(tr) 0.1501 | A(tr) 0.9929 | L(val) 0.7176 | A(val) 0.7840 
[2026-04-20 22:48:47] [32mIntermediate result: 0.776  (Index 14)[0m
Epoch 00015 | Time 0.0056s | L(tr) 0.1485 | A(tr) 0.9857 | L(val) 0.7204 | A(val) 0.7760 
[2026-04-20 22:48:47] [32mIntermediate result: 0.772  (Index 15)[0m
Epoch 00016 | Time 0.0070s | L(tr) 0.1342 | A(tr) 1.0000 | L(val) 0.7258 | A(val) 0.7720 
[2026-04-20 22:48:47] [32mIntermediate result: 0.778  (Index 16)[0m
Epoch 00017 | Time 0.0067s | L(tr) 0.1259 | A(tr) 0.9857 | L(val) 0.7337 | A(val) 0.7780 
[2026-04-20 22:48:47] [32mIntermediate result: 0.78  (Index 17)[0m
Epoch 00018 | Time 0.0059s | L(tr) 0.1334 | A(tr) 0.9929 | L(val) 0.7391 | A(val) 0.7800 
[2026-04-20 22:48:47] [32mIntermediate result: 0.78  (Index 18)[0m
Epoch 00019 | Time 0.0062s | L(tr) 0.1719 | A(tr) 0.9857 | L(val) 0.7403 | A(val) 0.7800 
[2026-04-20 22:48:47] [32mIntermediate result: 0.782  (Index 19)[0m
Epoch 00020 | Time 0.0061s | L(tr) 0.1507 | A(tr) 1.0000 | L(val) 0.7365 | A(val) 0.7820 
[2026-04-20 22:48:47] [32mIntermediate result: 0.782  (Index 20)[0m
Epoch 00021 | Time 0.0062s | L(tr) 0.1587 | A(tr) 1.0000 | L(val) 0.7366 | A(val) 0.7820 
[2026-04-20 22:48:47] [32mIntermediate result: 0.778  (Index 21)[0m
Epoch 00022 | Time 0.0054s | L(tr) 0.1875 | A(tr) 1.0000 | L(val) 0.7478 | A(val) 0.7780 
[2026-04-20 22:48:47] [32mIntermediate result: 0.778  (Index 22)[0m
Epoch 00023 | Time 0.0071s | L(tr) 0.1848 | A(tr) 0.9929 | L(val) 0.7616 | A(val) 0.7780 
[2026-04-20 22:48:47] [32mIntermediate result: 0.778  (Index 23)[0m
Epoch 00024 | Time 0.0057s | L(tr) 0.1802 | A(tr) 1.0000 | L(val) 0.7724 | A(val) 0.7780 
[2026-04-20 22:48:47] [32mIntermediate result: 0.776  (Index 24)[0m
Epoch 00025 | Time 0.0051s | L(tr) 0.2014 | A(tr) 1.0000 | L(val) 0.7745 | A(val) 0.7760 
[2026-04-20 22:48:47] [32mIntermediate result: 0.776  (Index 25)[0m
Epoch 00026 | Time 0.0060s | L(tr) 0.1849 | A(tr) 1.0000 | L(val) 0.7669 | A(val) 0.7760 
[2026-04-20 22:48:47] [32mIntermediate result: 0.784  (Index 26)[0m
Epoch 00027 | Time 0.0060s | L(tr) 0.1874 | A(tr) 1.0000 | L(val) 0.7512 | A(val) 0.7840 
[2026-04-20 22:48:47] [32mIntermediate result: 0.78  (Index 27)[0m
Epoch 00028 | Time 0.0058s | L(tr) 0.1673 | A(tr) 1.0000 | L(val) 0.7399 | A(val) 0.7800 
[2026-04-20 22:48:47] [32mIntermediate result: 0.784  (Index 28)[0m
Epoch 00029 | Time 0.0062s | L(tr) 0.2043 | A(tr) 1.0000 | L(val) 0.7404 | A(val) 0.7840 
[2026-04-20 22:48:47] [32mIntermediate result: 0.776  (Index 29)[0m
Epoch 00030 | Time 0.0057s | L(tr) 0.1793 | A(tr) 0.9929 | L(val) 0.7444 | A(val) 0.7760 
[2026-04-20 22:48:47] [32mIntermediate result: 0.784  (Index 30)[0m
Epoch 00031 | Time 0.0057s | L(tr) 0.1687 | A(tr) 0.9929 | L(val) 0.7492 | A(val) 0.7840 
[2026-04-20 22:48:47] [32mIntermediate result: 0.782  (Index 31)[0m
Epoch 00032 | Time 0.0056s | L(tr) 0.1685 | A(tr) 1.0000 | L(val) 0.7506 | A(val) 0.7820 
[2026-04-20 22:48:47] [32mIntermediate result: 0.78  (Index 32)[0m
Epoch 00033 | Time 0.0054s | L(tr) 0.1569 | A(tr) 1.0000 | L(val) 0.7504 | A(val) 0.7800 
[2026-04-20 22:48:47] [32mIntermediate result: 0.774  (Index 33)[0m
Epoch 00034 | Time 0.0053s | L(tr) 0.1491 | A(tr) 1.0000 | L(val) 0.7443 | A(val) 0.7740 
[2026-04-20 22:48:47] [32mIntermediate result: 0.776  (Index 34)[0m
Epoch 00035 | Time 0.0055s | L(tr) 0.1566 | A(tr) 1.0000 | L(val) 0.7388 | A(val) 0.7760 
[2026-04-20 22:48:47] [32mIntermediate result: 0.776  (Index 35)[0m
Epoch 00036 | Time 0.0052s | L(tr) 0.1542 | A(tr) 0.9929 | L(val) 0.7276 | A(val) 0.7760 
[2026-04-20 22:48:47] [32mIntermediate result: 0.778  (Index 36)[0m
Epoch 00037 | Time 0.0055s | L(tr) 0.1394 | A(tr) 1.0000 | L(val) 0.7228 | A(val) 0.7780 
[2026-04-20 22:48:47] [32mIntermediate result: 0.786  (Index 37)[0m
Epoch 00038 | Time 0.0065s | L(tr) 0.1365 | A(tr) 1.0000 | L(val) 0.7198 | A(val) 0.7860 
[2026-04-20 22:48:47] [32mIntermediate result: 0.78  (Index 38)[0m
Epoch 00039 | Time 0.0055s | L(tr) 0.1482 | A(tr) 0.9929 | L(val) 0.7297 | A(val) 0.7800 
[2026-04-20 22:48:47] [32mIntermediate result: 0.782  (Index 39)[0m
Epoch 00040 | Time 0.0057s | L(tr) 0.1488 | A(tr) 1.0000 | L(val) 0.7401 | A(val) 0.7820 
[2026-04-20 22:48:47] [32mIntermediate result: 0.774  (Index 40)[0m
Epoch 00041 | Time 0.0054s | L(tr) 0.1525 | A(tr) 1.0000 | L(val) 0.7470 | A(val) 0.7740 
[2026-04-20 22:48:47] [32mIntermediate result: 0.776  (Index 41)[0m
Epoch 00042 | Time 0.0053s | L(tr) 0.1477 | A(tr) 0.9929 | L(val) 0.7379 | A(val) 0.7760 
[2026-04-20 22:48:47] [32mIntermediate result: 0.784  (Index 42)[0m
Epoch 00043 | Time 0.0067s | L(tr) 0.1654 | A(tr) 1.0000 | L(val) 0.7280 | A(val) 0.7840 
[2026-04-20 22:48:47] [32mIntermediate result: 0.782  (Index 43)[0m
Epoch 00044 | Time 0.0053s | L(tr) 0.1560 | A(tr) 1.0000 | L(val) 0.7208 | A(val) 0.7820 
[2026-04-20 22:48:47] [32mIntermediate result: 0.784  (Index 44)[0m
Epoch 00045 | Time 0.0053s | L(tr) 0.1457 | A(tr) 1.0000 | L(val) 0.7182 | A(val) 0.7840 
[2026-04-20 22:48:47] [32mIntermediate result: 0.78  (Index 45)[0m
Epoch 00046 | Time 0.0057s | L(tr) 0.1550 | A(tr) 1.0000 | L(val) 0.7278 | A(val) 0.7800 
[2026-04-20 22:48:47] [32mIntermediate result: 0.774  (Index 46)[0m
Epoch 00047 | Time 0.0052s | L(tr) 0.1785 | A(tr) 0.9929 | L(val) 0.7477 | A(val) 0.7740 
[2026-04-20 22:48:47] [32mIntermediate result: 0.778  (Index 47)[0m
Epoch 00048 | Time 0.0064s | L(tr) 0.1661 | A(tr) 1.0000 | L(val) 0.7572 | A(val) 0.7780 
[2026-04-20 22:48:47] [32mIntermediate result: 0.776  (Index 48)[0m
Epoch 00049 | Time 0.0057s | L(tr) 0.1507 | A(tr) 0.9929 | L(val) 0.7651 | A(val) 0.7760 
[2026-04-20 22:48:47] [32mIntermediate result: 0.774  (Index 49)[0m
Epoch 00050 | Time 0.0057s | L(tr) 0.1391 | A(tr) 1.0000 | L(val) 0.7572 | A(val) 0.7740 
[2026-04-20 22:48:47] [32mIntermediate result: 0.772  (Index 50)[0m
Epoch 00051 | Time 0.0065s | L(tr) 0.1608 | A(tr) 1.0000 | L(val) 0.7510 | A(val) 0.7720 
[2026-04-20 22:48:47] [32mIntermediate result: 0.776  (Index 51)[0m
Epoch 00052 | Time 0.0063s | L(tr) 0.1476 | A(tr) 1.0000 | L(val) 0.7419 | A(val) 0.7760 
[2026-04-20 22:48:47] [32mIntermediate result: 0.776  (Index 52)[0m
Epoch 00053 | Time 0.0057s | L(tr) 0.1761 | A(tr) 1.0000 | L(val) 0.7434 | A(val) 0.7760 
[2026-04-20 22:48:47] [32mIntermediate result: 0.778  (Index 53)[0m
Epoch 00054 | Time 0.0056s | L(tr) 0.1677 | A(tr) 1.0000 | L(val) 0.7514 | A(val) 0.7780 
[2026-04-20 22:48:47] [32mIntermediate result: 0.778  (Index 54)[0m
Epoch 00055 | Time 0.0060s | L(tr) 0.1600 | A(tr) 1.0000 | L(val) 0.7544 | A(val) 0.7780 
[2026-04-20 22:48:47] [32mIntermediate result: 0.774  (Index 55)[0m
Epoch 00056 | Time 0.0050s | L(tr) 0.1641 | A(tr) 1.0000 | L(val) 0.7516 | A(val) 0.7740 
[2026-04-20 22:48:47] [32mIntermediate result: 0.776  (Index 56)[0m
Epoch 00057 | Time 0.0068s | L(tr) 0.1690 | A(tr) 1.0000 | L(val) 0.7365 | A(val) 0.7760 
[2026-04-20 22:48:47] [32mIntermediate result: 0.778  (Index 57)[0m
Epoch 00058 | Time 0.0060s | L(tr) 0.1385 | A(tr) 1.0000 | L(val) 0.7296 | A(val) 0.7780 
[2026-04-20 22:48:47] [32mIntermediate result: 0.776  (Index 58)[0m
Epoch 00059 | Time 0.0063s | L(tr) 0.1580 | A(tr) 1.0000 | L(val) 0.7313 | A(val) 0.7760 
[2026-04-20 22:48:47] [32mIntermediate result: 0.778  (Index 59)[0m
Epoch 00060 | Time 0.0058s | L(tr) 0.1741 | A(tr) 1.0000 | L(val) 0.7297 | A(val) 0.7780 
[2026-04-20 22:48:47] [32mIntermediate result: 0.778  (Index 60)[0m
Epoch 00061 | Time 0.0060s | L(tr) 0.1553 | A(tr) 1.0000 | L(val) 0.7294 | A(val) 0.7780 
[2026-04-20 22:48:47] [32mIntermediate result: 0.778  (Index 61)[0m
Epoch 00062 | Time 0.0059s | L(tr) 0.1515 | A(tr) 0.9929 | L(val) 0.7307 | A(val) 0.7780 
[2026-04-20 22:48:47] [32mIntermediate result: 0.78  (Index 62)[0m
Epoch 00063 | Time 0.0060s | L(tr) 0.1541 | A(tr) 1.0000 | L(val) 0.7371 | A(val) 0.7800 
[2026-04-20 22:48:47] [32mIntermediate result: 0.782  (Index 63)[0m
Epoch 00064 | Time 0.0051s | L(tr) 0.1569 | A(tr) 0.9929 | L(val) 0.7431 | A(val) 0.7820 
[2026-04-20 22:48:47] [32mIntermediate result: 0.784  (Index 64)[0m
Epoch 00065 | Time 0.0059s | L(tr) 0.1491 | A(tr) 0.9929 | L(val) 0.7502 | A(val) 0.7840 
[2026-04-20 22:48:47] [32mIntermediate result: 0.78  (Index 65)[0m
Epoch 00066 | Time 0.0054s | L(tr) 0.1711 | A(tr) 1.0000 | L(val) 0.7573 | A(val) 0.7800 
[2026-04-20 22:48:47] [32mIntermediate result: 0.77  (Index 66)[0m
Epoch 00067 | Time 0.0053s | L(tr) 0.1605 | A(tr) 0.9929 | L(val) 0.7572 | A(val) 0.7700 
[2026-04-20 22:48:47] [32mIntermediate result: 0.776  (Index 67)[0m
Epoch 00068 | Time 0.0058s | L(tr) 0.1529 | A(tr) 1.0000 | L(val) 0.7509 | A(val) 0.7760 
[2026-04-20 22:48:47] [32mIntermediate result: 0.782  (Index 68)[0m
Epoch 00069 | Time 0.0061s | L(tr) 0.1624 | A(tr) 1.0000 | L(val) 0.7353 | A(val) 0.7820 
[2026-04-20 22:48:47] [32mIntermediate result: 0.782  (Index 69)[0m
Epoch 00070 | Time 0.0052s | L(tr) 0.1494 | A(tr) 1.0000 | L(val) 0.7277 | A(val) 0.7820 
[2026-04-20 22:48:47] [32mIntermediate result: 0.776  (Index 70)[0m
Epoch 00071 | Time 0.0056s | L(tr) 0.1705 | A(tr) 0.9857 | L(val) 0.7384 | A(val) 0.7760 
[2026-04-20 22:48:47] [32mIntermediate result: 0.782  (Index 71)[0m
Epoch 00072 | Time 0.0059s | L(tr) 0.1752 | A(tr) 1.0000 | L(val) 0.7598 | A(val) 0.7820 
[2026-04-20 22:48:47] [32mIntermediate result: 0.784  (Index 72)[0m
Epoch 00073 | Time 0.0057s | L(tr) 0.1689 | A(tr) 1.0000 | L(val) 0.7586 | A(val) 0.7840 
[2026-04-20 22:48:47] [32mIntermediate result: 0.786  (Index 73)[0m
Epoch 00074 | Time 0.0069s | L(tr) 0.1634 | A(tr) 0.9929 | L(val) 0.7458 | A(val) 0.7860 
[2026-04-20 22:48:47] [32mIntermediate result: 0.786  (Index 74)[0m
Epoch 00075 | Time 0.0061s | L(tr) 0.1712 | A(tr) 0.9857 | L(val) 0.7401 | A(val) 0.7860 
[2026-04-20 22:48:47] [32mIntermediate result: 0.784  (Index 75)[0m
Epoch 00076 | Time 0.0061s | L(tr) 0.1613 | A(tr) 1.0000 | L(val) 0.7347 | A(val) 0.7840 
[2026-04-20 22:48:47] [32mIntermediate result: 0.772  (Index 76)[0m
Epoch 00077 | Time 0.0058s | L(tr) 0.1604 | A(tr) 1.0000 | L(val) 0.7410 | A(val) 0.7720 
[2026-04-20 22:48:47] [32mIntermediate result: 0.776  (Index 77)[0m
Epoch 00078 | Time 0.0062s | L(tr) 0.1609 | A(tr) 1.0000 | L(val) 0.7414 | A(val) 0.7760 
[2026-04-20 22:48:47] [32mIntermediate result: 0.782  (Index 78)[0m
Epoch 00079 | Time 0.0063s | L(tr) 0.1458 | A(tr) 1.0000 | L(val) 0.7451 | A(val) 0.7820 
[2026-04-20 22:48:47] [32mIntermediate result: 0.786  (Index 79)[0m
Epoch 00080 | Time 0.0058s | L(tr) 0.1545 | A(tr) 1.0000 | L(val) 0.7405 | A(val) 0.7860 
[2026-04-20 22:48:47] [32mIntermediate result: 0.788  (Index 80)[0m
Epoch 00081 | Time 0.0053s | L(tr) 0.1601 | A(tr) 1.0000 | L(val) 0.7416 | A(val) 0.7880 
[2026-04-20 22:48:47] [32mIntermediate result: 0.784  (Index 81)[0m
Epoch 00082 | Time 0.0054s | L(tr) 0.1704 | A(tr) 1.0000 | L(val) 0.7416 | A(val) 0.7840 
[2026-04-20 22:48:47] [32mIntermediate result: 0.776  (Index 82)[0m
Epoch 00083 | Time 0.0057s | L(tr) 0.1777 | A(tr) 1.0000 | L(val) 0.7407 | A(val) 0.7760 
[2026-04-20 22:48:47] [32mIntermediate result: 0.77  (Index 83)[0m
Epoch 00084 | Time 0.0046s | L(tr) 0.1622 | A(tr) 1.0000 | L(val) 0.7489 | A(val) 0.7700 
[2026-04-20 22:48:47] [32mIntermediate result: 0.772  (Index 84)[0m
Epoch 00085 | Time 0.0061s | L(tr) 0.1600 | A(tr) 1.0000 | L(val) 0.7522 | A(val) 0.7720 
[2026-04-20 22:48:47] [32mIntermediate result: 0.776  (Index 85)[0m
Epoch 00086 | Time 0.0057s | L(tr) 0.1592 | A(tr) 1.0000 | L(val) 0.7448 | A(val) 0.7760 
[2026-04-20 22:48:47] [32mIntermediate result: 0.782  (Index 86)[0m
Epoch 00087 | Time 0.0049s | L(tr) 0.1800 | A(tr) 0.9929 | L(val) 0.7375 | A(val) 0.7820 
[2026-04-20 22:48:47] [32mIntermediate result: 0.778  (Index 87)[0m
Epoch 00088 | Time 0.0059s | L(tr) 0.1694 | A(tr) 0.9929 | L(val) 0.7354 | A(val) 0.7780 
[2026-04-20 22:48:47] [32mIntermediate result: 0.776  (Index 88)[0m
Epoch 00089 | Time 0.0057s | L(tr) 0.1539 | A(tr) 1.0000 | L(val) 0.7363 | A(val) 0.7760 
[2026-04-20 22:48:47] [32mIntermediate result: 0.774  (Index 89)[0m
Epoch 00090 | Time 0.0059s | L(tr) 0.1676 | A(tr) 1.0000 | L(val) 0.7426 | A(val) 0.7740 
[2026-04-20 22:48:47] [32mIntermediate result: 0.77  (Index 90)[0m
Epoch 00091 | Time 0.0057s | L(tr) 0.1514 | A(tr) 0.9929 | L(val) 0.7418 | A(val) 0.7700 
[2026-04-20 22:48:47] [32mIntermediate result: 0.776  (Index 91)[0m
Epoch 00092 | Time 0.0046s | L(tr) 0.1433 | A(tr) 1.0000 | L(val) 0.7390 | A(val) 0.7760 
[2026-04-20 22:48:47] [32mIntermediate result: 0.778  (Index 92)[0m
Epoch 00093 | Time 0.0061s | L(tr) 0.1602 | A(tr) 1.0000 | L(val) 0.7322 | A(val) 0.7780 
[2026-04-20 22:48:47] [32mIntermediate result: 0.786  (Index 93)[0m
Epoch 00094 | Time 0.0057s | L(tr) 0.1682 | A(tr) 1.0000 | L(val) 0.7227 | A(val) 0.7860 
[2026-04-20 22:48:47] [32mIntermediate result: 0.79  (Index 94)[0m
Epoch 00095 | Time 0.0051s | L(tr) 0.1582 | A(tr) 0.9929 | L(val) 0.7208 | A(val) 0.7900 
[2026-04-20 22:48:47] [32mIntermediate result: 0.786  (Index 95)[0m
Epoch 00096 | Time 0.0052s | L(tr) 0.1489 | A(tr) 1.0000 | L(val) 0.7337 | A(val) 0.7860 
[2026-04-20 22:48:47] [32mIntermediate result: 0.788  (Index 96)[0m
Epoch 00097 | Time 0.0053s | L(tr) 0.1733 | A(tr) 1.0000 | L(val) 0.7438 | A(val) 0.7880 
[2026-04-20 22:48:47] [32mIntermediate result: 0.79  (Index 97)[0m
Epoch 00098 | Time 0.0054s | L(tr) 0.1551 | A(tr) 1.0000 | L(val) 0.7480 | A(val) 0.7900 
[2026-04-20 22:48:47] [32mIntermediate result: 0.776  (Index 98)[0m
Epoch 00099 | Time 0.0054s | L(tr) 0.1628 | A(tr) 1.0000 | L(val) 0.7529 | A(val) 0.7760 
[2026-04-20 22:48:47] [32mIntermediate result: 0.776  (Index 99)[0m
Epoch 00100 | Time 0.0053s | L(tr) 0.1815 | A(tr) 0.9929 | L(val) 0.7584 | A(val) 0.7760 
[2026-04-20 22:48:47] [32mIntermediate result: 0.782  (Index 100)[0m
Epoch 00101 | Time 0.0058s | L(tr) 0.1461 | A(tr) 1.0000 | L(val) 0.7582 | A(val) 0.7820 
[2026-04-20 22:48:47] [32mIntermediate result: 0.784  (Index 101)[0m
Epoch 00102 | Time 0.0053s | L(tr) 0.1576 | A(tr) 1.0000 | L(val) 0.7504 | A(val) 0.7840 
[2026-04-20 22:48:47] [32mIntermediate result: 0.778  (Index 102)[0m
Epoch 00103 | Time 0.0048s | L(tr) 0.1572 | A(tr) 1.0000 | L(val) 0.7368 | A(val) 0.7780 
[2026-04-20 22:48:47] [32mIntermediate result: 0.776  (Index 103)[0m
Epoch 00104 | Time 0.0060s | L(tr) 0.1678 | A(tr) 1.0000 | L(val) 0.7310 | A(val) 0.7760 
[2026-04-20 22:48:47] [32mIntermediate result: 0.776  (Index 104)[0m
Epoch 00105 | Time 0.0045s | L(tr) 0.1738 | A(tr) 1.0000 | L(val) 0.7255 | A(val) 0.7760 
[2026-04-20 22:48:47] [32mIntermediate result: 0.782  (Index 105)[0m
Epoch 00106 | Time 0.0063s | L(tr) 0.1545 | A(tr) 1.0000 | L(val) 0.7306 | A(val) 0.7820 
[2026-04-20 22:48:47] [32mIntermediate result: 0.772  (Index 106)[0m
Epoch 00107 | Time 0.0070s | L(tr) 0.1580 | A(tr) 1.0000 | L(val) 0.7449 | A(val) 0.7720 
[2026-04-20 22:48:47] [32mIntermediate result: 0.77  (Index 107)[0m
Epoch 00108 | Time 0.0051s | L(tr) 0.1493 | A(tr) 1.0000 | L(val) 0.7462 | A(val) 0.7700 
[2026-04-20 22:48:47] [32mIntermediate result: 0.78  (Index 108)[0m
Epoch 00109 | Time 0.0057s | L(tr) 0.1612 | A(tr) 1.0000 | L(val) 0.7428 | A(val) 0.7800 
[2026-04-20 22:48:47] [32mIntermediate result: 0.786  (Index 109)[0m
Epoch 00110 | Time 0.0057s | L(tr) 0.1548 | A(tr) 0.9929 | L(val) 0.7329 | A(val) 0.7860 
[2026-04-20 22:48:47] [32mIntermediate result: 0.782  (Index 110)[0m
Epoch 00111 | Time 0.0059s | L(tr) 0.1552 | A(tr) 1.0000 | L(val) 0.7383 | A(val) 0.7820 
[2026-04-20 22:48:47] [32mIntermediate result: 0.774  (Index 111)[0m
Epoch 00112 | Time 0.0056s | L(tr) 0.1623 | A(tr) 0.9929 | L(val) 0.7424 | A(val) 0.7740 
[2026-04-20 22:48:47] [32mIntermediate result: 0.774  (Index 112)[0m
Epoch 00113 | Time 0.0053s | L(tr) 0.1612 | A(tr) 1.0000 | L(val) 0.7533 | A(val) 0.7740 
[2026-04-20 22:48:47] [32mIntermediate result: 0.778  (Index 113)[0m
Epoch 00114 | Time 0.0058s | L(tr) 0.1511 | A(tr) 1.0000 | L(val) 0.7551 | A(val) 0.7780 
[2026-04-20 22:48:47] [32mIntermediate result: 0.78  (Index 114)[0m
Epoch 00115 | Time 0.0051s | L(tr) 0.1625 | A(tr) 1.0000 | L(val) 0.7544 | A(val) 0.7800 
[2026-04-20 22:48:48] [32mIntermediate result: 0.772  (Index 115)[0m
Epoch 00116 | Time 0.0059s | L(tr) 0.1709 | A(tr) 1.0000 | L(val) 0.7528 | A(val) 0.7720 
[2026-04-20 22:48:48] [32mIntermediate result: 0.774  (Index 116)[0m
Epoch 00117 | Time 0.0055s | L(tr) 0.1737 | A(tr) 1.0000 | L(val) 0.7432 | A(val) 0.7740 
[2026-04-20 22:48:48] [32mIntermediate result: 0.782  (Index 117)[0m
Epoch 00118 | Time 0.0054s | L(tr) 0.1508 | A(tr) 1.0000 | L(val) 0.7362 | A(val) 0.7820 
[2026-04-20 22:48:48] [32mIntermediate result: 0.774  (Index 118)[0m
Epoch 00119 | Time 0.0052s | L(tr) 0.1700 | A(tr) 1.0000 | L(val) 0.7415 | A(val) 0.7740 
[2026-04-20 22:48:48] [32mIntermediate result: 0.776  (Index 119)[0m
Epoch 00120 | Time 0.0054s | L(tr) 0.1651 | A(tr) 0.9929 | L(val) 0.7558 | A(val) 0.7760 
[2026-04-20 22:48:48] [32mIntermediate result: 0.774  (Index 120)[0m
Epoch 00121 | Time 0.0058s | L(tr) 0.1593 | A(tr) 0.9929 | L(val) 0.7503 | A(val) 0.7740 
[2026-04-20 22:48:48] [32mIntermediate result: 0.776  (Index 121)[0m
Epoch 00122 | Time 0.0052s | L(tr) 0.1578 | A(tr) 0.9929 | L(val) 0.7339 | A(val) 0.7760 
[2026-04-20 22:48:48] [32mIntermediate result: 0.78  (Index 122)[0m
Epoch 00123 | Time 0.0060s | L(tr) 0.1498 | A(tr) 1.0000 | L(val) 0.7284 | A(val) 0.7800 
[2026-04-20 22:48:48] [32mIntermediate result: 0.778  (Index 123)[0m
Epoch 00124 | Time 0.0052s | L(tr) 0.1659 | A(tr) 1.0000 | L(val) 0.7409 | A(val) 0.7780 
[2026-04-20 22:48:48] [32mIntermediate result: 0.774  (Index 124)[0m
Epoch 00125 | Time 0.0052s | L(tr) 0.1650 | A(tr) 0.9929 | L(val) 0.7563 | A(val) 0.7740 
[2026-04-20 22:48:48] [32mIntermediate result: 0.77  (Index 125)[0m
Epoch 00126 | Time 0.0063s | L(tr) 0.1456 | A(tr) 1.0000 | L(val) 0.7709 | A(val) 0.7700 
[2026-04-20 22:48:48] [32mIntermediate result: 0.778  (Index 126)[0m
Epoch 00127 | Time 0.0068s | L(tr) 0.1672 | A(tr) 1.0000 | L(val) 0.7625 | A(val) 0.7780 
[2026-04-20 22:48:48] [32mIntermediate result: 0.788  (Index 127)[0m
Epoch 00128 | Time 0.0064s | L(tr) 0.1621 | A(tr) 0.9929 | L(val) 0.7413 | A(val) 0.7880 
[2026-04-20 22:48:48] [32mIntermediate result: 0.784  (Index 128)[0m
Epoch 00129 | Time 0.0058s | L(tr) 0.1600 | A(tr) 0.9929 | L(val) 0.7319 | A(val) 0.7840 
[2026-04-20 22:48:48] [32mIntermediate result: 0.782  (Index 129)[0m
Epoch 00130 | Time 0.0066s | L(tr) 0.1618 | A(tr) 1.0000 | L(val) 0.7321 | A(val) 0.7820 
[2026-04-20 22:48:48] [32mIntermediate result: 0.774  (Index 130)[0m
Epoch 00131 | Time 0.0066s | L(tr) 0.1517 | A(tr) 1.0000 | L(val) 0.7367 | A(val) 0.7740 
[2026-04-20 22:48:48] [32mIntermediate result: 0.772  (Index 131)[0m
Epoch 00132 | Time 0.0074s | L(tr) 0.1424 | A(tr) 1.0000 | L(val) 0.7518 | A(val) 0.7720 
[2026-04-20 22:48:48] [32mIntermediate result: 0.772  (Index 132)[0m
Epoch 00133 | Time 0.0061s | L(tr) 0.1596 | A(tr) 1.0000 | L(val) 0.7550 | A(val) 0.7720 
[2026-04-20 22:48:48] [32mIntermediate result: 0.778  (Index 133)[0m
Epoch 00134 | Time 0.0065s | L(tr) 0.1711 | A(tr) 1.0000 | L(val) 0.7487 | A(val) 0.7780 
[2026-04-20 22:48:48] [32mIntermediate result: 0.788  (Index 134)[0m
Epoch 00135 | Time 0.0074s | L(tr) 0.1684 | A(tr) 1.0000 | L(val) 0.7379 | A(val) 0.7880 
[2026-04-20 22:48:48] [32mIntermediate result: 0.776  (Index 135)[0m
Epoch 00136 | Time 0.0065s | L(tr) 0.1623 | A(tr) 1.0000 | L(val) 0.7380 | A(val) 0.7760 
[2026-04-20 22:48:48] [32mIntermediate result: 0.784  (Index 136)[0m
Epoch 00137 | Time 0.0071s | L(tr) 0.1545 | A(tr) 1.0000 | L(val) 0.7525 | A(val) 0.7840 
[2026-04-20 22:48:48] [32mIntermediate result: 0.774  (Index 137)[0m
Epoch 00138 | Time 0.0069s | L(tr) 0.1534 | A(tr) 0.9929 | L(val) 0.7590 | A(val) 0.7740 
[2026-04-20 22:48:48] [32mIntermediate result: 0.77  (Index 138)[0m
Epoch 00139 | Time 0.0069s | L(tr) 0.1552 | A(tr) 1.0000 | L(val) 0.7644 | A(val) 0.7700 
[2026-04-20 22:48:48] [32mIntermediate result: 0.774  (Index 139)[0m
Epoch 00140 | Time 0.0068s | L(tr) 0.1576 | A(tr) 1.0000 | L(val) 0.7566 | A(val) 0.7740 
[2026-04-20 22:48:48] [32mIntermediate result: 0.778  (Index 140)[0m
Epoch 00141 | Time 0.0065s | L(tr) 0.1734 | A(tr) 1.0000 | L(val) 0.7460 | A(val) 0.7780 
[2026-04-20 22:48:48] [32mIntermediate result: 0.782  (Index 141)[0m
Epoch 00142 | Time 0.0066s | L(tr) 0.1608 | A(tr) 1.0000 | L(val) 0.7312 | A(val) 0.7820 
[2026-04-20 22:48:48] [32mIntermediate result: 0.78  (Index 142)[0m
Epoch 00143 | Time 0.0061s | L(tr) 0.1481 | A(tr) 1.0000 | L(val) 0.7350 | A(val) 0.7800 
[2026-04-20 22:48:48] [32mIntermediate result: 0.788  (Index 143)[0m
Epoch 00144 | Time 0.0077s | L(tr) 0.1373 | A(tr) 1.0000 | L(val) 0.7438 | A(val) 0.7880 
[2026-04-20 22:48:48] [32mIntermediate result: 0.78  (Index 144)[0m
Epoch 00145 | Time 0.0064s | L(tr) 0.1575 | A(tr) 0.9929 | L(val) 0.7392 | A(val) 0.7800 
[2026-04-20 22:48:48] [32mIntermediate result: 0.784  (Index 145)[0m
Epoch 00146 | Time 0.0056s | L(tr) 0.1601 | A(tr) 0.9857 | L(val) 0.7380 | A(val) 0.7840 
[2026-04-20 22:48:48] [32mIntermediate result: 0.778  (Index 146)[0m
Epoch 00147 | Time 0.0077s | L(tr) 0.1602 | A(tr) 1.0000 | L(val) 0.7356 | A(val) 0.7780 
[2026-04-20 22:48:48] [32mIntermediate result: 0.78  (Index 147)[0m
Epoch 00148 | Time 0.0065s | L(tr) 0.1780 | A(tr) 0.9929 | L(val) 0.7335 | A(val) 0.7800 
[2026-04-20 22:48:48] [32mIntermediate result: 0.78  (Index 148)[0m
Epoch 00149 | Time 0.0063s | L(tr) 0.1546 | A(tr) 1.0000 | L(val) 0.7296 | A(val) 0.7800 
[2026-04-20 22:48:48] [32mIntermediate result: 0.778  (Index 149)[0m
Epoch 00150 | Time 0.0063s | L(tr) 0.1655 | A(tr) 0.9929 | L(val) 0.7246 | A(val) 0.7780 
[2026-04-20 22:48:48] [32mIntermediate result: 0.782  (Index 150)[0m
Epoch 00151 | Time 0.0070s | L(tr) 0.1646 | A(tr) 1.0000 | L(val) 0.7290 | A(val) 0.7820 
[2026-04-20 22:48:48] [32mIntermediate result: 0.778  (Index 151)[0m
Epoch 00152 | Time 0.0066s | L(tr) 0.1536 | A(tr) 1.0000 | L(val) 0.7379 | A(val) 0.7780 
[2026-04-20 22:48:48] [32mIntermediate result: 0.776  (Index 152)[0m
Epoch 00153 | Time 0.0080s | L(tr) 0.1642 | A(tr) 0.9929 | L(val) 0.7476 | A(val) 0.7760 
[2026-04-20 22:48:48] [32mIntermediate result: 0.772  (Index 153)[0m
Epoch 00154 | Time 0.0071s | L(tr) 0.1597 | A(tr) 1.0000 | L(val) 0.7570 | A(val) 0.7720 
[2026-04-20 22:48:48] [32mIntermediate result: 0.774  (Index 154)[0m
Epoch 00155 | Time 0.0070s | L(tr) 0.1641 | A(tr) 0.9929 | L(val) 0.7531 | A(val) 0.7740 
[2026-04-20 22:48:48] [32mIntermediate result: 0.774  (Index 155)[0m
Epoch 00156 | Time 0.0061s | L(tr) 0.1562 | A(tr) 0.9929 | L(val) 0.7459 | A(val) 0.7740 
[2026-04-20 22:48:48] [32mIntermediate result: 0.78  (Index 156)[0m
Epoch 00157 | Time 0.0056s | L(tr) 0.1598 | A(tr) 1.0000 | L(val) 0.7391 | A(val) 0.7800 
[2026-04-20 22:48:48] [32mIntermediate result: 0.786  (Index 157)[0m
Epoch 00158 | Time 0.0050s | L(tr) 0.1514 | A(tr) 1.0000 | L(val) 0.7414 | A(val) 0.7860 
[2026-04-20 22:48:48] [32mIntermediate result: 0.784  (Index 158)[0m
Epoch 00159 | Time 0.0046s | L(tr) 0.1601 | A(tr) 1.0000 | L(val) 0.7497 | A(val) 0.7840 
[2026-04-20 22:48:48] [32mIntermediate result: 0.776  (Index 159)[0m
Epoch 00160 | Time 0.0061s | L(tr) 0.1499 | A(tr) 1.0000 | L(val) 0.7587 | A(val) 0.7760 
[2026-04-20 22:48:48] [32mIntermediate result: 0.778  (Index 160)[0m
Epoch 00161 | Time 0.0062s | L(tr) 0.1572 | A(tr) 1.0000 | L(val) 0.7578 | A(val) 0.7780 
[2026-04-20 22:48:48] [32mIntermediate result: 0.78  (Index 161)[0m
Epoch 00162 | Time 0.0052s | L(tr) 0.1491 | A(tr) 1.0000 | L(val) 0.7403 | A(val) 0.7800 
[2026-04-20 22:48:48] [32mIntermediate result: 0.778  (Index 162)[0m
Epoch 00163 | Time 0.0056s | L(tr) 0.1551 | A(tr) 1.0000 | L(val) 0.7344 | A(val) 0.7780 
[2026-04-20 22:48:48] [32mIntermediate result: 0.778  (Index 163)[0m
Epoch 00164 | Time 0.0046s | L(tr) 0.1576 | A(tr) 1.0000 | L(val) 0.7329 | A(val) 0.7780 
[2026-04-20 22:48:48] [32mIntermediate result: 0.778  (Index 164)[0m
Epoch 00165 | Time 0.0063s | L(tr) 0.1668 | A(tr) 1.0000 | L(val) 0.7375 | A(val) 0.7780 
[2026-04-20 22:48:48] [32mIntermediate result: 0.776  (Index 165)[0m
Epoch 00166 | Time 0.0058s | L(tr) 0.1496 | A(tr) 1.0000 | L(val) 0.7430 | A(val) 0.7760 
[2026-04-20 22:48:48] [32mIntermediate result: 0.77  (Index 166)[0m
Epoch 00167 | Time 0.0055s | L(tr) 0.1711 | A(tr) 0.9929 | L(val) 0.7436 | A(val) 0.7700 
[2026-04-20 22:48:48] [32mIntermediate result: 0.774  (Index 167)[0m
Epoch 00168 | Time 0.0052s | L(tr) 0.1553 | A(tr) 1.0000 | L(val) 0.7402 | A(val) 0.7740 
[2026-04-20 22:48:48] [32mIntermediate result: 0.774  (Index 168)[0m
Epoch 00169 | Time 0.0055s | L(tr) 0.1636 | A(tr) 1.0000 | L(val) 0.7348 | A(val) 0.7740 
[2026-04-20 22:48:48] [32mIntermediate result: 0.782  (Index 169)[0m
Epoch 00170 | Time 0.0055s | L(tr) 0.1507 | A(tr) 1.0000 | L(val) 0.7292 | A(val) 0.7820 
[2026-04-20 22:48:48] [32mIntermediate result: 0.78  (Index 170)[0m
Epoch 00171 | Time 0.0057s | L(tr) 0.1629 | A(tr) 1.0000 | L(val) 0.7325 | A(val) 0.7800 
[2026-04-20 22:48:48] [32mIntermediate result: 0.786  (Index 171)[0m
Epoch 00172 | Time 0.0056s | L(tr) 0.1624 | A(tr) 1.0000 | L(val) 0.7335 | A(val) 0.7860 
[2026-04-20 22:48:48] [32mIntermediate result: 0.782  (Index 172)[0m
Epoch 00173 | Time 0.0056s | L(tr) 0.1569 | A(tr) 1.0000 | L(val) 0.7440 | A(val) 0.7820 
[2026-04-20 22:48:48] [32mIntermediate result: 0.776  (Index 173)[0m
Epoch 00174 | Time 0.0049s | L(tr) 0.1581 | A(tr) 1.0000 | L(val) 0.7546 | A(val) 0.7760 
[2026-04-20 22:48:48] [32mIntermediate result: 0.774  (Index 174)[0m
Epoch 00175 | Time 0.0065s | L(tr) 0.1556 | A(tr) 1.0000 | L(val) 0.7662 | A(val) 0.7740 
[2026-04-20 22:48:48] [32mIntermediate result: 0.776  (Index 175)[0m
Epoch 00176 | Time 0.0057s | L(tr) 0.1648 | A(tr) 1.0000 | L(val) 0.7583 | A(val) 0.7760 
[2026-04-20 22:48:48] [32mIntermediate result: 0.78  (Index 176)[0m
Epoch 00177 | Time 0.0062s | L(tr) 0.1600 | A(tr) 0.9929 | L(val) 0.7509 | A(val) 0.7800 
[2026-04-20 22:48:48] [32mIntermediate result: 0.788  (Index 177)[0m
Epoch 00178 | Time 0.0055s | L(tr) 0.1565 | A(tr) 1.0000 | L(val) 0.7346 | A(val) 0.7880 
[2026-04-20 22:48:48] [32mIntermediate result: 0.78  (Index 178)[0m
Epoch 00179 | Time 0.0064s | L(tr) 0.1536 | A(tr) 1.0000 | L(val) 0.7320 | A(val) 0.7800 
[2026-04-20 22:48:48] [32mIntermediate result: 0.78  (Index 179)[0m
Epoch 00180 | Time 0.0065s | L(tr) 0.1614 | A(tr) 1.0000 | L(val) 0.7367 | A(val) 0.7800 
[2026-04-20 22:48:48] [32mIntermediate result: 0.782  (Index 180)[0m
Epoch 00181 | Time 0.0056s | L(tr) 0.1601 | A(tr) 1.0000 | L(val) 0.7378 | A(val) 0.7820 
[2026-04-20 22:48:48] [32mIntermediate result: 0.776  (Index 181)[0m
Epoch 00182 | Time 0.0066s | L(tr) 0.1626 | A(tr) 1.0000 | L(val) 0.7309 | A(val) 0.7760 
[2026-04-20 22:48:48] [32mIntermediate result: 0.778  (Index 182)[0m
Epoch 00183 | Time 0.0063s | L(tr) 0.1529 | A(tr) 1.0000 | L(val) 0.7266 | A(val) 0.7780 
[2026-04-20 22:48:48] [32mIntermediate result: 0.776  (Index 183)[0m
Epoch 00184 | Time 0.0062s | L(tr) 0.1562 | A(tr) 1.0000 | L(val) 0.7297 | A(val) 0.7760 
[2026-04-20 22:48:48] [32mIntermediate result: 0.784  (Index 184)[0m
Epoch 00185 | Time 0.0057s | L(tr) 0.1526 | A(tr) 0.9929 | L(val) 0.7316 | A(val) 0.7840 
[2026-04-20 22:48:48] [32mIntermediate result: 0.778  (Index 185)[0m
Epoch 00186 | Time 0.0059s | L(tr) 0.1538 | A(tr) 1.0000 | L(val) 0.7367 | A(val) 0.7780 
[2026-04-20 22:48:48] [32mIntermediate result: 0.78  (Index 186)[0m
Epoch 00187 | Time 0.0063s | L(tr) 0.1505 | A(tr) 1.0000 | L(val) 0.7572 | A(val) 0.7800 
[2026-04-20 22:48:48] [32mIntermediate result: 0.78  (Index 187)[0m
Epoch 00188 | Time 0.0065s | L(tr) 0.1723 | A(tr) 1.0000 | L(val) 0.7748 | A(val) 0.7800 
[2026-04-20 22:48:48] [32mIntermediate result: 0.778  (Index 188)[0m
Epoch 00189 | Time 0.0060s | L(tr) 0.1617 | A(tr) 0.9857 | L(val) 0.7703 | A(val) 0.7780 
[2026-04-20 22:48:48] [32mIntermediate result: 0.782  (Index 189)[0m
Epoch 00190 | Time 0.0061s | L(tr) 0.1826 | A(tr) 1.0000 | L(val) 0.7613 | A(val) 0.7820 
[2026-04-20 22:48:48] [32mIntermediate result: 0.78  (Index 190)[0m
Epoch 00191 | Time 0.0070s | L(tr) 0.1485 | A(tr) 1.0000 | L(val) 0.7505 | A(val) 0.7800 
[2026-04-20 22:48:48] [32mIntermediate result: 0.776  (Index 191)[0m
Epoch 00192 | Time 0.0063s | L(tr) 0.1651 | A(tr) 1.0000 | L(val) 0.7482 | A(val) 0.7760 
[2026-04-20 22:48:48] [32mIntermediate result: 0.776  (Index 192)[0m
Epoch 00193 | Time 0.0055s | L(tr) 0.1616 | A(tr) 1.0000 | L(val) 0.7616 | A(val) 0.7760 
[2026-04-20 22:48:48] [32mIntermediate result: 0.774  (Index 193)[0m
Epoch 00194 | Time 0.0063s | L(tr) 0.1684 | A(tr) 0.9929 | L(val) 0.7700 | A(val) 0.7740 
[2026-04-20 22:48:48] [32mIntermediate result: 0.782  (Index 194)[0m
Epoch 00195 | Time 0.0059s | L(tr) 0.1728 | A(tr) 0.9929 | L(val) 0.7638 | A(val) 0.7820 
[2026-04-20 22:48:48] [32mIntermediate result: 0.784  (Index 195)[0m
Epoch 00196 | Time 0.0054s | L(tr) 0.1543 | A(tr) 1.0000 | L(val) 0.7537 | A(val) 0.7840 
[2026-04-20 22:48:48] [32mIntermediate result: 0.786  (Index 196)[0m
Epoch 00197 | Time 0.0061s | L(tr) 0.1665 | A(tr) 1.0000 | L(val) 0.7417 | A(val) 0.7860 
[2026-04-20 22:48:48] [32mIntermediate result: 0.78  (Index 197)[0m
Epoch 00198 | Time 0.0065s | L(tr) 0.1608 | A(tr) 1.0000 | L(val) 0.7333 | A(val) 0.7800 
[2026-04-20 22:48:48] [32mIntermediate result: 0.78  (Index 198)[0m
Epoch 00199 | Time 0.0063s | L(tr) 0.1457 | A(tr) 1.0000 | L(val) 0.7435 | A(val) 0.7800 
[2026-04-20 22:48:48] [32mIntermediate result: 0.778  (Index 199)[0m
Epoch 00200 | Time 0.0054s | L(tr) 0.1642 | A(tr) 1.0000 | L(val) 0.7423 | A(val) 0.7780 
Traceback (most recent call last):
  File "C:\Users\fbrev\Documents\Acadêmico\Simulações\Python\NoisyGL\single_exp.py", line 247, in <module>
    train_thread.join()
  File "C:\Users\fbrev\anaconda3\envs\noisygl\Lib\threading.py", line 1119, in join
    self._wait_for_tstate_lock()
  File "C:\Users\fbrev\anaconda3\envs\noisygl\Lib\threading.py", line 1139, in _wait_for_tstate_lock
    if lock.acquire(block, timeout):
       ^^^^^^^^^^^^^^^^^^^^^^^^^^^^
KeyboardInterrupt
