Process SpawnProcess-1:
Traceback (most recent call last):
  File "C:\Users\fbrev\anaconda3\envs\noisygl\Lib\multiprocessing\process.py", line 314, in _bootstrap
    self.run()
  File "C:\Users\fbrev\anaconda3\envs\noisygl\Lib\multiprocessing\process.py", line 108, in run
    self._target(*self._args, **self._kwargs)
  File "C:\Users\fbrev\Documents\Acadêmico\Simulações\Python\NoisyGL\predictor\LNPCC_Predictor.py", line 607, in _lnpcc_worker_func
    worker_thread.join()
  File "C:\Users\fbrev\anaconda3\envs\noisygl\Lib\threading.py", line 1119, in join
    self._wait_for_tstate_lock()
  File "C:\Users\fbrev\anaconda3\envs\noisygl\Lib\threading.py", line 1139, in _wait_for_tstate_lock
    if lock.acquire(block, timeout):
       ^^^^^^^^^^^^^^^^^^^^^^^^^^^^
KeyboardInterrupt
Namespace(dataset='amazon-ratings', method='lnpcc', noise_type='uniform', noise_rate=0.4, device='cuda:0', seed=3000, params_json='{"knn_mode": "d", "dexp": 8.978229362185049, "p_grd": 0.1861090791386376, "unc_rem": 0.56243128240485, "unc_rel": 0.9295402170025883, "dropout": 0.3599937754475828, "n_hidden": 32, "n_layer": 3, "lr": 0.0001, "weight_decay": 0.005, "k": 22}')
----Data statistics------'
                Name: amazon-ratings
                #Nodes 24492
                #Edges 93050
                #Classes 5
                #Ave_degree 7.60
----Split statistics------'
                #Train samples 1224 (5.0 % of nodes)
                #Val samples 3673 (15.0 % of nodes)
                #Test samples 19595 (remaining)
Current device: cpu
[Params] Overriding from --params_json: {'knn_mode': 'd', 'dexp': 8.978229362185049, 'p_grd': 0.1861090791386376, 'unc_rem': 0.56243128240485, 'unc_rel': 0.9295402170025883, 'dropout': 0.3599937754475828, 'n_hidden': 32, 'n_layer': 3, 'lr': 0.0001, 'weight_decay': 0.005, 'k': 22}
----label noise information:------
Uniform noise
#Actual noise rate 0.40 
[2026-04-17 16:49:54] [32mIntermediate result: 0.17805608494418732  (Index 0)[0m
Epoch 00001 | Time 0.4251s | L(tr) 1.6087 | A(tr) 0.1568 | L(val) 1.6094 | A(val) 0.1781 *
[2026-04-17 16:49:54] [32mIntermediate result: 0.18785733732643617  (Index 1)[0m
Epoch 00002 | Time 0.0305s | L(tr) 1.6077 | A(tr) 0.1678 | L(val) 1.6093 | A(val) 0.1879 *
[2026-04-17 16:49:54] [32mIntermediate result: 0.19166893547508848  (Index 2)[0m
Epoch 00003 | Time 0.0305s | L(tr) 1.6080 | A(tr) 0.1746 | L(val) 1.6091 | A(val) 0.1917 *
[2026-04-17 16:49:54] [32mIntermediate result: 0.1952082766131228  (Index 3)[0m
Epoch 00004 | Time 0.0300s | L(tr) 1.6071 | A(tr) 0.1941 | L(val) 1.6090 | A(val) 0.1952 *
[2026-04-17 16:49:54] [32mIntermediate result: 0.20446501497413558  (Index 4)[0m
Epoch 00005 | Time 0.0376s | L(tr) 1.6070 | A(tr) 0.2136 | L(val) 1.6088 | A(val) 0.2045 *
[2026-04-17 16:49:54] [32mIntermediate result: 0.20854887013340592  (Index 5)[0m
Epoch 00006 | Time 0.0345s | L(tr) 1.6065 | A(tr) 0.2271 | L(val) 1.6086 | A(val) 0.2085 *
[2026-04-17 16:49:54] [32mIntermediate result: 0.2161720664307106  (Index 6)[0m
Epoch 00007 | Time 0.0352s | L(tr) 1.6059 | A(tr) 0.2432 | L(val) 1.6085 | A(val) 0.2162 *
[2026-04-17 16:49:54] [32mIntermediate result: 0.22352300571739722  (Index 7)[0m
Epoch 00008 | Time 0.0172s | L(tr) 1.6060 | A(tr) 0.2568 | L(val) 1.6083 | A(val) 0.2235 *
[2026-04-17 16:49:54] [32mIntermediate result: 0.22842363190852163  (Index 8)[0m
Epoch 00009 | Time 0.0167s | L(tr) 1.6054 | A(tr) 0.2492 | L(val) 1.6082 | A(val) 0.2284 *
[2026-04-17 16:49:54] [32mIntermediate result: 0.2338687721208821  (Index 9)[0m
Epoch 00010 | Time 0.0176s | L(tr) 1.6048 | A(tr) 0.2771 | L(val) 1.6080 | A(val) 0.2339 *
[2026-04-17 16:49:54] [32mIntermediate result: 0.24040294037571466  (Index 10)[0m
Epoch 00011 | Time 0.0175s | L(tr) 1.6047 | A(tr) 0.2780 | L(val) 1.6078 | A(val) 0.2404 *
[2026-04-17 16:49:54] [32mIntermediate result: 0.24475905254560304  (Index 11)[0m
Epoch 00012 | Time 0.0131s | L(tr) 1.6042 | A(tr) 0.2797 | L(val) 1.6077 | A(val) 0.2448 *
[2026-04-17 16:49:54] [32mIntermediate result: 0.24911516471549142  (Index 12)[0m
Epoch 00013 | Time 0.0163s | L(tr) 1.6040 | A(tr) 0.3076 | L(val) 1.6075 | A(val) 0.2491 *
[2026-04-17 16:49:54] [32mIntermediate result: 0.2531990198747618  (Index 13)[0m
Epoch 00014 | Time 0.0148s | L(tr) 1.6033 | A(tr) 0.3136 | L(val) 1.6074 | A(val) 0.2532 *
[2026-04-17 16:49:54] [32mIntermediate result: 0.2578273890552682  (Index 14)[0m
Epoch 00015 | Time 0.0132s | L(tr) 1.6027 | A(tr) 0.3331 | L(val) 1.6072 | A(val) 0.2578 *
[2026-04-17 16:49:54] [32mIntermediate result: 0.25946093111897633  (Index 15)[0m
Epoch 00016 | Time 0.0133s | L(tr) 1.6026 | A(tr) 0.3466 | L(val) 1.6070 | A(val) 0.2595 *
[2026-04-17 16:49:54] [32mIntermediate result: 0.2605499591614484  (Index 16)[0m
Epoch 00017 | Time 0.0126s | L(tr) 1.6025 | A(tr) 0.3254 | L(val) 1.6069 | A(val) 0.2605 *
[2026-04-17 16:49:54] [32mIntermediate result: 0.26218350122515655  (Index 17)[0m
Epoch 00018 | Time 0.0184s | L(tr) 1.6019 | A(tr) 0.3364 | L(val) 1.6067 | A(val) 0.2622 *
[2026-04-17 16:49:54] [32mIntermediate result: 0.2657228423631908  (Index 18)[0m
Epoch 00019 | Time 0.0153s | L(tr) 1.6008 | A(tr) 0.3619 | L(val) 1.6065 | A(val) 0.2657 *
[2026-04-17 16:49:54] [32mIntermediate result: 0.26708412741628096  (Index 19)[0m
Epoch 00020 | Time 0.0181s | L(tr) 1.6009 | A(tr) 0.3559 | L(val) 1.6064 | A(val) 0.2671 *
[2026-04-17 16:49:54] [32mIntermediate result: 0.267356384426899  (Index 20)[0m
Epoch 00021 | Time 0.0180s | L(tr) 1.6009 | A(tr) 0.3653 | L(val) 1.6062 | A(val) 0.2674 *
[2026-04-17 16:49:54] [32mIntermediate result: 0.2706234685543153  (Index 21)[0m
Epoch 00022 | Time 0.0126s | L(tr) 1.6000 | A(tr) 0.3686 | L(val) 1.6060 | A(val) 0.2706 *
[2026-04-17 16:49:54] [32mIntermediate result: 0.2711679825755513  (Index 22)[0m
Epoch 00023 | Time 0.0176s | L(tr) 1.6000 | A(tr) 0.3475 | L(val) 1.6059 | A(val) 0.2712 *
[2026-04-17 16:49:54] [32mIntermediate result: 0.27035121154369723  (Index 23)[0m
Epoch 00024 | Time 0.0144s | L(tr) 1.5999 | A(tr) 0.3602 | L(val) 1.6057 | A(val) 0.2704 
[2026-04-17 16:49:54] [32mIntermediate result: 0.2708957255649333  (Index 24)[0m
Epoch 00025 | Time 0.0164s | L(tr) 1.5996 | A(tr) 0.3695 | L(val) 1.6055 | A(val) 0.2709 
[2026-04-17 16:49:54] [32mIntermediate result: 0.27144023958616936  (Index 25)[0m
Epoch 00026 | Time 0.0176s | L(tr) 1.5981 | A(tr) 0.3780 | L(val) 1.6054 | A(val) 0.2714 *
[2026-04-17 16:49:54] [32mIntermediate result: 0.2730737816498775  (Index 26)[0m
Epoch 00027 | Time 0.0161s | L(tr) 1.5981 | A(tr) 0.3754 | L(val) 1.6052 | A(val) 0.2731 *
[2026-04-17 16:49:54] [32mIntermediate result: 0.2730737816498775  (Index 27)[0m
Epoch 00028 | Time 0.0135s | L(tr) 1.5981 | A(tr) 0.3686 | L(val) 1.6050 | A(val) 0.2731 
[2026-04-17 16:49:54] [32mIntermediate result: 0.27525183773482165  (Index 28)[0m
Epoch 00029 | Time 0.0157s | L(tr) 1.5979 | A(tr) 0.3797 | L(val) 1.6049 | A(val) 0.2753 *
[2026-04-17 16:49:54] [32mIntermediate result: 0.2744350667029676  (Index 29)[0m
Epoch 00030 | Time 0.0168s | L(tr) 1.5968 | A(tr) 0.3720 | L(val) 1.6047 | A(val) 0.2744 
[2026-04-17 16:49:54] [32mIntermediate result: 0.27389055268173157  (Index 30)[0m
Epoch 00031 | Time 0.0194s | L(tr) 1.5967 | A(tr) 0.3746 | L(val) 1.6045 | A(val) 0.2739 
[2026-04-17 16:49:54] [32mIntermediate result: 0.27497958072420364  (Index 31)[0m
Epoch 00032 | Time 0.0167s | L(tr) 1.5963 | A(tr) 0.3780 | L(val) 1.6043 | A(val) 0.2750 
[2026-04-17 16:49:54] [32mIntermediate result: 0.2744350667029676  (Index 32)[0m
Epoch 00033 | Time 0.0190s | L(tr) 1.5958 | A(tr) 0.3856 | L(val) 1.6042 | A(val) 0.2744 
[2026-04-17 16:49:54] [32mIntermediate result: 0.27470732371358564  (Index 33)[0m
Epoch 00034 | Time 0.0180s | L(tr) 1.5956 | A(tr) 0.3771 | L(val) 1.6040 | A(val) 0.2747 
[2026-04-17 16:49:54] [32mIntermediate result: 0.27470732371358564  (Index 34)[0m
Epoch 00035 | Time 0.0163s | L(tr) 1.5954 | A(tr) 0.3788 | L(val) 1.6038 | A(val) 0.2747 
[2026-04-17 16:49:54] [32mIntermediate result: 0.2744350667029676  (Index 35)[0m
Epoch 00036 | Time 0.0164s | L(tr) 1.5946 | A(tr) 0.3839 | L(val) 1.6037 | A(val) 0.2744 
[2026-04-17 16:49:54] [32mIntermediate result: 0.2736182956711135  (Index 36)[0m
Epoch 00037 | Time 0.0169s | L(tr) 1.5945 | A(tr) 0.3814 | L(val) 1.6035 | A(val) 0.2736 
[2026-04-17 16:49:54] [32mIntermediate result: 0.27389055268173157  (Index 37)[0m
Epoch 00038 | Time 0.0139s | L(tr) 1.5945 | A(tr) 0.3788 | L(val) 1.6033 | A(val) 0.2739 
[2026-04-17 16:49:54] [32mIntermediate result: 0.2736182956711135  (Index 38)[0m
Epoch 00039 | Time 0.0134s | L(tr) 1.5937 | A(tr) 0.3805 | L(val) 1.6032 | A(val) 0.2736 
[2026-04-17 16:49:54] [32mIntermediate result: 0.27389055268173157  (Index 39)[0m
Epoch 00040 | Time 0.0158s | L(tr) 1.5930 | A(tr) 0.3831 | L(val) 1.6030 | A(val) 0.2739 
[2026-04-17 16:49:54] [32mIntermediate result: 0.2736182956711135  (Index 40)[0m
Epoch 00041 | Time 0.0168s | L(tr) 1.5930 | A(tr) 0.3763 | L(val) 1.6028 | A(val) 0.2736 
[2026-04-17 16:49:54] [32mIntermediate result: 0.2741628096923496  (Index 41)[0m
Epoch 00042 | Time 0.0156s | L(tr) 1.5925 | A(tr) 0.3856 | L(val) 1.6027 | A(val) 0.2742 
[2026-04-17 16:49:54] [32mIntermediate result: 0.2736182956711135  (Index 42)[0m
Epoch 00043 | Time 0.0166s | L(tr) 1.5919 | A(tr) 0.3890 | L(val) 1.6025 | A(val) 0.2736 
[2026-04-17 16:49:54] [32mIntermediate result: 0.27389055268173157  (Index 43)[0m
Epoch 00044 | Time 0.0162s | L(tr) 1.5916 | A(tr) 0.3873 | L(val) 1.6023 | A(val) 0.2739 
[2026-04-17 16:49:54] [32mIntermediate result: 0.2736182956711135  (Index 44)[0m
Epoch 00045 | Time 0.0146s | L(tr) 1.5913 | A(tr) 0.3873 | L(val) 1.6022 | A(val) 0.2736 
[2026-04-17 16:49:54] [32mIntermediate result: 0.27389055268173157  (Index 45)[0m
Epoch 00046 | Time 0.0151s | L(tr) 1.5913 | A(tr) 0.3856 | L(val) 1.6020 | A(val) 0.2739 
[2026-04-17 16:49:54] [32mIntermediate result: 0.2744350667029676  (Index 46)[0m
Epoch 00047 | Time 0.0166s | L(tr) 1.5904 | A(tr) 0.3881 | L(val) 1.6018 | A(val) 0.2744 
[2026-04-17 16:49:54] [32mIntermediate result: 0.2736182956711135  (Index 47)[0m
Epoch 00048 | Time 0.0174s | L(tr) 1.5902 | A(tr) 0.3814 | L(val) 1.6017 | A(val) 0.2736 
[2026-04-17 16:49:54] [32mIntermediate result: 0.2730737816498775  (Index 48)[0m
Epoch 00049 | Time 0.0164s | L(tr) 1.5901 | A(tr) 0.3864 | L(val) 1.6015 | A(val) 0.2731 
[2026-04-17 16:49:54] [32mIntermediate result: 0.2733460386604955  (Index 49)[0m
Epoch 00050 | Time 0.0166s | L(tr) 1.5897 | A(tr) 0.3847 | L(val) 1.6013 | A(val) 0.2733 
[2026-04-17 16:49:54] [32mIntermediate result: 0.2736182956711135  (Index 50)[0m
Epoch 00051 | Time 0.0192s | L(tr) 1.5897 | A(tr) 0.3881 | L(val) 1.6012 | A(val) 0.2736 
[2026-04-17 16:49:54] [32mIntermediate result: 0.2733460386604955  (Index 51)[0m
Epoch 00052 | Time 0.0171s | L(tr) 1.5880 | A(tr) 0.3890 | L(val) 1.6010 | A(val) 0.2733 
[2026-04-17 16:49:54] [32mIntermediate result: 0.2741628096923496  (Index 52)[0m
Epoch 00053 | Time 0.0178s | L(tr) 1.5882 | A(tr) 0.3890 | L(val) 1.6008 | A(val) 0.2742 
[2026-04-17 16:49:54] [32mIntermediate result: 0.27389055268173157  (Index 53)[0m
Epoch 00054 | Time 0.0152s | L(tr) 1.5875 | A(tr) 0.3898 | L(val) 1.6007 | A(val) 0.2739 
[2026-04-17 16:49:54] [32mIntermediate result: 0.27389055268173157  (Index 54)[0m
Epoch 00055 | Time 0.0170s | L(tr) 1.5872 | A(tr) 0.3839 | L(val) 1.6005 | A(val) 0.2739 
[2026-04-17 16:49:55] [32mIntermediate result: 0.27389055268173157  (Index 55)[0m
Epoch 00056 | Time 0.0160s | L(tr) 1.5873 | A(tr) 0.3864 | L(val) 1.6003 | A(val) 0.2739 
[2026-04-17 16:49:55] [32mIntermediate result: 0.27389055268173157  (Index 56)[0m
Epoch 00057 | Time 0.0174s | L(tr) 1.5865 | A(tr) 0.3873 | L(val) 1.6002 | A(val) 0.2739 
[2026-04-17 16:49:55] [32mIntermediate result: 0.27389055268173157  (Index 57)[0m
Epoch 00058 | Time 0.0192s | L(tr) 1.5860 | A(tr) 0.3856 | L(val) 1.6000 | A(val) 0.2739 
[2026-04-17 16:49:55] [32mIntermediate result: 0.27389055268173157  (Index 58)[0m
Epoch 00059 | Time 0.0194s | L(tr) 1.5852 | A(tr) 0.3890 | L(val) 1.5998 | A(val) 0.2739 
[2026-04-17 16:49:55] [32mIntermediate result: 0.2736182956711135  (Index 59)[0m
Epoch 00060 | Time 0.0203s | L(tr) 1.5847 | A(tr) 0.3881 | L(val) 1.5997 | A(val) 0.2736 
[2026-04-17 16:49:55] [32mIntermediate result: 0.27280152463925944  (Index 60)[0m
Epoch 00061 | Time 0.0193s | L(tr) 1.5846 | A(tr) 0.3864 | L(val) 1.5995 | A(val) 0.2728 
[2026-04-17 16:49:55] [32mIntermediate result: 0.27280152463925944  (Index 61)[0m
Epoch 00062 | Time 0.0170s | L(tr) 1.5844 | A(tr) 0.3907 | L(val) 1.5993 | A(val) 0.2728 
[2026-04-17 16:49:55] [32mIntermediate result: 0.27252926762864144  (Index 62)[0m
Epoch 00063 | Time 0.0161s | L(tr) 1.5846 | A(tr) 0.3915 | L(val) 1.5992 | A(val) 0.2725 
[2026-04-17 16:49:55] [32mIntermediate result: 0.27252926762864144  (Index 63)[0m
Epoch 00064 | Time 0.0201s | L(tr) 1.5839 | A(tr) 0.3898 | L(val) 1.5990 | A(val) 0.2725 
[2026-04-17 16:49:55] [32mIntermediate result: 0.27280152463925944  (Index 64)[0m
Epoch 00065 | Time 0.0168s | L(tr) 1.5837 | A(tr) 0.3839 | L(val) 1.5988 | A(val) 0.2728 
[2026-04-17 16:49:55] [32mIntermediate result: 0.2730737816498775  (Index 65)[0m
Epoch 00066 | Time 0.0181s | L(tr) 1.5826 | A(tr) 0.3881 | L(val) 1.5987 | A(val) 0.2731 
[2026-04-17 16:49:55] [32mIntermediate result: 0.2730737816498775  (Index 66)[0m
Epoch 00067 | Time 0.0150s | L(tr) 1.5824 | A(tr) 0.3881 | L(val) 1.5985 | A(val) 0.2731 
[2026-04-17 16:49:55] [32mIntermediate result: 0.2736182956711135  (Index 67)[0m
Epoch 00068 | Time 0.0200s | L(tr) 1.5823 | A(tr) 0.3847 | L(val) 1.5984 | A(val) 0.2736 
[2026-04-17 16:49:55] [32mIntermediate result: 0.2736182956711135  (Index 68)[0m
Epoch 00069 | Time 0.0193s | L(tr) 1.5823 | A(tr) 0.3856 | L(val) 1.5982 | A(val) 0.2736 
[2026-04-17 16:49:55] [32mIntermediate result: 0.2741628096923496  (Index 69)[0m
Epoch 00070 | Time 0.0187s | L(tr) 1.5822 | A(tr) 0.3907 | L(val) 1.5980 | A(val) 0.2742 
[2026-04-17 16:49:55] [32mIntermediate result: 0.27389055268173157  (Index 70)[0m
Epoch 00071 | Time 0.0160s | L(tr) 1.5814 | A(tr) 0.3881 | L(val) 1.5979 | A(val) 0.2739 
[2026-04-17 16:49:55] [32mIntermediate result: 0.2736182956711135  (Index 71)[0m
Epoch 00072 | Time 0.0140s | L(tr) 1.5811 | A(tr) 0.3856 | L(val) 1.5977 | A(val) 0.2736 
[2026-04-17 16:49:55] [32mIntermediate result: 0.2730737816498775  (Index 72)[0m
Epoch 00073 | Time 0.0145s | L(tr) 1.5808 | A(tr) 0.3831 | L(val) 1.5975 | A(val) 0.2731 
[2026-04-17 16:49:55] [32mIntermediate result: 0.2733460386604955  (Index 73)[0m
Epoch 00074 | Time 0.0165s | L(tr) 1.5809 | A(tr) 0.3932 | L(val) 1.5974 | A(val) 0.2733 
[2026-04-17 16:49:55] [32mIntermediate result: 0.2736182956711135  (Index 74)[0m
Epoch 00075 | Time 0.0142s | L(tr) 1.5798 | A(tr) 0.3873 | L(val) 1.5972 | A(val) 0.2736 
[2026-04-17 16:49:55] [32mIntermediate result: 0.2733460386604955  (Index 75)[0m
Epoch 00076 | Time 0.0119s | L(tr) 1.5793 | A(tr) 0.3822 | L(val) 1.5971 | A(val) 0.2733 
[2026-04-17 16:49:55] [32mIntermediate result: 0.2733460386604955  (Index 76)[0m
Epoch 00077 | Time 0.0124s | L(tr) 1.5789 | A(tr) 0.3873 | L(val) 1.5969 | A(val) 0.2733 
[2026-04-17 16:49:55] [32mIntermediate result: 0.2733460386604955  (Index 77)[0m
Epoch 00078 | Time 0.0117s | L(tr) 1.5780 | A(tr) 0.3864 | L(val) 1.5967 | A(val) 0.2733 
[2026-04-17 16:49:55] [32mIntermediate result: 0.2733460386604955  (Index 78)[0m
Epoch 00079 | Time 0.0144s | L(tr) 1.5780 | A(tr) 0.3864 | L(val) 1.5966 | A(val) 0.2733 
[2026-04-17 16:49:55] [32mIntermediate result: 0.2733460386604955  (Index 79)[0m
Epoch 00080 | Time 0.0118s | L(tr) 1.5768 | A(tr) 0.3898 | L(val) 1.5964 | A(val) 0.2733 
[2026-04-17 16:49:55] [32mIntermediate result: 0.2733460386604955  (Index 80)[0m
Epoch 00081 | Time 0.0151s | L(tr) 1.5775 | A(tr) 0.3856 | L(val) 1.5962 | A(val) 0.2733 
[2026-04-17 16:49:55] [32mIntermediate result: 0.2733460386604955  (Index 81)[0m
Epoch 00082 | Time 0.0114s | L(tr) 1.5769 | A(tr) 0.3856 | L(val) 1.5961 | A(val) 0.2733 
[2026-04-17 16:49:55] [32mIntermediate result: 0.2733460386604955  (Index 82)[0m
Epoch 00083 | Time 0.0169s | L(tr) 1.5766 | A(tr) 0.3881 | L(val) 1.5959 | A(val) 0.2733 
[2026-04-17 16:49:55] [32mIntermediate result: 0.2733460386604955  (Index 83)[0m
Epoch 00084 | Time 0.0167s | L(tr) 1.5770 | A(tr) 0.3873 | L(val) 1.5958 | A(val) 0.2733 
[2026-04-17 16:49:55] [32mIntermediate result: 0.2733460386604955  (Index 84)[0m
Epoch 00085 | Time 0.0146s | L(tr) 1.5762 | A(tr) 0.3890 | L(val) 1.5956 | A(val) 0.2733 
[2026-04-17 16:49:55] [32mIntermediate result: 0.2733460386604955  (Index 85)[0m
Epoch 00086 | Time 0.0158s | L(tr) 1.5747 | A(tr) 0.3907 | L(val) 1.5954 | A(val) 0.2733 
[2026-04-17 16:49:55] [32mIntermediate result: 0.2733460386604955  (Index 86)[0m
Epoch 00087 | Time 0.0162s | L(tr) 1.5755 | A(tr) 0.3873 | L(val) 1.5953 | A(val) 0.2733 
[2026-04-17 16:49:55] [32mIntermediate result: 0.2733460386604955  (Index 87)[0m
Epoch 00088 | Time 0.0152s | L(tr) 1.5753 | A(tr) 0.3856 | L(val) 1.5951 | A(val) 0.2733 
[2026-04-17 16:49:55] [32mIntermediate result: 0.2733460386604955  (Index 88)[0m
Epoch 00089 | Time 0.0184s | L(tr) 1.5740 | A(tr) 0.3890 | L(val) 1.5950 | A(val) 0.2733 
[2026-04-17 16:49:55] [32mIntermediate result: 0.2733460386604955  (Index 89)[0m
Epoch 00090 | Time 0.0165s | L(tr) 1.5728 | A(tr) 0.3881 | L(val) 1.5948 | A(val) 0.2733 
[2026-04-17 16:49:55] [32mIntermediate result: 0.2733460386604955  (Index 90)[0m
Epoch 00091 | Time 0.0164s | L(tr) 1.5737 | A(tr) 0.3890 | L(val) 1.5946 | A(val) 0.2733 
[2026-04-17 16:49:55] [32mIntermediate result: 0.2730737816498775  (Index 91)[0m
Epoch 00092 | Time 0.0169s | L(tr) 1.5741 | A(tr) 0.3881 | L(val) 1.5945 | A(val) 0.2731 
[2026-04-17 16:49:55] [32mIntermediate result: 0.2736182956711135  (Index 92)[0m
Epoch 00093 | Time 0.0160s | L(tr) 1.5720 | A(tr) 0.3898 | L(val) 1.5943 | A(val) 0.2736 
[2026-04-17 16:49:55] [32mIntermediate result: 0.2733460386604955  (Index 93)[0m
Epoch 00094 | Time 0.0185s | L(tr) 1.5712 | A(tr) 0.3907 | L(val) 1.5942 | A(val) 0.2733 
[2026-04-17 16:49:55] [32mIntermediate result: 0.2733460386604955  (Index 94)[0m
Epoch 00095 | Time 0.0143s | L(tr) 1.5723 | A(tr) 0.3890 | L(val) 1.5940 | A(val) 0.2733 
[2026-04-17 16:49:55] [32mIntermediate result: 0.2733460386604955  (Index 95)[0m
Epoch 00096 | Time 0.0194s | L(tr) 1.5709 | A(tr) 0.3898 | L(val) 1.5938 | A(val) 0.2733 
[2026-04-17 16:49:55] [32mIntermediate result: 0.2733460386604955  (Index 96)[0m
Epoch 00097 | Time 0.0163s | L(tr) 1.5708 | A(tr) 0.3873 | L(val) 1.5937 | A(val) 0.2733 
[2026-04-17 16:49:55] [32mIntermediate result: 0.2736182956711135  (Index 97)[0m
Epoch 00098 | Time 0.0151s | L(tr) 1.5707 | A(tr) 0.3864 | L(val) 1.5935 | A(val) 0.2736 
[2026-04-17 16:49:55] [32mIntermediate result: 0.2736182956711135  (Index 98)[0m
Epoch 00099 | Time 0.0146s | L(tr) 1.5717 | A(tr) 0.3839 | L(val) 1.5933 | A(val) 0.2736 
[2026-04-17 16:49:55] [32mIntermediate result: 0.2736182956711135  (Index 99)[0m
Epoch 00100 | Time 0.0125s | L(tr) 1.5715 | A(tr) 0.3822 | L(val) 1.5932 | A(val) 0.2736 
[2026-04-17 16:49:55] [32mIntermediate result: 0.2736182956711135  (Index 100)[0m
Epoch 00101 | Time 0.0127s | L(tr) 1.5688 | A(tr) 0.3907 | L(val) 1.5930 | A(val) 0.2736 
[2026-04-17 16:49:55] [32mIntermediate result: 0.2733460386604955  (Index 101)[0m
Epoch 00102 | Time 0.0142s | L(tr) 1.5699 | A(tr) 0.3864 | L(val) 1.5929 | A(val) 0.2733 
[2026-04-17 16:49:55] [32mIntermediate result: 0.2733460386604955  (Index 102)[0m
Epoch 00103 | Time 0.0175s | L(tr) 1.5693 | A(tr) 0.3864 | L(val) 1.5927 | A(val) 0.2733 
[2026-04-17 16:49:55] [32mIntermediate result: 0.2733460386604955  (Index 103)[0m
Epoch 00104 | Time 0.0175s | L(tr) 1.5693 | A(tr) 0.3898 | L(val) 1.5925 | A(val) 0.2733 
[2026-04-17 16:49:55] [32mIntermediate result: 0.2733460386604955  (Index 104)[0m
Epoch 00105 | Time 0.0166s | L(tr) 1.5678 | A(tr) 0.3907 | L(val) 1.5924 | A(val) 0.2733 
[2026-04-17 16:49:55] [32mIntermediate result: 0.2733460386604955  (Index 105)[0m
Epoch 00106 | Time 0.0161s | L(tr) 1.5667 | A(tr) 0.3856 | L(val) 1.5922 | A(val) 0.2733 
[2026-04-17 16:49:55] [32mIntermediate result: 0.2733460386604955  (Index 106)[0m
Epoch 00107 | Time 0.0164s | L(tr) 1.5678 | A(tr) 0.3873 | L(val) 1.5921 | A(val) 0.2733 
[2026-04-17 16:49:55] [32mIntermediate result: 0.2733460386604955  (Index 107)[0m
Epoch 00108 | Time 0.0143s | L(tr) 1.5669 | A(tr) 0.3873 | L(val) 1.5919 | A(val) 0.2733 
[2026-04-17 16:49:55] [32mIntermediate result: 0.2733460386604955  (Index 108)[0m
Epoch 00109 | Time 0.0156s | L(tr) 1.5669 | A(tr) 0.3881 | L(val) 1.5917 | A(val) 0.2733 
[2026-04-17 16:49:55] [32mIntermediate result: 0.2733460386604955  (Index 109)[0m
Epoch 00110 | Time 0.0165s | L(tr) 1.5655 | A(tr) 0.3881 | L(val) 1.5916 | A(val) 0.2733 
[2026-04-17 16:49:55] [32mIntermediate result: 0.2733460386604955  (Index 110)[0m
Epoch 00111 | Time 0.0127s | L(tr) 1.5661 | A(tr) 0.3881 | L(val) 1.5914 | A(val) 0.2733 
[2026-04-17 16:49:55] [32mIntermediate result: 0.2733460386604955  (Index 111)[0m
Epoch 00112 | Time 0.0160s | L(tr) 1.5653 | A(tr) 0.3898 | L(val) 1.5913 | A(val) 0.2733 
[2026-04-17 16:49:55] [32mIntermediate result: 0.2733460386604955  (Index 112)[0m
Epoch 00113 | Time 0.0123s | L(tr) 1.5652 | A(tr) 0.3890 | L(val) 1.5911 | A(val) 0.2733 
[2026-04-17 16:49:55] [32mIntermediate result: 0.2733460386604955  (Index 113)[0m
Epoch 00114 | Time 0.0113s | L(tr) 1.5655 | A(tr) 0.3890 | L(val) 1.5910 | A(val) 0.2733 
[2026-04-17 16:49:55] [32mIntermediate result: 0.2733460386604955  (Index 114)[0m
Epoch 00115 | Time 0.0144s | L(tr) 1.5633 | A(tr) 0.3881 | L(val) 1.5908 | A(val) 0.2733 
[2026-04-17 16:49:55] [32mIntermediate result: 0.2733460386604955  (Index 115)[0m
Epoch 00116 | Time 0.0112s | L(tr) 1.5638 | A(tr) 0.3907 | L(val) 1.5906 | A(val) 0.2733 
[2026-04-17 16:49:55] [32mIntermediate result: 0.2733460386604955  (Index 116)[0m
Epoch 00117 | Time 0.0148s | L(tr) 1.5628 | A(tr) 0.3915 | L(val) 1.5905 | A(val) 0.2733 
[2026-04-17 16:49:55] [32mIntermediate result: 0.2733460386604955  (Index 117)[0m
Epoch 00118 | Time 0.0144s | L(tr) 1.5625 | A(tr) 0.3890 | L(val) 1.5903 | A(val) 0.2733 
[2026-04-17 16:49:56] [32mIntermediate result: 0.2733460386604955  (Index 118)[0m
Epoch 00119 | Time 0.0142s | L(tr) 1.5623 | A(tr) 0.3864 | L(val) 1.5902 | A(val) 0.2733 
[2026-04-17 16:49:56] [32mIntermediate result: 0.2733460386604955  (Index 119)[0m
Epoch 00120 | Time 0.0150s | L(tr) 1.5615 | A(tr) 0.3864 | L(val) 1.5900 | A(val) 0.2733 
[2026-04-17 16:49:56] [32mIntermediate result: 0.2733460386604955  (Index 120)[0m
Epoch 00121 | Time 0.0160s | L(tr) 1.5622 | A(tr) 0.3890 | L(val) 1.5899 | A(val) 0.2733 
[2026-04-17 16:49:56] [32mIntermediate result: 0.2733460386604955  (Index 121)[0m
Epoch 00122 | Time 0.0142s | L(tr) 1.5617 | A(tr) 0.3864 | L(val) 1.5897 | A(val) 0.2733 
[2026-04-17 16:49:56] [32mIntermediate result: 0.2733460386604955  (Index 122)[0m
Epoch 00123 | Time 0.0152s | L(tr) 1.5608 | A(tr) 0.3890 | L(val) 1.5896 | A(val) 0.2733 
[2026-04-17 16:49:56] [32mIntermediate result: 0.2733460386604955  (Index 123)[0m
Epoch 00124 | Time 0.0167s | L(tr) 1.5599 | A(tr) 0.3881 | L(val) 1.5894 | A(val) 0.2733 
[2026-04-17 16:49:56] [32mIntermediate result: 0.2733460386604955  (Index 124)[0m
Epoch 00125 | Time 0.0174s | L(tr) 1.5595 | A(tr) 0.3864 | L(val) 1.5892 | A(val) 0.2733 
[2026-04-17 16:49:56] [32mIntermediate result: 0.2733460386604955  (Index 125)[0m
Epoch 00126 | Time 0.0116s | L(tr) 1.5596 | A(tr) 0.3864 | L(val) 1.5891 | A(val) 0.2733 
[2026-04-17 16:49:56] [32mIntermediate result: 0.2733460386604955  (Index 126)[0m
Epoch 00127 | Time 0.0144s | L(tr) 1.5589 | A(tr) 0.3856 | L(val) 1.5889 | A(val) 0.2733 
[2026-04-17 16:49:56] [32mIntermediate result: 0.2733460386604955  (Index 127)[0m
Epoch 00128 | Time 0.0175s | L(tr) 1.5590 | A(tr) 0.3864 | L(val) 1.5888 | A(val) 0.2733 
[2026-04-17 16:49:56] [32mIntermediate result: 0.2733460386604955  (Index 128)[0m
Epoch 00129 | Time 0.0181s | L(tr) 1.5579 | A(tr) 0.3890 | L(val) 1.5886 | A(val) 0.2733 
[2026-04-17 16:49:56] [32mIntermediate result: 0.2733460386604955  (Index 129)[0m
Epoch 00130 | Time 0.0155s | L(tr) 1.5579 | A(tr) 0.3881 | L(val) 1.5885 | A(val) 0.2733 
[2026-04-17 16:49:56] [32mIntermediate result: 0.2733460386604955  (Index 130)[0m
Epoch 00131 | Time 0.0171s | L(tr) 1.5577 | A(tr) 0.3864 | L(val) 1.5883 | A(val) 0.2733 
[2026-04-17 16:49:56] [32mIntermediate result: 0.2733460386604955  (Index 131)[0m
Epoch 00132 | Time 0.0144s | L(tr) 1.5570 | A(tr) 0.3856 | L(val) 1.5882 | A(val) 0.2733 
[2026-04-17 16:49:56] [32mIntermediate result: 0.2733460386604955  (Index 132)[0m
Epoch 00133 | Time 0.0158s | L(tr) 1.5566 | A(tr) 0.3873 | L(val) 1.5880 | A(val) 0.2733 
[2026-04-17 16:49:56] [32mIntermediate result: 0.2733460386604955  (Index 133)[0m
Epoch 00134 | Time 0.0203s | L(tr) 1.5576 | A(tr) 0.3873 | L(val) 1.5879 | A(val) 0.2733 
[2026-04-17 16:49:56] [32mIntermediate result: 0.2733460386604955  (Index 134)[0m
Epoch 00135 | Time 0.0217s | L(tr) 1.5554 | A(tr) 0.3864 | L(val) 1.5877 | A(val) 0.2733 
[2026-04-17 16:49:56] [32mIntermediate result: 0.2733460386604955  (Index 135)[0m
Epoch 00136 | Time 0.0154s | L(tr) 1.5556 | A(tr) 0.3873 | L(val) 1.5876 | A(val) 0.2733 
[2026-04-17 16:49:56] [32mIntermediate result: 0.2733460386604955  (Index 136)[0m
Epoch 00137 | Time 0.0165s | L(tr) 1.5559 | A(tr) 0.3873 | L(val) 1.5875 | A(val) 0.2733 
[2026-04-17 16:49:56] [32mIntermediate result: 0.2733460386604955  (Index 137)[0m
Epoch 00138 | Time 0.0177s | L(tr) 1.5546 | A(tr) 0.3856 | L(val) 1.5873 | A(val) 0.2733 
[2026-04-17 16:49:56] [32mIntermediate result: 0.2733460386604955  (Index 138)[0m
Epoch 00139 | Time 0.0181s | L(tr) 1.5543 | A(tr) 0.3873 | L(val) 1.5872 | A(val) 0.2733 
[2026-04-17 16:49:56] [32mIntermediate result: 0.2733460386604955  (Index 139)[0m
Epoch 00140 | Time 0.0148s | L(tr) 1.5536 | A(tr) 0.3890 | L(val) 1.5870 | A(val) 0.2733 
[2026-04-17 16:49:56] [32mIntermediate result: 0.2733460386604955  (Index 140)[0m
Epoch 00141 | Time 0.0170s | L(tr) 1.5523 | A(tr) 0.3873 | L(val) 1.5869 | A(val) 0.2733 
[2026-04-17 16:49:56] [32mIntermediate result: 0.2733460386604955  (Index 141)[0m
Epoch 00142 | Time 0.0161s | L(tr) 1.5529 | A(tr) 0.3890 | L(val) 1.5867 | A(val) 0.2733 
[2026-04-17 16:49:56] [32mIntermediate result: 0.2733460386604955  (Index 142)[0m
Epoch 00143 | Time 0.0166s | L(tr) 1.5518 | A(tr) 0.3890 | L(val) 1.5866 | A(val) 0.2733 
[2026-04-17 16:49:56] [32mIntermediate result: 0.2733460386604955  (Index 143)[0m
Epoch 00144 | Time 0.0368s | L(tr) 1.5517 | A(tr) 0.3873 | L(val) 1.5865 | A(val) 0.2733 
[2026-04-17 16:49:56] [32mIntermediate result: 0.2733460386604955  (Index 144)[0m
Epoch 00145 | Time 0.0398s | L(tr) 1.5528 | A(tr) 0.3890 | L(val) 1.5863 | A(val) 0.2733 
[2026-04-17 16:49:56] [32mIntermediate result: 0.2733460386604955  (Index 145)[0m
Epoch 00146 | Time 0.0453s | L(tr) 1.5519 | A(tr) 0.3873 | L(val) 1.5862 | A(val) 0.2733 
[2026-04-17 16:49:56] [32mIntermediate result: 0.2733460386604955  (Index 146)[0m
Epoch 00147 | Time 0.0362s | L(tr) 1.5517 | A(tr) 0.3873 | L(val) 1.5860 | A(val) 0.2733 
[2026-04-17 16:49:56] [32mIntermediate result: 0.2733460386604955  (Index 147)[0m
Epoch 00148 | Time 0.0379s | L(tr) 1.5512 | A(tr) 0.3873 | L(val) 1.5859 | A(val) 0.2733 
[2026-04-17 16:49:56] [32mIntermediate result: 0.2733460386604955  (Index 148)[0m
Epoch 00149 | Time 0.0182s | L(tr) 1.5523 | A(tr) 0.3881 | L(val) 1.5858 | A(val) 0.2733 
[2026-04-17 16:49:56] [32mIntermediate result: 0.2733460386604955  (Index 149)[0m
Epoch 00150 | Time 0.0123s | L(tr) 1.5509 | A(tr) 0.3873 | L(val) 1.5856 | A(val) 0.2733 
[2026-04-17 16:49:56] [32mIntermediate result: 0.2733460386604955  (Index 150)[0m
Epoch 00151 | Time 0.0143s | L(tr) 1.5499 | A(tr) 0.3864 | L(val) 1.5855 | A(val) 0.2733 
[2026-04-17 16:49:56] [32mIntermediate result: 0.2733460386604955  (Index 151)[0m
Epoch 00152 | Time 0.0148s | L(tr) 1.5487 | A(tr) 0.3873 | L(val) 1.5854 | A(val) 0.2733 
[2026-04-17 16:49:56] [32mIntermediate result: 0.2733460386604955  (Index 152)[0m
Epoch 00153 | Time 0.0148s | L(tr) 1.5472 | A(tr) 0.3864 | L(val) 1.5852 | A(val) 0.2733 
[2026-04-17 16:49:56] [32mIntermediate result: 0.2733460386604955  (Index 153)[0m
Epoch 00154 | Time 0.0123s | L(tr) 1.5494 | A(tr) 0.3864 | L(val) 1.5851 | A(val) 0.2733 
[2026-04-17 16:49:56] [32mIntermediate result: 0.2733460386604955  (Index 154)[0m
Epoch 00155 | Time 0.0146s | L(tr) 1.5477 | A(tr) 0.3890 | L(val) 1.5850 | A(val) 0.2733 
[2026-04-17 16:49:56] [32mIntermediate result: 0.2733460386604955  (Index 155)[0m
Epoch 00156 | Time 0.0152s | L(tr) 1.5462 | A(tr) 0.3890 | L(val) 1.5848 | A(val) 0.2733 
[2026-04-17 16:49:56] [32mIntermediate result: 0.2733460386604955  (Index 156)[0m
Epoch 00157 | Time 0.0154s | L(tr) 1.5457 | A(tr) 0.3881 | L(val) 1.5847 | A(val) 0.2733 
[2026-04-17 16:49:56] [32mIntermediate result: 0.2733460386604955  (Index 157)[0m
Epoch 00158 | Time 0.0131s | L(tr) 1.5474 | A(tr) 0.3881 | L(val) 1.5846 | A(val) 0.2733 
[2026-04-17 16:49:56] [32mIntermediate result: 0.2733460386604955  (Index 158)[0m
Epoch 00159 | Time 0.0171s | L(tr) 1.5457 | A(tr) 0.3898 | L(val) 1.5844 | A(val) 0.2733 
[2026-04-17 16:49:56] [32mIntermediate result: 0.2733460386604955  (Index 159)[0m
Epoch 00160 | Time 0.0126s | L(tr) 1.5458 | A(tr) 0.3864 | L(val) 1.5843 | A(val) 0.2733 
[2026-04-17 16:49:56] [32mIntermediate result: 0.2733460386604955  (Index 160)[0m
Epoch 00161 | Time 0.0123s | L(tr) 1.5444 | A(tr) 0.3881 | L(val) 1.5842 | A(val) 0.2733 
[2026-04-17 16:49:56] [32mIntermediate result: 0.2733460386604955  (Index 161)[0m
Epoch 00162 | Time 0.0161s | L(tr) 1.5455 | A(tr) 0.3873 | L(val) 1.5841 | A(val) 0.2733 
[2026-04-17 16:49:56] [32mIntermediate result: 0.2733460386604955  (Index 162)[0m
Epoch 00163 | Time 0.0159s | L(tr) 1.5441 | A(tr) 0.3881 | L(val) 1.5839 | A(val) 0.2733 
[2026-04-17 16:49:56] [32mIntermediate result: 0.2733460386604955  (Index 163)[0m
Epoch 00164 | Time 0.0179s | L(tr) 1.5434 | A(tr) 0.3873 | L(val) 1.5838 | A(val) 0.2733 
[2026-04-17 16:49:56] [32mIntermediate result: 0.2733460386604955  (Index 164)[0m
Epoch 00165 | Time 0.0172s | L(tr) 1.5443 | A(tr) 0.3881 | L(val) 1.5837 | A(val) 0.2733 
[2026-04-17 16:49:56] [32mIntermediate result: 0.2733460386604955  (Index 165)[0m
Epoch 00166 | Time 0.0146s | L(tr) 1.5432 | A(tr) 0.3881 | L(val) 1.5836 | A(val) 0.2733 
[2026-04-17 16:49:56] [32mIntermediate result: 0.2733460386604955  (Index 166)[0m
Epoch 00167 | Time 0.0174s | L(tr) 1.5433 | A(tr) 0.3890 | L(val) 1.5834 | A(val) 0.2733 
[2026-04-17 16:49:56] [32mIntermediate result: 0.2733460386604955  (Index 167)[0m
Epoch 00168 | Time 0.0192s | L(tr) 1.5434 | A(tr) 0.3856 | L(val) 1.5833 | A(val) 0.2733 
[2026-04-17 16:49:56] [32mIntermediate result: 0.2733460386604955  (Index 168)[0m
Epoch 00169 | Time 0.0166s | L(tr) 1.5434 | A(tr) 0.3873 | L(val) 1.5832 | A(val) 0.2733 
[2026-04-17 16:49:56] [32mIntermediate result: 0.2733460386604955  (Index 169)[0m
Epoch 00170 | Time 0.0176s | L(tr) 1.5427 | A(tr) 0.3873 | L(val) 1.5831 | A(val) 0.2733 
[2026-04-17 16:49:56] [32mIntermediate result: 0.2733460386604955  (Index 170)[0m
Epoch 00171 | Time 0.0161s | L(tr) 1.5432 | A(tr) 0.3873 | L(val) 1.5830 | A(val) 0.2733 
[2026-04-17 16:49:56] [32mIntermediate result: 0.2733460386604955  (Index 171)[0m
Epoch 00172 | Time 0.0136s | L(tr) 1.5413 | A(tr) 0.3873 | L(val) 1.5829 | A(val) 0.2733 
[2026-04-17 16:49:56] [32mIntermediate result: 0.2733460386604955  (Index 172)[0m
Epoch 00173 | Time 0.0131s | L(tr) 1.5413 | A(tr) 0.3873 | L(val) 1.5827 | A(val) 0.2733 
[2026-04-17 16:49:57] [32mIntermediate result: 0.2733460386604955  (Index 173)[0m
Epoch 00174 | Time 0.0134s | L(tr) 1.5407 | A(tr) 0.3873 | L(val) 1.5826 | A(val) 0.2733 
[2026-04-17 16:49:57] [32mIntermediate result: 0.2733460386604955  (Index 174)[0m
Epoch 00175 | Time 0.0135s | L(tr) 1.5418 | A(tr) 0.3873 | L(val) 1.5825 | A(val) 0.2733 
[2026-04-17 16:49:57] [32mIntermediate result: 0.2733460386604955  (Index 175)[0m
Epoch 00176 | Time 0.0192s | L(tr) 1.5392 | A(tr) 0.3873 | L(val) 1.5824 | A(val) 0.2733 
[2026-04-17 16:49:57] [32mIntermediate result: 0.2733460386604955  (Index 176)[0m
Epoch 00177 | Time 0.0122s | L(tr) 1.5387 | A(tr) 0.3881 | L(val) 1.5823 | A(val) 0.2733 
[2026-04-17 16:49:57] [32mIntermediate result: 0.2733460386604955  (Index 177)[0m
Epoch 00178 | Time 0.0147s | L(tr) 1.5377 | A(tr) 0.3881 | L(val) 1.5822 | A(val) 0.2733 
[2026-04-17 16:49:57] [32mIntermediate result: 0.2733460386604955  (Index 178)[0m
Epoch 00179 | Time 0.0159s | L(tr) 1.5397 | A(tr) 0.3873 | L(val) 1.5821 | A(val) 0.2733 
[2026-04-17 16:49:57] [32mIntermediate result: 0.2733460386604955  (Index 179)[0m
Epoch 00180 | Time 0.0161s | L(tr) 1.5391 | A(tr) 0.3890 | L(val) 1.5820 | A(val) 0.2733 
[2026-04-17 16:49:57] [32mIntermediate result: 0.2733460386604955  (Index 180)[0m
Epoch 00181 | Time 0.0156s | L(tr) 1.5357 | A(tr) 0.3881 | L(val) 1.5818 | A(val) 0.2733 
[2026-04-17 16:49:57] [32mIntermediate result: 0.2733460386604955  (Index 181)[0m
Epoch 00182 | Time 0.0147s | L(tr) 1.5376 | A(tr) 0.3864 | L(val) 1.5817 | A(val) 0.2733 
[2026-04-17 16:49:57] [32mIntermediate result: 0.2733460386604955  (Index 182)[0m
Epoch 00183 | Time 0.0172s | L(tr) 1.5363 | A(tr) 0.3873 | L(val) 1.5816 | A(val) 0.2733 
[2026-04-17 16:49:57] [32mIntermediate result: 0.2733460386604955  (Index 183)[0m
Epoch 00184 | Time 0.0172s | L(tr) 1.5350 | A(tr) 0.3873 | L(val) 1.5815 | A(val) 0.2733 
[2026-04-17 16:49:57] [32mIntermediate result: 0.2733460386604955  (Index 184)[0m
Epoch 00185 | Time 0.0166s | L(tr) 1.5341 | A(tr) 0.3873 | L(val) 1.5814 | A(val) 0.2733 
[2026-04-17 16:49:57] [32mIntermediate result: 0.2733460386604955  (Index 185)[0m
Epoch 00186 | Time 0.0157s | L(tr) 1.5367 | A(tr) 0.3881 | L(val) 1.5813 | A(val) 0.2733 
[2026-04-17 16:49:57] [32mIntermediate result: 0.2733460386604955  (Index 186)[0m
Epoch 00187 | Time 0.0172s | L(tr) 1.5350 | A(tr) 0.3873 | L(val) 1.5812 | A(val) 0.2733 
[2026-04-17 16:49:57] [32mIntermediate result: 0.2733460386604955  (Index 187)[0m
Epoch 00188 | Time 0.0161s | L(tr) 1.5332 | A(tr) 0.3873 | L(val) 1.5811 | A(val) 0.2733 
[2026-04-17 16:49:57] [32mIntermediate result: 0.2733460386604955  (Index 188)[0m
Epoch 00189 | Time 0.0149s | L(tr) 1.5327 | A(tr) 0.3864 | L(val) 1.5810 | A(val) 0.2733 
[2026-04-17 16:49:57] [32mIntermediate result: 0.2733460386604955  (Index 189)[0m
Epoch 00190 | Time 0.0120s | L(tr) 1.5330 | A(tr) 0.3881 | L(val) 1.5809 | A(val) 0.2733 
[2026-04-17 16:49:57] [32mIntermediate result: 0.2733460386604955  (Index 190)[0m
Epoch 00191 | Time 0.0158s | L(tr) 1.5330 | A(tr) 0.3881 | L(val) 1.5808 | A(val) 0.2733 
[2026-04-17 16:49:57] [32mIntermediate result: 0.2733460386604955  (Index 191)[0m
Epoch 00192 | Time 0.0120s | L(tr) 1.5337 | A(tr) 0.3873 | L(val) 1.5807 | A(val) 0.2733 
[2026-04-17 16:49:57] [32mIntermediate result: 0.2733460386604955  (Index 192)[0m
Epoch 00193 | Time 0.0162s | L(tr) 1.5313 | A(tr) 0.3864 | L(val) 1.5806 | A(val) 0.2733 
[2026-04-17 16:49:57] [32mIntermediate result: 0.2733460386604955  (Index 193)[0m
Epoch 00194 | Time 0.0160s | L(tr) 1.5319 | A(tr) 0.3881 | L(val) 1.5805 | A(val) 0.2733 
[2026-04-17 16:49:57] [32mIntermediate result: 0.2733460386604955  (Index 194)[0m
Epoch 00195 | Time 0.0139s | L(tr) 1.5309 | A(tr) 0.3864 | L(val) 1.5804 | A(val) 0.2733 
[2026-04-17 16:49:57] [32mIntermediate result: 0.2733460386604955  (Index 195)[0m
Epoch 00196 | Time 0.0154s | L(tr) 1.5314 | A(tr) 0.3873 | L(val) 1.5803 | A(val) 0.2733 
[2026-04-17 16:49:57] [32mIntermediate result: 0.2733460386604955  (Index 196)[0m
Epoch 00197 | Time 0.0157s | L(tr) 1.5329 | A(tr) 0.3873 | L(val) 1.5802 | A(val) 0.2733 
[2026-04-17 16:49:57] [32mIntermediate result: 0.2733460386604955  (Index 197)[0m
Epoch 00198 | Time 0.0153s | L(tr) 1.5319 | A(tr) 0.3873 | L(val) 1.5801 | A(val) 0.2733 
[2026-04-17 16:49:57] [32mIntermediate result: 0.2733460386604955  (Index 198)[0m
Epoch 00199 | Time 0.0167s | L(tr) 1.5292 | A(tr) 0.3881 | L(val) 1.5800 | A(val) 0.2733 
[2026-04-17 16:49:57] [32mIntermediate result: 0.2733460386604955  (Index 199)[0m
Epoch 00200 | Time 0.0150s | L(tr) 1.5281 | A(tr) 0.3873 | L(val) 1.5799 | A(val) 0.2733 
Traceback (most recent call last):
  File "C:\Users\fbrev\Documents\Acadêmico\Simulações\Python\NoisyGL\single_exp.py", line 226, in <module>
    train_thread.join()
  File "C:\Users\fbrev\anaconda3\envs\noisygl\Lib\threading.py", line 1119, in join
    self._wait_for_tstate_lock()
  File "C:\Users\fbrev\anaconda3\envs\noisygl\Lib\threading.py", line 1139, in _wait_for_tstate_lock
    if lock.acquire(block, timeout):
       ^^^^^^^^^^^^^^^^^^^^^^^^^^^^
KeyboardInterrupt
