Process SpawnProcess-1:
Traceback (most recent call last):
  File "C:\Users\fbrev\anaconda3\envs\noisygl\Lib\multiprocessing\process.py", line 314, in _bootstrap
    self.run()
  File "C:\Users\fbrev\anaconda3\envs\noisygl\Lib\multiprocessing\process.py", line 108, in run
    self._target(*self._args, **self._kwargs)
  File "C:\Users\fbrev\Documents\Acadêmico\Simulações\Python\NoisyGL\predictor\LNPCC_Predictor.py", line 607, in _lnpcc_worker_func
    worker_thread.join()
  File "C:\Users\fbrev\anaconda3\envs\noisygl\Lib\threading.py", line 1119, in join
    self._wait_for_tstate_lock()
  File "C:\Users\fbrev\anaconda3\envs\noisygl\Lib\threading.py", line 1139, in _wait_for_tstate_lock
    if lock.acquire(block, timeout):
       ^^^^^^^^^^^^^^^^^^^^^^^^^^^^
KeyboardInterrupt
Namespace(dataset='amazon-ratings', method='lnpcc', noise_type='clean', noise_rate=0.0, device='cuda:0', seed=3003, params_json='{"knn_mode": "s", "k": 25, "dexp": 9.750190930000173, "p_grd": 0.45194866895449237, "unc_rem": 0.9275343318498813, "unc_rel": 0.6876231759249176, "dropout": 0.13698221969924493, "n_hidden": 128, "n_layer": 3, "lr": 0.005, "weight_decay": 0.005}')
----Data statistics------'
                Name: amazon-ratings
                #Nodes 24492
                #Edges 93050
                #Classes 5
                #Ave_degree 7.60
----Split statistics------'
                #Train samples 1224 (5.0 % of nodes)
                #Val samples 3673 (15.0 % of nodes)
                #Test samples 19595 (remaining)
Current device: cpu
[Params] Overriding from --params_json: {'knn_mode': 's', 'k': 25, 'dexp': 9.750190930000173, 'p_grd': 0.45194866895449237, 'unc_rem': 0.9275343318498813, 'unc_rel': 0.6876231759249176, 'dropout': 0.13698221969924493, 'n_hidden': 128, 'n_layer': 3, 'lr': 0.005, 'weight_decay': 0.005}
----label noise information:------
Clean data
#Actual noise rate 0.00 
[2026-04-17 16:39:44] [32mIntermediate result: 0.3670024503130956  (Index 0)[0m
Epoch 00001 | Time 0.7087s | L(tr) 1.6184 | A(tr) 0.1569 | L(val) 1.5844 | A(val) 0.3670 *
[2026-04-17 16:39:45] [32mIntermediate result: 0.36836373536618566  (Index 1)[0m
Epoch 00002 | Time 0.2322s | L(tr) 1.5830 | A(tr) 0.3627 | L(val) 1.5555 | A(val) 0.3684 *
[2026-04-17 16:39:45] [32mIntermediate result: 0.36836373536618566  (Index 2)[0m
Epoch 00003 | Time 0.0303s | L(tr) 1.5529 | A(tr) 0.3627 | L(val) 1.5231 | A(val) 0.3684 
[2026-04-17 16:39:45] [32mIntermediate result: 0.36836373536618566  (Index 3)[0m
Epoch 00004 | Time 0.0289s | L(tr) 1.5183 | A(tr) 0.3627 | L(val) 1.4879 | A(val) 0.3684 
[2026-04-17 16:39:45] [32mIntermediate result: 0.36836373536618566  (Index 4)[0m
Epoch 00005 | Time 0.0311s | L(tr) 1.4806 | A(tr) 0.3627 | L(val) 1.4546 | A(val) 0.3684 
[2026-04-17 16:39:45] [32mIntermediate result: 0.36836373536618566  (Index 5)[0m
Epoch 00006 | Time 0.0322s | L(tr) 1.4439 | A(tr) 0.3627 | L(val) 1.4310 | A(val) 0.3684 
[2026-04-17 16:39:45] [32mIntermediate result: 0.36836373536618566  (Index 6)[0m
Epoch 00007 | Time 0.0311s | L(tr) 1.4154 | A(tr) 0.3627 | L(val) 1.4238 | A(val) 0.3684 
[2026-04-17 16:39:45] [32mIntermediate result: 0.36836373536618566  (Index 7)[0m
Epoch 00008 | Time 0.0284s | L(tr) 1.4018 | A(tr) 0.3627 | L(val) 1.4279 | A(val) 0.3684 
[2026-04-17 16:39:45] [32mIntermediate result: 0.36836373536618566  (Index 8)[0m
Epoch 00009 | Time 0.0297s | L(tr) 1.3985 | A(tr) 0.3627 | L(val) 1.4339 | A(val) 0.3684 
[2026-04-17 16:39:45] [32mIntermediate result: 0.36836373536618566  (Index 9)[0m
Epoch 00010 | Time 0.0257s | L(tr) 1.4000 | A(tr) 0.3627 | L(val) 1.4382 | A(val) 0.3684 
[2026-04-17 16:39:45] [32mIntermediate result: 0.36836373536618566  (Index 10)[0m
Epoch 00011 | Time 0.0283s | L(tr) 1.3993 | A(tr) 0.3627 | L(val) 1.4406 | A(val) 0.3684 
[2026-04-17 16:39:45] [32mIntermediate result: 0.36836373536618566  (Index 11)[0m
Epoch 00012 | Time 0.0252s | L(tr) 1.3983 | A(tr) 0.3636 | L(val) 1.4391 | A(val) 0.3684 
[2026-04-17 16:39:45] [32mIntermediate result: 0.36836373536618566  (Index 12)[0m
Epoch 00013 | Time 0.0265s | L(tr) 1.3954 | A(tr) 0.3644 | L(val) 1.4333 | A(val) 0.3684 
[2026-04-17 16:39:45] [32mIntermediate result: 0.36836373536618566  (Index 13)[0m
Epoch 00014 | Time 0.0281s | L(tr) 1.3912 | A(tr) 0.3636 | L(val) 1.4263 | A(val) 0.3684 
[2026-04-17 16:39:45] [32mIntermediate result: 0.36836373536618566  (Index 14)[0m
Epoch 00015 | Time 0.0283s | L(tr) 1.3856 | A(tr) 0.3627 | L(val) 1.4208 | A(val) 0.3684 
[2026-04-17 16:39:45] [32mIntermediate result: 0.36836373536618566  (Index 15)[0m
Epoch 00016 | Time 0.0272s | L(tr) 1.3843 | A(tr) 0.3627 | L(val) 1.4178 | A(val) 0.3684 
[2026-04-17 16:39:45] [32mIntermediate result: 0.36836373536618566  (Index 16)[0m
Epoch 00017 | Time 0.0278s | L(tr) 1.3850 | A(tr) 0.3627 | L(val) 1.4168 | A(val) 0.3684 
[2026-04-17 16:39:45] [32mIntermediate result: 0.36836373536618566  (Index 17)[0m
Epoch 00018 | Time 0.0270s | L(tr) 1.3851 | A(tr) 0.3627 | L(val) 1.4167 | A(val) 0.3684 
[2026-04-17 16:39:45] [32mIntermediate result: 0.36836373536618566  (Index 18)[0m
Epoch 00019 | Time 0.0266s | L(tr) 1.3866 | A(tr) 0.3627 | L(val) 1.4166 | A(val) 0.3684 
[2026-04-17 16:39:45] [32mIntermediate result: 0.36836373536618566  (Index 19)[0m
Epoch 00020 | Time 0.0277s | L(tr) 1.3878 | A(tr) 0.3627 | L(val) 1.4162 | A(val) 0.3684 
[2026-04-17 16:39:45] [32mIntermediate result: 0.36836373536618566  (Index 20)[0m
Epoch 00021 | Time 0.0272s | L(tr) 1.3878 | A(tr) 0.3627 | L(val) 1.4154 | A(val) 0.3684 
[2026-04-17 16:39:45] [32mIntermediate result: 0.36836373536618566  (Index 21)[0m
Epoch 00022 | Time 0.0269s | L(tr) 1.3867 | A(tr) 0.3627 | L(val) 1.4145 | A(val) 0.3684 
[2026-04-17 16:39:45] [32mIntermediate result: 0.36836373536618566  (Index 22)[0m
Epoch 00023 | Time 0.0267s | L(tr) 1.3852 | A(tr) 0.3627 | L(val) 1.4137 | A(val) 0.3684 
[2026-04-17 16:39:45] [32mIntermediate result: 0.36836373536618566  (Index 23)[0m
Epoch 00024 | Time 0.0249s | L(tr) 1.3828 | A(tr) 0.3627 | L(val) 1.4131 | A(val) 0.3684 
[2026-04-17 16:39:45] [32mIntermediate result: 0.36836373536618566  (Index 24)[0m
Epoch 00025 | Time 0.0262s | L(tr) 1.3826 | A(tr) 0.3627 | L(val) 1.4130 | A(val) 0.3684 
[2026-04-17 16:39:45] [32mIntermediate result: 0.36836373536618566  (Index 25)[0m
Epoch 00026 | Time 0.0275s | L(tr) 1.3811 | A(tr) 0.3627 | L(val) 1.4132 | A(val) 0.3684 
[2026-04-17 16:39:45] [32mIntermediate result: 0.36836373536618566  (Index 26)[0m
Epoch 00027 | Time 0.0289s | L(tr) 1.3811 | A(tr) 0.3627 | L(val) 1.4139 | A(val) 0.3684 
[2026-04-17 16:39:45] [32mIntermediate result: 0.36836373536618566  (Index 27)[0m
Epoch 00028 | Time 0.0255s | L(tr) 1.3792 | A(tr) 0.3627 | L(val) 1.4148 | A(val) 0.3684 
[2026-04-17 16:39:45] [32mIntermediate result: 0.36836373536618566  (Index 28)[0m
Epoch 00029 | Time 0.0256s | L(tr) 1.3804 | A(tr) 0.3627 | L(val) 1.4155 | A(val) 0.3684 
[2026-04-17 16:39:46] [32mIntermediate result: 0.36836373536618566  (Index 29)[0m
Epoch 00030 | Time 0.0242s | L(tr) 1.3800 | A(tr) 0.3627 | L(val) 1.4160 | A(val) 0.3684 
[2026-04-17 16:39:46] [32mIntermediate result: 0.36836373536618566  (Index 30)[0m
Epoch 00031 | Time 0.0250s | L(tr) 1.3814 | A(tr) 0.3627 | L(val) 1.4160 | A(val) 0.3684 
[2026-04-17 16:39:46] [32mIntermediate result: 0.36836373536618566  (Index 31)[0m
Epoch 00032 | Time 0.0266s | L(tr) 1.3797 | A(tr) 0.3627 | L(val) 1.4157 | A(val) 0.3684 
[2026-04-17 16:39:46] [32mIntermediate result: 0.36836373536618566  (Index 32)[0m
Epoch 00033 | Time 0.0261s | L(tr) 1.3810 | A(tr) 0.3627 | L(val) 1.4151 | A(val) 0.3684 
[2026-04-17 16:39:46] [32mIntermediate result: 0.36836373536618566  (Index 33)[0m
Epoch 00034 | Time 0.0270s | L(tr) 1.3791 | A(tr) 0.3627 | L(val) 1.4144 | A(val) 0.3684 
[2026-04-17 16:39:46] [32mIntermediate result: 0.36836373536618566  (Index 34)[0m
Epoch 00035 | Time 0.0260s | L(tr) 1.3797 | A(tr) 0.3627 | L(val) 1.4138 | A(val) 0.3684 
[2026-04-17 16:39:46] [32mIntermediate result: 0.36836373536618566  (Index 35)[0m
Epoch 00036 | Time 0.0275s | L(tr) 1.3789 | A(tr) 0.3627 | L(val) 1.4132 | A(val) 0.3684 
[2026-04-17 16:39:46] [32mIntermediate result: 0.36836373536618566  (Index 36)[0m
Epoch 00037 | Time 0.0286s | L(tr) 1.3798 | A(tr) 0.3627 | L(val) 1.4127 | A(val) 0.3684 
[2026-04-17 16:39:46] [32mIntermediate result: 0.36836373536618566  (Index 37)[0m
Epoch 00038 | Time 0.0316s | L(tr) 1.3792 | A(tr) 0.3627 | L(val) 1.4123 | A(val) 0.3684 
[2026-04-17 16:39:46] [32mIntermediate result: 0.36836373536618566  (Index 38)[0m
Epoch 00039 | Time 0.0291s | L(tr) 1.3795 | A(tr) 0.3627 | L(val) 1.4120 | A(val) 0.3684 
[2026-04-17 16:39:46] [32mIntermediate result: 0.36836373536618566  (Index 39)[0m
Epoch 00040 | Time 0.0240s | L(tr) 1.3789 | A(tr) 0.3627 | L(val) 1.4118 | A(val) 0.3684 
[2026-04-17 16:39:46] [32mIntermediate result: 0.36836373536618566  (Index 40)[0m
Epoch 00041 | Time 0.0245s | L(tr) 1.3792 | A(tr) 0.3627 | L(val) 1.4118 | A(val) 0.3684 
[2026-04-17 16:39:46] [32mIntermediate result: 0.36836373536618566  (Index 41)[0m
Epoch 00042 | Time 0.0276s | L(tr) 1.3783 | A(tr) 0.3627 | L(val) 1.4118 | A(val) 0.3684 
[2026-04-17 16:39:46] [32mIntermediate result: 0.36836373536618566  (Index 42)[0m
Epoch 00043 | Time 0.0262s | L(tr) 1.3775 | A(tr) 0.3627 | L(val) 1.4120 | A(val) 0.3684 
[2026-04-17 16:39:46] [32mIntermediate result: 0.36836373536618566  (Index 43)[0m
Epoch 00044 | Time 0.0270s | L(tr) 1.3784 | A(tr) 0.3627 | L(val) 1.4122 | A(val) 0.3684 
[2026-04-17 16:39:46] [32mIntermediate result: 0.36836373536618566  (Index 44)[0m
Epoch 00045 | Time 0.0275s | L(tr) 1.3786 | A(tr) 0.3627 | L(val) 1.4124 | A(val) 0.3684 
[2026-04-17 16:39:46] [32mIntermediate result: 0.36836373536618566  (Index 45)[0m
Epoch 00046 | Time 0.0302s | L(tr) 1.3783 | A(tr) 0.3627 | L(val) 1.4127 | A(val) 0.3684 
[2026-04-17 16:39:46] [32mIntermediate result: 0.36836373536618566  (Index 46)[0m
Epoch 00047 | Time 0.0290s | L(tr) 1.3792 | A(tr) 0.3627 | L(val) 1.4129 | A(val) 0.3684 
[2026-04-17 16:39:46] [32mIntermediate result: 0.36836373536618566  (Index 47)[0m
Epoch 00048 | Time 0.0236s | L(tr) 1.3782 | A(tr) 0.3627 | L(val) 1.4131 | A(val) 0.3684 
[2026-04-17 16:39:46] [32mIntermediate result: 0.36836373536618566  (Index 48)[0m
Epoch 00049 | Time 0.0293s | L(tr) 1.3777 | A(tr) 0.3627 | L(val) 1.4132 | A(val) 0.3684 
[2026-04-17 16:39:46] [32mIntermediate result: 0.36836373536618566  (Index 49)[0m
Epoch 00050 | Time 0.0304s | L(tr) 1.3787 | A(tr) 0.3627 | L(val) 1.4132 | A(val) 0.3684 
[2026-04-17 16:39:46] [32mIntermediate result: 0.36836373536618566  (Index 50)[0m
Epoch 00051 | Time 0.0290s | L(tr) 1.3770 | A(tr) 0.3627 | L(val) 1.4131 | A(val) 0.3684 
[2026-04-17 16:39:46] [32mIntermediate result: 0.36836373536618566  (Index 51)[0m
Epoch 00052 | Time 0.0305s | L(tr) 1.3771 | A(tr) 0.3627 | L(val) 1.4129 | A(val) 0.3684 
[2026-04-17 16:39:46] [32mIntermediate result: 0.36836373536618566  (Index 52)[0m
Epoch 00053 | Time 0.0315s | L(tr) 1.3769 | A(tr) 0.3627 | L(val) 1.4127 | A(val) 0.3684 
[2026-04-17 16:39:46] [32mIntermediate result: 0.36836373536618566  (Index 53)[0m
Epoch 00054 | Time 0.0295s | L(tr) 1.3783 | A(tr) 0.3627 | L(val) 1.4125 | A(val) 0.3684 
[2026-04-17 16:39:46] [32mIntermediate result: 0.36836373536618566  (Index 54)[0m
Epoch 00055 | Time 0.0329s | L(tr) 1.3778 | A(tr) 0.3627 | L(val) 1.4123 | A(val) 0.3684 
[2026-04-17 16:39:46] [32mIntermediate result: 0.36836373536618566  (Index 55)[0m
Epoch 00056 | Time 0.0308s | L(tr) 1.3763 | A(tr) 0.3627 | L(val) 1.4121 | A(val) 0.3684 
[2026-04-17 16:39:46] [32mIntermediate result: 0.36836373536618566  (Index 56)[0m
Epoch 00057 | Time 0.0260s | L(tr) 1.3785 | A(tr) 0.3627 | L(val) 1.4120 | A(val) 0.3684 
[2026-04-17 16:39:46] [32mIntermediate result: 0.36836373536618566  (Index 57)[0m
Epoch 00058 | Time 0.0286s | L(tr) 1.3774 | A(tr) 0.3627 | L(val) 1.4119 | A(val) 0.3684 
[2026-04-17 16:39:46] [32mIntermediate result: 0.36836373536618566  (Index 58)[0m
Epoch 00059 | Time 0.0275s | L(tr) 1.3766 | A(tr) 0.3627 | L(val) 1.4118 | A(val) 0.3684 
[2026-04-17 16:39:46] [32mIntermediate result: 0.36836373536618566  (Index 59)[0m
Epoch 00060 | Time 0.0281s | L(tr) 1.3765 | A(tr) 0.3627 | L(val) 1.4118 | A(val) 0.3684 
[2026-04-17 16:39:46] [32mIntermediate result: 0.36836373536618566  (Index 60)[0m
Epoch 00061 | Time 0.0281s | L(tr) 1.3779 | A(tr) 0.3627 | L(val) 1.4118 | A(val) 0.3684 
[2026-04-17 16:39:46] [32mIntermediate result: 0.36836373536618566  (Index 61)[0m
Epoch 00062 | Time 0.0283s | L(tr) 1.3777 | A(tr) 0.3627 | L(val) 1.4118 | A(val) 0.3684 
[2026-04-17 16:39:46] [32mIntermediate result: 0.36836373536618566  (Index 62)[0m
Epoch 00063 | Time 0.0293s | L(tr) 1.3775 | A(tr) 0.3627 | L(val) 1.4118 | A(val) 0.3684 
[2026-04-17 16:39:46] [32mIntermediate result: 0.36836373536618566  (Index 63)[0m
Epoch 00064 | Time 0.0289s | L(tr) 1.3772 | A(tr) 0.3627 | L(val) 1.4118 | A(val) 0.3684 
[2026-04-17 16:39:47] [32mIntermediate result: 0.36836373536618566  (Index 64)[0m
Epoch 00065 | Time 0.0304s | L(tr) 1.3773 | A(tr) 0.3627 | L(val) 1.4118 | A(val) 0.3684 
[2026-04-17 16:39:47] [32mIntermediate result: 0.36836373536618566  (Index 65)[0m
Epoch 00066 | Time 0.0289s | L(tr) 1.3773 | A(tr) 0.3627 | L(val) 1.4118 | A(val) 0.3684 
[2026-04-17 16:39:47] [32mIntermediate result: 0.36836373536618566  (Index 66)[0m
Epoch 00067 | Time 0.0317s | L(tr) 1.3765 | A(tr) 0.3627 | L(val) 1.4118 | A(val) 0.3684 
[2026-04-17 16:39:47] [32mIntermediate result: 0.36836373536618566  (Index 67)[0m
Epoch 00068 | Time 0.0277s | L(tr) 1.3772 | A(tr) 0.3627 | L(val) 1.4118 | A(val) 0.3684 
[2026-04-17 16:39:47] [32mIntermediate result: 0.36836373536618566  (Index 68)[0m
Epoch 00069 | Time 0.0298s | L(tr) 1.3764 | A(tr) 0.3627 | L(val) 1.4118 | A(val) 0.3684 
[2026-04-17 16:39:47] [32mIntermediate result: 0.36836373536618566  (Index 69)[0m
Epoch 00070 | Time 0.0288s | L(tr) 1.3779 | A(tr) 0.3627 | L(val) 1.4117 | A(val) 0.3684 
[2026-04-17 16:39:47] [32mIntermediate result: 0.36836373536618566  (Index 70)[0m
Epoch 00071 | Time 0.0298s | L(tr) 1.3770 | A(tr) 0.3627 | L(val) 1.4116 | A(val) 0.3684 
[2026-04-17 16:39:47] [32mIntermediate result: 0.36836373536618566  (Index 71)[0m
Epoch 00072 | Time 0.0326s | L(tr) 1.3761 | A(tr) 0.3627 | L(val) 1.4116 | A(val) 0.3684 
[2026-04-17 16:39:47] [32mIntermediate result: 0.36836373536618566  (Index 72)[0m
Epoch 00073 | Time 0.0291s | L(tr) 1.3762 | A(tr) 0.3627 | L(val) 1.4114 | A(val) 0.3684 
[2026-04-17 16:39:47] [32mIntermediate result: 0.36836373536618566  (Index 73)[0m
Epoch 00074 | Time 0.0279s | L(tr) 1.3770 | A(tr) 0.3627 | L(val) 1.4113 | A(val) 0.3684 
[2026-04-17 16:39:47] [32mIntermediate result: 0.36836373536618566  (Index 74)[0m
Epoch 00075 | Time 0.0286s | L(tr) 1.3759 | A(tr) 0.3627 | L(val) 1.4112 | A(val) 0.3684 
[2026-04-17 16:39:47] [32mIntermediate result: 0.36836373536618566  (Index 75)[0m
Epoch 00076 | Time 0.0271s | L(tr) 1.3759 | A(tr) 0.3627 | L(val) 1.4111 | A(val) 0.3684 
[2026-04-17 16:39:47] [32mIntermediate result: 0.36836373536618566  (Index 76)[0m
Epoch 00077 | Time 0.0251s | L(tr) 1.3779 | A(tr) 0.3627 | L(val) 1.4109 | A(val) 0.3684 
[2026-04-17 16:39:47] [32mIntermediate result: 0.36836373536618566  (Index 77)[0m
Epoch 00078 | Time 0.0296s | L(tr) 1.3770 | A(tr) 0.3627 | L(val) 1.4107 | A(val) 0.3684 
[2026-04-17 16:39:47] [32mIntermediate result: 0.36836373536618566  (Index 78)[0m
Epoch 00079 | Time 0.0275s | L(tr) 1.3762 | A(tr) 0.3627 | L(val) 1.4107 | A(val) 0.3684 
[2026-04-17 16:39:47] [32mIntermediate result: 0.36836373536618566  (Index 79)[0m
Epoch 00080 | Time 0.0291s | L(tr) 1.3751 | A(tr) 0.3627 | L(val) 1.4106 | A(val) 0.3684 
[2026-04-17 16:39:47] [32mIntermediate result: 0.36836373536618566  (Index 80)[0m
Epoch 00081 | Time 0.0296s | L(tr) 1.3752 | A(tr) 0.3627 | L(val) 1.4106 | A(val) 0.3684 
[2026-04-17 16:39:47] [32mIntermediate result: 0.36836373536618566  (Index 81)[0m
Epoch 00082 | Time 0.0296s | L(tr) 1.3755 | A(tr) 0.3627 | L(val) 1.4106 | A(val) 0.3684 
[2026-04-17 16:39:47] [32mIntermediate result: 0.36836373536618566  (Index 82)[0m
Epoch 00083 | Time 0.0275s | L(tr) 1.3754 | A(tr) 0.3627 | L(val) 1.4106 | A(val) 0.3684 
[2026-04-17 16:39:47] [32mIntermediate result: 0.36836373536618566  (Index 83)[0m
Epoch 00084 | Time 0.0276s | L(tr) 1.3752 | A(tr) 0.3627 | L(val) 1.4105 | A(val) 0.3684 
[2026-04-17 16:39:47] [32mIntermediate result: 0.36836373536618566  (Index 84)[0m
Epoch 00085 | Time 0.0270s | L(tr) 1.3750 | A(tr) 0.3627 | L(val) 1.4104 | A(val) 0.3684 
[2026-04-17 16:39:47] [32mIntermediate result: 0.36836373536618566  (Index 85)[0m
Epoch 00086 | Time 0.0286s | L(tr) 1.3748 | A(tr) 0.3627 | L(val) 1.4102 | A(val) 0.3684 
[2026-04-17 16:39:47] [32mIntermediate result: 0.36836373536618566  (Index 86)[0m
Epoch 00087 | Time 0.0289s | L(tr) 1.3744 | A(tr) 0.3627 | L(val) 1.4101 | A(val) 0.3684 
[2026-04-17 16:39:47] [32mIntermediate result: 0.36836373536618566  (Index 87)[0m
Epoch 00088 | Time 0.0278s | L(tr) 1.3736 | A(tr) 0.3627 | L(val) 1.4099 | A(val) 0.3684 
[2026-04-17 16:39:47] [32mIntermediate result: 0.36836373536618566  (Index 88)[0m
Epoch 00089 | Time 0.0313s | L(tr) 1.3743 | A(tr) 0.3627 | L(val) 1.4096 | A(val) 0.3684 
[2026-04-17 16:39:47] [32mIntermediate result: 0.36836373536618566  (Index 89)[0m
Epoch 00090 | Time 0.0301s | L(tr) 1.3743 | A(tr) 0.3627 | L(val) 1.4093 | A(val) 0.3684 
[2026-04-17 16:39:47] [32mIntermediate result: 0.36836373536618566  (Index 90)[0m
Epoch 00091 | Time 0.0295s | L(tr) 1.3731 | A(tr) 0.3627 | L(val) 1.4090 | A(val) 0.3684 
[2026-04-17 16:39:47] [32mIntermediate result: 0.36836373536618566  (Index 91)[0m
Epoch 00092 | Time 0.0283s | L(tr) 1.3738 | A(tr) 0.3627 | L(val) 1.4087 | A(val) 0.3684 
[2026-04-17 16:39:47] [32mIntermediate result: 0.36836373536618566  (Index 92)[0m
Epoch 00093 | Time 0.0284s | L(tr) 1.3728 | A(tr) 0.3627 | L(val) 1.4084 | A(val) 0.3684 
[2026-04-17 16:39:47] [32mIntermediate result: 0.36836373536618566  (Index 93)[0m
Epoch 00094 | Time 0.0302s | L(tr) 1.3716 | A(tr) 0.3627 | L(val) 1.4081 | A(val) 0.3684 
[2026-04-17 16:39:47] [32mIntermediate result: 0.36836373536618566  (Index 94)[0m
Epoch 00095 | Time 0.0323s | L(tr) 1.3730 | A(tr) 0.3627 | L(val) 1.4078 | A(val) 0.3684 
[2026-04-17 16:39:47] [32mIntermediate result: 0.36836373536618566  (Index 95)[0m
Epoch 00096 | Time 0.0289s | L(tr) 1.3702 | A(tr) 0.3627 | L(val) 1.4074 | A(val) 0.3684 
[2026-04-17 16:39:47] [32mIntermediate result: 0.36836373536618566  (Index 96)[0m
Epoch 00097 | Time 0.0293s | L(tr) 1.3699 | A(tr) 0.3627 | L(val) 1.4070 | A(val) 0.3684 
[2026-04-17 16:39:47] [32mIntermediate result: 0.3686359923768037  (Index 97)[0m
Epoch 00098 | Time 0.0328s | L(tr) 1.3697 | A(tr) 0.3627 | L(val) 1.4065 | A(val) 0.3686 *
[2026-04-17 16:39:47] [32mIntermediate result: 0.3686359923768037  (Index 98)[0m
Epoch 00099 | Time 0.0287s | L(tr) 1.3686 | A(tr) 0.3627 | L(val) 1.4060 | A(val) 0.3686 
[2026-04-17 16:39:48] [32mIntermediate result: 0.3686359923768037  (Index 99)[0m
Epoch 00100 | Time 0.0296s | L(tr) 1.3673 | A(tr) 0.3619 | L(val) 1.4054 | A(val) 0.3686 
[2026-04-17 16:39:48] [32mIntermediate result: 0.3686359923768037  (Index 100)[0m
Epoch 00101 | Time 0.0273s | L(tr) 1.3663 | A(tr) 0.3619 | L(val) 1.4047 | A(val) 0.3686 
[2026-04-17 16:39:48] [32mIntermediate result: 0.3686359923768037  (Index 101)[0m
Epoch 00102 | Time 0.0316s | L(tr) 1.3657 | A(tr) 0.3619 | L(val) 1.4040 | A(val) 0.3686 
[2026-04-17 16:39:48] [32mIntermediate result: 0.3686359923768037  (Index 102)[0m
Epoch 00103 | Time 0.0291s | L(tr) 1.3646 | A(tr) 0.3619 | L(val) 1.4032 | A(val) 0.3686 
[2026-04-17 16:39:48] [32mIntermediate result: 0.3686359923768037  (Index 103)[0m
Epoch 00104 | Time 0.0275s | L(tr) 1.3631 | A(tr) 0.3619 | L(val) 1.4024 | A(val) 0.3686 
[2026-04-17 16:39:48] [32mIntermediate result: 0.3686359923768037  (Index 104)[0m
Epoch 00105 | Time 0.0280s | L(tr) 1.3604 | A(tr) 0.3611 | L(val) 1.4012 | A(val) 0.3686 
[2026-04-17 16:39:48] [32mIntermediate result: 0.3689082493874217  (Index 105)[0m
Epoch 00106 | Time 0.0291s | L(tr) 1.3590 | A(tr) 0.3627 | L(val) 1.4000 | A(val) 0.3689 *
[2026-04-17 16:39:48] [32mIntermediate result: 0.37054179145112986  (Index 106)[0m
Epoch 00107 | Time 0.0345s | L(tr) 1.3571 | A(tr) 0.3619 | L(val) 1.3989 | A(val) 0.3705 *
[2026-04-17 16:39:48] [32mIntermediate result: 0.37163081949360194  (Index 107)[0m
Epoch 00108 | Time 0.0304s | L(tr) 1.3558 | A(tr) 0.3595 | L(val) 1.3976 | A(val) 0.3716 *
[2026-04-17 16:39:48] [32mIntermediate result: 0.37353661856792814  (Index 108)[0m
Epoch 00109 | Time 0.0301s | L(tr) 1.3537 | A(tr) 0.3627 | L(val) 1.3963 | A(val) 0.3735 *
[2026-04-17 16:39:48] [32mIntermediate result: 0.37299210454669207  (Index 109)[0m
Epoch 00110 | Time 0.0288s | L(tr) 1.3502 | A(tr) 0.3660 | L(val) 1.3945 | A(val) 0.3730 
[2026-04-17 16:39:48] [32mIntermediate result: 0.3773482167165805  (Index 110)[0m
Epoch 00111 | Time 0.0304s | L(tr) 1.3473 | A(tr) 0.3717 | L(val) 1.3938 | A(val) 0.3773 *
[2026-04-17 16:39:48] [32mIntermediate result: 0.37571467465287234  (Index 111)[0m
Epoch 00112 | Time 0.0282s | L(tr) 1.3456 | A(tr) 0.3783 | L(val) 1.3915 | A(val) 0.3757 
[2026-04-17 16:39:48] [32mIntermediate result: 0.3803430438333787  (Index 112)[0m
Epoch 00113 | Time 0.0300s | L(tr) 1.3427 | A(tr) 0.3750 | L(val) 1.3911 | A(val) 0.3803 *
[2026-04-17 16:39:48] [32mIntermediate result: 0.37816498774843454  (Index 113)[0m
Epoch 00114 | Time 0.0292s | L(tr) 1.3382 | A(tr) 0.3856 | L(val) 1.3885 | A(val) 0.3782 
[2026-04-17 16:39:48] [32mIntermediate result: 0.3817043288864688  (Index 114)[0m
Epoch 00115 | Time 0.0278s | L(tr) 1.3357 | A(tr) 0.3824 | L(val) 1.3876 | A(val) 0.3817 *
[2026-04-17 16:39:48] [32mIntermediate result: 0.38115981486523276  (Index 115)[0m
Epoch 00116 | Time 0.0267s | L(tr) 1.3344 | A(tr) 0.4003 | L(val) 1.3855 | A(val) 0.3812 
[2026-04-17 16:39:48] [32mIntermediate result: 0.3906888102368636  (Index 116)[0m
Epoch 00117 | Time 0.0268s | L(tr) 1.3299 | A(tr) 0.3995 | L(val) 1.3845 | A(val) 0.3907 *
[2026-04-17 16:39:48] [32mIntermediate result: 0.3792540157909066  (Index 117)[0m
Epoch 00118 | Time 0.0287s | L(tr) 1.3275 | A(tr) 0.4060 | L(val) 1.3826 | A(val) 0.3793 
[2026-04-17 16:39:48] [32mIntermediate result: 0.39341138034304385  (Index 118)[0m
Epoch 00119 | Time 0.0338s | L(tr) 1.3263 | A(tr) 0.4093 | L(val) 1.3838 | A(val) 0.3934 *
[2026-04-17 16:39:48] [32mIntermediate result: 0.3664579362918595  (Index 119)[0m
Epoch 00120 | Time 0.0317s | L(tr) 1.3230 | A(tr) 0.4150 | L(val) 1.3872 | A(val) 0.3665 
[2026-04-17 16:39:48] [32mIntermediate result: 0.407024230873945  (Index 120)[0m
Epoch 00121 | Time 0.0316s | L(tr) 1.3301 | A(tr) 0.3938 | L(val) 1.3961 | A(val) 0.4070 *
[2026-04-17 16:39:48] [32mIntermediate result: 0.3789817587802886  (Index 121)[0m
Epoch 00122 | Time 0.0276s | L(tr) 1.3315 | A(tr) 0.4044 | L(val) 1.3784 | A(val) 0.3790 
[2026-04-17 16:39:48] [32mIntermediate result: 0.37190307650422  (Index 122)[0m
Epoch 00123 | Time 0.0289s | L(tr) 1.3182 | A(tr) 0.4109 | L(val) 1.3815 | A(val) 0.3719 
[2026-04-17 16:39:48] [32mIntermediate result: 0.4097468009801252  (Index 123)[0m
Epoch 00124 | Time 0.0294s | L(tr) 1.3195 | A(tr) 0.4126 | L(val) 1.3834 | A(val) 0.4097 *
[2026-04-17 16:39:48] [32mIntermediate result: 0.40076231962973047  (Index 124)[0m
Epoch 00125 | Time 0.0284s | L(tr) 1.3181 | A(tr) 0.4109 | L(val) 1.3774 | A(val) 0.4008 
[2026-04-17 16:39:48] [32mIntermediate result: 0.37299210454669207  (Index 125)[0m
Epoch 00126 | Time 0.0282s | L(tr) 1.3122 | A(tr) 0.4134 | L(val) 1.3802 | A(val) 0.3730 
[2026-04-17 16:39:48] [32mIntermediate result: 0.3942281513748979  (Index 126)[0m
Epoch 00127 | Time 0.0306s | L(tr) 1.3185 | A(tr) 0.4126 | L(val) 1.3742 | A(val) 0.3942 
[2026-04-17 16:39:48] [32mIntermediate result: 0.41110808603321536  (Index 127)[0m
Epoch 00128 | Time 0.0277s | L(tr) 1.3066 | A(tr) 0.4240 | L(val) 1.3826 | A(val) 0.4111 *
[2026-04-17 16:39:48] [32mIntermediate result: 0.39150558126871765  (Index 128)[0m
Epoch 00129 | Time 0.0276s | L(tr) 1.3169 | A(tr) 0.4036 | L(val) 1.3739 | A(val) 0.3915 
[2026-04-17 16:39:48] [32mIntermediate result: 0.3803430438333787  (Index 129)[0m
Epoch 00130 | Time 0.0271s | L(tr) 1.3074 | A(tr) 0.4248 | L(val) 1.3768 | A(val) 0.3803 
[2026-04-17 16:39:48] [32mIntermediate result: 0.4051184317996188  (Index 130)[0m
Epoch 00131 | Time 0.0277s | L(tr) 1.3126 | A(tr) 0.4199 | L(val) 1.3756 | A(val) 0.4051 
[2026-04-17 16:39:48] [32mIntermediate result: 0.4102913150013613  (Index 131)[0m
Epoch 00132 | Time 0.0316s | L(tr) 1.3070 | A(tr) 0.4142 | L(val) 1.3767 | A(val) 0.4103 
[2026-04-17 16:39:48] [32mIntermediate result: 0.383882384971413  (Index 132)[0m
Epoch 00133 | Time 0.0286s | L(tr) 1.3081 | A(tr) 0.4191 | L(val) 1.3750 | A(val) 0.3839 
[2026-04-17 16:39:49] [32mIntermediate result: 0.39150558126871765  (Index 133)[0m
Epoch 00134 | Time 0.0301s | L(tr) 1.3066 | A(tr) 0.4273 | L(val) 1.3726 | A(val) 0.3915 
[2026-04-17 16:39:49] [32mIntermediate result: 0.41355839912877757  (Index 134)[0m
Epoch 00135 | Time 0.0312s | L(tr) 1.3040 | A(tr) 0.4273 | L(val) 1.3773 | A(val) 0.4136 *
[2026-04-17 16:39:49] [32mIntermediate result: 0.39341138034304385  (Index 135)[0m
Epoch 00136 | Time 0.0286s | L(tr) 1.3050 | A(tr) 0.4175 | L(val) 1.3714 | A(val) 0.3934 
[2026-04-17 16:39:49] [32mIntermediate result: 0.38769398312006537  (Index 136)[0m
Epoch 00137 | Time 0.0288s | L(tr) 1.3012 | A(tr) 0.4240 | L(val) 1.3734 | A(val) 0.3877 
[2026-04-17 16:39:49] [32mIntermediate result: 0.40430166076776475  (Index 137)[0m
Epoch 00138 | Time 0.0286s | L(tr) 1.3057 | A(tr) 0.4257 | L(val) 1.3715 | A(val) 0.4043 
[2026-04-17 16:39:49] [32mIntermediate result: 0.4119248570650694  (Index 138)[0m
Epoch 00139 | Time 0.0272s | L(tr) 1.3017 | A(tr) 0.4232 | L(val) 1.3737 | A(val) 0.4119 
[2026-04-17 16:39:49] [32mIntermediate result: 0.3923223523005717  (Index 139)[0m
Epoch 00140 | Time 0.0288s | L(tr) 1.3005 | A(tr) 0.4240 | L(val) 1.3708 | A(val) 0.3923 
[2026-04-17 16:39:49] [32mIntermediate result: 0.3928668663218078  (Index 140)[0m
Epoch 00141 | Time 0.0297s | L(tr) 1.3021 | A(tr) 0.4289 | L(val) 1.3698 | A(val) 0.3929 
[2026-04-17 16:39:49] [32mIntermediate result: 0.41464742717124964  (Index 141)[0m
Epoch 00142 | Time 0.0298s | L(tr) 1.2971 | A(tr) 0.4306 | L(val) 1.3733 | A(val) 0.4146 *
[2026-04-17 16:39:49] [32mIntermediate result: 0.3942281513748979  (Index 142)[0m
Epoch 00143 | Time 0.0312s | L(tr) 1.2991 | A(tr) 0.4109 | L(val) 1.3689 | A(val) 0.3942 
[2026-04-17 16:39:49] [32mIntermediate result: 0.3923223523005717  (Index 143)[0m
Epoch 00144 | Time 0.0285s | L(tr) 1.2963 | A(tr) 0.4265 | L(val) 1.3702 | A(val) 0.3923 
[2026-04-17 16:39:49] [32mIntermediate result: 0.4124693710863055  (Index 144)[0m
Epoch 00145 | Time 0.0281s | L(tr) 1.2964 | A(tr) 0.4428 | L(val) 1.3712 | A(val) 0.4125 
[2026-04-17 16:39:49] [32mIntermediate result: 0.40647971685270895  (Index 145)[0m
Epoch 00146 | Time 0.0272s | L(tr) 1.2962 | A(tr) 0.4183 | L(val) 1.3685 | A(val) 0.4065 
[2026-04-17 16:39:49] [32mIntermediate result: 0.39150558126871765  (Index 146)[0m
Epoch 00147 | Time 0.0290s | L(tr) 1.2945 | A(tr) 0.4273 | L(val) 1.3696 | A(val) 0.3915 
[2026-04-17 16:39:49] [32mIntermediate result: 0.41083582902259735  (Index 147)[0m
Epoch 00148 | Time 0.0285s | L(tr) 1.2947 | A(tr) 0.4330 | L(val) 1.3695 | A(val) 0.4108 
[2026-04-17 16:39:49] [32mIntermediate result: 0.407568744895181  (Index 148)[0m
Epoch 00149 | Time 0.0286s | L(tr) 1.2928 | A(tr) 0.4322 | L(val) 1.3679 | A(val) 0.4076 
[2026-04-17 16:39:49] [32mIntermediate result: 0.3942281513748979  (Index 149)[0m
Epoch 00150 | Time 0.0276s | L(tr) 1.2902 | A(tr) 0.4306 | L(val) 1.3690 | A(val) 0.3942 
[2026-04-17 16:39:49] [32mIntermediate result: 0.41083582902259735  (Index 150)[0m
Epoch 00151 | Time 0.0287s | L(tr) 1.2908 | A(tr) 0.4420 | L(val) 1.3690 | A(val) 0.4108 
[2026-04-17 16:39:49] [32mIntermediate result: 0.40375714674652874  (Index 151)[0m
Epoch 00152 | Time 0.0244s | L(tr) 1.2905 | A(tr) 0.4330 | L(val) 1.3670 | A(val) 0.4038 
[2026-04-17 16:39:49] [32mIntermediate result: 0.3942281513748979  (Index 152)[0m
Epoch 00153 | Time 0.0253s | L(tr) 1.2874 | A(tr) 0.4355 | L(val) 1.3677 | A(val) 0.3942 
[2026-04-17 16:39:49] [32mIntermediate result: 0.4116526000544514  (Index 153)[0m
Epoch 00154 | Time 0.0243s | L(tr) 1.2913 | A(tr) 0.4289 | L(val) 1.3682 | A(val) 0.4117 
[2026-04-17 16:39:49] [32mIntermediate result: 0.39940103457664033  (Index 154)[0m
Epoch 00155 | Time 0.0239s | L(tr) 1.2892 | A(tr) 0.4281 | L(val) 1.3662 | A(val) 0.3994 
[2026-04-17 16:39:49] [32mIntermediate result: 0.3999455485978764  (Index 155)[0m
Epoch 00156 | Time 0.0277s | L(tr) 1.2870 | A(tr) 0.4387 | L(val) 1.3660 | A(val) 0.3999 
[2026-04-17 16:39:49] [32mIntermediate result: 0.4116526000544514  (Index 156)[0m
Epoch 00157 | Time 0.0287s | L(tr) 1.2886 | A(tr) 0.4289 | L(val) 1.3668 | A(val) 0.4117 
[2026-04-17 16:39:49] [32mIntermediate result: 0.39586169343860605  (Index 157)[0m
Epoch 00158 | Time 0.0251s | L(tr) 1.2860 | A(tr) 0.4355 | L(val) 1.3662 | A(val) 0.3959 
[2026-04-17 16:39:49] [32mIntermediate result: 0.4130138851075415  (Index 158)[0m
Epoch 00159 | Time 0.0263s | L(tr) 1.2830 | A(tr) 0.4395 | L(val) 1.3668 | A(val) 0.4130 
[2026-04-17 16:39:49] [32mIntermediate result: 0.40049006261911246  (Index 159)[0m
Epoch 00160 | Time 0.0284s | L(tr) 1.2867 | A(tr) 0.4240 | L(val) 1.3652 | A(val) 0.4005 
[2026-04-17 16:39:49] [32mIntermediate result: 0.4002178056084944  (Index 160)[0m
Epoch 00161 | Time 0.0287s | L(tr) 1.2821 | A(tr) 0.4371 | L(val) 1.3652 | A(val) 0.4002 
[2026-04-17 16:39:49] [32mIntermediate result: 0.41219711407568743  (Index 161)[0m
Epoch 00162 | Time 0.0270s | L(tr) 1.2820 | A(tr) 0.4355 | L(val) 1.3668 | A(val) 0.4122 
[2026-04-17 16:39:49] [32mIntermediate result: 0.39586169343860605  (Index 162)[0m
Epoch 00163 | Time 0.0274s | L(tr) 1.2839 | A(tr) 0.4363 | L(val) 1.3664 | A(val) 0.3959 
[2026-04-17 16:39:49] [32mIntermediate result: 0.41328614211815956  (Index 163)[0m
Epoch 00164 | Time 0.0260s | L(tr) 1.2844 | A(tr) 0.4371 | L(val) 1.3663 | A(val) 0.4133 
[2026-04-17 16:39:49] [32mIntermediate result: 0.3988565205554043  (Index 164)[0m
Epoch 00165 | Time 0.0271s | L(tr) 1.2817 | A(tr) 0.4355 | L(val) 1.3649 | A(val) 0.3989 
[2026-04-17 16:39:49] [32mIntermediate result: 0.4053906888102369  (Index 165)[0m
Epoch 00166 | Time 0.0273s | L(tr) 1.2763 | A(tr) 0.4379 | L(val) 1.3647 | A(val) 0.4054 
[2026-04-17 16:39:49] [32mIntermediate result: 0.40647971685270895  (Index 166)[0m
Epoch 00167 | Time 0.0274s | L(tr) 1.2767 | A(tr) 0.4395 | L(val) 1.3648 | A(val) 0.4065 
[2026-04-17 16:39:49] [32mIntermediate result: 0.39940103457664033  (Index 167)[0m
Epoch 00168 | Time 0.0287s | L(tr) 1.2758 | A(tr) 0.4485 | L(val) 1.3649 | A(val) 0.3994 
[2026-04-17 16:39:50] [32mIntermediate result: 0.41410291315001363  (Index 168)[0m
Epoch 00169 | Time 0.0293s | L(tr) 1.2788 | A(tr) 0.4436 | L(val) 1.3671 | A(val) 0.4141 
[2026-04-17 16:39:50] [32mIntermediate result: 0.3906888102368636  (Index 169)[0m
Epoch 00170 | Time 0.2280s | L(tr) 1.2783 | A(tr) 0.4338 | L(val) 1.3688 | A(val) 0.3907 
[2026-04-17 16:39:50] [32mIntermediate result: 0.41383065613939557  (Index 170)[0m
Epoch 00171 | Time 0.0308s | L(tr) 1.2780 | A(tr) 0.4485 | L(val) 1.3721 | A(val) 0.4138 
[2026-04-17 16:39:50] [32mIntermediate result: 0.39123332425809965  (Index 171)[0m
Epoch 00172 | Time 0.0290s | L(tr) 1.2830 | A(tr) 0.4281 | L(val) 1.3713 | A(val) 0.3912 
[2026-04-17 16:39:50] [32mIntermediate result: 0.41464742717124964  (Index 172)[0m
Epoch 00173 | Time 0.0294s | L(tr) 1.2835 | A(tr) 0.4518 | L(val) 1.3686 | A(val) 0.4146 
[2026-04-17 16:39:50] [32mIntermediate result: 0.3996732915872584  (Index 173)[0m
Epoch 00174 | Time 0.0292s | L(tr) 1.2779 | A(tr) 0.4273 | L(val) 1.3642 | A(val) 0.3997 
[2026-04-17 16:39:50] [32mIntermediate result: 0.4021236046828206  (Index 174)[0m
Epoch 00175 | Time 0.0291s | L(tr) 1.2752 | A(tr) 0.4379 | L(val) 1.3636 | A(val) 0.4021 
[2026-04-17 16:39:50] [32mIntermediate result: 0.41437517016063163  (Index 175)[0m
Epoch 00176 | Time 0.0293s | L(tr) 1.2743 | A(tr) 0.4412 | L(val) 1.3661 | A(val) 0.4144 
[2026-04-17 16:39:50] [32mIntermediate result: 0.3942281513748979  (Index 176)[0m
Epoch 00177 | Time 0.0274s | L(tr) 1.2761 | A(tr) 0.4436 | L(val) 1.3666 | A(val) 0.3942 
[2026-04-17 16:39:50] [32mIntermediate result: 0.41464742717124964  (Index 177)[0m
Epoch 00178 | Time 0.0275s | L(tr) 1.2782 | A(tr) 0.4436 | L(val) 1.3659 | A(val) 0.4146 
[2026-04-17 16:39:50] [32mIntermediate result: 0.40620745984209095  (Index 178)[0m
Epoch 00179 | Time 0.0265s | L(tr) 1.2776 | A(tr) 0.4355 | L(val) 1.3635 | A(val) 0.4062 
[2026-04-17 16:39:50] [32mIntermediate result: 0.40049006261911246  (Index 179)[0m
Epoch 00180 | Time 0.0275s | L(tr) 1.2715 | A(tr) 0.4436 | L(val) 1.3640 | A(val) 0.4005 
[2026-04-17 16:39:50] [32mIntermediate result: 0.41219711407568743  (Index 180)[0m
Epoch 00181 | Time 0.0285s | L(tr) 1.2735 | A(tr) 0.4477 | L(val) 1.3663 | A(val) 0.4122 
[2026-04-17 16:39:50] [32mIntermediate result: 0.39531717941737  (Index 181)[0m
Epoch 00182 | Time 0.0275s | L(tr) 1.2756 | A(tr) 0.4371 | L(val) 1.3653 | A(val) 0.3953 
[2026-04-17 16:39:50] [32mIntermediate result: 0.4102913150013613  (Index 182)[0m
Epoch 00183 | Time 0.0267s | L(tr) 1.2730 | A(tr) 0.4493 | L(val) 1.3646 | A(val) 0.4103 
[2026-04-17 16:39:50] [32mIntermediate result: 0.4059352028314729  (Index 183)[0m
Epoch 00184 | Time 0.0272s | L(tr) 1.2726 | A(tr) 0.4436 | L(val) 1.3635 | A(val) 0.4059 
[2026-04-17 16:39:50] [32mIntermediate result: 0.4048461747890008  (Index 184)[0m
Epoch 00185 | Time 0.0271s | L(tr) 1.2693 | A(tr) 0.4502 | L(val) 1.3634 | A(val) 0.4048 
[2026-04-17 16:39:50] [32mIntermediate result: 0.41383065613939557  (Index 185)[0m
Epoch 00186 | Time 0.0282s | L(tr) 1.2700 | A(tr) 0.4461 | L(val) 1.3645 | A(val) 0.4138 
[2026-04-17 16:39:50] [32mIntermediate result: 0.3966784644704601  (Index 186)[0m
Epoch 00187 | Time 0.0299s | L(tr) 1.2677 | A(tr) 0.4485 | L(val) 1.3647 | A(val) 0.3967 
[2026-04-17 16:39:50] [32mIntermediate result: 0.41110808603321536  (Index 187)[0m
Epoch 00188 | Time 0.0294s | L(tr) 1.2724 | A(tr) 0.4518 | L(val) 1.3647 | A(val) 0.4111 
[2026-04-17 16:39:50] [32mIntermediate result: 0.4053906888102369  (Index 188)[0m
Epoch 00189 | Time 0.0311s | L(tr) 1.2711 | A(tr) 0.4444 | L(val) 1.3634 | A(val) 0.4054 
[2026-04-17 16:39:50] [32mIntermediate result: 0.4059352028314729  (Index 189)[0m
Epoch 00190 | Time 0.0286s | L(tr) 1.2697 | A(tr) 0.4436 | L(val) 1.3631 | A(val) 0.4059 
[2026-04-17 16:39:50] [32mIntermediate result: 0.4162809692349578  (Index 190)[0m
Epoch 00191 | Time 0.0304s | L(tr) 1.2684 | A(tr) 0.4510 | L(val) 1.3646 | A(val) 0.4163 *
[2026-04-17 16:39:50] [32mIntermediate result: 0.395589436427988  (Index 191)[0m
Epoch 00192 | Time 0.0293s | L(tr) 1.2669 | A(tr) 0.4477 | L(val) 1.3651 | A(val) 0.3956 
[2026-04-17 16:39:50] [32mIntermediate result: 0.41355839912877757  (Index 192)[0m
Epoch 00193 | Time 0.0290s | L(tr) 1.2716 | A(tr) 0.4502 | L(val) 1.3655 | A(val) 0.4136 
[2026-04-17 16:39:50] [32mIntermediate result: 0.39858426354478627  (Index 193)[0m
Epoch 00194 | Time 0.0285s | L(tr) 1.2715 | A(tr) 0.4444 | L(val) 1.3638 | A(val) 0.3986 
[2026-04-17 16:39:50] [32mIntermediate result: 0.4100190579907433  (Index 194)[0m
Epoch 00195 | Time 0.0280s | L(tr) 1.2668 | A(tr) 0.4551 | L(val) 1.3627 | A(val) 0.4100 
[2026-04-17 16:39:50] [32mIntermediate result: 0.407568744895181  (Index 195)[0m
Epoch 00196 | Time 0.0279s | L(tr) 1.2630 | A(tr) 0.4600 | L(val) 1.3624 | A(val) 0.4076 
[2026-04-17 16:39:51] [32mIntermediate result: 0.4045739177783828  (Index 196)[0m
Epoch 00197 | Time 0.0285s | L(tr) 1.2673 | A(tr) 0.4428 | L(val) 1.3625 | A(val) 0.4046 
[2026-04-17 16:39:51] [32mIntermediate result: 0.41383065613939557  (Index 197)[0m
Epoch 00198 | Time 0.0272s | L(tr) 1.2652 | A(tr) 0.4518 | L(val) 1.3641 | A(val) 0.4138 
[2026-04-17 16:39:51] [32mIntermediate result: 0.40076231962973047  (Index 198)[0m
Epoch 00199 | Time 0.0290s | L(tr) 1.2649 | A(tr) 0.4542 | L(val) 1.3643 | A(val) 0.4008 
[2026-04-17 16:39:51] [32mIntermediate result: 0.41464742717124964  (Index 199)[0m
Epoch 00200 | Time 0.0277s | L(tr) 1.2672 | A(tr) 0.4493 | L(val) 1.3657 | A(val) 0.4146 
Traceback (most recent call last):
  File "C:\Users\fbrev\Documents\Acadêmico\Simulações\Python\NoisyGL\single_exp.py", line 226, in <module>
    train_thread.join()
  File "C:\Users\fbrev\anaconda3\envs\noisygl\Lib\threading.py", line 1119, in join
    self._wait_for_tstate_lock()
  File "C:\Users\fbrev\anaconda3\envs\noisygl\Lib\threading.py", line 1139, in _wait_for_tstate_lock
    if lock.acquire(block, timeout):
       ^^^^^^^^^^^^^^^^^^^^^^^^^^^^
KeyboardInterrupt
