Namespace(dataset='pubmed', method='lnpcc', noise_type='uniform', noise_rate=0.3, device='cuda:1', seed=3000, params_json='{"knn_mode": "d", "dexp": 0.8326123697939614, "p_grd": 0.433368277336385, "unc_rem": 0.6791633564554989, "unc_rel": 0.21763436546888654, "dropout": 0.8355699606508038, "n_hidden": 64, "n_layer": 2, "lr": 0.0001, "weight_decay": 0.0001, "k": 24}')
----Data statistics------'
                Name: pubmed
                #Nodes 19717
                #Edges 44324
                #Classes 3
                #Ave_degree 4.50
----Split statistics------'
                #Train samples 60 (default)
                #Val samples 500 (default)
                #Test samples 1000 (default)
Current device: cpu
[Params] Overriding from --params_json: {'knn_mode': 'd', 'dexp': 0.8326123697939614, 'p_grd': 0.433368277336385, 'unc_rem': 0.6791633564554989, 'unc_rel': 0.21763436546888654, 'dropout': 0.8355699606508038, 'n_hidden': 64, 'n_layer': 2, 'lr': 0.0001, 'weight_decay': 0.0001, 'k': 24}
----label noise information:------
Uniform noise
#Actual noise rate 0.30 
[2026-04-20 12:47:15] [32mIntermediate result: 0.3  (Index 0)[0m
Epoch 00001 | Time 0.3432s | L(tr) 1.1014 | A(tr) 0.1698 | L(val) 1.0993 | A(val) 0.3000 *
[2026-04-20 12:47:15] [32mIntermediate result: 0.294  (Index 1)[0m
Epoch 00002 | Time 0.0127s | L(tr) 1.1046 | A(tr) 0.2453 | L(val) 1.0993 | A(val) 0.2940 
[2026-04-20 12:47:15] [32mIntermediate result: 0.29  (Index 2)[0m
Epoch 00003 | Time 0.0136s | L(tr) 1.1034 | A(tr) 0.2642 | L(val) 1.0994 | A(val) 0.2900 
[2026-04-20 12:47:15] [32mIntermediate result: 0.276  (Index 3)[0m
Epoch 00004 | Time 0.0127s | L(tr) 1.1033 | A(tr) 0.3019 | L(val) 1.0994 | A(val) 0.2760 
[2026-04-20 12:47:15] [32mIntermediate result: 0.272  (Index 4)[0m
Epoch 00005 | Time 0.0095s | L(tr) 1.1012 | A(tr) 0.3019 | L(val) 1.0995 | A(val) 0.2720 
[2026-04-20 12:47:15] [32mIntermediate result: 0.27  (Index 5)[0m
Epoch 00006 | Time 0.0119s | L(tr) 1.1025 | A(tr) 0.2075 | L(val) 1.0995 | A(val) 0.2700 
[2026-04-20 12:47:15] [32mIntermediate result: 0.272  (Index 6)[0m
Epoch 00007 | Time 0.0105s | L(tr) 1.1029 | A(tr) 0.2642 | L(val) 1.0996 | A(val) 0.2720 
[2026-04-20 12:47:15] [32mIntermediate result: 0.26  (Index 7)[0m
Epoch 00008 | Time 0.0118s | L(tr) 1.0994 | A(tr) 0.3019 | L(val) 1.0996 | A(val) 0.2600 
[2026-04-20 12:47:15] [32mIntermediate result: 0.254  (Index 8)[0m
Epoch 00009 | Time 0.0105s | L(tr) 1.1002 | A(tr) 0.2830 | L(val) 1.0997 | A(val) 0.2540 
[2026-04-20 12:47:15] [32mIntermediate result: 0.256  (Index 9)[0m
Epoch 00010 | Time 0.0103s | L(tr) 1.1007 | A(tr) 0.2830 | L(val) 1.0997 | A(val) 0.2560 
[2026-04-20 12:47:15] [32mIntermediate result: 0.268  (Index 10)[0m
Epoch 00011 | Time 0.0125s | L(tr) 1.1018 | A(tr) 0.2075 | L(val) 1.0998 | A(val) 0.2680 
[2026-04-20 12:47:15] [32mIntermediate result: 0.262  (Index 11)[0m
Epoch 00012 | Time 0.0122s | L(tr) 1.0983 | A(tr) 0.2830 | L(val) 1.0998 | A(val) 0.2620 
[2026-04-20 12:47:15] [32mIntermediate result: 0.262  (Index 12)[0m
Epoch 00013 | Time 0.0120s | L(tr) 1.0981 | A(tr) 0.3774 | L(val) 1.0999 | A(val) 0.2620 
[2026-04-20 12:47:15] [32mIntermediate result: 0.262  (Index 13)[0m
Epoch 00014 | Time 0.0136s | L(tr) 1.0993 | A(tr) 0.2642 | L(val) 1.0999 | A(val) 0.2620 
[2026-04-20 12:47:15] [32mIntermediate result: 0.256  (Index 14)[0m
Epoch 00015 | Time 0.0139s | L(tr) 1.0986 | A(tr) 0.3396 | L(val) 1.1000 | A(val) 0.2560 
[2026-04-20 12:47:15] [32mIntermediate result: 0.25  (Index 15)[0m
Epoch 00016 | Time 0.0143s | L(tr) 1.0956 | A(tr) 0.4151 | L(val) 1.1000 | A(val) 0.2500 
[2026-04-20 12:47:15] [32mIntermediate result: 0.236  (Index 16)[0m
Epoch 00017 | Time 0.0149s | L(tr) 1.0968 | A(tr) 0.3585 | L(val) 1.1001 | A(val) 0.2360 
[2026-04-20 12:47:15] [32mIntermediate result: 0.242  (Index 17)[0m
Epoch 00018 | Time 0.0127s | L(tr) 1.1005 | A(tr) 0.2264 | L(val) 1.1001 | A(val) 0.2420 
[2026-04-20 12:47:15] [32mIntermediate result: 0.242  (Index 18)[0m
Epoch 00019 | Time 0.0103s | L(tr) 1.0968 | A(tr) 0.3774 | L(val) 1.1002 | A(val) 0.2420 
[2026-04-20 12:47:15] [32mIntermediate result: 0.244  (Index 19)[0m
Epoch 00020 | Time 0.0096s | L(tr) 1.0959 | A(tr) 0.4528 | L(val) 1.1002 | A(val) 0.2440 
[2026-04-20 12:47:15] [32mIntermediate result: 0.248  (Index 20)[0m
Epoch 00021 | Time 0.0102s | L(tr) 1.0980 | A(tr) 0.3208 | L(val) 1.1003 | A(val) 0.2480 
[2026-04-20 12:47:15] [32mIntermediate result: 0.24  (Index 21)[0m
Epoch 00022 | Time 0.0136s | L(tr) 1.0930 | A(tr) 0.5283 | L(val) 1.1003 | A(val) 0.2400 
[2026-04-20 12:47:15] [32mIntermediate result: 0.244  (Index 22)[0m
Epoch 00023 | Time 0.0118s | L(tr) 1.0964 | A(tr) 0.3774 | L(val) 1.1004 | A(val) 0.2440 
[2026-04-20 12:47:15] [32mIntermediate result: 0.244  (Index 23)[0m
Epoch 00024 | Time 0.0124s | L(tr) 1.0941 | A(tr) 0.4151 | L(val) 1.1004 | A(val) 0.2440 
[2026-04-20 12:47:15] [32mIntermediate result: 0.244  (Index 24)[0m
Epoch 00025 | Time 0.0108s | L(tr) 1.0964 | A(tr) 0.3208 | L(val) 1.1005 | A(val) 0.2440 
[2026-04-20 12:47:15] [32mIntermediate result: 0.246  (Index 25)[0m
Epoch 00026 | Time 0.0117s | L(tr) 1.0917 | A(tr) 0.4528 | L(val) 1.1005 | A(val) 0.2460 
[2026-04-20 12:47:15] [32mIntermediate result: 0.246  (Index 26)[0m
Epoch 00027 | Time 0.0124s | L(tr) 1.0990 | A(tr) 0.3019 | L(val) 1.1006 | A(val) 0.2460 
[2026-04-20 12:47:15] [32mIntermediate result: 0.248  (Index 27)[0m
Epoch 00028 | Time 0.0127s | L(tr) 1.0939 | A(tr) 0.3208 | L(val) 1.1006 | A(val) 0.2480 
[2026-04-20 12:47:15] [32mIntermediate result: 0.248  (Index 28)[0m
Epoch 00029 | Time 0.0115s | L(tr) 1.0922 | A(tr) 0.4717 | L(val) 1.1007 | A(val) 0.2480 
[2026-04-20 12:47:15] [32mIntermediate result: 0.246  (Index 29)[0m
Epoch 00030 | Time 0.0131s | L(tr) 1.0950 | A(tr) 0.4340 | L(val) 1.1007 | A(val) 0.2460 
[2026-04-20 12:47:15] [32mIntermediate result: 0.248  (Index 30)[0m
Epoch 00031 | Time 0.0116s | L(tr) 1.0936 | A(tr) 0.4340 | L(val) 1.1008 | A(val) 0.2480 
[2026-04-20 12:47:15] [32mIntermediate result: 0.246  (Index 31)[0m
Epoch 00032 | Time 0.0135s | L(tr) 1.0905 | A(tr) 0.4340 | L(val) 1.1008 | A(val) 0.2460 
[2026-04-20 12:47:15] [32mIntermediate result: 0.246  (Index 32)[0m
Epoch 00033 | Time 0.0117s | L(tr) 1.0959 | A(tr) 0.3585 | L(val) 1.1009 | A(val) 0.2460 
[2026-04-20 12:47:15] [32mIntermediate result: 0.246  (Index 33)[0m
Epoch 00034 | Time 0.0125s | L(tr) 1.0964 | A(tr) 0.3208 | L(val) 1.1010 | A(val) 0.2460 
[2026-04-20 12:47:15] [32mIntermediate result: 0.244  (Index 34)[0m
Epoch 00035 | Time 0.0108s | L(tr) 1.0893 | A(tr) 0.5283 | L(val) 1.1010 | A(val) 0.2440 
[2026-04-20 12:47:15] [32mIntermediate result: 0.244  (Index 35)[0m
Epoch 00036 | Time 0.0114s | L(tr) 1.0923 | A(tr) 0.4340 | L(val) 1.1011 | A(val) 0.2440 
[2026-04-20 12:47:15] [32mIntermediate result: 0.246  (Index 36)[0m
Epoch 00037 | Time 0.0103s | L(tr) 1.0936 | A(tr) 0.4340 | L(val) 1.1011 | A(val) 0.2460 
[2026-04-20 12:47:15] [32mIntermediate result: 0.248  (Index 37)[0m
Epoch 00038 | Time 0.0137s | L(tr) 1.0903 | A(tr) 0.3774 | L(val) 1.1012 | A(val) 0.2480 
[2026-04-20 12:47:15] [32mIntermediate result: 0.248  (Index 38)[0m
Epoch 00039 | Time 0.0124s | L(tr) 1.0896 | A(tr) 0.5472 | L(val) 1.1012 | A(val) 0.2480 
[2026-04-20 12:47:15] [32mIntermediate result: 0.248  (Index 39)[0m
Epoch 00040 | Time 0.0124s | L(tr) 1.0933 | A(tr) 0.4340 | L(val) 1.1013 | A(val) 0.2480 
[2026-04-20 12:47:15] [32mIntermediate result: 0.248  (Index 40)[0m
Epoch 00041 | Time 0.0089s | L(tr) 1.0891 | A(tr) 0.4906 | L(val) 1.1013 | A(val) 0.2480 
[2026-04-20 12:47:15] [32mIntermediate result: 0.25  (Index 41)[0m
Epoch 00042 | Time 0.0112s | L(tr) 1.0884 | A(tr) 0.5094 | L(val) 1.1014 | A(val) 0.2500 
[2026-04-20 12:47:15] [32mIntermediate result: 0.25  (Index 42)[0m
Epoch 00043 | Time 0.0117s | L(tr) 1.0909 | A(tr) 0.4528 | L(val) 1.1014 | A(val) 0.2500 
[2026-04-20 12:47:15] [32mIntermediate result: 0.25  (Index 43)[0m
Epoch 00044 | Time 0.0145s | L(tr) 1.0878 | A(tr) 0.4528 | L(val) 1.1015 | A(val) 0.2500 
[2026-04-20 12:47:15] [32mIntermediate result: 0.25  (Index 44)[0m
Epoch 00045 | Time 0.0115s | L(tr) 1.0894 | A(tr) 0.4717 | L(val) 1.1015 | A(val) 0.2500 
[2026-04-20 12:47:15] [32mIntermediate result: 0.248  (Index 45)[0m
Epoch 00046 | Time 0.0094s | L(tr) 1.0907 | A(tr) 0.4151 | L(val) 1.1016 | A(val) 0.2480 
[2026-04-20 12:47:15] [32mIntermediate result: 0.25  (Index 46)[0m
Epoch 00047 | Time 0.0113s | L(tr) 1.0840 | A(tr) 0.5094 | L(val) 1.1016 | A(val) 0.2500 
[2026-04-20 12:47:16] [32mIntermediate result: 0.25  (Index 47)[0m
Epoch 00048 | Time 0.0114s | L(tr) 1.0873 | A(tr) 0.4528 | L(val) 1.1017 | A(val) 0.2500 
[2026-04-20 12:47:16] [32mIntermediate result: 0.25  (Index 48)[0m
Epoch 00049 | Time 0.0116s | L(tr) 1.0880 | A(tr) 0.4906 | L(val) 1.1017 | A(val) 0.2500 
[2026-04-20 12:47:16] [32mIntermediate result: 0.25  (Index 49)[0m
Epoch 00050 | Time 0.0127s | L(tr) 1.0899 | A(tr) 0.4340 | L(val) 1.1018 | A(val) 0.2500 
[2026-04-20 12:47:16] [32mIntermediate result: 0.25  (Index 50)[0m
Epoch 00051 | Time 0.0129s | L(tr) 1.0893 | A(tr) 0.3774 | L(val) 1.1018 | A(val) 0.2500 
[2026-04-20 12:47:16] [32mIntermediate result: 0.25  (Index 51)[0m
Epoch 00052 | Time 0.0109s | L(tr) 1.0893 | A(tr) 0.4340 | L(val) 1.1018 | A(val) 0.2500 
[2026-04-20 12:47:16] [32mIntermediate result: 0.25  (Index 52)[0m
Epoch 00053 | Time 0.0134s | L(tr) 1.0864 | A(tr) 0.4906 | L(val) 1.1019 | A(val) 0.2500 
[2026-04-20 12:47:16] [32mIntermediate result: 0.25  (Index 53)[0m
Epoch 00054 | Time 0.0118s | L(tr) 1.0821 | A(tr) 0.5094 | L(val) 1.1019 | A(val) 0.2500 
[2026-04-20 12:47:16] [32mIntermediate result: 0.25  (Index 54)[0m
Epoch 00055 | Time 0.0083s | L(tr) 1.0845 | A(tr) 0.4906 | L(val) 1.1020 | A(val) 0.2500 
[2026-04-20 12:47:16] [32mIntermediate result: 0.25  (Index 55)[0m
Epoch 00056 | Time 0.0103s | L(tr) 1.0835 | A(tr) 0.4906 | L(val) 1.1020 | A(val) 0.2500 
[2026-04-20 12:47:16] [32mIntermediate result: 0.25  (Index 56)[0m
Epoch 00057 | Time 0.0130s | L(tr) 1.0870 | A(tr) 0.4528 | L(val) 1.1021 | A(val) 0.2500 
[2026-04-20 12:47:16] [32mIntermediate result: 0.25  (Index 57)[0m
Epoch 00058 | Time 0.0127s | L(tr) 1.0841 | A(tr) 0.4340 | L(val) 1.1021 | A(val) 0.2500 
[2026-04-20 12:47:16] [32mIntermediate result: 0.252  (Index 58)[0m
Epoch 00059 | Time 0.0156s | L(tr) 1.0881 | A(tr) 0.4717 | L(val) 1.1022 | A(val) 0.2520 
[2026-04-20 12:47:16] [32mIntermediate result: 0.252  (Index 59)[0m
Epoch 00060 | Time 0.0164s | L(tr) 1.0819 | A(tr) 0.5283 | L(val) 1.1022 | A(val) 0.2520 
[2026-04-20 12:47:16] [32mIntermediate result: 0.252  (Index 60)[0m
Epoch 00061 | Time 0.0138s | L(tr) 1.0872 | A(tr) 0.4717 | L(val) 1.1023 | A(val) 0.2520 
[2026-04-20 12:47:16] [32mIntermediate result: 0.252  (Index 61)[0m
Epoch 00062 | Time 0.0099s | L(tr) 1.0814 | A(tr) 0.5094 | L(val) 1.1023 | A(val) 0.2520 
[2026-04-20 12:47:16] [32mIntermediate result: 0.252  (Index 62)[0m
Epoch 00063 | Time 0.0119s | L(tr) 1.0811 | A(tr) 0.4340 | L(val) 1.1024 | A(val) 0.2520 
[2026-04-20 12:47:16] [32mIntermediate result: 0.252  (Index 63)[0m
Epoch 00064 | Time 0.0108s | L(tr) 1.0845 | A(tr) 0.4717 | L(val) 1.1024 | A(val) 0.2520 
[2026-04-20 12:47:16] [32mIntermediate result: 0.252  (Index 64)[0m
Epoch 00065 | Time 0.0123s | L(tr) 1.0828 | A(tr) 0.4528 | L(val) 1.1025 | A(val) 0.2520 
[2026-04-20 12:47:16] [32mIntermediate result: 0.252  (Index 65)[0m
Epoch 00066 | Time 0.0124s | L(tr) 1.0795 | A(tr) 0.5094 | L(val) 1.1025 | A(val) 0.2520 
[2026-04-20 12:47:16] [32mIntermediate result: 0.252  (Index 66)[0m
Epoch 00067 | Time 0.0111s | L(tr) 1.0785 | A(tr) 0.4906 | L(val) 1.1026 | A(val) 0.2520 
[2026-04-20 12:47:16] [32mIntermediate result: 0.252  (Index 67)[0m
Epoch 00068 | Time 0.0123s | L(tr) 1.0816 | A(tr) 0.5283 | L(val) 1.1026 | A(val) 0.2520 
[2026-04-20 12:47:16] [32mIntermediate result: 0.252  (Index 68)[0m
Epoch 00069 | Time 0.0118s | L(tr) 1.0802 | A(tr) 0.4717 | L(val) 1.1027 | A(val) 0.2520 
[2026-04-20 12:47:16] [32mIntermediate result: 0.252  (Index 69)[0m
Epoch 00070 | Time 0.0137s | L(tr) 1.0861 | A(tr) 0.4717 | L(val) 1.1027 | A(val) 0.2520 
[2026-04-20 12:47:16] [32mIntermediate result: 0.252  (Index 70)[0m
Epoch 00071 | Time 0.0140s | L(tr) 1.0785 | A(tr) 0.4906 | L(val) 1.1028 | A(val) 0.2520 
[2026-04-20 12:47:16] [32mIntermediate result: 0.252  (Index 71)[0m
Epoch 00072 | Time 0.0142s | L(tr) 1.0806 | A(tr) 0.5094 | L(val) 1.1028 | A(val) 0.2520 
[2026-04-20 12:47:16] [32mIntermediate result: 0.252  (Index 72)[0m
Epoch 00073 | Time 0.0140s | L(tr) 1.0788 | A(tr) 0.5472 | L(val) 1.1029 | A(val) 0.2520 
[2026-04-20 12:47:16] [32mIntermediate result: 0.25  (Index 73)[0m
Epoch 00074 | Time 0.0133s | L(tr) 1.0808 | A(tr) 0.4528 | L(val) 1.1030 | A(val) 0.2500 
[2026-04-20 12:47:16] [32mIntermediate result: 0.25  (Index 74)[0m
Epoch 00075 | Time 0.0114s | L(tr) 1.0778 | A(tr) 0.5094 | L(val) 1.1030 | A(val) 0.2500 
[2026-04-20 12:47:16] [32mIntermediate result: 0.25  (Index 75)[0m
Epoch 00076 | Time 0.0106s | L(tr) 1.0749 | A(tr) 0.4906 | L(val) 1.1031 | A(val) 0.2500 
[2026-04-20 12:47:16] [32mIntermediate result: 0.25  (Index 76)[0m
Epoch 00077 | Time 0.0090s | L(tr) 1.0760 | A(tr) 0.5094 | L(val) 1.1031 | A(val) 0.2500 
[2026-04-20 12:47:16] [32mIntermediate result: 0.25  (Index 77)[0m
Epoch 00078 | Time 0.0094s | L(tr) 1.0809 | A(tr) 0.4906 | L(val) 1.1032 | A(val) 0.2500 
[2026-04-20 12:47:16] [32mIntermediate result: 0.25  (Index 78)[0m
Epoch 00079 | Time 0.0123s | L(tr) 1.0774 | A(tr) 0.5283 | L(val) 1.1032 | A(val) 0.2500 
[2026-04-20 12:47:16] [32mIntermediate result: 0.25  (Index 79)[0m
Epoch 00080 | Time 0.0124s | L(tr) 1.0760 | A(tr) 0.4717 | L(val) 1.1033 | A(val) 0.2500 
[2026-04-20 12:47:16] [32mIntermediate result: 0.25  (Index 80)[0m
Epoch 00081 | Time 0.0131s | L(tr) 1.0793 | A(tr) 0.5094 | L(val) 1.1033 | A(val) 0.2500 
[2026-04-20 12:47:16] [32mIntermediate result: 0.25  (Index 81)[0m
Epoch 00082 | Time 0.0125s | L(tr) 1.0788 | A(tr) 0.4717 | L(val) 1.1034 | A(val) 0.2500 
[2026-04-20 12:47:16] [32mIntermediate result: 0.25  (Index 82)[0m
Epoch 00083 | Time 0.0121s | L(tr) 1.0756 | A(tr) 0.4906 | L(val) 1.1035 | A(val) 0.2500 
[2026-04-20 12:47:16] [32mIntermediate result: 0.25  (Index 83)[0m
Epoch 00084 | Time 0.0128s | L(tr) 1.0747 | A(tr) 0.5283 | L(val) 1.1035 | A(val) 0.2500 
[2026-04-20 12:47:16] [32mIntermediate result: 0.25  (Index 84)[0m
Epoch 00085 | Time 0.0105s | L(tr) 1.0727 | A(tr) 0.4906 | L(val) 1.1036 | A(val) 0.2500 
[2026-04-20 12:47:16] [32mIntermediate result: 0.25  (Index 85)[0m
Epoch 00086 | Time 0.0120s | L(tr) 1.0761 | A(tr) 0.4906 | L(val) 1.1036 | A(val) 0.2500 
[2026-04-20 12:47:16] [32mIntermediate result: 0.25  (Index 86)[0m
Epoch 00087 | Time 0.0110s | L(tr) 1.0732 | A(tr) 0.5472 | L(val) 1.1037 | A(val) 0.2500 
[2026-04-20 12:47:16] [32mIntermediate result: 0.25  (Index 87)[0m
Epoch 00088 | Time 0.0083s | L(tr) 1.0741 | A(tr) 0.4906 | L(val) 1.1037 | A(val) 0.2500 
[2026-04-20 12:47:16] [32mIntermediate result: 0.25  (Index 88)[0m
Epoch 00089 | Time 0.0119s | L(tr) 1.0751 | A(tr) 0.4717 | L(val) 1.1038 | A(val) 0.2500 
[2026-04-20 12:47:16] [32mIntermediate result: 0.25  (Index 89)[0m
Epoch 00090 | Time 0.0109s | L(tr) 1.0723 | A(tr) 0.5283 | L(val) 1.1038 | A(val) 0.2500 
[2026-04-20 12:47:16] [32mIntermediate result: 0.25  (Index 90)[0m
Epoch 00091 | Time 0.0084s | L(tr) 1.0707 | A(tr) 0.5094 | L(val) 1.1039 | A(val) 0.2500 
[2026-04-20 12:47:16] [32mIntermediate result: 0.25  (Index 91)[0m
Epoch 00092 | Time 0.0105s | L(tr) 1.0719 | A(tr) 0.4717 | L(val) 1.1040 | A(val) 0.2500 
[2026-04-20 12:47:16] [32mIntermediate result: 0.25  (Index 92)[0m
Epoch 00093 | Time 0.0107s | L(tr) 1.0713 | A(tr) 0.4717 | L(val) 1.1040 | A(val) 0.2500 
[2026-04-20 12:47:16] [32mIntermediate result: 0.25  (Index 93)[0m
Epoch 00094 | Time 0.0109s | L(tr) 1.0713 | A(tr) 0.4906 | L(val) 1.1041 | A(val) 0.2500 
[2026-04-20 12:47:16] [32mIntermediate result: 0.25  (Index 94)[0m
Epoch 00095 | Time 0.0092s | L(tr) 1.0711 | A(tr) 0.5283 | L(val) 1.1041 | A(val) 0.2500 
[2026-04-20 12:47:16] [32mIntermediate result: 0.25  (Index 95)[0m
Epoch 00096 | Time 0.0097s | L(tr) 1.0699 | A(tr) 0.4906 | L(val) 1.1042 | A(val) 0.2500 
[2026-04-20 12:47:16] [32mIntermediate result: 0.25  (Index 96)[0m
Epoch 00097 | Time 0.0096s | L(tr) 1.0743 | A(tr) 0.4906 | L(val) 1.1043 | A(val) 0.2500 
[2026-04-20 12:47:16] [32mIntermediate result: 0.25  (Index 97)[0m
Epoch 00098 | Time 0.0136s | L(tr) 1.0754 | A(tr) 0.4717 | L(val) 1.1043 | A(val) 0.2500 
[2026-04-20 12:47:16] [32mIntermediate result: 0.25  (Index 98)[0m
Epoch 00099 | Time 0.0116s | L(tr) 1.0669 | A(tr) 0.4717 | L(val) 1.1044 | A(val) 0.2500 
[2026-04-20 12:47:16] [32mIntermediate result: 0.25  (Index 99)[0m
Epoch 00100 | Time 0.0110s | L(tr) 1.0723 | A(tr) 0.4906 | L(val) 1.1044 | A(val) 0.2500 
[2026-04-20 12:47:16] [32mIntermediate result: 0.25  (Index 100)[0m
Epoch 00101 | Time 0.0105s | L(tr) 1.0684 | A(tr) 0.4717 | L(val) 1.1045 | A(val) 0.2500 
[2026-04-20 12:47:16] [32mIntermediate result: 0.25  (Index 101)[0m
Epoch 00102 | Time 0.0096s | L(tr) 1.0637 | A(tr) 0.5094 | L(val) 1.1046 | A(val) 0.2500 
[2026-04-20 12:47:16] [32mIntermediate result: 0.25  (Index 102)[0m
Epoch 00103 | Time 0.0120s | L(tr) 1.0720 | A(tr) 0.4528 | L(val) 1.1046 | A(val) 0.2500 
[2026-04-20 12:47:16] [32mIntermediate result: 0.25  (Index 103)[0m
Epoch 00104 | Time 0.0121s | L(tr) 1.0691 | A(tr) 0.4717 | L(val) 1.1047 | A(val) 0.2500 
[2026-04-20 12:47:16] [32mIntermediate result: 0.25  (Index 104)[0m
Epoch 00105 | Time 0.0107s | L(tr) 1.0669 | A(tr) 0.4906 | L(val) 1.1048 | A(val) 0.2500 
[2026-04-20 12:47:16] [32mIntermediate result: 0.25  (Index 105)[0m
Epoch 00106 | Time 0.0096s | L(tr) 1.0605 | A(tr) 0.5094 | L(val) 1.1048 | A(val) 0.2500 
[2026-04-20 12:47:16] [32mIntermediate result: 0.25  (Index 106)[0m
Epoch 00107 | Time 0.0102s | L(tr) 1.0688 | A(tr) 0.4717 | L(val) 1.1049 | A(val) 0.2500 
[2026-04-20 12:47:16] [32mIntermediate result: 0.25  (Index 107)[0m
Epoch 00108 | Time 0.0089s | L(tr) 1.0627 | A(tr) 0.4717 | L(val) 1.1050 | A(val) 0.2500 
[2026-04-20 12:47:16] [32mIntermediate result: 0.25  (Index 108)[0m
Epoch 00109 | Time 0.0096s | L(tr) 1.0677 | A(tr) 0.4906 | L(val) 1.1050 | A(val) 0.2500 
[2026-04-20 12:47:16] [32mIntermediate result: 0.25  (Index 109)[0m
Epoch 00110 | Time 0.0112s | L(tr) 1.0669 | A(tr) 0.5094 | L(val) 1.1051 | A(val) 0.2500 
[2026-04-20 12:47:16] [32mIntermediate result: 0.25  (Index 110)[0m
Epoch 00111 | Time 0.0106s | L(tr) 1.0661 | A(tr) 0.5283 | L(val) 1.1052 | A(val) 0.2500 
[2026-04-20 12:47:16] [32mIntermediate result: 0.25  (Index 111)[0m
Epoch 00112 | Time 0.0095s | L(tr) 1.0703 | A(tr) 0.4717 | L(val) 1.1052 | A(val) 0.2500 
[2026-04-20 12:47:16] [32mIntermediate result: 0.25  (Index 112)[0m
Epoch 00113 | Time 0.0096s | L(tr) 1.0646 | A(tr) 0.4717 | L(val) 1.1053 | A(val) 0.2500 
[2026-04-20 12:47:16] [32mIntermediate result: 0.25  (Index 113)[0m
Epoch 00114 | Time 0.0093s | L(tr) 1.0642 | A(tr) 0.4906 | L(val) 1.1054 | A(val) 0.2500 
[2026-04-20 12:47:16] [32mIntermediate result: 0.25  (Index 114)[0m
Epoch 00115 | Time 0.0123s | L(tr) 1.0638 | A(tr) 0.4717 | L(val) 1.1054 | A(val) 0.2500 
[2026-04-20 12:47:16] [32mIntermediate result: 0.25  (Index 115)[0m
Epoch 00116 | Time 0.0125s | L(tr) 1.0672 | A(tr) 0.4906 | L(val) 1.1055 | A(val) 0.2500 
[2026-04-20 12:47:16] [32mIntermediate result: 0.25  (Index 116)[0m
Epoch 00117 | Time 0.0114s | L(tr) 1.0625 | A(tr) 0.4906 | L(val) 1.1055 | A(val) 0.2500 
[2026-04-20 12:47:16] [32mIntermediate result: 0.25  (Index 117)[0m
Epoch 00118 | Time 0.0130s | L(tr) 1.0628 | A(tr) 0.4717 | L(val) 1.1056 | A(val) 0.2500 
[2026-04-20 12:47:16] [32mIntermediate result: 0.25  (Index 118)[0m
Epoch 00119 | Time 0.0143s | L(tr) 1.0579 | A(tr) 0.4906 | L(val) 1.1057 | A(val) 0.2500 
[2026-04-20 12:47:16] [32mIntermediate result: 0.25  (Index 119)[0m
Epoch 00120 | Time 0.0099s | L(tr) 1.0625 | A(tr) 0.4717 | L(val) 1.1058 | A(val) 0.2500 
[2026-04-20 12:47:16] [32mIntermediate result: 0.25  (Index 120)[0m
Epoch 00121 | Time 0.0110s | L(tr) 1.0598 | A(tr) 0.4717 | L(val) 1.1058 | A(val) 0.2500 
[2026-04-20 12:47:16] [32mIntermediate result: 0.25  (Index 121)[0m
Epoch 00122 | Time 0.0104s | L(tr) 1.0618 | A(tr) 0.4717 | L(val) 1.1059 | A(val) 0.2500 
[2026-04-20 12:47:16] [32mIntermediate result: 0.25  (Index 122)[0m
Epoch 00123 | Time 0.0081s | L(tr) 1.0615 | A(tr) 0.4717 | L(val) 1.1060 | A(val) 0.2500 
[2026-04-20 12:47:16] [32mIntermediate result: 0.25  (Index 123)[0m
Epoch 00124 | Time 0.0111s | L(tr) 1.0608 | A(tr) 0.4717 | L(val) 1.1060 | A(val) 0.2500 
[2026-04-20 12:47:16] [32mIntermediate result: 0.25  (Index 124)[0m
Epoch 00125 | Time 0.0105s | L(tr) 1.0566 | A(tr) 0.4717 | L(val) 1.1061 | A(val) 0.2500 
[2026-04-20 12:47:16] [32mIntermediate result: 0.25  (Index 125)[0m
Epoch 00126 | Time 0.0089s | L(tr) 1.0596 | A(tr) 0.4906 | L(val) 1.1062 | A(val) 0.2500 
[2026-04-20 12:47:16] [32mIntermediate result: 0.25  (Index 126)[0m
Epoch 00127 | Time 0.0120s | L(tr) 1.0556 | A(tr) 0.4717 | L(val) 1.1062 | A(val) 0.2500 
[2026-04-20 12:47:16] [32mIntermediate result: 0.25  (Index 127)[0m
Epoch 00128 | Time 0.0114s | L(tr) 1.0659 | A(tr) 0.5094 | L(val) 1.1063 | A(val) 0.2500 
[2026-04-20 12:47:16] [32mIntermediate result: 0.25  (Index 128)[0m
Epoch 00129 | Time 0.0108s | L(tr) 1.0617 | A(tr) 0.4528 | L(val) 1.1064 | A(val) 0.2500 
[2026-04-20 12:47:16] [32mIntermediate result: 0.25  (Index 129)[0m
Epoch 00130 | Time 0.0105s | L(tr) 1.0617 | A(tr) 0.4717 | L(val) 1.1064 | A(val) 0.2500 
[2026-04-20 12:47:16] [32mIntermediate result: 0.25  (Index 130)[0m
Epoch 00131 | Time 0.0103s | L(tr) 1.0603 | A(tr) 0.4717 | L(val) 1.1065 | A(val) 0.2500 
[2026-04-20 12:47:16] [32mIntermediate result: 0.25  (Index 131)[0m
Epoch 00132 | Time 0.0089s | L(tr) 1.0583 | A(tr) 0.4717 | L(val) 1.1066 | A(val) 0.2500 
[2026-04-20 12:47:16] [32mIntermediate result: 0.25  (Index 132)[0m
Epoch 00133 | Time 0.0118s | L(tr) 1.0577 | A(tr) 0.4906 | L(val) 1.1067 | A(val) 0.2500 
[2026-04-20 12:47:16] [32mIntermediate result: 0.25  (Index 133)[0m
Epoch 00134 | Time 0.0115s | L(tr) 1.0558 | A(tr) 0.4906 | L(val) 1.1067 | A(val) 0.2500 
[2026-04-20 12:47:17] [32mIntermediate result: 0.25  (Index 134)[0m
Epoch 00135 | Time 0.0115s | L(tr) 1.0579 | A(tr) 0.4717 | L(val) 1.1068 | A(val) 0.2500 
[2026-04-20 12:47:17] [32mIntermediate result: 0.25  (Index 135)[0m
Epoch 00136 | Time 0.0110s | L(tr) 1.0553 | A(tr) 0.5283 | L(val) 1.1069 | A(val) 0.2500 
[2026-04-20 12:47:17] [32mIntermediate result: 0.25  (Index 136)[0m
Epoch 00137 | Time 0.0111s | L(tr) 1.0619 | A(tr) 0.4717 | L(val) 1.1069 | A(val) 0.2500 
[2026-04-20 12:47:17] [32mIntermediate result: 0.25  (Index 137)[0m
Epoch 00138 | Time 0.0100s | L(tr) 1.0649 | A(tr) 0.4717 | L(val) 1.1070 | A(val) 0.2500 
[2026-04-20 12:47:17] [32mIntermediate result: 0.25  (Index 138)[0m
Epoch 00139 | Time 0.0107s | L(tr) 1.0573 | A(tr) 0.5094 | L(val) 1.1071 | A(val) 0.2500 
[2026-04-20 12:47:17] [32mIntermediate result: 0.25  (Index 139)[0m
Epoch 00140 | Time 0.0111s | L(tr) 1.0507 | A(tr) 0.4906 | L(val) 1.1071 | A(val) 0.2500 
[2026-04-20 12:47:17] [32mIntermediate result: 0.25  (Index 140)[0m
Epoch 00141 | Time 0.0116s | L(tr) 1.0539 | A(tr) 0.4906 | L(val) 1.1072 | A(val) 0.2500 
[2026-04-20 12:47:17] [32mIntermediate result: 0.25  (Index 141)[0m
Epoch 00142 | Time 0.0113s | L(tr) 1.0508 | A(tr) 0.4717 | L(val) 1.1073 | A(val) 0.2500 
[2026-04-20 12:47:17] [32mIntermediate result: 0.25  (Index 142)[0m
Epoch 00143 | Time 0.0110s | L(tr) 1.0597 | A(tr) 0.4906 | L(val) 1.1073 | A(val) 0.2500 
[2026-04-20 12:47:17] [32mIntermediate result: 0.25  (Index 143)[0m
Epoch 00144 | Time 0.0089s | L(tr) 1.0562 | A(tr) 0.4717 | L(val) 1.1074 | A(val) 0.2500 
[2026-04-20 12:47:17] [32mIntermediate result: 0.25  (Index 144)[0m
Epoch 00145 | Time 0.0083s | L(tr) 1.0540 | A(tr) 0.4906 | L(val) 1.1075 | A(val) 0.2500 
[2026-04-20 12:47:17] [32mIntermediate result: 0.25  (Index 145)[0m
Epoch 00146 | Time 0.0081s | L(tr) 1.0543 | A(tr) 0.4717 | L(val) 1.1076 | A(val) 0.2500 
[2026-04-20 12:47:17] [32mIntermediate result: 0.25  (Index 146)[0m
Epoch 00147 | Time 0.0089s | L(tr) 1.0533 | A(tr) 0.5094 | L(val) 1.1076 | A(val) 0.2500 
[2026-04-20 12:47:17] [32mIntermediate result: 0.25  (Index 147)[0m
Epoch 00148 | Time 0.0098s | L(tr) 1.0528 | A(tr) 0.4717 | L(val) 1.1077 | A(val) 0.2500 
[2026-04-20 12:47:17] [32mIntermediate result: 0.25  (Index 148)[0m
Epoch 00149 | Time 0.0113s | L(tr) 1.0506 | A(tr) 0.4717 | L(val) 1.1078 | A(val) 0.2500 
[2026-04-20 12:47:17] [32mIntermediate result: 0.25  (Index 149)[0m
Epoch 00150 | Time 0.0089s | L(tr) 1.0525 | A(tr) 0.4906 | L(val) 1.1078 | A(val) 0.2500 
[2026-04-20 12:47:17] [32mIntermediate result: 0.25  (Index 150)[0m
Epoch 00151 | Time 0.0106s | L(tr) 1.0572 | A(tr) 0.4717 | L(val) 1.1079 | A(val) 0.2500 
[2026-04-20 12:47:17] [32mIntermediate result: 0.25  (Index 151)[0m
Epoch 00152 | Time 0.0100s | L(tr) 1.0512 | A(tr) 0.4906 | L(val) 1.1080 | A(val) 0.2500 
[2026-04-20 12:47:17] [32mIntermediate result: 0.25  (Index 152)[0m
Epoch 00153 | Time 0.0100s | L(tr) 1.0472 | A(tr) 0.5094 | L(val) 1.1080 | A(val) 0.2500 
[2026-04-20 12:47:17] [32mIntermediate result: 0.25  (Index 153)[0m
Epoch 00154 | Time 0.0092s | L(tr) 1.0439 | A(tr) 0.4717 | L(val) 1.1081 | A(val) 0.2500 
[2026-04-20 12:47:17] [32mIntermediate result: 0.25  (Index 154)[0m
Epoch 00155 | Time 0.0090s | L(tr) 1.0486 | A(tr) 0.4906 | L(val) 1.1082 | A(val) 0.2500 
[2026-04-20 12:47:17] [32mIntermediate result: 0.25  (Index 155)[0m
Epoch 00156 | Time 0.0085s | L(tr) 1.0468 | A(tr) 0.4717 | L(val) 1.1083 | A(val) 0.2500 
[2026-04-20 12:47:17] [32mIntermediate result: 0.25  (Index 156)[0m
Epoch 00157 | Time 0.0101s | L(tr) 1.0484 | A(tr) 0.4717 | L(val) 1.1083 | A(val) 0.2500 
[2026-04-20 12:47:17] [32mIntermediate result: 0.25  (Index 157)[0m
Epoch 00158 | Time 0.0084s | L(tr) 1.0501 | A(tr) 0.4717 | L(val) 1.1084 | A(val) 0.2500 
[2026-04-20 12:47:17] [32mIntermediate result: 0.25  (Index 158)[0m
Epoch 00159 | Time 0.0102s | L(tr) 1.0543 | A(tr) 0.4717 | L(val) 1.1085 | A(val) 0.2500 
[2026-04-20 12:47:17] [32mIntermediate result: 0.25  (Index 159)[0m
Epoch 00160 | Time 0.0121s | L(tr) 1.0490 | A(tr) 0.4717 | L(val) 1.1085 | A(val) 0.2500 
[2026-04-20 12:47:17] [32mIntermediate result: 0.25  (Index 160)[0m
Epoch 00161 | Time 0.0106s | L(tr) 1.0583 | A(tr) 0.4717 | L(val) 1.1086 | A(val) 0.2500 
[2026-04-20 12:47:17] [32mIntermediate result: 0.25  (Index 161)[0m
Epoch 00162 | Time 0.0124s | L(tr) 1.0417 | A(tr) 0.4906 | L(val) 1.1087 | A(val) 0.2500 
[2026-04-20 12:47:17] [32mIntermediate result: 0.25  (Index 162)[0m
Epoch 00163 | Time 0.0118s | L(tr) 1.0403 | A(tr) 0.4906 | L(val) 1.1087 | A(val) 0.2500 
[2026-04-20 12:47:17] [32mIntermediate result: 0.25  (Index 163)[0m
Epoch 00164 | Time 0.0113s | L(tr) 1.0469 | A(tr) 0.4906 | L(val) 1.1088 | A(val) 0.2500 
[2026-04-20 12:47:17] [32mIntermediate result: 0.25  (Index 164)[0m
Epoch 00165 | Time 0.0106s | L(tr) 1.0522 | A(tr) 0.4717 | L(val) 1.1089 | A(val) 0.2500 
[2026-04-20 12:47:17] [32mIntermediate result: 0.25  (Index 165)[0m
Epoch 00166 | Time 0.0114s | L(tr) 1.0527 | A(tr) 0.4906 | L(val) 1.1089 | A(val) 0.2500 
[2026-04-20 12:47:17] [32mIntermediate result: 0.25  (Index 166)[0m
Epoch 00167 | Time 0.0119s | L(tr) 1.0433 | A(tr) 0.4717 | L(val) 1.1090 | A(val) 0.2500 
[2026-04-20 12:47:17] [32mIntermediate result: 0.25  (Index 167)[0m
Epoch 00168 | Time 0.0106s | L(tr) 1.0465 | A(tr) 0.4906 | L(val) 1.1091 | A(val) 0.2500 
[2026-04-20 12:47:17] [32mIntermediate result: 0.25  (Index 168)[0m
Epoch 00169 | Time 0.0105s | L(tr) 1.0477 | A(tr) 0.4717 | L(val) 1.1091 | A(val) 0.2500 
[2026-04-20 12:47:17] [32mIntermediate result: 0.25  (Index 169)[0m
Epoch 00170 | Time 0.0112s | L(tr) 1.0455 | A(tr) 0.4717 | L(val) 1.1092 | A(val) 0.2500 
[2026-04-20 12:47:17] [32mIntermediate result: 0.25  (Index 170)[0m
Epoch 00171 | Time 0.0124s | L(tr) 1.0363 | A(tr) 0.4717 | L(val) 1.1093 | A(val) 0.2500 
[2026-04-20 12:47:17] [32mIntermediate result: 0.25  (Index 171)[0m
Epoch 00172 | Time 0.0107s | L(tr) 1.0407 | A(tr) 0.4906 | L(val) 1.1093 | A(val) 0.2500 
[2026-04-20 12:47:17] [32mIntermediate result: 0.25  (Index 172)[0m
Epoch 00173 | Time 0.0100s | L(tr) 1.0453 | A(tr) 0.5094 | L(val) 1.1094 | A(val) 0.2500 
[2026-04-20 12:47:17] [32mIntermediate result: 0.25  (Index 173)[0m
Epoch 00174 | Time 0.0117s | L(tr) 1.0472 | A(tr) 0.4717 | L(val) 1.1095 | A(val) 0.2500 
[2026-04-20 12:47:17] [32mIntermediate result: 0.25  (Index 174)[0m
Epoch 00175 | Time 0.0107s | L(tr) 1.0396 | A(tr) 0.5094 | L(val) 1.1095 | A(val) 0.2500 
[2026-04-20 12:47:17] [32mIntermediate result: 0.25  (Index 175)[0m
Epoch 00176 | Time 0.0114s | L(tr) 1.0370 | A(tr) 0.4906 | L(val) 1.1096 | A(val) 0.2500 
[2026-04-20 12:47:17] [32mIntermediate result: 0.25  (Index 176)[0m
Epoch 00177 | Time 0.0124s | L(tr) 1.0404 | A(tr) 0.4906 | L(val) 1.1097 | A(val) 0.2500 
[2026-04-20 12:47:17] [32mIntermediate result: 0.25  (Index 177)[0m
Epoch 00178 | Time 0.0118s | L(tr) 1.0387 | A(tr) 0.4906 | L(val) 1.1097 | A(val) 0.2500 
[2026-04-20 12:47:17] [32mIntermediate result: 0.25  (Index 178)[0m
Epoch 00179 | Time 0.0111s | L(tr) 1.0413 | A(tr) 0.4717 | L(val) 1.1098 | A(val) 0.2500 
[2026-04-20 12:47:17] [32mIntermediate result: 0.25  (Index 179)[0m
Epoch 00180 | Time 0.0117s | L(tr) 1.0348 | A(tr) 0.4717 | L(val) 1.1099 | A(val) 0.2500 
[2026-04-20 12:47:17] [32mIntermediate result: 0.25  (Index 180)[0m
Epoch 00181 | Time 0.0101s | L(tr) 1.0322 | A(tr) 0.4906 | L(val) 1.1100 | A(val) 0.2500 
[2026-04-20 12:47:17] [32mIntermediate result: 0.25  (Index 181)[0m
Epoch 00182 | Time 0.0121s | L(tr) 1.0388 | A(tr) 0.5094 | L(val) 1.1100 | A(val) 0.2500 
[2026-04-20 12:47:17] [32mIntermediate result: 0.25  (Index 182)[0m
Epoch 00183 | Time 0.0116s | L(tr) 1.0438 | A(tr) 0.4717 | L(val) 1.1101 | A(val) 0.2500 
[2026-04-20 12:47:17] [32mIntermediate result: 0.25  (Index 183)[0m
Epoch 00184 | Time 0.0097s | L(tr) 1.0382 | A(tr) 0.4906 | L(val) 1.1102 | A(val) 0.2500 
[2026-04-20 12:47:17] [32mIntermediate result: 0.25  (Index 184)[0m
Epoch 00185 | Time 0.0107s | L(tr) 1.0418 | A(tr) 0.4717 | L(val) 1.1102 | A(val) 0.2500 
[2026-04-20 12:47:17] [32mIntermediate result: 0.25  (Index 185)[0m
Epoch 00186 | Time 0.0132s | L(tr) 1.0326 | A(tr) 0.5094 | L(val) 1.1103 | A(val) 0.2500 
[2026-04-20 12:47:17] [32mIntermediate result: 0.25  (Index 186)[0m
Epoch 00187 | Time 0.0091s | L(tr) 1.0340 | A(tr) 0.4717 | L(val) 1.1104 | A(val) 0.2500 
[2026-04-20 12:47:17] [32mIntermediate result: 0.25  (Index 187)[0m
Epoch 00188 | Time 0.0115s | L(tr) 1.0416 | A(tr) 0.4717 | L(val) 1.1105 | A(val) 0.2500 
[2026-04-20 12:47:17] [32mIntermediate result: 0.25  (Index 188)[0m
Epoch 00189 | Time 0.0123s | L(tr) 1.0312 | A(tr) 0.4906 | L(val) 1.1105 | A(val) 0.2500 
[2026-04-20 12:47:17] [32mIntermediate result: 0.25  (Index 189)[0m
Epoch 00190 | Time 0.0125s | L(tr) 1.0322 | A(tr) 0.4906 | L(val) 1.1106 | A(val) 0.2500 
[2026-04-20 12:47:17] [32mIntermediate result: 0.25  (Index 190)[0m
Epoch 00191 | Time 0.0096s | L(tr) 1.0340 | A(tr) 0.4717 | L(val) 1.1107 | A(val) 0.2500 
[2026-04-20 12:47:17] [32mIntermediate result: 0.25  (Index 191)[0m
Epoch 00192 | Time 0.0108s | L(tr) 1.0318 | A(tr) 0.4906 | L(val) 1.1108 | A(val) 0.2500 
[2026-04-20 12:47:17] [32mIntermediate result: 0.25  (Index 192)[0m
Epoch 00193 | Time 0.0106s | L(tr) 1.0289 | A(tr) 0.4906 | L(val) 1.1108 | A(val) 0.2500 
[2026-04-20 12:47:17] [32mIntermediate result: 0.25  (Index 193)[0m
Epoch 00194 | Time 0.0111s | L(tr) 1.0349 | A(tr) 0.4906 | L(val) 1.1109 | A(val) 0.2500 
[2026-04-20 12:47:17] [32mIntermediate result: 0.25  (Index 194)[0m
Epoch 00195 | Time 0.0109s | L(tr) 1.0292 | A(tr) 0.4906 | L(val) 1.1110 | A(val) 0.2500 
[2026-04-20 12:47:17] [32mIntermediate result: 0.25  (Index 195)[0m
Epoch 00196 | Time 0.0106s | L(tr) 1.0337 | A(tr) 0.4717 | L(val) 1.1111 | A(val) 0.2500 
[2026-04-20 12:47:17] [32mIntermediate result: 0.25  (Index 196)[0m
Epoch 00197 | Time 0.0093s | L(tr) 1.0276 | A(tr) 0.4717 | L(val) 1.1112 | A(val) 0.2500 
[2026-04-20 12:47:17] [32mIntermediate result: 0.25  (Index 197)[0m
Epoch 00198 | Time 0.0115s | L(tr) 1.0314 | A(tr) 0.4717 | L(val) 1.1113 | A(val) 0.2500 
[2026-04-20 12:47:17] [32mIntermediate result: 0.25  (Index 198)[0m
Epoch 00199 | Time 0.0116s | L(tr) 1.0319 | A(tr) 0.4906 | L(val) 1.1113 | A(val) 0.2500 
[2026-04-20 12:47:17] [32mIntermediate result: 0.25  (Index 199)[0m
Epoch 00200 | Time 0.0123s | L(tr) 1.0304 | A(tr) 0.4906 | L(val) 1.1114 | A(val) 0.2500 
FINAL_RESULT: {'train': 0.16981132075471697, 'valid': 0.3, 'test': 0.284}
