Namespace(dataset='dblp', method='lnpcc', noise_type='pair', noise_rate=0.5, device='cuda:0', seed=3000, params_json='{"knn_mode": "s", "dexp": 9.79905014327584, "p_grd": 0.06192349354040189, "unc_rem": 0.8421738235381958, "unc_rel": 0.6321127002791994, "dropout": 0.8192925939523165, "n_hidden": 64, "n_layer": 2, "lr": 0.001, "weight_decay": 0.1, "k": 40}')
----Data statistics------'
                Name: dblp
                #Nodes 17716
                #Edges 52867
                #Classes 4
                #Ave_degree 5.97
----Split statistics------'
                #Train samples 177 (1.0 % of nodes)
                #Val samples 2657 (15.0 % of nodes)
                #Test samples 14882 (remaining)
Current device: cpu
[Params] Overriding from --params_json: {'knn_mode': 's', 'dexp': 9.79905014327584, 'p_grd': 0.06192349354040189, 'unc_rem': 0.8421738235381958, 'unc_rel': 0.6321127002791994, 'dropout': 0.8192925939523165, 'n_hidden': 64, 'n_layer': 2, 'lr': 0.001, 'weight_decay': 0.1, 'k': 40}
----label noise information:------
Pair noise
#Actual noise rate 0.49 
[2026-04-20 12:48:03] [32mIntermediate result: 0.23823861497929996  (Index 0)[0m
Epoch 00001 | Time 0.3175s | L(tr) 1.3943 | A(tr) 0.2312 | L(val) 1.3885 | A(val) 0.2382 *
[2026-04-20 12:48:03] [32mIntermediate result: 0.27060594655626646  (Index 1)[0m
Epoch 00002 | Time 0.0799s | L(tr) 1.3910 | A(tr) 0.1965 | L(val) 1.3872 | A(val) 0.2706 *
[2026-04-20 12:48:04] [32mIntermediate result: 0.2860368837034249  (Index 2)[0m
Epoch 00003 | Time 0.0658s | L(tr) 1.3913 | A(tr) 0.2370 | L(val) 1.3860 | A(val) 0.2860 *
[2026-04-20 12:48:04] [32mIntermediate result: 0.29808054196462175  (Index 3)[0m
Epoch 00004 | Time 0.0853s | L(tr) 1.3903 | A(tr) 0.2370 | L(val) 1.3847 | A(val) 0.2981 *
[2026-04-20 12:48:04] [32mIntermediate result: 0.3097478359051562  (Index 4)[0m
Epoch 00005 | Time 0.0102s | L(tr) 1.3879 | A(tr) 0.2254 | L(val) 1.3835 | A(val) 0.3097 *
[2026-04-20 12:48:04] [32mIntermediate result: 0.3172751223184042  (Index 5)[0m
Epoch 00006 | Time 0.0087s | L(tr) 1.3784 | A(tr) 0.3353 | L(val) 1.3824 | A(val) 0.3173 *
[2026-04-20 12:48:04] [32mIntermediate result: 0.3225442228076778  (Index 6)[0m
Epoch 00007 | Time 0.0088s | L(tr) 1.3785 | A(tr) 0.2948 | L(val) 1.3812 | A(val) 0.3225 *
[2026-04-20 12:48:04] [32mIntermediate result: 0.3240496800903274  (Index 7)[0m
Epoch 00008 | Time 0.0084s | L(tr) 1.3786 | A(tr) 0.3295 | L(val) 1.3800 | A(val) 0.3240 *
[2026-04-20 12:48:04] [32mIntermediate result: 0.32743695897628905  (Index 8)[0m
Epoch 00009 | Time 0.0107s | L(tr) 1.3748 | A(tr) 0.3064 | L(val) 1.3789 | A(val) 0.3274 *
[2026-04-20 12:48:04] [32mIntermediate result: 0.3304478735415883  (Index 9)[0m
Epoch 00010 | Time 0.0096s | L(tr) 1.3707 | A(tr) 0.3699 | L(val) 1.3777 | A(val) 0.3304 *
[2026-04-20 12:48:04] [32mIntermediate result: 0.33496424538953706  (Index 10)[0m
Epoch 00011 | Time 0.0086s | L(tr) 1.3701 | A(tr) 0.3642 | L(val) 1.3766 | A(val) 0.3350 *
[2026-04-20 12:48:04] [32mIntermediate result: 0.3383515242754987  (Index 11)[0m
Epoch 00012 | Time 0.0107s | L(tr) 1.3681 | A(tr) 0.3988 | L(val) 1.3755 | A(val) 0.3384 *
[2026-04-20 12:48:04] [32mIntermediate result: 0.3458788106887467  (Index 12)[0m
Epoch 00013 | Time 0.0145s | L(tr) 1.3659 | A(tr) 0.3873 | L(val) 1.3744 | A(val) 0.3459 *
[2026-04-20 12:48:04] [32mIntermediate result: 0.34926608957470834  (Index 13)[0m
Epoch 00014 | Time 0.0140s | L(tr) 1.3627 | A(tr) 0.4566 | L(val) 1.3733 | A(val) 0.3493 *
[2026-04-20 12:48:04] [32mIntermediate result: 0.35792246894994356  (Index 14)[0m
Epoch 00015 | Time 0.0124s | L(tr) 1.3602 | A(tr) 0.4046 | L(val) 1.3722 | A(val) 0.3579 *
[2026-04-20 12:48:04] [32mIntermediate result: 0.36469702672186677  (Index 15)[0m
Epoch 00016 | Time 0.0135s | L(tr) 1.3608 | A(tr) 0.4682 | L(val) 1.3711 | A(val) 0.3647 *
[2026-04-20 12:48:04] [32mIntermediate result: 0.373353406097102  (Index 16)[0m
Epoch 00017 | Time 0.0149s | L(tr) 1.3516 | A(tr) 0.5549 | L(val) 1.3700 | A(val) 0.3734 *
[2026-04-20 12:48:04] [32mIntermediate result: 0.3786225065863756  (Index 17)[0m
Epoch 00018 | Time 0.0154s | L(tr) 1.3523 | A(tr) 0.4740 | L(val) 1.3689 | A(val) 0.3786 *
[2026-04-20 12:48:04] [32mIntermediate result: 0.38464433571697404  (Index 18)[0m
Epoch 00019 | Time 0.0166s | L(tr) 1.3478 | A(tr) 0.5954 | L(val) 1.3678 | A(val) 0.3846 *
[2026-04-20 12:48:04] [32mIntermediate result: 0.38614979299962365  (Index 19)[0m
Epoch 00020 | Time 0.0128s | L(tr) 1.3528 | A(tr) 0.4971 | L(val) 1.3667 | A(val) 0.3861 *
[2026-04-20 12:48:04] [32mIntermediate result: 0.3891607075649228  (Index 20)[0m
Epoch 00021 | Time 0.0123s | L(tr) 1.3462 | A(tr) 0.5780 | L(val) 1.3656 | A(val) 0.3892 *
[2026-04-20 12:48:04] [32mIntermediate result: 0.39254798645088446  (Index 21)[0m
Epoch 00022 | Time 0.0147s | L(tr) 1.3433 | A(tr) 0.6012 | L(val) 1.3645 | A(val) 0.3925 *
[2026-04-20 12:48:04] [32mIntermediate result: 0.3955589010161837  (Index 22)[0m
Epoch 00023 | Time 0.0139s | L(tr) 1.3397 | A(tr) 0.5838 | L(val) 1.3635 | A(val) 0.3956 *
[2026-04-20 12:48:04] [32mIntermediate result: 0.3970643582988333  (Index 23)[0m
Epoch 00024 | Time 0.0133s | L(tr) 1.3438 | A(tr) 0.5202 | L(val) 1.3624 | A(val) 0.3971 *
[2026-04-20 12:48:04] [32mIntermediate result: 0.4034625517500941  (Index 24)[0m
Epoch 00025 | Time 0.0133s | L(tr) 1.3379 | A(tr) 0.6532 | L(val) 1.3613 | A(val) 0.4035 *
[2026-04-20 12:48:04] [32mIntermediate result: 0.4087316522393677  (Index 25)[0m
Epoch 00026 | Time 0.0151s | L(tr) 1.3338 | A(tr) 0.6416 | L(val) 1.3603 | A(val) 0.4087 *
[2026-04-20 12:48:04] [32mIntermediate result: 0.4012043658261197  (Index 26)[0m
Epoch 00027 | Time 0.0142s | L(tr) 1.3307 | A(tr) 0.6416 | L(val) 1.3592 | A(val) 0.4012 
[2026-04-20 12:48:04] [32mIntermediate result: 0.4042152803914189  (Index 27)[0m
Epoch 00028 | Time 0.0099s | L(tr) 1.3297 | A(tr) 0.6474 | L(val) 1.3582 | A(val) 0.4042 
[2026-04-20 12:48:04] [32mIntermediate result: 0.4053443733534061  (Index 28)[0m
Epoch 00029 | Time 0.0100s | L(tr) 1.3289 | A(tr) 0.6416 | L(val) 1.3571 | A(val) 0.4053 
[2026-04-20 12:48:04] [32mIntermediate result: 0.4079789235980429  (Index 29)[0m
Epoch 00030 | Time 0.0085s | L(tr) 1.3262 | A(tr) 0.6301 | L(val) 1.3561 | A(val) 0.4080 
[2026-04-20 12:48:04] [32mIntermediate result: 0.4094843808806925  (Index 30)[0m
Epoch 00031 | Time 0.0113s | L(tr) 1.3275 | A(tr) 0.6185 | L(val) 1.3550 | A(val) 0.4095 *
[2026-04-20 12:48:04] [32mIntermediate result: 0.4098607452013549  (Index 31)[0m
Epoch 00032 | Time 0.0116s | L(tr) 1.3222 | A(tr) 0.6705 | L(val) 1.3540 | A(val) 0.4099 *
[2026-04-20 12:48:04] [32mIntermediate result: 0.4094843808806925  (Index 32)[0m
Epoch 00033 | Time 0.0087s | L(tr) 1.3177 | A(tr) 0.6705 | L(val) 1.3530 | A(val) 0.4095 
[2026-04-20 12:48:04] [32mIntermediate result: 0.4087316522393677  (Index 33)[0m
Epoch 00034 | Time 0.0095s | L(tr) 1.3178 | A(tr) 0.6590 | L(val) 1.3520 | A(val) 0.4087 
[2026-04-20 12:48:04] [32mIntermediate result: 0.4113662024840045  (Index 34)[0m
Epoch 00035 | Time 0.0084s | L(tr) 1.3210 | A(tr) 0.6069 | L(val) 1.3510 | A(val) 0.4114 *
[2026-04-20 12:48:04] [32mIntermediate result: 0.4121189311253293  (Index 35)[0m
Epoch 00036 | Time 0.0098s | L(tr) 1.3130 | A(tr) 0.6590 | L(val) 1.3501 | A(val) 0.4121 *
[2026-04-20 12:48:04] [32mIntermediate result: 0.4113662024840045  (Index 36)[0m
Epoch 00037 | Time 0.0087s | L(tr) 1.3175 | A(tr) 0.6243 | L(val) 1.3492 | A(val) 0.4114 
[2026-04-20 12:48:04] [32mIntermediate result: 0.4102371095220173  (Index 37)[0m
Epoch 00038 | Time 0.0094s | L(tr) 1.3120 | A(tr) 0.6705 | L(val) 1.3483 | A(val) 0.4102 
[2026-04-20 12:48:04] [32mIntermediate result: 0.4109898381633421  (Index 38)[0m
Epoch 00039 | Time 0.0135s | L(tr) 1.3151 | A(tr) 0.6474 | L(val) 1.3474 | A(val) 0.4110 
[2026-04-20 12:48:04] [32mIntermediate result: 0.4098607452013549  (Index 39)[0m
Epoch 00040 | Time 0.0135s | L(tr) 1.3062 | A(tr) 0.7168 | L(val) 1.3466 | A(val) 0.4099 
[2026-04-20 12:48:04] [32mIntermediate result: 0.4121189311253293  (Index 40)[0m
Epoch 00041 | Time 0.0122s | L(tr) 1.3020 | A(tr) 0.6936 | L(val) 1.3458 | A(val) 0.4121 
[2026-04-20 12:48:04] [32mIntermediate result: 0.4106134738426797  (Index 41)[0m
Epoch 00042 | Time 0.0118s | L(tr) 1.3075 | A(tr) 0.6532 | L(val) 1.3450 | A(val) 0.4106 
[2026-04-20 12:48:04] [32mIntermediate result: 0.4124952954459917  (Index 42)[0m
Epoch 00043 | Time 0.0128s | L(tr) 1.3064 | A(tr) 0.6301 | L(val) 1.3443 | A(val) 0.4125 *
[2026-04-20 12:48:04] [32mIntermediate result: 0.4106134738426797  (Index 43)[0m
Epoch 00044 | Time 0.0109s | L(tr) 1.3012 | A(tr) 0.6936 | L(val) 1.3435 | A(val) 0.4106 
[2026-04-20 12:48:04] [32mIntermediate result: 0.4124952954459917  (Index 44)[0m
Epoch 00045 | Time 0.0115s | L(tr) 1.2988 | A(tr) 0.6474 | L(val) 1.3428 | A(val) 0.4125 
[2026-04-20 12:48:04] [32mIntermediate result: 0.41437711704930374  (Index 45)[0m
Epoch 00046 | Time 0.0097s | L(tr) 1.2998 | A(tr) 0.6647 | L(val) 1.3422 | A(val) 0.4144 *
[2026-04-20 12:48:04] [32mIntermediate result: 0.41324802408731653  (Index 46)[0m
Epoch 00047 | Time 0.0133s | L(tr) 1.3025 | A(tr) 0.6301 | L(val) 1.3415 | A(val) 0.4132 
[2026-04-20 12:48:04] [32mIntermediate result: 0.41437711704930374  (Index 47)[0m
Epoch 00048 | Time 0.0148s | L(tr) 1.2938 | A(tr) 0.7225 | L(val) 1.3408 | A(val) 0.4144 
[2026-04-20 12:48:04] [32mIntermediate result: 0.41437711704930374  (Index 48)[0m
Epoch 00049 | Time 0.0136s | L(tr) 1.2972 | A(tr) 0.6821 | L(val) 1.3402 | A(val) 0.4144 
[2026-04-20 12:48:04] [32mIntermediate result: 0.4124952954459917  (Index 49)[0m
Epoch 00050 | Time 0.0133s | L(tr) 1.2945 | A(tr) 0.6936 | L(val) 1.3395 | A(val) 0.4125 
[2026-04-20 12:48:04] [32mIntermediate result: 0.4106134738426797  (Index 50)[0m
Epoch 00051 | Time 0.0129s | L(tr) 1.2937 | A(tr) 0.6879 | L(val) 1.3389 | A(val) 0.4106 
[2026-04-20 12:48:04] [32mIntermediate result: 0.4102371095220173  (Index 51)[0m
Epoch 00052 | Time 0.0110s | L(tr) 1.2887 | A(tr) 0.6936 | L(val) 1.3383 | A(val) 0.4102 
[2026-04-20 12:48:04] [32mIntermediate result: 0.4094843808806925  (Index 52)[0m
Epoch 00053 | Time 0.0126s | L(tr) 1.2871 | A(tr) 0.6994 | L(val) 1.3378 | A(val) 0.4095 
[2026-04-20 12:48:04] [32mIntermediate result: 0.4083552879187053  (Index 53)[0m
Epoch 00054 | Time 0.0124s | L(tr) 1.2886 | A(tr) 0.6590 | L(val) 1.3372 | A(val) 0.4084 
[2026-04-20 12:48:04] [32mIntermediate result: 0.4109898381633421  (Index 54)[0m
Epoch 00055 | Time 0.0116s | L(tr) 1.2837 | A(tr) 0.6705 | L(val) 1.3366 | A(val) 0.4110 
[2026-04-20 12:48:04] [32mIntermediate result: 0.4106134738426797  (Index 55)[0m
Epoch 00056 | Time 0.0125s | L(tr) 1.2857 | A(tr) 0.6763 | L(val) 1.3361 | A(val) 0.4106 
[2026-04-20 12:48:04] [32mIntermediate result: 0.4109898381633421  (Index 56)[0m
Epoch 00057 | Time 0.0148s | L(tr) 1.2887 | A(tr) 0.6416 | L(val) 1.3355 | A(val) 0.4110 
[2026-04-20 12:48:04] [32mIntermediate result: 0.4121189311253293  (Index 57)[0m
Epoch 00058 | Time 0.0141s | L(tr) 1.2834 | A(tr) 0.6647 | L(val) 1.3350 | A(val) 0.4121 
[2026-04-20 12:48:04] [32mIntermediate result: 0.41437711704930374  (Index 58)[0m
Epoch 00059 | Time 0.0092s | L(tr) 1.2855 | A(tr) 0.6705 | L(val) 1.3345 | A(val) 0.4144 
[2026-04-20 12:48:04] [32mIntermediate result: 0.41588257433195336  (Index 59)[0m
Epoch 00060 | Time 0.0106s | L(tr) 1.2789 | A(tr) 0.6416 | L(val) 1.3340 | A(val) 0.4159 *
[2026-04-20 12:48:04] [32mIntermediate result: 0.4166353029732781  (Index 60)[0m
Epoch 00061 | Time 0.0103s | L(tr) 1.2795 | A(tr) 0.6358 | L(val) 1.3335 | A(val) 0.4166 *
[2026-04-20 12:48:04] [32mIntermediate result: 0.41588257433195336  (Index 61)[0m
Epoch 00062 | Time 0.0102s | L(tr) 1.2775 | A(tr) 0.6821 | L(val) 1.3330 | A(val) 0.4159 
[2026-04-20 12:48:04] [32mIntermediate result: 0.4170116672939405  (Index 62)[0m
Epoch 00063 | Time 0.0106s | L(tr) 1.2838 | A(tr) 0.6590 | L(val) 1.3326 | A(val) 0.4170 *
[2026-04-20 12:48:04] [32mIntermediate result: 0.4173880316146029  (Index 63)[0m
Epoch 00064 | Time 0.0088s | L(tr) 1.2766 | A(tr) 0.7110 | L(val) 1.3321 | A(val) 0.4174 *
[2026-04-20 12:48:04] [32mIntermediate result: 0.41588257433195336  (Index 64)[0m
Epoch 00065 | Time 0.0083s | L(tr) 1.2721 | A(tr) 0.6705 | L(val) 1.3317 | A(val) 0.4159 
[2026-04-20 12:48:04] [32mIntermediate result: 0.4166353029732781  (Index 65)[0m
Epoch 00066 | Time 0.0102s | L(tr) 1.2774 | A(tr) 0.6532 | L(val) 1.3313 | A(val) 0.4166 
[2026-04-20 12:48:04] [32mIntermediate result: 0.4177643959352653  (Index 66)[0m
Epoch 00067 | Time 0.0114s | L(tr) 1.2757 | A(tr) 0.6994 | L(val) 1.3309 | A(val) 0.4178 *
[2026-04-20 12:48:04] [32mIntermediate result: 0.4177643959352653  (Index 67)[0m
Epoch 00068 | Time 0.0083s | L(tr) 1.2753 | A(tr) 0.6416 | L(val) 1.3305 | A(val) 0.4178 
[2026-04-20 12:48:04] [32mIntermediate result: 0.4162589386526157  (Index 68)[0m
Epoch 00069 | Time 0.0103s | L(tr) 1.2705 | A(tr) 0.6705 | L(val) 1.3301 | A(val) 0.4163 
[2026-04-20 12:48:04] [32mIntermediate result: 0.41588257433195336  (Index 69)[0m
Epoch 00070 | Time 0.0093s | L(tr) 1.2720 | A(tr) 0.6879 | L(val) 1.3297 | A(val) 0.4159 
[2026-04-20 12:48:04] [32mIntermediate result: 0.41588257433195336  (Index 70)[0m
Epoch 00071 | Time 0.0088s | L(tr) 1.2726 | A(tr) 0.6474 | L(val) 1.3293 | A(val) 0.4159 
[2026-04-20 12:48:04] [32mIntermediate result: 0.4162589386526157  (Index 71)[0m
Epoch 00072 | Time 0.0097s | L(tr) 1.2679 | A(tr) 0.6647 | L(val) 1.3290 | A(val) 0.4163 
[2026-04-20 12:48:04] [32mIntermediate result: 0.41550621001129096  (Index 72)[0m
Epoch 00073 | Time 0.0079s | L(tr) 1.2703 | A(tr) 0.6821 | L(val) 1.3286 | A(val) 0.4155 
[2026-04-20 12:48:04] [32mIntermediate result: 0.41588257433195336  (Index 73)[0m
Epoch 00074 | Time 0.0086s | L(tr) 1.2682 | A(tr) 0.6705 | L(val) 1.3283 | A(val) 0.4159 
[2026-04-20 12:48:04] [32mIntermediate result: 0.41475348136996615  (Index 74)[0m
Epoch 00075 | Time 0.0079s | L(tr) 1.2647 | A(tr) 0.6705 | L(val) 1.3280 | A(val) 0.4148 
[2026-04-20 12:48:04] [32mIntermediate result: 0.41512984569062855  (Index 75)[0m
Epoch 00076 | Time 0.0086s | L(tr) 1.2629 | A(tr) 0.6647 | L(val) 1.3277 | A(val) 0.4151 
[2026-04-20 12:48:04] [32mIntermediate result: 0.4166353029732781  (Index 76)[0m
Epoch 00077 | Time 0.0096s | L(tr) 1.2605 | A(tr) 0.6532 | L(val) 1.3273 | A(val) 0.4166 
[2026-04-20 12:48:04] [32mIntermediate result: 0.4162589386526157  (Index 77)[0m
Epoch 00078 | Time 0.0102s | L(tr) 1.2644 | A(tr) 0.6763 | L(val) 1.3270 | A(val) 0.4163 
[2026-04-20 12:48:04] [32mIntermediate result: 0.4166353029732781  (Index 78)[0m
Epoch 00079 | Time 0.0076s | L(tr) 1.2611 | A(tr) 0.6705 | L(val) 1.3267 | A(val) 0.4166 
[2026-04-20 12:48:04] [32mIntermediate result: 0.4170116672939405  (Index 79)[0m
Epoch 00080 | Time 0.0092s | L(tr) 1.2656 | A(tr) 0.6243 | L(val) 1.3264 | A(val) 0.4170 
[2026-04-20 12:48:04] [32mIntermediate result: 0.41550621001129096  (Index 80)[0m
Epoch 00081 | Time 0.0070s | L(tr) 1.2647 | A(tr) 0.6012 | L(val) 1.3261 | A(val) 0.4155 
[2026-04-20 12:48:04] [32mIntermediate result: 0.41437711704930374  (Index 81)[0m
Epoch 00082 | Time 0.0101s | L(tr) 1.2579 | A(tr) 0.6705 | L(val) 1.3258 | A(val) 0.4144 
[2026-04-20 12:48:04] [32mIntermediate result: 0.41475348136996615  (Index 82)[0m
Epoch 00083 | Time 0.0131s | L(tr) 1.2648 | A(tr) 0.6301 | L(val) 1.3255 | A(val) 0.4148 
[2026-04-20 12:48:05] [32mIntermediate result: 0.41437711704930374  (Index 83)[0m
Epoch 00084 | Time 0.0126s | L(tr) 1.2645 | A(tr) 0.5954 | L(val) 1.3252 | A(val) 0.4144 
[2026-04-20 12:48:05] [32mIntermediate result: 0.4162589386526157  (Index 84)[0m
Epoch 00085 | Time 0.0097s | L(tr) 1.2622 | A(tr) 0.6416 | L(val) 1.3250 | A(val) 0.4163 
[2026-04-20 12:48:05] [32mIntermediate result: 0.41475348136996615  (Index 85)[0m
Epoch 00086 | Time 0.0073s | L(tr) 1.2610 | A(tr) 0.6474 | L(val) 1.3247 | A(val) 0.4148 
[2026-04-20 12:48:05] [32mIntermediate result: 0.41588257433195336  (Index 86)[0m
Epoch 00087 | Time 0.0076s | L(tr) 1.2590 | A(tr) 0.6590 | L(val) 1.3245 | A(val) 0.4159 
[2026-04-20 12:48:05] [32mIntermediate result: 0.41550621001129096  (Index 87)[0m
Epoch 00088 | Time 0.0075s | L(tr) 1.2609 | A(tr) 0.6012 | L(val) 1.3243 | A(val) 0.4155 
[2026-04-20 12:48:05] [32mIntermediate result: 0.41588257433195336  (Index 88)[0m
Epoch 00089 | Time 0.0077s | L(tr) 1.2622 | A(tr) 0.6358 | L(val) 1.3240 | A(val) 0.4159 
[2026-04-20 12:48:05] [32mIntermediate result: 0.4162589386526157  (Index 89)[0m
Epoch 00090 | Time 0.0078s | L(tr) 1.2545 | A(tr) 0.6590 | L(val) 1.3238 | A(val) 0.4163 
[2026-04-20 12:48:05] [32mIntermediate result: 0.4166353029732781  (Index 90)[0m
Epoch 00091 | Time 0.0077s | L(tr) 1.2617 | A(tr) 0.6705 | L(val) 1.3236 | A(val) 0.4166 
[2026-04-20 12:48:05] [32mIntermediate result: 0.41926985321791493  (Index 91)[0m
Epoch 00092 | Time 0.0089s | L(tr) 1.2606 | A(tr) 0.6590 | L(val) 1.3235 | A(val) 0.4193 *
[2026-04-20 12:48:05] [32mIntermediate result: 0.42039894617990214  (Index 92)[0m
Epoch 00093 | Time 0.0095s | L(tr) 1.2575 | A(tr) 0.6358 | L(val) 1.3233 | A(val) 0.4204 *
[2026-04-20 12:48:05] [32mIntermediate result: 0.4185171245765901  (Index 93)[0m
Epoch 00094 | Time 0.0074s | L(tr) 1.2574 | A(tr) 0.6243 | L(val) 1.3231 | A(val) 0.4185 
[2026-04-20 12:48:05] [32mIntermediate result: 0.4181407602559277  (Index 94)[0m
Epoch 00095 | Time 0.0073s | L(tr) 1.2554 | A(tr) 0.6127 | L(val) 1.3230 | A(val) 0.4181 
[2026-04-20 12:48:05] [32mIntermediate result: 0.41889348889725253  (Index 95)[0m
Epoch 00096 | Time 0.0116s | L(tr) 1.2580 | A(tr) 0.5954 | L(val) 1.3228 | A(val) 0.4189 
[2026-04-20 12:48:05] [32mIntermediate result: 0.4170116672939405  (Index 96)[0m
Epoch 00097 | Time 0.0117s | L(tr) 1.2522 | A(tr) 0.6474 | L(val) 1.3226 | A(val) 0.4170 
[2026-04-20 12:48:05] [32mIntermediate result: 0.41512984569062855  (Index 97)[0m
Epoch 00098 | Time 0.0075s | L(tr) 1.2524 | A(tr) 0.6590 | L(val) 1.3225 | A(val) 0.4151 
[2026-04-20 12:48:05] [32mIntermediate result: 0.41362438840797894  (Index 98)[0m
Epoch 00099 | Time 0.0085s | L(tr) 1.2578 | A(tr) 0.5954 | L(val) 1.3223 | A(val) 0.4136 
[2026-04-20 12:48:05] [32mIntermediate result: 0.41437711704930374  (Index 99)[0m
Epoch 00100 | Time 0.0081s | L(tr) 1.2514 | A(tr) 0.6127 | L(val) 1.3222 | A(val) 0.4144 
[2026-04-20 12:48:05] [32mIntermediate result: 0.41400075272864134  (Index 100)[0m
Epoch 00101 | Time 0.0077s | L(tr) 1.2577 | A(tr) 0.5954 | L(val) 1.3221 | A(val) 0.4140 
[2026-04-20 12:48:05] [32mIntermediate result: 0.4117425668046669  (Index 101)[0m
Epoch 00102 | Time 0.0095s | L(tr) 1.2482 | A(tr) 0.6416 | L(val) 1.3219 | A(val) 0.4117 
[2026-04-20 12:48:05] [32mIntermediate result: 0.4117425668046669  (Index 102)[0m
Epoch 00103 | Time 0.0103s | L(tr) 1.2521 | A(tr) 0.6243 | L(val) 1.3218 | A(val) 0.4117 
[2026-04-20 12:48:05] [32mIntermediate result: 0.4113662024840045  (Index 103)[0m
Epoch 00104 | Time 0.0084s | L(tr) 1.2532 | A(tr) 0.6705 | L(val) 1.3217 | A(val) 0.4114 
[2026-04-20 12:48:05] [32mIntermediate result: 0.4098607452013549  (Index 104)[0m
Epoch 00105 | Time 0.0079s | L(tr) 1.2450 | A(tr) 0.6474 | L(val) 1.3215 | A(val) 0.4099 
[2026-04-20 12:48:05] [32mIntermediate result: 0.4098607452013549  (Index 105)[0m
Epoch 00106 | Time 0.0088s | L(tr) 1.2496 | A(tr) 0.6301 | L(val) 1.3214 | A(val) 0.4099 
[2026-04-20 12:48:05] [32mIntermediate result: 0.4094843808806925  (Index 106)[0m
Epoch 00107 | Time 0.0088s | L(tr) 1.2465 | A(tr) 0.6012 | L(val) 1.3213 | A(val) 0.4095 
[2026-04-20 12:48:05] [32mIntermediate result: 0.4083552879187053  (Index 107)[0m
Epoch 00108 | Time 0.0082s | L(tr) 1.2454 | A(tr) 0.6243 | L(val) 1.3213 | A(val) 0.4084 
[2026-04-20 12:48:05] [32mIntermediate result: 0.4087316522393677  (Index 108)[0m
Epoch 00109 | Time 0.0079s | L(tr) 1.2479 | A(tr) 0.6127 | L(val) 1.3212 | A(val) 0.4087 
[2026-04-20 12:48:05] [32mIntermediate result: 0.4102371095220173  (Index 109)[0m
Epoch 00110 | Time 0.0084s | L(tr) 1.2584 | A(tr) 0.5723 | L(val) 1.3211 | A(val) 0.4102 
[2026-04-20 12:48:05] [32mIntermediate result: 0.4087316522393677  (Index 110)[0m
Epoch 00111 | Time 0.0076s | L(tr) 1.2477 | A(tr) 0.6185 | L(val) 1.3210 | A(val) 0.4087 
[2026-04-20 12:48:05] [32mIntermediate result: 0.4079789235980429  (Index 111)[0m
Epoch 00112 | Time 0.0099s | L(tr) 1.2464 | A(tr) 0.6185 | L(val) 1.3210 | A(val) 0.4080 
[2026-04-20 12:48:05] [32mIntermediate result: 0.4076025592773805  (Index 112)[0m
Epoch 00113 | Time 0.0099s | L(tr) 1.2469 | A(tr) 0.6127 | L(val) 1.3209 | A(val) 0.4076 
[2026-04-20 12:48:05] [32mIntermediate result: 0.4072261949567181  (Index 113)[0m
Epoch 00114 | Time 0.0080s | L(tr) 1.2474 | A(tr) 0.5723 | L(val) 1.3209 | A(val) 0.4072 
[2026-04-20 12:48:05] [32mIntermediate result: 0.40647346631539333  (Index 114)[0m
Epoch 00115 | Time 0.0107s | L(tr) 1.2469 | A(tr) 0.6185 | L(val) 1.3208 | A(val) 0.4065 
[2026-04-20 12:48:05] [32mIntermediate result: 0.4053443733534061  (Index 115)[0m
Epoch 00116 | Time 0.0087s | L(tr) 1.2418 | A(tr) 0.6127 | L(val) 1.3208 | A(val) 0.4053 
[2026-04-20 12:48:05] [32mIntermediate result: 0.4038389160707565  (Index 116)[0m
Epoch 00117 | Time 0.0081s | L(tr) 1.2528 | A(tr) 0.5491 | L(val) 1.3207 | A(val) 0.4038 
[2026-04-20 12:48:05] [32mIntermediate result: 0.4027098231087693  (Index 117)[0m
Epoch 00118 | Time 0.0119s | L(tr) 1.2508 | A(tr) 0.6301 | L(val) 1.3207 | A(val) 0.4027 
[2026-04-20 12:48:05] [32mIntermediate result: 0.4015807301467821  (Index 118)[0m
Epoch 00119 | Time 0.0118s | L(tr) 1.2389 | A(tr) 0.6243 | L(val) 1.3206 | A(val) 0.4016 
[2026-04-20 12:48:05] [32mIntermediate result: 0.4008280015054573  (Index 119)[0m
Epoch 00120 | Time 0.0106s | L(tr) 1.2490 | A(tr) 0.5780 | L(val) 1.3206 | A(val) 0.4008 
[2026-04-20 12:48:05] [32mIntermediate result: 0.40007527286413247  (Index 120)[0m
Epoch 00121 | Time 0.0106s | L(tr) 1.2456 | A(tr) 0.6185 | L(val) 1.3205 | A(val) 0.4001 
[2026-04-20 12:48:05] [32mIntermediate result: 0.39969890854347007  (Index 121)[0m
Epoch 00122 | Time 0.0123s | L(tr) 1.2443 | A(tr) 0.6185 | L(val) 1.3204 | A(val) 0.3997 
[2026-04-20 12:48:05] [32mIntermediate result: 0.39969890854347007  (Index 122)[0m
Epoch 00123 | Time 0.0122s | L(tr) 1.2522 | A(tr) 0.5780 | L(val) 1.3203 | A(val) 0.3997 
[2026-04-20 12:48:05] [32mIntermediate result: 0.39856981558148286  (Index 123)[0m
Epoch 00124 | Time 0.0146s | L(tr) 1.2488 | A(tr) 0.5780 | L(val) 1.3202 | A(val) 0.3986 
[2026-04-20 12:48:05] [32mIntermediate result: 0.39969890854347007  (Index 124)[0m
Epoch 00125 | Time 0.0129s | L(tr) 1.2427 | A(tr) 0.6416 | L(val) 1.3202 | A(val) 0.3997 
[2026-04-20 12:48:05] [32mIntermediate result: 0.39781708694015805  (Index 125)[0m
Epoch 00126 | Time 0.0136s | L(tr) 1.2461 | A(tr) 0.5896 | L(val) 1.3202 | A(val) 0.3978 
[2026-04-20 12:48:05] [32mIntermediate result: 0.3970643582988333  (Index 126)[0m
Epoch 00127 | Time 0.0133s | L(tr) 1.2493 | A(tr) 0.5607 | L(val) 1.3201 | A(val) 0.3971 
[2026-04-20 12:48:05] [32mIntermediate result: 0.3966879939781709  (Index 127)[0m
Epoch 00128 | Time 0.0099s | L(tr) 1.2404 | A(tr) 0.5954 | L(val) 1.3201 | A(val) 0.3967 
[2026-04-20 12:48:05] [32mIntermediate result: 0.3959352653368461  (Index 128)[0m
Epoch 00129 | Time 0.0105s | L(tr) 1.2447 | A(tr) 0.5665 | L(val) 1.3201 | A(val) 0.3959 
[2026-04-20 12:48:05] [32mIntermediate result: 0.39405344373353407  (Index 129)[0m
Epoch 00130 | Time 0.0119s | L(tr) 1.2436 | A(tr) 0.5607 | L(val) 1.3200 | A(val) 0.3941 
[2026-04-20 12:48:05] [32mIntermediate result: 0.39254798645088446  (Index 130)[0m
Epoch 00131 | Time 0.0127s | L(tr) 1.2435 | A(tr) 0.5723 | L(val) 1.3200 | A(val) 0.3925 
[2026-04-20 12:48:05] [32mIntermediate result: 0.39141889348889725  (Index 131)[0m
Epoch 00132 | Time 0.0111s | L(tr) 1.2469 | A(tr) 0.5723 | L(val) 1.3200 | A(val) 0.3914 
[2026-04-20 12:48:05] [32mIntermediate result: 0.3891607075649228  (Index 132)[0m
Epoch 00133 | Time 0.0127s | L(tr) 1.2514 | A(tr) 0.5780 | L(val) 1.3200 | A(val) 0.3892 
[2026-04-20 12:48:05] [32mIntermediate result: 0.38577342867896125  (Index 133)[0m
Epoch 00134 | Time 0.0120s | L(tr) 1.2470 | A(tr) 0.5723 | L(val) 1.3200 | A(val) 0.3858 
[2026-04-20 12:48:05] [32mIntermediate result: 0.38502070003763644  (Index 134)[0m
Epoch 00135 | Time 0.0112s | L(tr) 1.2498 | A(tr) 0.5896 | L(val) 1.3200 | A(val) 0.3850 
[2026-04-20 12:48:05] [32mIntermediate result: 0.38389160707564923  (Index 135)[0m
Epoch 00136 | Time 0.0107s | L(tr) 1.2352 | A(tr) 0.5954 | L(val) 1.3200 | A(val) 0.3839 
[2026-04-20 12:48:05] [32mIntermediate result: 0.3823861497929996  (Index 136)[0m
Epoch 00137 | Time 0.0110s | L(tr) 1.2437 | A(tr) 0.5665 | L(val) 1.3200 | A(val) 0.3824 
[2026-04-20 12:48:05] [32mIntermediate result: 0.3812570568310124  (Index 137)[0m
Epoch 00138 | Time 0.0122s | L(tr) 1.2374 | A(tr) 0.5723 | L(val) 1.3200 | A(val) 0.3813 
[2026-04-20 12:48:05] [32mIntermediate result: 0.3816334211516748  (Index 138)[0m
Epoch 00139 | Time 0.0122s | L(tr) 1.2437 | A(tr) 0.6012 | L(val) 1.3199 | A(val) 0.3816 
[2026-04-20 12:48:05] [32mIntermediate result: 0.3816334211516748  (Index 139)[0m
Epoch 00140 | Time 0.0117s | L(tr) 1.2430 | A(tr) 0.5723 | L(val) 1.3199 | A(val) 0.3816 
[2026-04-20 12:48:05] [32mIntermediate result: 0.38088069251035  (Index 140)[0m
Epoch 00141 | Time 0.0111s | L(tr) 1.2407 | A(tr) 0.5491 | L(val) 1.3198 | A(val) 0.3809 
[2026-04-20 12:48:05] [32mIntermediate result: 0.3797515995483628  (Index 141)[0m
Epoch 00142 | Time 0.0115s | L(tr) 1.2461 | A(tr) 0.5260 | L(val) 1.3198 | A(val) 0.3798 
[2026-04-20 12:48:05] [32mIntermediate result: 0.3793752352277004  (Index 142)[0m
Epoch 00143 | Time 0.0118s | L(tr) 1.2439 | A(tr) 0.5838 | L(val) 1.3198 | A(val) 0.3794 
[2026-04-20 12:48:05] [32mIntermediate result: 0.378998870907038  (Index 143)[0m
Epoch 00144 | Time 0.0104s | L(tr) 1.2428 | A(tr) 0.5723 | L(val) 1.3198 | A(val) 0.3790 
[2026-04-20 12:48:05] [32mIntermediate result: 0.37824614226571324  (Index 144)[0m
Epoch 00145 | Time 0.0121s | L(tr) 1.2448 | A(tr) 0.5434 | L(val) 1.3197 | A(val) 0.3782 
[2026-04-20 12:48:05] [32mIntermediate result: 0.377117049303726  (Index 145)[0m
Epoch 00146 | Time 0.0087s | L(tr) 1.2435 | A(tr) 0.5549 | L(val) 1.3197 | A(val) 0.3771 
[2026-04-20 12:48:05] [32mIntermediate result: 0.3759879563417388  (Index 146)[0m
Epoch 00147 | Time 0.0087s | L(tr) 1.2403 | A(tr) 0.5376 | L(val) 1.3197 | A(val) 0.3760 
[2026-04-20 12:48:05] [32mIntermediate result: 0.375235227700414  (Index 147)[0m
Epoch 00148 | Time 0.0091s | L(tr) 1.2405 | A(tr) 0.6243 | L(val) 1.3197 | A(val) 0.3752 
[2026-04-20 12:48:05] [32mIntermediate result: 0.3748588633797516  (Index 148)[0m
Epoch 00149 | Time 0.0089s | L(tr) 1.2440 | A(tr) 0.5260 | L(val) 1.3197 | A(val) 0.3749 
[2026-04-20 12:48:05] [32mIntermediate result: 0.3748588633797516  (Index 149)[0m
Epoch 00150 | Time 0.0086s | L(tr) 1.2435 | A(tr) 0.5434 | L(val) 1.3197 | A(val) 0.3749 
[2026-04-20 12:48:05] [32mIntermediate result: 0.3718479488144524  (Index 150)[0m
Epoch 00151 | Time 0.0081s | L(tr) 1.2399 | A(tr) 0.5434 | L(val) 1.3198 | A(val) 0.3718 
[2026-04-20 12:48:05] [32mIntermediate result: 0.36996612721114036  (Index 151)[0m
Epoch 00152 | Time 0.0098s | L(tr) 1.2389 | A(tr) 0.5491 | L(val) 1.3198 | A(val) 0.3700 
[2026-04-20 12:48:05] [32mIntermediate result: 0.3680843056078284  (Index 152)[0m
Epoch 00153 | Time 0.0105s | L(tr) 1.2470 | A(tr) 0.5145 | L(val) 1.3198 | A(val) 0.3681 
[2026-04-20 12:48:05] [32mIntermediate result: 0.3669552126458412  (Index 153)[0m
Epoch 00154 | Time 0.0095s | L(tr) 1.2463 | A(tr) 0.5260 | L(val) 1.3199 | A(val) 0.3670 
[2026-04-20 12:48:05] [32mIntermediate result: 0.3662024840045164  (Index 154)[0m
Epoch 00155 | Time 0.0078s | L(tr) 1.2438 | A(tr) 0.5434 | L(val) 1.3199 | A(val) 0.3662 
[2026-04-20 12:48:05] [32mIntermediate result: 0.36356793375987956  (Index 155)[0m
Epoch 00156 | Time 0.0100s | L(tr) 1.2420 | A(tr) 0.5376 | L(val) 1.3199 | A(val) 0.3636 
[2026-04-20 12:48:05] [32mIntermediate result: 0.36130974783590514  (Index 156)[0m
Epoch 00157 | Time 0.0083s | L(tr) 1.2463 | A(tr) 0.5145 | L(val) 1.3200 | A(val) 0.3613 
[2026-04-20 12:48:05] [32mIntermediate result: 0.35905156191193077  (Index 157)[0m
Epoch 00158 | Time 0.0106s | L(tr) 1.2450 | A(tr) 0.5491 | L(val) 1.3200 | A(val) 0.3591 
[2026-04-20 12:48:05] [32mIntermediate result: 0.35679337598795635  (Index 158)[0m
Epoch 00159 | Time 0.0102s | L(tr) 1.2405 | A(tr) 0.5260 | L(val) 1.3201 | A(val) 0.3568 
[2026-04-20 12:48:05] [32mIntermediate result: 0.35566428302596914  (Index 159)[0m
Epoch 00160 | Time 0.0118s | L(tr) 1.2465 | A(tr) 0.5376 | L(val) 1.3201 | A(val) 0.3557 
[2026-04-20 12:48:05] [32mIntermediate result: 0.3541588257433195  (Index 160)[0m
Epoch 00161 | Time 0.0131s | L(tr) 1.2440 | A(tr) 0.5318 | L(val) 1.3202 | A(val) 0.3542 
[2026-04-20 12:48:05] [32mIntermediate result: 0.3522770041400075  (Index 161)[0m
Epoch 00162 | Time 0.0125s | L(tr) 1.2385 | A(tr) 0.5607 | L(val) 1.3202 | A(val) 0.3523 
[2026-04-20 12:48:05] [32mIntermediate result: 0.3511479111780203  (Index 162)[0m
Epoch 00163 | Time 0.0090s | L(tr) 1.2417 | A(tr) 0.5491 | L(val) 1.3203 | A(val) 0.3511 
[2026-04-20 12:48:05] [32mIntermediate result: 0.34888972525404593  (Index 163)[0m
Epoch 00164 | Time 0.0107s | L(tr) 1.2432 | A(tr) 0.5202 | L(val) 1.3203 | A(val) 0.3489 
[2026-04-20 12:48:05] [32mIntermediate result: 0.3466315393300715  (Index 164)[0m
Epoch 00165 | Time 0.0113s | L(tr) 1.2421 | A(tr) 0.5376 | L(val) 1.3203 | A(val) 0.3466 
[2026-04-20 12:48:05] [32mIntermediate result: 0.3443733534060971  (Index 165)[0m
Epoch 00166 | Time 0.0111s | L(tr) 1.2377 | A(tr) 0.5549 | L(val) 1.3204 | A(val) 0.3444 
[2026-04-20 12:48:05] [32mIntermediate result: 0.3421151674821227  (Index 166)[0m
Epoch 00167 | Time 0.0095s | L(tr) 1.2439 | A(tr) 0.5145 | L(val) 1.3204 | A(val) 0.3421 
[2026-04-20 12:48:05] [32mIntermediate result: 0.3391042529168235  (Index 167)[0m
Epoch 00168 | Time 0.0094s | L(tr) 1.2409 | A(tr) 0.5665 | L(val) 1.3205 | A(val) 0.3391 
[2026-04-20 12:48:05] [32mIntermediate result: 0.3360933383515243  (Index 168)[0m
Epoch 00169 | Time 0.0088s | L(tr) 1.2382 | A(tr) 0.5491 | L(val) 1.3205 | A(val) 0.3361 
[2026-04-20 12:48:05] [32mIntermediate result: 0.33383515242754985  (Index 169)[0m
Epoch 00170 | Time 0.0082s | L(tr) 1.2451 | A(tr) 0.5260 | L(val) 1.3206 | A(val) 0.3338 
[2026-04-20 12:48:05] [32mIntermediate result: 0.33232969514490024  (Index 170)[0m
Epoch 00171 | Time 0.0090s | L(tr) 1.2369 | A(tr) 0.5491 | L(val) 1.3206 | A(val) 0.3323 
[2026-04-20 12:48:05] [32mIntermediate result: 0.3304478735415883  (Index 171)[0m
Epoch 00172 | Time 0.0086s | L(tr) 1.2436 | A(tr) 0.5145 | L(val) 1.3207 | A(val) 0.3304 
[2026-04-20 12:48:05] [32mIntermediate result: 0.32781332329695145  (Index 172)[0m
Epoch 00173 | Time 0.0091s | L(tr) 1.2407 | A(tr) 0.5549 | L(val) 1.3208 | A(val) 0.3278 
[2026-04-20 12:48:05] [32mIntermediate result: 0.32555513737297703  (Index 173)[0m
Epoch 00174 | Time 0.0097s | L(tr) 1.2401 | A(tr) 0.5202 | L(val) 1.3208 | A(val) 0.3256 
[2026-04-20 12:48:05] [32mIntermediate result: 0.3225442228076778  (Index 174)[0m
Epoch 00175 | Time 0.0104s | L(tr) 1.2357 | A(tr) 0.4913 | L(val) 1.3209 | A(val) 0.3225 
[2026-04-20 12:48:05] [32mIntermediate result: 0.3172751223184042  (Index 175)[0m
Epoch 00176 | Time 0.0092s | L(tr) 1.2520 | A(tr) 0.4913 | L(val) 1.3210 | A(val) 0.3173 
[2026-04-20 12:48:05] [32mIntermediate result: 0.3146405720737674  (Index 176)[0m
Epoch 00177 | Time 0.0086s | L(tr) 1.2495 | A(tr) 0.4740 | L(val) 1.3211 | A(val) 0.3146 
[2026-04-20 12:48:05] [32mIntermediate result: 0.3116296575084682  (Index 177)[0m
Epoch 00178 | Time 0.0082s | L(tr) 1.2451 | A(tr) 0.4624 | L(val) 1.3212 | A(val) 0.3116 
[2026-04-20 12:48:05] [32mIntermediate result: 0.3089951072638314  (Index 178)[0m
Epoch 00179 | Time 0.0079s | L(tr) 1.2396 | A(tr) 0.5145 | L(val) 1.3212 | A(val) 0.3090 
[2026-04-20 12:48:05] [32mIntermediate result: 0.30598419269853216  (Index 179)[0m
Epoch 00180 | Time 0.0081s | L(tr) 1.2430 | A(tr) 0.4913 | L(val) 1.3213 | A(val) 0.3060 
[2026-04-20 12:48:05] [32mIntermediate result: 0.3033496424538954  (Index 180)[0m
Epoch 00181 | Time 0.0091s | L(tr) 1.2457 | A(tr) 0.4913 | L(val) 1.3214 | A(val) 0.3033 
[2026-04-20 12:48:05] [32mIntermediate result: 0.3014678208505834  (Index 181)[0m
Epoch 00182 | Time 0.0085s | L(tr) 1.2424 | A(tr) 0.5145 | L(val) 1.3214 | A(val) 0.3015 
[2026-04-20 12:48:05] [32mIntermediate result: 0.29958599924727136  (Index 182)[0m
Epoch 00183 | Time 0.0067s | L(tr) 1.2360 | A(tr) 0.5087 | L(val) 1.3215 | A(val) 0.2996 
[2026-04-20 12:48:06] [32mIntermediate result: 0.29695144900263454  (Index 183)[0m
Epoch 00184 | Time 0.0089s | L(tr) 1.2386 | A(tr) 0.5434 | L(val) 1.3215 | A(val) 0.2970 
[2026-04-20 12:48:06] [32mIntermediate result: 0.29657508468197213  (Index 184)[0m
Epoch 00185 | Time 0.0081s | L(tr) 1.2545 | A(tr) 0.4624 | L(val) 1.3215 | A(val) 0.2966 
[2026-04-20 12:48:06] [32mIntermediate result: 0.2946932630786601  (Index 185)[0m
Epoch 00186 | Time 0.0085s | L(tr) 1.2411 | A(tr) 0.4913 | L(val) 1.3216 | A(val) 0.2947 
[2026-04-20 12:48:06] [32mIntermediate result: 0.29243507715468575  (Index 186)[0m
Epoch 00187 | Time 0.0111s | L(tr) 1.2454 | A(tr) 0.4740 | L(val) 1.3216 | A(val) 0.2924 
[2026-04-20 12:48:06] [32mIntermediate result: 0.28980052691004893  (Index 187)[0m
Epoch 00188 | Time 0.0080s | L(tr) 1.2369 | A(tr) 0.4798 | L(val) 1.3217 | A(val) 0.2898 
[2026-04-20 12:48:06] [32mIntermediate result: 0.2875423409860745  (Index 188)[0m
Epoch 00189 | Time 0.0074s | L(tr) 1.2403 | A(tr) 0.4798 | L(val) 1.3218 | A(val) 0.2875 
[2026-04-20 12:48:06] [32mIntermediate result: 0.2852841550621001  (Index 189)[0m
Epoch 00190 | Time 0.0100s | L(tr) 1.2398 | A(tr) 0.4971 | L(val) 1.3218 | A(val) 0.2853 
[2026-04-20 12:48:06] [32mIntermediate result: 0.2830259691381257  (Index 190)[0m
Epoch 00191 | Time 0.0096s | L(tr) 1.2464 | A(tr) 0.4740 | L(val) 1.3219 | A(val) 0.2830 
[2026-04-20 12:48:06] [32mIntermediate result: 0.2822732404968009  (Index 191)[0m
Epoch 00192 | Time 0.0081s | L(tr) 1.2427 | A(tr) 0.4798 | L(val) 1.3219 | A(val) 0.2823 
[2026-04-20 12:48:06] [32mIntermediate result: 0.2807677832141513  (Index 192)[0m
Epoch 00193 | Time 0.0077s | L(tr) 1.2455 | A(tr) 0.4682 | L(val) 1.3220 | A(val) 0.2808 
[2026-04-20 12:48:06] [32mIntermediate result: 0.2781332329695145  (Index 193)[0m
Epoch 00194 | Time 0.0084s | L(tr) 1.2394 | A(tr) 0.4566 | L(val) 1.3221 | A(val) 0.2781 
[2026-04-20 12:48:06] [32mIntermediate result: 0.27625141136620246  (Index 194)[0m
Epoch 00195 | Time 0.0080s | L(tr) 1.2440 | A(tr) 0.4855 | L(val) 1.3222 | A(val) 0.2763 
[2026-04-20 12:48:06] [32mIntermediate result: 0.2743695897628905  (Index 195)[0m
Epoch 00196 | Time 0.0075s | L(tr) 1.2514 | A(tr) 0.5318 | L(val) 1.3222 | A(val) 0.2744 
[2026-04-20 12:48:06] [32mIntermediate result: 0.2728641324802409  (Index 196)[0m
Epoch 00197 | Time 0.0081s | L(tr) 1.2384 | A(tr) 0.4798 | L(val) 1.3223 | A(val) 0.2729 
[2026-04-20 12:48:06] [32mIntermediate result: 0.27098231087692887  (Index 197)[0m
Epoch 00198 | Time 0.0075s | L(tr) 1.2388 | A(tr) 0.5318 | L(val) 1.3224 | A(val) 0.2710 
[2026-04-20 12:48:06] [32mIntermediate result: 0.26947685359427925  (Index 198)[0m
Epoch 00199 | Time 0.0067s | L(tr) 1.2429 | A(tr) 0.4624 | L(val) 1.3225 | A(val) 0.2695 
[2026-04-20 12:48:06] [32mIntermediate result: 0.26458411742566806  (Index 199)[0m
Epoch 00200 | Time 0.0090s | L(tr) 1.2412 | A(tr) 0.5029 | L(val) 1.3226 | A(val) 0.2646 
FINAL_RESULT: {'train': 0.6358381502890174, 'valid': 0.42039894617990214, 'test': 0.6614702324956323}
