Namespace(dataset='pubmed', method='lnpcc', noise_type='uniform', noise_rate=0.1, device='cuda:1', seed=3000, params_json='{"knn_mode": "d", "dexp": 7.271566504551879, "p_grd": 0.3902290217176677, "unc_rem": 0.7214920118961401, "unc_rel": 0.5457272638479336, "dropout": 0.6288367645360611, "n_hidden": 64, "n_layer": 2, "lr": 0.05, "weight_decay": 0.001, "k": 1}')
----Data statistics------'
                Name: pubmed
                #Nodes 19717
                #Edges 44324
                #Classes 3
                #Ave_degree 4.50
----Split statistics------'
                #Train samples 60 (default)
                #Val samples 500 (default)
                #Test samples 1000 (default)
Current device: cpu
[Params] Overriding from --params_json: {'knn_mode': 'd', 'dexp': 7.271566504551879, 'p_grd': 0.3902290217176677, 'unc_rem': 0.7214920118961401, 'unc_rel': 0.5457272638479336, 'dropout': 0.6288367645360611, 'n_hidden': 64, 'n_layer': 2, 'lr': 0.05, 'weight_decay': 0.001, 'k': 1}
----label noise information:------
Uniform noise
#Actual noise rate 0.10 
[2026-04-20 12:46:43] [32mIntermediate result: 0.408  (Index 0)[0m
Epoch 00001 | Time 0.3390s | L(tr) 1.1005 | A(tr) 0.2833 | L(val) 1.0478 | A(val) 0.4080 *
[2026-04-20 12:46:43] [32mIntermediate result: 0.588  (Index 1)[0m
Epoch 00002 | Time 0.0116s | L(tr) 1.0315 | A(tr) 0.4833 | L(val) 0.9959 | A(val) 0.5880 *
[2026-04-20 12:46:43] [32mIntermediate result: 0.64  (Index 2)[0m
Epoch 00003 | Time 0.0092s | L(tr) 0.9215 | A(tr) 0.7500 | L(val) 0.9368 | A(val) 0.6400 *
[2026-04-20 12:46:43] [32mIntermediate result: 0.666  (Index 3)[0m
Epoch 00004 | Time 0.0101s | L(tr) 0.8307 | A(tr) 0.7667 | L(val) 0.8730 | A(val) 0.6660 *
[2026-04-20 12:46:43] [32mIntermediate result: 0.676  (Index 4)[0m
Epoch 00005 | Time 0.0107s | L(tr) 0.7043 | A(tr) 0.8000 | L(val) 0.8194 | A(val) 0.6760 *
[2026-04-20 12:46:43] [32mIntermediate result: 0.688  (Index 5)[0m
Epoch 00006 | Time 0.0101s | L(tr) 0.6285 | A(tr) 0.8000 | L(val) 0.7812 | A(val) 0.6880 *
[2026-04-20 12:46:43] [32mIntermediate result: 0.684  (Index 6)[0m
Epoch 00007 | Time 0.0111s | L(tr) 0.5351 | A(tr) 0.8333 | L(val) 0.7576 | A(val) 0.6840 
[2026-04-20 12:46:43] [32mIntermediate result: 0.696  (Index 7)[0m
Epoch 00008 | Time 0.0105s | L(tr) 0.4199 | A(tr) 0.8833 | L(val) 0.7416 | A(val) 0.6960 *
[2026-04-20 12:46:43] [32mIntermediate result: 0.696  (Index 8)[0m
Epoch 00009 | Time 0.0116s | L(tr) 0.3907 | A(tr) 0.9000 | L(val) 0.7308 | A(val) 0.6960 
[2026-04-20 12:46:43] [32mIntermediate result: 0.694  (Index 9)[0m
Epoch 00010 | Time 0.0099s | L(tr) 0.2902 | A(tr) 0.9500 | L(val) 0.7316 | A(val) 0.6940 
[2026-04-20 12:46:43] [32mIntermediate result: 0.68  (Index 10)[0m
Epoch 00011 | Time 0.0125s | L(tr) 0.3102 | A(tr) 0.9167 | L(val) 0.7394 | A(val) 0.6800 
[2026-04-20 12:46:43] [32mIntermediate result: 0.678  (Index 11)[0m
Epoch 00012 | Time 0.0132s | L(tr) 0.2490 | A(tr) 0.9667 | L(val) 0.7575 | A(val) 0.6780 
[2026-04-20 12:46:43] [32mIntermediate result: 0.684  (Index 12)[0m
Epoch 00013 | Time 0.0123s | L(tr) 0.2308 | A(tr) 0.9667 | L(val) 0.7666 | A(val) 0.6840 
[2026-04-20 12:46:43] [32mIntermediate result: 0.664  (Index 13)[0m
Epoch 00014 | Time 0.0112s | L(tr) 0.1861 | A(tr) 0.9833 | L(val) 0.7755 | A(val) 0.6640 
[2026-04-20 12:46:43] [32mIntermediate result: 0.666  (Index 14)[0m
Epoch 00015 | Time 0.0110s | L(tr) 0.2229 | A(tr) 0.9667 | L(val) 0.7822 | A(val) 0.6660 
[2026-04-20 12:46:43] [32mIntermediate result: 0.682  (Index 15)[0m
Epoch 00016 | Time 0.0115s | L(tr) 0.1414 | A(tr) 0.9833 | L(val) 0.7891 | A(val) 0.6820 
[2026-04-20 12:46:43] [32mIntermediate result: 0.678  (Index 16)[0m
Epoch 00017 | Time 0.0105s | L(tr) 0.1362 | A(tr) 1.0000 | L(val) 0.8063 | A(val) 0.6780 
[2026-04-20 12:46:43] [32mIntermediate result: 0.676  (Index 17)[0m
Epoch 00018 | Time 0.0117s | L(tr) 0.1535 | A(tr) 0.9833 | L(val) 0.8085 | A(val) 0.6760 
[2026-04-20 12:46:43] [32mIntermediate result: 0.65  (Index 18)[0m
Epoch 00019 | Time 0.0126s | L(tr) 0.1520 | A(tr) 0.9833 | L(val) 0.8069 | A(val) 0.6500 
[2026-04-20 12:46:43] [32mIntermediate result: 0.652  (Index 19)[0m
Epoch 00020 | Time 0.0121s | L(tr) 0.1470 | A(tr) 1.0000 | L(val) 0.8006 | A(val) 0.6520 
[2026-04-20 12:46:44] [32mIntermediate result: 0.67  (Index 20)[0m
Epoch 00021 | Time 0.0100s | L(tr) 0.1035 | A(tr) 1.0000 | L(val) 0.8344 | A(val) 0.6700 
[2026-04-20 12:46:44] [32mIntermediate result: 0.666  (Index 21)[0m
Epoch 00022 | Time 0.0097s | L(tr) 0.1415 | A(tr) 1.0000 | L(val) 0.8274 | A(val) 0.6660 
[2026-04-20 12:46:44] [32mIntermediate result: 0.64  (Index 22)[0m
Epoch 00023 | Time 0.0130s | L(tr) 0.1403 | A(tr) 1.0000 | L(val) 0.8115 | A(val) 0.6400 
[2026-04-20 12:46:44] [32mIntermediate result: 0.642  (Index 23)[0m
Epoch 00024 | Time 0.0126s | L(tr) 0.1040 | A(tr) 1.0000 | L(val) 0.8232 | A(val) 0.6420 
[2026-04-20 12:46:44] [32mIntermediate result: 0.648  (Index 24)[0m
Epoch 00025 | Time 0.0101s | L(tr) 0.1329 | A(tr) 1.0000 | L(val) 0.8227 | A(val) 0.6480 
[2026-04-20 12:46:44] [32mIntermediate result: 0.646  (Index 25)[0m
Epoch 00026 | Time 0.0095s | L(tr) 0.1016 | A(tr) 1.0000 | L(val) 0.8709 | A(val) 0.6460 
[2026-04-20 12:46:44] [32mIntermediate result: 0.646  (Index 26)[0m
Epoch 00027 | Time 0.0096s | L(tr) 0.1457 | A(tr) 0.9667 | L(val) 0.8316 | A(val) 0.6460 
[2026-04-20 12:46:44] [32mIntermediate result: 0.65  (Index 27)[0m
Epoch 00028 | Time 0.0123s | L(tr) 0.1190 | A(tr) 1.0000 | L(val) 0.8268 | A(val) 0.6500 
[2026-04-20 12:46:44] [32mIntermediate result: 0.644  (Index 28)[0m
Epoch 00029 | Time 0.0130s | L(tr) 0.1374 | A(tr) 0.9833 | L(val) 0.8444 | A(val) 0.6440 
[2026-04-20 12:46:44] [32mIntermediate result: 0.658  (Index 29)[0m
Epoch 00030 | Time 0.0118s | L(tr) 0.1206 | A(tr) 0.9833 | L(val) 0.8535 | A(val) 0.6580 
[2026-04-20 12:46:44] [32mIntermediate result: 0.656  (Index 30)[0m
Epoch 00031 | Time 0.0120s | L(tr) 0.1425 | A(tr) 1.0000 | L(val) 0.8675 | A(val) 0.6560 
[2026-04-20 12:46:44] [32mIntermediate result: 0.652  (Index 31)[0m
Epoch 00032 | Time 0.0101s | L(tr) 0.1310 | A(tr) 0.9833 | L(val) 0.8268 | A(val) 0.6520 
[2026-04-20 12:46:44] [32mIntermediate result: 0.64  (Index 32)[0m
Epoch 00033 | Time 0.0106s | L(tr) 0.1206 | A(tr) 0.9833 | L(val) 0.8318 | A(val) 0.6400 
[2026-04-20 12:46:44] [32mIntermediate result: 0.64  (Index 33)[0m
Epoch 00034 | Time 0.0109s | L(tr) 0.1152 | A(tr) 0.9833 | L(val) 0.8272 | A(val) 0.6400 
[2026-04-20 12:46:44] [32mIntermediate result: 0.668  (Index 34)[0m
Epoch 00035 | Time 0.0115s | L(tr) 0.1061 | A(tr) 0.9833 | L(val) 0.8508 | A(val) 0.6680 
[2026-04-20 12:46:44] [32mIntermediate result: 0.66  (Index 35)[0m
Epoch 00036 | Time 0.0102s | L(tr) 0.0944 | A(tr) 1.0000 | L(val) 0.8901 | A(val) 0.6600 
[2026-04-20 12:46:44] [32mIntermediate result: 0.654  (Index 36)[0m
Epoch 00037 | Time 0.0102s | L(tr) 0.1164 | A(tr) 1.0000 | L(val) 0.8572 | A(val) 0.6540 
[2026-04-20 12:46:44] [32mIntermediate result: 0.644  (Index 37)[0m
Epoch 00038 | Time 0.0121s | L(tr) 0.0984 | A(tr) 1.0000 | L(val) 0.8573 | A(val) 0.6440 
[2026-04-20 12:46:44] [32mIntermediate result: 0.65  (Index 38)[0m
Epoch 00039 | Time 0.0120s | L(tr) 0.0810 | A(tr) 1.0000 | L(val) 0.8590 | A(val) 0.6500 
[2026-04-20 12:46:44] [32mIntermediate result: 0.658  (Index 39)[0m
Epoch 00040 | Time 0.0119s | L(tr) 0.1113 | A(tr) 0.9833 | L(val) 0.9098 | A(val) 0.6580 
[2026-04-20 12:46:44] [32mIntermediate result: 0.658  (Index 40)[0m
Epoch 00041 | Time 0.0090s | L(tr) 0.0818 | A(tr) 1.0000 | L(val) 0.9598 | A(val) 0.6580 
[2026-04-20 12:46:44] [32mIntermediate result: 0.638  (Index 41)[0m
Epoch 00042 | Time 0.0124s | L(tr) 0.1437 | A(tr) 0.9667 | L(val) 0.8753 | A(val) 0.6380 
[2026-04-20 12:46:44] [32mIntermediate result: 0.634  (Index 42)[0m
Epoch 00043 | Time 0.0121s | L(tr) 0.1012 | A(tr) 1.0000 | L(val) 0.8829 | A(val) 0.6340 
[2026-04-20 12:46:44] [32mIntermediate result: 0.65  (Index 43)[0m
Epoch 00044 | Time 0.0119s | L(tr) 0.0964 | A(tr) 0.9833 | L(val) 0.8685 | A(val) 0.6500 
[2026-04-20 12:46:44] [32mIntermediate result: 0.638  (Index 44)[0m
Epoch 00045 | Time 0.0125s | L(tr) 0.1080 | A(tr) 0.9833 | L(val) 0.9070 | A(val) 0.6380 
[2026-04-20 12:46:44] [32mIntermediate result: 0.67  (Index 45)[0m
Epoch 00046 | Time 0.0131s | L(tr) 0.1080 | A(tr) 1.0000 | L(val) 0.8938 | A(val) 0.6700 
[2026-04-20 12:46:44] [32mIntermediate result: 0.656  (Index 46)[0m
Epoch 00047 | Time 0.0112s | L(tr) 0.0839 | A(tr) 1.0000 | L(val) 0.8967 | A(val) 0.6560 
[2026-04-20 12:46:44] [32mIntermediate result: 0.652  (Index 47)[0m
Epoch 00048 | Time 0.0114s | L(tr) 0.1282 | A(tr) 0.9667 | L(val) 0.8535 | A(val) 0.6520 
[2026-04-20 12:46:44] [32mIntermediate result: 0.646  (Index 48)[0m
Epoch 00049 | Time 0.0112s | L(tr) 0.1034 | A(tr) 1.0000 | L(val) 0.8843 | A(val) 0.6460 
[2026-04-20 12:46:44] [32mIntermediate result: 0.646  (Index 49)[0m
Epoch 00050 | Time 0.0140s | L(tr) 0.1064 | A(tr) 0.9833 | L(val) 0.8739 | A(val) 0.6460 
[2026-04-20 12:46:44] [32mIntermediate result: 0.656  (Index 50)[0m
Epoch 00051 | Time 0.0111s | L(tr) 0.0766 | A(tr) 1.0000 | L(val) 0.8555 | A(val) 0.6560 
[2026-04-20 12:46:44] [32mIntermediate result: 0.66  (Index 51)[0m
Epoch 00052 | Time 0.0125s | L(tr) 0.0823 | A(tr) 1.0000 | L(val) 0.8598 | A(val) 0.6600 
[2026-04-20 12:46:44] [32mIntermediate result: 0.654  (Index 52)[0m
Epoch 00053 | Time 0.0105s | L(tr) 0.0792 | A(tr) 1.0000 | L(val) 0.8487 | A(val) 0.6540 
[2026-04-20 12:46:44] [32mIntermediate result: 0.658  (Index 53)[0m
Epoch 00054 | Time 0.0112s | L(tr) 0.0644 | A(tr) 1.0000 | L(val) 0.8436 | A(val) 0.6580 
[2026-04-20 12:46:44] [32mIntermediate result: 0.666  (Index 54)[0m
Epoch 00055 | Time 0.0098s | L(tr) 0.0991 | A(tr) 1.0000 | L(val) 0.8709 | A(val) 0.6660 
[2026-04-20 12:46:44] [32mIntermediate result: 0.662  (Index 55)[0m
Epoch 00056 | Time 0.0106s | L(tr) 0.0698 | A(tr) 1.0000 | L(val) 0.8849 | A(val) 0.6620 
[2026-04-20 12:46:44] [32mIntermediate result: 0.652  (Index 56)[0m
Epoch 00057 | Time 0.0108s | L(tr) 0.0799 | A(tr) 1.0000 | L(val) 0.8613 | A(val) 0.6520 
[2026-04-20 12:46:44] [32mIntermediate result: 0.644  (Index 57)[0m
Epoch 00058 | Time 0.0132s | L(tr) 0.1015 | A(tr) 0.9833 | L(val) 0.8733 | A(val) 0.6440 
[2026-04-20 12:46:44] [32mIntermediate result: 0.644  (Index 58)[0m
Epoch 00059 | Time 0.0118s | L(tr) 0.0881 | A(tr) 1.0000 | L(val) 0.8763 | A(val) 0.6440 
[2026-04-20 12:46:44] [32mIntermediate result: 0.64  (Index 59)[0m
Epoch 00060 | Time 0.0142s | L(tr) 0.0952 | A(tr) 0.9833 | L(val) 0.8839 | A(val) 0.6400 
[2026-04-20 12:46:44] [32mIntermediate result: 0.636  (Index 60)[0m
Epoch 00061 | Time 0.0127s | L(tr) 0.1126 | A(tr) 1.0000 | L(val) 0.8952 | A(val) 0.6360 
[2026-04-20 12:46:44] [32mIntermediate result: 0.638  (Index 61)[0m
Epoch 00062 | Time 0.0129s | L(tr) 0.0708 | A(tr) 1.0000 | L(val) 0.9356 | A(val) 0.6380 
[2026-04-20 12:46:44] [32mIntermediate result: 0.646  (Index 62)[0m
Epoch 00063 | Time 0.0138s | L(tr) 0.0773 | A(tr) 1.0000 | L(val) 0.9284 | A(val) 0.6460 
[2026-04-20 12:46:44] [32mIntermediate result: 0.646  (Index 63)[0m
Epoch 00064 | Time 0.0179s | L(tr) 0.0835 | A(tr) 1.0000 | L(val) 0.8904 | A(val) 0.6460 
[2026-04-20 12:46:44] [32mIntermediate result: 0.64  (Index 64)[0m
Epoch 00065 | Time 0.0137s | L(tr) 0.0809 | A(tr) 0.9833 | L(val) 0.8796 | A(val) 0.6400 
[2026-04-20 12:46:44] [32mIntermediate result: 0.65  (Index 65)[0m
Epoch 00066 | Time 0.0117s | L(tr) 0.0984 | A(tr) 1.0000 | L(val) 0.8785 | A(val) 0.6500 
[2026-04-20 12:46:44] [32mIntermediate result: 0.664  (Index 66)[0m
Epoch 00067 | Time 0.0130s | L(tr) 0.0815 | A(tr) 1.0000 | L(val) 0.9037 | A(val) 0.6640 
[2026-04-20 12:46:44] [32mIntermediate result: 0.666  (Index 67)[0m
Epoch 00068 | Time 0.0087s | L(tr) 0.0873 | A(tr) 1.0000 | L(val) 0.8735 | A(val) 0.6660 
[2026-04-20 12:46:44] [32mIntermediate result: 0.642  (Index 68)[0m
Epoch 00069 | Time 0.0096s | L(tr) 0.0655 | A(tr) 1.0000 | L(val) 0.8667 | A(val) 0.6420 
[2026-04-20 12:46:44] [32mIntermediate result: 0.654  (Index 69)[0m
Epoch 00070 | Time 0.0105s | L(tr) 0.1016 | A(tr) 0.9667 | L(val) 0.8647 | A(val) 0.6540 
[2026-04-20 12:46:44] [32mIntermediate result: 0.662  (Index 70)[0m
Epoch 00071 | Time 0.0132s | L(tr) 0.0950 | A(tr) 1.0000 | L(val) 0.8805 | A(val) 0.6620 
[2026-04-20 12:46:44] [32mIntermediate result: 0.656  (Index 71)[0m
Epoch 00072 | Time 0.0142s | L(tr) 0.0714 | A(tr) 1.0000 | L(val) 0.9070 | A(val) 0.6560 
[2026-04-20 12:46:44] [32mIntermediate result: 0.668  (Index 72)[0m
Epoch 00073 | Time 0.0125s | L(tr) 0.0900 | A(tr) 1.0000 | L(val) 0.8621 | A(val) 0.6680 
[2026-04-20 12:46:44] [32mIntermediate result: 0.67  (Index 73)[0m
Epoch 00074 | Time 0.0101s | L(tr) 0.0955 | A(tr) 1.0000 | L(val) 0.8537 | A(val) 0.6700 
[2026-04-20 12:46:44] [32mIntermediate result: 0.652  (Index 74)[0m
Epoch 00075 | Time 0.0128s | L(tr) 0.0838 | A(tr) 0.9833 | L(val) 0.8704 | A(val) 0.6520 
[2026-04-20 12:46:44] [32mIntermediate result: 0.656  (Index 75)[0m
Epoch 00076 | Time 0.0124s | L(tr) 0.1107 | A(tr) 0.9833 | L(val) 0.8669 | A(val) 0.6560 
[2026-04-20 12:46:44] [32mIntermediate result: 0.668  (Index 76)[0m
Epoch 00077 | Time 0.0119s | L(tr) 0.0714 | A(tr) 1.0000 | L(val) 0.8573 | A(val) 0.6680 
[2026-04-20 12:46:44] [32mIntermediate result: 0.652  (Index 77)[0m
Epoch 00078 | Time 0.0126s | L(tr) 0.0898 | A(tr) 1.0000 | L(val) 0.8639 | A(val) 0.6520 
[2026-04-20 12:46:44] [32mIntermediate result: 0.66  (Index 78)[0m
Epoch 00079 | Time 0.0128s | L(tr) 0.0777 | A(tr) 1.0000 | L(val) 0.8668 | A(val) 0.6600 
[2026-04-20 12:46:44] [32mIntermediate result: 0.664  (Index 79)[0m
Epoch 00080 | Time 0.0125s | L(tr) 0.0938 | A(tr) 1.0000 | L(val) 0.9041 | A(val) 0.6640 
[2026-04-20 12:46:44] [32mIntermediate result: 0.642  (Index 80)[0m
Epoch 00081 | Time 0.0144s | L(tr) 0.0955 | A(tr) 1.0000 | L(val) 0.8725 | A(val) 0.6420 
[2026-04-20 12:46:44] [32mIntermediate result: 0.65  (Index 81)[0m
Epoch 00082 | Time 0.0132s | L(tr) 0.0807 | A(tr) 1.0000 | L(val) 0.8599 | A(val) 0.6500 
[2026-04-20 12:46:44] [32mIntermediate result: 0.662  (Index 82)[0m
Epoch 00083 | Time 0.0124s | L(tr) 0.0612 | A(tr) 1.0000 | L(val) 0.8615 | A(val) 0.6620 
[2026-04-20 12:46:44] [32mIntermediate result: 0.654  (Index 83)[0m
Epoch 00084 | Time 0.0126s | L(tr) 0.0764 | A(tr) 1.0000 | L(val) 0.8842 | A(val) 0.6540 
[2026-04-20 12:46:44] [32mIntermediate result: 0.656  (Index 84)[0m
Epoch 00085 | Time 0.0120s | L(tr) 0.1160 | A(tr) 0.9833 | L(val) 0.8673 | A(val) 0.6560 
[2026-04-20 12:46:44] [32mIntermediate result: 0.65  (Index 85)[0m
Epoch 00086 | Time 0.0121s | L(tr) 0.0738 | A(tr) 1.0000 | L(val) 0.8588 | A(val) 0.6500 
[2026-04-20 12:46:44] [32mIntermediate result: 0.652  (Index 86)[0m
Epoch 00087 | Time 0.0117s | L(tr) 0.0712 | A(tr) 1.0000 | L(val) 0.8626 | A(val) 0.6520 
[2026-04-20 12:46:44] [32mIntermediate result: 0.652  (Index 87)[0m
Epoch 00088 | Time 0.0127s | L(tr) 0.0738 | A(tr) 1.0000 | L(val) 0.8609 | A(val) 0.6520 
[2026-04-20 12:46:44] [32mIntermediate result: 0.646  (Index 88)[0m
Epoch 00089 | Time 0.0120s | L(tr) 0.1105 | A(tr) 1.0000 | L(val) 0.8748 | A(val) 0.6460 
[2026-04-20 12:46:44] [32mIntermediate result: 0.648  (Index 89)[0m
Epoch 00090 | Time 0.0117s | L(tr) 0.0978 | A(tr) 1.0000 | L(val) 0.8767 | A(val) 0.6480 
[2026-04-20 12:46:44] [32mIntermediate result: 0.652  (Index 90)[0m
Epoch 00091 | Time 0.0121s | L(tr) 0.1190 | A(tr) 1.0000 | L(val) 0.8654 | A(val) 0.6520 
[2026-04-20 12:46:44] [32mIntermediate result: 0.648  (Index 91)[0m
Epoch 00092 | Time 0.0131s | L(tr) 0.0900 | A(tr) 0.9833 | L(val) 0.8663 | A(val) 0.6480 
[2026-04-20 12:46:44] [32mIntermediate result: 0.64  (Index 92)[0m
Epoch 00093 | Time 0.0123s | L(tr) 0.0557 | A(tr) 1.0000 | L(val) 0.8715 | A(val) 0.6400 
[2026-04-20 12:46:44] [32mIntermediate result: 0.646  (Index 93)[0m
Epoch 00094 | Time 0.0125s | L(tr) 0.0854 | A(tr) 0.9833 | L(val) 0.8854 | A(val) 0.6460 
[2026-04-20 12:46:44] [32mIntermediate result: 0.638  (Index 94)[0m
Epoch 00095 | Time 0.0120s | L(tr) 0.0795 | A(tr) 0.9833 | L(val) 0.9128 | A(val) 0.6380 
[2026-04-20 12:46:44] [32mIntermediate result: 0.656  (Index 95)[0m
Epoch 00096 | Time 0.0125s | L(tr) 0.0943 | A(tr) 1.0000 | L(val) 0.8665 | A(val) 0.6560 
[2026-04-20 12:46:44] [32mIntermediate result: 0.642  (Index 96)[0m
Epoch 00097 | Time 0.0126s | L(tr) 0.0767 | A(tr) 1.0000 | L(val) 0.8554 | A(val) 0.6420 
[2026-04-20 12:46:44] [32mIntermediate result: 0.646  (Index 97)[0m
Epoch 00098 | Time 0.0127s | L(tr) 0.0800 | A(tr) 1.0000 | L(val) 0.8568 | A(val) 0.6460 
[2026-04-20 12:46:44] [32mIntermediate result: 0.654  (Index 98)[0m
Epoch 00099 | Time 0.0115s | L(tr) 0.0742 | A(tr) 1.0000 | L(val) 0.8484 | A(val) 0.6540 
[2026-04-20 12:46:44] [32mIntermediate result: 0.66  (Index 99)[0m
Epoch 00100 | Time 0.0096s | L(tr) 0.0777 | A(tr) 1.0000 | L(val) 0.8417 | A(val) 0.6600 
[2026-04-20 12:46:44] [32mIntermediate result: 0.674  (Index 100)[0m
Epoch 00101 | Time 0.0131s | L(tr) 0.0772 | A(tr) 1.0000 | L(val) 0.8451 | A(val) 0.6740 
[2026-04-20 12:46:44] [32mIntermediate result: 0.66  (Index 101)[0m
Epoch 00102 | Time 0.0119s | L(tr) 0.0990 | A(tr) 0.9833 | L(val) 0.8733 | A(val) 0.6600 
[2026-04-20 12:46:44] [32mIntermediate result: 0.654  (Index 102)[0m
Epoch 00103 | Time 0.0111s | L(tr) 0.1022 | A(tr) 0.9833 | L(val) 0.8512 | A(val) 0.6540 
[2026-04-20 12:46:44] [32mIntermediate result: 0.638  (Index 103)[0m
Epoch 00104 | Time 0.0095s | L(tr) 0.0826 | A(tr) 1.0000 | L(val) 0.8588 | A(val) 0.6380 
[2026-04-20 12:46:45] [32mIntermediate result: 0.65  (Index 104)[0m
Epoch 00105 | Time 0.0126s | L(tr) 0.0861 | A(tr) 1.0000 | L(val) 0.8641 | A(val) 0.6500 
[2026-04-20 12:46:45] [32mIntermediate result: 0.66  (Index 105)[0m
Epoch 00106 | Time 0.0132s | L(tr) 0.0851 | A(tr) 1.0000 | L(val) 0.9431 | A(val) 0.6600 
[2026-04-20 12:46:45] [32mIntermediate result: 0.656  (Index 106)[0m
Epoch 00107 | Time 0.0121s | L(tr) 0.0968 | A(tr) 1.0000 | L(val) 0.9621 | A(val) 0.6560 
[2026-04-20 12:46:45] [32mIntermediate result: 0.636  (Index 107)[0m
Epoch 00108 | Time 0.0116s | L(tr) 0.1025 | A(tr) 0.9833 | L(val) 0.8902 | A(val) 0.6360 
[2026-04-20 12:46:45] [32mIntermediate result: 0.628  (Index 108)[0m
Epoch 00109 | Time 0.0100s | L(tr) 0.0700 | A(tr) 1.0000 | L(val) 0.8973 | A(val) 0.6280 
[2026-04-20 12:46:45] [32mIntermediate result: 0.64  (Index 109)[0m
Epoch 00110 | Time 0.0111s | L(tr) 0.0983 | A(tr) 0.9833 | L(val) 0.8862 | A(val) 0.6400 
[2026-04-20 12:46:45] [32mIntermediate result: 0.654  (Index 110)[0m
Epoch 00111 | Time 0.0119s | L(tr) 0.0834 | A(tr) 1.0000 | L(val) 0.9357 | A(val) 0.6540 
[2026-04-20 12:46:45] [32mIntermediate result: 0.65  (Index 111)[0m
Epoch 00112 | Time 0.0129s | L(tr) 0.0682 | A(tr) 1.0000 | L(val) 0.9819 | A(val) 0.6500 
[2026-04-20 12:46:45] [32mIntermediate result: 0.662  (Index 112)[0m
Epoch 00113 | Time 0.0128s | L(tr) 0.0999 | A(tr) 1.0000 | L(val) 0.9060 | A(val) 0.6620 
[2026-04-20 12:46:45] [32mIntermediate result: 0.646  (Index 113)[0m
Epoch 00114 | Time 0.0138s | L(tr) 0.0809 | A(tr) 0.9833 | L(val) 0.8597 | A(val) 0.6460 
[2026-04-20 12:46:45] [32mIntermediate result: 0.65  (Index 114)[0m
Epoch 00115 | Time 0.0113s | L(tr) 0.0851 | A(tr) 1.0000 | L(val) 0.8618 | A(val) 0.6500 
[2026-04-20 12:46:45] [32mIntermediate result: 0.668  (Index 115)[0m
Epoch 00116 | Time 0.0111s | L(tr) 0.0927 | A(tr) 1.0000 | L(val) 0.8328 | A(val) 0.6680 
[2026-04-20 12:46:45] [32mIntermediate result: 0.658  (Index 116)[0m
Epoch 00117 | Time 0.0133s | L(tr) 0.0966 | A(tr) 1.0000 | L(val) 0.8392 | A(val) 0.6580 
[2026-04-20 12:46:45] [32mIntermediate result: 0.662  (Index 117)[0m
Epoch 00118 | Time 0.0135s | L(tr) 0.0815 | A(tr) 1.0000 | L(val) 0.8541 | A(val) 0.6620 
[2026-04-20 12:46:45] [32mIntermediate result: 0.652  (Index 118)[0m
Epoch 00119 | Time 0.0148s | L(tr) 0.0866 | A(tr) 1.0000 | L(val) 0.8470 | A(val) 0.6520 
[2026-04-20 12:46:45] [32mIntermediate result: 0.656  (Index 119)[0m
Epoch 00120 | Time 0.0153s | L(tr) 0.0854 | A(tr) 1.0000 | L(val) 0.8664 | A(val) 0.6560 
[2026-04-20 12:46:45] [32mIntermediate result: 0.66  (Index 120)[0m
Epoch 00121 | Time 0.0138s | L(tr) 0.0868 | A(tr) 1.0000 | L(val) 0.8560 | A(val) 0.6600 
[2026-04-20 12:46:45] [32mIntermediate result: 0.656  (Index 121)[0m
Epoch 00122 | Time 0.0115s | L(tr) 0.1036 | A(tr) 1.0000 | L(val) 0.8589 | A(val) 0.6560 
[2026-04-20 12:46:45] [32mIntermediate result: 0.66  (Index 122)[0m
Epoch 00123 | Time 0.0137s | L(tr) 0.0872 | A(tr) 1.0000 | L(val) 0.8610 | A(val) 0.6600 
[2026-04-20 12:46:45] [32mIntermediate result: 0.656  (Index 123)[0m
Epoch 00124 | Time 0.0110s | L(tr) 0.0733 | A(tr) 0.9833 | L(val) 0.8525 | A(val) 0.6560 
[2026-04-20 12:46:45] [32mIntermediate result: 0.648  (Index 124)[0m
Epoch 00125 | Time 0.0131s | L(tr) 0.0858 | A(tr) 1.0000 | L(val) 0.8538 | A(val) 0.6480 
[2026-04-20 12:46:45] [32mIntermediate result: 0.652  (Index 125)[0m
Epoch 00126 | Time 0.0110s | L(tr) 0.0670 | A(tr) 1.0000 | L(val) 0.8712 | A(val) 0.6520 
[2026-04-20 12:46:45] [32mIntermediate result: 0.652  (Index 126)[0m
Epoch 00127 | Time 0.0116s | L(tr) 0.0728 | A(tr) 0.9833 | L(val) 0.8788 | A(val) 0.6520 
[2026-04-20 12:46:45] [32mIntermediate result: 0.656  (Index 127)[0m
Epoch 00128 | Time 0.0115s | L(tr) 0.0853 | A(tr) 1.0000 | L(val) 0.8933 | A(val) 0.6560 
[2026-04-20 12:46:45] [32mIntermediate result: 0.642  (Index 128)[0m
Epoch 00129 | Time 0.0107s | L(tr) 0.1073 | A(tr) 0.9833 | L(val) 0.8862 | A(val) 0.6420 
[2026-04-20 12:46:45] [32mIntermediate result: 0.658  (Index 129)[0m
Epoch 00130 | Time 0.0095s | L(tr) 0.1205 | A(tr) 1.0000 | L(val) 0.8668 | A(val) 0.6580 
[2026-04-20 12:46:45] [32mIntermediate result: 0.648  (Index 130)[0m
Epoch 00131 | Time 0.0089s | L(tr) 0.1126 | A(tr) 0.9833 | L(val) 0.8702 | A(val) 0.6480 
[2026-04-20 12:46:45] [32mIntermediate result: 0.644  (Index 131)[0m
Epoch 00132 | Time 0.0135s | L(tr) 0.1219 | A(tr) 0.9667 | L(val) 0.8714 | A(val) 0.6440 
[2026-04-20 12:46:45] [32mIntermediate result: 0.66  (Index 132)[0m
Epoch 00133 | Time 0.0130s | L(tr) 0.0830 | A(tr) 1.0000 | L(val) 0.8653 | A(val) 0.6600 
[2026-04-20 12:46:45] [32mIntermediate result: 0.656  (Index 133)[0m
Epoch 00134 | Time 0.0124s | L(tr) 0.0739 | A(tr) 1.0000 | L(val) 0.8900 | A(val) 0.6560 
[2026-04-20 12:46:45] [32mIntermediate result: 0.666  (Index 134)[0m
Epoch 00135 | Time 0.0117s | L(tr) 0.0934 | A(tr) 1.0000 | L(val) 0.8564 | A(val) 0.6660 
[2026-04-20 12:46:45] [32mIntermediate result: 0.672  (Index 135)[0m
Epoch 00136 | Time 0.0107s | L(tr) 0.1031 | A(tr) 0.9833 | L(val) 0.8448 | A(val) 0.6720 
[2026-04-20 12:46:45] [32mIntermediate result: 0.658  (Index 136)[0m
Epoch 00137 | Time 0.0112s | L(tr) 0.0909 | A(tr) 1.0000 | L(val) 0.8470 | A(val) 0.6580 
[2026-04-20 12:46:45] [32mIntermediate result: 0.672  (Index 137)[0m
Epoch 00138 | Time 0.0130s | L(tr) 0.1099 | A(tr) 1.0000 | L(val) 0.8894 | A(val) 0.6720 
[2026-04-20 12:46:45] [32mIntermediate result: 0.66  (Index 138)[0m
Epoch 00139 | Time 0.0112s | L(tr) 0.0596 | A(tr) 1.0000 | L(val) 0.9356 | A(val) 0.6600 
[2026-04-20 12:46:45] [32mIntermediate result: 0.664  (Index 139)[0m
Epoch 00140 | Time 0.0118s | L(tr) 0.0975 | A(tr) 0.9833 | L(val) 0.8724 | A(val) 0.6640 
[2026-04-20 12:46:45] [32mIntermediate result: 0.66  (Index 140)[0m
Epoch 00141 | Time 0.0103s | L(tr) 0.0746 | A(tr) 1.0000 | L(val) 0.8561 | A(val) 0.6600 
[2026-04-20 12:46:45] [32mIntermediate result: 0.656  (Index 141)[0m
Epoch 00142 | Time 0.0145s | L(tr) 0.0636 | A(tr) 1.0000 | L(val) 0.8569 | A(val) 0.6560 
[2026-04-20 12:46:45] [32mIntermediate result: 0.656  (Index 142)[0m
Epoch 00143 | Time 0.0122s | L(tr) 0.0842 | A(tr) 1.0000 | L(val) 0.8621 | A(val) 0.6560 
[2026-04-20 12:46:45] [32mIntermediate result: 0.668  (Index 143)[0m
Epoch 00144 | Time 0.0129s | L(tr) 0.0737 | A(tr) 1.0000 | L(val) 0.9084 | A(val) 0.6680 
[2026-04-20 12:46:45] [32mIntermediate result: 0.66  (Index 144)[0m
Epoch 00145 | Time 0.0138s | L(tr) 0.0987 | A(tr) 0.9833 | L(val) 0.8674 | A(val) 0.6600 
[2026-04-20 12:46:45] [32mIntermediate result: 0.642  (Index 145)[0m
Epoch 00146 | Time 0.0132s | L(tr) 0.1045 | A(tr) 1.0000 | L(val) 0.8871 | A(val) 0.6420 
[2026-04-20 12:46:45] [32mIntermediate result: 0.658  (Index 146)[0m
Epoch 00147 | Time 0.0114s | L(tr) 0.0891 | A(tr) 1.0000 | L(val) 0.8543 | A(val) 0.6580 
[2026-04-20 12:46:45] [32mIntermediate result: 0.672  (Index 147)[0m
Epoch 00148 | Time 0.0142s | L(tr) 0.0853 | A(tr) 1.0000 | L(val) 0.8721 | A(val) 0.6720 
[2026-04-20 12:46:45] [32mIntermediate result: 0.67  (Index 148)[0m
Epoch 00149 | Time 0.0112s | L(tr) 0.0993 | A(tr) 1.0000 | L(val) 0.8596 | A(val) 0.6700 
[2026-04-20 12:46:45] [32mIntermediate result: 0.66  (Index 149)[0m
Epoch 00150 | Time 0.0149s | L(tr) 0.0828 | A(tr) 1.0000 | L(val) 0.8351 | A(val) 0.6600 
[2026-04-20 12:46:45] [32mIntermediate result: 0.656  (Index 150)[0m
Epoch 00151 | Time 0.0141s | L(tr) 0.1107 | A(tr) 0.9833 | L(val) 0.8345 | A(val) 0.6560 
[2026-04-20 12:46:45] [32mIntermediate result: 0.658  (Index 151)[0m
Epoch 00152 | Time 0.0134s | L(tr) 0.0721 | A(tr) 1.0000 | L(val) 0.8390 | A(val) 0.6580 
[2026-04-20 12:46:45] [32mIntermediate result: 0.658  (Index 152)[0m
Epoch 00153 | Time 0.0119s | L(tr) 0.0839 | A(tr) 0.9833 | L(val) 0.8506 | A(val) 0.6580 
[2026-04-20 12:46:45] [32mIntermediate result: 0.666  (Index 153)[0m
Epoch 00154 | Time 0.0096s | L(tr) 0.1063 | A(tr) 1.0000 | L(val) 0.8663 | A(val) 0.6660 
[2026-04-20 12:46:45] [32mIntermediate result: 0.66  (Index 154)[0m
Epoch 00155 | Time 0.0117s | L(tr) 0.0660 | A(tr) 1.0000 | L(val) 0.8622 | A(val) 0.6600 
[2026-04-20 12:46:45] [32mIntermediate result: 0.66  (Index 155)[0m
Epoch 00156 | Time 0.0132s | L(tr) 0.0851 | A(tr) 1.0000 | L(val) 0.8518 | A(val) 0.6600 
[2026-04-20 12:46:45] [32mIntermediate result: 0.654  (Index 156)[0m
Epoch 00157 | Time 0.0135s | L(tr) 0.0840 | A(tr) 1.0000 | L(val) 0.8502 | A(val) 0.6540 
[2026-04-20 12:46:45] [32mIntermediate result: 0.668  (Index 157)[0m
Epoch 00158 | Time 0.0119s | L(tr) 0.0948 | A(tr) 1.0000 | L(val) 0.8511 | A(val) 0.6680 
[2026-04-20 12:46:45] [32mIntermediate result: 0.67  (Index 158)[0m
Epoch 00159 | Time 0.0108s | L(tr) 0.0837 | A(tr) 1.0000 | L(val) 0.8564 | A(val) 0.6700 
[2026-04-20 12:46:45] [32mIntermediate result: 0.662  (Index 159)[0m
Epoch 00160 | Time 0.0106s | L(tr) 0.0965 | A(tr) 0.9833 | L(val) 0.8496 | A(val) 0.6620 
[2026-04-20 12:46:45] [32mIntermediate result: 0.654  (Index 160)[0m
Epoch 00161 | Time 0.0114s | L(tr) 0.0877 | A(tr) 1.0000 | L(val) 0.8550 | A(val) 0.6540 
[2026-04-20 12:46:45] [32mIntermediate result: 0.668  (Index 161)[0m
Epoch 00162 | Time 0.0129s | L(tr) 0.0922 | A(tr) 1.0000 | L(val) 0.8618 | A(val) 0.6680 
[2026-04-20 12:46:45] [32mIntermediate result: 0.664  (Index 162)[0m
Epoch 00163 | Time 0.0113s | L(tr) 0.0874 | A(tr) 1.0000 | L(val) 0.8574 | A(val) 0.6640 
[2026-04-20 12:46:45] [32mIntermediate result: 0.656  (Index 163)[0m
Epoch 00164 | Time 0.0116s | L(tr) 0.0862 | A(tr) 0.9833 | L(val) 0.8502 | A(val) 0.6560 
[2026-04-20 12:46:45] [32mIntermediate result: 0.66  (Index 164)[0m
Epoch 00165 | Time 0.0104s | L(tr) 0.0955 | A(tr) 0.9833 | L(val) 0.8447 | A(val) 0.6600 
[2026-04-20 12:46:45] [32mIntermediate result: 0.676  (Index 165)[0m
Epoch 00166 | Time 0.0111s | L(tr) 0.0870 | A(tr) 1.0000 | L(val) 0.8560 | A(val) 0.6760 
[2026-04-20 12:46:45] [32mIntermediate result: 0.664  (Index 166)[0m
Epoch 00167 | Time 0.0126s | L(tr) 0.0847 | A(tr) 0.9833 | L(val) 0.8363 | A(val) 0.6640 
[2026-04-20 12:46:45] [32mIntermediate result: 0.666  (Index 167)[0m
Epoch 00168 | Time 0.0100s | L(tr) 0.0831 | A(tr) 1.0000 | L(val) 0.8318 | A(val) 0.6660 
[2026-04-20 12:46:45] [32mIntermediate result: 0.662  (Index 168)[0m
Epoch 00169 | Time 0.0091s | L(tr) 0.0910 | A(tr) 1.0000 | L(val) 0.8413 | A(val) 0.6620 
[2026-04-20 12:46:45] [32mIntermediate result: 0.662  (Index 169)[0m
Epoch 00170 | Time 0.0091s | L(tr) 0.0911 | A(tr) 1.0000 | L(val) 0.8487 | A(val) 0.6620 
[2026-04-20 12:46:45] [32mIntermediate result: 0.668  (Index 170)[0m
Epoch 00171 | Time 0.0109s | L(tr) 0.0923 | A(tr) 1.0000 | L(val) 0.8989 | A(val) 0.6680 
[2026-04-20 12:46:45] [32mIntermediate result: 0.666  (Index 171)[0m
Epoch 00172 | Time 0.0114s | L(tr) 0.0930 | A(tr) 1.0000 | L(val) 0.8800 | A(val) 0.6660 
[2026-04-20 12:46:45] [32mIntermediate result: 0.668  (Index 172)[0m
Epoch 00173 | Time 0.0117s | L(tr) 0.0903 | A(tr) 1.0000 | L(val) 0.8539 | A(val) 0.6680 
[2026-04-20 12:46:45] [32mIntermediate result: 0.66  (Index 173)[0m
Epoch 00174 | Time 0.0109s | L(tr) 0.0811 | A(tr) 1.0000 | L(val) 0.8546 | A(val) 0.6600 
[2026-04-20 12:46:45] [32mIntermediate result: 0.664  (Index 174)[0m
Epoch 00175 | Time 0.0113s | L(tr) 0.0536 | A(tr) 1.0000 | L(val) 0.8476 | A(val) 0.6640 
[2026-04-20 12:46:45] [32mIntermediate result: 0.672  (Index 175)[0m
Epoch 00176 | Time 0.0114s | L(tr) 0.0944 | A(tr) 1.0000 | L(val) 0.8399 | A(val) 0.6720 
[2026-04-20 12:46:45] [32mIntermediate result: 0.664  (Index 176)[0m
Epoch 00177 | Time 0.0126s | L(tr) 0.0939 | A(tr) 0.9833 | L(val) 0.8398 | A(val) 0.6640 
[2026-04-20 12:46:45] [32mIntermediate result: 0.662  (Index 177)[0m
Epoch 00178 | Time 0.0119s | L(tr) 0.0856 | A(tr) 1.0000 | L(val) 0.8505 | A(val) 0.6620 
[2026-04-20 12:46:45] [32mIntermediate result: 0.666  (Index 178)[0m
Epoch 00179 | Time 0.0107s | L(tr) 0.0964 | A(tr) 1.0000 | L(val) 0.8337 | A(val) 0.6660 
[2026-04-20 12:46:45] [32mIntermediate result: 0.668  (Index 179)[0m
Epoch 00180 | Time 0.0144s | L(tr) 0.0657 | A(tr) 1.0000 | L(val) 0.8373 | A(val) 0.6680 
[2026-04-20 12:46:45] [32mIntermediate result: 0.666  (Index 180)[0m
Epoch 00181 | Time 0.0088s | L(tr) 0.0810 | A(tr) 1.0000 | L(val) 0.8553 | A(val) 0.6660 
[2026-04-20 12:46:45] [32mIntermediate result: 0.656  (Index 181)[0m
Epoch 00182 | Time 0.0101s | L(tr) 0.0933 | A(tr) 1.0000 | L(val) 0.8575 | A(val) 0.6560 
[2026-04-20 12:46:45] [32mIntermediate result: 0.648  (Index 182)[0m
Epoch 00183 | Time 0.0100s | L(tr) 0.1066 | A(tr) 0.9833 | L(val) 0.9511 | A(val) 0.6480 
[2026-04-20 12:46:45] [32mIntermediate result: 0.64  (Index 183)[0m
Epoch 00184 | Time 0.0132s | L(tr) 0.1109 | A(tr) 0.9833 | L(val) 0.9337 | A(val) 0.6400 
[2026-04-20 12:46:45] [32mIntermediate result: 0.642  (Index 184)[0m
Epoch 00185 | Time 0.0125s | L(tr) 0.1079 | A(tr) 0.9833 | L(val) 0.8959 | A(val) 0.6420 
[2026-04-20 12:46:45] [32mIntermediate result: 0.628  (Index 185)[0m
Epoch 00186 | Time 0.0141s | L(tr) 0.0971 | A(tr) 0.9833 | L(val) 0.9040 | A(val) 0.6280 
[2026-04-20 12:46:46] [32mIntermediate result: 0.628  (Index 186)[0m
Epoch 00187 | Time 0.0132s | L(tr) 0.1098 | A(tr) 1.0000 | L(val) 0.9152 | A(val) 0.6280 
[2026-04-20 12:46:46] [32mIntermediate result: 0.646  (Index 187)[0m
Epoch 00188 | Time 0.0117s | L(tr) 0.0785 | A(tr) 1.0000 | L(val) 0.9866 | A(val) 0.6460 
[2026-04-20 12:46:46] [32mIntermediate result: 0.638  (Index 188)[0m
Epoch 00189 | Time 0.0102s | L(tr) 0.0658 | A(tr) 1.0000 | L(val) 0.9573 | A(val) 0.6380 
[2026-04-20 12:46:46] [32mIntermediate result: 0.63  (Index 189)[0m
Epoch 00190 | Time 0.0129s | L(tr) 0.0943 | A(tr) 1.0000 | L(val) 0.9019 | A(val) 0.6300 
[2026-04-20 12:46:46] [32mIntermediate result: 0.648  (Index 190)[0m
Epoch 00191 | Time 0.0103s | L(tr) 0.0868 | A(tr) 1.0000 | L(val) 0.9154 | A(val) 0.6480 
[2026-04-20 12:46:46] [32mIntermediate result: 0.672  (Index 191)[0m
Epoch 00192 | Time 0.0100s | L(tr) 0.0926 | A(tr) 1.0000 | L(val) 0.8780 | A(val) 0.6720 
[2026-04-20 12:46:46] [32mIntermediate result: 0.668  (Index 192)[0m
Epoch 00193 | Time 0.0102s | L(tr) 0.1031 | A(tr) 0.9833 | L(val) 0.8907 | A(val) 0.6680 
[2026-04-20 12:46:46] [32mIntermediate result: 0.666  (Index 193)[0m
Epoch 00194 | Time 0.0125s | L(tr) 0.0642 | A(tr) 1.0000 | L(val) 0.9269 | A(val) 0.6660 
[2026-04-20 12:46:46] [32mIntermediate result: 0.666  (Index 194)[0m
Epoch 00195 | Time 0.0114s | L(tr) 0.0993 | A(tr) 0.9833 | L(val) 0.8870 | A(val) 0.6660 
[2026-04-20 12:46:46] [32mIntermediate result: 0.654  (Index 195)[0m
Epoch 00196 | Time 0.0088s | L(tr) 0.0713 | A(tr) 1.0000 | L(val) 0.8608 | A(val) 0.6540 
[2026-04-20 12:46:46] [32mIntermediate result: 0.648  (Index 196)[0m
Epoch 00197 | Time 0.0104s | L(tr) 0.0825 | A(tr) 1.0000 | L(val) 0.8604 | A(val) 0.6480 
[2026-04-20 12:46:46] [32mIntermediate result: 0.664  (Index 197)[0m
Epoch 00198 | Time 0.0114s | L(tr) 0.0892 | A(tr) 0.9833 | L(val) 0.8460 | A(val) 0.6640 
[2026-04-20 12:46:46] [32mIntermediate result: 0.656  (Index 198)[0m
Epoch 00199 | Time 0.0086s | L(tr) 0.0827 | A(tr) 1.0000 | L(val) 0.8926 | A(val) 0.6560 
[2026-04-20 12:46:46] [32mIntermediate result: 0.658  (Index 199)[0m
Epoch 00200 | Time 0.0141s | L(tr) 0.1174 | A(tr) 1.0000 | L(val) 0.8742 | A(val) 0.6580 
FINAL_RESULT: {'train': 0.8833333333333333, 'valid': 0.696, 'test': 0.759}
