[priority] Process priority set to IDLE
Namespace(dataset='blogcatalog', method='gcn', noise_type='instance', noise_rate=0.2, device='cuda:1', seed=3000, params_json='{"dropout": 0.8318517224127219, "n_hidden": 128, "n_layer": 3, "lr": 0.1, "weight_decay": 5e-05}', priority='idle')
[GPU] Slot acquired for cuda:1
DEBUG 3.1: Dataset init start
DEBUG 3.2: prepare_data start blogcatalog
----Data statistics------'
                Name: blogcatalog
                #Nodes 5196
                #Edges 171743
                #Classes 6
                #Ave_degree 66.11
----Split statistics------'
                #Train samples 259 (5.0 % of nodes)
                #Val samples 779 (15.0 % of nodes)
                #Test samples 4158 (remaining)
[Params] Overriding from --params_json: {'dropout': 0.8318517224127219, 'n_hidden': 128, 'n_layer': 3, 'lr': 0.1, 'weight_decay': 5e-05}
----label noise information:------
Instance dependent noise
#Actual noise rate 0.20 
[2026-04-22 02:56:51] [32mIntermediate result: 0.17329910141206675  (Index 0)[0m
Epoch 00001 | Time(s) 0.2505 | Loss(train) 1.7886 | Acc(train) 0.1853 | Loss(val) 156.7321 | Acc(val) 0.1733 | *
[2026-04-22 02:56:51] [32mIntermediate result: 0.1822849807445443  (Index 1)[0m
Epoch 00002 | Time(s) 0.0372 | Loss(train) 143.3362 | Acc(train) 0.1969 | Loss(val) 13.6347 | Acc(val) 0.1823 | *
[2026-04-22 02:56:51] [32mIntermediate result: 0.16174582798459564  (Index 2)[0m
Epoch 00003 | Time(s) 0.0322 | Loss(train) 13.7055 | Acc(train) 0.1660 | Loss(val) 4.2348 | Acc(val) 0.1617 | 
[2026-04-22 02:56:51] [32mIntermediate result: 0.15917843388960207  (Index 3)[0m
Epoch 00004 | Time(s) 0.0343 | Loss(train) 4.4337 | Acc(train) 0.1969 | Loss(val) 2.0637 | Acc(val) 0.1592 | 
[2026-04-22 02:56:51] [32mIntermediate result: 0.1822849807445443  (Index 4)[0m
Epoch 00005 | Time(s) 0.0325 | Loss(train) 2.1232 | Acc(train) 0.1506 | Loss(val) 2.7374 | Acc(val) 0.1823 | 
[2026-04-22 02:56:51] [32mIntermediate result: 0.15661103979460847  (Index 5)[0m
Epoch 00006 | Time(s) 0.0333 | Loss(train) 2.5422 | Acc(train) 0.1506 | Loss(val) 1.8975 | Acc(val) 0.1566 | 
[2026-04-22 02:56:51] [32mIntermediate result: 0.15661103979460847  (Index 6)[0m
Epoch 00007 | Time(s) 0.0332 | Loss(train) 1.9065 | Acc(train) 0.1853 | Loss(val) 1.8608 | Acc(val) 0.1566 | 
[2026-04-22 02:56:51] [32mIntermediate result: 0.15661103979460847  (Index 7)[0m
Epoch 00008 | Time(s) 0.0317 | Loss(train) 1.8623 | Acc(train) 0.1853 | Loss(val) 1.8519 | Acc(val) 0.1566 | 
[2026-04-22 02:56:51] [32mIntermediate result: 0.15661103979460847  (Index 8)[0m
Epoch 00009 | Time(s) 0.0294 | Loss(train) 1.8478 | Acc(train) 0.1853 | Loss(val) 1.8386 | Acc(val) 0.1566 | 
[2026-04-22 02:56:51] [32mIntermediate result: 0.15661103979460847  (Index 9)[0m
Epoch 00010 | Time(s) 0.0287 | Loss(train) 1.8334 | Acc(train) 0.1853 | Loss(val) 1.8308 | Acc(val) 0.1566 | 
[2026-04-22 02:56:51] [32mIntermediate result: 0.15661103979460847  (Index 10)[0m
Epoch 00011 | Time(s) 0.0282 | Loss(train) 1.8245 | Acc(train) 0.1853 | Loss(val) 1.8306 | Acc(val) 0.1566 | 
[2026-04-22 02:56:51] [32mIntermediate result: 0.15661103979460847  (Index 11)[0m
Epoch 00012 | Time(s) 0.0278 | Loss(train) 1.8239 | Acc(train) 0.1853 | Loss(val) 1.8294 | Acc(val) 0.1566 | 
[2026-04-22 02:56:51] [32mIntermediate result: 0.15661103979460847  (Index 12)[0m
Epoch 00013 | Time(s) 0.0306 | Loss(train) 1.8222 | Acc(train) 0.1853 | Loss(val) 1.8275 | Acc(val) 0.1566 | 
[2026-04-22 02:56:51] [32mIntermediate result: 0.15661103979460847  (Index 13)[0m
Epoch 00014 | Time(s) 0.0294 | Loss(train) 1.8198 | Acc(train) 0.1853 | Loss(val) 1.8251 | Acc(val) 0.1566 | 
[2026-04-22 02:56:51] [32mIntermediate result: 0.15661103979460847  (Index 14)[0m
Epoch 00015 | Time(s) 0.0293 | Loss(train) 1.8167 | Acc(train) 0.1853 | Loss(val) 1.8222 | Acc(val) 0.1566 | 
[2026-04-22 02:56:51] [32mIntermediate result: 0.15661103979460847  (Index 15)[0m
Epoch 00016 | Time(s) 0.0298 | Loss(train) 1.8132 | Acc(train) 0.1853 | Loss(val) 1.8192 | Acc(val) 0.1566 | 
[2026-04-22 02:56:51] [32mIntermediate result: 0.15661103979460847  (Index 16)[0m
Epoch 00017 | Time(s) 0.0291 | Loss(train) 1.8096 | Acc(train) 0.1853 | Loss(val) 1.8162 | Acc(val) 0.1566 | 
[2026-04-22 02:56:51] [32mIntermediate result: 0.15661103979460847  (Index 17)[0m
Epoch 00018 | Time(s) 0.0312 | Loss(train) 1.8059 | Acc(train) 0.1853 | Loss(val) 1.8134 | Acc(val) 0.1566 | 
[2026-04-22 02:56:51] [32mIntermediate result: 0.15661103979460847  (Index 18)[0m
Epoch 00019 | Time(s) 0.0295 | Loss(train) 1.8024 | Acc(train) 0.1853 | Loss(val) 1.8108 | Acc(val) 0.1566 | 
[2026-04-22 02:56:51] [32mIntermediate result: 0.15661103979460847  (Index 19)[0m
Epoch 00020 | Time(s) 0.0299 | Loss(train) 1.7992 | Acc(train) 0.1853 | Loss(val) 1.8085 | Acc(val) 0.1566 | 
[2026-04-22 02:56:51] [32mIntermediate result: 0.15661103979460847  (Index 20)[0m
Epoch 00021 | Time(s) 0.0296 | Loss(train) 1.7963 | Acc(train) 0.1853 | Loss(val) 1.8066 | Acc(val) 0.1566 | 
[2026-04-22 02:56:51] [32mIntermediate result: 0.15661103979460847  (Index 21)[0m
Epoch 00022 | Time(s) 0.0296 | Loss(train) 1.7939 | Acc(train) 0.1853 | Loss(val) 1.8051 | Acc(val) 0.1566 | 
[2026-04-22 02:56:51] [32mIntermediate result: 0.15661103979460847  (Index 22)[0m
Epoch 00023 | Time(s) 0.0296 | Loss(train) 1.7918 | Acc(train) 0.1853 | Loss(val) 1.8040 | Acc(val) 0.1566 | 
[2026-04-22 02:56:51] [32mIntermediate result: 0.15661103979460847  (Index 23)[0m
Epoch 00024 | Time(s) 0.0293 | Loss(train) 1.7902 | Acc(train) 0.1853 | Loss(val) 1.8033 | Acc(val) 0.1566 | 
[2026-04-22 02:56:51] [32mIntermediate result: 0.17329910141206675  (Index 24)[0m
Epoch 00025 | Time(s) 0.0297 | Loss(train) 1.7891 | Acc(train) 0.1853 | Loss(val) 1.8028 | Acc(val) 0.1733 | 
[2026-04-22 02:56:51] [32mIntermediate result: 0.17329910141206675  (Index 25)[0m
Epoch 00026 | Time(s) 0.0297 | Loss(train) 1.7882 | Acc(train) 0.1969 | Loss(val) 1.8026 | Acc(val) 0.1733 | 
[2026-04-22 02:56:51] [32mIntermediate result: 0.17329910141206675  (Index 26)[0m
Epoch 00027 | Time(s) 0.0293 | Loss(train) 1.7877 | Acc(train) 0.1969 | Loss(val) 1.8026 | Acc(val) 0.1733 | 
[2026-04-22 02:56:51] [32mIntermediate result: 0.17329910141206675  (Index 27)[0m
Epoch 00028 | Time(s) 0.0293 | Loss(train) 1.7875 | Acc(train) 0.1969 | Loss(val) 1.8027 | Acc(val) 0.1733 | 
[2026-04-22 02:56:51] [32mIntermediate result: 0.17329910141206675  (Index 28)[0m
Epoch 00029 | Time(s) 0.0297 | Loss(train) 1.7874 | Acc(train) 0.1969 | Loss(val) 1.8029 | Acc(val) 0.1733 | 
[2026-04-22 02:56:51] [32mIntermediate result: 0.17329910141206675  (Index 29)[0m
Epoch 00030 | Time(s) 0.0294 | Loss(train) 1.7874 | Acc(train) 0.1969 | Loss(val) 1.8031 | Acc(val) 0.1733 | 
[2026-04-22 02:56:51] [32mIntermediate result: 0.17329910141206675  (Index 30)[0m
Epoch 00031 | Time(s) 0.0296 | Loss(train) 1.7876 | Acc(train) 0.1969 | Loss(val) 1.8095 | Acc(val) 0.1733 | 
[2026-04-22 02:56:51] [32mIntermediate result: 0.17329910141206675  (Index 31)[0m
Epoch 00032 | Time(s) 0.0291 | Loss(train) 1.7903 | Acc(train) 0.1969 | Loss(val) 1.8033 | Acc(val) 0.1733 | 
[2026-04-22 02:56:51] [32mIntermediate result: 0.17329910141206675  (Index 32)[0m
Epoch 00033 | Time(s) 0.0291 | Loss(train) 1.7877 | Acc(train) 0.1969 | Loss(val) 1.8030 | Acc(val) 0.1733 | 
[2026-04-22 02:56:52] [32mIntermediate result: 0.17329910141206675  (Index 33)[0m
Epoch 00034 | Time(s) 0.0296 | Loss(train) 1.7878 | Acc(train) 0.1969 | Loss(val) 1.8028 | Acc(val) 0.1733 | 
[2026-04-22 02:56:52] [32mIntermediate result: 0.17329910141206675  (Index 34)[0m
Epoch 00035 | Time(s) 0.0293 | Loss(train) 1.7878 | Acc(train) 0.1969 | Loss(val) 1.8025 | Acc(val) 0.1733 | 
[2026-04-22 02:56:52] [32mIntermediate result: 0.17329910141206675  (Index 35)[0m
Epoch 00036 | Time(s) 0.0290 | Loss(train) 1.7877 | Acc(train) 0.1969 | Loss(val) 1.8021 | Acc(val) 0.1733 | 
[2026-04-22 02:56:52] [32mIntermediate result: 0.17329910141206675  (Index 36)[0m
Epoch 00037 | Time(s) 0.0290 | Loss(train) 1.7876 | Acc(train) 0.1969 | Loss(val) 1.8016 | Acc(val) 0.1733 | 
[2026-04-22 02:56:52] [32mIntermediate result: 0.17329910141206675  (Index 37)[0m
Epoch 00038 | Time(s) 0.0296 | Loss(train) 1.7875 | Acc(train) 0.1969 | Loss(val) 1.8011 | Acc(val) 0.1733 | 
[2026-04-22 02:56:52] [32mIntermediate result: 0.17329910141206675  (Index 38)[0m
Epoch 00039 | Time(s) 0.0286 | Loss(train) 1.7873 | Acc(train) 0.1969 | Loss(val) 1.8006 | Acc(val) 0.1733 | 
[2026-04-22 02:56:52] [32mIntermediate result: 0.17329910141206675  (Index 39)[0m
Epoch 00040 | Time(s) 0.0291 | Loss(train) 1.7871 | Acc(train) 0.1969 | Loss(val) 1.8001 | Acc(val) 0.1733 | 
[2026-04-22 02:56:52] [32mIntermediate result: 0.17329910141206675  (Index 40)[0m
Epoch 00041 | Time(s) 0.0290 | Loss(train) 1.7869 | Acc(train) 0.1969 | Loss(val) 1.7996 | Acc(val) 0.1733 | 
[2026-04-22 02:56:52] [32mIntermediate result: 0.17329910141206675  (Index 41)[0m
Epoch 00042 | Time(s) 0.0282 | Loss(train) 1.7867 | Acc(train) 0.1969 | Loss(val) 1.7991 | Acc(val) 0.1733 | 
[2026-04-22 02:56:52] [32mIntermediate result: 0.17329910141206675  (Index 42)[0m
Epoch 00043 | Time(s) 0.0298 | Loss(train) 1.7865 | Acc(train) 0.1969 | Loss(val) 1.7987 | Acc(val) 0.1733 | 
[2026-04-22 02:56:52] [32mIntermediate result: 0.17329910141206675  (Index 43)[0m
Epoch 00044 | Time(s) 0.0282 | Loss(train) 1.7863 | Acc(train) 0.1969 | Loss(val) 1.7984 | Acc(val) 0.1733 | 
[2026-04-22 02:56:52] [32mIntermediate result: 0.17329910141206675  (Index 44)[0m
Epoch 00045 | Time(s) 0.0282 | Loss(train) 1.7862 | Acc(train) 0.1969 | Loss(val) 1.7932 | Acc(val) 0.1733 | 
[2026-04-22 02:56:52] [32mIntermediate result: 0.17329910141206675  (Index 45)[0m
Epoch 00046 | Time(s) 0.0290 | Loss(train) 1.7790 | Acc(train) 0.1969 | Loss(val) 1.8908 | Acc(val) 0.1733 | 
[2026-04-22 02:56:52] [32mIntermediate result: 0.17329910141206675  (Index 46)[0m
Epoch 00047 | Time(s) 0.0287 | Loss(train) 1.8417 | Acc(train) 0.1969 | Loss(val) 1.7973 | Acc(val) 0.1733 | 
[2026-04-22 02:56:52] [32mIntermediate result: 0.15661103979460847  (Index 47)[0m
Epoch 00048 | Time(s) 0.0286 | Loss(train) 1.7859 | Acc(train) 0.1969 | Loss(val) 1.7973 | Acc(val) 0.1566 | 
[2026-04-22 02:56:52] [32mIntermediate result: 0.15661103979460847  (Index 48)[0m
Epoch 00049 | Time(s) 0.0291 | Loss(train) 1.7862 | Acc(train) 0.1853 | Loss(val) 1.7973 | Acc(val) 0.1566 | 
[2026-04-22 02:56:52] [32mIntermediate result: 0.15661103979460847  (Index 49)[0m
Epoch 00050 | Time(s) 0.0294 | Loss(train) 1.7864 | Acc(train) 0.1853 | Loss(val) 1.7975 | Acc(val) 0.1566 | 
[2026-04-22 02:56:52] [32mIntermediate result: 0.15661103979460847  (Index 50)[0m
Epoch 00051 | Time(s) 0.0302 | Loss(train) 1.7868 | Acc(train) 0.1853 | Loss(val) 1.7976 | Acc(val) 0.1566 | 
[2026-04-22 02:56:52] [32mIntermediate result: 0.15661103979460847  (Index 51)[0m
Epoch 00052 | Time(s) 0.0285 | Loss(train) 1.7871 | Acc(train) 0.1853 | Loss(val) 1.7977 | Acc(val) 0.1566 | 
[2026-04-22 02:56:52] [32mIntermediate result: 0.15661103979460847  (Index 52)[0m
Epoch 00053 | Time(s) 0.0294 | Loss(train) 1.7874 | Acc(train) 0.1853 | Loss(val) 1.7977 | Acc(val) 0.1566 | 
[2026-04-22 02:56:52] [32mIntermediate result: 0.15661103979460847  (Index 53)[0m
Epoch 00054 | Time(s) 0.0290 | Loss(train) 1.7876 | Acc(train) 0.1853 | Loss(val) 1.7976 | Acc(val) 0.1566 | 
[2026-04-22 02:56:52] [32mIntermediate result: 0.15661103979460847  (Index 54)[0m
Epoch 00055 | Time(s) 0.0290 | Loss(train) 1.7878 | Acc(train) 0.1853 | Loss(val) 1.7974 | Acc(val) 0.1566 | 
[2026-04-22 02:56:52] [32mIntermediate result: 0.15661103979460847  (Index 55)[0m
Epoch 00056 | Time(s) 0.0299 | Loss(train) 1.7878 | Acc(train) 0.1853 | Loss(val) 1.7971 | Acc(val) 0.1566 | 
[2026-04-22 02:56:52] [32mIntermediate result: 0.15661103979460847  (Index 56)[0m
Epoch 00057 | Time(s) 0.0283 | Loss(train) 1.7877 | Acc(train) 0.1853 | Loss(val) 1.7968 | Acc(val) 0.1566 | 
[2026-04-22 02:56:52] [32mIntermediate result: 0.15661103979460847  (Index 57)[0m
Epoch 00058 | Time(s) 0.0297 | Loss(train) 1.7876 | Acc(train) 0.1853 | Loss(val) 1.7960 | Acc(val) 0.1566 | 
[2026-04-22 02:56:52] [32mIntermediate result: 0.18356867779204109  (Index 58)[0m
Epoch 00059 | Time(s) 0.0288 | Loss(train) 1.7867 | Acc(train) 0.1853 | Loss(val) 1.8003 | Acc(val) 0.1836 | *
[2026-04-22 02:56:52] [32mIntermediate result: 0.1668806161745828  (Index 59)[0m
Epoch 00060 | Time(s) 0.0297 | Loss(train) 1.7827 | Acc(train) 0.1776 | Loss(val) 1.8111 | Acc(val) 0.1669 | 
[2026-04-22 02:56:52] [32mIntermediate result: 0.17329910141206675  (Index 60)[0m
Epoch 00061 | Time(s) 0.0295 | Loss(train) 1.8014 | Acc(train) 0.2162 | Loss(val) 1.7923 | Acc(val) 0.1733 | 
[2026-04-22 02:56:52] [32mIntermediate result: 0.19768934531450577  (Index 61)[0m
Epoch 00062 | Time(s) 0.0288 | Loss(train) 1.7778 | Acc(train) 0.1969 | Loss(val) 1.7919 | Acc(val) 0.1977 | *
[2026-04-22 02:56:52] [32mIntermediate result: 0.17458279845956354  (Index 62)[0m
Epoch 00063 | Time(s) 0.0284 | Loss(train) 1.7820 | Acc(train) 0.2162 | Loss(val) 1.7939 | Acc(val) 0.1746 | 
[2026-04-22 02:56:52] [32mIntermediate result: 0.17329910141206675  (Index 63)[0m
Epoch 00064 | Time(s) 0.0280 | Loss(train) 1.7825 | Acc(train) 0.2162 | Loss(val) 1.8086 | Acc(val) 0.1733 | 
[2026-04-22 02:56:52] [32mIntermediate result: 0.20667522464698332  (Index 64)[0m
Epoch 00065 | Time(s) 0.0292 | Loss(train) 1.7779 | Acc(train) 0.1969 | Loss(val) 1.7855 | Acc(val) 0.2067 | *
[2026-04-22 02:56:52] [32mIntermediate result: 0.2246469833119384  (Index 65)[0m
Epoch 00066 | Time(s) 0.0294 | Loss(train) 1.7650 | Acc(train) 0.2239 | Loss(val) 1.7700 | Acc(val) 0.2246 | *
[2026-04-22 02:56:52] [32mIntermediate result: 0.17329910141206675  (Index 66)[0m
Epoch 00067 | Time(s) 0.0283 | Loss(train) 1.7522 | Acc(train) 0.2587 | Loss(val) 1.8399 | Acc(val) 0.1733 | 
[2026-04-22 02:56:53] [32mIntermediate result: 0.2593068035943517  (Index 67)[0m
Epoch 00068 | Time(s) 0.0304 | Loss(train) 1.8386 | Acc(train) 0.2085 | Loss(val) 1.7675 | Acc(val) 0.2593 | *
[2026-04-22 02:56:53] [32mIntermediate result: 0.17073170731707318  (Index 68)[0m
Epoch 00069 | Time(s) 0.0298 | Loss(train) 1.7523 | Acc(train) 0.2510 | Loss(val) 1.7879 | Acc(val) 0.1707 | 
[2026-04-22 02:56:53] [32mIntermediate result: 0.15661103979460847  (Index 69)[0m
Epoch 00070 | Time(s) 0.0292 | Loss(train) 1.7817 | Acc(train) 0.2008 | Loss(val) 1.7961 | Acc(val) 0.1566 | 
[2026-04-22 02:56:53] [32mIntermediate result: 0.15661103979460847  (Index 70)[0m
Epoch 00071 | Time(s) 0.0288 | Loss(train) 1.7888 | Acc(train) 0.1853 | Loss(val) 1.7979 | Acc(val) 0.1566 | 
[2026-04-22 02:56:53] [32mIntermediate result: 0.15661103979460847  (Index 71)[0m
Epoch 00072 | Time(s) 0.0292 | Loss(train) 1.7915 | Acc(train) 0.1853 | Loss(val) 1.7979 | Acc(val) 0.1566 | 
[2026-04-22 02:56:53] [32mIntermediate result: 0.15661103979460847  (Index 72)[0m
Epoch 00073 | Time(s) 0.0290 | Loss(train) 1.7921 | Acc(train) 0.1853 | Loss(val) 1.7977 | Acc(val) 0.1566 | 
[2026-04-22 02:56:53] [32mIntermediate result: 0.15661103979460847  (Index 73)[0m
Epoch 00074 | Time(s) 0.0295 | Loss(train) 1.7921 | Acc(train) 0.1853 | Loss(val) 1.7972 | Acc(val) 0.1566 | 
[2026-04-22 02:56:53] [32mIntermediate result: 0.15661103979460847  (Index 74)[0m
Epoch 00075 | Time(s) 0.0293 | Loss(train) 1.7918 | Acc(train) 0.1853 | Loss(val) 1.7967 | Acc(val) 0.1566 | 
[2026-04-22 02:56:53] [32mIntermediate result: 0.15661103979460847  (Index 75)[0m
Epoch 00076 | Time(s) 0.0294 | Loss(train) 1.7913 | Acc(train) 0.1853 | Loss(val) 1.7961 | Acc(val) 0.1566 | 
[2026-04-22 02:56:53] [32mIntermediate result: 0.15661103979460847  (Index 76)[0m
Epoch 00077 | Time(s) 0.0298 | Loss(train) 1.7906 | Acc(train) 0.1853 | Loss(val) 1.7955 | Acc(val) 0.1566 | 
[2026-04-22 02:56:53] [32mIntermediate result: 0.15661103979460847  (Index 77)[0m
Epoch 00078 | Time(s) 0.0293 | Loss(train) 1.7898 | Acc(train) 0.1853 | Loss(val) 1.7950 | Acc(val) 0.1566 | 
[2026-04-22 02:56:53] [32mIntermediate result: 0.15661103979460847  (Index 78)[0m
Epoch 00079 | Time(s) 0.0293 | Loss(train) 1.7890 | Acc(train) 0.1853 | Loss(val) 1.7947 | Acc(val) 0.1566 | 
[2026-04-22 02:56:53] [32mIntermediate result: 0.15661103979460847  (Index 79)[0m
Epoch 00080 | Time(s) 0.0289 | Loss(train) 1.7882 | Acc(train) 0.1853 | Loss(val) 1.7945 | Acc(val) 0.1566 | 
[2026-04-22 02:56:53] [32mIntermediate result: 0.15661103979460847  (Index 80)[0m
Epoch 00081 | Time(s) 0.0300 | Loss(train) 1.7876 | Acc(train) 0.1853 | Loss(val) 1.7945 | Acc(val) 0.1566 | 
[2026-04-22 02:56:53] [32mIntermediate result: 0.15661103979460847  (Index 81)[0m
Epoch 00082 | Time(s) 0.0312 | Loss(train) 1.7870 | Acc(train) 0.1853 | Loss(val) 1.7946 | Acc(val) 0.1566 | 
[2026-04-22 02:56:53] [32mIntermediate result: 0.15661103979460847  (Index 82)[0m
Epoch 00083 | Time(s) 0.0288 | Loss(train) 1.7865 | Acc(train) 0.1853 | Loss(val) 1.7949 | Acc(val) 0.1566 | 
[2026-04-22 02:56:53] [32mIntermediate result: 0.17329910141206675  (Index 83)[0m
Epoch 00084 | Time(s) 0.0300 | Loss(train) 1.7862 | Acc(train) 0.1853 | Loss(val) 1.7953 | Acc(val) 0.1733 | 
[2026-04-22 02:56:53] [32mIntermediate result: 0.17329910141206675  (Index 84)[0m
Epoch 00085 | Time(s) 0.0299 | Loss(train) 1.7860 | Acc(train) 0.1969 | Loss(val) 1.7958 | Acc(val) 0.1733 | 
[2026-04-22 02:56:53] [32mIntermediate result: 0.17329910141206675  (Index 85)[0m
Epoch 00086 | Time(s) 0.0307 | Loss(train) 1.7859 | Acc(train) 0.1969 | Loss(val) 1.7964 | Acc(val) 0.1733 | 
[2026-04-22 02:56:53] [32mIntermediate result: 0.17329910141206675  (Index 86)[0m
Epoch 00087 | Time(s) 0.0295 | Loss(train) 1.7859 | Acc(train) 0.1969 | Loss(val) 1.7970 | Acc(val) 0.1733 | 
[2026-04-22 02:56:53] [32mIntermediate result: 0.17329910141206675  (Index 87)[0m
Epoch 00088 | Time(s) 0.0301 | Loss(train) 1.7859 | Acc(train) 0.1969 | Loss(val) 1.7976 | Acc(val) 0.1733 | 
[2026-04-22 02:56:53] [32mIntermediate result: 0.17329910141206675  (Index 88)[0m
Epoch 00089 | Time(s) 0.0292 | Loss(train) 1.7859 | Acc(train) 0.1969 | Loss(val) 1.7981 | Acc(val) 0.1733 | 
[2026-04-22 02:56:53] [32mIntermediate result: 0.17329910141206675  (Index 89)[0m
Epoch 00090 | Time(s) 0.0290 | Loss(train) 1.7860 | Acc(train) 0.1969 | Loss(val) 1.7986 | Acc(val) 0.1733 | 
[2026-04-22 02:56:53] [32mIntermediate result: 0.17329910141206675  (Index 90)[0m
Epoch 00091 | Time(s) 0.0298 | Loss(train) 1.7860 | Acc(train) 0.1969 | Loss(val) 1.7990 | Acc(val) 0.1733 | 
[2026-04-22 02:56:53] [32mIntermediate result: 0.17329910141206675  (Index 91)[0m
Epoch 00092 | Time(s) 0.0290 | Loss(train) 1.7860 | Acc(train) 0.1969 | Loss(val) 1.7993 | Acc(val) 0.1733 | 
[2026-04-22 02:56:53] [32mIntermediate result: 0.17329910141206675  (Index 92)[0m
Epoch 00093 | Time(s) 0.0283 | Loss(train) 1.7860 | Acc(train) 0.1969 | Loss(val) 1.7995 | Acc(val) 0.1733 | 
[2026-04-22 02:56:53] [32mIntermediate result: 0.17329910141206675  (Index 93)[0m
Epoch 00094 | Time(s) 0.0289 | Loss(train) 1.7860 | Acc(train) 0.1969 | Loss(val) 1.7997 | Acc(val) 0.1733 | 
[2026-04-22 02:56:53] [32mIntermediate result: 0.17329910141206675  (Index 94)[0m
Epoch 00095 | Time(s) 0.0295 | Loss(train) 1.7860 | Acc(train) 0.1969 | Loss(val) 1.7997 | Acc(val) 0.1733 | 
[2026-04-22 02:56:53] [32mIntermediate result: 0.17329910141206675  (Index 95)[0m
Epoch 00096 | Time(s) 0.0287 | Loss(train) 1.7860 | Acc(train) 0.1969 | Loss(val) 1.7997 | Acc(val) 0.1733 | 
[2026-04-22 02:56:53] [32mIntermediate result: 0.17329910141206675  (Index 96)[0m
Epoch 00097 | Time(s) 0.0289 | Loss(train) 1.7859 | Acc(train) 0.1969 | Loss(val) 1.7996 | Acc(val) 0.1733 | 
[2026-04-22 02:56:53] [32mIntermediate result: 0.17329910141206675  (Index 97)[0m
Epoch 00098 | Time(s) 0.0283 | Loss(train) 1.7859 | Acc(train) 0.1969 | Loss(val) 1.7995 | Acc(val) 0.1733 | 
[2026-04-22 02:56:53] [32mIntermediate result: 0.17329910141206675  (Index 98)[0m
Epoch 00099 | Time(s) 0.0295 | Loss(train) 1.7858 | Acc(train) 0.1969 | Loss(val) 1.7993 | Acc(val) 0.1733 | 
[2026-04-22 02:56:53] [32mIntermediate result: 0.17329910141206675  (Index 99)[0m
Epoch 00100 | Time(s) 0.0284 | Loss(train) 1.7858 | Acc(train) 0.1969 | Loss(val) 1.7991 | Acc(val) 0.1733 | 
[2026-04-22 02:56:53] [32mIntermediate result: 0.17329910141206675  (Index 100)[0m
Epoch 00101 | Time(s) 0.0299 | Loss(train) 1.7857 | Acc(train) 0.1969 | Loss(val) 1.7989 | Acc(val) 0.1733 | 
[2026-04-22 02:56:54] [32mIntermediate result: 0.17329910141206675  (Index 101)[0m
Epoch 00102 | Time(s) 0.0281 | Loss(train) 1.7857 | Acc(train) 0.1969 | Loss(val) 1.7987 | Acc(val) 0.1733 | 
[2026-04-22 02:56:54] [32mIntermediate result: 0.17329910141206675  (Index 102)[0m
Epoch 00103 | Time(s) 0.0289 | Loss(train) 1.7856 | Acc(train) 0.1969 | Loss(val) 1.7984 | Acc(val) 0.1733 | 
[2026-04-22 02:56:54] [32mIntermediate result: 0.17329910141206675  (Index 103)[0m
Epoch 00104 | Time(s) 0.0292 | Loss(train) 1.7856 | Acc(train) 0.1969 | Loss(val) 1.7982 | Acc(val) 0.1733 | 
[2026-04-22 02:56:54] [32mIntermediate result: 0.17329910141206675  (Index 104)[0m
Epoch 00105 | Time(s) 0.0289 | Loss(train) 1.7856 | Acc(train) 0.1969 | Loss(val) 1.7980 | Acc(val) 0.1733 | 
[2026-04-22 02:56:54] [32mIntermediate result: 0.17329910141206675  (Index 105)[0m
Epoch 00106 | Time(s) 0.0296 | Loss(train) 1.7856 | Acc(train) 0.1969 | Loss(val) 1.7977 | Acc(val) 0.1733 | 
[2026-04-22 02:56:54] [32mIntermediate result: 0.17329910141206675  (Index 106)[0m
Epoch 00107 | Time(s) 0.0287 | Loss(train) 1.7856 | Acc(train) 0.1969 | Loss(val) 1.7976 | Acc(val) 0.1733 | 
[2026-04-22 02:56:54] [32mIntermediate result: 0.17329910141206675  (Index 107)[0m
Epoch 00108 | Time(s) 0.0296 | Loss(train) 1.7856 | Acc(train) 0.1969 | Loss(val) 1.7974 | Acc(val) 0.1733 | 
[2026-04-22 02:56:54] [32mIntermediate result: 0.17329910141206675  (Index 108)[0m
Epoch 00109 | Time(s) 0.0297 | Loss(train) 1.7855 | Acc(train) 0.1969 | Loss(val) 1.7972 | Acc(val) 0.1733 | 
[2026-04-22 02:56:54] [32mIntermediate result: 0.17329910141206675  (Index 109)[0m
Epoch 00110 | Time(s) 0.0290 | Loss(train) 1.7855 | Acc(train) 0.1969 | Loss(val) 1.7971 | Acc(val) 0.1733 | 
[2026-04-22 02:56:54] [32mIntermediate result: 0.17329910141206675  (Index 110)[0m
Epoch 00111 | Time(s) 0.0287 | Loss(train) 1.7855 | Acc(train) 0.1969 | Loss(val) 1.7970 | Acc(val) 0.1733 | 
[2026-04-22 02:56:54] [32mIntermediate result: 0.17329910141206675  (Index 111)[0m
Epoch 00112 | Time(s) 0.0280 | Loss(train) 1.7855 | Acc(train) 0.1969 | Loss(val) 1.7969 | Acc(val) 0.1733 | 
[2026-04-22 02:56:54] [32mIntermediate result: 0.17329910141206675  (Index 112)[0m
Epoch 00113 | Time(s) 0.0294 | Loss(train) 1.7855 | Acc(train) 0.1969 | Loss(val) 1.7969 | Acc(val) 0.1733 | 
[2026-04-22 02:56:54] [32mIntermediate result: 0.17329910141206675  (Index 113)[0m
Epoch 00114 | Time(s) 0.0281 | Loss(train) 1.7855 | Acc(train) 0.1969 | Loss(val) 1.7969 | Acc(val) 0.1733 | 
[2026-04-22 02:56:54] [32mIntermediate result: 0.17329910141206675  (Index 114)[0m
Epoch 00115 | Time(s) 0.0301 | Loss(train) 1.7855 | Acc(train) 0.1969 | Loss(val) 1.7969 | Acc(val) 0.1733 | 
[2026-04-22 02:56:54] [32mIntermediate result: 0.17329910141206675  (Index 115)[0m
Epoch 00116 | Time(s) 0.0300 | Loss(train) 1.7855 | Acc(train) 0.1969 | Loss(val) 1.7969 | Acc(val) 0.1733 | 
[2026-04-22 02:56:54] [32mIntermediate result: 0.17329910141206675  (Index 116)[0m
Epoch 00117 | Time(s) 0.0290 | Loss(train) 1.7855 | Acc(train) 0.1969 | Loss(val) 1.7969 | Acc(val) 0.1733 | 
[2026-04-22 02:56:54] [32mIntermediate result: 0.17329910141206675  (Index 117)[0m
Epoch 00118 | Time(s) 0.0279 | Loss(train) 1.7855 | Acc(train) 0.1969 | Loss(val) 1.7969 | Acc(val) 0.1733 | 
[2026-04-22 02:56:54] [32mIntermediate result: 0.17329910141206675  (Index 118)[0m
Epoch 00119 | Time(s) 0.0294 | Loss(train) 1.7855 | Acc(train) 0.1969 | Loss(val) 1.7970 | Acc(val) 0.1733 | 
[2026-04-22 02:56:54] [32mIntermediate result: 0.17329910141206675  (Index 119)[0m
Epoch 00120 | Time(s) 0.0296 | Loss(train) 1.7855 | Acc(train) 0.1969 | Loss(val) 1.7970 | Acc(val) 0.1733 | 
[2026-04-22 02:56:54] [32mIntermediate result: 0.17329910141206675  (Index 120)[0m
Epoch 00121 | Time(s) 0.0292 | Loss(train) 1.7855 | Acc(train) 0.1969 | Loss(val) 1.7970 | Acc(val) 0.1733 | 
[2026-04-22 02:56:54] [32mIntermediate result: 0.17329910141206675  (Index 121)[0m
Epoch 00122 | Time(s) 0.0284 | Loss(train) 1.7855 | Acc(train) 0.1969 | Loss(val) 1.7971 | Acc(val) 0.1733 | 
[2026-04-22 02:56:54] [32mIntermediate result: 0.17329910141206675  (Index 122)[0m
Epoch 00123 | Time(s) 0.0300 | Loss(train) 1.7855 | Acc(train) 0.1969 | Loss(val) 1.7971 | Acc(val) 0.1733 | 
[2026-04-22 02:56:54] [32mIntermediate result: 0.17329910141206675  (Index 123)[0m
Epoch 00124 | Time(s) 0.0295 | Loss(train) 1.7855 | Acc(train) 0.1969 | Loss(val) 1.7971 | Acc(val) 0.1733 | 
[2026-04-22 02:56:54] [32mIntermediate result: 0.17329910141206675  (Index 124)[0m
Epoch 00125 | Time(s) 0.0305 | Loss(train) 1.7855 | Acc(train) 0.1969 | Loss(val) 1.7972 | Acc(val) 0.1733 | 
[2026-04-22 02:56:54] [32mIntermediate result: 0.17329910141206675  (Index 125)[0m
Epoch 00126 | Time(s) 0.0297 | Loss(train) 1.7855 | Acc(train) 0.1969 | Loss(val) 1.7972 | Acc(val) 0.1733 | 
[2026-04-22 02:56:54] [32mIntermediate result: 0.17329910141206675  (Index 126)[0m
Epoch 00127 | Time(s) 0.0297 | Loss(train) 1.7855 | Acc(train) 0.1969 | Loss(val) 1.7972 | Acc(val) 0.1733 | 
[2026-04-22 02:56:54] [32mIntermediate result: 0.17329910141206675  (Index 127)[0m
Epoch 00128 | Time(s) 0.0289 | Loss(train) 1.7855 | Acc(train) 0.1969 | Loss(val) 1.7972 | Acc(val) 0.1733 | 
[2026-04-22 02:56:54] [32mIntermediate result: 0.17329910141206675  (Index 128)[0m
Epoch 00129 | Time(s) 0.0307 | Loss(train) 1.7855 | Acc(train) 0.1969 | Loss(val) 1.7972 | Acc(val) 0.1733 | 
[2026-04-22 02:56:54] [32mIntermediate result: 0.17329910141206675  (Index 129)[0m
Epoch 00130 | Time(s) 0.0291 | Loss(train) 1.7855 | Acc(train) 0.1969 | Loss(val) 1.7972 | Acc(val) 0.1733 | 
[2026-04-22 02:56:54] [32mIntermediate result: 0.17329910141206675  (Index 130)[0m
Epoch 00131 | Time(s) 0.0297 | Loss(train) 1.7855 | Acc(train) 0.1969 | Loss(val) 1.7972 | Acc(val) 0.1733 | 
[2026-04-22 02:56:54] [32mIntermediate result: 0.17329910141206675  (Index 131)[0m
Epoch 00132 | Time(s) 0.0292 | Loss(train) 1.7855 | Acc(train) 0.1969 | Loss(val) 1.7972 | Acc(val) 0.1733 | 
[2026-04-22 02:56:54] [32mIntermediate result: 0.17329910141206675  (Index 132)[0m
Epoch 00133 | Time(s) 0.0286 | Loss(train) 1.7855 | Acc(train) 0.1969 | Loss(val) 1.7972 | Acc(val) 0.1733 | 
[2026-04-22 02:56:54] [32mIntermediate result: 0.17329910141206675  (Index 133)[0m
Epoch 00134 | Time(s) 0.0300 | Loss(train) 1.7855 | Acc(train) 0.1969 | Loss(val) 1.7972 | Acc(val) 0.1733 | 
[2026-04-22 02:56:54] [32mIntermediate result: 0.17329910141206675  (Index 134)[0m
Epoch 00135 | Time(s) 0.0289 | Loss(train) 1.7855 | Acc(train) 0.1969 | Loss(val) 1.7967 | Acc(val) 0.1733 | 
[2026-04-22 02:56:55] [32mIntermediate result: 0.17329910141206675  (Index 135)[0m
Epoch 00136 | Time(s) 0.0295 | Loss(train) 1.7846 | Acc(train) 0.1969 | Loss(val) 2.0050 | Acc(val) 0.1733 | 
[2026-04-22 02:56:55] [32mIntermediate result: 0.17329910141206675  (Index 136)[0m
Epoch 00137 | Time(s) 0.0299 | Loss(train) 1.9964 | Acc(train) 0.1969 | Loss(val) 1.7971 | Acc(val) 0.1733 | 
[2026-04-22 02:56:55] [32mIntermediate result: 0.15661103979460847  (Index 137)[0m
Epoch 00138 | Time(s) 0.0294 | Loss(train) 1.7856 | Acc(train) 0.1969 | Loss(val) 1.7992 | Acc(val) 0.1566 | 
[2026-04-22 02:56:55] [32mIntermediate result: 0.15661103979460847  (Index 138)[0m
Epoch 00139 | Time(s) 0.0294 | Loss(train) 1.7885 | Acc(train) 0.1853 | Loss(val) 1.7996 | Acc(val) 0.1566 | 
[2026-04-22 02:56:55] [32mIntermediate result: 0.15661103979460847  (Index 139)[0m
Epoch 00140 | Time(s) 0.0293 | Loss(train) 1.7886 | Acc(train) 0.1853 | Loss(val) 1.7995 | Acc(val) 0.1566 | 
[2026-04-22 02:56:55] [32mIntermediate result: 0.15661103979460847  (Index 140)[0m
Epoch 00141 | Time(s) 0.0297 | Loss(train) 1.7882 | Acc(train) 0.1853 | Loss(val) 1.8000 | Acc(val) 0.1566 | 
[2026-04-22 02:56:55] [32mIntermediate result: 0.15661103979460847  (Index 141)[0m
Epoch 00142 | Time(s) 0.0286 | Loss(train) 1.7888 | Acc(train) 0.1853 | Loss(val) 1.8002 | Acc(val) 0.1566 | 
[2026-04-22 02:56:55] [32mIntermediate result: 0.15661103979460847  (Index 142)[0m
Epoch 00143 | Time(s) 0.0290 | Loss(train) 1.7891 | Acc(train) 0.1853 | Loss(val) 1.8000 | Acc(val) 0.1566 | 
[2026-04-22 02:56:55] [32mIntermediate result: 0.15661103979460847  (Index 143)[0m
Epoch 00144 | Time(s) 0.0296 | Loss(train) 1.7891 | Acc(train) 0.1853 | Loss(val) 1.7996 | Acc(val) 0.1566 | 
[2026-04-22 02:56:55] [32mIntermediate result: 0.15661103979460847  (Index 144)[0m
Epoch 00145 | Time(s) 0.0293 | Loss(train) 1.7888 | Acc(train) 0.1853 | Loss(val) 1.7990 | Acc(val) 0.1566 | 
[2026-04-22 02:56:55] [32mIntermediate result: 0.15661103979460847  (Index 145)[0m
Epoch 00146 | Time(s) 0.0287 | Loss(train) 1.7883 | Acc(train) 0.1853 | Loss(val) 1.7982 | Acc(val) 0.1566 | 
[2026-04-22 02:56:55] [32mIntermediate result: 0.15661103979460847  (Index 146)[0m
Epoch 00147 | Time(s) 0.0295 | Loss(train) 1.7876 | Acc(train) 0.1853 | Loss(val) 1.7975 | Acc(val) 0.1566 | 
[2026-04-22 02:56:55] [32mIntermediate result: 0.15661103979460847  (Index 147)[0m
Epoch 00148 | Time(s) 0.0288 | Loss(train) 1.7870 | Acc(train) 0.1853 | Loss(val) 1.7969 | Acc(val) 0.1566 | 
[2026-04-22 02:56:55] [32mIntermediate result: 0.15661103979460847  (Index 148)[0m
Epoch 00149 | Time(s) 0.0293 | Loss(train) 1.7864 | Acc(train) 0.1853 | Loss(val) 1.7965 | Acc(val) 0.1566 | 
[2026-04-22 02:56:55] [32mIntermediate result: 0.17329910141206675  (Index 149)[0m
Epoch 00150 | Time(s) 0.0294 | Loss(train) 1.7860 | Acc(train) 0.1853 | Loss(val) 1.7962 | Acc(val) 0.1733 | 
[2026-04-22 02:56:55] [32mIntermediate result: 0.17329910141206675  (Index 150)[0m
Epoch 00151 | Time(s) 0.0290 | Loss(train) 1.7857 | Acc(train) 0.1969 | Loss(val) 1.7962 | Acc(val) 0.1733 | 
[2026-04-22 02:56:55] [32mIntermediate result: 0.17329910141206675  (Index 151)[0m
Epoch 00152 | Time(s) 0.0283 | Loss(train) 1.7856 | Acc(train) 0.1969 | Loss(val) 1.7963 | Acc(val) 0.1733 | 
[2026-04-22 02:56:55] [32mIntermediate result: 0.17329910141206675  (Index 152)[0m
Epoch 00153 | Time(s) 0.0299 | Loss(train) 1.7856 | Acc(train) 0.1969 | Loss(val) 1.7966 | Acc(val) 0.1733 | 
[2026-04-22 02:56:55] [32mIntermediate result: 0.17329910141206675  (Index 153)[0m
Epoch 00154 | Time(s) 0.0292 | Loss(train) 1.7857 | Acc(train) 0.1969 | Loss(val) 1.7969 | Acc(val) 0.1733 | 
[2026-04-22 02:56:55] [32mIntermediate result: 0.17329910141206675  (Index 154)[0m
Epoch 00155 | Time(s) 0.0285 | Loss(train) 1.7858 | Acc(train) 0.1969 | Loss(val) 1.7973 | Acc(val) 0.1733 | 
[2026-04-22 02:56:55] [32mIntermediate result: 0.17329910141206675  (Index 155)[0m
Epoch 00156 | Time(s) 0.0295 | Loss(train) 1.7859 | Acc(train) 0.1969 | Loss(val) 1.7976 | Acc(val) 0.1733 | 
[2026-04-22 02:56:55] [32mIntermediate result: 0.17329910141206675  (Index 156)[0m
Epoch 00157 | Time(s) 0.0296 | Loss(train) 1.7861 | Acc(train) 0.1969 | Loss(val) 1.7979 | Acc(val) 0.1733 | 
[2026-04-22 02:56:55] [32mIntermediate result: 0.17329910141206675  (Index 157)[0m
Epoch 00158 | Time(s) 0.0299 | Loss(train) 1.7861 | Acc(train) 0.1969 | Loss(val) 1.7981 | Acc(val) 0.1733 | 
[2026-04-22 02:56:55] [32mIntermediate result: 0.17329910141206675  (Index 158)[0m
Epoch 00159 | Time(s) 0.0294 | Loss(train) 1.7861 | Acc(train) 0.1969 | Loss(val) 1.7983 | Acc(val) 0.1733 | 
[2026-04-22 02:56:55] [32mIntermediate result: 0.17329910141206675  (Index 159)[0m
Epoch 00160 | Time(s) 0.0292 | Loss(train) 1.7861 | Acc(train) 0.1969 | Loss(val) 1.7983 | Acc(val) 0.1733 | 
[2026-04-22 02:56:55] [32mIntermediate result: 0.17329910141206675  (Index 160)[0m
Epoch 00161 | Time(s) 0.0286 | Loss(train) 1.7860 | Acc(train) 0.1969 | Loss(val) 1.7984 | Acc(val) 0.1733 | 
[2026-04-22 02:56:55] [32mIntermediate result: 0.17329910141206675  (Index 161)[0m
Epoch 00162 | Time(s) 0.0295 | Loss(train) 1.7859 | Acc(train) 0.1969 | Loss(val) 1.7984 | Acc(val) 0.1733 | 
[2026-04-22 02:56:55] [32mIntermediate result: 0.17329910141206675  (Index 162)[0m
Epoch 00163 | Time(s) 0.0303 | Loss(train) 1.7858 | Acc(train) 0.1969 | Loss(val) 1.7983 | Acc(val) 0.1733 | 
[2026-04-22 02:56:55] [32mIntermediate result: 0.17329910141206675  (Index 163)[0m
Epoch 00164 | Time(s) 0.0303 | Loss(train) 1.7857 | Acc(train) 0.1969 | Loss(val) 1.7983 | Acc(val) 0.1733 | 
[2026-04-22 02:56:55] [32mIntermediate result: 0.17329910141206675  (Index 164)[0m
Epoch 00165 | Time(s) 0.0284 | Loss(train) 1.7856 | Acc(train) 0.1969 | Loss(val) 1.7982 | Acc(val) 0.1733 | 
[2026-04-22 02:56:55] [32mIntermediate result: 0.17329910141206675  (Index 165)[0m
Epoch 00166 | Time(s) 0.0297 | Loss(train) 1.7855 | Acc(train) 0.1969 | Loss(val) 1.7981 | Acc(val) 0.1733 | 
[2026-04-22 02:56:55] [32mIntermediate result: 0.17329910141206675  (Index 166)[0m
Epoch 00167 | Time(s) 0.0290 | Loss(train) 1.7855 | Acc(train) 0.1969 | Loss(val) 1.7980 | Acc(val) 0.1733 | 
[2026-04-22 02:56:55] [32mIntermediate result: 0.17329910141206675  (Index 167)[0m
Epoch 00168 | Time(s) 0.0290 | Loss(train) 1.7855 | Acc(train) 0.1969 | Loss(val) 1.7979 | Acc(val) 0.1733 | 
[2026-04-22 02:56:55] [32mIntermediate result: 0.17329910141206675  (Index 168)[0m
Epoch 00169 | Time(s) 0.0291 | Loss(train) 1.7855 | Acc(train) 0.1969 | Loss(val) 1.7978 | Acc(val) 0.1733 | 
[2026-04-22 02:56:56] [32mIntermediate result: 0.17329910141206675  (Index 169)[0m
Epoch 00170 | Time(s) 0.0291 | Loss(train) 1.7855 | Acc(train) 0.1969 | Loss(val) 1.7977 | Acc(val) 0.1733 | 
[2026-04-22 02:56:56] [32mIntermediate result: 0.17329910141206675  (Index 170)[0m
Epoch 00171 | Time(s) 0.0299 | Loss(train) 1.7856 | Acc(train) 0.1969 | Loss(val) 1.7975 | Acc(val) 0.1733 | 
[2026-04-22 02:56:56] [32mIntermediate result: 0.17329910141206675  (Index 171)[0m
Epoch 00172 | Time(s) 0.0292 | Loss(train) 1.7856 | Acc(train) 0.1969 | Loss(val) 1.7974 | Acc(val) 0.1733 | 
[2026-04-22 02:56:56] [32mIntermediate result: 0.17329910141206675  (Index 172)[0m
Epoch 00173 | Time(s) 0.0292 | Loss(train) 1.7856 | Acc(train) 0.1969 | Loss(val) 1.7972 | Acc(val) 0.1733 | 
[2026-04-22 02:56:56] [32mIntermediate result: 0.17329910141206675  (Index 173)[0m
Epoch 00174 | Time(s) 0.0292 | Loss(train) 1.7856 | Acc(train) 0.1969 | Loss(val) 1.7971 | Acc(val) 0.1733 | 
[2026-04-22 02:56:56] [32mIntermediate result: 0.17329910141206675  (Index 174)[0m
Epoch 00175 | Time(s) 0.0285 | Loss(train) 1.7856 | Acc(train) 0.1969 | Loss(val) 1.7970 | Acc(val) 0.1733 | 
[2026-04-22 02:56:56] [32mIntermediate result: 0.17329910141206675  (Index 175)[0m
Epoch 00176 | Time(s) 0.0285 | Loss(train) 1.7855 | Acc(train) 0.1969 | Loss(val) 1.7969 | Acc(val) 0.1733 | 
[2026-04-22 02:56:56] [32mIntermediate result: 0.17329910141206675  (Index 176)[0m
Epoch 00177 | Time(s) 0.0287 | Loss(train) 1.7855 | Acc(train) 0.1969 | Loss(val) 1.7968 | Acc(val) 0.1733 | 
[2026-04-22 02:56:56] [32mIntermediate result: 0.17329910141206675  (Index 177)[0m
Epoch 00178 | Time(s) 0.0306 | Loss(train) 1.7855 | Acc(train) 0.1969 | Loss(val) 1.7968 | Acc(val) 0.1733 | 
[2026-04-22 02:56:56] [32mIntermediate result: 0.17329910141206675  (Index 178)[0m
Epoch 00179 | Time(s) 0.0295 | Loss(train) 1.7855 | Acc(train) 0.1969 | Loss(val) 1.7968 | Acc(val) 0.1733 | 
[2026-04-22 02:56:56] [32mIntermediate result: 0.17329910141206675  (Index 179)[0m
Epoch 00180 | Time(s) 0.0301 | Loss(train) 1.7855 | Acc(train) 0.1969 | Loss(val) 1.7968 | Acc(val) 0.1733 | 
[2026-04-22 02:56:56] [32mIntermediate result: 0.17329910141206675  (Index 180)[0m
Epoch 00181 | Time(s) 0.0295 | Loss(train) 1.7855 | Acc(train) 0.1969 | Loss(val) 1.7969 | Acc(val) 0.1733 | 
[2026-04-22 02:56:56] [32mIntermediate result: 0.17329910141206675  (Index 181)[0m
Epoch 00182 | Time(s) 0.0345 | Loss(train) 1.7855 | Acc(train) 0.1969 | Loss(val) 1.7969 | Acc(val) 0.1733 | 
[2026-04-22 02:56:56] [32mIntermediate result: 0.17329910141206675  (Index 182)[0m
Epoch 00183 | Time(s) 0.0293 | Loss(train) 1.7855 | Acc(train) 0.1969 | Loss(val) 1.7970 | Acc(val) 0.1733 | 
[2026-04-22 02:56:56] [32mIntermediate result: 0.17329910141206675  (Index 183)[0m
Epoch 00184 | Time(s) 0.0298 | Loss(train) 1.7855 | Acc(train) 0.1969 | Loss(val) 1.7971 | Acc(val) 0.1733 | 
[2026-04-22 02:56:56] [32mIntermediate result: 0.17329910141206675  (Index 184)[0m
Epoch 00185 | Time(s) 0.0297 | Loss(train) 1.7855 | Acc(train) 0.1969 | Loss(val) 1.7972 | Acc(val) 0.1733 | 
[2026-04-22 02:56:56] [32mIntermediate result: 0.17329910141206675  (Index 185)[0m
Epoch 00186 | Time(s) 0.0301 | Loss(train) 1.7855 | Acc(train) 0.1969 | Loss(val) 1.7973 | Acc(val) 0.1733 | 
[2026-04-22 02:56:56] [32mIntermediate result: 0.17329910141206675  (Index 186)[0m
Epoch 00187 | Time(s) 0.0295 | Loss(train) 1.7855 | Acc(train) 0.1969 | Loss(val) 1.7974 | Acc(val) 0.1733 | 
[2026-04-22 02:56:56] [32mIntermediate result: 0.17329910141206675  (Index 187)[0m
Epoch 00188 | Time(s) 0.0306 | Loss(train) 1.7855 | Acc(train) 0.1969 | Loss(val) 1.7974 | Acc(val) 0.1733 | 
[2026-04-22 02:56:56] [32mIntermediate result: 0.17329910141206675  (Index 188)[0m
Epoch 00189 | Time(s) 0.0292 | Loss(train) 1.7855 | Acc(train) 0.1969 | Loss(val) 1.7975 | Acc(val) 0.1733 | 
[2026-04-22 02:56:56] [32mIntermediate result: 0.17329910141206675  (Index 189)[0m
Epoch 00190 | Time(s) 0.0298 | Loss(train) 1.7855 | Acc(train) 0.1969 | Loss(val) 1.7975 | Acc(val) 0.1733 | 
[2026-04-22 02:56:56] [32mIntermediate result: 0.17329910141206675  (Index 190)[0m
Epoch 00191 | Time(s) 0.0299 | Loss(train) 1.7855 | Acc(train) 0.1969 | Loss(val) 1.7975 | Acc(val) 0.1733 | 
[2026-04-22 02:56:56] [32mIntermediate result: 0.17329910141206675  (Index 191)[0m
Epoch 00192 | Time(s) 0.0303 | Loss(train) 1.7855 | Acc(train) 0.1969 | Loss(val) 1.7975 | Acc(val) 0.1733 | 
[2026-04-22 02:56:56] [32mIntermediate result: 0.17329910141206675  (Index 192)[0m
Epoch 00193 | Time(s) 0.0300 | Loss(train) 1.7855 | Acc(train) 0.1969 | Loss(val) 1.7975 | Acc(val) 0.1733 | 
[2026-04-22 02:56:56] [32mIntermediate result: 0.17329910141206675  (Index 193)[0m
Epoch 00194 | Time(s) 0.0287 | Loss(train) 1.7855 | Acc(train) 0.1969 | Loss(val) 1.7974 | Acc(val) 0.1733 | 
[2026-04-22 02:56:56] [32mIntermediate result: 0.17329910141206675  (Index 194)[0m
Epoch 00195 | Time(s) 0.0296 | Loss(train) 1.7855 | Acc(train) 0.1969 | Loss(val) 1.7974 | Acc(val) 0.1733 | 
[2026-04-22 02:56:56] [32mIntermediate result: 0.17329910141206675  (Index 195)[0m
Epoch 00196 | Time(s) 0.0304 | Loss(train) 1.7855 | Acc(train) 0.1969 | Loss(val) 1.7974 | Acc(val) 0.1733 | 
[2026-04-22 02:56:56] [32mIntermediate result: 0.17329910141206675  (Index 196)[0m
Epoch 00197 | Time(s) 0.0304 | Loss(train) 1.7855 | Acc(train) 0.1969 | Loss(val) 1.7973 | Acc(val) 0.1733 | 
[2026-04-22 02:56:56] [32mIntermediate result: 0.17329910141206675  (Index 197)[0m
Epoch 00198 | Time(s) 0.0303 | Loss(train) 1.7855 | Acc(train) 0.1969 | Loss(val) 1.7973 | Acc(val) 0.1733 | 
[2026-04-22 02:56:56] [32mIntermediate result: 0.17329910141206675  (Index 198)[0m
Epoch 00199 | Time(s) 0.0294 | Loss(train) 1.7855 | Acc(train) 0.1969 | Loss(val) 1.7972 | Acc(val) 0.1733 | 
[2026-04-22 02:56:56] [32mIntermediate result: 0.17329910141206675  (Index 199)[0m
Epoch 00200 | Time(s) 0.0292 | Loss(train) 1.7855 | Acc(train) 0.1969 | Loss(val) 1.7972 | Acc(val) 0.1733 | 
Optimization Finished!
Time(s): 2.4086
Loss(test) 1.7599 | Acc(test) 0.2631
FINAL_RESULT: {'train': 0.2084942084942085, 'valid': 0.2593068035943517, 'test': 0.2631072631072631}
