Traceback (most recent call last):
  File "C:\Users\fbrev\Documents\Acadêmico\Simulações\Python\NoisyGL\single_exp_instance.py", line 17, in <module>
    import nni
  File "C:\Users\fbrev\anaconda3\envs\noisygl\Lib\site-packages\nni\__init__.py", line 15, in <module>
    from .mutable.shortcut import *
  File "C:\Users\fbrev\anaconda3\envs\noisygl\Lib\site-packages\nni\mutable\__init__.py", line 4, in <module>
    from .annotation import *
  File "C:\Users\fbrev\anaconda3\envs\noisygl\Lib\site-packages\nni\mutable\annotation.py", line 16, in <module>
    from .mutable import LabeledMutable, Mutable, Sample, MutableExpression
  File "C:\Users\fbrev\anaconda3\envs\noisygl\Lib\site-packages\nni\mutable\mutable.py", line 19, in <module>
    from scipy.stats import norm, lognorm, uniform, loguniform
  File "C:\Users\fbrev\anaconda3\envs\noisygl\Lib\site-packages\scipy\stats\__init__.py", line 628, in <module>
    from ._stats_py import *
  File "C:\Users\fbrev\anaconda3\envs\noisygl\Lib\site-packages\scipy\stats\_stats_py.py", line 40, in <module>
    from scipy.spatial import distance_matrix
  File "C:\Users\fbrev\anaconda3\envs\noisygl\Lib\site-packages\scipy\spatial\__init__.py", line 113, in <module>
    from ._qhull import *
  File "scipy/spatial/_qhull.pyx", line 1, in init scipy.spatial._qhull
  File "C:\Users\fbrev\anaconda3\envs\noisygl\Lib\site-packages\scipy\linalg\__init__.py", line 201, in <module>
    from ._misc import *
  File "C:\Users\fbrev\anaconda3\envs\noisygl\Lib\site-packages\scipy\linalg\_misc.py", line 4, in <module>
    from .lapack import get_lapack_funcs
  File "<frozen importlib._bootstrap>", line 1176, in _find_and_load
  File "<frozen importlib._bootstrap>", line 1138, in _find_and_load_unlocked
  File "<frozen importlib._bootstrap>", line 1078, in _find_spec
  File "<frozen importlib._bootstrap_external>", line 1507, in find_spec
  File "<frozen importlib._bootstrap_external>", line 1479, in _get_spec
  File "<frozen importlib._bootstrap_external>", line 1615, in find_spec
  File "<frozen importlib._bootstrap_external>", line 147, in _path_stat
KeyboardInterrupt
