[priority] Process priority set to IDLE
Namespace(dataset='citeseer', method='gcn', noise_type='instance', noise_rate=0.5, device='cuda:1', seed=3000, params_json='{"dropout": 0.5086348489333311, "n_hidden": 32, "n_layer": 2, "lr": 0.1, "weight_decay": 0.1}', priority='idle')
[GPU] Slot acquired for cuda:1
DEBUG 3.1: Dataset init start
DEBUG 3.2: prepare_data start citeseer
----Data statistics------'
                Name: citeseer
                #Nodes 3327
                #Edges 4552
                #Classes 6
                #Ave_degree 2.74
----Split statistics------'
                #Train samples 120 (default)
                #Val samples 500 (default)
                #Test samples 1000 (default)
[Params] Overriding from --params_json: {'dropout': 0.5086348489333311, 'n_hidden': 32, 'n_layer': 2, 'lr': 0.1, 'weight_decay': 0.1}
----label noise information:------
Instance dependent noise
#Actual noise rate 0.51 
[2026-04-22 02:49:28] [32mIntermediate result: 0.192  (Index 0)[0m
Epoch 00001 | Time(s) 0.2720 | Loss(train) 1.7917 | Acc(train) 0.1500 | Loss(val) 1.7982 | Acc(val) 0.1920 | *
[2026-04-22 02:49:28] [32mIntermediate result: 0.21  (Index 1)[0m
Epoch 00002 | Time(s) 0.0065 | Loss(train) 1.4941 | Acc(train) 0.4333 | Loss(val) 1.7841 | Acc(val) 0.2100 | *
[2026-04-22 02:49:28] [32mIntermediate result: 0.218  (Index 2)[0m
Epoch 00003 | Time(s) 0.0079 | Loss(train) 1.6047 | Acc(train) 0.3417 | Loss(val) 1.7754 | Acc(val) 0.2180 | *
[2026-04-22 02:49:28] [32mIntermediate result: 0.214  (Index 3)[0m
Epoch 00004 | Time(s) 0.0072 | Loss(train) 1.6855 | Acc(train) 0.3417 | Loss(val) 1.7807 | Acc(val) 0.2140 | 
[2026-04-22 02:49:28] [32mIntermediate result: 0.22  (Index 4)[0m
Epoch 00005 | Time(s) 0.0072 | Loss(train) 1.7423 | Acc(train) 0.2333 | Loss(val) 1.7877 | Acc(val) 0.2200 | *
[2026-04-22 02:49:28] [32mIntermediate result: 0.236  (Index 5)[0m
Epoch 00006 | Time(s) 0.0081 | Loss(train) 1.6624 | Acc(train) 0.2833 | Loss(val) 1.7661 | Acc(val) 0.2360 | *
[2026-04-22 02:49:28] [32mIntermediate result: 0.246  (Index 6)[0m
Epoch 00007 | Time(s) 0.0078 | Loss(train) 1.5631 | Acc(train) 0.3750 | Loss(val) 1.7422 | Acc(val) 0.2460 | *
[2026-04-22 02:49:28] [32mIntermediate result: 0.25  (Index 7)[0m
Epoch 00008 | Time(s) 0.0092 | Loss(train) 1.5175 | Acc(train) 0.4333 | Loss(val) 1.7483 | Acc(val) 0.2500 | *
[2026-04-22 02:49:28] [32mIntermediate result: 0.248  (Index 8)[0m
Epoch 00009 | Time(s) 0.0077 | Loss(train) 1.5727 | Acc(train) 0.4000 | Loss(val) 1.7565 | Acc(val) 0.2480 | 
[2026-04-22 02:49:28] [32mIntermediate result: 0.254  (Index 9)[0m
Epoch 00010 | Time(s) 0.0072 | Loss(train) 1.5609 | Acc(train) 0.4583 | Loss(val) 1.7617 | Acc(val) 0.2540 | *
[2026-04-22 02:49:28] [32mIntermediate result: 0.264  (Index 10)[0m
Epoch 00011 | Time(s) 0.0126 | Loss(train) 1.5718 | Acc(train) 0.3833 | Loss(val) 1.7552 | Acc(val) 0.2640 | *
[2026-04-22 02:49:28] [32mIntermediate result: 0.258  (Index 11)[0m
Epoch 00012 | Time(s) 0.0099 | Loss(train) 1.4702 | Acc(train) 0.5667 | Loss(val) 1.7479 | Acc(val) 0.2580 | 
[2026-04-22 02:49:28] [32mIntermediate result: 0.25  (Index 12)[0m
Epoch 00013 | Time(s) 0.0072 | Loss(train) 1.4574 | Acc(train) 0.4833 | Loss(val) 1.7496 | Acc(val) 0.2500 | 
[2026-04-22 02:49:28] [32mIntermediate result: 0.248  (Index 13)[0m
Epoch 00014 | Time(s) 0.0109 | Loss(train) 1.4873 | Acc(train) 0.4333 | Loss(val) 1.7590 | Acc(val) 0.2480 | 
[2026-04-22 02:49:28] [32mIntermediate result: 0.24  (Index 14)[0m
Epoch 00015 | Time(s) 0.0134 | Loss(train) 1.4950 | Acc(train) 0.3833 | Loss(val) 1.7619 | Acc(val) 0.2400 | 
[2026-04-22 02:49:28] [32mIntermediate result: 0.252  (Index 15)[0m
Epoch 00016 | Time(s) 0.0111 | Loss(train) 1.4999 | Acc(train) 0.4167 | Loss(val) 1.7546 | Acc(val) 0.2520 | 
[2026-04-22 02:49:28] [32mIntermediate result: 0.246  (Index 16)[0m
Epoch 00017 | Time(s) 0.0130 | Loss(train) 1.5387 | Acc(train) 0.4417 | Loss(val) 1.7567 | Acc(val) 0.2460 | 
[2026-04-22 02:49:28] [32mIntermediate result: 0.244  (Index 17)[0m
Epoch 00018 | Time(s) 0.0124 | Loss(train) 1.5354 | Acc(train) 0.4333 | Loss(val) 1.7529 | Acc(val) 0.2440 | 
[2026-04-22 02:49:28] [32mIntermediate result: 0.242  (Index 18)[0m
Epoch 00019 | Time(s) 0.0075 | Loss(train) 1.5468 | Acc(train) 0.4417 | Loss(val) 1.7533 | Acc(val) 0.2420 | 
[2026-04-22 02:49:28] [32mIntermediate result: 0.242  (Index 19)[0m
Epoch 00020 | Time(s) 0.0062 | Loss(train) 1.5983 | Acc(train) 0.4250 | Loss(val) 1.7572 | Acc(val) 0.2420 | 
[2026-04-22 02:49:28] [32mIntermediate result: 0.22  (Index 20)[0m
Epoch 00021 | Time(s) 0.0079 | Loss(train) 1.5959 | Acc(train) 0.4000 | Loss(val) 1.7608 | Acc(val) 0.2200 | 
[2026-04-22 02:49:28] [32mIntermediate result: 0.218  (Index 21)[0m
Epoch 00022 | Time(s) 0.0057 | Loss(train) 1.6049 | Acc(train) 0.3417 | Loss(val) 1.7614 | Acc(val) 0.2180 | 
[2026-04-22 02:49:28] [32mIntermediate result: 0.248  (Index 22)[0m
Epoch 00023 | Time(s) 0.0071 | Loss(train) 1.5952 | Acc(train) 0.3833 | Loss(val) 1.7609 | Acc(val) 0.2480 | 
[2026-04-22 02:49:28] [32mIntermediate result: 0.26  (Index 23)[0m
Epoch 00024 | Time(s) 0.0096 | Loss(train) 1.5763 | Acc(train) 0.4250 | Loss(val) 1.7599 | Acc(val) 0.2600 | 
[2026-04-22 02:49:28] [32mIntermediate result: 0.23  (Index 24)[0m
Epoch 00025 | Time(s) 0.0074 | Loss(train) 1.5685 | Acc(train) 0.4083 | Loss(val) 1.7626 | Acc(val) 0.2300 | 
[2026-04-22 02:49:28] [32mIntermediate result: 0.25  (Index 25)[0m
Epoch 00026 | Time(s) 0.0090 | Loss(train) 1.5858 | Acc(train) 0.3750 | Loss(val) 1.7612 | Acc(val) 0.2500 | 
[2026-04-22 02:49:28] [32mIntermediate result: 0.258  (Index 26)[0m
Epoch 00027 | Time(s) 0.0073 | Loss(train) 1.5565 | Acc(train) 0.4500 | Loss(val) 1.7581 | Acc(val) 0.2580 | 
[2026-04-22 02:49:28] [32mIntermediate result: 0.248  (Index 27)[0m
Epoch 00028 | Time(s) 0.0098 | Loss(train) 1.5399 | Acc(train) 0.4583 | Loss(val) 1.7545 | Acc(val) 0.2480 | 
[2026-04-22 02:49:28] [32mIntermediate result: 0.232  (Index 28)[0m
Epoch 00029 | Time(s) 0.0081 | Loss(train) 1.5321 | Acc(train) 0.4250 | Loss(val) 1.7526 | Acc(val) 0.2320 | 
[2026-04-22 02:49:28] [32mIntermediate result: 0.25  (Index 29)[0m
Epoch 00030 | Time(s) 0.0076 | Loss(train) 1.5427 | Acc(train) 0.3833 | Loss(val) 1.7492 | Acc(val) 0.2500 | 
[2026-04-22 02:49:28] [32mIntermediate result: 0.252  (Index 30)[0m
Epoch 00031 | Time(s) 0.0054 | Loss(train) 1.5578 | Acc(train) 0.4333 | Loss(val) 1.7484 | Acc(val) 0.2520 | 
[2026-04-22 02:49:28] [32mIntermediate result: 0.248  (Index 31)[0m
Epoch 00032 | Time(s) 0.0068 | Loss(train) 1.5349 | Acc(train) 0.4500 | Loss(val) 1.7476 | Acc(val) 0.2480 | 
[2026-04-22 02:49:28] [32mIntermediate result: 0.23  (Index 32)[0m
Epoch 00033 | Time(s) 0.0059 | Loss(train) 1.5262 | Acc(train) 0.4250 | Loss(val) 1.7490 | Acc(val) 0.2300 | 
[2026-04-22 02:49:28] [32mIntermediate result: 0.258  (Index 33)[0m
Epoch 00034 | Time(s) 0.0060 | Loss(train) 1.5200 | Acc(train) 0.4000 | Loss(val) 1.7489 | Acc(val) 0.2580 | 
[2026-04-22 02:49:28] [32mIntermediate result: 0.272  (Index 34)[0m
Epoch 00035 | Time(s) 0.0067 | Loss(train) 1.5402 | Acc(train) 0.4500 | Loss(val) 1.7509 | Acc(val) 0.2720 | *
[2026-04-22 02:49:28] [32mIntermediate result: 0.232  (Index 35)[0m
Epoch 00036 | Time(s) 0.0056 | Loss(train) 1.5168 | Acc(train) 0.4667 | Loss(val) 1.7550 | Acc(val) 0.2320 | 
[2026-04-22 02:49:28] [32mIntermediate result: 0.25  (Index 36)[0m
Epoch 00037 | Time(s) 0.0070 | Loss(train) 1.5266 | Acc(train) 0.4000 | Loss(val) 1.7542 | Acc(val) 0.2500 | 
[2026-04-22 02:49:28] [32mIntermediate result: 0.25  (Index 37)[0m
Epoch 00038 | Time(s) 0.0051 | Loss(train) 1.5461 | Acc(train) 0.4167 | Loss(val) 1.7575 | Acc(val) 0.2500 | 
[2026-04-22 02:49:28] [32mIntermediate result: 0.244  (Index 38)[0m
Epoch 00039 | Time(s) 0.0066 | Loss(train) 1.5310 | Acc(train) 0.4667 | Loss(val) 1.7567 | Acc(val) 0.2440 | 
[2026-04-22 02:49:28] [32mIntermediate result: 0.246  (Index 39)[0m
Epoch 00040 | Time(s) 0.0060 | Loss(train) 1.5535 | Acc(train) 0.4167 | Loss(val) 1.7553 | Acc(val) 0.2460 | 
[2026-04-22 02:49:28] [32mIntermediate result: 0.248  (Index 40)[0m
Epoch 00041 | Time(s) 0.0072 | Loss(train) 1.5691 | Acc(train) 0.4000 | Loss(val) 1.7510 | Acc(val) 0.2480 | 
[2026-04-22 02:49:28] [32mIntermediate result: 0.248  (Index 41)[0m
Epoch 00042 | Time(s) 0.0070 | Loss(train) 1.5249 | Acc(train) 0.3833 | Loss(val) 1.7495 | Acc(val) 0.2480 | 
[2026-04-22 02:49:28] [32mIntermediate result: 0.24  (Index 42)[0m
Epoch 00043 | Time(s) 0.0068 | Loss(train) 1.5441 | Acc(train) 0.4167 | Loss(val) 1.7486 | Acc(val) 0.2400 | 
[2026-04-22 02:49:28] [32mIntermediate result: 0.238  (Index 43)[0m
Epoch 00044 | Time(s) 0.0071 | Loss(train) 1.5416 | Acc(train) 0.4167 | Loss(val) 1.7464 | Acc(val) 0.2380 | 
[2026-04-22 02:49:28] [32mIntermediate result: 0.254  (Index 44)[0m
Epoch 00045 | Time(s) 0.0066 | Loss(train) 1.5800 | Acc(train) 0.3667 | Loss(val) 1.7482 | Acc(val) 0.2540 | 
[2026-04-22 02:49:28] [32mIntermediate result: 0.264  (Index 45)[0m
Epoch 00046 | Time(s) 0.0070 | Loss(train) 1.5647 | Acc(train) 0.4500 | Loss(val) 1.7523 | Acc(val) 0.2640 | 
[2026-04-22 02:49:28] [32mIntermediate result: 0.246  (Index 46)[0m
Epoch 00047 | Time(s) 0.0082 | Loss(train) 1.5610 | Acc(train) 0.4750 | Loss(val) 1.7507 | Acc(val) 0.2460 | 
[2026-04-22 02:49:28] [32mIntermediate result: 0.246  (Index 47)[0m
Epoch 00048 | Time(s) 0.0055 | Loss(train) 1.5468 | Acc(train) 0.4167 | Loss(val) 1.7521 | Acc(val) 0.2460 | 
[2026-04-22 02:49:28] [32mIntermediate result: 0.256  (Index 48)[0m
Epoch 00049 | Time(s) 0.0060 | Loss(train) 1.5414 | Acc(train) 0.4250 | Loss(val) 1.7529 | Acc(val) 0.2560 | 
[2026-04-22 02:49:28] [32mIntermediate result: 0.228  (Index 49)[0m
Epoch 00050 | Time(s) 0.0070 | Loss(train) 1.5350 | Acc(train) 0.4167 | Loss(val) 1.7579 | Acc(val) 0.2280 | 
[2026-04-22 02:49:28] [32mIntermediate result: 0.274  (Index 50)[0m
Epoch 00051 | Time(s) 0.0062 | Loss(train) 1.5172 | Acc(train) 0.4583 | Loss(val) 1.7561 | Acc(val) 0.2740 | *
[2026-04-22 02:49:28] [32mIntermediate result: 0.252  (Index 51)[0m
Epoch 00052 | Time(s) 0.0076 | Loss(train) 1.5456 | Acc(train) 0.4583 | Loss(val) 1.7557 | Acc(val) 0.2520 | 
[2026-04-22 02:49:28] [32mIntermediate result: 0.256  (Index 52)[0m
Epoch 00053 | Time(s) 0.0061 | Loss(train) 1.5452 | Acc(train) 0.4167 | Loss(val) 1.7532 | Acc(val) 0.2560 | 
[2026-04-22 02:49:28] [32mIntermediate result: 0.258  (Index 53)[0m
Epoch 00054 | Time(s) 0.0075 | Loss(train) 1.5457 | Acc(train) 0.4083 | Loss(val) 1.7527 | Acc(val) 0.2580 | 
[2026-04-22 02:49:28] [32mIntermediate result: 0.254  (Index 54)[0m
Epoch 00055 | Time(s) 0.0070 | Loss(train) 1.5319 | Acc(train) 0.4417 | Loss(val) 1.7521 | Acc(val) 0.2540 | 
[2026-04-22 02:49:28] [32mIntermediate result: 0.234  (Index 55)[0m
Epoch 00056 | Time(s) 0.0065 | Loss(train) 1.5197 | Acc(train) 0.4167 | Loss(val) 1.7506 | Acc(val) 0.2340 | 
[2026-04-22 02:49:28] [32mIntermediate result: 0.266  (Index 56)[0m
Epoch 00057 | Time(s) 0.0056 | Loss(train) 1.5393 | Acc(train) 0.4167 | Loss(val) 1.7506 | Acc(val) 0.2660 | 
[2026-04-22 02:49:28] [32mIntermediate result: 0.24  (Index 57)[0m
Epoch 00058 | Time(s) 0.0067 | Loss(train) 1.5383 | Acc(train) 0.4833 | Loss(val) 1.7562 | Acc(val) 0.2400 | 
[2026-04-22 02:49:28] [32mIntermediate result: 0.25  (Index 58)[0m
Epoch 00059 | Time(s) 0.0068 | Loss(train) 1.5558 | Acc(train) 0.4500 | Loss(val) 1.7494 | Acc(val) 0.2500 | 
[2026-04-22 02:49:28] [32mIntermediate result: 0.23  (Index 59)[0m
Epoch 00060 | Time(s) 0.0081 | Loss(train) 1.5329 | Acc(train) 0.4250 | Loss(val) 1.7516 | Acc(val) 0.2300 | 
[2026-04-22 02:49:28] [32mIntermediate result: 0.252  (Index 60)[0m
Epoch 00061 | Time(s) 0.0076 | Loss(train) 1.5502 | Acc(train) 0.3917 | Loss(val) 1.7534 | Acc(val) 0.2520 | 
[2026-04-22 02:49:28] [32mIntermediate result: 0.266  (Index 61)[0m
Epoch 00062 | Time(s) 0.0080 | Loss(train) 1.5450 | Acc(train) 0.4667 | Loss(val) 1.7536 | Acc(val) 0.2660 | 
[2026-04-22 02:49:28] [32mIntermediate result: 0.256  (Index 62)[0m
Epoch 00063 | Time(s) 0.0084 | Loss(train) 1.5540 | Acc(train) 0.4417 | Loss(val) 1.7549 | Acc(val) 0.2560 | 
[2026-04-22 02:49:28] [32mIntermediate result: 0.26  (Index 63)[0m
Epoch 00064 | Time(s) 0.0062 | Loss(train) 1.5462 | Acc(train) 0.3917 | Loss(val) 1.7561 | Acc(val) 0.2600 | 
[2026-04-22 02:49:28] [32mIntermediate result: 0.26  (Index 64)[0m
Epoch 00065 | Time(s) 0.0057 | Loss(train) 1.5374 | Acc(train) 0.4500 | Loss(val) 1.7565 | Acc(val) 0.2600 | 
[2026-04-22 02:49:28] [32mIntermediate result: 0.246  (Index 65)[0m
Epoch 00066 | Time(s) 0.0059 | Loss(train) 1.5489 | Acc(train) 0.4833 | Loss(val) 1.7567 | Acc(val) 0.2460 | 
[2026-04-22 02:49:28] [32mIntermediate result: 0.218  (Index 66)[0m
Epoch 00067 | Time(s) 0.0059 | Loss(train) 1.5383 | Acc(train) 0.4250 | Loss(val) 1.7576 | Acc(val) 0.2180 | 
[2026-04-22 02:49:28] [32mIntermediate result: 0.264  (Index 67)[0m
Epoch 00068 | Time(s) 0.0056 | Loss(train) 1.5584 | Acc(train) 0.3583 | Loss(val) 1.7503 | Acc(val) 0.2640 | 
[2026-04-22 02:49:28] [32mIntermediate result: 0.26  (Index 68)[0m
Epoch 00069 | Time(s) 0.0058 | Loss(train) 1.5250 | Acc(train) 0.4750 | Loss(val) 1.7479 | Acc(val) 0.2600 | 
[2026-04-22 02:49:28] [32mIntermediate result: 0.248  (Index 69)[0m
Epoch 00070 | Time(s) 0.0057 | Loss(train) 1.5615 | Acc(train) 0.4583 | Loss(val) 1.7487 | Acc(val) 0.2480 | 
[2026-04-22 02:49:28] [32mIntermediate result: 0.23  (Index 70)[0m
Epoch 00071 | Time(s) 0.0063 | Loss(train) 1.5375 | Acc(train) 0.4167 | Loss(val) 1.7527 | Acc(val) 0.2300 | 
[2026-04-22 02:49:28] [32mIntermediate result: 0.254  (Index 71)[0m
Epoch 00072 | Time(s) 0.0062 | Loss(train) 1.5158 | Acc(train) 0.4000 | Loss(val) 1.7513 | Acc(val) 0.2540 | 
[2026-04-22 02:49:28] [32mIntermediate result: 0.264  (Index 72)[0m
Epoch 00073 | Time(s) 0.0061 | Loss(train) 1.5414 | Acc(train) 0.4750 | Loss(val) 1.7521 | Acc(val) 0.2640 | 
[2026-04-22 02:49:28] [32mIntermediate result: 0.218  (Index 73)[0m
Epoch 00074 | Time(s) 0.0093 | Loss(train) 1.5621 | Acc(train) 0.4667 | Loss(val) 1.7559 | Acc(val) 0.2180 | 
[2026-04-22 02:49:28] [32mIntermediate result: 0.244  (Index 74)[0m
Epoch 00075 | Time(s) 0.0103 | Loss(train) 1.5580 | Acc(train) 0.3917 | Loss(val) 1.7519 | Acc(val) 0.2440 | 
[2026-04-22 02:49:28] [32mIntermediate result: 0.25  (Index 75)[0m
Epoch 00076 | Time(s) 0.0066 | Loss(train) 1.5414 | Acc(train) 0.4583 | Loss(val) 1.7533 | Acc(val) 0.2500 | 
[2026-04-22 02:49:28] [32mIntermediate result: 0.248  (Index 76)[0m
Epoch 00077 | Time(s) 0.0063 | Loss(train) 1.5370 | Acc(train) 0.4833 | Loss(val) 1.7535 | Acc(val) 0.2480 | 
[2026-04-22 02:49:28] [32mIntermediate result: 0.244  (Index 77)[0m
Epoch 00078 | Time(s) 0.0092 | Loss(train) 1.5167 | Acc(train) 0.4167 | Loss(val) 1.7516 | Acc(val) 0.2440 | 
[2026-04-22 02:49:28] [32mIntermediate result: 0.23  (Index 78)[0m
Epoch 00079 | Time(s) 0.0059 | Loss(train) 1.5137 | Acc(train) 0.4167 | Loss(val) 1.7552 | Acc(val) 0.2300 | 
[2026-04-22 02:49:28] [32mIntermediate result: 0.216  (Index 79)[0m
Epoch 00080 | Time(s) 0.0069 | Loss(train) 1.5313 | Acc(train) 0.5167 | Loss(val) 1.7495 | Acc(val) 0.2160 | 
[2026-04-22 02:49:28] [32mIntermediate result: 0.216  (Index 80)[0m
Epoch 00081 | Time(s) 0.0068 | Loss(train) 1.5080 | Acc(train) 0.4500 | Loss(val) 1.7546 | Acc(val) 0.2160 | 
[2026-04-22 02:49:28] [32mIntermediate result: 0.198  (Index 81)[0m
Epoch 00082 | Time(s) 0.0065 | Loss(train) 1.4997 | Acc(train) 0.4250 | Loss(val) 1.7625 | Acc(val) 0.1980 | 
[2026-04-22 02:49:28] [32mIntermediate result: 0.26  (Index 82)[0m
Epoch 00083 | Time(s) 0.0058 | Loss(train) 1.5178 | Acc(train) 0.4417 | Loss(val) 1.7526 | Acc(val) 0.2600 | 
[2026-04-22 02:49:28] [32mIntermediate result: 0.218  (Index 83)[0m
Epoch 00084 | Time(s) 0.0060 | Loss(train) 1.5105 | Acc(train) 0.4583 | Loss(val) 1.7655 | Acc(val) 0.2180 | 
[2026-04-22 02:49:28] [32mIntermediate result: 0.282  (Index 84)[0m
Epoch 00085 | Time(s) 0.0082 | Loss(train) 1.5479 | Acc(train) 0.3750 | Loss(val) 1.7546 | Acc(val) 0.2820 | *
[2026-04-22 02:49:28] [32mIntermediate result: 0.208  (Index 85)[0m
Epoch 00086 | Time(s) 0.0059 | Loss(train) 1.5514 | Acc(train) 0.5167 | Loss(val) 1.7648 | Acc(val) 0.2080 | 
[2026-04-22 02:49:28] [32mIntermediate result: 0.216  (Index 86)[0m
Epoch 00087 | Time(s) 0.0070 | Loss(train) 1.5427 | Acc(train) 0.4583 | Loss(val) 1.7649 | Acc(val) 0.2160 | 
[2026-04-22 02:49:28] [32mIntermediate result: 0.222  (Index 87)[0m
Epoch 00088 | Time(s) 0.0059 | Loss(train) 1.5838 | Acc(train) 0.3333 | Loss(val) 1.7628 | Acc(val) 0.2220 | 
[2026-04-22 02:49:28] [32mIntermediate result: 0.25  (Index 88)[0m
Epoch 00089 | Time(s) 0.0075 | Loss(train) 1.5603 | Acc(train) 0.3750 | Loss(val) 1.7563 | Acc(val) 0.2500 | 
[2026-04-22 02:49:28] [32mIntermediate result: 0.258  (Index 89)[0m
Epoch 00090 | Time(s) 0.0063 | Loss(train) 1.6043 | Acc(train) 0.4417 | Loss(val) 1.7571 | Acc(val) 0.2580 | 
[2026-04-22 02:49:28] [32mIntermediate result: 0.226  (Index 90)[0m
Epoch 00091 | Time(s) 0.0074 | Loss(train) 1.6220 | Acc(train) 0.4583 | Loss(val) 1.7585 | Acc(val) 0.2260 | 
[2026-04-22 02:49:28] [32mIntermediate result: 0.218  (Index 91)[0m
Epoch 00092 | Time(s) 0.0072 | Loss(train) 1.6294 | Acc(train) 0.3667 | Loss(val) 1.7620 | Acc(val) 0.2180 | 
[2026-04-22 02:49:28] [32mIntermediate result: 0.234  (Index 92)[0m
Epoch 00093 | Time(s) 0.0059 | Loss(train) 1.5849 | Acc(train) 0.4000 | Loss(val) 1.7640 | Acc(val) 0.2340 | 
[2026-04-22 02:49:28] [32mIntermediate result: 0.238  (Index 93)[0m
Epoch 00094 | Time(s) 0.0061 | Loss(train) 1.5990 | Acc(train) 0.3667 | Loss(val) 1.7674 | Acc(val) 0.2380 | 
[2026-04-22 02:49:28] [32mIntermediate result: 0.242  (Index 94)[0m
Epoch 00095 | Time(s) 0.0061 | Loss(train) 1.5880 | Acc(train) 0.4083 | Loss(val) 1.7615 | Acc(val) 0.2420 | 
[2026-04-22 02:49:28] [32mIntermediate result: 0.244  (Index 95)[0m
Epoch 00096 | Time(s) 0.0058 | Loss(train) 1.5878 | Acc(train) 0.3917 | Loss(val) 1.7549 | Acc(val) 0.2440 | 
[2026-04-22 02:49:28] [32mIntermediate result: 0.256  (Index 96)[0m
Epoch 00097 | Time(s) 0.0068 | Loss(train) 1.5728 | Acc(train) 0.4167 | Loss(val) 1.7517 | Acc(val) 0.2560 | 
[2026-04-22 02:49:28] [32mIntermediate result: 0.264  (Index 97)[0m
Epoch 00098 | Time(s) 0.0053 | Loss(train) 1.5488 | Acc(train) 0.4583 | Loss(val) 1.7497 | Acc(val) 0.2640 | 
[2026-04-22 02:49:28] [32mIntermediate result: 0.248  (Index 98)[0m
Epoch 00099 | Time(s) 0.0061 | Loss(train) 1.5484 | Acc(train) 0.4833 | Loss(val) 1.7526 | Acc(val) 0.2480 | 
[2026-04-22 02:49:28] [32mIntermediate result: 0.258  (Index 99)[0m
Epoch 00100 | Time(s) 0.0058 | Loss(train) 1.5330 | Acc(train) 0.4250 | Loss(val) 1.7489 | Acc(val) 0.2580 | 
[2026-04-22 02:49:28] [32mIntermediate result: 0.24  (Index 100)[0m
Epoch 00101 | Time(s) 0.0075 | Loss(train) 1.5268 | Acc(train) 0.4500 | Loss(val) 1.7533 | Acc(val) 0.2400 | 
[2026-04-22 02:49:28] [32mIntermediate result: 0.232  (Index 101)[0m
Epoch 00102 | Time(s) 0.0075 | Loss(train) 1.5401 | Acc(train) 0.4083 | Loss(val) 1.7538 | Acc(val) 0.2320 | 
[2026-04-22 02:49:28] [32mIntermediate result: 0.266  (Index 102)[0m
Epoch 00103 | Time(s) 0.0068 | Loss(train) 1.5189 | Acc(train) 0.4083 | Loss(val) 1.7477 | Acc(val) 0.2660 | 
[2026-04-22 02:49:28] [32mIntermediate result: 0.272  (Index 103)[0m
Epoch 00104 | Time(s) 0.0076 | Loss(train) 1.5105 | Acc(train) 0.4833 | Loss(val) 1.7499 | Acc(val) 0.2720 | 
[2026-04-22 02:49:28] [32mIntermediate result: 0.218  (Index 104)[0m
Epoch 00105 | Time(s) 0.0081 | Loss(train) 1.5208 | Acc(train) 0.4833 | Loss(val) 1.7565 | Acc(val) 0.2180 | 
[2026-04-22 02:49:28] [32mIntermediate result: 0.258  (Index 105)[0m
Epoch 00106 | Time(s) 0.0075 | Loss(train) 1.5308 | Acc(train) 0.4083 | Loss(val) 1.7541 | Acc(val) 0.2580 | 
[2026-04-22 02:49:28] [32mIntermediate result: 0.246  (Index 106)[0m
Epoch 00107 | Time(s) 0.0074 | Loss(train) 1.5253 | Acc(train) 0.4167 | Loss(val) 1.7520 | Acc(val) 0.2460 | 
[2026-04-22 02:49:28] [32mIntermediate result: 0.238  (Index 107)[0m
Epoch 00108 | Time(s) 0.0075 | Loss(train) 1.5266 | Acc(train) 0.4500 | Loss(val) 1.7488 | Acc(val) 0.2380 | 
[2026-04-22 02:49:28] [32mIntermediate result: 0.238  (Index 108)[0m
Epoch 00109 | Time(s) 0.0072 | Loss(train) 1.5407 | Acc(train) 0.4250 | Loss(val) 1.7497 | Acc(val) 0.2380 | 
[2026-04-22 02:49:28] [32mIntermediate result: 0.254  (Index 109)[0m
Epoch 00110 | Time(s) 0.0071 | Loss(train) 1.5330 | Acc(train) 0.4250 | Loss(val) 1.7459 | Acc(val) 0.2540 | 
[2026-04-22 02:49:28] [32mIntermediate result: 0.256  (Index 110)[0m
Epoch 00111 | Time(s) 0.0061 | Loss(train) 1.5155 | Acc(train) 0.4750 | Loss(val) 1.7465 | Acc(val) 0.2560 | 
[2026-04-22 02:49:28] [32mIntermediate result: 0.256  (Index 111)[0m
Epoch 00112 | Time(s) 0.0054 | Loss(train) 1.5080 | Acc(train) 0.5083 | Loss(val) 1.7490 | Acc(val) 0.2560 | 
[2026-04-22 02:49:28] [32mIntermediate result: 0.262  (Index 112)[0m
Epoch 00113 | Time(s) 0.0062 | Loss(train) 1.5327 | Acc(train) 0.4167 | Loss(val) 1.7494 | Acc(val) 0.2620 | 
[2026-04-22 02:49:28] [32mIntermediate result: 0.216  (Index 113)[0m
Epoch 00114 | Time(s) 0.0078 | Loss(train) 1.5265 | Acc(train) 0.4417 | Loss(val) 1.7554 | Acc(val) 0.2160 | 
[2026-04-22 02:49:28] [32mIntermediate result: 0.254  (Index 114)[0m
Epoch 00115 | Time(s) 0.0065 | Loss(train) 1.5250 | Acc(train) 0.4083 | Loss(val) 1.7558 | Acc(val) 0.2540 | 
[2026-04-22 02:49:28] [32mIntermediate result: 0.246  (Index 115)[0m
Epoch 00116 | Time(s) 0.0058 | Loss(train) 1.5606 | Acc(train) 0.4917 | Loss(val) 1.7519 | Acc(val) 0.2460 | 
[2026-04-22 02:49:28] [32mIntermediate result: 0.216  (Index 116)[0m
Epoch 00117 | Time(s) 0.0061 | Loss(train) 1.5507 | Acc(train) 0.4583 | Loss(val) 1.7599 | Acc(val) 0.2160 | 
[2026-04-22 02:49:28] [32mIntermediate result: 0.246  (Index 117)[0m
Epoch 00118 | Time(s) 0.0058 | Loss(train) 1.5627 | Acc(train) 0.4000 | Loss(val) 1.7570 | Acc(val) 0.2460 | 
[2026-04-22 02:49:28] [32mIntermediate result: 0.25  (Index 118)[0m
Epoch 00119 | Time(s) 0.0068 | Loss(train) 1.5360 | Acc(train) 0.4750 | Loss(val) 1.7530 | Acc(val) 0.2500 | 
[2026-04-22 02:49:28] [32mIntermediate result: 0.266  (Index 119)[0m
Epoch 00120 | Time(s) 0.0066 | Loss(train) 1.5441 | Acc(train) 0.4667 | Loss(val) 1.7502 | Acc(val) 0.2660 | 
[2026-04-22 02:49:28] [32mIntermediate result: 0.246  (Index 120)[0m
Epoch 00121 | Time(s) 0.0075 | Loss(train) 1.5328 | Acc(train) 0.4167 | Loss(val) 1.7522 | Acc(val) 0.2460 | 
[2026-04-22 02:49:28] [32mIntermediate result: 0.26  (Index 121)[0m
Epoch 00122 | Time(s) 0.0063 | Loss(train) 1.5367 | Acc(train) 0.4000 | Loss(val) 1.7548 | Acc(val) 0.2600 | 
[2026-04-22 02:49:28] [32mIntermediate result: 0.242  (Index 122)[0m
Epoch 00123 | Time(s) 0.0068 | Loss(train) 1.5205 | Acc(train) 0.4833 | Loss(val) 1.7538 | Acc(val) 0.2420 | 
[2026-04-22 02:49:28] [32mIntermediate result: 0.236  (Index 123)[0m
Epoch 00124 | Time(s) 0.0084 | Loss(train) 1.5569 | Acc(train) 0.4417 | Loss(val) 1.7514 | Acc(val) 0.2360 | 
[2026-04-22 02:49:28] [32mIntermediate result: 0.25  (Index 124)[0m
Epoch 00125 | Time(s) 0.0066 | Loss(train) 1.5389 | Acc(train) 0.4000 | Loss(val) 1.7522 | Acc(val) 0.2500 | 
[2026-04-22 02:49:28] [32mIntermediate result: 0.256  (Index 125)[0m
Epoch 00126 | Time(s) 0.0065 | Loss(train) 1.5423 | Acc(train) 0.4167 | Loss(val) 1.7498 | Acc(val) 0.2560 | 
[2026-04-22 02:49:28] [32mIntermediate result: 0.228  (Index 126)[0m
Epoch 00127 | Time(s) 0.0077 | Loss(train) 1.5432 | Acc(train) 0.4167 | Loss(val) 1.7522 | Acc(val) 0.2280 | 
[2026-04-22 02:49:28] [32mIntermediate result: 0.254  (Index 127)[0m
Epoch 00128 | Time(s) 0.0078 | Loss(train) 1.5317 | Acc(train) 0.4083 | Loss(val) 1.7531 | Acc(val) 0.2540 | 
[2026-04-22 02:49:28] [32mIntermediate result: 0.248  (Index 128)[0m
Epoch 00129 | Time(s) 0.0094 | Loss(train) 1.5192 | Acc(train) 0.5000 | Loss(val) 1.7531 | Acc(val) 0.2480 | 
[2026-04-22 02:49:28] [32mIntermediate result: 0.242  (Index 129)[0m
Epoch 00130 | Time(s) 0.0094 | Loss(train) 1.5189 | Acc(train) 0.4667 | Loss(val) 1.7516 | Acc(val) 0.2420 | 
[2026-04-22 02:49:28] [32mIntermediate result: 0.278  (Index 130)[0m
