Traceback (most recent call last):
  File "C:\Users\fbrev\Documents\Acadêmico\Simulações\Python\NoisyGL\single_exp_instance.py", line 17, in <module>
    import nni
  File "C:\Users\fbrev\anaconda3\envs\noisygl\Lib\site-packages\nni\__init__.py", line 15, in <module>
    from .mutable.shortcut import *
  File "C:\Users\fbrev\anaconda3\envs\noisygl\Lib\site-packages\nni\mutable\__init__.py", line 4, in <module>
    from .annotation import *
  File "C:\Users\fbrev\anaconda3\envs\noisygl\Lib\site-packages\nni\mutable\annotation.py", line 16, in <module>
    from .mutable import LabeledMutable, Mutable, Sample, MutableExpression
  File "C:\Users\fbrev\anaconda3\envs\noisygl\Lib\site-packages\nni\mutable\mutable.py", line 19, in <module>
    from scipy.stats import norm, lognorm, uniform, loguniform
  File "C:\Users\fbrev\anaconda3\envs\noisygl\Lib\site-packages\scipy\stats\__init__.py", line 628, in <module>
    from ._stats_py import *
  File "C:\Users\fbrev\anaconda3\envs\noisygl\Lib\site-packages\scipy\stats\_stats_py.py", line 49, in <module>
    from . import distributions
  File "C:\Users\fbrev\anaconda3\envs\noisygl\Lib\site-packages\scipy\stats\distributions.py", line 10, in <module>
    from . import _continuous_distns
  File "C:\Users\fbrev\anaconda3\envs\noisygl\Lib\site-packages\scipy\stats\_continuous_distns.py", line 7209, in <module>
    mielke = mielke_gen(a=0.0, name='mielke')
             ^^^^^^^^^^^^^^^^^^^^^^^^^^^^^^^^
  File "C:\Users\fbrev\anaconda3\envs\noisygl\Lib\site-packages\scipy\stats\_distn_infrastructure.py", line 1905, in __init__
    self._attach_methods()
  File "C:\Users\fbrev\anaconda3\envs\noisygl\Lib\site-packages\scipy\stats\_distn_infrastructure.py", line 1951, in _attach_methods
    self.generic_moment = vectorize(self._mom1_sc, otypes='d')
                          ^^^^^^^^^^^^^^^^^^^^^^^^^^^^^^^^^^^^
KeyboardInterrupt
