Traceback (most recent call last):
  File "C:\Users\fbrev\Documents\Acadêmico\Simulações\Python\NoisyGL\single_exp_instance.py", line 17, in <module>
    import nni
  File "C:\Users\fbrev\anaconda3\envs\noisygl\Lib\site-packages\nni\__init__.py", line 15, in <module>
    from .mutable.shortcut import *
  File "C:\Users\fbrev\anaconda3\envs\noisygl\Lib\site-packages\nni\mutable\__init__.py", line 4, in <module>
    from .annotation import *
  File "C:\Users\fbrev\anaconda3\envs\noisygl\Lib\site-packages\nni\mutable\annotation.py", line 16, in <module>
    from .mutable import LabeledMutable, Mutable, Sample, MutableExpression
  File "C:\Users\fbrev\anaconda3\envs\noisygl\Lib\site-packages\nni\mutable\mutable.py", line 19, in <module>
    from scipy.stats import norm, lognorm, uniform, loguniform
  File "C:\Users\fbrev\anaconda3\envs\noisygl\Lib\site-packages\scipy\stats\__init__.py", line 628, in <module>
    from ._stats_py import *
  File "C:\Users\fbrev\anaconda3\envs\noisygl\Lib\site-packages\scipy\stats\_stats_py.py", line 49, in <module>
    from . import distributions
  File "C:\Users\fbrev\anaconda3\envs\noisygl\Lib\site-packages\scipy\stats\distributions.py", line 10, in <module>
    from . import _continuous_distns
  File "C:\Users\fbrev\anaconda3\envs\noisygl\Lib\site-packages\scipy\stats\_continuous_distns.py", line 9905, in <module>
    skewnorm = skewnorm_gen(name='skewnorm')
               ^^^^^^^^^^^^^^^^^^^^^^^^^^^^^
  File "C:\Users\fbrev\anaconda3\envs\noisygl\Lib\site-packages\scipy\stats\_distn_infrastructure.py", line 1902, in __init__
    self._construct_argparser(meths_to_inspect=[self._pdf, self._cdf],
  File "C:\Users\fbrev\anaconda3\envs\noisygl\Lib\site-packages\scipy\stats\_distn_infrastructure.py", line 789, in _construct_argparser
    shapes_args = _getfullargspec(meth)  # NB does not contain self
                  ^^^^^^^^^^^^^^^^^^^^^
  File "C:\Users\fbrev\anaconda3\envs\noisygl\Lib\site-packages\scipy\_lib\_util.py", line 545, in getfullargspec_no_self
    sig = wrapped_inspect_signature(func)
          ^^^^^^^^^^^^^^^^^^^^^^^^^^^^^^^
  File "C:\Users\fbrev\anaconda3\envs\noisygl\Lib\inspect.py", line 3263, in signature
    return Signature.from_callable(obj, follow_wrapped=follow_wrapped,
           ^^^^^^^^^^^^^^^^^^^^^^^^^^^^^^^^^^^^^^^^^^^^^^^^^^^^^^^^^^^
  File "C:\Users\fbrev\anaconda3\envs\noisygl\Lib\inspect.py", line 3011, in from_callable
    return _signature_from_callable(obj, sigcls=cls,
           ^^^^^^^^^^^^^^^^^^^^^^^^^^^^^^^^^^^^^^^^^
  File "C:\Users\fbrev\anaconda3\envs\noisygl\Lib\inspect.py", line 2461, in _signature_from_callable
    sig = _get_signature_of(obj.__func__)
          ^^^^^^^^^^^^^^^^^^^^^^^^^^^^^^^
  File "C:\Users\fbrev\anaconda3\envs\noisygl\Lib\inspect.py", line 2435, in _signature_from_callable
    def _signature_from_callable(obj, *,
    
KeyboardInterrupt
