Traceback (most recent call last):
  File "C:\Users\fbrev\Documents\Acadêmico\Simulações\Python\NoisyGL\single_exp_instance.py", line 23, in <module>
    from utils.dataloader import Dataset
  File "C:\Users\fbrev\Documents\Acadêmico\Simulações\Python\NoisyGL\utils\__init__.py", line 1, in <module>
    from .dataloader import *
  File "C:\Users\fbrev\Documents\Acadêmico\Simulações\Python\NoisyGL\utils\dataloader.py", line 4, in <module>
    from torch_geometric.datasets import Planetoid, Amazon, Coauthor, WikiCS, WikipediaNetwork, WebKB, Actor, \
  File "C:\Users\fbrev\anaconda3\envs\noisygl\Lib\site-packages\torch_geometric\__init__.py", line 14, in <module>
    from .isinstance import is_torch_instance
  File "C:\Users\fbrev\anaconda3\envs\noisygl\Lib\site-packages\torch_geometric\isinstance.py", line 8, in <module>
    import torch._dynamo
  File "C:\Users\fbrev\anaconda3\envs\noisygl\Lib\site-packages\torch\_dynamo\__init__.py", line 2, in <module>
    from . import convert_frame, eval_frame, resume_execution
  File "C:\Users\fbrev\anaconda3\envs\noisygl\Lib\site-packages\torch\_dynamo\convert_frame.py", line 40, in <module>
    from . import config, exc, trace_rules
  File "C:\Users\fbrev\anaconda3\envs\noisygl\Lib\site-packages\torch\_dynamo\trace_rules.py", line 50, in <module>
    from .variables import (
  File "C:\Users\fbrev\anaconda3\envs\noisygl\Lib\site-packages\torch\_dynamo\variables\__init__.py", line 34, in <module>
    from .higher_order_ops import (
  File "C:\Users\fbrev\anaconda3\envs\noisygl\Lib\site-packages\torch\_dynamo\variables\higher_order_ops.py", line 13, in <module>
    import torch.onnx.operators
  File "C:\Users\fbrev\anaconda3\envs\noisygl\Lib\site-packages\torch\onnx\__init__.py", line 10, in <module>
    from . import (  # usort:skip. Keep the order instead of sorting lexicographically
  File "C:\Users\fbrev\anaconda3\envs\noisygl\Lib\site-packages\torch\onnx\errors.py", line 9, in <module>
    from torch.onnx._internal import diagnostics
  File "C:\Users\fbrev\anaconda3\envs\noisygl\Lib\site-packages\torch\onnx\_internal\diagnostics\__init__.py", line 1, in <module>
    from ._diagnostic import (
  File "C:\Users\fbrev\anaconda3\envs\noisygl\Lib\site-packages\torch\onnx\_internal\diagnostics\_diagnostic.py", line 11, in <module>
    from torch.onnx._internal.diagnostics import infra
  File "C:\Users\fbrev\anaconda3\envs\noisygl\Lib\site-packages\torch\onnx\_internal\diagnostics\infra\__init__.py", line 15, in <module>
    from .context import Diagnostic, DiagnosticContext, RuntimeErrorWithDiagnostic
  File "C:\Users\fbrev\anaconda3\envs\noisygl\Lib\site-packages\torch\onnx\_internal\diagnostics\infra\context.py", line 26, in <module>
    from torch.onnx._internal.diagnostics.infra.sarif import version as sarif_version
  File "<frozen importlib._bootstrap>", line 1176, in _find_and_load
  File "<frozen importlib._bootstrap>", line 1147, in _find_and_load_unlocked
  File "<frozen importlib._bootstrap>", line 690, in _load_unlocked
  File "<frozen importlib._bootstrap_external>", line 936, in exec_module
  File "<frozen importlib._bootstrap_external>", line 1032, in get_code
  File "<frozen importlib._bootstrap_external>", line 1131, in get_data
KeyboardInterrupt
