Traceback (most recent call last):
  File "C:\Users\fbrev\Documents\Acadêmico\Simulações\Python\NoisyGL\single_exp_instance.py", line 23, in <module>
    from utils.dataloader import Dataset
  File "C:\Users\fbrev\Documents\Acadêmico\Simulações\Python\NoisyGL\utils\__init__.py", line 1, in <module>
    from .dataloader import *
  File "C:\Users\fbrev\Documents\Acadêmico\Simulações\Python\NoisyGL\utils\dataloader.py", line 4, in <module>
    from torch_geometric.datasets import Planetoid, Amazon, Coauthor, WikiCS, WikipediaNetwork, WebKB, Actor, \
  File "C:\Users\fbrev\anaconda3\envs\noisygl\Lib\site-packages\torch_geometric\__init__.py", line 14, in <module>
    from .isinstance import is_torch_instance
  File "C:\Users\fbrev\anaconda3\envs\noisygl\Lib\site-packages\torch_geometric\isinstance.py", line 8, in <module>
    import torch._dynamo
  File "C:\Users\fbrev\anaconda3\envs\noisygl\Lib\site-packages\torch\_dynamo\__init__.py", line 2, in <module>
    from . import convert_frame, eval_frame, resume_execution
  File "C:\Users\fbrev\anaconda3\envs\noisygl\Lib\site-packages\torch\_dynamo\convert_frame.py", line 31, in <module>
    from torch.fx.experimental.symbolic_shapes import (
  File "C:\Users\fbrev\anaconda3\envs\noisygl\Lib\site-packages\torch\fx\experimental\symbolic_shapes.py", line 63, in <module>
    from torch.utils._sympy.functions import FloorDiv, Mod, IsNonOverlappingAndDenseIndicator
  File "C:\Users\fbrev\anaconda3\envs\noisygl\Lib\site-packages\torch\utils\_sympy\functions.py", line 1, in <module>
    import sympy
  File "C:\Users\fbrev\anaconda3\envs\noisygl\Lib\site-packages\sympy\__init__.py", line 157, in <module>
    from .concrete import product, Product, summation, Sum
  File "C:\Users\fbrev\anaconda3\envs\noisygl\Lib\site-packages\sympy\concrete\__init__.py", line 1, in <module>
    from .products import product, Product
  File "C:\Users\fbrev\anaconda3\envs\noisygl\Lib\site-packages\sympy\concrete\products.py", line 4, in <module>
    from .summations import Sum, summation, _dummy_with_inherited_properties_concrete
  File "C:\Users\fbrev\anaconda3\envs\noisygl\Lib\site-packages\sympy\concrete\summations.py", line 7, in <module>
    from .gosper import gosper_sum
  File "<frozen importlib._bootstrap>", line 1176, in _find_and_load
  File "<frozen importlib._bootstrap>", line 1138, in _find_and_load_unlocked
  File "<frozen importlib._bootstrap>", line 1078, in _find_spec
  File "<frozen importlib._bootstrap_external>", line 1507, in find_spec
  File "<frozen importlib._bootstrap_external>", line 1479, in _get_spec
  File "<frozen importlib._bootstrap_external>", line 1648, in find_spec
  File "<frozen importlib._bootstrap_external>", line 161, in _path_isfile
  File "<frozen importlib._bootstrap_external>", line 153, in _path_is_mode_type
  File "<frozen importlib._bootstrap_external>", line 147, in _path_stat
KeyboardInterrupt
