Traceback (most recent call last):
  File "C:\Users\fbrev\Documents\Acadêmico\Simulações\Python\NoisyGL\single_exp_instance.py", line 23, in <module>
    from utils.dataloader import Dataset
  File "C:\Users\fbrev\Documents\Acadêmico\Simulações\Python\NoisyGL\utils\__init__.py", line 1, in <module>
    from .dataloader import *
  File "C:\Users\fbrev\Documents\Acadêmico\Simulações\Python\NoisyGL\utils\dataloader.py", line 4, in <module>
    from torch_geometric.datasets import Planetoid, Amazon, Coauthor, WikiCS, WikipediaNetwork, WebKB, Actor, \
  File "C:\Users\fbrev\anaconda3\envs\noisygl\Lib\site-packages\torch_geometric\__init__.py", line 14, in <module>
    from .isinstance import is_torch_instance
  File "C:\Users\fbrev\anaconda3\envs\noisygl\Lib\site-packages\torch_geometric\isinstance.py", line 8, in <module>
    import torch._dynamo
  File "C:\Users\fbrev\anaconda3\envs\noisygl\Lib\site-packages\torch\_dynamo\__init__.py", line 2, in <module>
    from . import convert_frame, eval_frame, resume_execution
  File "C:\Users\fbrev\anaconda3\envs\noisygl\Lib\site-packages\torch\_dynamo\convert_frame.py", line 31, in <module>
    from torch.fx.experimental.symbolic_shapes import (
  File "C:\Users\fbrev\anaconda3\envs\noisygl\Lib\site-packages\torch\fx\experimental\symbolic_shapes.py", line 63, in <module>
    from torch.utils._sympy.functions import FloorDiv, Mod, IsNonOverlappingAndDenseIndicator
  File "C:\Users\fbrev\anaconda3\envs\noisygl\Lib\site-packages\torch\utils\_sympy\functions.py", line 1, in <module>
    import sympy
  File "C:\Users\fbrev\anaconda3\envs\noisygl\Lib\site-packages\sympy\__init__.py", line 111, in <module>
    from .series import (Order, O, limit, Limit, gruntz, series, approximants,
  File "C:\Users\fbrev\anaconda3\envs\noisygl\Lib\site-packages\sympy\series\__init__.py", line 4, in <module>
    from .limits import limit, Limit
  File "C:\Users\fbrev\anaconda3\envs\noisygl\Lib\site-packages\sympy\series\limits.py", line 1, in <module>
    from sympy.calculus.accumulationbounds import AccumBounds
  File "C:\Users\fbrev\anaconda3\envs\noisygl\Lib\site-packages\sympy\calculus\__init__.py", line 8, in <module>
    from .util import (periodicity, not_empty_in, is_convex,
  File "<frozen importlib._bootstrap>", line 1176, in _find_and_load
  File "<frozen importlib._bootstrap>", line 1147, in _find_and_load_unlocked
  File "<frozen importlib._bootstrap>", line 690, in _load_unlocked
  File "<frozen importlib._bootstrap_external>", line 936, in exec_module
  File "<frozen importlib._bootstrap_external>", line 1032, in get_code
  File "<frozen importlib._bootstrap_external>", line 1130, in get_data
KeyboardInterrupt
